--------- beginning of main
04-21 16:41:40.162 17513 17653 D ar_activity: [[2d] after update lines time=2023-04-21 16:41:40.120]
04-21 16:41:43.533 17513 17513 D ar_activity: [--- pair start --- time=2023-04-21 16:41:43.533]
04-21 16:41:43.533 17513 17513 D ar_activity: [--- pair session start --- time=2023-04-21 16:41:43.533]
04-21 16:41:43.577 17513 17513 D ar_activity: [create room: Message{namespace='', type='', content=[34 bytes]} time=2023-04-21 16:41:43.577]
04-21 16:41:43.586 17513 17513 D ar_activity: LOOKING: 2023-04-21 16:41:43.585
04-21 16:41:51.550 17513 17513 D ar_activity: [--- pair joined --- time=2023-04-21 16:41:51.550]
04-21 16:41:51.552 17513 17513 D ar_activity: PARTNER FOUND: 2023-04-21 16:41:51.552
04-21 16:41:53.561 17513 17513 D ar_activity: SET ANCHOR: 2023-04-21 16:41:53.561
04-21 16:41:55.622 17513 17513 D ar_activity: [anchor resolution changed: null time=2023-04-21 16:41:55.622]
04-21 16:41:56.613 17513 17513 D ar_activity: [--- sync ready to set anchor --- time=2023-04-21 16:41:56.613]
04-21 16:41:56.613 17513 17513 D ar_activity: [--- sync: sendSetAnchorEvent --- time=2023-04-21 16:41:56.613]
04-21 16:41:56.614 17513 17513 D ar_activity: --- start creating anchor: 2023-04-21 16:41:56.614 ---
04-21 16:41:56.614 17513 17513 D ar_activity: --- anchor: com.google.ar.core.Anchor@b49fa1a9 ---
04-21 16:41:56.614 17513 17513 D ar_activity: --- finish creating anchor: 2023-04-21 16:41:56.614 ---
04-21 16:41:56.615 17513 17513 D ar_activity: [hostAnchor start time=2023-04-21 16:41:56.615]
04-21 16:41:56.615 17513 17513 D ar_activity: [hostAnchor end time=2023-04-21 16:41:56.615]
04-21 16:41:56.618 17513 17513 D ar_activity: Start CONNECTING: 2023-04-21 16:41:56.615
04-21 16:41:56.620 17513 17653 D ar_activity: [--- anchor: onUpdate--- time=2023-04-21 16:41:56.618]
04-21 16:41:58.426 17513 17653 D ar_activity: [--- anchor: onUpdate--- time=2023-04-21 16:41:58.419]
04-21 16:42:00.099 17513 17653 D ar_activity: [--- anchor: onUpdate--- time=2023-04-21 16:42:00.092]
04-21 16:42:00.102 17513 17653 D ar_activity: [--- onAnchorHosted [HOSTED]--- time=2023-04-21 16:42:00.100]
04-21 16:42:00.123 17513 17513 D ar_activity: [anchor resolution changed: false time=2023-04-21 16:42:00.122]
04-21 16:42:56.615 17513 17513 D ar_activity: [--- pair TIMEOUT --- time=2023-04-21 16:42:56.615]
04-21 16:42:56.633 17513 17513 D ar_activity: [anchor resolution changed: true time=2023-04-21 16:42:56.633]
04-21 16:42:56.640 17513 17513 D ar_activity: [onAnchorResolutionError: null time=2023-04-21 16:42:56.640]
04-21 16:42:59.230 17513 17513 D ar_activity: SET ANCHOR: 2023-04-21 16:42:59.230
04-21 16:43:00.706 17513 17513 D ar_activity: [--- sync ready to set anchor --- time=2023-04-21 16:43:00.706]
04-21 16:43:00.729 17513 17513 D ar_activity: [anchor resolution changed: null time=2023-04-21 16:43:00.729]
04-21 16:43:03.374 17513 17513 D ar_activity: [--- sync: sendSetAnchorEvent --- time=2023-04-21 16:43:03.374]
04-21 16:43:03.374 17513 17513 D ar_activity: --- start creating anchor: 2023-04-21 16:43:03.374 ---
04-21 16:43:03.375 17513 17513 D ar_activity: --- anchor: com.google.ar.core.Anchor@b49f3529 ---
04-21 16:43:03.375 17513 17513 D ar_activity: --- finish creating anchor: 2023-04-21 16:43:03.375 ---
04-21 16:43:03.375 17513 17513 D ar_activity: [hostAnchor start time=2023-04-21 16:43:03.375]
04-21 16:43:03.375 17513 17513 D ar_activity: [hostAnchor end time=2023-04-21 16:43:03.375]
04-21 16:43:03.379 17513 17513 D ar_activity: Start CONNECTING: 2023-04-21 16:43:03.378
04-21 16:43:03.401 17513 17653 D ar_activity: [--- anchor: onUpdate--- time=2023-04-21 16:43:03.401]
04-21 16:43:03.414 17513 17513 D ar_activity: [anchor resolution changed: null time=2023-04-21 16:43:03.414]
04-21 16:43:07.018 17513 17653 D ar_activity: [--- anchor: onUpdate--- time=2023-04-21 16:43:07.017]
04-21 16:43:07.701 17513 17653 D ar_activity: [--- anchor: onUpdate--- time=2023-04-21 16:43:07.700]
04-21 16:43:07.701 17513 17653 D ar_activity: [--- onAnchorHosted [HOSTED]--- time=2023-04-21 16:43:07.701]
04-21 16:43:07.716 17513 17513 D ar_activity: [anchor resolution changed: false time=2023-04-21 16:43:07.716]
04-21 16:43:11.045 17513 17513 D ar_activity: [--- sync: finish syncing anchor --- time=2023-04-21 16:43:11.042]
04-21 16:43:11.068 17513 17513 D ar_activity: SYNCED: 2023-04-21 16:43:11.068
04-21 16:43:24.118 17513 17513 D ar_activity: [[1a start] touch screen time=2023-04-21 16:43:24.118]
04-21 16:43:24.121 17513 17653 D ar_activity: addStroke at 2023-04-21 16:43:24.121
04-21 16:43:24.122 17513 17653 D ar_activity: stroke (id: -NT_Yes8SUQwAUt5fIf_) was added at 2023-04-21 16:43:24.122
04-21 16:43:24.123 17513 17653 D ar_activity: [[1b start] setFirebaseValue stroke id=-NT_Yes8SUQwAUt5fIf_ time=2023-04-21 16:43:24.123]
04-21 16:43:24.128 17513 17653 D ar_activity: [TRACKING TransformPointToPose time=2023-04-21 16:43:24.128]
04-21 16:43:24.129 17513 17653 D ar_activity: send stroke to firebase, id=-NT_Yes8SUQwAUt5fIf_
04-21 16:43:24.130 17513 17653 D ar_activity: [[2d] after update lines time=2023-04-21 16:43:24.130]
04-21 16:43:24.133 17513 17513 D ar_activity: [[2a end - 2d start] onChildAdded stroke id=-NT_Yes8SUQwAUt5fIf_ time=2023-04-21 16:43:24.133]
04-21 16:43:24.148 17513 17653 D ar_activity: [TRACKING TransformPointToPose time=2023-04-21 16:43:24.148]
04-21 16:43:24.149 17513 17653 D ar_activity: send stroke to firebase, id=-NT_Yes8SUQwAUt5fIf_
04-21 16:43:24.149 17513 17653 D ar_activity: [[2d] after update lines time=2023-04-21 16:43:24.149]
04-21 16:43:24.168 17513 17653 D ar_activity: [TRACKING TransformPointToPose time=2023-04-21 16:43:24.168]
04-21 16:43:24.168 17513 17653 D ar_activity: send stroke to firebase, id=-NT_Yes8SUQwAUt5fIf_
04-21 16:43:24.169 17513 17653 D ar_activity: [[2d] after update lines time=2023-04-21 16:43:24.168]
04-21 16:43:24.188 17513 17653 D ar_activity: [TRACKING TransformPointToPose time=2023-04-21 16:43:24.187]
04-21 16:43:24.188 17513 17653 D ar_activity: [TRACKING TransformPointToPose time=2023-04-21 16:43:24.188]
04-21 16:43:24.188 17513 17653 D ar_activity: send stroke to firebase, id=-NT_Yes8SUQwAUt5fIf_
04-21 16:43:24.188 17513 17653 D ar_activity: [[2d] after update lines time=2023-04-21 16:43:24.188]
04-21 16:43:24.207 17513 17653 D ar_activity: [TRACKING TransformPointToPose time=2023-04-21 16:43:24.207]
04-21 16:43:24.208 17513 17653 D ar_activity: send stroke to firebase, id=-NT_Yes8SUQwAUt5fIf_
04-21 16:43:24.208 17513 17653 D ar_activity: [[2d] after update lines time=2023-04-21 16:43:24.208]
04-21 16:43:24.229 17513 17653 D ar_activity: [TRACKING TransformPointToPose time=2023-04-21 16:43:24.228]
04-21 16:43:24.229 17513 17653 D ar_activity: send stroke to firebase, id=-NT_Yes8SUQwAUt5fIf_
04-21 16:43:24.229 17513 17653 D ar_activity: [[2d] after update lines time=2023-04-21 16:43:24.229]
04-21 16:43:24.249 17513 17653 D ar_activity: [TRACKING TransformPointToPose time=2023-04-21 16:43:24.248]
04-21 16:43:24.249 17513 17653 D ar_activity: [TRACKING TransformPointToPose time=2023-04-21 16:43:24.249]
04-21 16:43:24.249 17513 17653 D ar_activity: send stroke to firebase, id=-NT_Yes8SUQwAUt5fIf_
04-21 16:43:24.250 17513 17653 D ar_activity: [[2d] after update lines time=2023-04-21 16:43:24.250]
04-21 16:43:24.271 17513 17653 D ar_activity: [TRACKING TransformPointToPose time=2023-04-21 16:43:24.271]
04-21 16:43:24.271 17513 17653 D ar_activity: [TRACKING TransformPointToPose time=2023-04-21 16:43:24.271]
04-21 16:43:24.271 17513 17653 D ar_activity: send stroke to firebase, id=-NT_Yes8SUQwAUt5fIf_
04-21 16:43:24.272 17513 17653 D ar_activity: [[2d] after update lines time=2023-04-21 16:43:24.272]
04-21 16:43:24.295 17513 17653 D ar_activity: [TRACKING TransformPointToPose time=2023-04-21 16:43:24.294]
04-21 16:43:24.295 17513 17653 D ar_activity: [TRACKING TransformPointToPose time=2023-04-21 16:43:24.295]
04-21 16:43:24.295 17513 17653 D ar_activity: send stroke to firebase, id=-NT_Yes8SUQwAUt5fIf_
04-21 16:43:24.301 17513 17653 D ar_activity: [[2d] after update lines time=2023-04-21 16:43:24.300]
04-21 16:43:24.330 17513 17653 D ar_activity: [TRACKING TransformPointToPose time=2023-04-21 16:43:24.330]
04-21 16:43:24.330 17513 17653 D ar_activity: [TRACKING TransformPointToPose time=2023-04-21 16:43:24.330]
04-21 16:43:24.331 17513 17653 D ar_activity: [TRACKING TransformPointToPose time=2023-04-21 16:43:24.330]
04-21 16:43:24.331 17513 17653 D ar_activity: send stroke to firebase, id=-NT_Yes8SUQwAUt5fIf_
04-21 16:43:24.331 17513 17653 D ar_activity: [[2d] after update lines time=2023-04-21 16:43:24.331]
04-21 16:43:24.357 17513 17653 D ar_activity: [TRACKING TransformPointToPose time=2023-04-21 16:43:24.357]
04-21 16:43:24.358 17513 17653 D ar_activity: [TRACKING TransformPointToPose time=2023-04-21 16:43:24.358]
04-21 16:43:24.359 17513 17653 D ar_activity: send stroke to firebase, id=-NT_Yes8SUQwAUt5fIf_
04-21 16:43:24.363 17513 17653 D ar_activity: [[2d] after update lines time=2023-04-21 16:43:24.361]
04-21 16:43:24.383 17513 17653 D ar_activity: [TRACKING TransformPointToPose time=2023-04-21 16:43:24.383]
04-21 16:43:24.383 17513 17653 D ar_activity: [TRACKING TransformPointToPose time=2023-04-21 16:43:24.383]
04-21 16:43:24.383 17513 17653 D ar_activity: send stroke to firebase, id=-NT_Yes8SUQwAUt5fIf_
04-21 16:43:24.384 17513 17653 D ar_activity: [[2d] after update lines time=2023-04-21 16:43:24.384]
04-21 16:43:24.387 17513 17513 D ar_activity: [[1b start] setFirebaseValue stroke id=-NT_Yes8SUQwAUt5fIf_ time=2023-04-21 16:43:24.386]
04-21 16:43:24.406 17513 17513 D ar_activity: [[2a end - 2d start] onChildChanged stroke id=-NT_Yes8SUQwAUt5fIf_ time=2023-04-21 16:43:24.406]
04-21 16:43:24.422 17513 17653 D ar_activity: [TRACKING TransformPointToPose time=2023-04-21 16:43:24.421]
04-21 16:43:24.422 17513 17653 D ar_activity: [TRACKING TransformPointToPose time=2023-04-21 16:43:24.422]
04-21 16:43:24.424 17513 17653 D ar_activity: [TRACKING TransformPointToPose time=2023-04-21 16:43:24.423]
04-21 16:43:24.424 17513 17653 D ar_activity: send stroke to firebase, id=-NT_Yes8SUQwAUt5fIf_
04-21 16:43:24.427 17513 17653 D ar_activity: [[2d] after update lines time=2023-04-21 16:43:24.426]
04-21 16:43:24.450 17513 17653 D ar_activity: [TRACKING TransformPointToPose time=2023-04-21 16:43:24.449]
04-21 16:43:24.450 17513 17653 D ar_activity: [TRACKING TransformPointToPose time=2023-04-21 16:43:24.450]
04-21 16:43:24.450 17513 17653 D ar_activity: send stroke to firebase, id=-NT_Yes8SUQwAUt5fIf_
04-21 16:43:24.450 17513 17653 D ar_activity: [[2d] after update lines time=2023-04-21 16:43:24.450]
04-21 16:43:24.470 17513 17653 D ar_activity: [TRACKING TransformPointToPose time=2023-04-21 16:43:24.470]
04-21 16:43:24.470 17513 17653 D ar_activity: [TRACKING TransformPointToPose time=2023-04-21 16:43:24.470]
04-21 16:43:24.470 17513 17653 D ar_activity: send stroke to firebase, id=-NT_Yes8SUQwAUt5fIf_
04-21 16:43:24.470 17513 17653 D ar_activity: [[2d] after update lines time=2023-04-21 16:43:24.470]
04-21 16:43:24.489 17513 17653 D ar_activity: [TRACKING TransformPointToPose time=2023-04-21 16:43:24.489]
04-21 16:43:24.489 17513 17653 D ar_activity: [TRACKING TransformPointToPose time=2023-04-21 16:43:24.489]
04-21 16:43:24.490 17513 17653 D ar_activity: send stroke to firebase, id=-NT_Yes8SUQwAUt5fIf_
04-21 16:43:24.495 17513 17513 D ar_activity: [[2a end - 2d start] onChildChanged stroke id=-NT_Yes8SUQwAUt5fIf_ time=2023-04-21 16:43:24.495]
04-21 16:43:24.498 17513 17653 D ar_activity: [[2d] after update lines time=2023-04-21 16:43:24.498]
04-21 16:43:24.521 17513 17653 D ar_activity: [TRACKING TransformPointToPose time=2023-04-21 16:43:24.521]
04-21 16:43:24.521 17513 17653 D ar_activity: [TRACKING TransformPointToPose time=2023-04-21 16:43:24.521]
04-21 16:43:24.521 17513 17653 D ar_activity: [TRACKING TransformPointToPose time=2023-04-21 16:43:24.521]
04-21 16:43:24.521 17513 17653 D ar_activity: send stroke to firebase, id=-NT_Yes8SUQwAUt5fIf_
04-21 16:43:24.522 17513 17653 D ar_activity: [[2d] after update lines time=2023-04-21 16:43:24.522]
04-21 16:43:24.541 17513 17653 D ar_activity: [TRACKING TransformPointToPose time=2023-04-21 16:43:24.541]
04-21 16:43:24.541 17513 17653 D ar_activity: send stroke to firebase, id=-NT_Yes8SUQwAUt5fIf_
04-21 16:43:24.542 17513 17653 D ar_activity: [[2d] after update lines time=2023-04-21 16:43:24.541]
04-21 16:43:24.562 17513 17653 D ar_activity: [TRACKING TransformPointToPose time=2023-04-21 16:43:24.561]
04-21 16:43:24.562 17513 17653 D ar_activity: [TRACKING TransformPointToPose time=2023-04-21 16:43:24.562]
04-21 16:43:24.562 17513 17653 D ar_activity: send stroke to firebase, id=-NT_Yes8SUQwAUt5fIf_
04-21 16:43:24.563 17513 17653 D ar_activity: [[2d] after update lines time=2023-04-21 16:43:24.563]
04-21 16:43:24.580 17513 17513 D ar_activity: [[2a end - 2d start] onChildChanged stroke id=-NT_Yes8SUQwAUt5fIf_ time=2023-04-21 16:43:24.580]
04-21 16:43:24.584 17513 17653 D ar_activity: [TRACKING TransformPointToPose time=2023-04-21 16:43:24.583]
04-21 16:43:24.584 17513 17653 D ar_activity: [TRACKING TransformPointToPose time=2023-04-21 16:43:24.584]
04-21 16:43:24.584 17513 17653 D ar_activity: send stroke to firebase, id=-NT_Yes8SUQwAUt5fIf_
04-21 16:43:24.586 17513 17653 D ar_activity: [[2d] after update lines time=2023-04-21 16:43:24.585]
04-21 16:43:24.611 17513 17653 D ar_activity: [TRACKING TransformPointToPose time=2023-04-21 16:43:24.611]
04-21 16:43:24.612 17513 17653 D ar_activity: [TRACKING TransformPointToPose time=2023-04-21 16:43:24.611]
04-21 16:43:24.612 17513 17653 D ar_activity: [TRACKING TransformPointToPose time=2023-04-21 16:43:24.612]
04-21 16:43:24.612 17513 17653 D ar_activity: send stroke to firebase, id=-NT_Yes8SUQwAUt5fIf_
04-21 16:43:24.613 17513 17653 D ar_activity: [[2d] after update lines time=2023-04-21 16:43:24.613]
04-21 16:43:24.632 17513 17653 D ar_activity: [TRACKING TransformPointToPose time=2023-04-21 16:43:24.632]
04-21 16:43:24.633 17513 17653 D ar_activity: [TRACKING TransformPointToPose time=2023-04-21 16:43:24.633]
04-21 16:43:24.633 17513 17653 D ar_activity: send stroke to firebase, id=-NT_Yes8SUQwAUt5fIf_
04-21 16:43:24.633 17513 17653 D ar_activity: [[2d] after update lines time=2023-04-21 16:43:24.633]
04-21 16:43:24.652 17513 17653 D ar_activity: [TRACKING TransformPointToPose time=2023-04-21 16:43:24.652]
04-21 16:43:24.652 17513 17653 D ar_activity: send stroke to firebase, id=-NT_Yes8SUQwAUt5fIf_
04-21 16:43:24.653 17513 17653 D ar_activity: [[2d] after update lines time=2023-04-21 16:43:24.653]
04-21 16:43:24.671 17513 17513 D ar_activity: [[2a end - 2d start] onChildChanged stroke id=-NT_Yes8SUQwAUt5fIf_ time=2023-04-21 16:43:24.671]
04-21 16:43:24.671 17513 17653 D ar_activity: [TRACKING TransformPointToPose time=2023-04-21 16:43:24.671]
04-21 16:43:24.671 17513 17653 D ar_activity: send stroke to firebase, id=-NT_Yes8SUQwAUt5fIf_
04-21 16:43:24.672 17513 17653 D ar_activity: [[2d] after update lines time=2023-04-21 16:43:24.672]
04-21 16:43:24.695 17513 17653 D ar_activity: [TRACKING TransformPointToPose time=2023-04-21 16:43:24.695]
04-21 16:43:24.698 17513 17653 D ar_activity: [TRACKING TransformPointToPose time=2023-04-21 16:43:24.698]
04-21 16:43:24.698 17513 17653 D ar_activity: send stroke to firebase, id=-NT_Yes8SUQwAUt5fIf_
04-21 16:43:24.700 17513 17653 D ar_activity: [[2d] after update lines time=2023-04-21 16:43:24.699]
04-21 16:43:24.721 17513 17653 D ar_activity: [TRACKING TransformPointToPose time=2023-04-21 16:43:24.720]
04-21 16:43:24.721 17513 17653 D ar_activity: [TRACKING TransformPointToPose time=2023-04-21 16:43:24.721]
04-21 16:43:24.721 17513 17653 D ar_activity: send stroke to firebase, id=-NT_Yes8SUQwAUt5fIf_
04-21 16:43:24.721 17513 17653 D ar_activity: [[2d] after update lines time=2023-04-21 16:43:24.721]
04-21 16:43:24.740 17513 17653 D ar_activity: [TRACKING TransformPointToPose time=2023-04-21 16:43:24.740]
04-21 16:43:24.740 17513 17653 D ar_activity: send stroke to firebase, id=-NT_Yes8SUQwAUt5fIf_
04-21 16:43:24.741 17513 17653 D ar_activity: [[2d] after update lines time=2023-04-21 16:43:24.741]
04-21 16:43:24.762 17513 17653 D ar_activity: [TRACKING TransformPointToPose time=2023-04-21 16:43:24.761]
04-21 16:43:24.762 17513 17653 D ar_activity: [TRACKING TransformPointToPose time=2023-04-21 16:43:24.762]
04-21 16:43:24.762 17513 17653 D ar_activity: send stroke to firebase, id=-NT_Yes8SUQwAUt5fIf_
04-21 16:43:24.762 17513 17653 D ar_activity: [[2d] after update lines time=2023-04-21 16:43:24.762]
04-21 16:43:24.778 17513 17513 D ar_activity: [[2a end - 2d start] onChildChanged stroke id=-NT_Yes8SUQwAUt5fIf_ time=2023-04-21 16:43:24.777]
04-21 16:43:24.781 17513 17653 D ar_activity: [TRACKING TransformPointToPose time=2023-04-21 16:43:24.781]
04-21 16:43:24.781 17513 17653 D ar_activity: [TRACKING TransformPointToPose time=2023-04-21 16:43:24.781]
04-21 16:43:24.781 17513 17653 D ar_activity: send stroke to firebase, id=-NT_Yes8SUQwAUt5fIf_
04-21 16:43:24.782 17513 17653 D ar_activity: [[2d] after update lines time=2023-04-21 16:43:24.782]
04-21 16:43:24.802 17513 17653 D ar_activity: [TRACKING TransformPointToPose time=2023-04-21 16:43:24.801]
04-21 16:43:24.802 17513 17653 D ar_activity: [TRACKING TransformPointToPose time=2023-04-21 16:43:24.802]
04-21 16:43:24.803 17513 17653 D ar_activity: send stroke to firebase, id=-NT_Yes8SUQwAUt5fIf_
04-21 16:43:24.804 17513 17653 D ar_activity: [[2d] after update lines time=2023-04-21 16:43:24.804]
04-21 16:43:24.828 17513 17653 D ar_activity: [TRACKING TransformPointToPose time=2023-04-21 16:43:24.828]
04-21 16:43:24.829 17513 17653 D ar_activity: [TRACKING TransformPointToPose time=2023-04-21 16:43:24.828]
04-21 16:43:24.829 17513 17653 D ar_activity: send stroke to firebase, id=-NT_Yes8SUQwAUt5fIf_
04-21 16:43:24.829 17513 17653 D ar_activity: [[2d] after update lines time=2023-04-21 16:43:24.829]
04-21 16:43:24.848 17513 17653 D ar_activity: [TRACKING TransformPointToPose time=2023-04-21 16:43:24.847]
04-21 16:43:24.848 17513 17653 D ar_activity: [TRACKING TransformPointToPose time=2023-04-21 16:43:24.848]
04-21 16:43:24.848 17513 17653 D ar_activity: send stroke to firebase, id=-NT_Yes8SUQwAUt5fIf_
04-21 16:43:24.848 17513 17653 D ar_activity: [[2d] after update lines time=2023-04-21 16:43:24.848]
04-21 16:43:24.868 17513 17653 D ar_activity: [TRACKING TransformPointToPose time=2023-04-21 16:43:24.868]
04-21 16:43:24.868 17513 17653 D ar_activity: [TRACKING TransformPointToPose time=2023-04-21 16:43:24.868]
04-21 16:43:24.868 17513 17653 D ar_activity: send stroke to firebase, id=-NT_Yes8SUQwAUt5fIf_
04-21 16:43:24.872 17513 17653 D ar_activity: [[2d] after update lines time=2023-04-21 16:43:24.872]
04-21 16:43:24.877 17513 17513 D ar_activity: [[2a end - 2d start] onChildChanged stroke id=-NT_Yes8SUQwAUt5fIf_ time=2023-04-21 16:43:24.873]
04-21 16:43:24.894 17513 17653 D ar_activity: [TRACKING TransformPointToPose time=2023-04-21 16:43:24.893]
04-21 16:43:24.894 17513 17653 D ar_activity: send stroke to firebase, id=-NT_Yes8SUQwAUt5fIf_
04-21 16:43:24.895 17513 17653 D ar_activity: [[2d] after update lines time=2023-04-21 16:43:24.894]
04-21 16:43:24.913 17513 17653 D ar_activity: [TRACKING TransformPointToPose time=2023-04-21 16:43:24.913]
04-21 16:43:24.914 17513 17653 D ar_activity: [TRACKING TransformPointToPose time=2023-04-21 16:43:24.914]
04-21 16:43:24.914 17513 17653 D ar_activity: send stroke to firebase, id=-NT_Yes8SUQwAUt5fIf_
04-21 16:43:24.914 17513 17653 D ar_activity: [[2d] after update lines time=2023-04-21 16:43:24.914]
04-21 16:43:24.933 17513 17653 D ar_activity: [TRACKING TransformPointToPose time=2023-04-21 16:43:24.933]
04-21 16:43:24.933 17513 17653 D ar_activity: [TRACKING TransformPointToPose time=2023-04-21 16:43:24.933]
04-21 16:43:24.933 17513 17653 D ar_activity: send stroke to firebase, id=-NT_Yes8SUQwAUt5fIf_
04-21 16:43:24.934 17513 17653 D ar_activity: [[2d] after update lines time=2023-04-21 16:43:24.934]
04-21 16:43:24.954 17513 17653 D ar_activity: [TRACKING TransformPointToPose time=2023-04-21 16:43:24.954]
04-21 16:43:24.955 17513 17653 D ar_activity: [TRACKING TransformPointToPose time=2023-04-21 16:43:24.955]
04-21 16:43:24.955 17513 17653 D ar_activity: send stroke to firebase, id=-NT_Yes8SUQwAUt5fIf_
04-21 16:43:24.958 17513 17653 D ar_activity: [[2d] after update lines time=2023-04-21 16:43:24.956]
04-21 16:43:24.960 17513 17513 D ar_activity: [[2a end - 2d start] onChildChanged stroke id=-NT_Yes8SUQwAUt5fIf_ time=2023-04-21 16:43:24.960]
04-21 16:43:24.981 17513 17653 D ar_activity: [TRACKING TransformPointToPose time=2023-04-21 16:43:24.981]
04-21 16:43:24.981 17513 17653 D ar_activity: [TRACKING TransformPointToPose time=2023-04-21 16:43:24.981]
04-21 16:43:24.981 17513 17653 D ar_activity: send stroke to firebase, id=-NT_Yes8SUQwAUt5fIf_
04-21 16:43:24.982 17513 17653 D ar_activity: [[2d] after update lines time=2023-04-21 16:43:24.982]
04-21 16:43:25.001 17513 17653 D ar_activity: [TRACKING TransformPointToPose time=2023-04-21 16:43:25.001]
04-21 16:43:25.001 17513 17653 D ar_activity: send stroke to firebase, id=-NT_Yes8SUQwAUt5fIf_
04-21 16:43:25.002 17513 17653 D ar_activity: [[2d] after update lines time=2023-04-21 16:43:25.001]
04-21 16:43:25.022 17513 17653 D ar_activity: [TRACKING TransformPointToPose time=2023-04-21 16:43:25.022]
04-21 16:43:25.023 17513 17653 D ar_activity: [TRACKING TransformPointToPose time=2023-04-21 16:43:25.022]
04-21 16:43:25.023 17513 17653 D ar_activity: [TRACKING TransformPointToPose time=2023-04-21 16:43:25.023]
04-21 16:43:25.023 17513 17653 D ar_activity: send stroke to firebase, id=-NT_Yes8SUQwAUt5fIf_
04-21 16:43:25.025 17513 17653 D ar_activity: [[2d] after update lines time=2023-04-21 16:43:25.025]
04-21 16:43:25.048 17513 17653 D ar_activity: [TRACKING TransformPointToPose time=2023-04-21 16:43:25.048]
04-21 16:43:25.049 17513 17653 D ar_activity: [TRACKING TransformPointToPose time=2023-04-21 16:43:25.048]
04-21 16:43:25.049 17513 17653 D ar_activity: send stroke to firebase, id=-NT_Yes8SUQwAUt5fIf_
04-21 16:43:25.051 17513 17653 D ar_activity: [[2d] after update lines time=2023-04-21 16:43:25.050]
04-21 16:43:25.065 17513 17513 D ar_activity: [[2a end - 2d start] onChildChanged stroke id=-NT_Yes8SUQwAUt5fIf_ time=2023-04-21 16:43:25.065]
04-21 16:43:25.071 17513 17653 D ar_activity: [TRACKING TransformPointToPose time=2023-04-21 16:43:25.071]
04-21 16:43:25.072 17513 17653 D ar_activity: [TRACKING TransformPointToPose time=2023-04-21 16:43:25.072]
04-21 16:43:25.072 17513 17653 D ar_activity: send stroke to firebase, id=-NT_Yes8SUQwAUt5fIf_
04-21 16:43:25.072 17513 17653 D ar_activity: [[2d] after update lines time=2023-04-21 16:43:25.072]
04-21 16:43:25.094 17513 17653 D ar_activity: [TRACKING TransformPointToPose time=2023-04-21 16:43:25.094]
04-21 16:43:25.095 17513 17653 D ar_activity: [TRACKING TransformPointToPose time=2023-04-21 16:43:25.095]
04-21 16:43:25.095 17513 17653 D ar_activity: send stroke to firebase, id=-NT_Yes8SUQwAUt5fIf_
04-21 16:43:25.095 17513 17653 D ar_activity: [[2d] after update lines time=2023-04-21 16:43:25.095]
04-21 16:43:25.114 17513 17653 D ar_activity: [TRACKING TransformPointToPose time=2023-04-21 16:43:25.114]
04-21 16:43:25.114 17513 17653 D ar_activity: [TRACKING TransformPointToPose time=2023-04-21 16:43:25.114]
04-21 16:43:25.114 17513 17653 D ar_activity: send stroke to firebase, id=-NT_Yes8SUQwAUt5fIf_
04-21 16:43:25.115 17513 17653 D ar_activity: [[2d] after update lines time=2023-04-21 16:43:25.115]
04-21 16:43:25.134 17513 17653 D ar_activity: [TRACKING TransformPointToPose time=2023-04-21 16:43:25.134]
04-21 16:43:25.135 17513 17653 D ar_activity: [TRACKING TransformPointToPose time=2023-04-21 16:43:25.134]
04-21 16:43:25.135 17513 17653 D ar_activity: send stroke to firebase, id=-NT_Yes8SUQwAUt5fIf_
04-21 16:43:25.135 17513 17653 D ar_activity: [[2d] after update lines time=2023-04-21 16:43:25.135]
04-21 16:43:25.147 17513 17513 D ar_activity: [[2a end - 2d start] onChildChanged stroke id=-NT_Yes8SUQwAUt5fIf_ time=2023-04-21 16:43:25.147]
04-21 16:43:25.154 17513 17653 D ar_activity: [TRACKING TransformPointToPose time=2023-04-21 16:43:25.154]
04-21 16:43:25.154 17513 17653 D ar_activity: [TRACKING TransformPointToPose time=2023-04-21 16:43:25.154]
04-21 16:43:25.154 17513 17653 D ar_activity: send stroke to firebase, id=-NT_Yes8SUQwAUt5fIf_
04-21 16:43:25.155 17513 17653 D ar_activity: [[2d] after update lines time=2023-04-21 16:43:25.155]
04-21 16:43:25.174 17513 17653 D ar_activity: [TRACKING TransformPointToPose time=2023-04-21 16:43:25.174]
04-21 16:43:25.175 17513 17653 D ar_activity: send stroke to firebase, id=-NT_Yes8SUQwAUt5fIf_
04-21 16:43:25.175 17513 17653 D ar_activity: [[2d] after update lines time=2023-04-21 16:43:25.175]
04-21 16:43:25.195 17513 17653 D ar_activity: [TRACKING TransformPointToPose time=2023-04-21 16:43:25.195]
04-21 16:43:25.195 17513 17653 D ar_activity: send stroke to firebase, id=-NT_Yes8SUQwAUt5fIf_
04-21 16:43:25.196 17513 17653 D ar_activity: [[2d] after update lines time=2023-04-21 16:43:25.196]
04-21 16:43:25.215 17513 17653 D ar_activity: [TRACKING TransformPointToPose time=2023-04-21 16:43:25.215]
04-21 16:43:25.215 17513 17653 D ar_activity: [TRACKING TransformPointToPose time=2023-04-21 16:43:25.215]
04-21 16:43:25.215 17513 17653 D ar_activity: send stroke to firebase, id=-NT_Yes8SUQwAUt5fIf_
04-21 16:43:25.216 17513 17653 D ar_activity: [[2d] after update lines time=2023-04-21 16:43:25.216]
04-21 16:43:25.233 17513 17513 D ar_activity: [[2a end - 2d start] onChildChanged stroke id=-NT_Yes8SUQwAUt5fIf_ time=2023-04-21 16:43:25.233]
04-21 16:43:25.235 17513 17653 D ar_activity: [TRACKING TransformPointToPose time=2023-04-21 16:43:25.235]
04-21 16:43:25.235 17513 17653 D ar_activity: [TRACKING TransformPointToPose time=2023-04-21 16:43:25.235]
04-21 16:43:25.235 17513 17653 D ar_activity: send stroke to firebase, id=-NT_Yes8SUQwAUt5fIf_
04-21 16:43:25.236 17513 17653 D ar_activity: [[2d] after update lines time=2023-04-21 16:43:25.236]
04-21 16:43:25.255 17513 17653 D ar_activity: [TRACKING TransformPointToPose time=2023-04-21 16:43:25.255]
04-21 16:43:25.255 17513 17653 D ar_activity: [TRACKING TransformPointToPose time=2023-04-21 16:43:25.255]
04-21 16:43:25.255 17513 17653 D ar_activity: send stroke to firebase, id=-NT_Yes8SUQwAUt5fIf_
04-21 16:43:25.256 17513 17653 D ar_activity: [[2d] after update lines time=2023-04-21 16:43:25.256]
04-21 16:43:25.276 17513 17653 D ar_activity: [TRACKING TransformPointToPose time=2023-04-21 16:43:25.276]
04-21 16:43:25.277 17513 17653 D ar_activity: [TRACKING TransformPointToPose time=2023-04-21 16:43:25.277]
04-21 16:43:25.277 17513 17653 D ar_activity: send stroke to firebase, id=-NT_Yes8SUQwAUt5fIf_
04-21 16:43:25.277 17513 17653 D ar_activity: [[2d] after update lines time=2023-04-21 16:43:25.277]
04-21 16:43:25.297 17513 17653 D ar_activity: [TRACKING TransformPointToPose time=2023-04-21 16:43:25.296]
04-21 16:43:25.297 17513 17653 D ar_activity: send stroke to firebase, id=-NT_Yes8SUQwAUt5fIf_
04-21 16:43:25.298 17513 17653 D ar_activity: [[2d] after update lines time=2023-04-21 16:43:25.298]
04-21 16:43:25.324 17513 17653 D ar_activity: [TRACKING TransformPointToPose time=2023-04-21 16:43:25.323]
04-21 16:43:25.324 17513 17653 D ar_activity: [TRACKING TransformPointToPose time=2023-04-21 16:43:25.324]
04-21 16:43:25.324 17513 17653 D ar_activity: send stroke to firebase, id=-NT_Yes8SUQwAUt5fIf_
04-21 16:43:25.327 17513 17653 D ar_activity: [[2d] after update lines time=2023-04-21 16:43:25.325]
04-21 16:43:25.334 17513 17513 D ar_activity: [[2a end - 2d start] onChildChanged stroke id=-NT_Yes8SUQwAUt5fIf_ time=2023-04-21 16:43:25.334]
04-21 16:43:25.346 17513 17653 D ar_activity: [TRACKING TransformPointToPose time=2023-04-21 16:43:25.346]
04-21 16:43:25.346 17513 17653 D ar_activity: [TRACKING TransformPointToPose time=2023-04-21 16:43:25.346]
04-21 16:43:25.346 17513 17653 D ar_activity: send stroke to firebase, id=-NT_Yes8SUQwAUt5fIf_
04-21 16:43:25.347 17513 17653 D ar_activity: [[2d] after update lines time=2023-04-21 16:43:25.347]
04-21 16:43:25.365 17513 17653 D ar_activity: [TRACKING TransformPointToPose time=2023-04-21 16:43:25.365]
04-21 16:43:25.365 17513 17653 D ar_activity: [TRACKING TransformPointToPose time=2023-04-21 16:43:25.365]
04-21 16:43:25.365 17513 17653 D ar_activity: send stroke to firebase, id=-NT_Yes8SUQwAUt5fIf_
04-21 16:43:25.366 17513 17653 D ar_activity: [[2d] after update lines time=2023-04-21 16:43:25.366]
04-21 16:43:25.387 17513 17653 D ar_activity: [TRACKING TransformPointToPose time=2023-04-21 16:43:25.387]
04-21 16:43:25.387 17513 17653 D ar_activity: [TRACKING TransformPointToPose time=2023-04-21 16:43:25.387]
04-21 16:43:25.387 17513 17653 D ar_activity: send stroke to firebase, id=-NT_Yes8SUQwAUt5fIf_
04-21 16:43:25.387 17513 17653 D ar_activity: [[2d] after update lines time=2023-04-21 16:43:25.387]
04-21 16:43:25.407 17513 17653 D ar_activity: [TRACKING TransformPointToPose time=2023-04-21 16:43:25.407]
04-21 16:43:25.407 17513 17653 D ar_activity: send stroke to firebase, id=-NT_Yes8SUQwAUt5fIf_
04-21 16:43:25.408 17513 17653 D ar_activity: [[2d] after update lines time=2023-04-21 16:43:25.407]
04-21 16:43:25.431 17513 17513 D ar_activity: [[2a end - 2d start] onChildChanged stroke id=-NT_Yes8SUQwAUt5fIf_ time=2023-04-21 16:43:25.430]
04-21 16:43:25.436 17513 17653 D ar_activity: [TRACKING TransformPointToPose time=2023-04-21 16:43:25.436]
04-21 16:43:25.437 17513 17653 D ar_activity: [TRACKING TransformPointToPose time=2023-04-21 16:43:25.436]
04-21 16:43:25.437 17513 17653 D ar_activity: send stroke to firebase, id=-NT_Yes8SUQwAUt5fIf_
04-21 16:43:25.437 17513 17653 D ar_activity: [[2d] after update lines time=2023-04-21 16:43:25.437]
04-21 16:43:25.463 17513 17653 D ar_activity: [TRACKING TransformPointToPose time=2023-04-21 16:43:25.461]
04-21 16:43:25.465 17513 17653 D ar_activity: [TRACKING TransformPointToPose time=2023-04-21 16:43:25.464]
04-21 16:43:25.465 17513 17653 D ar_activity: send stroke to firebase, id=-NT_Yes8SUQwAUt5fIf_
04-21 16:43:25.468 17513 17653 D ar_activity: [[2d] after update lines time=2023-04-21 16:43:25.466]
04-21 16:43:25.489 17513 17653 D ar_activity: [TRACKING TransformPointToPose time=2023-04-21 16:43:25.488]
04-21 16:43:25.489 17513 17653 D ar_activity: [TRACKING TransformPointToPose time=2023-04-21 16:43:25.489]
04-21 16:43:25.489 17513 17653 D ar_activity: send stroke to firebase, id=-NT_Yes8SUQwAUt5fIf_
04-21 16:43:25.489 17513 17653 D ar_activity: [[2d] after update lines time=2023-04-21 16:43:25.489]
04-21 16:43:25.510 17513 17653 D ar_activity: [TRACKING TransformPointToPose time=2023-04-21 16:43:25.510]
04-21 16:43:25.510 17513 17653 D ar_activity: [TRACKING TransformPointToPose time=2023-04-21 16:43:25.510]
04-21 16:43:25.510 17513 17653 D ar_activity: send stroke to firebase, id=-NT_Yes8SUQwAUt5fIf_
04-21 16:43:25.511 17513 17653 D ar_activity: [[2d] after update lines time=2023-04-21 16:43:25.511]
04-21 16:43:25.531 17513 17653 D ar_activity: [TRACKING TransformPointToPose time=2023-04-21 16:43:25.531]
04-21 16:43:25.531 17513 17653 D ar_activity: [TRACKING TransformPointToPose time=2023-04-21 16:43:25.531]
04-21 16:43:25.531 17513 17653 D ar_activity: send stroke to firebase, id=-NT_Yes8SUQwAUt5fIf_
04-21 16:43:25.531 17513 17653 D ar_activity: [[2d] after update lines time=2023-04-21 16:43:25.531]
04-21 16:43:25.547 17513 17513 D ar_activity: [[2a end - 2d start] onChildChanged stroke id=-NT_Yes8SUQwAUt5fIf_ time=2023-04-21 16:43:25.547]
04-21 16:43:25.551 17513 17653 D ar_activity: [TRACKING TransformPointToPose time=2023-04-21 16:43:25.550]
04-21 16:43:25.551 17513 17653 D ar_activity: send stroke to firebase, id=-NT_Yes8SUQwAUt5fIf_
04-21 16:43:25.551 17513 17653 D ar_activity: [[2d] after update lines time=2023-04-21 16:43:25.551]
04-21 16:43:25.571 17513 17653 D ar_activity: [TRACKING TransformPointToPose time=2023-04-21 16:43:25.570]
04-21 16:43:25.571 17513 17653 D ar_activity: [TRACKING TransformPointToPose time=2023-04-21 16:43:25.571]
04-21 16:43:25.571 17513 17653 D ar_activity: send stroke to firebase, id=-NT_Yes8SUQwAUt5fIf_
04-21 16:43:25.571 17513 17653 D ar_activity: [[2d] after update lines time=2023-04-21 16:43:25.571]
04-21 16:43:25.591 17513 17653 D ar_activity: [TRACKING TransformPointToPose time=2023-04-21 16:43:25.591]
04-21 16:43:25.594 17513 17653 D ar_activity: [TRACKING TransformPointToPose time=2023-04-21 16:43:25.594]
04-21 16:43:25.594 17513 17653 D ar_activity: send stroke to firebase, id=-NT_Yes8SUQwAUt5fIf_
04-21 16:43:25.595 17513 17653 D ar_activity: [[2d] after update lines time=2023-04-21 16:43:25.595]
04-21 16:43:25.614 17513 17653 D ar_activity: [TRACKING TransformPointToPose time=2023-04-21 16:43:25.614]
04-21 16:43:25.614 17513 17653 D ar_activity: [TRACKING TransformPointToPose time=2023-04-21 16:43:25.614]
04-21 16:43:25.614 17513 17653 D ar_activity: send stroke to firebase, id=-NT_Yes8SUQwAUt5fIf_
04-21 16:43:25.615 17513 17653 D ar_activity: [[2d] after update lines time=2023-04-21 16:43:25.615]
04-21 16:43:25.633 17513 17653 D ar_activity: [TRACKING TransformPointToPose time=2023-04-21 16:43:25.633]
04-21 16:43:25.634 17513 17653 D ar_activity: [TRACKING TransformPointToPose time=2023-04-21 16:43:25.634]
04-21 16:43:25.634 17513 17653 D ar_activity: send stroke to firebase, id=-NT_Yes8SUQwAUt5fIf_
04-21 16:43:25.636 17513 17513 D ar_activity: [[2a end - 2d start] onChildChanged stroke id=-NT_Yes8SUQwAUt5fIf_ time=2023-04-21 16:43:25.636]
04-21 16:43:25.637 17513 17653 D ar_activity: [[2d] after update lines time=2023-04-21 16:43:25.637]
04-21 16:43:25.656 17513 17653 D ar_activity: [TRACKING TransformPointToPose time=2023-04-21 16:43:25.655]
04-21 16:43:25.656 17513 17653 D ar_activity: [TRACKING TransformPointToPose time=2023-04-21 16:43:25.656]
04-21 16:43:25.656 17513 17653 D ar_activity: send stroke to firebase, id=-NT_Yes8SUQwAUt5fIf_
04-21 16:43:25.656 17513 17653 D ar_activity: [[2d] after update lines time=2023-04-21 16:43:25.656]
04-21 16:43:25.676 17513 17653 D ar_activity: [TRACKING TransformPointToPose time=2023-04-21 16:43:25.676]
04-21 16:43:25.676 17513 17653 D ar_activity: [TRACKING TransformPointToPose time=2023-04-21 16:43:25.676]
04-21 16:43:25.677 17513 17653 D ar_activity: send stroke to firebase, id=-NT_Yes8SUQwAUt5fIf_
04-21 16:43:25.677 17513 17653 D ar_activity: [[2d] after update lines time=2023-04-21 16:43:25.677]
04-21 16:43:25.696 17513 17653 D ar_activity: [TRACKING TransformPointToPose time=2023-04-21 16:43:25.696]
04-21 16:43:25.697 17513 17653 D ar_activity: send stroke to firebase, id=-NT_Yes8SUQwAUt5fIf_
04-21 16:43:25.697 17513 17653 D ar_activity: [[2d] after update lines time=2023-04-21 16:43:25.697]
04-21 16:43:25.716 17513 17653 D ar_activity: [TRACKING TransformPointToPose time=2023-04-21 16:43:25.716]
04-21 16:43:25.716 17513 17653 D ar_activity: [TRACKING TransformPointToPose time=2023-04-21 16:43:25.716]
04-21 16:43:25.716 17513 17653 D ar_activity: send stroke to firebase, id=-NT_Yes8SUQwAUt5fIf_
04-21 16:43:25.717 17513 17653 D ar_activity: [[2d] after update lines time=2023-04-21 16:43:25.717]
04-21 16:43:25.730 17513 17513 D ar_activity: [[2a end - 2d start] onChildChanged stroke id=-NT_Yes8SUQwAUt5fIf_ time=2023-04-21 16:43:25.729]
04-21 16:43:25.736 17513 17653 D ar_activity: [TRACKING TransformPointToPose time=2023-04-21 16:43:25.736]
04-21 16:43:25.736 17513 17653 D ar_activity: [TRACKING TransformPointToPose time=2023-04-21 16:43:25.736]
04-21 16:43:25.736 17513 17653 D ar_activity: send stroke to firebase, id=-NT_Yes8SUQwAUt5fIf_
04-21 16:43:25.737 17513 17653 D ar_activity: [[2d] after update lines time=2023-04-21 16:43:25.737]
04-21 16:43:25.755 17513 17653 D ar_activity: [TRACKING TransformPointToPose time=2023-04-21 16:43:25.755]
04-21 16:43:25.755 17513 17653 D ar_activity: [TRACKING TransformPointToPose time=2023-04-21 16:43:25.755]
04-21 16:43:25.755 17513 17653 D ar_activity: send stroke to firebase, id=-NT_Yes8SUQwAUt5fIf_
04-21 16:43:25.756 17513 17653 D ar_activity: [[2d] after update lines time=2023-04-21 16:43:25.756]
04-21 16:43:25.776 17513 17653 D ar_activity: [TRACKING TransformPointToPose time=2023-04-21 16:43:25.776]
04-21 16:43:25.776 17513 17653 D ar_activity: [TRACKING TransformPointToPose time=2023-04-21 16:43:25.776]
04-21 16:43:25.776 17513 17653 D ar_activity: send stroke to firebase, id=-NT_Yes8SUQwAUt5fIf_
04-21 16:43:25.777 17513 17653 D ar_activity: [[2d] after update lines time=2023-04-21 16:43:25.777]
04-21 16:43:25.796 17513 17653 D ar_activity: [TRACKING TransformPointToPose time=2023-04-21 16:43:25.796]
04-21 16:43:25.797 17513 17653 D ar_activity: [TRACKING TransformPointToPose time=2023-04-21 16:43:25.797]
04-21 16:43:25.797 17513 17653 D ar_activity: send stroke to firebase, id=-NT_Yes8SUQwAUt5fIf_
04-21 16:43:25.799 17513 17653 D ar_activity: [[2d] after update lines time=2023-04-21 16:43:25.797]
04-21 16:43:25.818 17513 17653 D ar_activity: [TRACKING TransformPointToPose time=2023-04-21 16:43:25.818]
04-21 16:43:25.819 17513 17653 D ar_activity: send stroke to firebase, id=-NT_Yes8SUQwAUt5fIf_
04-21 16:43:25.821 17513 17653 D ar_activity: [[2d] after update lines time=2023-04-21 16:43:25.820]
04-21 16:43:25.834 17513 17513 D ar_activity: [[2a end - 2d start] onChildChanged stroke id=-NT_Yes8SUQwAUt5fIf_ time=2023-04-21 16:43:25.833]
04-21 16:43:25.840 17513 17653 D ar_activity: [TRACKING TransformPointToPose time=2023-04-21 16:43:25.839]
04-21 16:43:25.850 17513 17653 D ar_activity: send stroke to firebase, id=-NT_Yes8SUQwAUt5fIf_
04-21 16:43:25.851 17513 17653 D ar_activity: [[2d] after update lines time=2023-04-21 16:43:25.850]
04-21 16:43:25.870 17513 17653 D ar_activity: [TRACKING TransformPointToPose time=2023-04-21 16:43:25.869]
04-21 16:43:25.870 17513 17653 D ar_activity: [TRACKING TransformPointToPose time=2023-04-21 16:43:25.870]
04-21 16:43:25.870 17513 17653 D ar_activity: send stroke to firebase, id=-NT_Yes8SUQwAUt5fIf_
04-21 16:43:25.871 17513 17653 D ar_activity: [[2d] after update lines time=2023-04-21 16:43:25.870]
04-21 16:43:25.890 17513 17653 D ar_activity: [TRACKING TransformPointToPose time=2023-04-21 16:43:25.890]
04-21 16:43:25.890 17513 17653 D ar_activity: [TRACKING TransformPointToPose time=2023-04-21 16:43:25.890]
04-21 16:43:25.891 17513 17653 D ar_activity: send stroke to firebase, id=-NT_Yes8SUQwAUt5fIf_
04-21 16:43:25.892 17513 17653 D ar_activity: [[2d] after update lines time=2023-04-21 16:43:25.892]
04-21 16:43:25.913 17513 17653 D ar_activity: [TRACKING TransformPointToPose time=2023-04-21 16:43:25.913]
04-21 16:43:25.913 17513 17653 D ar_activity: [TRACKING TransformPointToPose time=2023-04-21 16:43:25.913]
04-21 16:43:25.913 17513 17653 D ar_activity: send stroke to firebase, id=-NT_Yes8SUQwAUt5fIf_
04-21 16:43:25.914 17513 17653 D ar_activity: [[2d] after update lines time=2023-04-21 16:43:25.914]
04-21 16:43:25.934 17513 17653 D ar_activity: [TRACKING TransformPointToPose time=2023-04-21 16:43:25.933]
04-21 16:43:25.934 17513 17653 D ar_activity: [TRACKING TransformPointToPose time=2023-04-21 16:43:25.934]
04-21 16:43:25.934 17513 17653 D ar_activity: send stroke to firebase, id=-NT_Yes8SUQwAUt5fIf_
04-21 16:43:25.937 17513 17513 D ar_activity: [[2a end - 2d start] onChildChanged stroke id=-NT_Yes8SUQwAUt5fIf_ time=2023-04-21 16:43:25.937]
04-21 16:43:25.943 17513 17653 D ar_activity: [[2d] after update lines time=2023-04-21 16:43:25.942]
04-21 16:43:25.962 17513 17653 D ar_activity: [TRACKING TransformPointToPose time=2023-04-21 16:43:25.962]
04-21 16:43:25.962 17513 17653 D ar_activity: [TRACKING TransformPointToPose time=2023-04-21 16:43:25.962]
04-21 16:43:25.963 17513 17653 D ar_activity: send stroke to firebase, id=-NT_Yes8SUQwAUt5fIf_
04-21 16:43:25.963 17513 17653 D ar_activity: [[2d] after update lines time=2023-04-21 16:43:25.963]
04-21 16:43:25.982 17513 17653 D ar_activity: [TRACKING TransformPointToPose time=2023-04-21 16:43:25.982]
04-21 16:43:25.982 17513 17653 D ar_activity: send stroke to firebase, id=-NT_Yes8SUQwAUt5fIf_
04-21 16:43:25.982 17513 17653 D ar_activity: [[2d] after update lines time=2023-04-21 16:43:25.982]
04-21 16:43:26.001 17513 17653 D ar_activity: [TRACKING TransformPointToPose time=2023-04-21 16:43:26.001]
04-21 16:43:26.001 17513 17653 D ar_activity: [TRACKING TransformPointToPose time=2023-04-21 16:43:26.001]
04-21 16:43:26.002 17513 17653 D ar_activity: send stroke to firebase, id=-NT_Yes8SUQwAUt5fIf_
04-21 16:43:26.002 17513 17653 D ar_activity: [[2d] after update lines time=2023-04-21 16:43:26.002]
04-21 16:43:26.021 17513 17653 D ar_activity: [TRACKING TransformPointToPose time=2023-04-21 16:43:26.021]
04-21 16:43:26.021 17513 17653 D ar_activity: [TRACKING TransformPointToPose time=2023-04-21 16:43:26.021]
04-21 16:43:26.021 17513 17653 D ar_activity: send stroke to firebase, id=-NT_Yes8SUQwAUt5fIf_
04-21 16:43:26.022 17513 17653 D ar_activity: [[2d] after update lines time=2023-04-21 16:43:26.022]
04-21 16:43:26.041 17513 17653 D ar_activity: [TRACKING TransformPointToPose time=2023-04-21 16:43:26.040]
04-21 16:43:26.041 17513 17653 D ar_activity: [TRACKING TransformPointToPose time=2023-04-21 16:43:26.041]
04-21 16:43:26.041 17513 17653 D ar_activity: send stroke to firebase, id=-NT_Yes8SUQwAUt5fIf_
04-21 16:43:26.042 17513 17653 D ar_activity: [[2d] after update lines time=2023-04-21 16:43:26.041]
04-21 16:43:26.065 17513 17513 D ar_activity: [[2a end - 2d start] onChildChanged stroke id=-NT_Yes8SUQwAUt5fIf_ time=2023-04-21 16:43:26.064]
04-21 16:43:26.065 17513 17653 D ar_activity: [TRACKING TransformPointToPose time=2023-04-21 16:43:26.064]
04-21 16:43:26.066 17513 17653 D ar_activity: [TRACKING TransformPointToPose time=2023-04-21 16:43:26.065]
04-21 16:43:26.066 17513 17653 D ar_activity: send stroke to firebase, id=-NT_Yes8SUQwAUt5fIf_
04-21 16:43:26.069 17513 17653 D ar_activity: [[2d] after update lines time=2023-04-21 16:43:26.067]
04-21 16:43:26.096 17513 17653 D ar_activity: [TRACKING TransformPointToPose time=2023-04-21 16:43:26.095]
04-21 16:43:26.096 17513 17653 D ar_activity: [TRACKING TransformPointToPose time=2023-04-21 16:43:26.096]
04-21 16:43:26.096 17513 17653 D ar_activity: send stroke to firebase, id=-NT_Yes8SUQwAUt5fIf_
04-21 16:43:26.098 17513 17653 D ar_activity: [[2d] after update lines time=2023-04-21 16:43:26.097]
04-21 16:43:26.117 17513 17653 D ar_activity: [TRACKING TransformPointToPose time=2023-04-21 16:43:26.117]
04-21 16:43:26.117 17513 17653 D ar_activity: [TRACKING TransformPointToPose time=2023-04-21 16:43:26.117]
04-21 16:43:26.117 17513 17653 D ar_activity: send stroke to firebase, id=-NT_Yes8SUQwAUt5fIf_
04-21 16:43:26.118 17513 17653 D ar_activity: [[2d] after update lines time=2023-04-21 16:43:26.118]
04-21 16:43:26.137 17513 17653 D ar_activity: [TRACKING TransformPointToPose time=2023-04-21 16:43:26.137]
04-21 16:43:26.137 17513 17653 D ar_activity: [TRACKING TransformPointToPose time=2023-04-21 16:43:26.137]
04-21 16:43:26.137 17513 17653 D ar_activity: send stroke to firebase, id=-NT_Yes8SUQwAUt5fIf_
04-21 16:43:26.138 17513 17653 D ar_activity: [[2d] after update lines time=2023-04-21 16:43:26.137]
04-21 16:43:26.154 17513 17513 D ar_activity: [[2a end - 2d start] onChildChanged stroke id=-NT_Yes8SUQwAUt5fIf_ time=2023-04-21 16:43:26.153]
04-21 16:43:26.156 17513 17653 D ar_activity: [TRACKING TransformPointToPose time=2023-04-21 16:43:26.156]
04-21 16:43:26.156 17513 17653 D ar_activity: [TRACKING TransformPointToPose time=2023-04-21 16:43:26.156]
04-21 16:43:26.156 17513 17653 D ar_activity: send stroke to firebase, id=-NT_Yes8SUQwAUt5fIf_
04-21 16:43:26.157 17513 17653 D ar_activity: [[2d] after update lines time=2023-04-21 16:43:26.157]
04-21 16:43:26.179 17513 17653 D ar_activity: [TRACKING TransformPointToPose time=2023-04-21 16:43:26.179]
04-21 16:43:26.180 17513 17653 D ar_activity: [TRACKING TransformPointToPose time=2023-04-21 16:43:26.180]
04-21 16:43:26.180 17513 17653 D ar_activity: send stroke to firebase, id=-NT_Yes8SUQwAUt5fIf_
04-21 16:43:26.180 17513 17653 D ar_activity: [[2d] after update lines time=2023-04-21 16:43:26.180]
04-21 16:43:26.199 17513 17653 D ar_activity: [TRACKING TransformPointToPose time=2023-04-21 16:43:26.199]
04-21 16:43:26.199 17513 17653 D ar_activity: [TRACKING TransformPointToPose time=2023-04-21 16:43:26.199]
04-21 16:43:26.199 17513 17653 D ar_activity: send stroke to firebase, id=-NT_Yes8SUQwAUt5fIf_
04-21 16:43:26.200 17513 17653 D ar_activity: [[2d] after update lines time=2023-04-21 16:43:26.200]
04-21 16:43:26.221 17513 17653 D ar_activity: [TRACKING TransformPointToPose time=2023-04-21 16:43:26.220]
04-21 16:43:26.221 17513 17653 D ar_activity: [TRACKING TransformPointToPose time=2023-04-21 16:43:26.221]
04-21 16:43:26.221 17513 17653 D ar_activity: send stroke to firebase, id=-NT_Yes8SUQwAUt5fIf_
04-21 16:43:26.222 17513 17653 D ar_activity: [[2d] after update lines time=2023-04-21 16:43:26.221]
04-21 16:43:26.234 17513 17513 D ar_activity: [[2a end - 2d start] onChildChanged stroke id=-NT_Yes8SUQwAUt5fIf_ time=2023-04-21 16:43:26.234]
04-21 16:43:26.242 17513 17653 D ar_activity: [TRACKING TransformPointToPose time=2023-04-21 16:43:26.242]
04-21 16:43:26.242 17513 17653 D ar_activity: [TRACKING TransformPointToPose time=2023-04-21 16:43:26.242]
04-21 16:43:26.242 17513 17653 D ar_activity: send stroke to firebase, id=-NT_Yes8SUQwAUt5fIf_
04-21 16:43:26.243 17513 17653 D ar_activity: [[2d] after update lines time=2023-04-21 16:43:26.243]
04-21 16:43:26.262 17513 17653 D ar_activity: [TRACKING TransformPointToPose time=2023-04-21 16:43:26.262]
04-21 16:43:26.262 17513 17653 D ar_activity: [TRACKING TransformPointToPose time=2023-04-21 16:43:26.262]
04-21 16:43:26.262 17513 17653 D ar_activity: send stroke to firebase, id=-NT_Yes8SUQwAUt5fIf_
04-21 16:43:26.263 17513 17653 D ar_activity: [[2d] after update lines time=2023-04-21 16:43:26.263]
04-21 16:43:26.282 17513 17653 D ar_activity: [TRACKING TransformPointToPose time=2023-04-21 16:43:26.282]
04-21 16:43:26.282 17513 17653 D ar_activity: send stroke to firebase, id=-NT_Yes8SUQwAUt5fIf_
04-21 16:43:26.283 17513 17653 D ar_activity: [[2d] after update lines time=2023-04-21 16:43:26.283]
04-21 16:43:26.308 17513 17653 D ar_activity: [TRACKING TransformPointToPose time=2023-04-21 16:43:26.307]
04-21 16:43:26.308 17513 17653 D ar_activity: [TRACKING TransformPointToPose time=2023-04-21 16:43:26.308]
04-21 16:43:26.309 17513 17653 D ar_activity: [TRACKING TransformPointToPose time=2023-04-21 16:43:26.309]
04-21 16:43:26.310 17513 17653 D ar_activity: send stroke to firebase, id=-NT_Yes8SUQwAUt5fIf_
04-21 16:43:26.312 17513 17653 D ar_activity: [[2d] after update lines time=2023-04-21 16:43:26.311]
04-21 16:43:26.332 17513 17653 D ar_activity: [TRACKING TransformPointToPose time=2023-04-21 16:43:26.332]
04-21 16:43:26.332 17513 17513 D ar_activity: [[2a end - 2d start] onChildChanged stroke id=-NT_Yes8SUQwAUt5fIf_ time=2023-04-21 16:43:26.332]
04-21 16:43:26.333 17513 17653 D ar_activity: [TRACKING TransformPointToPose time=2023-04-21 16:43:26.333]
04-21 16:43:26.333 17513 17653 D ar_activity: send stroke to firebase, id=-NT_Yes8SUQwAUt5fIf_
04-21 16:43:26.334 17513 17653 D ar_activity: [[2d] after update lines time=2023-04-21 16:43:26.333]
04-21 16:43:26.354 17513 17653 D ar_activity: [TRACKING TransformPointToPose time=2023-04-21 16:43:26.354]
04-21 16:43:26.355 17513 17653 D ar_activity: [TRACKING TransformPointToPose time=2023-04-21 16:43:26.354]
04-21 16:43:26.355 17513 17653 D ar_activity: send stroke to firebase, id=-NT_Yes8SUQwAUt5fIf_
04-21 16:43:26.355 17513 17653 D ar_activity: [[2d] after update lines time=2023-04-21 16:43:26.355]
04-21 16:43:26.374 17513 17653 D ar_activity: [TRACKING TransformPointToPose time=2023-04-21 16:43:26.374]
04-21 16:43:26.375 17513 17653 D ar_activity: [TRACKING TransformPointToPose time=2023-04-21 16:43:26.374]
04-21 16:43:26.375 17513 17653 D ar_activity: send stroke to firebase, id=-NT_Yes8SUQwAUt5fIf_
04-21 16:43:26.375 17513 17653 D ar_activity: [[2d] after update lines time=2023-04-21 16:43:26.375]
04-21 16:43:26.396 17513 17653 D ar_activity: [TRACKING TransformPointToPose time=2023-04-21 16:43:26.396]
04-21 16:43:26.396 17513 17653 D ar_activity: [TRACKING TransformPointToPose time=2023-04-21 16:43:26.396]
04-21 16:43:26.396 17513 17653 D ar_activity: send stroke to firebase, id=-NT_Yes8SUQwAUt5fIf_
04-21 16:43:26.397 17513 17653 D ar_activity: [[2d] after update lines time=2023-04-21 16:43:26.397]
04-21 16:43:26.411 17513 17513 D ar_activity: [[2a end - 2d start] onChildChanged stroke id=-NT_Yes8SUQwAUt5fIf_ time=2023-04-21 16:43:26.411]
04-21 16:43:26.415 17513 17653 D ar_activity: [TRACKING TransformPointToPose time=2023-04-21 16:43:26.415]
04-21 16:43:26.415 17513 17653 D ar_activity: send stroke to firebase, id=-NT_Yes8SUQwAUt5fIf_
04-21 16:43:26.416 17513 17653 D ar_activity: [[2d] after update lines time=2023-04-21 16:43:26.416]
04-21 16:43:26.436 17513 17653 D ar_activity: [TRACKING TransformPointToPose time=2023-04-21 16:43:26.436]
04-21 16:43:26.436 17513 17653 D ar_activity: [TRACKING TransformPointToPose time=2023-04-21 16:43:26.436]
04-21 16:43:26.437 17513 17653 D ar_activity: send stroke to firebase, id=-NT_Yes8SUQwAUt5fIf_
04-21 16:43:26.437 17513 17653 D ar_activity: [[2d] after update lines time=2023-04-21 16:43:26.437]
04-21 16:43:26.456 17513 17653 D ar_activity: [TRACKING TransformPointToPose time=2023-04-21 16:43:26.456]
04-21 16:43:26.456 17513 17653 D ar_activity: [TRACKING TransformPointToPose time=2023-04-21 16:43:26.456]
04-21 16:43:26.456 17513 17653 D ar_activity: send stroke to firebase, id=-NT_Yes8SUQwAUt5fIf_
04-21 16:43:26.457 17513 17653 D ar_activity: [[2d] after update lines time=2023-04-21 16:43:26.457]
