--------- beginning of main
04-21 17:20:44.046 31216 31350 D ar_activity: [[2d] after update lines time=2023-04-21 17:20:44.010]
04-21 17:20:45.191 31216 31216 D ar_activity: [[1a start] touch screen time=2023-04-21 17:20:45.191]
04-21 17:20:45.196 31216 31350 D ar_activity: addStroke at 2023-04-21 17:20:45.196
04-21 17:20:45.198 31216 31350 D ar_activity: send stroke to firebase, id=null
04-21 17:20:45.203 31216 31350 D ar_activity: [[2d] after update lines time=2023-04-21 17:20:45.202]
04-21 17:20:45.221 31216 31350 D ar_activity: send stroke to firebase, id=null
04-21 17:20:45.222 31216 31350 D ar_activity: [[2d] after update lines time=2023-04-21 17:20:45.221]
04-21 17:20:45.247 31216 31350 D ar_activity: send stroke to firebase, id=null
04-21 17:20:45.251 31216 31350 D ar_activity: [[2d] after update lines time=2023-04-21 17:20:45.248]
04-21 17:20:45.274 31216 31350 D ar_activity: send stroke to firebase, id=null
04-21 17:20:45.276 31216 31350 D ar_activity: [[2d] after update lines time=2023-04-21 17:20:45.275]
04-21 17:20:45.305 31216 31350 D ar_activity: send stroke to firebase, id=null
04-21 17:20:45.307 31216 31350 D ar_activity: [[2d] after update lines time=2023-04-21 17:20:45.306]
04-21 17:20:45.327 31216 31350 D ar_activity: send stroke to firebase, id=null
04-21 17:20:45.328 31216 31350 D ar_activity: [[2d] after update lines time=2023-04-21 17:20:45.328]
04-21 17:20:47.128 31216 31216 D ar_activity: [--- pair start --- time=2023-04-21 17:20:47.127]
04-21 17:20:47.128 31216 31216 D ar_activity: [--- pair session start --- time=2023-04-21 17:20:47.128]
04-21 17:20:47.156 31216 31216 D ar_activity: [create room: Message{namespace='', type='', content=[34 bytes]} time=2023-04-21 17:20:47.156]
04-21 17:20:47.167 31216 31216 D ar_activity: LOOKING: 2023-04-21 17:20:47.166
04-21 17:20:51.495 31216 31216 D ar_activity: [--- pair joined --- time=2023-04-21 17:20:51.494]
04-21 17:20:51.500 31216 31216 D ar_activity: PARTNER FOUND: 2023-04-21 17:20:51.500
04-21 17:20:53.508 31216 31216 D ar_activity: SET ANCHOR: 2023-04-21 17:20:53.505
04-21 17:20:54.562 31216 31216 D ar_activity: [--- sync ready to set anchor --- time=2023-04-21 17:20:54.562]
04-21 17:20:54.791 31216 31216 D ar_activity: [--- sync: sendSetAnchorEvent --- time=2023-04-21 17:20:54.790]
04-21 17:20:54.793 31216 31216 D ar_activity: --- start creating anchor: 2023-04-21 17:20:54.793 ---
04-21 17:20:54.795 31216 31216 D ar_activity: --- anchor: com.google.ar.core.Anchor@b49ec789 ---
04-21 17:20:54.795 31216 31216 D ar_activity: --- finish creating anchor: 2023-04-21 17:20:54.795 ---
04-21 17:20:54.796 31216 31216 D ar_activity: stroke (id: -NT_gFMjqo73dBdVDQEQ) was added at 2023-04-21 17:20:54.795
04-21 17:20:54.797 31216 31216 D ar_activity: [[1b start] setFirebaseValue stroke id=-NT_gFMjqo73dBdVDQEQ time=2023-04-21 17:20:54.797]
04-21 17:20:54.805 31216 31216 D ar_activity: [hostAnchor start time=2023-04-21 17:20:54.804]
04-21 17:20:54.806 31216 31216 D ar_activity: [hostAnchor end time=2023-04-21 17:20:54.805]
04-21 17:20:54.824 31216 31216 D ar_activity: [anchor resolution changed: null time=2023-04-21 17:20:54.822]
04-21 17:20:54.825 31216 31216 D ar_activity: Start CONNECTING: 2023-04-21 17:20:54.824
04-21 17:20:54.829 31216 31350 D ar_activity: [--- anchor: onUpdate--- time=2023-04-21 17:20:54.827]
04-21 17:20:54.830 31216 31350 D ar_activity: [[2d] after update lines time=2023-04-21 17:20:54.830]
04-21 17:20:56.550 31216 31350 D ar_activity: [--- anchor: onUpdate--- time=2023-04-21 17:20:56.550]
04-21 17:20:58.042 31216 31350 D ar_activity: [--- anchor: onUpdate--- time=2023-04-21 17:20:58.041]
04-21 17:20:58.042 31216 31350 D ar_activity: [--- onAnchorHosted [HOSTED]--- time=2023-04-21 17:20:58.042]
04-21 17:20:58.054 31216 31216 D ar_activity: [anchor resolution changed: false time=2023-04-21 17:20:58.053]
04-21 17:21:54.823 31216 31216 D ar_activity: [--- pair TIMEOUT --- time=2023-04-21 17:21:54.823]
04-21 17:21:54.851 31216 31216 D ar_activity: [anchor resolution changed: true time=2023-04-21 17:21:54.850]
04-21 17:21:54.862 31216 31216 D ar_activity: [onAnchorResolutionError: null time=2023-04-21 17:21:54.861]
04-21 17:21:56.764 31216 31216 D ar_activity: [--- sync ready to set anchor --- time=2023-04-21 17:21:56.764]
04-21 17:21:56.786 31216 31216 D ar_activity: [anchor resolution changed: null time=2023-04-21 17:21:56.784]
04-21 17:21:57.728 31216 31216 D ar_activity: SET ANCHOR: 2023-04-21 17:21:57.728
04-21 17:21:58.275 31216 31216 D ar_activity: [--- sync: sendSetAnchorEvent --- time=2023-04-21 17:21:58.275]
04-21 17:21:58.276 31216 31216 D ar_activity: --- start creating anchor: 2023-04-21 17:21:58.275 ---
04-21 17:21:58.276 31216 31216 D ar_activity: --- anchor: com.google.ar.core.Anchor@b49f1ee9 ---
04-21 17:21:58.276 31216 31216 D ar_activity: --- finish creating anchor: 2023-04-21 17:21:58.276 ---
04-21 17:21:58.279 31216 31216 D ar_activity: [hostAnchor start time=2023-04-21 17:21:58.278]
04-21 17:21:58.279 31216 31216 D ar_activity: [hostAnchor end time=2023-04-21 17:21:58.279]
04-21 17:21:58.284 31216 31350 D ar_activity: [--- anchor: onUpdate--- time=2023-04-21 17:21:58.283]
04-21 17:21:58.284 31216 31350 D ar_activity: [[2d] after update lines time=2023-04-21 17:21:58.284]
04-21 17:21:58.289 31216 31216 D ar_activity: Start CONNECTING: 2023-04-21 17:21:58.289
04-21 17:21:58.300 31216 31216 D ar_activity: [anchor resolution changed: null time=2023-04-21 17:21:58.300]
04-21 17:22:01.211 31216 31350 D ar_activity: [--- anchor: onUpdate--- time=2023-04-21 17:22:01.211]
04-21 17:22:01.211 31216 31350 D ar_activity: [--- onAnchorHosted [HOSTED]--- time=2023-04-21 17:22:01.211]
04-21 17:22:01.228 31216 31216 D ar_activity: [anchor resolution changed: false time=2023-04-21 17:22:01.227]
04-21 17:22:01.999 31216 31216 D ar_activity: [--- sync: finish syncing anchor --- time=2023-04-21 17:22:01.999]
04-21 17:22:02.004 31216 31216 D ar_activity: SYNCED: 2023-04-21 17:22:02.003
04-21 17:22:02.067 31216 31216 D ar_activity: [[2a end - 2d start] onChildAdded stroke id=-NT_gFMjqo73dBdVDQEQ time=2023-04-21 17:22:02.067]
04-21 17:22:09.477 31216 31216 D ar_activity: [[1a start] touch screen time=2023-04-21 17:22:09.476]
04-21 17:22:09.495 31216 31350 D ar_activity: addStroke at 2023-04-21 17:22:09.495
04-21 17:22:09.496 31216 31350 D ar_activity: stroke (id: -NT_gXavFuwbijn0CpO3) was added at 2023-04-21 17:22:09.496
04-21 17:22:09.496 31216 31350 D ar_activity: [[1b start] setFirebaseValue stroke id=-NT_gXavFuwbijn0CpO3 time=2023-04-21 17:22:09.496]
04-21 17:22:09.497 31216 31350 D ar_activity: [TRACKING TransformPointToPose time=2023-04-21 17:22:09.497]
04-21 17:22:09.497 31216 31216 D ar_activity: [[2a end - 2d start] onChildAdded stroke id=-NT_gXavFuwbijn0CpO3 time=2023-04-21 17:22:09.497]
04-21 17:22:09.498 31216 31350 D ar_activity: send stroke to firebase, id=-NT_gXavFuwbijn0CpO3
04-21 17:22:09.498 31216 31350 D ar_activity: [[2d] after update lines time=2023-04-21 17:22:09.498]
04-21 17:22:09.517 31216 31350 D ar_activity: [TRACKING TransformPointToPose time=2023-04-21 17:22:09.517]
04-21 17:22:09.517 31216 31350 D ar_activity: [TRACKING TransformPointToPose time=2023-04-21 17:22:09.517]
04-21 17:22:09.518 31216 31350 D ar_activity: send stroke to firebase, id=-NT_gXavFuwbijn0CpO3
04-21 17:22:09.518 31216 31350 D ar_activity: [[2d] after update lines time=2023-04-21 17:22:09.518]
04-21 17:22:09.536 31216 31350 D ar_activity: [TRACKING TransformPointToPose time=2023-04-21 17:22:09.536]
04-21 17:22:09.536 31216 31350 D ar_activity: send stroke to firebase, id=-NT_gXavFuwbijn0CpO3
04-21 17:22:09.537 31216 31350 D ar_activity: [[2d] after update lines time=2023-04-21 17:22:09.537]
04-21 17:22:09.555 31216 31350 D ar_activity: [TRACKING TransformPointToPose time=2023-04-21 17:22:09.555]
04-21 17:22:09.556 31216 31350 D ar_activity: send stroke to firebase, id=-NT_gXavFuwbijn0CpO3
04-21 17:22:09.556 31216 31350 D ar_activity: [[2d] after update lines time=2023-04-21 17:22:09.556]
04-21 17:22:09.569 31216 31216 D ar_activity: [[1b start] setFirebaseValue stroke id=-NT_gXavFuwbijn0CpO3 time=2023-04-21 17:22:09.569]
04-21 17:22:09.573 31216 31216 D ar_activity: [[2a end - 2d start] onChildChanged stroke id=-NT_gXavFuwbijn0CpO3 time=2023-04-21 17:22:09.573]
04-21 17:22:09.574 31216 31350 D ar_activity: [TRACKING TransformPointToPose time=2023-04-21 17:22:09.574]
04-21 17:22:09.574 31216 31350 D ar_activity: send stroke to firebase, id=-NT_gXavFuwbijn0CpO3
04-21 17:22:09.575 31216 31350 D ar_activity: [[2d] after update lines time=2023-04-21 17:22:09.575]
04-21 17:22:09.596 31216 31350 D ar_activity: [TRACKING TransformPointToPose time=2023-04-21 17:22:09.596]
04-21 17:22:09.596 31216 31350 D ar_activity: send stroke to firebase, id=-NT_gXavFuwbijn0CpO3
04-21 17:22:09.597 31216 31350 D ar_activity: [[2d] after update lines time=2023-04-21 17:22:09.596]
04-21 17:22:09.615 31216 31350 D ar_activity: [TRACKING TransformPointToPose time=2023-04-21 17:22:09.615]
04-21 17:22:09.616 31216 31350 D ar_activity: send stroke to firebase, id=-NT_gXavFuwbijn0CpO3
04-21 17:22:09.616 31216 31350 D ar_activity: [[2d] after update lines time=2023-04-21 17:22:09.616]
04-21 17:22:09.635 31216 31350 D ar_activity: [TRACKING TransformPointToPose time=2023-04-21 17:22:09.635]
04-21 17:22:09.636 31216 31350 D ar_activity: [TRACKING TransformPointToPose time=2023-04-21 17:22:09.636]
04-21 17:22:09.636 31216 31350 D ar_activity: send stroke to firebase, id=-NT_gXavFuwbijn0CpO3
04-21 17:22:09.636 31216 31350 D ar_activity: [[2d] after update lines time=2023-04-21 17:22:09.636]
04-21 17:22:09.653 31216 31216 D ar_activity: [[2a end - 2d start] onChildChanged stroke id=-NT_gXavFuwbijn0CpO3 time=2023-04-21 17:22:09.653]
04-21 17:22:09.657 31216 31350 D ar_activity: [TRACKING TransformPointToPose time=2023-04-21 17:22:09.656]
04-21 17:22:09.657 31216 31350 D ar_activity: send stroke to firebase, id=-NT_gXavFuwbijn0CpO3
04-21 17:22:09.659 31216 31350 D ar_activity: [[2d] after update lines time=2023-04-21 17:22:09.658]
04-21 17:22:09.685 31216 31350 D ar_activity: [TRACKING TransformPointToPose time=2023-04-21 17:22:09.684]
04-21 17:22:09.685 31216 31350 D ar_activity: [TRACKING TransformPointToPose time=2023-04-21 17:22:09.685]
04-21 17:22:09.685 31216 31350 D ar_activity: send stroke to firebase, id=-NT_gXavFuwbijn0CpO3
04-21 17:22:09.687 31216 31350 D ar_activity: [[2d] after update lines time=2023-04-21 17:22:09.687]
04-21 17:22:09.704 31216 31216 D ar_activity: [[2a end - 2d start] onChildChanged stroke id=-NT_gXavFuwbijn0CpO3 time=2023-04-21 17:22:09.704]
04-21 17:22:09.707 31216 31350 D ar_activity: [TRACKING TransformPointToPose time=2023-04-21 17:22:09.707]
04-21 17:22:09.708 31216 31350 D ar_activity: send stroke to firebase, id=-NT_gXavFuwbijn0CpO3
04-21 17:22:09.710 31216 31350 D ar_activity: [[2d] after update lines time=2023-04-21 17:22:09.709]
04-21 17:22:09.731 31216 31350 D ar_activity: [TRACKING TransformPointToPose time=2023-04-21 17:22:09.731]
04-21 17:22:09.732 31216 31350 D ar_activity: send stroke to firebase, id=-NT_gXavFuwbijn0CpO3
04-21 17:22:09.732 31216 31350 D ar_activity: [[2d] after update lines time=2023-04-21 17:22:09.732]
04-21 17:22:09.753 31216 31350 D ar_activity: [TRACKING TransformPointToPose time=2023-04-21 17:22:09.752]
04-21 17:22:09.753 31216 31350 D ar_activity: [TRACKING TransformPointToPose time=2023-04-21 17:22:09.753]
04-21 17:22:09.753 31216 31350 D ar_activity: send stroke to firebase, id=-NT_gXavFuwbijn0CpO3
04-21 17:22:09.755 31216 31350 D ar_activity: [[2d] after update lines time=2023-04-21 17:22:09.754]
04-21 17:22:09.770 31216 31216 D ar_activity: [[2a end - 2d start] onChildChanged stroke id=-NT_gXavFuwbijn0CpO3 time=2023-04-21 17:22:09.769]
04-21 17:22:09.781 31216 31350 D ar_activity: [TRACKING TransformPointToPose time=2023-04-21 17:22:09.781]
04-21 17:22:09.781 31216 31350 D ar_activity: send stroke to firebase, id=-NT_gXavFuwbijn0CpO3
04-21 17:22:09.781 31216 31350 D ar_activity: [[2d] after update lines time=2023-04-21 17:22:09.781]
04-21 17:22:09.840 31216 31350 D ar_activity: [TRACKING TransformPointToPose time=2023-04-21 17:22:09.840]
04-21 17:22:09.840 31216 31350 D ar_activity: [TRACKING TransformPointToPose time=2023-04-21 17:22:09.840]
04-21 17:22:09.840 31216 31350 D ar_activity: [TRACKING TransformPointToPose time=2023-04-21 17:22:09.840]
04-21 17:22:09.841 31216 31350 D ar_activity: [TRACKING TransformPointToPose time=2023-04-21 17:22:09.840]
04-21 17:22:09.841 31216 31350 D ar_activity: send stroke to firebase, id=-NT_gXavFuwbijn0CpO3
04-21 17:22:09.841 31216 31350 D ar_activity: [[2d] after update lines time=2023-04-21 17:22:09.841]
04-21 17:22:09.860 31216 31216 D ar_activity: [[2a end - 2d start] onChildChanged stroke id=-NT_gXavFuwbijn0CpO3 time=2023-04-21 17:22:09.859]
04-21 17:22:09.870 31216 31350 D ar_activity: [TRACKING TransformPointToPose time=2023-04-21 17:22:09.870]
04-21 17:22:09.871 31216 31350 D ar_activity: [TRACKING TransformPointToPose time=2023-04-21 17:22:09.871]
04-21 17:22:09.871 31216 31350 D ar_activity: send stroke to firebase, id=-NT_gXavFuwbijn0CpO3
04-21 17:22:09.871 31216 31350 D ar_activity: [[2d] after update lines time=2023-04-21 17:22:09.871]
04-21 17:22:09.898 31216 31350 D ar_activity: [TRACKING TransformPointToPose time=2023-04-21 17:22:09.898]
04-21 17:22:09.899 31216 31350 D ar_activity: send stroke to firebase, id=-NT_gXavFuwbijn0CpO3
04-21 17:22:09.899 31216 31350 D ar_activity: [[2d] after update lines time=2023-04-21 17:22:09.899]
04-21 17:22:09.918 31216 31350 D ar_activity: [TRACKING TransformPointToPose time=2023-04-21 17:22:09.918]
04-21 17:22:09.918 31216 31350 D ar_activity: [TRACKING TransformPointToPose time=2023-04-21 17:22:09.918]
04-21 17:22:09.918 31216 31350 D ar_activity: send stroke to firebase, id=-NT_gXavFuwbijn0CpO3
04-21 17:22:09.918 31216 31350 D ar_activity: [[2d] after update lines time=2023-04-21 17:22:09.918]
04-21 17:22:09.935 31216 31216 D ar_activity: [[2a end - 2d start] onChildChanged stroke id=-NT_gXavFuwbijn0CpO3 time=2023-04-21 17:22:09.934]
04-21 17:22:09.937 31216 31350 D ar_activity: [TRACKING TransformPointToPose time=2023-04-21 17:22:09.937]
04-21 17:22:09.937 31216 31350 D ar_activity: send stroke to firebase, id=-NT_gXavFuwbijn0CpO3
04-21 17:22:09.938 31216 31350 D ar_activity: [[2d] after update lines time=2023-04-21 17:22:09.938]
04-21 17:22:09.956 31216 31350 D ar_activity: [TRACKING TransformPointToPose time=2023-04-21 17:22:09.956]
04-21 17:22:09.956 31216 31350 D ar_activity: send stroke to firebase, id=-NT_gXavFuwbijn0CpO3
04-21 17:22:09.957 31216 31350 D ar_activity: [[2d] after update lines time=2023-04-21 17:22:09.957]
04-21 17:22:09.976 31216 31350 D ar_activity: [TRACKING TransformPointToPose time=2023-04-21 17:22:09.976]
04-21 17:22:09.976 31216 31350 D ar_activity: send stroke to firebase, id=-NT_gXavFuwbijn0CpO3
04-21 17:22:09.977 31216 31350 D ar_activity: [[2d] after update lines time=2023-04-21 17:22:09.976]
04-21 17:22:10.001 31216 31350 D ar_activity: [TRACKING TransformPointToPose time=2023-04-21 17:22:10.000]
04-21 17:22:10.001 31216 31216 D ar_activity: [[2a end - 2d start] onChildChanged stroke id=-NT_gXavFuwbijn0CpO3 time=2023-04-21 17:22:10.001]
04-21 17:22:10.003 31216 31350 D ar_activity: [TRACKING TransformPointToPose time=2023-04-21 17:22:10.002]
04-21 17:22:10.003 31216 31350 D ar_activity: send stroke to firebase, id=-NT_gXavFuwbijn0CpO3
04-21 17:22:10.004 31216 31350 D ar_activity: [[2d] after update lines time=2023-04-21 17:22:10.004]
04-21 17:22:10.024 31216 31350 D ar_activity: [TRACKING TransformPointToPose time=2023-04-21 17:22:10.024]
04-21 17:22:10.024 31216 31350 D ar_activity: send stroke to firebase, id=-NT_gXavFuwbijn0CpO3
04-21 17:22:10.025 31216 31350 D ar_activity: [[2d] after update lines time=2023-04-21 17:22:10.024]
04-21 17:22:10.043 31216 31350 D ar_activity: [TRACKING TransformPointToPose time=2023-04-21 17:22:10.043]
04-21 17:22:10.044 31216 31350 D ar_activity: send stroke to firebase, id=-NT_gXavFuwbijn0CpO3
04-21 17:22:10.044 31216 31350 D ar_activity: [[2d] after update lines time=2023-04-21 17:22:10.044]
04-21 17:22:10.054 31216 31216 D ar_activity: [[2a end - 2d start] onChildChanged stroke id=-NT_gXavFuwbijn0CpO3 time=2023-04-21 17:22:10.053]
04-21 17:22:10.063 31216 31350 D ar_activity: [TRACKING TransformPointToPose time=2023-04-21 17:22:10.063]
04-21 17:22:10.064 31216 31350 D ar_activity: send stroke to firebase, id=-NT_gXavFuwbijn0CpO3
04-21 17:22:10.064 31216 31350 D ar_activity: [[2d] after update lines time=2023-04-21 17:22:10.064]
04-21 17:22:10.083 31216 31350 D ar_activity: [TRACKING TransformPointToPose time=2023-04-21 17:22:10.082]
04-21 17:22:10.083 31216 31350 D ar_activity: send stroke to firebase, id=-NT_gXavFuwbijn0CpO3
04-21 17:22:10.083 31216 31350 D ar_activity: [[2d] after update lines time=2023-04-21 17:22:10.083]
04-21 17:22:10.102 31216 31350 D ar_activity: [TRACKING TransformPointToPose time=2023-04-21 17:22:10.102]
04-21 17:22:10.103 31216 31350 D ar_activity: send stroke to firebase, id=-NT_gXavFuwbijn0CpO3
04-21 17:22:10.103 31216 31350 D ar_activity: [[2d] after update lines time=2023-04-21 17:22:10.103]
04-21 17:22:10.122 31216 31350 D ar_activity: [TRACKING TransformPointToPose time=2023-04-21 17:22:10.121]
04-21 17:22:10.122 31216 31350 D ar_activity: send stroke to firebase, id=-NT_gXavFuwbijn0CpO3
04-21 17:22:10.123 31216 31350 D ar_activity: [[2d] after update lines time=2023-04-21 17:22:10.123]
04-21 17:22:10.135 31216 31216 D ar_activity: [[2a end - 2d start] onChildChanged stroke id=-NT_gXavFuwbijn0CpO3 time=2023-04-21 17:22:10.135]
04-21 17:22:10.144 31216 31350 D ar_activity: [TRACKING TransformPointToPose time=2023-04-21 17:22:10.144]
04-21 17:22:10.144 31216 31350 D ar_activity: send stroke to firebase, id=-NT_gXavFuwbijn0CpO3
04-21 17:22:10.145 31216 31350 D ar_activity: [[2d] after update lines time=2023-04-21 17:22:10.145]
04-21 17:22:10.164 31216 31350 D ar_activity: [TRACKING TransformPointToPose time=2023-04-21 17:22:10.164]
04-21 17:22:10.164 31216 31350 D ar_activity: send stroke to firebase, id=-NT_gXavFuwbijn0CpO3
04-21 17:22:10.165 31216 31350 D ar_activity: [[2d] after update lines time=2023-04-21 17:22:10.164]
04-21 17:22:10.185 31216 31350 D ar_activity: [TRACKING TransformPointToPose time=2023-04-21 17:22:10.185]
04-21 17:22:10.186 31216 31350 D ar_activity: [TRACKING TransformPointToPose time=2023-04-21 17:22:10.186]
04-21 17:22:10.187 31216 31350 D ar_activity: send stroke to firebase, id=-NT_gXavFuwbijn0CpO3
04-21 17:22:10.188 31216 31216 D ar_activity: [[2a end - 2d start] onChildChanged stroke id=-NT_gXavFuwbijn0CpO3 time=2023-04-21 17:22:10.188]
04-21 17:22:10.189 31216 31350 D ar_activity: [[2d] after update lines time=2023-04-21 17:22:10.188]
04-21 17:22:10.210 31216 31350 D ar_activity: [TRACKING TransformPointToPose time=2023-04-21 17:22:10.210]
04-21 17:22:10.210 31216 31350 D ar_activity: send stroke to firebase, id=-NT_gXavFuwbijn0CpO3
04-21 17:22:10.211 31216 31350 D ar_activity: [[2d] after update lines time=2023-04-21 17:22:10.211]
04-21 17:22:10.231 31216 31350 D ar_activity: [TRACKING TransformPointToPose time=2023-04-21 17:22:10.231]
04-21 17:22:10.231 31216 31350 D ar_activity: send stroke to firebase, id=-NT_gXavFuwbijn0CpO3
04-21 17:22:10.232 31216 31350 D ar_activity: [[2d] after update lines time=2023-04-21 17:22:10.232]
04-21 17:22:10.251 31216 31350 D ar_activity: [TRACKING TransformPointToPose time=2023-04-21 17:22:10.250]
04-21 17:22:10.251 31216 31350 D ar_activity: [TRACKING TransformPointToPose time=2023-04-21 17:22:10.251]
04-21 17:22:10.251 31216 31350 D ar_activity: send stroke to firebase, id=-NT_gXavFuwbijn0CpO3
04-21 17:22:10.253 31216 31350 D ar_activity: [[2d] after update lines time=2023-04-21 17:22:10.252]
04-21 17:22:10.274 31216 31350 D ar_activity: [TRACKING TransformPointToPose time=2023-04-21 17:22:10.274]
04-21 17:22:10.274 31216 31350 D ar_activity: send stroke to firebase, id=-NT_gXavFuwbijn0CpO3
04-21 17:22:10.275 31216 31350 D ar_activity: [[2d] after update lines time=2023-04-21 17:22:10.275]
04-21 17:22:10.281 31216 31216 D ar_activity: [[2a end - 2d start] onChildChanged stroke id=-NT_gXavFuwbijn0CpO3 time=2023-04-21 17:22:10.281]
04-21 17:22:10.296 31216 31350 D ar_activity: [TRACKING TransformPointToPose time=2023-04-21 17:22:10.296]
04-21 17:22:10.296 31216 31350 D ar_activity: send stroke to firebase, id=-NT_gXavFuwbijn0CpO3
04-21 17:22:10.297 31216 31350 D ar_activity: [[2d] after update lines time=2023-04-21 17:22:10.297]
04-21 17:22:10.315 31216 31350 D ar_activity: [TRACKING TransformPointToPose time=2023-04-21 17:22:10.315]
04-21 17:22:10.315 31216 31350 D ar_activity: send stroke to firebase, id=-NT_gXavFuwbijn0CpO3
04-21 17:22:10.316 31216 31350 D ar_activity: [[2d] after update lines time=2023-04-21 17:22:10.316]
04-21 17:22:10.335 31216 31350 D ar_activity: [TRACKING TransformPointToPose time=2023-04-21 17:22:10.335]
04-21 17:22:10.336 31216 31350 D ar_activity: [TRACKING TransformPointToPose time=2023-04-21 17:22:10.336]
04-21 17:22:10.337 31216 31350 D ar_activity: send stroke to firebase, id=-NT_gXavFuwbijn0CpO3
04-21 17:22:10.347 31216 31216 D ar_activity: [[2a end - 2d start] onChildChanged stroke id=-NT_gXavFuwbijn0CpO3 time=2023-04-21 17:22:10.347]
04-21 17:22:10.354 31216 31350 D ar_activity: [[2d] after update lines time=2023-04-21 17:22:10.354]
04-21 17:22:10.377 31216 31350 D ar_activity: [TRACKING TransformPointToPose time=2023-04-21 17:22:10.376]
04-21 17:22:10.380 31216 31350 D ar_activity: [TRACKING TransformPointToPose time=2023-04-21 17:22:10.378]
04-21 17:22:10.381 31216 31350 D ar_activity: send stroke to firebase, id=-NT_gXavFuwbijn0CpO3
04-21 17:22:10.383 31216 31350 D ar_activity: [[2d] after update lines time=2023-04-21 17:22:10.382]
04-21 17:22:10.406 31216 31350 D ar_activity: [TRACKING TransformPointToPose time=2023-04-21 17:22:10.406]
04-21 17:22:10.407 31216 31350 D ar_activity: [TRACKING TransformPointToPose time=2023-04-21 17:22:10.406]
04-21 17:22:10.407 31216 31350 D ar_activity: send stroke to firebase, id=-NT_gXavFuwbijn0CpO3
04-21 17:22:10.410 31216 31350 D ar_activity: [[2d] after update lines time=2023-04-21 17:22:10.409]
04-21 17:22:10.425 31216 31216 D ar_activity: [[2a end - 2d start] onChildChanged stroke id=-NT_gXavFuwbijn0CpO3 time=2023-04-21 17:22:10.425]
04-21 17:22:10.435 31216 31350 D ar_activity: [TRACKING TransformPointToPose time=2023-04-21 17:22:10.434]
04-21 17:22:10.440 31216 31350 D ar_activity: [TRACKING TransformPointToPose time=2023-04-21 17:22:10.436]
04-21 17:22:10.440 31216 31350 D ar_activity: send stroke to firebase, id=-NT_gXavFuwbijn0CpO3
04-21 17:22:10.441 31216 31350 D ar_activity: [[2d] after update lines time=2023-04-21 17:22:10.441]
04-21 17:22:10.464 31216 31350 D ar_activity: [TRACKING TransformPointToPose time=2023-04-21 17:22:10.463]
04-21 17:22:10.465 31216 31350 D ar_activity: send stroke to firebase, id=-NT_gXavFuwbijn0CpO3
04-21 17:22:10.468 31216 31350 D ar_activity: [[2d] after update lines time=2023-04-21 17:22:10.468]
04-21 17:22:10.498 31216 31350 D ar_activity: [TRACKING TransformPointToPose time=2023-04-21 17:22:10.498]
04-21 17:22:10.498 31216 31350 D ar_activity: [TRACKING TransformPointToPose time=2023-04-21 17:22:10.498]
04-21 17:22:10.499 31216 31350 D ar_activity: send stroke to firebase, id=-NT_gXavFuwbijn0CpO3
04-21 17:22:10.499 31216 31350 D ar_activity: [[2d] after update lines time=2023-04-21 17:22:10.499]
04-21 17:22:10.519 31216 31350 D ar_activity: [TRACKING TransformPointToPose time=2023-04-21 17:22:10.519]
04-21 17:22:10.520 31216 31350 D ar_activity: [TRACKING TransformPointToPose time=2023-04-21 17:22:10.520]
04-21 17:22:10.520 31216 31350 D ar_activity: send stroke to firebase, id=-NT_gXavFuwbijn0CpO3
04-21 17:22:10.522 31216 31350 D ar_activity: [[2d] after update lines time=2023-04-21 17:22:10.521]
04-21 17:22:10.523 31216 31216 D ar_activity: [[2a end - 2d start] onChildChanged stroke id=-NT_gXavFuwbijn0CpO3 time=2023-04-21 17:22:10.523]
04-21 17:22:10.542 31216 31350 D ar_activity: [TRACKING TransformPointToPose time=2023-04-21 17:22:10.542]
04-21 17:22:10.542 31216 31350 D ar_activity: send stroke to firebase, id=-NT_gXavFuwbijn0CpO3
04-21 17:22:10.543 31216 31350 D ar_activity: [[2d] after update lines time=2023-04-21 17:22:10.543]
04-21 17:22:10.564 31216 31350 D ar_activity: [TRACKING TransformPointToPose time=2023-04-21 17:22:10.564]
04-21 17:22:10.564 31216 31350 D ar_activity: send stroke to firebase, id=-NT_gXavFuwbijn0CpO3
04-21 17:22:10.565 31216 31350 D ar_activity: [[2d] after update lines time=2023-04-21 17:22:10.565]
04-21 17:22:10.585 31216 31350 D ar_activity: [TRACKING TransformPointToPose time=2023-04-21 17:22:10.584]
04-21 17:22:10.586 31216 31350 D ar_activity: [TRACKING TransformPointToPose time=2023-04-21 17:22:10.585]
04-21 17:22:10.587 31216 31350 D ar_activity: send stroke to firebase, id=-NT_gXavFuwbijn0CpO3
04-21 17:22:10.588 31216 31350 D ar_activity: [[2d] after update lines time=2023-04-21 17:22:10.588]
04-21 17:22:10.609 31216 31350 D ar_activity: [TRACKING TransformPointToPose time=2023-04-21 17:22:10.608]
04-21 17:22:10.609 31216 31350 D ar_activity: send stroke to firebase, id=-NT_gXavFuwbijn0CpO3
04-21 17:22:10.609 31216 31216 D ar_activity: [[2a end - 2d start] onChildChanged stroke id=-NT_gXavFuwbijn0CpO3 time=2023-04-21 17:22:10.609]
04-21 17:22:10.610 31216 31350 D ar_activity: [[2d] after update lines time=2023-04-21 17:22:10.609]
04-21 17:22:10.631 31216 31350 D ar_activity: [TRACKING TransformPointToPose time=2023-04-21 17:22:10.631]
04-21 17:22:10.631 31216 31350 D ar_activity: send stroke to firebase, id=-NT_gXavFuwbijn0CpO3
04-21 17:22:10.632 31216 31350 D ar_activity: [[2d] after update lines time=2023-04-21 17:22:10.632]
04-21 17:22:10.655 31216 31350 D ar_activity: [TRACKING TransformPointToPose time=2023-04-21 17:22:10.655]
04-21 17:22:10.656 31216 31350 D ar_activity: [TRACKING TransformPointToPose time=2023-04-21 17:22:10.656]
04-21 17:22:10.657 31216 31350 D ar_activity: send stroke to firebase, id=-NT_gXavFuwbijn0CpO3
04-21 17:22:10.659 31216 31350 D ar_activity: [[2d] after update lines time=2023-04-21 17:22:10.658]
04-21 17:22:10.687 31216 31216 D ar_activity: [[2a end - 2d start] onChildChanged stroke id=-NT_gXavFuwbijn0CpO3 time=2023-04-21 17:22:10.687]
04-21 17:22:10.688 31216 31350 D ar_activity: [TRACKING TransformPointToPose time=2023-04-21 17:22:10.688]
04-21 17:22:10.690 31216 31350 D ar_activity: [TRACKING TransformPointToPose time=2023-04-21 17:22:10.689]
04-21 17:22:10.692 31216 31350 D ar_activity: send stroke to firebase, id=-NT_gXavFuwbijn0CpO3
04-21 17:22:10.698 31216 31350 D ar_activity: [[2d] after update lines time=2023-04-21 17:22:10.697]
04-21 17:22:10.721 31216 31350 D ar_activity: [TRACKING TransformPointToPose time=2023-04-21 17:22:10.718]
04-21 17:22:10.725 31216 31350 D ar_activity: [TRACKING TransformPointToPose time=2023-04-21 17:22:10.724]
04-21 17:22:10.725 31216 31350 D ar_activity: send stroke to firebase, id=-NT_gXavFuwbijn0CpO3
04-21 17:22:10.728 31216 31350 D ar_activity: [[2d] after update lines time=2023-04-21 17:22:10.727]
04-21 17:22:10.753 31216 31350 D ar_activity: [TRACKING TransformPointToPose time=2023-04-21 17:22:10.752]
04-21 17:22:10.754 31216 31350 D ar_activity: [TRACKING TransformPointToPose time=2023-04-21 17:22:10.753]
04-21 17:22:10.754 31216 31350 D ar_activity: send stroke to firebase, id=-NT_gXavFuwbijn0CpO3
04-21 17:22:10.756 31216 31350 D ar_activity: [[2d] after update lines time=2023-04-21 17:22:10.756]
04-21 17:22:10.768 31216 31216 D ar_activity: [[2a end - 2d start] onChildChanged stroke id=-NT_gXavFuwbijn0CpO3 time=2023-04-21 17:22:10.768]
04-21 17:22:10.777 31216 31350 D ar_activity: [TRACKING TransformPointToPose time=2023-04-21 17:22:10.776]
04-21 17:22:10.779 31216 31350 D ar_activity: send stroke to firebase, id=-NT_gXavFuwbijn0CpO3
04-21 17:22:10.781 31216 31350 D ar_activity: [[2d] after update lines time=2023-04-21 17:22:10.781]
04-21 17:22:10.803 31216 31350 D ar_activity: [TRACKING TransformPointToPose time=2023-04-21 17:22:10.803]
04-21 17:22:10.803 31216 31350 D ar_activity: [TRACKING TransformPointToPose time=2023-04-21 17:22:10.803]
04-21 17:22:10.804 31216 31350 D ar_activity: send stroke to firebase, id=-NT_gXavFuwbijn0CpO3
04-21 17:22:10.806 31216 31350 D ar_activity: [[2d] after update lines time=2023-04-21 17:22:10.805]
04-21 17:22:10.825 31216 31350 D ar_activity: [TRACKING TransformPointToPose time=2023-04-21 17:22:10.825]
04-21 17:22:10.826 31216 31350 D ar_activity: send stroke to firebase, id=-NT_gXavFuwbijn0CpO3
04-21 17:22:10.830 31216 31350 D ar_activity: [[2d] after update lines time=2023-04-21 17:22:10.830]
04-21 17:22:10.833 31216 31216 D ar_activity: [[2a end - 2d start] onChildChanged stroke id=-NT_gXavFuwbijn0CpO3 time=2023-04-21 17:22:10.832]
04-21 17:22:10.849 31216 31350 D ar_activity: [TRACKING TransformPointToPose time=2023-04-21 17:22:10.849]
04-21 17:22:10.849 31216 31350 D ar_activity: [TRACKING TransformPointToPose time=2023-04-21 17:22:10.849]
04-21 17:22:10.849 31216 31350 D ar_activity: send stroke to firebase, id=-NT_gXavFuwbijn0CpO3
04-21 17:22:10.850 31216 31350 D ar_activity: [[2d] after update lines time=2023-04-21 17:22:10.850]
04-21 17:22:10.869 31216 31350 D ar_activity: [TRACKING TransformPointToPose time=2023-04-21 17:22:10.869]
04-21 17:22:10.872 31216 31350 D ar_activity: send stroke to firebase, id=-NT_gXavFuwbijn0CpO3
04-21 17:22:10.873 31216 31350 D ar_activity: [[2d] after update lines time=2023-04-21 17:22:10.873]
04-21 17:22:10.894 31216 31350 D ar_activity: [TRACKING TransformPointToPose time=2023-04-21 17:22:10.894]
04-21 17:22:10.894 31216 31350 D ar_activity: send stroke to firebase, id=-NT_gXavFuwbijn0CpO3
04-21 17:22:10.897 31216 31350 D ar_activity: [[2d] after update lines time=2023-04-21 17:22:10.897]
04-21 17:22:10.908 31216 31216 D ar_activity: [[2a end - 2d start] onChildChanged stroke id=-NT_gXavFuwbijn0CpO3 time=2023-04-21 17:22:10.907]
04-21 17:22:10.916 31216 31350 D ar_activity: [TRACKING TransformPointToPose time=2023-04-21 17:22:10.915]
04-21 17:22:10.916 31216 31350 D ar_activity: [TRACKING TransformPointToPose time=2023-04-21 17:22:10.916]
04-21 17:22:10.916 31216 31350 D ar_activity: send stroke to firebase, id=-NT_gXavFuwbijn0CpO3
04-21 17:22:10.916 31216 31350 D ar_activity: [[2d] after update lines time=2023-04-21 17:22:10.916]
04-21 17:22:10.935 31216 31350 D ar_activity: [TRACKING TransformPointToPose time=2023-04-21 17:22:10.935]
04-21 17:22:10.935 31216 31350 D ar_activity: send stroke to firebase, id=-NT_gXavFuwbijn0CpO3
04-21 17:22:10.936 31216 31350 D ar_activity: [[2d] after update lines time=2023-04-21 17:22:10.936]
04-21 17:22:10.972 31216 31350 D ar_activity: [TRACKING TransformPointToPose time=2023-04-21 17:22:10.969]
04-21 17:22:10.973 31216 31350 D ar_activity: [TRACKING TransformPointToPose time=2023-04-21 17:22:10.972]
04-21 17:22:10.973 31216 31350 D ar_activity: send stroke to firebase, id=-NT_gXavFuwbijn0CpO3
04-21 17:22:10.977 31216 31350 D ar_activity: [[2d] after update lines time=2023-04-21 17:22:10.976]
04-21 17:22:11.000 31216 31350 D ar_activity: [TRACKING TransformPointToPose time=2023-04-21 17:22:11.000]
04-21 17:22:11.000 31216 31350 D ar_activity: [TRACKING TransformPointToPose time=2023-04-21 17:22:11.000]
04-21 17:22:11.000 31216 31350 D ar_activity: send stroke to firebase, id=-NT_gXavFuwbijn0CpO3
04-21 17:22:11.003 31216 31350 D ar_activity: [[2d] after update lines time=2023-04-21 17:22:11.003]
04-21 17:22:11.004 31216 31216 D ar_activity: [[2a end - 2d start] onChildChanged stroke id=-NT_gXavFuwbijn0CpO3 time=2023-04-21 17:22:11.004]
04-21 17:22:11.024 31216 31350 D ar_activity: [TRACKING TransformPointToPose time=2023-04-21 17:22:11.024]
04-21 17:22:11.024 31216 31350 D ar_activity: send stroke to firebase, id=-NT_gXavFuwbijn0CpO3
04-21 17:22:11.024 31216 31350 D ar_activity: [[2d] after update lines time=2023-04-21 17:22:11.024]
04-21 17:22:11.043 31216 31350 D ar_activity: [TRACKING TransformPointToPose time=2023-04-21 17:22:11.043]
04-21 17:22:11.043 31216 31350 D ar_activity: send stroke to firebase, id=-NT_gXavFuwbijn0CpO3
04-21 17:22:11.044 31216 31350 D ar_activity: [[2d] after update lines time=2023-04-21 17:22:11.044]
04-21 17:22:11.064 31216 31350 D ar_activity: [TRACKING TransformPointToPose time=2023-04-21 17:22:11.064]
04-21 17:22:11.064 31216 31350 D ar_activity: send stroke to firebase, id=-NT_gXavFuwbijn0CpO3
04-21 17:22:11.066 31216 31350 D ar_activity: [[2d] after update lines time=2023-04-21 17:22:11.065]
04-21 17:22:11.085 31216 31350 D ar_activity: [TRACKING TransformPointToPose time=2023-04-21 17:22:11.085]
04-21 17:22:11.085 31216 31216 D ar_activity: [[2a end - 2d start] onChildChanged stroke id=-NT_gXavFuwbijn0CpO3 time=2023-04-21 17:22:11.085]
04-21 17:22:11.086 31216 31350 D ar_activity: [TRACKING TransformPointToPose time=2023-04-21 17:22:11.086]
04-21 17:22:11.086 31216 31350 D ar_activity: send stroke to firebase, id=-NT_gXavFuwbijn0CpO3
04-21 17:22:11.087 31216 31350 D ar_activity: [[2d] after update lines time=2023-04-21 17:22:11.086]
04-21 17:22:11.107 31216 31350 D ar_activity: [TRACKING TransformPointToPose time=2023-04-21 17:22:11.107]
04-21 17:22:11.108 31216 31350 D ar_activity: send stroke to firebase, id=-NT_gXavFuwbijn0CpO3
04-21 17:22:11.108 31216 31350 D ar_activity: [[2d] after update lines time=2023-04-21 17:22:11.108]
04-21 17:22:11.127 31216 31350 D ar_activity: [TRACKING TransformPointToPose time=2023-04-21 17:22:11.127]
04-21 17:22:11.127 31216 31350 D ar_activity: send stroke to firebase, id=-NT_gXavFuwbijn0CpO3
04-21 17:22:11.130 31216 31350 D ar_activity: [[2d] after update lines time=2023-04-21 17:22:11.128]
04-21 17:22:11.148 31216 31350 D ar_activity: [TRACKING TransformPointToPose time=2023-04-21 17:22:11.148]
04-21 17:22:11.149 31216 31350 D ar_activity: [TRACKING TransformPointToPose time=2023-04-21 17:22:11.149]
04-21 17:22:11.149 31216 31350 D ar_activity: send stroke to firebase, id=-NT_gXavFuwbijn0CpO3
04-21 17:22:11.149 31216 31350 D ar_activity: [[2d] after update lines time=2023-04-21 17:22:11.149]
04-21 17:22:11.168 31216 31216 D ar_activity: [[2a end - 2d start] onChildChanged stroke id=-NT_gXavFuwbijn0CpO3 time=2023-04-21 17:22:11.167]
04-21 17:22:11.170 31216 31350 D ar_activity: [TRACKING TransformPointToPose time=2023-04-21 17:22:11.169]
04-21 17:22:11.170 31216 31350 D ar_activity: send stroke to firebase, id=-NT_gXavFuwbijn0CpO3
04-21 17:22:11.173 31216 31350 D ar_activity: [[2d] after update lines time=2023-04-21 17:22:11.172]
04-21 17:22:11.194 31216 31350 D ar_activity: [TRACKING TransformPointToPose time=2023-04-21 17:22:11.194]
04-21 17:22:11.197 31216 31350 D ar_activity: send stroke to firebase, id=-NT_gXavFuwbijn0CpO3
04-21 17:22:11.197 31216 31350 D ar_activity: [[2d] after update lines time=2023-04-21 17:22:11.197]
04-21 17:22:11.216 31216 31350 D ar_activity: [TRACKING TransformPointToPose time=2023-04-21 17:22:11.216]
04-21 17:22:11.217 31216 31350 D ar_activity: [TRACKING TransformPointToPose time=2023-04-21 17:22:11.217]
04-21 17:22:11.217 31216 31350 D ar_activity: send stroke to firebase, id=-NT_gXavFuwbijn0CpO3
04-21 17:22:11.217 31216 31350 D ar_activity: [[2d] after update lines time=2023-04-21 17:22:11.217]
04-21 17:22:11.234 31216 31216 D ar_activity: [[2a end - 2d start] onChildChanged stroke id=-NT_gXavFuwbijn0CpO3 time=2023-04-21 17:22:11.233]
04-21 17:22:11.236 31216 31350 D ar_activity: [TRACKING TransformPointToPose time=2023-04-21 17:22:11.236]
04-21 17:22:11.236 31216 31350 D ar_activity: send stroke to firebase, id=-NT_gXavFuwbijn0CpO3
04-21 17:22:11.237 31216 31350 D ar_activity: [[2d] after update lines time=2023-04-21 17:22:11.237]
04-21 17:22:11.257 31216 31350 D ar_activity: [TRACKING TransformPointToPose time=2023-04-21 17:22:11.257]
04-21 17:22:11.257 31216 31350 D ar_activity: send stroke to firebase, id=-NT_gXavFuwbijn0CpO3
04-21 17:22:11.259 31216 31350 D ar_activity: [[2d] after update lines time=2023-04-21 17:22:11.258]
04-21 17:22:11.281 31216 31350 D ar_activity: [TRACKING TransformPointToPose time=2023-04-21 17:22:11.281]
04-21 17:22:11.281 31216 31350 D ar_activity: send stroke to firebase, id=-NT_gXavFuwbijn0CpO3
04-21 17:22:11.283 31216 31350 D ar_activity: [[2d] after update lines time=2023-04-21 17:22:11.283]
04-21 17:22:11.303 31216 31216 D ar_activity: [[2a end - 2d start] onChildChanged stroke id=-NT_gXavFuwbijn0CpO3 time=2023-04-21 17:22:11.303]
04-21 17:22:11.306 31216 31350 D ar_activity: [TRACKING TransformPointToPose time=2023-04-21 17:22:11.305]
04-21 17:22:11.306 31216 31350 D ar_activity: send stroke to firebase, id=-NT_gXavFuwbijn0CpO3
04-21 17:22:11.308 31216 31350 D ar_activity: [[2d] after update lines time=2023-04-21 17:22:11.308]
04-21 17:22:11.331 31216 31350 D ar_activity: [TRACKING TransformPointToPose time=2023-04-21 17:22:11.330]
04-21 17:22:11.331 31216 31350 D ar_activity: send stroke to firebase, id=-NT_gXavFuwbijn0CpO3
04-21 17:22:11.332 31216 31350 D ar_activity: [[2d] after update lines time=2023-04-21 17:22:11.331]
04-21 17:22:11.350 31216 31350 D ar_activity: [TRACKING TransformPointToPose time=2023-04-21 17:22:11.350]
04-21 17:22:11.351 31216 31350 D ar_activity: [TRACKING TransformPointToPose time=2023-04-21 17:22:11.351]
04-21 17:22:11.351 31216 31350 D ar_activity: send stroke to firebase, id=-NT_gXavFuwbijn0CpO3
04-21 17:22:11.351 31216 31350 D ar_activity: [[2d] after update lines time=2023-04-21 17:22:11.351]
04-21 17:22:11.370 31216 31350 D ar_activity: [TRACKING TransformPointToPose time=2023-04-21 17:22:11.370]
04-21 17:22:11.370 31216 31350 D ar_activity: send stroke to firebase, id=-NT_gXavFuwbijn0CpO3
04-21 17:22:11.372 31216 31350 D ar_activity: [[2d] after update lines time=2023-04-21 17:22:11.372]
04-21 17:22:11.390 31216 31216 D ar_activity: [[2a end - 2d start] onChildChanged stroke id=-NT_gXavFuwbijn0CpO3 time=2023-04-21 17:22:11.390]
04-21 17:22:11.410 31216 31350 D ar_activity: [TRACKING TransformPointToPose time=2023-04-21 17:22:11.410]
04-21 17:22:11.411 31216 31350 D ar_activity: [TRACKING TransformPointToPose time=2023-04-21 17:22:11.411]
04-21 17:22:11.411 31216 31350 D ar_activity: send stroke to firebase, id=-NT_gXavFuwbijn0CpO3
04-21 17:22:11.412 31216 31350 D ar_activity: [[2d] after update lines time=2023-04-21 17:22:11.412]
04-21 17:22:11.433 31216 31350 D ar_activity: [TRACKING TransformPointToPose time=2023-04-21 17:22:11.433]
04-21 17:22:11.434 31216 31350 D ar_activity: [TRACKING TransformPointToPose time=2023-04-21 17:22:11.433]
04-21 17:22:11.434 31216 31350 D ar_activity: send stroke to firebase, id=-NT_gXavFuwbijn0CpO3
04-21 17:22:11.435 31216 31350 D ar_activity: [[2d] after update lines time=2023-04-21 17:22:11.434]
04-21 17:22:11.455 31216 31350 D ar_activity: [TRACKING TransformPointToPose time=2023-04-21 17:22:11.454]
04-21 17:22:11.455 31216 31350 D ar_activity: send stroke to firebase, id=-NT_gXavFuwbijn0CpO3
04-21 17:22:11.465 31216 31350 D ar_activity: [[2d] after update lines time=2023-04-21 17:22:11.464]
04-21 17:22:11.465 31216 31216 D ar_activity: [[2a end - 2d start] onChildChanged stroke id=-NT_gXavFuwbijn0CpO3 time=2023-04-21 17:22:11.465]
04-21 17:22:11.484 31216 31350 D ar_activity: [TRACKING TransformPointToPose time=2023-04-21 17:22:11.483]
04-21 17:22:11.484 31216 31350 D ar_activity: send stroke to firebase, id=-NT_gXavFuwbijn0CpO3
04-21 17:22:11.484 31216 31350 D ar_activity: [[2d] after update lines time=2023-04-21 17:22:11.484]
04-21 17:22:11.503 31216 31350 D ar_activity: [TRACKING TransformPointToPose time=2023-04-21 17:22:11.503]
04-21 17:22:11.503 31216 31350 D ar_activity: send stroke to firebase, id=-NT_gXavFuwbijn0CpO3
04-21 17:22:11.504 31216 31350 D ar_activity: [[2d] after update lines time=2023-04-21 17:22:11.504]
04-21 17:22:11.524 31216 31350 D ar_activity: [TRACKING TransformPointToPose time=2023-04-21 17:22:11.524]
04-21 17:22:11.525 31216 31350 D ar_activity: send stroke to firebase, id=-NT_gXavFuwbijn0CpO3
04-21 17:22:11.527 31216 31350 D ar_activity: [[2d] after update lines time=2023-04-21 17:22:11.526]
04-21 17:22:11.540 31216 31216 D ar_activity: [[2a end - 2d start] onChildChanged stroke id=-NT_gXavFuwbijn0CpO3 time=2023-04-21 17:22:11.540]
04-21 17:22:11.549 31216 31350 D ar_activity: [TRACKING TransformPointToPose time=2023-04-21 17:22:11.549]
04-21 17:22:11.550 31216 31350 D ar_activity: [TRACKING TransformPointToPose time=2023-04-21 17:22:11.549]
04-21 17:22:11.550 31216 31350 D ar_activity: send stroke to firebase, id=-NT_gXavFuwbijn0CpO3
04-21 17:22:11.550 31216 31350 D ar_activity: [[2d] after update lines time=2023-04-21 17:22:11.550]
04-21 17:22:11.569 31216 31350 D ar_activity: [TRACKING TransformPointToPose time=2023-04-21 17:22:11.569]
04-21 17:22:11.570 31216 31350 D ar_activity: send stroke to firebase, id=-NT_gXavFuwbijn0CpO3
04-21 17:22:11.570 31216 31350 D ar_activity: [[2d] after update lines time=2023-04-21 17:22:11.570]
04-21 17:22:11.586 31216 31216 D ar_activity: [[2a end - 2d start] onChildChanged stroke id=-NT_gXavFuwbijn0CpO3 time=2023-04-21 17:22:11.586]
04-21 17:22:11.591 31216 31350 D ar_activity: [TRACKING TransformPointToPose time=2023-04-21 17:22:11.591]
04-21 17:22:11.591 31216 31350 D ar_activity: [TRACKING TransformPointToPose time=2023-04-21 17:22:11.591]
04-21 17:22:11.592 31216 31350 D ar_activity: send stroke to firebase, id=-NT_gXavFuwbijn0CpO3
04-21 17:22:11.592 31216 31350 D ar_activity: [[2d] after update lines time=2023-04-21 17:22:11.592]
04-21 17:22:11.610 31216 31350 D ar_activity: [TRACKING TransformPointToPose time=2023-04-21 17:22:11.610]
04-21 17:22:11.611 31216 31350 D ar_activity: send stroke to firebase, id=-NT_gXavFuwbijn0CpO3
04-21 17:22:11.611 31216 31350 D ar_activity: [[2d] after update lines time=2023-04-21 17:22:11.611]
04-21 17:22:11.632 31216 31350 D ar_activity: [TRACKING TransformPointToPose time=2023-04-21 17:22:11.632]
04-21 17:22:11.632 31216 31350 D ar_activity: send stroke to firebase, id=-NT_gXavFuwbijn0CpO3
04-21 17:22:11.633 31216 31350 D ar_activity: [[2d] after update lines time=2023-04-21 17:22:11.632]
04-21 17:22:11.651 31216 31350 D ar_activity: [TRACKING TransformPointToPose time=2023-04-21 17:22:11.651]
04-21 17:22:11.651 31216 31350 D ar_activity: [TRACKING TransformPointToPose time=2023-04-21 17:22:11.651]
04-21 17:22:11.651 31216 31350 D ar_activity: send stroke to firebase, id=-NT_gXavFuwbijn0CpO3
04-21 17:22:11.652 31216 31350 D ar_activity: [[2d] after update lines time=2023-04-21 17:22:11.652]
04-21 17:22:11.676 31216 31216 D ar_activity: [[2a end - 2d start] onChildChanged stroke id=-NT_gXavFuwbijn0CpO3 time=2023-04-21 17:22:11.676]
04-21 17:22:11.678 31216 31350 D ar_activity: [TRACKING TransformPointToPose time=2023-04-21 17:22:11.678]
04-21 17:22:11.679 31216 31350 D ar_activity: send stroke to firebase, id=-NT_gXavFuwbijn0CpO3
04-21 17:22:11.680 31216 31350 D ar_activity: [[2d] after update lines time=2023-04-21 17:22:11.680]
04-21 17:22:11.699 31216 31350 D ar_activity: [TRACKING TransformPointToPose time=2023-04-21 17:22:11.699]
04-21 17:22:11.699 31216 31350 D ar_activity: [TRACKING TransformPointToPose time=2023-04-21 17:22:11.699]
04-21 17:22:11.699 31216 31350 D ar_activity: send stroke to firebase, id=-NT_gXavFuwbijn0CpO3
04-21 17:22:11.700 31216 31350 D ar_activity: [[2d] after update lines time=2023-04-21 17:22:11.700]
04-21 17:22:11.722 31216 31350 D ar_activity: [TRACKING TransformPointToPose time=2023-04-21 17:22:11.720]
04-21 17:22:11.723 31216 31350 D ar_activity: send stroke to firebase, id=-NT_gXavFuwbijn0CpO3
04-21 17:22:11.724 31216 31216 D ar_activity: [[2a end - 2d start] onChildChanged stroke id=-NT_gXavFuwbijn0CpO3 time=2023-04-21 17:22:11.724]
04-21 17:22:11.725 31216 31350 D ar_activity: [[2d] after update lines time=2023-04-21 17:22:11.724]
04-21 17:22:11.747 31216 31350 D ar_activity: [TRACKING TransformPointToPose time=2023-04-21 17:22:11.747]
04-21 17:22:11.747 31216 31350 D ar_activity: send stroke to firebase, id=-NT_gXavFuwbijn0CpO3
04-21 17:22:11.748 31216 31350 D ar_activity: [[2d] after update lines time=2023-04-21 17:22:11.748]
04-21 17:22:11.768 31216 31350 D ar_activity: [TRACKING TransformPointToPose time=2023-04-21 17:22:11.768]
04-21 17:22:11.768 31216 31350 D ar_activity: [TRACKING TransformPointToPose time=2023-04-21 17:22:11.768]
04-21 17:22:11.768 31216 31350 D ar_activity: send stroke to firebase, id=-NT_gXavFuwbijn0CpO3
04-21 17:22:11.769 31216 31350 D ar_activity: [[2d] after update lines time=2023-04-21 17:22:11.769]
04-21 17:22:11.788 31216 31350 D ar_activity: [TRACKING TransformPointToPose time=2023-04-21 17:22:11.787]
04-21 17:22:11.788 31216 31350 D ar_activity: send stroke to firebase, id=-NT_gXavFuwbijn0CpO3
04-21 17:22:11.789 31216 31350 D ar_activity: [[2d] after update lines time=2023-04-21 17:22:11.788]
04-21 17:22:11.808 31216 31350 D ar_activity: [TRACKING TransformPointToPose time=2023-04-21 17:22:11.808]
04-21 17:22:11.808 31216 31350 D ar_activity: send stroke to firebase, id=-NT_gXavFuwbijn0CpO3
04-21 17:22:11.810 31216 31350 D ar_activity: [[2d] after update lines time=2023-04-21 17:22:11.809]
04-21 17:22:11.817 31216 31216 D ar_activity: [[2a end - 2d start] onChildChanged stroke id=-NT_gXavFuwbijn0CpO3 time=2023-04-21 17:22:11.816]
04-21 17:22:11.835 31216 31350 D ar_activity: [TRACKING TransformPointToPose time=2023-04-21 17:22:11.834]
04-21 17:22:11.836 31216 31350 D ar_activity: [TRACKING TransformPointToPose time=2023-04-21 17:22:11.836]
04-21 17:22:11.837 31216 31350 D ar_activity: send stroke to firebase, id=-NT_gXavFuwbijn0CpO3
04-21 17:22:11.838 31216 31350 D ar_activity: [[2d] after update lines time=2023-04-21 17:22:11.838]
04-21 17:22:11.858 31216 31350 D ar_activity: [TRACKING TransformPointToPose time=2023-04-21 17:22:11.858]
04-21 17:22:11.859 31216 31350 D ar_activity: send stroke to firebase, id=-NT_gXavFuwbijn0CpO3
04-21 17:22:11.861 31216 31350 D ar_activity: [[2d] after update lines time=2023-04-21 17:22:11.861]
04-21 17:22:11.869 31216 31216 D ar_activity: [[2a end - 2d start] onChildChanged stroke id=-NT_gXavFuwbijn0CpO3 time=2023-04-21 17:22:11.869]
04-21 17:22:11.880 31216 31350 D ar_activity: [TRACKING TransformPointToPose time=2023-04-21 17:22:11.880]
04-21 17:22:11.881 31216 31350 D ar_activity: send stroke to firebase, id=-NT_gXavFuwbijn0CpO3
04-21 17:22:11.881 31216 31350 D ar_activity: [[2d] after update lines time=2023-04-21 17:22:11.881]
04-21 17:22:11.900 31216 31350 D ar_activity: [TRACKING TransformPointToPose time=2023-04-21 17:22:11.900]
04-21 17:22:11.901 31216 31350 D ar_activity: [TRACKING TransformPointToPose time=2023-04-21 17:22:11.900]
04-21 17:22:11.901 31216 31350 D ar_activity: send stroke to firebase, id=-NT_gXavFuwbijn0CpO3
04-21 17:22:11.901 31216 31350 D ar_activity: [[2d] after update lines time=2023-04-21 17:22:11.901]
04-21 17:22:11.921 31216 31350 D ar_activity: [TRACKING TransformPointToPose time=2023-04-21 17:22:11.921]
04-21 17:22:11.921 31216 31350 D ar_activity: send stroke to firebase, id=-NT_gXavFuwbijn0CpO3
04-21 17:22:11.924 31216 31350 D ar_activity: [[2d] after update lines time=2023-04-21 17:22:11.924]
04-21 17:22:11.936 31216 31216 D ar_activity: [[2a end - 2d start] onChildChanged stroke id=-NT_gXavFuwbijn0CpO3 time=2023-04-21 17:22:11.936]
04-21 17:22:11.943 31216 31350 D ar_activity: [TRACKING TransformPointToPose time=2023-04-21 17:22:11.943]
04-21 17:22:11.943 31216 31350 D ar_activity: send stroke to firebase, id=-NT_gXavFuwbijn0CpO3
04-21 17:22:11.943 31216 31350 D ar_activity: [[2d] after update lines time=2023-04-21 17:22:11.943]
04-21 17:22:11.963 31216 31350 D ar_activity: [TRACKING TransformPointToPose time=2023-04-21 17:22:11.962]
04-21 17:22:11.963 31216 31350 D ar_activity: send stroke to firebase, id=-NT_gXavFuwbijn0CpO3
04-21 17:22:11.966 31216 31350 D ar_activity: [[2d] after update lines time=2023-04-21 17:22:11.965]
04-21 17:22:11.989 31216 31350 D ar_activity: [TRACKING TransformPointToPose time=2023-04-21 17:22:11.989]
04-21 17:22:11.990 31216 31350 D ar_activity: [TRACKING TransformPointToPose time=2023-04-21 17:22:11.989]
04-21 17:22:11.990 31216 31350 D ar_activity: send stroke to firebase, id=-NT_gXavFuwbijn0CpO3
04-21 17:22:11.990 31216 31350 D ar_activity: [[2d] after update lines time=2023-04-21 17:22:11.990]
04-21 17:22:12.008 31216 31350 D ar_activity: [TRACKING TransformPointToPose time=2023-04-21 17:22:12.008]
04-21 17:22:12.009 31216 31350 D ar_activity: send stroke to firebase, id=-NT_gXavFuwbijn0CpO3
04-21 17:22:12.009 31216 31350 D ar_activity: [[2d] after update lines time=2023-04-21 17:22:12.009]
04-21 17:22:12.016 31216 31216 D ar_activity: [[2a end - 2d start] onChildChanged stroke id=-NT_gXavFuwbijn0CpO3 time=2023-04-21 17:22:12.016]
04-21 17:22:12.028 31216 31350 D ar_activity: [TRACKING TransformPointToPose time=2023-04-21 17:22:12.028]
04-21 17:22:12.028 31216 31350 D ar_activity: send stroke to firebase, id=-NT_gXavFuwbijn0CpO3
04-21 17:22:12.029 31216 31350 D ar_activity: [[2d] after update lines time=2023-04-21 17:22:12.028]
04-21 17:22:12.051 31216 31350 D ar_activity: [TRACKING TransformPointToPose time=2023-04-21 17:22:12.051]
04-21 17:22:12.051 31216 31350 D ar_activity: [TRACKING TransformPointToPose time=2023-04-21 17:22:12.051]
04-21 17:22:12.051 31216 31350 D ar_activity: send stroke to firebase, id=-NT_gXavFuwbijn0CpO3
04-21 17:22:12.052 31216 31350 D ar_activity: [[2d] after update lines time=2023-04-21 17:22:12.052]
04-21 17:22:12.071 31216 31216 D ar_activity: [[2a end - 2d start] onChildChanged stroke id=-NT_gXavFuwbijn0CpO3 time=2023-04-21 17:22:12.071]
04-21 17:22:12.073 31216 31350 D ar_activity: [TRACKING TransformPointToPose time=2023-04-21 17:22:12.072]
04-21 17:22:12.074 31216 31350 D ar_activity: send stroke to firebase, id=-NT_gXavFuwbijn0CpO3
