--------- beginning of main
04-21 16:47:02.385 20344 20479 D ar_activity: [[2d] after update lines time=2023-04-21 16:47:02.344]
04-21 16:47:05.281 20344 20344 D ar_activity: [--- pair start --- time=2023-04-21 16:47:05.280]
04-21 16:47:05.281 20344 20344 D ar_activity: [--- pair session start --- time=2023-04-21 16:47:05.281]
04-21 16:47:05.317 20344 20344 D ar_activity: [create room: Message{namespace='', type='', content=[34 bytes]} time=2023-04-21 16:47:05.316]
04-21 16:47:05.331 20344 20344 D ar_activity: LOOKING: 2023-04-21 16:47:05.331
04-21 16:47:10.068 20344 20344 D ar_activity: [--- pair joined --- time=2023-04-21 16:47:10.067]
04-21 16:47:10.074 20344 20344 D ar_activity: PARTNER FOUND: 2023-04-21 16:47:10.074
04-21 16:47:12.079 20344 20344 D ar_activity: SET ANCHOR: 2023-04-21 16:47:12.078
04-21 16:47:13.160 20344 20344 D ar_activity: [anchor resolution changed: null time=2023-04-21 16:47:13.160]
04-21 16:47:14.057 20344 20344 D ar_activity: [--- sync ready to set anchor --- time=2023-04-21 16:47:14.057]
04-21 16:47:14.057 20344 20344 D ar_activity: [--- sync: sendSetAnchorEvent --- time=2023-04-21 16:47:14.057]
04-21 16:47:14.058 20344 20344 D ar_activity: --- start creating anchor: 2023-04-21 16:47:14.058 ---
04-21 16:47:14.058 20344 20344 D ar_activity: --- anchor: com.google.ar.core.Anchor@b49fa409 ---
04-21 16:47:14.058 20344 20344 D ar_activity: --- finish creating anchor: 2023-04-21 16:47:14.058 ---
04-21 16:47:14.059 20344 20344 D ar_activity: [hostAnchor start time=2023-04-21 16:47:14.059]
04-21 16:47:14.059 20344 20344 D ar_activity: [hostAnchor end time=2023-04-21 16:47:14.059]
04-21 16:47:14.059 20344 20344 D ar_activity: Start CONNECTING: 2023-04-21 16:47:14.059
04-21 16:47:14.074 20344 20479 D ar_activity: [--- anchor: onUpdate--- time=2023-04-21 16:47:14.073]
04-21 16:47:16.609 20344 20479 D ar_activity: [--- anchor: onUpdate--- time=2023-04-21 16:47:16.608]
04-21 16:47:16.830 20344 20479 D ar_activity: [--- anchor: onUpdate--- time=2023-04-21 16:47:16.829]
04-21 16:47:16.830 20344 20479 D ar_activity: [--- onAnchorHosted [HOSTED]--- time=2023-04-21 16:47:16.830]
04-21 16:47:16.838 20344 20344 D ar_activity: [anchor resolution changed: false time=2023-04-21 16:47:16.835]
04-21 16:48:14.000 20344 20344 D ar_activity: [anchor resolution changed: true time=2023-04-21 16:48:13.999]
04-21 16:48:14.003 20344 20344 D ar_activity: [onAnchorResolutionError: null time=2023-04-21 16:48:14.003]
04-21 16:48:15.410 20344 20344 D ar_activity: SET ANCHOR: 2023-04-21 16:48:15.410
04-21 16:48:16.185 20344 20344 D ar_activity: [--- sync ready to set anchor --- time=2023-04-21 16:48:16.184]
04-21 16:48:16.185 20344 20344 D ar_activity: [--- sync: sendSetAnchorEvent --- time=2023-04-21 16:48:16.185]
04-21 16:48:16.185 20344 20344 D ar_activity: --- start creating anchor: 2023-04-21 16:48:16.185 ---
04-21 16:48:16.186 20344 20344 D ar_activity: --- anchor: com.google.ar.core.Anchor@b49ece89 ---
04-21 16:48:16.186 20344 20344 D ar_activity: --- finish creating anchor: 2023-04-21 16:48:16.186 ---
04-21 16:48:16.186 20344 20344 D ar_activity: [hostAnchor start time=2023-04-21 16:48:16.186]
04-21 16:48:16.186 20344 20344 D ar_activity: [hostAnchor end time=2023-04-21 16:48:16.186]
04-21 16:48:16.193 20344 20479 D ar_activity: [--- anchor: onUpdate--- time=2023-04-21 16:48:16.193]
04-21 16:48:16.208 20344 20344 D ar_activity: [anchor resolution changed: null time=2023-04-21 16:48:16.208]
04-21 16:48:16.209 20344 20344 D ar_activity: Start CONNECTING: 2023-04-21 16:48:16.209
04-21 16:48:19.499 20344 20479 D ar_activity: [--- anchor: onUpdate--- time=2023-04-21 16:48:19.499]
04-21 16:48:19.499 20344 20479 D ar_activity: [--- onAnchorHosted [HOSTED]--- time=2023-04-21 16:48:19.499]
04-21 16:48:19.503 20344 20344 D ar_activity: [anchor resolution changed: false time=2023-04-21 16:48:19.503]
04-21 16:48:20.433 20344 20344 D ar_activity: [--- sync: finish syncing anchor --- time=2023-04-21 16:48:20.433]
04-21 16:48:20.440 20344 20344 D ar_activity: SYNCED: 2023-04-21 16:48:20.440
04-21 16:48:30.021 20344 20344 D ar_activity: [[1a start] touch screen time=2023-04-21 16:48:30.020]
04-21 16:48:30.035 20344 20479 D ar_activity: addStroke at 2023-04-21 16:48:30.035
04-21 16:48:30.036 20344 20479 D ar_activity: stroke (id: -NT_ZpZv7esB0leIJ-Kq) was added at 2023-04-21 16:48:30.036
04-21 16:48:30.037 20344 20479 D ar_activity: [[1b start] setFirebaseValue stroke id=-NT_ZpZv7esB0leIJ-Kq time=2023-04-21 16:48:30.037]
04-21 16:48:30.042 20344 20479 D ar_activity: [TRACKING TransformPointToPose time=2023-04-21 16:48:30.040]
04-21 16:48:30.043 20344 20344 D ar_activity: [[2a end - 2d start] onChildAdded stroke id=-NT_ZpZv7esB0leIJ-Kq time=2023-04-21 16:48:30.042]
04-21 16:48:30.043 20344 20479 D ar_activity: [TRACKING TransformPointToPose time=2023-04-21 16:48:30.043]
04-21 16:48:30.043 20344 20479 D ar_activity: send stroke to firebase, id=-NT_ZpZv7esB0leIJ-Kq
04-21 16:48:30.044 20344 20479 D ar_activity: [[2d] after update lines time=2023-04-21 16:48:30.044]
04-21 16:48:30.064 20344 20479 D ar_activity: [TRACKING TransformPointToPose time=2023-04-21 16:48:30.064]
04-21 16:48:30.065 20344 20479 D ar_activity: send stroke to firebase, id=-NT_ZpZv7esB0leIJ-Kq
04-21 16:48:30.067 20344 20479 D ar_activity: [[2d] after update lines time=2023-04-21 16:48:30.066]
04-21 16:48:30.087 20344 20479 D ar_activity: [TRACKING TransformPointToPose time=2023-04-21 16:48:30.087]
04-21 16:48:30.087 20344 20479 D ar_activity: send stroke to firebase, id=-NT_ZpZv7esB0leIJ-Kq
04-21 16:48:30.088 20344 20479 D ar_activity: [[2d] after update lines time=2023-04-21 16:48:30.088]
04-21 16:48:30.111 20344 20479 D ar_activity: [TRACKING TransformPointToPose time=2023-04-21 16:48:30.111]
04-21 16:48:30.111 20344 20479 D ar_activity: send stroke to firebase, id=-NT_ZpZv7esB0leIJ-Kq
04-21 16:48:30.112 20344 20479 D ar_activity: [[2d] after update lines time=2023-04-21 16:48:30.112]
04-21 16:48:30.114 20344 20344 D ar_activity: [[1b start] setFirebaseValue stroke id=-NT_ZpZv7esB0leIJ-Kq time=2023-04-21 16:48:30.114]
04-21 16:48:30.130 20344 20344 D ar_activity: [[2a end - 2d start] onChildChanged stroke id=-NT_ZpZv7esB0leIJ-Kq time=2023-04-21 16:48:30.130]
04-21 16:48:30.148 20344 20479 D ar_activity: [TRACKING TransformPointToPose time=2023-04-21 16:48:30.148]
04-21 16:48:30.149 20344 20479 D ar_activity: send stroke to firebase, id=-NT_ZpZv7esB0leIJ-Kq
04-21 16:48:30.149 20344 20479 D ar_activity: [[2d] after update lines time=2023-04-21 16:48:30.149]
04-21 16:48:30.170 20344 20479 D ar_activity: [TRACKING TransformPointToPose time=2023-04-21 16:48:30.170]
04-21 16:48:30.170 20344 20479 D ar_activity: send stroke to firebase, id=-NT_ZpZv7esB0leIJ-Kq
04-21 16:48:30.171 20344 20479 D ar_activity: [[2d] after update lines time=2023-04-21 16:48:30.171]
04-21 16:48:30.192 20344 20479 D ar_activity: [TRACKING TransformPointToPose time=2023-04-21 16:48:30.192]
04-21 16:48:30.192 20344 20479 D ar_activity: send stroke to firebase, id=-NT_ZpZv7esB0leIJ-Kq
04-21 16:48:30.193 20344 20479 D ar_activity: [[2d] after update lines time=2023-04-21 16:48:30.193]
04-21 16:48:30.212 20344 20479 D ar_activity: [TRACKING TransformPointToPose time=2023-04-21 16:48:30.212]
04-21 16:48:30.212 20344 20479 D ar_activity: send stroke to firebase, id=-NT_ZpZv7esB0leIJ-Kq
04-21 16:48:30.215 20344 20479 D ar_activity: [[2d] after update lines time=2023-04-21 16:48:30.214]
04-21 16:48:30.236 20344 20344 D ar_activity: [[2a end - 2d start] onChildChanged stroke id=-NT_ZpZv7esB0leIJ-Kq time=2023-04-21 16:48:30.235]
04-21 16:48:30.237 20344 20479 D ar_activity: [TRACKING TransformPointToPose time=2023-04-21 16:48:30.237]
04-21 16:48:30.237 20344 20479 D ar_activity: send stroke to firebase, id=-NT_ZpZv7esB0leIJ-Kq
04-21 16:48:30.238 20344 20479 D ar_activity: [[2d] after update lines time=2023-04-21 16:48:30.238]
04-21 16:48:30.265 20344 20479 D ar_activity: [TRACKING TransformPointToPose time=2023-04-21 16:48:30.265]
04-21 16:48:30.265 20344 20479 D ar_activity: send stroke to firebase, id=-NT_ZpZv7esB0leIJ-Kq
04-21 16:48:30.265 20344 20479 D ar_activity: [[2d] after update lines time=2023-04-21 16:48:30.265]
04-21 16:48:30.286 20344 20479 D ar_activity: [TRACKING TransformPointToPose time=2023-04-21 16:48:30.286]
04-21 16:48:30.286 20344 20479 D ar_activity: send stroke to firebase, id=-NT_ZpZv7esB0leIJ-Kq
04-21 16:48:30.287 20344 20479 D ar_activity: [[2d] after update lines time=2023-04-21 16:48:30.286]
04-21 16:48:30.297 20344 20344 D ar_activity: [[2a end - 2d start] onChildChanged stroke id=-NT_ZpZv7esB0leIJ-Kq time=2023-04-21 16:48:30.297]
04-21 16:48:30.305 20344 20479 D ar_activity: [TRACKING TransformPointToPose time=2023-04-21 16:48:30.305]
04-21 16:48:30.305 20344 20479 D ar_activity: send stroke to firebase, id=-NT_ZpZv7esB0leIJ-Kq
04-21 16:48:30.307 20344 20479 D ar_activity: [[2d] after update lines time=2023-04-21 16:48:30.306]
04-21 16:48:30.328 20344 20479 D ar_activity: [TRACKING TransformPointToPose time=2023-04-21 16:48:30.327]
04-21 16:48:30.328 20344 20479 D ar_activity: [TRACKING TransformPointToPose time=2023-04-21 16:48:30.328]
04-21 16:48:30.328 20344 20479 D ar_activity: send stroke to firebase, id=-NT_ZpZv7esB0leIJ-Kq
04-21 16:48:30.328 20344 20479 D ar_activity: [[2d] after update lines time=2023-04-21 16:48:30.328]
04-21 16:48:30.347 20344 20479 D ar_activity: [TRACKING TransformPointToPose time=2023-04-21 16:48:30.347]
04-21 16:48:30.347 20344 20479 D ar_activity: [TRACKING TransformPointToPose time=2023-04-21 16:48:30.347]
04-21 16:48:30.347 20344 20479 D ar_activity: send stroke to firebase, id=-NT_ZpZv7esB0leIJ-Kq
04-21 16:48:30.348 20344 20479 D ar_activity: [[2d] after update lines time=2023-04-21 16:48:30.348]
04-21 16:48:30.367 20344 20479 D ar_activity: [TRACKING TransformPointToPose time=2023-04-21 16:48:30.367]
04-21 16:48:30.367 20344 20479 D ar_activity: [TRACKING TransformPointToPose time=2023-04-21 16:48:30.367]
04-21 16:48:30.368 20344 20479 D ar_activity: send stroke to firebase, id=-NT_ZpZv7esB0leIJ-Kq
04-21 16:48:30.368 20344 20479 D ar_activity: [[2d] after update lines time=2023-04-21 16:48:30.368]
04-21 16:48:30.370 20344 20344 D ar_activity: [[2a end - 2d start] onChildChanged stroke id=-NT_ZpZv7esB0leIJ-Kq time=2023-04-21 16:48:30.370]
04-21 16:48:30.387 20344 20479 D ar_activity: [TRACKING TransformPointToPose time=2023-04-21 16:48:30.386]
04-21 16:48:30.387 20344 20479 D ar_activity: send stroke to firebase, id=-NT_ZpZv7esB0leIJ-Kq
04-21 16:48:30.387 20344 20479 D ar_activity: [[2d] after update lines time=2023-04-21 16:48:30.387]
04-21 16:48:30.406 20344 20479 D ar_activity: [TRACKING TransformPointToPose time=2023-04-21 16:48:30.405]
04-21 16:48:30.406 20344 20479 D ar_activity: send stroke to firebase, id=-NT_ZpZv7esB0leIJ-Kq
04-21 16:48:30.407 20344 20479 D ar_activity: [[2d] after update lines time=2023-04-21 16:48:30.407]
04-21 16:48:30.428 20344 20344 D ar_activity: [[2a end - 2d start] onChildChanged stroke id=-NT_ZpZv7esB0leIJ-Kq time=2023-04-21 16:48:30.428]
04-21 16:48:30.430 20344 20479 D ar_activity: [TRACKING TransformPointToPose time=2023-04-21 16:48:30.430]
04-21 16:48:30.430 20344 20479 D ar_activity: [TRACKING TransformPointToPose time=2023-04-21 16:48:30.430]
04-21 16:48:30.430 20344 20479 D ar_activity: send stroke to firebase, id=-NT_ZpZv7esB0leIJ-Kq
04-21 16:48:30.431 20344 20479 D ar_activity: [[2d] after update lines time=2023-04-21 16:48:30.431]
04-21 16:48:30.449 20344 20479 D ar_activity: [TRACKING TransformPointToPose time=2023-04-21 16:48:30.449]
04-21 16:48:30.450 20344 20479 D ar_activity: send stroke to firebase, id=-NT_ZpZv7esB0leIJ-Kq
04-21 16:48:30.450 20344 20479 D ar_activity: [[2d] after update lines time=2023-04-21 16:48:30.450]
04-21 16:48:30.470 20344 20479 D ar_activity: [TRACKING TransformPointToPose time=2023-04-21 16:48:30.470]
04-21 16:48:30.470 20344 20479 D ar_activity: [TRACKING TransformPointToPose time=2023-04-21 16:48:30.470]
04-21 16:48:30.470 20344 20479 D ar_activity: send stroke to firebase, id=-NT_ZpZv7esB0leIJ-Kq
04-21 16:48:30.471 20344 20479 D ar_activity: [[2d] after update lines time=2023-04-21 16:48:30.471]
04-21 16:48:30.486 20344 20344 D ar_activity: [[2a end - 2d start] onChildChanged stroke id=-NT_ZpZv7esB0leIJ-Kq time=2023-04-21 16:48:30.486]
04-21 16:48:30.490 20344 20479 D ar_activity: [TRACKING TransformPointToPose time=2023-04-21 16:48:30.489]
04-21 16:48:30.490 20344 20479 D ar_activity: send stroke to firebase, id=-NT_ZpZv7esB0leIJ-Kq
04-21 16:48:30.490 20344 20479 D ar_activity: [[2d] after update lines time=2023-04-21 16:48:30.490]
04-21 16:48:30.510 20344 20479 D ar_activity: [TRACKING TransformPointToPose time=2023-04-21 16:48:30.510]
04-21 16:48:30.510 20344 20479 D ar_activity: send stroke to firebase, id=-NT_ZpZv7esB0leIJ-Kq
04-21 16:48:30.511 20344 20479 D ar_activity: [[2d] after update lines time=2023-04-21 16:48:30.511]
04-21 16:48:30.530 20344 20479 D ar_activity: [TRACKING TransformPointToPose time=2023-04-21 16:48:30.530]
04-21 16:48:30.530 20344 20479 D ar_activity: send stroke to firebase, id=-NT_ZpZv7esB0leIJ-Kq
04-21 16:48:30.530 20344 20479 D ar_activity: [[2d] after update lines time=2023-04-21 16:48:30.530]
04-21 16:48:30.549 20344 20479 D ar_activity: [TRACKING TransformPointToPose time=2023-04-21 16:48:30.548]
04-21 16:48:30.549 20344 20479 D ar_activity: send stroke to firebase, id=-NT_ZpZv7esB0leIJ-Kq
04-21 16:48:30.560 20344 20479 D ar_activity: [[2d] after update lines time=2023-04-21 16:48:30.559]
04-21 16:48:30.560 20344 20344 D ar_activity: [[2a end - 2d start] onChildChanged stroke id=-NT_ZpZv7esB0leIJ-Kq time=2023-04-21 16:48:30.560]
04-21 16:48:30.580 20344 20479 D ar_activity: [TRACKING TransformPointToPose time=2023-04-21 16:48:30.580]
04-21 16:48:30.581 20344 20479 D ar_activity: send stroke to firebase, id=-NT_ZpZv7esB0leIJ-Kq
04-21 16:48:30.581 20344 20479 D ar_activity: [[2d] after update lines time=2023-04-21 16:48:30.581]
04-21 16:48:30.602 20344 20479 D ar_activity: [TRACKING TransformPointToPose time=2023-04-21 16:48:30.601]
04-21 16:48:30.602 20344 20479 D ar_activity: send stroke to firebase, id=-NT_ZpZv7esB0leIJ-Kq
04-21 16:48:30.602 20344 20479 D ar_activity: [[2d] after update lines time=2023-04-21 16:48:30.602]
04-21 16:48:30.620 20344 20344 D ar_activity: [[2a end - 2d start] onChildChanged stroke id=-NT_ZpZv7esB0leIJ-Kq time=2023-04-21 16:48:30.620]
04-21 16:48:30.622 20344 20479 D ar_activity: [TRACKING TransformPointToPose time=2023-04-21 16:48:30.621]
04-21 16:48:30.622 20344 20479 D ar_activity: send stroke to firebase, id=-NT_ZpZv7esB0leIJ-Kq
04-21 16:48:30.623 20344 20479 D ar_activity: [[2d] after update lines time=2023-04-21 16:48:30.623]
04-21 16:48:30.644 20344 20479 D ar_activity: [TRACKING TransformPointToPose time=2023-04-21 16:48:30.644]
04-21 16:48:30.644 20344 20479 D ar_activity: send stroke to firebase, id=-NT_ZpZv7esB0leIJ-Kq
04-21 16:48:30.646 20344 20479 D ar_activity: [[2d] after update lines time=2023-04-21 16:48:30.645]
04-21 16:48:30.664 20344 20479 D ar_activity: [TRACKING TransformPointToPose time=2023-04-21 16:48:30.664]
04-21 16:48:30.664 20344 20479 D ar_activity: send stroke to firebase, id=-NT_ZpZv7esB0leIJ-Kq
04-21 16:48:30.665 20344 20479 D ar_activity: [[2d] after update lines time=2023-04-21 16:48:30.665]
04-21 16:48:30.683 20344 20344 D ar_activity: [[2a end - 2d start] onChildChanged stroke id=-NT_ZpZv7esB0leIJ-Kq time=2023-04-21 16:48:30.682]
04-21 16:48:30.684 20344 20479 D ar_activity: [TRACKING TransformPointToPose time=2023-04-21 16:48:30.684]
04-21 16:48:30.684 20344 20479 D ar_activity: send stroke to firebase, id=-NT_ZpZv7esB0leIJ-Kq
04-21 16:48:30.684 20344 20479 D ar_activity: [[2d] after update lines time=2023-04-21 16:48:30.684]
04-21 16:48:30.703 20344 20479 D ar_activity: [TRACKING TransformPointToPose time=2023-04-21 16:48:30.703]
04-21 16:48:30.703 20344 20479 D ar_activity: send stroke to firebase, id=-NT_ZpZv7esB0leIJ-Kq
04-21 16:48:30.704 20344 20479 D ar_activity: [[2d] after update lines time=2023-04-21 16:48:30.704]
04-21 16:48:30.722 20344 20479 D ar_activity: [TRACKING TransformPointToPose time=2023-04-21 16:48:30.722]
04-21 16:48:30.723 20344 20479 D ar_activity: send stroke to firebase, id=-NT_ZpZv7esB0leIJ-Kq
04-21 16:48:30.723 20344 20479 D ar_activity: [[2d] after update lines time=2023-04-21 16:48:30.723]
04-21 16:48:30.746 20344 20479 D ar_activity: [TRACKING TransformPointToPose time=2023-04-21 16:48:30.745]
04-21 16:48:30.746 20344 20479 D ar_activity: send stroke to firebase, id=-NT_ZpZv7esB0leIJ-Kq
04-21 16:48:30.746 20344 20479 D ar_activity: [[2d] after update lines time=2023-04-21 16:48:30.746]
04-21 16:48:30.762 20344 20344 D ar_activity: [[2a end - 2d start] onChildChanged stroke id=-NT_ZpZv7esB0leIJ-Kq time=2023-04-21 16:48:30.761]
04-21 16:48:30.765 20344 20479 D ar_activity: [TRACKING TransformPointToPose time=2023-04-21 16:48:30.764]
04-21 16:48:30.765 20344 20479 D ar_activity: send stroke to firebase, id=-NT_ZpZv7esB0leIJ-Kq
04-21 16:48:30.765 20344 20479 D ar_activity: [[2d] after update lines time=2023-04-21 16:48:30.765]
04-21 16:48:30.784 20344 20479 D ar_activity: [TRACKING TransformPointToPose time=2023-04-21 16:48:30.784]
04-21 16:48:30.784 20344 20479 D ar_activity: send stroke to firebase, id=-NT_ZpZv7esB0leIJ-Kq
04-21 16:48:30.785 20344 20479 D ar_activity: [[2d] after update lines time=2023-04-21 16:48:30.785]
04-21 16:48:30.804 20344 20479 D ar_activity: [TRACKING TransformPointToPose time=2023-04-21 16:48:30.804]
04-21 16:48:30.804 20344 20479 D ar_activity: send stroke to firebase, id=-NT_ZpZv7esB0leIJ-Kq
04-21 16:48:30.805 20344 20479 D ar_activity: [[2d] after update lines time=2023-04-21 16:48:30.805]
04-21 16:48:30.825 20344 20344 D ar_activity: [[2a end - 2d start] onChildChanged stroke id=-NT_ZpZv7esB0leIJ-Kq time=2023-04-21 16:48:30.824]
04-21 16:48:30.829 20344 20479 D ar_activity: [TRACKING TransformPointToPose time=2023-04-21 16:48:30.828]
04-21 16:48:30.829 20344 20479 D ar_activity: send stroke to firebase, id=-NT_ZpZv7esB0leIJ-Kq
04-21 16:48:30.829 20344 20479 D ar_activity: [[2d] after update lines time=2023-04-21 16:48:30.829]
04-21 16:48:30.847 20344 20479 D ar_activity: [TRACKING TransformPointToPose time=2023-04-21 16:48:30.847]
04-21 16:48:30.848 20344 20479 D ar_activity: send stroke to firebase, id=-NT_ZpZv7esB0leIJ-Kq
04-21 16:48:30.848 20344 20479 D ar_activity: [[2d] after update lines time=2023-04-21 16:48:30.848]
04-21 16:48:30.868 20344 20479 D ar_activity: [TRACKING TransformPointToPose time=2023-04-21 16:48:30.868]
04-21 16:48:30.868 20344 20479 D ar_activity: send stroke to firebase, id=-NT_ZpZv7esB0leIJ-Kq
04-21 16:48:30.869 20344 20479 D ar_activity: [[2d] after update lines time=2023-04-21 16:48:30.869]
04-21 16:48:30.886 20344 20344 D ar_activity: [[2a end - 2d start] onChildChanged stroke id=-NT_ZpZv7esB0leIJ-Kq time=2023-04-21 16:48:30.885]
04-21 16:48:37.255 20344 20344 D ar_activity: [[1a start] touch screen time=2023-04-21 16:48:37.255]
04-21 16:48:37.266 20344 20479 D ar_activity: addStroke at 2023-04-21 16:48:37.265
04-21 16:48:37.266 20344 20479 D ar_activity: stroke (id: -NT_ZrKtpiFI61SPXPuc) was added at 2023-04-21 16:48:37.266
04-21 16:48:37.266 20344 20479 D ar_activity: [[1b start] setFirebaseValue stroke id=-NT_ZrKtpiFI61SPXPuc time=2023-04-21 16:48:37.266]
04-21 16:48:37.267 20344 20479 D ar_activity: [TRACKING TransformPointToPose time=2023-04-21 16:48:37.267]
04-21 16:48:37.268 20344 20479 D ar_activity: send stroke to firebase, id=-NT_ZrKtpiFI61SPXPuc
04-21 16:48:37.269 20344 20344 D ar_activity: [[2a end - 2d start] onChildAdded stroke id=-NT_ZrKtpiFI61SPXPuc time=2023-04-21 16:48:37.268]
04-21 16:48:37.269 20344 20479 D ar_activity: [[2d] after update lines time=2023-04-21 16:48:37.269]
04-21 16:48:37.287 20344 20479 D ar_activity: [TRACKING TransformPointToPose time=2023-04-21 16:48:37.287]
04-21 16:48:37.287 20344 20479 D ar_activity: send stroke to firebase, id=-NT_ZrKtpiFI61SPXPuc
04-21 16:48:37.288 20344 20479 D ar_activity: [[2d] after update lines time=2023-04-21 16:48:37.288]
04-21 16:48:37.310 20344 20479 D ar_activity: [TRACKING TransformPointToPose time=2023-04-21 16:48:37.309]
04-21 16:48:37.310 20344 20479 D ar_activity: [TRACKING TransformPointToPose time=2023-04-21 16:48:37.310]
04-21 16:48:37.310 20344 20479 D ar_activity: send stroke to firebase, id=-NT_ZrKtpiFI61SPXPuc
04-21 16:48:37.310 20344 20479 D ar_activity: [[2d] after update lines time=2023-04-21 16:48:37.310]
04-21 16:48:37.329 20344 20479 D ar_activity: [TRACKING TransformPointToPose time=2023-04-21 16:48:37.329]
04-21 16:48:37.329 20344 20479 D ar_activity: [TRACKING TransformPointToPose time=2023-04-21 16:48:37.329]
04-21 16:48:37.329 20344 20479 D ar_activity: send stroke to firebase, id=-NT_ZrKtpiFI61SPXPuc
04-21 16:48:37.330 20344 20479 D ar_activity: [[2d] after update lines time=2023-04-21 16:48:37.330]
04-21 16:48:37.340 20344 20344 D ar_activity: [[1b start] setFirebaseValue stroke id=-NT_ZrKtpiFI61SPXPuc time=2023-04-21 16:48:37.340]
04-21 16:48:37.342 20344 20344 D ar_activity: [[2a end - 2d start] onChildChanged stroke id=-NT_ZrKtpiFI61SPXPuc time=2023-04-21 16:48:37.342]
04-21 16:48:37.352 20344 20479 D ar_activity: [TRACKING TransformPointToPose time=2023-04-21 16:48:37.352]
04-21 16:48:37.352 20344 20479 D ar_activity: [TRACKING TransformPointToPose time=2023-04-21 16:48:37.352]
04-21 16:48:37.352 20344 20479 D ar_activity: send stroke to firebase, id=-NT_ZrKtpiFI61SPXPuc
04-21 16:48:37.353 20344 20479 D ar_activity: [[2d] after update lines time=2023-04-21 16:48:37.353]
04-21 16:48:37.375 20344 20479 D ar_activity: [TRACKING TransformPointToPose time=2023-04-21 16:48:37.375]
04-21 16:48:37.375 20344 20479 D ar_activity: [TRACKING TransformPointToPose time=2023-04-21 16:48:37.375]
04-21 16:48:37.376 20344 20479 D ar_activity: send stroke to firebase, id=-NT_ZrKtpiFI61SPXPuc
04-21 16:48:37.378 20344 20479 D ar_activity: [[2d] after update lines time=2023-04-21 16:48:37.377]
04-21 16:48:37.401 20344 20479 D ar_activity: [TRACKING TransformPointToPose time=2023-04-21 16:48:37.400]
04-21 16:48:37.401 20344 20479 D ar_activity: [TRACKING TransformPointToPose time=2023-04-21 16:48:37.401]
04-21 16:48:37.401 20344 20479 D ar_activity: send stroke to firebase, id=-NT_ZrKtpiFI61SPXPuc
04-21 16:48:37.402 20344 20479 D ar_activity: [[2d] after update lines time=2023-04-21 16:48:37.402]
04-21 16:48:37.402 20344 20344 D ar_activity: [[2a end - 2d start] onChildChanged stroke id=-NT_ZrKtpiFI61SPXPuc time=2023-04-21 16:48:37.402]
04-21 16:48:37.421 20344 20479 D ar_activity: [TRACKING TransformPointToPose time=2023-04-21 16:48:37.420]
04-21 16:48:37.421 20344 20479 D ar_activity: [TRACKING TransformPointToPose time=2023-04-21 16:48:37.421]
04-21 16:48:37.421 20344 20479 D ar_activity: send stroke to firebase, id=-NT_ZrKtpiFI61SPXPuc
04-21 16:48:37.421 20344 20479 D ar_activity: [[2d] after update lines time=2023-04-21 16:48:37.421]
04-21 16:48:37.441 20344 20479 D ar_activity: [TRACKING TransformPointToPose time=2023-04-21 16:48:37.441]
04-21 16:48:37.441 20344 20479 D ar_activity: [TRACKING TransformPointToPose time=2023-04-21 16:48:37.441]
04-21 16:48:37.441 20344 20479 D ar_activity: send stroke to firebase, id=-NT_ZrKtpiFI61SPXPuc
04-21 16:48:37.442 20344 20479 D ar_activity: [[2d] after update lines time=2023-04-21 16:48:37.441]
04-21 16:48:37.464 20344 20479 D ar_activity: [TRACKING TransformPointToPose time=2023-04-21 16:48:37.464]
04-21 16:48:37.465 20344 20479 D ar_activity: [TRACKING TransformPointToPose time=2023-04-21 16:48:37.464]
04-21 16:48:37.465 20344 20479 D ar_activity: send stroke to firebase, id=-NT_ZrKtpiFI61SPXPuc
04-21 16:48:37.468 20344 20479 D ar_activity: [[2d] after update lines time=2023-04-21 16:48:37.467]
04-21 16:48:37.471 20344 20344 D ar_activity: [[2a end - 2d start] onChildChanged stroke id=-NT_ZrKtpiFI61SPXPuc time=2023-04-21 16:48:37.469]
04-21 16:48:37.494 20344 20479 D ar_activity: [TRACKING TransformPointToPose time=2023-04-21 16:48:37.494]
04-21 16:48:37.494 20344 20479 D ar_activity: [TRACKING TransformPointToPose time=2023-04-21 16:48:37.494]
04-21 16:48:37.495 20344 20479 D ar_activity: send stroke to firebase, id=-NT_ZrKtpiFI61SPXPuc
04-21 16:48:37.496 20344 20479 D ar_activity: [[2d] after update lines time=2023-04-21 16:48:37.495]
04-21 16:48:37.518 20344 20479 D ar_activity: [TRACKING TransformPointToPose time=2023-04-21 16:48:37.517]
04-21 16:48:37.518 20344 20479 D ar_activity: [TRACKING TransformPointToPose time=2023-04-21 16:48:37.518]
04-21 16:48:37.519 20344 20479 D ar_activity: [TRACKING TransformPointToPose time=2023-04-21 16:48:37.518]
04-21 16:48:37.519 20344 20479 D ar_activity: send stroke to firebase, id=-NT_ZrKtpiFI61SPXPuc
04-21 16:48:37.522 20344 20479 D ar_activity: [[2d] after update lines time=2023-04-21 16:48:37.521]
04-21 16:48:37.534 20344 20344 D ar_activity: [[2a end - 2d start] onChildChanged stroke id=-NT_ZrKtpiFI61SPXPuc time=2023-04-21 16:48:37.534]
04-21 16:48:37.543 20344 20479 D ar_activity: [TRACKING TransformPointToPose time=2023-04-21 16:48:37.543]
04-21 16:48:37.543 20344 20479 D ar_activity: [TRACKING TransformPointToPose time=2023-04-21 16:48:37.543]
04-21 16:48:37.543 20344 20479 D ar_activity: send stroke to firebase, id=-NT_ZrKtpiFI61SPXPuc
04-21 16:48:37.544 20344 20479 D ar_activity: [[2d] after update lines time=2023-04-21 16:48:37.543]
04-21 16:48:37.562 20344 20479 D ar_activity: [TRACKING TransformPointToPose time=2023-04-21 16:48:37.562]
04-21 16:48:37.562 20344 20479 D ar_activity: [TRACKING TransformPointToPose time=2023-04-21 16:48:37.562]
04-21 16:48:37.562 20344 20479 D ar_activity: send stroke to firebase, id=-NT_ZrKtpiFI61SPXPuc
04-21 16:48:37.563 20344 20479 D ar_activity: [[2d] after update lines time=2023-04-21 16:48:37.563]
04-21 16:48:37.584 20344 20479 D ar_activity: [TRACKING TransformPointToPose time=2023-04-21 16:48:37.584]
04-21 16:48:37.584 20344 20479 D ar_activity: [TRACKING TransformPointToPose time=2023-04-21 16:48:37.584]
04-21 16:48:37.584 20344 20479 D ar_activity: send stroke to firebase, id=-NT_ZrKtpiFI61SPXPuc
04-21 16:48:37.585 20344 20479 D ar_activity: [[2d] after update lines time=2023-04-21 16:48:37.585]
04-21 16:48:37.599 20344 20344 D ar_activity: [[2a end - 2d start] onChildChanged stroke id=-NT_ZrKtpiFI61SPXPuc time=2023-04-21 16:48:37.599]
04-21 16:48:37.603 20344 20479 D ar_activity: [TRACKING TransformPointToPose time=2023-04-21 16:48:37.603]
04-21 16:48:37.603 20344 20479 D ar_activity: send stroke to firebase, id=-NT_ZrKtpiFI61SPXPuc
04-21 16:48:37.604 20344 20479 D ar_activity: [[2d] after update lines time=2023-04-21 16:48:37.604]
04-21 16:48:37.623 20344 20479 D ar_activity: [TRACKING TransformPointToPose time=2023-04-21 16:48:37.622]
04-21 16:48:37.623 20344 20479 D ar_activity: send stroke to firebase, id=-NT_ZrKtpiFI61SPXPuc
04-21 16:48:37.623 20344 20479 D ar_activity: [[2d] after update lines time=2023-04-21 16:48:37.623]
04-21 16:48:37.643 20344 20479 D ar_activity: [TRACKING TransformPointToPose time=2023-04-21 16:48:37.643]
04-21 16:48:37.643 20344 20479 D ar_activity: [TRACKING TransformPointToPose time=2023-04-21 16:48:37.643]
04-21 16:48:37.643 20344 20479 D ar_activity: send stroke to firebase, id=-NT_ZrKtpiFI61SPXPuc
04-21 16:48:37.644 20344 20479 D ar_activity: [[2d] after update lines time=2023-04-21 16:48:37.644]
04-21 16:48:37.658 20344 20344 D ar_activity: [[2a end - 2d start] onChildChanged stroke id=-NT_ZrKtpiFI61SPXPuc time=2023-04-21 16:48:37.658]
04-21 16:48:37.663 20344 20479 D ar_activity: [TRACKING TransformPointToPose time=2023-04-21 16:48:37.662]
04-21 16:48:37.663 20344 20479 D ar_activity: [TRACKING TransformPointToPose time=2023-04-21 16:48:37.663]
04-21 16:48:37.663 20344 20479 D ar_activity: send stroke to firebase, id=-NT_ZrKtpiFI61SPXPuc
04-21 16:48:37.663 20344 20479 D ar_activity: [[2d] after update lines time=2023-04-21 16:48:37.663]
04-21 16:48:37.685 20344 20479 D ar_activity: [TRACKING TransformPointToPose time=2023-04-21 16:48:37.685]
04-21 16:48:37.685 20344 20479 D ar_activity: [TRACKING TransformPointToPose time=2023-04-21 16:48:37.685]
04-21 16:48:37.685 20344 20479 D ar_activity: send stroke to firebase, id=-NT_ZrKtpiFI61SPXPuc
04-21 16:48:37.686 20344 20479 D ar_activity: [[2d] after update lines time=2023-04-21 16:48:37.686]
04-21 16:48:37.710 20344 20479 D ar_activity: [TRACKING TransformPointToPose time=2023-04-21 16:48:37.708]
04-21 16:48:37.711 20344 20479 D ar_activity: [TRACKING TransformPointToPose time=2023-04-21 16:48:37.711]
04-21 16:48:37.711 20344 20479 D ar_activity: send stroke to firebase, id=-NT_ZrKtpiFI61SPXPuc
04-21 16:48:37.714 20344 20479 D ar_activity: [[2d] after update lines time=2023-04-21 16:48:37.713]
04-21 16:48:37.730 20344 20344 D ar_activity: [[2a end - 2d start] onChildChanged stroke id=-NT_ZrKtpiFI61SPXPuc time=2023-04-21 16:48:37.730]
04-21 16:48:37.737 20344 20479 D ar_activity: [TRACKING TransformPointToPose time=2023-04-21 16:48:37.737]
04-21 16:48:37.737 20344 20479 D ar_activity: [TRACKING TransformPointToPose time=2023-04-21 16:48:37.737]
04-21 16:48:37.737 20344 20479 D ar_activity: send stroke to firebase, id=-NT_ZrKtpiFI61SPXPuc
04-21 16:48:37.738 20344 20479 D ar_activity: [[2d] after update lines time=2023-04-21 16:48:37.738]
04-21 16:48:37.756 20344 20479 D ar_activity: [TRACKING TransformPointToPose time=2023-04-21 16:48:37.756]
04-21 16:48:37.757 20344 20479 D ar_activity: send stroke to firebase, id=-NT_ZrKtpiFI61SPXPuc
04-21 16:48:37.758 20344 20479 D ar_activity: [[2d] after update lines time=2023-04-21 16:48:37.757]
04-21 16:48:37.786 20344 20479 D ar_activity: [TRACKING TransformPointToPose time=2023-04-21 16:48:37.784]
04-21 16:48:37.792 20344 20479 D ar_activity: [TRACKING TransformPointToPose time=2023-04-21 16:48:37.788]
04-21 16:48:37.794 20344 20479 D ar_activity: [TRACKING TransformPointToPose time=2023-04-21 16:48:37.794]
04-21 16:48:37.795 20344 20479 D ar_activity: send stroke to firebase, id=-NT_ZrKtpiFI61SPXPuc
04-21 16:48:37.800 20344 20479 D ar_activity: [[2d] after update lines time=2023-04-21 16:48:37.798]
04-21 16:48:37.826 20344 20344 D ar_activity: [[2a end - 2d start] onChildChanged stroke id=-NT_ZrKtpiFI61SPXPuc time=2023-04-21 16:48:37.825]
04-21 16:48:37.827 20344 20479 D ar_activity: [TRACKING TransformPointToPose time=2023-04-21 16:48:37.826]
04-21 16:48:37.828 20344 20479 D ar_activity: [TRACKING TransformPointToPose time=2023-04-21 16:48:37.827]
04-21 16:48:37.828 20344 20479 D ar_activity: [TRACKING TransformPointToPose time=2023-04-21 16:48:37.828]
04-21 16:48:37.829 20344 20479 D ar_activity: send stroke to firebase, id=-NT_ZrKtpiFI61SPXPuc
04-21 16:48:37.830 20344 20479 D ar_activity: [[2d] after update lines time=2023-04-21 16:48:37.830]
04-21 16:48:37.853 20344 20479 D ar_activity: [TRACKING TransformPointToPose time=2023-04-21 16:48:37.853]
04-21 16:48:37.855 20344 20479 D ar_activity: [TRACKING TransformPointToPose time=2023-04-21 16:48:37.854]
04-21 16:48:37.855 20344 20479 D ar_activity: send stroke to firebase, id=-NT_ZrKtpiFI61SPXPuc
04-21 16:48:37.857 20344 20479 D ar_activity: [[2d] after update lines time=2023-04-21 16:48:37.856]
04-21 16:48:37.877 20344 20479 D ar_activity: [TRACKING TransformPointToPose time=2023-04-21 16:48:37.877]
04-21 16:48:37.878 20344 20479 D ar_activity: [TRACKING TransformPointToPose time=2023-04-21 16:48:37.878]
04-21 16:48:37.878 20344 20479 D ar_activity: send stroke to firebase, id=-NT_ZrKtpiFI61SPXPuc
04-21 16:48:37.878 20344 20479 D ar_activity: [[2d] after update lines time=2023-04-21 16:48:37.878]
04-21 16:48:37.892 20344 20344 D ar_activity: [[2a end - 2d start] onChildChanged stroke id=-NT_ZrKtpiFI61SPXPuc time=2023-04-21 16:48:37.892]
04-21 16:48:37.897 20344 20479 D ar_activity: [TRACKING TransformPointToPose time=2023-04-21 16:48:37.897]
04-21 16:48:37.897 20344 20479 D ar_activity: [TRACKING TransformPointToPose time=2023-04-21 16:48:37.897]
04-21 16:48:37.897 20344 20479 D ar_activity: send stroke to firebase, id=-NT_ZrKtpiFI61SPXPuc
04-21 16:48:37.898 20344 20479 D ar_activity: [[2d] after update lines time=2023-04-21 16:48:37.897]
04-21 16:48:37.919 20344 20479 D ar_activity: [TRACKING TransformPointToPose time=2023-04-21 16:48:37.918]
04-21 16:48:37.919 20344 20479 D ar_activity: [TRACKING TransformPointToPose time=2023-04-21 16:48:37.919]
04-21 16:48:37.919 20344 20479 D ar_activity: send stroke to firebase, id=-NT_ZrKtpiFI61SPXPuc
04-21 16:48:37.920 20344 20479 D ar_activity: [[2d] after update lines time=2023-04-21 16:48:37.919]
04-21 16:48:37.938 20344 20479 D ar_activity: [TRACKING TransformPointToPose time=2023-04-21 16:48:37.938]
04-21 16:48:37.938 20344 20479 D ar_activity: [TRACKING TransformPointToPose time=2023-04-21 16:48:37.938]
04-21 16:48:37.938 20344 20479 D ar_activity: send stroke to firebase, id=-NT_ZrKtpiFI61SPXPuc
04-21 16:48:37.939 20344 20479 D ar_activity: [[2d] after update lines time=2023-04-21 16:48:37.939]
04-21 16:48:37.959 20344 20479 D ar_activity: [TRACKING TransformPointToPose time=2023-04-21 16:48:37.959]
04-21 16:48:37.959 20344 20479 D ar_activity: send stroke to firebase, id=-NT_ZrKtpiFI61SPXPuc
04-21 16:48:37.961 20344 20479 D ar_activity: [[2d] after update lines time=2023-04-21 16:48:37.960]
04-21 16:48:37.981 20344 20479 D ar_activity: [TRACKING TransformPointToPose time=2023-04-21 16:48:37.981]
04-21 16:48:37.984 20344 20479 D ar_activity: send stroke to firebase, id=-NT_ZrKtpiFI61SPXPuc
04-21 16:48:37.985 20344 20479 D ar_activity: [[2d] after update lines time=2023-04-21 16:48:37.984]
04-21 16:48:37.990 20344 20344 D ar_activity: [[2a end - 2d start] onChildChanged stroke id=-NT_ZrKtpiFI61SPXPuc time=2023-04-21 16:48:37.990]
04-21 16:48:38.005 20344 20479 D ar_activity: [TRACKING TransformPointToPose time=2023-04-21 16:48:38.005]
04-21 16:48:38.005 20344 20479 D ar_activity: [TRACKING TransformPointToPose time=2023-04-21 16:48:38.005]
04-21 16:48:38.005 20344 20479 D ar_activity: send stroke to firebase, id=-NT_ZrKtpiFI61SPXPuc
04-21 16:48:38.006 20344 20479 D ar_activity: [[2d] after update lines time=2023-04-21 16:48:38.006]
04-21 16:48:38.025 20344 20479 D ar_activity: [TRACKING TransformPointToPose time=2023-04-21 16:48:38.025]
04-21 16:48:38.025 20344 20479 D ar_activity: send stroke to firebase, id=-NT_ZrKtpiFI61SPXPuc
04-21 16:48:38.026 20344 20479 D ar_activity: [[2d] after update lines time=2023-04-21 16:48:38.025]
04-21 16:48:38.044 20344 20479 D ar_activity: [TRACKING TransformPointToPose time=2023-04-21 16:48:38.044]
04-21 16:48:38.044 20344 20479 D ar_activity: send stroke to firebase, id=-NT_ZrKtpiFI61SPXPuc
04-21 16:48:38.046 20344 20344 D ar_activity: [[2a end - 2d start] onChildChanged stroke id=-NT_ZrKtpiFI61SPXPuc time=2023-04-21 16:48:38.046]
04-21 16:48:38.046 20344 20479 D ar_activity: [[2d] after update lines time=2023-04-21 16:48:38.046]
04-21 16:48:38.067 20344 20479 D ar_activity: [TRACKING TransformPointToPose time=2023-04-21 16:48:38.067]
04-21 16:48:38.068 20344 20479 D ar_activity: [TRACKING TransformPointToPose time=2023-04-21 16:48:38.068]
04-21 16:48:38.068 20344 20479 D ar_activity: send stroke to firebase, id=-NT_ZrKtpiFI61SPXPuc
04-21 16:48:38.069 20344 20479 D ar_activity: [[2d] after update lines time=2023-04-21 16:48:38.068]
04-21 16:48:38.087 20344 20479 D ar_activity: [TRACKING TransformPointToPose time=2023-04-21 16:48:38.087]
04-21 16:48:38.087 20344 20479 D ar_activity: [TRACKING TransformPointToPose time=2023-04-21 16:48:38.087]
04-21 16:48:38.087 20344 20479 D ar_activity: send stroke to firebase, id=-NT_ZrKtpiFI61SPXPuc
04-21 16:48:38.088 20344 20479 D ar_activity: [[2d] after update lines time=2023-04-21 16:48:38.088]
04-21 16:48:38.106 20344 20479 D ar_activity: [TRACKING TransformPointToPose time=2023-04-21 16:48:38.106]
04-21 16:48:38.107 20344 20479 D ar_activity: [TRACKING TransformPointToPose time=2023-04-21 16:48:38.107]
04-21 16:48:38.107 20344 20479 D ar_activity: send stroke to firebase, id=-NT_ZrKtpiFI61SPXPuc
04-21 16:48:38.111 20344 20479 D ar_activity: [[2d] after update lines time=2023-04-21 16:48:38.108]
04-21 16:48:38.112 20344 20344 D ar_activity: [[2a end - 2d start] onChildChanged stroke id=-NT_ZrKtpiFI61SPXPuc time=2023-04-21 16:48:38.112]
04-21 16:48:38.135 20344 20479 D ar_activity: [TRACKING TransformPointToPose time=2023-04-21 16:48:38.135]
04-21 16:48:38.135 20344 20479 D ar_activity: [TRACKING TransformPointToPose time=2023-04-21 16:48:38.135]
04-21 16:48:38.135 20344 20479 D ar_activity: send stroke to firebase, id=-NT_ZrKtpiFI61SPXPuc
04-21 16:48:38.136 20344 20479 D ar_activity: [[2d] after update lines time=2023-04-21 16:48:38.136]
04-21 16:48:38.155 20344 20479 D ar_activity: [TRACKING TransformPointToPose time=2023-04-21 16:48:38.155]
04-21 16:48:38.156 20344 20479 D ar_activity: [TRACKING TransformPointToPose time=2023-04-21 16:48:38.156]
04-21 16:48:38.156 20344 20479 D ar_activity: send stroke to firebase, id=-NT_ZrKtpiFI61SPXPuc
04-21 16:48:38.156 20344 20479 D ar_activity: [[2d] after update lines time=2023-04-21 16:48:38.156]
04-21 16:48:38.175 20344 20479 D ar_activity: [TRACKING TransformPointToPose time=2023-04-21 16:48:38.175]
04-21 16:48:38.176 20344 20479 D ar_activity: [TRACKING TransformPointToPose time=2023-04-21 16:48:38.176]
04-21 16:48:38.176 20344 20479 D ar_activity: send stroke to firebase, id=-NT_ZrKtpiFI61SPXPuc
04-21 16:48:38.177 20344 20479 D ar_activity: [[2d] after update lines time=2023-04-21 16:48:38.177]
04-21 16:48:38.178 20344 20344 D ar_activity: [[2a end - 2d start] onChildChanged stroke id=-NT_ZrKtpiFI61SPXPuc time=2023-04-21 16:48:38.177]
04-21 16:48:38.195 20344 20479 D ar_activity: [TRACKING TransformPointToPose time=2023-04-21 16:48:38.195]
04-21 16:48:38.196 20344 20479 D ar_activity: [TRACKING TransformPointToPose time=2023-04-21 16:48:38.196]
04-21 16:48:38.196 20344 20479 D ar_activity: send stroke to firebase, id=-NT_ZrKtpiFI61SPXPuc
04-21 16:48:38.196 20344 20479 D ar_activity: [[2d] after update lines time=2023-04-21 16:48:38.196]
04-21 16:48:38.217 20344 20479 D ar_activity: [TRACKING TransformPointToPose time=2023-04-21 16:48:38.215]
04-21 16:48:38.218 20344 20479 D ar_activity: [TRACKING TransformPointToPose time=2023-04-21 16:48:38.218]
04-21 16:48:38.218 20344 20479 D ar_activity: send stroke to firebase, id=-NT_ZrKtpiFI61SPXPuc
04-21 16:48:38.219 20344 20479 D ar_activity: [[2d] after update lines time=2023-04-21 16:48:38.219]
04-21 16:48:38.237 20344 20479 D ar_activity: [TRACKING TransformPointToPose time=2023-04-21 16:48:38.237]
04-21 16:48:38.238 20344 20479 D ar_activity: [TRACKING TransformPointToPose time=2023-04-21 16:48:38.238]
04-21 16:48:38.238 20344 20479 D ar_activity: send stroke to firebase, id=-NT_ZrKtpiFI61SPXPuc
04-21 16:48:38.240 20344 20344 D ar_activity: [[2a end - 2d start] onChildChanged stroke id=-NT_ZrKtpiFI61SPXPuc time=2023-04-21 16:48:38.239]
04-21 16:48:38.240 20344 20479 D ar_activity: [[2d] after update lines time=2023-04-21 16:48:38.240]
04-21 16:48:38.261 20344 20479 D ar_activity: [TRACKING TransformPointToPose time=2023-04-21 16:48:38.261]
04-21 16:48:38.261 20344 20479 D ar_activity: [TRACKING TransformPointToPose time=2023-04-21 16:48:38.261]
04-21 16:48:38.261 20344 20479 D ar_activity: send stroke to firebase, id=-NT_ZrKtpiFI61SPXPuc
04-21 16:48:38.262 20344 20479 D ar_activity: [[2d] after update lines time=2023-04-21 16:48:38.262]
04-21 16:48:38.281 20344 20479 D ar_activity: [TRACKING TransformPointToPose time=2023-04-21 16:48:38.281]
04-21 16:48:38.281 20344 20479 D ar_activity: [TRACKING TransformPointToPose time=2023-04-21 16:48:38.281]
04-21 16:48:38.281 20344 20479 D ar_activity: send stroke to firebase, id=-NT_ZrKtpiFI61SPXPuc
04-21 16:48:38.284 20344 20479 D ar_activity: [[2d] after update lines time=2023-04-21 16:48:38.282]
04-21 16:48:38.303 20344 20479 D ar_activity: [TRACKING TransformPointToPose time=2023-04-21 16:48:38.303]
04-21 16:48:38.303 20344 20479 D ar_activity: [TRACKING TransformPointToPose time=2023-04-21 16:48:38.303]
04-21 16:48:38.303 20344 20479 D ar_activity: send stroke to firebase, id=-NT_ZrKtpiFI61SPXPuc
04-21 16:48:38.304 20344 20479 D ar_activity: [[2d] after update lines time=2023-04-21 16:48:38.304]
04-21 16:48:38.320 20344 20344 D ar_activity: [[2a end - 2d start] onChildChanged stroke id=-NT_ZrKtpiFI61SPXPuc time=2023-04-21 16:48:38.320]
04-21 16:48:38.322 20344 20479 D ar_activity: [TRACKING TransformPointToPose time=2023-04-21 16:48:38.322]
04-21 16:48:38.323 20344 20479 D ar_activity: send stroke to firebase, id=-NT_ZrKtpiFI61SPXPuc
04-21 16:48:38.324 20344 20479 D ar_activity: [[2d] after update lines time=2023-04-21 16:48:38.324]
04-21 16:48:38.344 20344 20479 D ar_activity: [TRACKING TransformPointToPose time=2023-04-21 16:48:38.344]
04-21 16:48:38.344 20344 20479 D ar_activity: [TRACKING TransformPointToPose time=2023-04-21 16:48:38.344]
04-21 16:48:38.344 20344 20479 D ar_activity: send stroke to firebase, id=-NT_ZrKtpiFI61SPXPuc
04-21 16:48:38.345 20344 20479 D ar_activity: [[2d] after update lines time=2023-04-21 16:48:38.345]
04-21 16:48:38.363 20344 20479 D ar_activity: [TRACKING TransformPointToPose time=2023-04-21 16:48:38.363]
04-21 16:48:38.363 20344 20479 D ar_activity: [TRACKING TransformPointToPose time=2023-04-21 16:48:38.363]
04-21 16:48:38.363 20344 20479 D ar_activity: send stroke to firebase, id=-NT_ZrKtpiFI61SPXPuc
04-21 16:48:38.364 20344 20479 D ar_activity: [[2d] after update lines time=2023-04-21 16:48:38.364]
04-21 16:48:38.385 20344 20479 D ar_activity: [TRACKING TransformPointToPose time=2023-04-21 16:48:38.385]
04-21 16:48:38.385 20344 20479 D ar_activity: [TRACKING TransformPointToPose time=2023-04-21 16:48:38.385]
04-21 16:48:38.385 20344 20479 D ar_activity: send stroke to firebase, id=-NT_ZrKtpiFI61SPXPuc
04-21 16:48:38.386 20344 20479 D ar_activity: [[2d] after update lines time=2023-04-21 16:48:38.386]
04-21 16:48:38.405 20344 20344 D ar_activity: [[2a end - 2d start] onChildChanged stroke id=-NT_ZrKtpiFI61SPXPuc time=2023-04-21 16:48:38.404]
04-21 16:48:38.405 20344 20479 D ar_activity: [TRACKING TransformPointToPose time=2023-04-21 16:48:38.405]
04-21 16:48:38.407 20344 20479 D ar_activity: [TRACKING TransformPointToPose time=2023-04-21 16:48:38.407]
04-21 16:48:38.408 20344 20479 D ar_activity: send stroke to firebase, id=-NT_ZrKtpiFI61SPXPuc
04-21 16:48:38.408 20344 20479 D ar_activity: [[2d] after update lines time=2023-04-21 16:48:38.408]
04-21 16:48:38.427 20344 20479 D ar_activity: [TRACKING TransformPointToPose time=2023-04-21 16:48:38.427]
04-21 16:48:38.427 20344 20479 D ar_activity: [TRACKING TransformPointToPose time=2023-04-21 16:48:38.427]
04-21 16:48:38.427 20344 20479 D ar_activity: send stroke to firebase, id=-NT_ZrKtpiFI61SPXPuc
04-21 16:48:38.428 20344 20479 D ar_activity: [[2d] after update lines time=2023-04-21 16:48:38.428]
04-21 16:48:38.447 20344 20479 D ar_activity: [TRACKING TransformPointToPose time=2023-04-21 16:48:38.447]
04-21 16:48:38.447 20344 20479 D ar_activity: send stroke to firebase, id=-NT_ZrKtpiFI61SPXPuc
04-21 16:48:38.448 20344 20479 D ar_activity: [[2d] after update lines time=2023-04-21 16:48:38.448]
04-21 16:48:38.470 20344 20479 D ar_activity: [TRACKING TransformPointToPose time=2023-04-21 16:48:38.469]
04-21 16:48:38.470 20344 20479 D ar_activity: send stroke to firebase, id=-NT_ZrKtpiFI61SPXPuc
04-21 16:48:38.473 20344 20479 D ar_activity: [[2d] after update lines time=2023-04-21 16:48:38.472]
04-21 16:48:38.485 20344 20344 D ar_activity: [[2a end - 2d start] onChildChanged stroke id=-NT_ZrKtpiFI61SPXPuc time=2023-04-21 16:48:38.485]
04-21 16:48:38.494 20344 20479 D ar_activity: [TRACKING TransformPointToPose time=2023-04-21 16:48:38.494]
04-21 16:48:38.495 20344 20479 D ar_activity: [TRACKING TransformPointToPose time=2023-04-21 16:48:38.494]
04-21 16:48:38.495 20344 20479 D ar_activity: send stroke to firebase, id=-NT_ZrKtpiFI61SPXPuc
04-21 16:48:38.496 20344 20479 D ar_activity: [[2d] after update lines time=2023-04-21 16:48:38.496]
04-21 16:48:38.524 20344 20479 D ar_activity: [TRACKING TransformPointToPose time=2023-04-21 16:48:38.524]
04-21 16:48:38.525 20344 20479 D ar_activity: [TRACKING TransformPointToPose time=2023-04-21 16:48:38.524]
04-21 16:48:38.526 20344 20479 D ar_activity: send stroke to firebase, id=-NT_ZrKtpiFI61SPXPuc
04-21 16:48:38.528 20344 20479 D ar_activity: [[2d] after update lines time=2023-04-21 16:48:38.528]
04-21 16:48:38.551 20344 20479 D ar_activity: [TRACKING TransformPointToPose time=2023-04-21 16:48:38.551]
04-21 16:48:38.552 20344 20479 D ar_activity: [TRACKING TransformPointToPose time=2023-04-21 16:48:38.552]
04-21 16:48:38.553 20344 20479 D ar_activity: send stroke to firebase, id=-NT_ZrKtpiFI61SPXPuc
04-21 16:48:38.557 20344 20479 D ar_activity: [[2d] after update lines time=2023-04-21 16:48:38.556]
04-21 16:48:38.558 20344 20344 D ar_activity: [[2a end - 2d start] onChildChanged stroke id=-NT_ZrKtpiFI61SPXPuc time=2023-04-21 16:48:38.558]
04-21 16:48:38.580 20344 20479 D ar_activity: [TRACKING TransformPointToPose time=2023-04-21 16:48:38.580]
04-21 16:48:38.580 20344 20479 D ar_activity: [TRACKING TransformPointToPose time=2023-04-21 16:48:38.580]
04-21 16:48:38.581 20344 20479 D ar_activity: [TRACKING TransformPointToPose time=2023-04-21 16:48:38.580]
04-21 16:48:38.581 20344 20479 D ar_activity: send stroke to firebase, id=-NT_ZrKtpiFI61SPXPuc
04-21 16:48:38.582 20344 20479 D ar_activity: [[2d] after update lines time=2023-04-21 16:48:38.582]
04-21 16:48:38.604 20344 20479 D ar_activity: [TRACKING TransformPointToPose time=2023-04-21 16:48:38.604]
04-21 16:48:38.604 20344 20479 D ar_activity: [TRACKING TransformPointToPose time=2023-04-21 16:48:38.604]
04-21 16:48:38.605 20344 20479 D ar_activity: send stroke to firebase, id=-NT_ZrKtpiFI61SPXPuc
04-21 16:48:38.605 20344 20479 D ar_activity: [[2d] after update lines time=2023-04-21 16:48:38.605]
04-21 16:48:38.626 20344 20479 D ar_activity: [TRACKING TransformPointToPose time=2023-04-21 16:48:38.625]
04-21 16:48:38.626 20344 20479 D ar_activity: [TRACKING TransformPointToPose time=2023-04-21 16:48:38.626]
04-21 16:48:38.627 20344 20479 D ar_activity: send stroke to firebase, id=-NT_ZrKtpiFI61SPXPuc
04-21 16:48:38.628 20344 20479 D ar_activity: [[2d] after update lines time=2023-04-21 16:48:38.628]
04-21 16:48:38.637 20344 20344 D ar_activity: [[2a end - 2d start] onChildChanged stroke id=-NT_ZrKtpiFI61SPXPuc time=2023-04-21 16:48:38.637]
04-21 16:48:38.649 20344 20479 D ar_activity: [TRACKING TransformPointToPose time=2023-04-21 16:48:38.649]
04-21 16:48:38.649 20344 20479 D ar_activity: [TRACKING TransformPointToPose time=2023-04-21 16:48:38.649]
04-21 16:48:38.651 20344 20479 D ar_activity: send stroke to firebase, id=-NT_ZrKtpiFI61SPXPuc
04-21 16:48:38.652 20344 20479 D ar_activity: [[2d] after update lines time=2023-04-21 16:48:38.652]
04-21 16:48:38.671 20344 20479 D ar_activity: [TRACKING TransformPointToPose time=2023-04-21 16:48:38.670]
04-21 16:48:38.671 20344 20479 D ar_activity: [TRACKING TransformPointToPose time=2023-04-21 16:48:38.671]
04-21 16:48:38.671 20344 20479 D ar_activity: send stroke to firebase, id=-NT_ZrKtpiFI61SPXPuc
04-21 16:48:38.671 20344 20479 D ar_activity: [[2d] after update lines time=2023-04-21 16:48:38.671]
04-21 16:48:38.690 20344 20479 D ar_activity: [TRACKING TransformPointToPose time=2023-04-21 16:48:38.690]
04-21 16:48:38.691 20344 20479 D ar_activity: send stroke to firebase, id=-NT_ZrKtpiFI61SPXPuc
04-21 16:48:38.691 20344 20479 D ar_activity: [[2d] after update lines time=2023-04-21 16:48:38.691]
04-21 16:48:38.693 20344 20344 D ar_activity: [[2a end - 2d start] onChildChanged stroke id=-NT_ZrKtpiFI61SPXPuc time=2023-04-21 16:48:38.693]
04-21 16:48:38.712 20344 20479 D ar_activity: [TRACKING TransformPointToPose time=2023-04-21 16:48:38.712]
04-21 16:48:38.712 20344 20479 D ar_activity: [TRACKING TransformPointToPose time=2023-04-21 16:48:38.712]
04-21 16:48:38.712 20344 20479 D ar_activity: send stroke to firebase, id=-NT_ZrKtpiFI61SPXPuc
04-21 16:48:38.713 20344 20479 D ar_activity: [[2d] after update lines time=2023-04-21 16:48:38.713]
04-21 16:48:38.731 20344 20479 D ar_activity: [TRACKING TransformPointToPose time=2023-04-21 16:48:38.731]
04-21 16:48:38.732 20344 20479 D ar_activity: [TRACKING TransformPointToPose time=2023-04-21 16:48:38.732]
04-21 16:48:38.732 20344 20479 D ar_activity: send stroke to firebase, id=-NT_ZrKtpiFI61SPXPuc
04-21 16:48:38.733 20344 20479 D ar_activity: [[2d] after update lines time=2023-04-21 16:48:38.733]
04-21 16:48:38.757 20344 20479 D ar_activity: [TRACKING TransformPointToPose time=2023-04-21 16:48:38.757]
04-21 16:48:38.758 20344 20479 D ar_activity: [TRACKING TransformPointToPose time=2023-04-21 16:48:38.758]
04-21 16:48:38.758 20344 20479 D ar_activity: send stroke to firebase, id=-NT_ZrKtpiFI61SPXPuc
04-21 16:48:38.759 20344 20479 D ar_activity: [[2d] after update lines time=2023-04-21 16:48:38.759]
04-21 16:48:38.771 20344 20344 D ar_activity: [[2a end - 2d start] onChildChanged stroke id=-NT_ZrKtpiFI61SPXPuc time=2023-04-21 16:48:38.771]
04-21 16:48:38.777 20344 20479 D ar_activity: [TRACKING TransformPointToPose time=2023-04-21 16:48:38.777]
04-21 16:48:38.778 20344 20479 D ar_activity: [TRACKING TransformPointToPose time=2023-04-21 16:48:38.778]
04-21 16:48:38.778 20344 20479 D ar_activity: send stroke to firebase, id=-NT_ZrKtpiFI61SPXPuc
04-21 16:48:38.778 20344 20479 D ar_activity: [[2d] after update lines time=2023-04-21 16:48:38.778]
04-21 16:48:38.797 20344 20479 D ar_activity: [TRACKING TransformPointToPose time=2023-04-21 16:48:38.797]
04-21 16:48:38.797 20344 20479 D ar_activity: [TRACKING TransformPointToPose time=2023-04-21 16:48:38.797]
04-21 16:48:38.797 20344 20479 D ar_activity: send stroke to firebase, id=-NT_ZrKtpiFI61SPXPuc
04-21 16:48:38.798 20344 20479 D ar_activity: [[2d] after update lines time=2023-04-21 16:48:38.798]
