--------- beginning of main
04-21 17:05:15.298 25312 25459 D ar_activity: [[2d] after update lines time=2023-04-21 17:05:15.261]
04-21 17:05:18.086 25312 25312 D ar_activity: [--- pair start --- time=2023-04-21 17:05:18.086]
04-21 17:05:18.086 25312 25312 D ar_activity: [--- pair session start --- time=2023-04-21 17:05:18.086]
04-21 17:05:18.116 25312 25312 D ar_activity: [create room: Message{namespace='', type='', content=[34 bytes]} time=2023-04-21 17:05:18.115]
04-21 17:05:18.128 25312 25312 D ar_activity: LOOKING: 2023-04-21 17:05:18.127
04-21 17:05:26.351 25312 25312 D ar_activity: [--- pair joined --- time=2023-04-21 17:05:26.351]
04-21 17:05:26.353 25312 25312 D ar_activity: PARTNER FOUND: 2023-04-21 17:05:26.353
04-21 17:05:28.356 25312 25312 D ar_activity: SET ANCHOR: 2023-04-21 17:05:28.356
04-21 17:05:29.572 25312 25312 D ar_activity: [anchor resolution changed: null time=2023-04-21 17:05:29.572]
04-21 17:05:29.922 25312 25312 D ar_activity: [--- sync ready to set anchor --- time=2023-04-21 17:05:29.922]
04-21 17:05:29.923 25312 25312 D ar_activity: [--- sync: sendSetAnchorEvent --- time=2023-04-21 17:05:29.922]
04-21 17:05:29.923 25312 25312 D ar_activity: --- start creating anchor: 2023-04-21 17:05:29.923 ---
04-21 17:05:29.923 25312 25312 D ar_activity: --- anchor: com.google.ar.core.Anchor@b49ee709 ---
04-21 17:05:29.924 25312 25312 D ar_activity: --- finish creating anchor: 2023-04-21 17:05:29.923 ---
04-21 17:05:29.924 25312 25312 D ar_activity: [hostAnchor start time=2023-04-21 17:05:29.924]
04-21 17:05:29.924 25312 25312 D ar_activity: [hostAnchor end time=2023-04-21 17:05:29.924]
04-21 17:05:29.924 25312 25312 D ar_activity: Start CONNECTING: 2023-04-21 17:05:29.924
04-21 17:05:29.940 25312 25459 D ar_activity: [--- anchor: onUpdate--- time=2023-04-21 17:05:29.940]
04-21 17:05:32.797 25312 25459 D ar_activity: [--- anchor: onUpdate--- time=2023-04-21 17:05:32.797]
04-21 17:05:33.165 25312 25459 D ar_activity: [--- anchor: onUpdate--- time=2023-04-21 17:05:33.165]
04-21 17:05:33.165 25312 25459 D ar_activity: [--- onAnchorHosted [HOSTED]--- time=2023-04-21 17:05:33.165]
04-21 17:05:33.177 25312 25312 D ar_activity: [anchor resolution changed: false time=2023-04-21 17:05:33.176]
04-21 17:05:33.923 25312 25312 D ar_activity: [--- sync: finish syncing anchor --- time=2023-04-21 17:05:33.923]
04-21 17:05:33.926 25312 25312 D ar_activity: SYNCED: 2023-04-21 17:05:33.926
04-21 17:05:45.080 25312 25312 D ar_activity: [[1a start] touch screen time=2023-04-21 17:05:45.079]
04-21 17:05:45.094 25312 25459 D ar_activity: addStroke at 2023-04-21 17:05:45.094
04-21 17:05:45.099 25312 25459 D ar_activity: stroke (id: -NT_cmGa5a70lSadlgR0) was added at 2023-04-21 17:05:45.098
04-21 17:05:45.100 25312 25459 D ar_activity: [[1b start] setFirebaseValue stroke id=-NT_cmGa5a70lSadlgR0 time=2023-04-21 17:05:45.099]
04-21 17:05:45.105 25312 25459 D ar_activity: [TRACKING TransformPointToPose time=2023-04-21 17:05:45.104]
04-21 17:05:45.106 25312 25312 D ar_activity: [[2a end - 2d start] onChildAdded stroke id=-NT_cmGa5a70lSadlgR0 time=2023-04-21 17:05:45.105]
04-21 17:05:45.110 25312 25459 D ar_activity: [TRACKING TransformPointToPose time=2023-04-21 17:05:45.108]
04-21 17:05:45.110 25312 25459 D ar_activity: send stroke to firebase, id=-NT_cmGa5a70lSadlgR0
04-21 17:05:45.111 25312 25459 D ar_activity: [[2d] after update lines time=2023-04-21 17:05:45.111]
04-21 17:05:45.136 25312 25459 D ar_activity: [TRACKING TransformPointToPose time=2023-04-21 17:05:45.135]
04-21 17:05:45.136 25312 25459 D ar_activity: [TRACKING TransformPointToPose time=2023-04-21 17:05:45.136]
04-21 17:05:45.136 25312 25459 D ar_activity: send stroke to firebase, id=-NT_cmGa5a70lSadlgR0
04-21 17:05:45.137 25312 25459 D ar_activity: [[2d] after update lines time=2023-04-21 17:05:45.137]
04-21 17:05:45.161 25312 25459 D ar_activity: [TRACKING TransformPointToPose time=2023-04-21 17:05:45.160]
04-21 17:05:45.162 25312 25459 D ar_activity: send stroke to firebase, id=-NT_cmGa5a70lSadlgR0
04-21 17:05:45.163 25312 25459 D ar_activity: [[2d] after update lines time=2023-04-21 17:05:45.163]
04-21 17:05:45.190 25312 25459 D ar_activity: [TRACKING TransformPointToPose time=2023-04-21 17:05:45.189]
04-21 17:05:45.191 25312 25459 D ar_activity: [TRACKING TransformPointToPose time=2023-04-21 17:05:45.191]
04-21 17:05:45.192 25312 25459 D ar_activity: send stroke to firebase, id=-NT_cmGa5a70lSadlgR0
04-21 17:05:45.196 25312 25459 D ar_activity: [[2d] after update lines time=2023-04-21 17:05:45.194]
04-21 17:05:45.217 25312 25459 D ar_activity: [TRACKING TransformPointToPose time=2023-04-21 17:05:45.217]
04-21 17:05:45.217 25312 25459 D ar_activity: [TRACKING TransformPointToPose time=2023-04-21 17:05:45.217]
04-21 17:05:45.217 25312 25459 D ar_activity: send stroke to firebase, id=-NT_cmGa5a70lSadlgR0
04-21 17:05:45.217 25312 25459 D ar_activity: [[2d] after update lines time=2023-04-21 17:05:45.217]
04-21 17:05:45.237 25312 25459 D ar_activity: [TRACKING TransformPointToPose time=2023-04-21 17:05:45.237]
04-21 17:05:45.237 25312 25459 D ar_activity: [TRACKING TransformPointToPose time=2023-04-21 17:05:45.237]
04-21 17:05:45.238 25312 25459 D ar_activity: send stroke to firebase, id=-NT_cmGa5a70lSadlgR0
04-21 17:05:45.238 25312 25459 D ar_activity: [[2d] after update lines time=2023-04-21 17:05:45.238]
04-21 17:05:45.259 25312 25459 D ar_activity: [TRACKING TransformPointToPose time=2023-04-21 17:05:45.259]
04-21 17:05:45.259 25312 25459 D ar_activity: [TRACKING TransformPointToPose time=2023-04-21 17:05:45.259]
04-21 17:05:45.259 25312 25459 D ar_activity: send stroke to firebase, id=-NT_cmGa5a70lSadlgR0
04-21 17:05:45.260 25312 25459 D ar_activity: [[2d] after update lines time=2023-04-21 17:05:45.260]
04-21 17:05:45.279 25312 25459 D ar_activity: [TRACKING TransformPointToPose time=2023-04-21 17:05:45.278]
04-21 17:05:45.279 25312 25459 D ar_activity: [TRACKING TransformPointToPose time=2023-04-21 17:05:45.279]
04-21 17:05:45.279 25312 25459 D ar_activity: send stroke to firebase, id=-NT_cmGa5a70lSadlgR0
04-21 17:05:45.279 25312 25459 D ar_activity: [[2d] after update lines time=2023-04-21 17:05:45.279]
04-21 17:05:45.298 25312 25459 D ar_activity: [TRACKING TransformPointToPose time=2023-04-21 17:05:45.298]
04-21 17:05:45.299 25312 25459 D ar_activity: [TRACKING TransformPointToPose time=2023-04-21 17:05:45.299]
04-21 17:05:45.299 25312 25459 D ar_activity: send stroke to firebase, id=-NT_cmGa5a70lSadlgR0
04-21 17:05:45.300 25312 25459 D ar_activity: [[2d] after update lines time=2023-04-21 17:05:45.300]
04-21 17:05:45.318 25312 25459 D ar_activity: [TRACKING TransformPointToPose time=2023-04-21 17:05:45.318]
04-21 17:05:45.318 25312 25459 D ar_activity: send stroke to firebase, id=-NT_cmGa5a70lSadlgR0
04-21 17:05:45.319 25312 25459 D ar_activity: [[2d] after update lines time=2023-04-21 17:05:45.319]
04-21 17:05:45.335 25312 25312 D ar_activity: [[1b start] setFirebaseValue stroke id=-NT_cmGa5a70lSadlgR0 time=2023-04-21 17:05:45.335]
04-21 17:05:45.338 25312 25459 D ar_activity: [TRACKING TransformPointToPose time=2023-04-21 17:05:45.337]
04-21 17:05:45.338 25312 25459 D ar_activity: [TRACKING TransformPointToPose time=2023-04-21 17:05:45.338]
04-21 17:05:45.338 25312 25459 D ar_activity: send stroke to firebase, id=-NT_cmGa5a70lSadlgR0
04-21 17:05:45.338 25312 25459 D ar_activity: [[2d] after update lines time=2023-04-21 17:05:45.338]
04-21 17:05:45.338 25312 25312 D ar_activity: [[2a end - 2d start] onChildChanged stroke id=-NT_cmGa5a70lSadlgR0 time=2023-04-21 17:05:45.338]
04-21 17:05:45.365 25312 25459 D ar_activity: [TRACKING TransformPointToPose time=2023-04-21 17:05:45.365]
04-21 17:05:45.365 25312 25459 D ar_activity: [TRACKING TransformPointToPose time=2023-04-21 17:05:45.365]
04-21 17:05:45.366 25312 25459 D ar_activity: [TRACKING TransformPointToPose time=2023-04-21 17:05:45.366]
04-21 17:05:45.366 25312 25459 D ar_activity: send stroke to firebase, id=-NT_cmGa5a70lSadlgR0
04-21 17:05:45.368 25312 25459 D ar_activity: [[2d] after update lines time=2023-04-21 17:05:45.368]
04-21 17:05:45.388 25312 25459 D ar_activity: [TRACKING TransformPointToPose time=2023-04-21 17:05:45.388]
04-21 17:05:45.389 25312 25459 D ar_activity: [TRACKING TransformPointToPose time=2023-04-21 17:05:45.388]
04-21 17:05:45.389 25312 25459 D ar_activity: send stroke to firebase, id=-NT_cmGa5a70lSadlgR0
04-21 17:05:45.392 25312 25459 D ar_activity: [[2d] after update lines time=2023-04-21 17:05:45.390]
04-21 17:05:45.411 25312 25459 D ar_activity: [TRACKING TransformPointToPose time=2023-04-21 17:05:45.411]
04-21 17:05:45.411 25312 25459 D ar_activity: [TRACKING TransformPointToPose time=2023-04-21 17:05:45.411]
04-21 17:05:45.411 25312 25459 D ar_activity: send stroke to firebase, id=-NT_cmGa5a70lSadlgR0
04-21 17:05:45.412 25312 25459 D ar_activity: [[2d] after update lines time=2023-04-21 17:05:45.412]
04-21 17:05:45.431 25312 25459 D ar_activity: [TRACKING TransformPointToPose time=2023-04-21 17:05:45.430]
04-21 17:05:45.432 25312 25459 D ar_activity: [TRACKING TransformPointToPose time=2023-04-21 17:05:45.432]
04-21 17:05:45.432 25312 25459 D ar_activity: send stroke to firebase, id=-NT_cmGa5a70lSadlgR0
04-21 17:05:45.433 25312 25459 D ar_activity: [[2d] after update lines time=2023-04-21 17:05:45.433]
04-21 17:05:45.444 25312 25312 D ar_activity: [[2a end - 2d start] onChildChanged stroke id=-NT_cmGa5a70lSadlgR0 time=2023-04-21 17:05:45.444]
04-21 17:05:45.451 25312 25459 D ar_activity: [TRACKING TransformPointToPose time=2023-04-21 17:05:45.451]
04-21 17:05:45.451 25312 25459 D ar_activity: send stroke to firebase, id=-NT_cmGa5a70lSadlgR0
04-21 17:05:45.452 25312 25459 D ar_activity: [[2d] after update lines time=2023-04-21 17:05:45.452]
04-21 17:05:45.472 25312 25459 D ar_activity: [TRACKING TransformPointToPose time=2023-04-21 17:05:45.472]
04-21 17:05:45.473 25312 25459 D ar_activity: [TRACKING TransformPointToPose time=2023-04-21 17:05:45.472]
04-21 17:05:45.473 25312 25459 D ar_activity: send stroke to firebase, id=-NT_cmGa5a70lSadlgR0
04-21 17:05:45.473 25312 25459 D ar_activity: [[2d] after update lines time=2023-04-21 17:05:45.473]
04-21 17:05:45.495 25312 25459 D ar_activity: [TRACKING TransformPointToPose time=2023-04-21 17:05:45.495]
04-21 17:05:45.496 25312 25459 D ar_activity: [TRACKING TransformPointToPose time=2023-04-21 17:05:45.495]
04-21 17:05:45.496 25312 25459 D ar_activity: send stroke to firebase, id=-NT_cmGa5a70lSadlgR0
04-21 17:05:45.498 25312 25459 D ar_activity: [[2d] after update lines time=2023-04-21 17:05:45.498]
04-21 17:05:45.519 25312 25459 D ar_activity: [TRACKING TransformPointToPose time=2023-04-21 17:05:45.519]
04-21 17:05:45.520 25312 25459 D ar_activity: [TRACKING TransformPointToPose time=2023-04-21 17:05:45.519]
04-21 17:05:45.520 25312 25459 D ar_activity: send stroke to firebase, id=-NT_cmGa5a70lSadlgR0
04-21 17:05:45.521 25312 25459 D ar_activity: [[2d] after update lines time=2023-04-21 17:05:45.521]
04-21 17:05:45.551 25312 25459 D ar_activity: [TRACKING TransformPointToPose time=2023-04-21 17:05:45.551]
04-21 17:05:45.552 25312 25459 D ar_activity: [TRACKING TransformPointToPose time=2023-04-21 17:05:45.551]
04-21 17:05:45.552 25312 25459 D ar_activity: [TRACKING TransformPointToPose time=2023-04-21 17:05:45.552]
04-21 17:05:45.552 25312 25459 D ar_activity: send stroke to firebase, id=-NT_cmGa5a70lSadlgR0
04-21 17:05:45.552 25312 25459 D ar_activity: [[2d] after update lines time=2023-04-21 17:05:45.552]
04-21 17:05:45.569 25312 25312 D ar_activity: [[2a end - 2d start] onChildChanged stroke id=-NT_cmGa5a70lSadlgR0 time=2023-04-21 17:05:45.569]
04-21 17:05:45.572 25312 25459 D ar_activity: [TRACKING TransformPointToPose time=2023-04-21 17:05:45.571]
04-21 17:05:45.572 25312 25459 D ar_activity: [TRACKING TransformPointToPose time=2023-04-21 17:05:45.572]
04-21 17:05:45.572 25312 25459 D ar_activity: send stroke to firebase, id=-NT_cmGa5a70lSadlgR0
04-21 17:05:45.573 25312 25459 D ar_activity: [[2d] after update lines time=2023-04-21 17:05:45.573]
04-21 17:05:45.595 25312 25459 D ar_activity: [TRACKING TransformPointToPose time=2023-04-21 17:05:45.595]
04-21 17:05:45.596 25312 25459 D ar_activity: [TRACKING TransformPointToPose time=2023-04-21 17:05:45.595]
04-21 17:05:45.596 25312 25459 D ar_activity: send stroke to firebase, id=-NT_cmGa5a70lSadlgR0
04-21 17:05:45.596 25312 25459 D ar_activity: [[2d] after update lines time=2023-04-21 17:05:45.596]
04-21 17:05:45.615 25312 25459 D ar_activity: [TRACKING TransformPointToPose time=2023-04-21 17:05:45.615]
04-21 17:05:45.615 25312 25459 D ar_activity: [TRACKING TransformPointToPose time=2023-04-21 17:05:45.615]
04-21 17:05:45.615 25312 25459 D ar_activity: send stroke to firebase, id=-NT_cmGa5a70lSadlgR0
04-21 17:05:45.616 25312 25459 D ar_activity: [[2d] after update lines time=2023-04-21 17:05:45.616]
04-21 17:05:45.635 25312 25459 D ar_activity: [TRACKING TransformPointToPose time=2023-04-21 17:05:45.635]
04-21 17:05:45.636 25312 25459 D ar_activity: [TRACKING TransformPointToPose time=2023-04-21 17:05:45.636]
04-21 17:05:45.636 25312 25459 D ar_activity: send stroke to firebase, id=-NT_cmGa5a70lSadlgR0
04-21 17:05:45.636 25312 25459 D ar_activity: [[2d] after update lines time=2023-04-21 17:05:45.636]
04-21 17:05:45.655 25312 25459 D ar_activity: [TRACKING TransformPointToPose time=2023-04-21 17:05:45.655]
04-21 17:05:45.656 25312 25459 D ar_activity: [TRACKING TransformPointToPose time=2023-04-21 17:05:45.655]
04-21 17:05:45.656 25312 25459 D ar_activity: send stroke to firebase, id=-NT_cmGa5a70lSadlgR0
04-21 17:05:45.657 25312 25459 D ar_activity: [[2d] after update lines time=2023-04-21 17:05:45.656]
04-21 17:05:45.671 25312 25312 D ar_activity: [[2a end - 2d start] onChildChanged stroke id=-NT_cmGa5a70lSadlgR0 time=2023-04-21 17:05:45.671]
04-21 17:05:45.678 25312 25459 D ar_activity: [TRACKING TransformPointToPose time=2023-04-21 17:05:45.677]
04-21 17:05:45.678 25312 25459 D ar_activity: [TRACKING TransformPointToPose time=2023-04-21 17:05:45.678]
04-21 17:05:45.678 25312 25459 D ar_activity: send stroke to firebase, id=-NT_cmGa5a70lSadlgR0
04-21 17:05:45.678 25312 25459 D ar_activity: [[2d] after update lines time=2023-04-21 17:05:45.678]
04-21 17:05:45.697 25312 25459 D ar_activity: [TRACKING TransformPointToPose time=2023-04-21 17:05:45.697]
04-21 17:05:45.699 25312 25459 D ar_activity: [TRACKING TransformPointToPose time=2023-04-21 17:05:45.699]
04-21 17:05:45.699 25312 25459 D ar_activity: send stroke to firebase, id=-NT_cmGa5a70lSadlgR0
04-21 17:05:45.700 25312 25459 D ar_activity: [[2d] after update lines time=2023-04-21 17:05:45.700]
04-21 17:05:45.718 25312 25459 D ar_activity: [TRACKING TransformPointToPose time=2023-04-21 17:05:45.718]
04-21 17:05:45.718 25312 25459 D ar_activity: send stroke to firebase, id=-NT_cmGa5a70lSadlgR0
04-21 17:05:45.719 25312 25459 D ar_activity: [[2d] after update lines time=2023-04-21 17:05:45.719]
04-21 17:05:45.737 25312 25459 D ar_activity: [TRACKING TransformPointToPose time=2023-04-21 17:05:45.737]
04-21 17:05:45.737 25312 25459 D ar_activity: [TRACKING TransformPointToPose time=2023-04-21 17:05:45.737]
04-21 17:05:45.737 25312 25459 D ar_activity: send stroke to firebase, id=-NT_cmGa5a70lSadlgR0
04-21 17:05:45.738 25312 25459 D ar_activity: [[2d] after update lines time=2023-04-21 17:05:45.738]
04-21 17:05:45.759 25312 25459 D ar_activity: [TRACKING TransformPointToPose time=2023-04-21 17:05:45.759]
04-21 17:05:45.759 25312 25459 D ar_activity: [TRACKING TransformPointToPose time=2023-04-21 17:05:45.759]
04-21 17:05:45.760 25312 25459 D ar_activity: send stroke to firebase, id=-NT_cmGa5a70lSadlgR0
04-21 17:05:45.760 25312 25459 D ar_activity: [[2d] after update lines time=2023-04-21 17:05:45.760]
04-21 17:05:45.770 25312 25312 D ar_activity: [[2a end - 2d start] onChildChanged stroke id=-NT_cmGa5a70lSadlgR0 time=2023-04-21 17:05:45.770]
04-21 17:05:45.780 25312 25459 D ar_activity: [TRACKING TransformPointToPose time=2023-04-21 17:05:45.779]
04-21 17:05:45.780 25312 25459 D ar_activity: [TRACKING TransformPointToPose time=2023-04-21 17:05:45.780]
04-21 17:05:45.789 25312 25459 D ar_activity: send stroke to firebase, id=-NT_cmGa5a70lSadlgR0
04-21 17:05:45.790 25312 25459 D ar_activity: [[2d] after update lines time=2023-04-21 17:05:45.790]
04-21 17:05:45.811 25312 25459 D ar_activity: [TRACKING TransformPointToPose time=2023-04-21 17:05:45.811]
04-21 17:05:45.811 25312 25459 D ar_activity: [TRACKING TransformPointToPose time=2023-04-21 17:05:45.811]
04-21 17:05:45.811 25312 25459 D ar_activity: send stroke to firebase, id=-NT_cmGa5a70lSadlgR0
04-21 17:05:45.812 25312 25459 D ar_activity: [[2d] after update lines time=2023-04-21 17:05:45.812]
04-21 17:05:45.831 25312 25459 D ar_activity: [TRACKING TransformPointToPose time=2023-04-21 17:05:45.831]
04-21 17:05:45.831 25312 25459 D ar_activity: [TRACKING TransformPointToPose time=2023-04-21 17:05:45.831]
04-21 17:05:45.831 25312 25459 D ar_activity: send stroke to firebase, id=-NT_cmGa5a70lSadlgR0
04-21 17:05:45.832 25312 25459 D ar_activity: [[2d] after update lines time=2023-04-21 17:05:45.831]
04-21 17:05:45.850 25312 25459 D ar_activity: [TRACKING TransformPointToPose time=2023-04-21 17:05:45.850]
04-21 17:05:45.850 25312 25459 D ar_activity: send stroke to firebase, id=-NT_cmGa5a70lSadlgR0
04-21 17:05:45.851 25312 25459 D ar_activity: [[2d] after update lines time=2023-04-21 17:05:45.851]
04-21 17:05:45.866 25312 25312 D ar_activity: [[2a end - 2d start] onChildChanged stroke id=-NT_cmGa5a70lSadlgR0 time=2023-04-21 17:05:45.865]
04-21 17:05:45.880 25312 25459 D ar_activity: [TRACKING TransformPointToPose time=2023-04-21 17:05:45.880]
04-21 17:05:45.881 25312 25459 D ar_activity: [TRACKING TransformPointToPose time=2023-04-21 17:05:45.880]
04-21 17:05:45.881 25312 25459 D ar_activity: [TRACKING TransformPointToPose time=2023-04-21 17:05:45.881]
04-21 17:05:45.881 25312 25459 D ar_activity: send stroke to firebase, id=-NT_cmGa5a70lSadlgR0
04-21 17:05:45.881 25312 25459 D ar_activity: [[2d] after update lines time=2023-04-21 17:05:45.881]
04-21 17:05:45.900 25312 25459 D ar_activity: [TRACKING TransformPointToPose time=2023-04-21 17:05:45.900]
04-21 17:05:45.900 25312 25459 D ar_activity: [TRACKING TransformPointToPose time=2023-04-21 17:05:45.900]
04-21 17:05:45.901 25312 25459 D ar_activity: send stroke to firebase, id=-NT_cmGa5a70lSadlgR0
04-21 17:05:45.901 25312 25459 D ar_activity: [[2d] after update lines time=2023-04-21 17:05:45.901]
04-21 17:05:45.922 25312 25459 D ar_activity: [TRACKING TransformPointToPose time=2023-04-21 17:05:45.922]
04-21 17:05:45.923 25312 25459 D ar_activity: [TRACKING TransformPointToPose time=2023-04-21 17:05:45.922]
04-21 17:05:45.923 25312 25459 D ar_activity: send stroke to firebase, id=-NT_cmGa5a70lSadlgR0
04-21 17:05:45.923 25312 25459 D ar_activity: [[2d] after update lines time=2023-04-21 17:05:45.923]
04-21 17:05:45.946 25312 25459 D ar_activity: [TRACKING TransformPointToPose time=2023-04-21 17:05:45.945]
04-21 17:05:45.946 25312 25459 D ar_activity: [TRACKING TransformPointToPose time=2023-04-21 17:05:45.946]
04-21 17:05:45.946 25312 25459 D ar_activity: send stroke to firebase, id=-NT_cmGa5a70lSadlgR0
04-21 17:05:45.947 25312 25459 D ar_activity: [[2d] after update lines time=2023-04-21 17:05:45.946]
04-21 17:05:45.965 25312 25459 D ar_activity: [TRACKING TransformPointToPose time=2023-04-21 17:05:45.965]
04-21 17:05:45.971 25312 25459 D ar_activity: send stroke to firebase, id=-NT_cmGa5a70lSadlgR0
04-21 17:05:45.972 25312 25459 D ar_activity: [[2d] after update lines time=2023-04-21 17:05:45.972]
04-21 17:05:45.974 25312 25312 D ar_activity: [[2a end - 2d start] onChildChanged stroke id=-NT_cmGa5a70lSadlgR0 time=2023-04-21 17:05:45.974]
04-21 17:05:45.994 25312 25459 D ar_activity: [TRACKING TransformPointToPose time=2023-04-21 17:05:45.994]
04-21 17:05:45.994 25312 25459 D ar_activity: [TRACKING TransformPointToPose time=2023-04-21 17:05:45.994]
04-21 17:05:45.994 25312 25459 D ar_activity: send stroke to firebase, id=-NT_cmGa5a70lSadlgR0
04-21 17:05:45.995 25312 25459 D ar_activity: [[2d] after update lines time=2023-04-21 17:05:45.995]
04-21 17:05:46.014 25312 25459 D ar_activity: [TRACKING TransformPointToPose time=2023-04-21 17:05:46.014]
04-21 17:05:46.015 25312 25459 D ar_activity: [TRACKING TransformPointToPose time=2023-04-21 17:05:46.015]
04-21 17:05:46.017 25312 25459 D ar_activity: send stroke to firebase, id=-NT_cmGa5a70lSadlgR0
04-21 17:05:46.021 25312 25459 D ar_activity: [[2d] after update lines time=2023-04-21 17:05:46.020]
04-21 17:05:46.041 25312 25459 D ar_activity: [TRACKING TransformPointToPose time=2023-04-21 17:05:46.041]
04-21 17:05:46.041 25312 25459 D ar_activity: [TRACKING TransformPointToPose time=2023-04-21 17:05:46.041]
04-21 17:05:46.041 25312 25459 D ar_activity: send stroke to firebase, id=-NT_cmGa5a70lSadlgR0
04-21 17:05:46.042 25312 25459 D ar_activity: [[2d] after update lines time=2023-04-21 17:05:46.042]
04-21 17:05:46.062 25312 25459 D ar_activity: [TRACKING TransformPointToPose time=2023-04-21 17:05:46.061]
04-21 17:05:46.062 25312 25459 D ar_activity: send stroke to firebase, id=-NT_cmGa5a70lSadlgR0
04-21 17:05:46.062 25312 25459 D ar_activity: [[2d] after update lines time=2023-04-21 17:05:46.062]
04-21 17:05:46.082 25312 25459 D ar_activity: [TRACKING TransformPointToPose time=2023-04-21 17:05:46.082]
04-21 17:05:46.083 25312 25459 D ar_activity: [TRACKING TransformPointToPose time=2023-04-21 17:05:46.082]
04-21 17:05:46.083 25312 25459 D ar_activity: send stroke to firebase, id=-NT_cmGa5a70lSadlgR0
04-21 17:05:46.084 25312 25312 D ar_activity: [[2a end - 2d start] onChildChanged stroke id=-NT_cmGa5a70lSadlgR0 time=2023-04-21 17:05:46.084]
04-21 17:05:46.085 25312 25459 D ar_activity: [[2d] after update lines time=2023-04-21 17:05:46.084]
04-21 17:05:46.104 25312 25459 D ar_activity: [TRACKING TransformPointToPose time=2023-04-21 17:05:46.103]
04-21 17:05:46.104 25312 25459 D ar_activity: [TRACKING TransformPointToPose time=2023-04-21 17:05:46.104]
04-21 17:05:46.104 25312 25459 D ar_activity: send stroke to firebase, id=-NT_cmGa5a70lSadlgR0
04-21 17:05:46.105 25312 25459 D ar_activity: [[2d] after update lines time=2023-04-21 17:05:46.105]
04-21 17:05:46.126 25312 25459 D ar_activity: [TRACKING TransformPointToPose time=2023-04-21 17:05:46.126]
04-21 17:05:46.126 25312 25459 D ar_activity: [TRACKING TransformPointToPose time=2023-04-21 17:05:46.126]
04-21 17:05:46.127 25312 25459 D ar_activity: send stroke to firebase, id=-NT_cmGa5a70lSadlgR0
04-21 17:05:46.127 25312 25459 D ar_activity: [[2d] after update lines time=2023-04-21 17:05:46.127]
04-21 17:05:46.146 25312 25459 D ar_activity: [TRACKING TransformPointToPose time=2023-04-21 17:05:46.145]
04-21 17:05:46.146 25312 25459 D ar_activity: [TRACKING TransformPointToPose time=2023-04-21 17:05:46.146]
04-21 17:05:46.146 25312 25459 D ar_activity: send stroke to firebase, id=-NT_cmGa5a70lSadlgR0
04-21 17:05:46.146 25312 25459 D ar_activity: [[2d] after update lines time=2023-04-21 17:05:46.146]
04-21 17:05:46.165 25312 25459 D ar_activity: [TRACKING TransformPointToPose time=2023-04-21 17:05:46.165]
04-21 17:05:46.165 25312 25459 D ar_activity: [TRACKING TransformPointToPose time=2023-04-21 17:05:46.165]
04-21 17:05:46.165 25312 25459 D ar_activity: send stroke to firebase, id=-NT_cmGa5a70lSadlgR0
04-21 17:05:46.166 25312 25459 D ar_activity: [[2d] after update lines time=2023-04-21 17:05:46.166]
04-21 17:05:46.182 25312 25312 D ar_activity: [[2a end - 2d start] onChildChanged stroke id=-NT_cmGa5a70lSadlgR0 time=2023-04-21 17:05:46.182]
04-21 17:05:46.187 25312 25459 D ar_activity: [TRACKING TransformPointToPose time=2023-04-21 17:05:46.187]
04-21 17:05:46.187 25312 25459 D ar_activity: send stroke to firebase, id=-NT_cmGa5a70lSadlgR0
04-21 17:05:46.188 25312 25459 D ar_activity: [[2d] after update lines time=2023-04-21 17:05:46.188]
04-21 17:05:46.216 25312 25459 D ar_activity: [TRACKING TransformPointToPose time=2023-04-21 17:05:46.215]
04-21 17:05:46.216 25312 25459 D ar_activity: [TRACKING TransformPointToPose time=2023-04-21 17:05:46.216]
04-21 17:05:46.216 25312 25459 D ar_activity: [TRACKING TransformPointToPose time=2023-04-21 17:05:46.216]
04-21 17:05:46.216 25312 25459 D ar_activity: send stroke to firebase, id=-NT_cmGa5a70lSadlgR0
04-21 17:05:46.218 25312 25459 D ar_activity: [[2d] after update lines time=2023-04-21 17:05:46.218]
04-21 17:05:46.237 25312 25459 D ar_activity: [TRACKING TransformPointToPose time=2023-04-21 17:05:46.237]
04-21 17:05:46.237 25312 25459 D ar_activity: [TRACKING TransformPointToPose time=2023-04-21 17:05:46.237]
04-21 17:05:46.237 25312 25459 D ar_activity: send stroke to firebase, id=-NT_cmGa5a70lSadlgR0
04-21 17:05:46.238 25312 25459 D ar_activity: [[2d] after update lines time=2023-04-21 17:05:46.238]
04-21 17:05:46.257 25312 25459 D ar_activity: [TRACKING TransformPointToPose time=2023-04-21 17:05:46.256]
04-21 17:05:46.257 25312 25459 D ar_activity: [TRACKING TransformPointToPose time=2023-04-21 17:05:46.257]
04-21 17:05:46.257 25312 25459 D ar_activity: send stroke to firebase, id=-NT_cmGa5a70lSadlgR0
04-21 17:05:46.260 25312 25459 D ar_activity: [[2d] after update lines time=2023-04-21 17:05:46.260]
04-21 17:05:46.280 25312 25312 D ar_activity: [[2a end - 2d start] onChildChanged stroke id=-NT_cmGa5a70lSadlgR0 time=2023-04-21 17:05:46.280]
04-21 17:05:46.286 25312 25459 D ar_activity: [TRACKING TransformPointToPose time=2023-04-21 17:05:46.286]
04-21 17:05:46.286 25312 25459 D ar_activity: [TRACKING TransformPointToPose time=2023-04-21 17:05:46.286]
04-21 17:05:46.286 25312 25459 D ar_activity: [TRACKING TransformPointToPose time=2023-04-21 17:05:46.286]
04-21 17:05:46.287 25312 25459 D ar_activity: send stroke to firebase, id=-NT_cmGa5a70lSadlgR0
04-21 17:05:46.287 25312 25459 D ar_activity: [[2d] after update lines time=2023-04-21 17:05:46.287]
04-21 17:05:46.306 25312 25459 D ar_activity: [TRACKING TransformPointToPose time=2023-04-21 17:05:46.305]
04-21 17:05:46.306 25312 25459 D ar_activity: send stroke to firebase, id=-NT_cmGa5a70lSadlgR0
04-21 17:05:46.306 25312 25459 D ar_activity: [[2d] after update lines time=2023-04-21 17:05:46.306]
04-21 17:05:46.327 25312 25459 D ar_activity: [TRACKING TransformPointToPose time=2023-04-21 17:05:46.327]
04-21 17:05:46.327 25312 25459 D ar_activity: [TRACKING TransformPointToPose time=2023-04-21 17:05:46.327]
04-21 17:05:46.328 25312 25459 D ar_activity: send stroke to firebase, id=-NT_cmGa5a70lSadlgR0
04-21 17:05:46.328 25312 25459 D ar_activity: [[2d] after update lines time=2023-04-21 17:05:46.328]
04-21 17:05:46.347 25312 25459 D ar_activity: [TRACKING TransformPointToPose time=2023-04-21 17:05:46.347]
04-21 17:05:46.347 25312 25459 D ar_activity: [TRACKING TransformPointToPose time=2023-04-21 17:05:46.347]
04-21 17:05:46.347 25312 25459 D ar_activity: send stroke to firebase, id=-NT_cmGa5a70lSadlgR0
04-21 17:05:46.348 25312 25459 D ar_activity: [[2d] after update lines time=2023-04-21 17:05:46.348]
04-21 17:05:46.367 25312 25459 D ar_activity: [TRACKING TransformPointToPose time=2023-04-21 17:05:46.367]
04-21 17:05:46.367 25312 25459 D ar_activity: [TRACKING TransformPointToPose time=2023-04-21 17:05:46.367]
04-21 17:05:46.367 25312 25459 D ar_activity: send stroke to firebase, id=-NT_cmGa5a70lSadlgR0
04-21 17:05:46.368 25312 25459 D ar_activity: [[2d] after update lines time=2023-04-21 17:05:46.368]
04-21 17:05:46.386 25312 25312 D ar_activity: [[2a end - 2d start] onChildChanged stroke id=-NT_cmGa5a70lSadlgR0 time=2023-04-21 17:05:46.386]
04-21 17:05:46.389 25312 25459 D ar_activity: [TRACKING TransformPointToPose time=2023-04-21 17:05:46.388]
04-21 17:05:46.389 25312 25459 D ar_activity: [TRACKING TransformPointToPose time=2023-04-21 17:05:46.389]
04-21 17:05:46.390 25312 25459 D ar_activity: send stroke to firebase, id=-NT_cmGa5a70lSadlgR0
04-21 17:05:46.394 25312 25459 D ar_activity: [[2d] after update lines time=2023-04-21 17:05:46.393]
04-21 17:05:46.416 25312 25459 D ar_activity: [TRACKING TransformPointToPose time=2023-04-21 17:05:46.416]
04-21 17:05:46.416 25312 25459 D ar_activity: [TRACKING TransformPointToPose time=2023-04-21 17:05:46.416]
04-21 17:05:46.416 25312 25459 D ar_activity: send stroke to firebase, id=-NT_cmGa5a70lSadlgR0
04-21 17:05:46.418 25312 25459 D ar_activity: [[2d] after update lines time=2023-04-21 17:05:46.417]
04-21 17:05:46.436 25312 25459 D ar_activity: [TRACKING TransformPointToPose time=2023-04-21 17:05:46.436]
04-21 17:05:46.437 25312 25459 D ar_activity: [TRACKING TransformPointToPose time=2023-04-21 17:05:46.437]
04-21 17:05:46.437 25312 25459 D ar_activity: send stroke to firebase, id=-NT_cmGa5a70lSadlgR0
04-21 17:05:46.437 25312 25459 D ar_activity: [[2d] after update lines time=2023-04-21 17:05:46.437]
04-21 17:05:46.456 25312 25459 D ar_activity: [TRACKING TransformPointToPose time=2023-04-21 17:05:46.456]
04-21 17:05:46.456 25312 25459 D ar_activity: [TRACKING TransformPointToPose time=2023-04-21 17:05:46.456]
04-21 17:05:46.456 25312 25459 D ar_activity: send stroke to firebase, id=-NT_cmGa5a70lSadlgR0
04-21 17:05:46.457 25312 25459 D ar_activity: [[2d] after update lines time=2023-04-21 17:05:46.457]
04-21 17:05:46.472 25312 25312 D ar_activity: [[2a end - 2d start] onChildChanged stroke id=-NT_cmGa5a70lSadlgR0 time=2023-04-21 17:05:46.472]
04-21 17:05:46.478 25312 25459 D ar_activity: [TRACKING TransformPointToPose time=2023-04-21 17:05:46.478]
04-21 17:05:46.478 25312 25459 D ar_activity: send stroke to firebase, id=-NT_cmGa5a70lSadlgR0
04-21 17:05:46.479 25312 25459 D ar_activity: [[2d] after update lines time=2023-04-21 17:05:46.479]
04-21 17:05:46.499 25312 25459 D ar_activity: [TRACKING TransformPointToPose time=2023-04-21 17:05:46.498]
04-21 17:05:46.500 25312 25459 D ar_activity: [TRACKING TransformPointToPose time=2023-04-21 17:05:46.499]
04-21 17:05:46.500 25312 25459 D ar_activity: [TRACKING TransformPointToPose time=2023-04-21 17:05:46.500]
04-21 17:05:46.500 25312 25459 D ar_activity: send stroke to firebase, id=-NT_cmGa5a70lSadlgR0
04-21 17:05:46.502 25312 25459 D ar_activity: [[2d] after update lines time=2023-04-21 17:05:46.501]
04-21 17:05:46.523 25312 25459 D ar_activity: [TRACKING TransformPointToPose time=2023-04-21 17:05:46.522]
04-21 17:05:46.523 25312 25459 D ar_activity: [TRACKING TransformPointToPose time=2023-04-21 17:05:46.523]
04-21 17:05:46.524 25312 25459 D ar_activity: send stroke to firebase, id=-NT_cmGa5a70lSadlgR0
04-21 17:05:46.527 25312 25459 D ar_activity: [[2d] after update lines time=2023-04-21 17:05:46.526]
04-21 17:05:46.546 25312 25459 D ar_activity: [TRACKING TransformPointToPose time=2023-04-21 17:05:46.546]
04-21 17:05:46.546 25312 25459 D ar_activity: [TRACKING TransformPointToPose time=2023-04-21 17:05:46.546]
04-21 17:05:46.547 25312 25459 D ar_activity: send stroke to firebase, id=-NT_cmGa5a70lSadlgR0
04-21 17:05:46.547 25312 25459 D ar_activity: [[2d] after update lines time=2023-04-21 17:05:46.547]
04-21 17:05:46.569 25312 25459 D ar_activity: [TRACKING TransformPointToPose time=2023-04-21 17:05:46.569]
04-21 17:05:46.570 25312 25459 D ar_activity: [TRACKING TransformPointToPose time=2023-04-21 17:05:46.569]
04-21 17:05:46.570 25312 25459 D ar_activity: send stroke to firebase, id=-NT_cmGa5a70lSadlgR0
04-21 17:05:46.596 25312 25459 D ar_activity: [[2d] after update lines time=2023-04-21 17:05:46.595]
04-21 17:05:46.620 25312 25459 D ar_activity: [TRACKING TransformPointToPose time=2023-04-21 17:05:46.619]
04-21 17:05:46.620 25312 25459 D ar_activity: [TRACKING TransformPointToPose time=2023-04-21 17:05:46.620]
04-21 17:05:46.621 25312 25459 D ar_activity: [TRACKING TransformPointToPose time=2023-04-21 17:05:46.620]
04-21 17:05:46.621 25312 25459 D ar_activity: [TRACKING TransformPointToPose time=2023-04-21 17:05:46.621]
04-21 17:05:46.621 25312 25459 D ar_activity: [TRACKING TransformPointToPose time=2023-04-21 17:05:46.621]
04-21 17:05:46.622 25312 25459 D ar_activity: send stroke to firebase, id=-NT_cmGa5a70lSadlgR0
04-21 17:05:46.623 25312 25312 D ar_activity: [[2a end - 2d start] onChildChanged stroke id=-NT_cmGa5a70lSadlgR0 time=2023-04-21 17:05:46.623]
04-21 17:05:46.624 25312 25459 D ar_activity: [[2d] after update lines time=2023-04-21 17:05:46.623]
04-21 17:05:46.648 25312 25459 D ar_activity: [TRACKING TransformPointToPose time=2023-04-21 17:05:46.648]
04-21 17:05:46.648 25312 25459 D ar_activity: [TRACKING TransformPointToPose time=2023-04-21 17:05:46.648]
04-21 17:05:46.648 25312 25459 D ar_activity: send stroke to firebase, id=-NT_cmGa5a70lSadlgR0
04-21 17:05:46.649 25312 25459 D ar_activity: [[2d] after update lines time=2023-04-21 17:05:46.649]
04-21 17:05:46.668 25312 25459 D ar_activity: [TRACKING TransformPointToPose time=2023-04-21 17:05:46.667]
04-21 17:05:46.668 25312 25459 D ar_activity: [TRACKING TransformPointToPose time=2023-04-21 17:05:46.668]
04-21 17:05:46.668 25312 25459 D ar_activity: send stroke to firebase, id=-NT_cmGa5a70lSadlgR0
04-21 17:05:46.668 25312 25459 D ar_activity: [[2d] after update lines time=2023-04-21 17:05:46.668]
04-21 17:05:46.687 25312 25459 D ar_activity: [TRACKING TransformPointToPose time=2023-04-21 17:05:46.687]
04-21 17:05:46.687 25312 25459 D ar_activity: [TRACKING TransformPointToPose time=2023-04-21 17:05:46.687]
04-21 17:05:46.687 25312 25459 D ar_activity: send stroke to firebase, id=-NT_cmGa5a70lSadlgR0
04-21 17:05:46.688 25312 25459 D ar_activity: [[2d] after update lines time=2023-04-21 17:05:46.688]
04-21 17:05:46.707 25312 25459 D ar_activity: [TRACKING TransformPointToPose time=2023-04-21 17:05:46.706]
04-21 17:05:46.707 25312 25459 D ar_activity: send stroke to firebase, id=-NT_cmGa5a70lSadlgR0
04-21 17:05:46.707 25312 25459 D ar_activity: [[2d] after update lines time=2023-04-21 17:05:46.707]
04-21 17:05:46.729 25312 25312 D ar_activity: [[2a end - 2d start] onChildChanged stroke id=-NT_cmGa5a70lSadlgR0 time=2023-04-21 17:05:46.729]
04-21 17:05:46.731 25312 25459 D ar_activity: [TRACKING TransformPointToPose time=2023-04-21 17:05:46.728]
04-21 17:05:46.731 25312 25459 D ar_activity: [TRACKING TransformPointToPose time=2023-04-21 17:05:46.731]
04-21 17:05:46.732 25312 25459 D ar_activity: send stroke to firebase, id=-NT_cmGa5a70lSadlgR0
04-21 17:05:46.733 25312 25459 D ar_activity: [[2d] after update lines time=2023-04-21 17:05:46.733]
04-21 17:05:46.753 25312 25459 D ar_activity: [TRACKING TransformPointToPose time=2023-04-21 17:05:46.753]
04-21 17:05:46.753 25312 25459 D ar_activity: [TRACKING TransformPointToPose time=2023-04-21 17:05:46.753]
04-21 17:05:46.754 25312 25459 D ar_activity: send stroke to firebase, id=-NT_cmGa5a70lSadlgR0
04-21 17:05:46.754 25312 25459 D ar_activity: [[2d] after update lines time=2023-04-21 17:05:46.754]
04-21 17:05:46.781 25312 25459 D ar_activity: [TRACKING TransformPointToPose time=2023-04-21 17:05:46.780]
04-21 17:05:46.781 25312 25459 D ar_activity: [TRACKING TransformPointToPose time=2023-04-21 17:05:46.781]
04-21 17:05:46.781 25312 25459 D ar_activity: send stroke to firebase, id=-NT_cmGa5a70lSadlgR0
04-21 17:05:46.781 25312 25459 D ar_activity: [[2d] after update lines time=2023-04-21 17:05:46.781]
04-21 17:05:46.808 25312 25459 D ar_activity: [TRACKING TransformPointToPose time=2023-04-21 17:05:46.808]
04-21 17:05:46.809 25312 25459 D ar_activity: [TRACKING TransformPointToPose time=2023-04-21 17:05:46.809]
04-21 17:05:46.811 25312 25459 D ar_activity: [TRACKING TransformPointToPose time=2023-04-21 17:05:46.810]
04-21 17:05:46.812 25312 25459 D ar_activity: send stroke to firebase, id=-NT_cmGa5a70lSadlgR0
04-21 17:05:46.813 25312 25459 D ar_activity: [[2d] after update lines time=2023-04-21 17:05:46.813]
04-21 17:05:46.832 25312 25312 D ar_activity: [[2a end - 2d start] onChildChanged stroke id=-NT_cmGa5a70lSadlgR0 time=2023-04-21 17:05:46.832]
04-21 17:05:46.835 25312 25459 D ar_activity: [TRACKING TransformPointToPose time=2023-04-21 17:05:46.834]
04-21 17:05:46.835 25312 25459 D ar_activity: [TRACKING TransformPointToPose time=2023-04-21 17:05:46.835]
04-21 17:05:46.835 25312 25459 D ar_activity: send stroke to firebase, id=-NT_cmGa5a70lSadlgR0
04-21 17:05:46.835 25312 25459 D ar_activity: [[2d] after update lines time=2023-04-21 17:05:46.835]
04-21 17:05:46.854 25312 25459 D ar_activity: [TRACKING TransformPointToPose time=2023-04-21 17:05:46.854]
04-21 17:05:46.854 25312 25459 D ar_activity: [TRACKING TransformPointToPose time=2023-04-21 17:05:46.854]
04-21 17:05:46.855 25312 25459 D ar_activity: send stroke to firebase, id=-NT_cmGa5a70lSadlgR0
04-21 17:05:46.855 25312 25459 D ar_activity: [[2d] after update lines time=2023-04-21 17:05:46.855]
04-21 17:05:46.877 25312 25459 D ar_activity: [TRACKING TransformPointToPose time=2023-04-21 17:05:46.877]
04-21 17:05:46.877 25312 25459 D ar_activity: [TRACKING TransformPointToPose time=2023-04-21 17:05:46.877]
04-21 17:05:46.877 25312 25459 D ar_activity: send stroke to firebase, id=-NT_cmGa5a70lSadlgR0
04-21 17:05:46.878 25312 25459 D ar_activity: [[2d] after update lines time=2023-04-21 17:05:46.878]
04-21 17:05:46.896 25312 25459 D ar_activity: [TRACKING TransformPointToPose time=2023-04-21 17:05:46.896]
04-21 17:05:46.897 25312 25459 D ar_activity: send stroke to firebase, id=-NT_cmGa5a70lSadlgR0
04-21 17:05:46.898 25312 25459 D ar_activity: [[2d] after update lines time=2023-04-21 17:05:46.897]
04-21 17:05:46.916 25312 25459 D ar_activity: [TRACKING TransformPointToPose time=2023-04-21 17:05:46.916]
04-21 17:05:46.917 25312 25459 D ar_activity: [TRACKING TransformPointToPose time=2023-04-21 17:05:46.916]
04-21 17:05:46.917 25312 25459 D ar_activity: send stroke to firebase, id=-NT_cmGa5a70lSadlgR0
04-21 17:05:46.920 25312 25459 D ar_activity: [[2d] after update lines time=2023-04-21 17:05:46.920]
04-21 17:05:46.932 25312 25312 D ar_activity: [[2a end - 2d start] onChildChanged stroke id=-NT_cmGa5a70lSadlgR0 time=2023-04-21 17:05:46.932]
04-21 17:05:46.939 25312 25459 D ar_activity: [TRACKING TransformPointToPose time=2023-04-21 17:05:46.939]
04-21 17:05:46.939 25312 25459 D ar_activity: send stroke to firebase, id=-NT_cmGa5a70lSadlgR0
04-21 17:05:46.940 25312 25459 D ar_activity: [[2d] after update lines time=2023-04-21 17:05:46.939]
04-21 17:05:46.961 25312 25459 D ar_activity: [TRACKING TransformPointToPose time=2023-04-21 17:05:46.961]
04-21 17:05:46.961 25312 25459 D ar_activity: [TRACKING TransformPointToPose time=2023-04-21 17:05:46.961]
04-21 17:05:46.961 25312 25459 D ar_activity: send stroke to firebase, id=-NT_cmGa5a70lSadlgR0
04-21 17:05:46.962 25312 25459 D ar_activity: [[2d] after update lines time=2023-04-21 17:05:46.962]
04-21 17:05:46.981 25312 25459 D ar_activity: [TRACKING TransformPointToPose time=2023-04-21 17:05:46.980]
04-21 17:05:46.981 25312 25459 D ar_activity: [TRACKING TransformPointToPose time=2023-04-21 17:05:46.981]
04-21 17:05:46.981 25312 25459 D ar_activity: send stroke to firebase, id=-NT_cmGa5a70lSadlgR0
04-21 17:05:46.982 25312 25459 D ar_activity: [[2d] after update lines time=2023-04-21 17:05:46.981]
04-21 17:05:47.001 25312 25459 D ar_activity: [TRACKING TransformPointToPose time=2023-04-21 17:05:47.000]
04-21 17:05:47.001 25312 25459 D ar_activity: [TRACKING TransformPointToPose time=2023-04-21 17:05:47.001]
04-21 17:05:47.001 25312 25459 D ar_activity: send stroke to firebase, id=-NT_cmGa5a70lSadlgR0
04-21 17:05:47.003 25312 25459 D ar_activity: [[2d] after update lines time=2023-04-21 17:05:47.002]
04-21 17:05:47.020 25312 25312 D ar_activity: [[2a end - 2d start] onChildChanged stroke id=-NT_cmGa5a70lSadlgR0 time=2023-04-21 17:05:47.020]
04-21 17:05:47.023 25312 25459 D ar_activity: [TRACKING TransformPointToPose time=2023-04-21 17:05:47.022]
04-21 17:05:47.024 25312 25459 D ar_activity: [TRACKING TransformPointToPose time=2023-04-21 17:05:47.023]
04-21 17:05:47.026 25312 25459 D ar_activity: send stroke to firebase, id=-NT_cmGa5a70lSadlgR0
04-21 17:05:47.031 25312 25459 D ar_activity: [[2d] after update lines time=2023-04-21 17:05:47.031]
04-21 17:05:47.053 25312 25459 D ar_activity: [TRACKING TransformPointToPose time=2023-04-21 17:05:47.053]
04-21 17:05:47.053 25312 25459 D ar_activity: [TRACKING TransformPointToPose time=2023-04-21 17:05:47.053]
04-21 17:05:47.053 25312 25459 D ar_activity: [TRACKING TransformPointToPose time=2023-04-21 17:05:47.053]
04-21 17:05:47.054 25312 25459 D ar_activity: send stroke to firebase, id=-NT_cmGa5a70lSadlgR0
04-21 17:05:47.054 25312 25459 D ar_activity: [[2d] after update lines time=2023-04-21 17:05:47.054]
04-21 17:05:47.072 25312 25459 D ar_activity: [TRACKING TransformPointToPose time=2023-04-21 17:05:47.072]
04-21 17:05:47.073 25312 25459 D ar_activity: send stroke to firebase, id=-NT_cmGa5a70lSadlgR0
04-21 17:05:47.073 25312 25459 D ar_activity: [[2d] after update lines time=2023-04-21 17:05:47.073]
04-21 17:05:47.094 25312 25459 D ar_activity: [TRACKING TransformPointToPose time=2023-04-21 17:05:47.094]
04-21 17:05:47.095 25312 25459 D ar_activity: [TRACKING TransformPointToPose time=2023-04-21 17:05:47.095]
04-21 17:05:47.095 25312 25459 D ar_activity: send stroke to firebase, id=-NT_cmGa5a70lSadlgR0
04-21 17:05:47.095 25312 25459 D ar_activity: [[2d] after update lines time=2023-04-21 17:05:47.095]
04-21 17:05:47.114 25312 25312 D ar_activity: [[2a end - 2d start] onChildChanged stroke id=-NT_cmGa5a70lSadlgR0 time=2023-04-21 17:05:47.113]
04-21 17:05:47.114 25312 25459 D ar_activity: [TRACKING TransformPointToPose time=2023-04-21 17:05:47.114]
04-21 17:05:47.114 25312 25459 D ar_activity: [TRACKING TransformPointToPose time=2023-04-21 17:05:47.114]
04-21 17:05:47.114 25312 25459 D ar_activity: send stroke to firebase, id=-NT_cmGa5a70lSadlgR0
04-21 17:05:47.115 25312 25459 D ar_activity: [[2d] after update lines time=2023-04-21 17:05:47.115]
04-21 17:05:47.134 25312 25459 D ar_activity: [TRACKING TransformPointToPose time=2023-04-21 17:05:47.133]
04-21 17:05:47.134 25312 25459 D ar_activity: [TRACKING TransformPointToPose time=2023-04-21 17:05:47.134]
04-21 17:05:47.135 25312 25459 D ar_activity: send stroke to firebase, id=-NT_cmGa5a70lSadlgR0
04-21 17:05:47.135 25312 25459 D ar_activity: [[2d] after update lines time=2023-04-21 17:05:47.135]
04-21 17:05:47.154 25312 25459 D ar_activity: [TRACKING TransformPointToPose time=2023-04-21 17:05:47.154]
04-21 17:05:47.154 25312 25459 D ar_activity: [TRACKING TransformPointToPose time=2023-04-21 17:05:47.154]
04-21 17:05:47.154 25312 25459 D ar_activity: send stroke to firebase, id=-NT_cmGa5a70lSadlgR0
04-21 17:05:47.155 25312 25459 D ar_activity: [[2d] after update lines time=2023-04-21 17:05:47.155]
04-21 17:05:47.173 25312 25459 D ar_activity: [TRACKING TransformPointToPose time=2023-04-21 17:05:47.173]
04-21 17:05:47.174 25312 25459 D ar_activity: send stroke to firebase, id=-NT_cmGa5a70lSadlgR0
04-21 17:05:47.174 25312 25459 D ar_activity: [[2d] after update lines time=2023-04-21 17:05:47.174]
04-21 17:05:47.196 25312 25459 D ar_activity: [TRACKING TransformPointToPose time=2023-04-21 17:05:47.195]
04-21 17:05:47.196 25312 25459 D ar_activity: send stroke to firebase, id=-NT_cmGa5a70lSadlgR0
04-21 17:05:47.198 25312 25459 D ar_activity: [[2d] after update lines time=2023-04-21 17:05:47.198]
04-21 17:05:47.223 25312 25459 D ar_activity: [TRACKING TransformPointToPose time=2023-04-21 17:05:47.222]
04-21 17:05:47.223 25312 25459 D ar_activity: [TRACKING TransformPointToPose time=2023-04-21 17:05:47.223]
04-21 17:05:47.225 25312 25459 D ar_activity: send stroke to firebase, id=-NT_cmGa5a70lSadlgR0
04-21 17:05:47.229 25312 25459 D ar_activity: [[2d] after update lines time=2023-04-21 17:05:47.226]
04-21 17:05:47.243 25312 25312 D ar_activity: [[2a end - 2d start] onChildChanged stroke id=-NT_cmGa5a70lSadlgR0 time=2023-04-21 17:05:47.242]
04-21 17:05:47.254 25312 25459 D ar_activity: [TRACKING TransformPointToPose time=2023-04-21 17:05:47.254]
04-21 17:05:47.255 25312 25459 D ar_activity: [TRACKING TransformPointToPose time=2023-04-21 17:05:47.255]
04-21 17:05:47.256 25312 25459 D ar_activity: [TRACKING TransformPointToPose time=2023-04-21 17:05:47.256]
04-21 17:05:47.256 25312 25459 D ar_activity: send stroke to firebase, id=-NT_cmGa5a70lSadlgR0
04-21 17:05:47.259 25312 25459 D ar_activity: [[2d] after update lines time=2023-04-21 17:05:47.258]
04-21 17:05:47.283 25312 25459 D ar_activity: [TRACKING TransformPointToPose time=2023-04-21 17:05:47.283]
04-21 17:05:47.283 25312 25459 D ar_activity: [TRACKING TransformPointToPose time=2023-04-21 17:05:47.283]
04-21 17:05:47.283 25312 25459 D ar_activity: send stroke to firebase, id=-NT_cmGa5a70lSadlgR0
04-21 17:05:47.287 25312 25459 D ar_activity: [[2d] after update lines time=2023-04-21 17:05:47.287]
04-21 17:05:47.309 25312 25459 D ar_activity: [TRACKING TransformPointToPose time=2023-04-21 17:05:47.308]
04-21 17:05:47.309 25312 25459 D ar_activity: [TRACKING TransformPointToPose time=2023-04-21 17:05:47.309]
04-21 17:05:47.309 25312 25459 D ar_activity: [TRACKING TransformPointToPose time=2023-04-21 17:05:47.309]
04-21 17:05:47.309 25312 25459 D ar_activity: send stroke to firebase, id=-NT_cmGa5a70lSadlgR0
04-21 17:05:47.310 25312 25459 D ar_activity: [[2d] after update lines time=2023-04-21 17:05:47.310]
04-21 17:05:47.329 25312 25459 D ar_activity: [TRACKING TransformPointToPose time=2023-04-21 17:05:47.329]
04-21 17:05:47.329 25312 25459 D ar_activity: [TRACKING TransformPointToPose time=2023-04-21 17:05:47.329]
04-21 17:05:47.330 25312 25459 D ar_activity: send stroke to firebase, id=-NT_cmGa5a70lSadlgR0
04-21 17:05:47.332 25312 25459 D ar_activity: [[2d] after update lines time=2023-04-21 17:05:47.331]
04-21 17:05:47.354 25312 25459 D ar_activity: [TRACKING TransformPointToPose time=2023-04-21 17:05:47.353]
04-21 17:05:47.355 25312 25459 D ar_activity: send stroke to firebase, id=-NT_cmGa5a70lSadlgR0
04-21 17:05:47.357 25312 25459 D ar_activity: [[2d] after update lines time=2023-04-21 17:05:47.356]
04-21 17:05:47.381 25312 25312 D ar_activity: [[2a end - 2d start] onChildChanged stroke id=-NT_cmGa5a70lSadlgR0 time=2023-04-21 17:05:47.380]
04-21 17:05:47.386 25312 25459 D ar_activity: [TRACKING TransformPointToPose time=2023-04-21 17:05:47.386]
04-21 17:05:47.387 25312 25459 D ar_activity: [TRACKING TransformPointToPose time=2023-04-21 17:05:47.386]
04-21 17:05:47.387 25312 25459 D ar_activity: [TRACKING TransformPointToPose time=2023-04-21 17:05:47.387]
04-21 17:05:47.388 25312 25459 D ar_activity: send stroke to firebase, id=-NT_cmGa5a70lSadlgR0
04-21 17:05:47.389 25312 25459 D ar_activity: [[2d] after update lines time=2023-04-21 17:05:47.389]
04-21 17:05:47.413 25312 25459 D ar_activity: [TRACKING TransformPointToPose time=2023-04-21 17:05:47.412]
04-21 17:05:47.413 25312 25459 D ar_activity: [TRACKING TransformPointToPose time=2023-04-21 17:05:47.413]
04-21 17:05:47.413 25312 25459 D ar_activity: send stroke to firebase, id=-NT_cmGa5a70lSadlgR0
04-21 17:05:47.414 25312 25459 D ar_activity: [[2d] after update lines time=2023-04-21 17:05:47.413]
04-21 17:05:47.432 25312 25459 D ar_activity: [TRACKING TransformPointToPose time=2023-04-21 17:05:47.432]
04-21 17:05:47.432 25312 25459 D ar_activity: [TRACKING TransformPointToPose time=2023-04-21 17:05:47.432]
04-21 17:05:47.433 25312 25459 D ar_activity: send stroke to firebase, id=-NT_cmGa5a70lSadlgR0
04-21 17:05:47.433 25312 25459 D ar_activity: [[2d] after update lines time=2023-04-21 17:05:47.433]
04-21 17:05:47.451 25312 25459 D ar_activity: [TRACKING TransformPointToPose time=2023-04-21 17:05:47.451]
04-21 17:05:47.452 25312 25459 D ar_activity: send stroke to firebase, id=-NT_cmGa5a70lSadlgR0
04-21 17:05:47.452 25312 25459 D ar_activity: [[2d] after update lines time=2023-04-21 17:05:47.452]
04-21 17:05:47.471 25312 25459 D ar_activity: [TRACKING TransformPointToPose time=2023-04-21 17:05:47.471]
04-21 17:05:47.471 25312 25459 D ar_activity: [TRACKING TransformPointToPose time=2023-04-21 17:05:47.471]
04-21 17:05:47.471 25312 25459 D ar_activity: send stroke to firebase, id=-NT_cmGa5a70lSadlgR0
04-21 17:05:47.472 25312 25459 D ar_activity: [[2d] after update lines time=2023-04-21 17:05:47.472]
04-21 17:05:47.491 25312 25459 D ar_activity: [TRACKING TransformPointToPose time=2023-04-21 17:05:47.490]
04-21 17:05:47.491 25312 25459 D ar_activity: send stroke to firebase, id=-NT_cmGa5a70lSadlgR0
04-21 17:05:47.494 25312 25459 D ar_activity: [[2d] after update lines time=2023-04-21 17:05:47.494]
04-21 17:05:47.502 25312 25312 D ar_activity: [[2a end - 2d start] onChildChanged stroke id=-NT_cmGa5a70lSadlgR0 time=2023-04-21 17:05:47.501]
04-21 17:05:47.514 25312 25459 D ar_activity: [TRACKING TransformPointToPose time=2023-04-21 17:05:47.514]
04-21 17:05:47.515 25312 25459 D ar_activity: [TRACKING TransformPointToPose time=2023-04-21 17:05:47.514]
04-21 17:05:47.515 25312 25459 D ar_activity: send stroke to firebase, id=-NT_cmGa5a70lSadlgR0
04-21 17:05:47.515 25312 25459 D ar_activity: [[2d] after update lines time=2023-04-21 17:05:47.515]
04-21 17:05:47.534 25312 25459 D ar_activity: [TRACKING TransformPointToPose time=2023-04-21 17:05:47.534]
04-21 17:05:47.534 25312 25459 D ar_activity: [TRACKING TransformPointToPose time=2023-04-21 17:05:47.534]
04-21 17:05:47.534 25312 25459 D ar_activity: send stroke to firebase, id=-NT_cmGa5a70lSadlgR0
04-21 17:05:47.535 25312 25459 D ar_activity: [[2d] after update lines time=2023-04-21 17:05:47.534]
04-21 17:05:47.554 25312 25459 D ar_activity: [TRACKING TransformPointToPose time=2023-04-21 17:05:47.554]
04-21 17:05:47.554 25312 25459 D ar_activity: [TRACKING TransformPointToPose time=2023-04-21 17:05:47.554]
04-21 17:05:47.555 25312 25459 D ar_activity: send stroke to firebase, id=-NT_cmGa5a70lSadlgR0
04-21 17:05:47.556 25312 25459 D ar_activity: [[2d] after update lines time=2023-04-21 17:05:47.555]
04-21 17:05:47.582 25312 25459 D ar_activity: [TRACKING TransformPointToPose time=2023-04-21 17:05:47.581]
