--------- beginning of main
04-21 17:15:30.607 29414 29538 D ar_activity: [[2d] after update lines time=2023-04-21 17:15:30.571]
04-21 17:15:34.353 29414 29414 D ar_activity: [--- pair start --- time=2023-04-21 17:15:34.353]
04-21 17:15:34.353 29414 29414 D ar_activity: [--- pair session start --- time=2023-04-21 17:15:34.353]
04-21 17:15:34.380 29414 29414 D ar_activity: [create room: Message{namespace='', type='', content=[34 bytes]} time=2023-04-21 17:15:34.380]
04-21 17:15:34.396 29414 29414 D ar_activity: LOOKING: 2023-04-21 17:15:34.396
04-21 17:15:54.842 29414 30258 D ar_activity: [[2d] after update lines time=2023-04-21 17:15:54.842]
04-21 17:16:04.194 29414 30408 D ar_activity: [[2d] after update lines time=2023-04-21 17:16:04.193]
04-21 17:16:36.003 29414 29414 D ar_activity: [[1a start] touch screen time=2023-04-21 17:16:36.002]
04-21 17:16:36.013 29414 30408 D ar_activity: addStroke at 2023-04-21 17:16:36.013
04-21 17:16:36.017 29414 30408 D ar_activity: send stroke to firebase, id=null
04-21 17:16:36.018 29414 30408 D ar_activity: [[2d] after update lines time=2023-04-21 17:16:36.018]
04-21 17:16:36.037 29414 30408 D ar_activity: send stroke to firebase, id=null
04-21 17:16:36.038 29414 30408 D ar_activity: [[2d] after update lines time=2023-04-21 17:16:36.038]
04-21 17:16:36.059 29414 30408 D ar_activity: send stroke to firebase, id=null
04-21 17:16:36.060 29414 30408 D ar_activity: [[2d] after update lines time=2023-04-21 17:16:36.060]
04-21 17:16:36.079 29414 30408 D ar_activity: send stroke to firebase, id=null
04-21 17:16:36.081 29414 30408 D ar_activity: [[2d] after update lines time=2023-04-21 17:16:36.080]
04-21 17:16:36.101 29414 30408 D ar_activity: send stroke to firebase, id=null
04-21 17:16:36.101 29414 30408 D ar_activity: [[2d] after update lines time=2023-04-21 17:16:36.101]
04-21 17:16:36.123 29414 30408 D ar_activity: send stroke to firebase, id=null
04-21 17:16:36.123 29414 30408 D ar_activity: [[2d] after update lines time=2023-04-21 17:16:36.123]
04-21 17:16:36.142 29414 30408 D ar_activity: send stroke to firebase, id=null
04-21 17:16:36.142 29414 30408 D ar_activity: [[2d] after update lines time=2023-04-21 17:16:36.142]
04-21 17:16:36.161 29414 30408 D ar_activity: send stroke to firebase, id=null
04-21 17:16:36.161 29414 30408 D ar_activity: [[2d] after update lines time=2023-04-21 17:16:36.161]
04-21 17:16:40.008 29414 29414 D ar_activity: [--- pair start --- time=2023-04-21 17:16:40.008]
04-21 17:16:40.008 29414 29414 D ar_activity: [--- pair session start --- time=2023-04-21 17:16:40.008]
04-21 17:16:40.012 29414 29414 D ar_activity: [create room: Message{namespace='', type='', content=[34 bytes]} time=2023-04-21 17:16:40.012]
04-21 17:16:40.029 29414 29414 D ar_activity: LOOKING: 2023-04-21 17:16:40.029
04-21 17:16:44.467 29414 29414 D ar_activity: [--- pair joined --- time=2023-04-21 17:16:44.467]
04-21 17:16:44.470 29414 29414 D ar_activity: PARTNER FOUND: 2023-04-21 17:16:44.470
04-21 17:16:46.484 29414 29414 D ar_activity: SET ANCHOR: 2023-04-21 17:16:46.483
04-21 17:16:47.659 29414 29414 D ar_activity: [anchor resolution changed: null time=2023-04-21 17:16:47.659]
04-21 17:16:49.280 29414 29414 D ar_activity: [--- sync ready to set anchor --- time=2023-04-21 17:16:49.280]
04-21 17:16:49.282 29414 29414 D ar_activity: [--- sync: sendSetAnchorEvent --- time=2023-04-21 17:16:49.280]
04-21 17:16:49.283 29414 29414 D ar_activity: --- start creating anchor: 2023-04-21 17:16:49.283 ---
04-21 17:16:49.284 29414 29414 D ar_activity: --- anchor: com.google.ar.core.Anchor@b49fd869 ---
04-21 17:16:49.284 29414 29414 D ar_activity: --- finish creating anchor: 2023-04-21 17:16:49.284 ---
04-21 17:16:49.286 29414 29414 D ar_activity: stroke (id: -NT_fJQXAD5lfH0I-EXL) was added at 2023-04-21 17:16:49.285
04-21 17:16:49.288 29414 29414 D ar_activity: [[1b start] setFirebaseValue stroke id=-NT_fJQXAD5lfH0I-EXL time=2023-04-21 17:16:49.287]
04-21 17:16:49.301 29414 29414 D ar_activity: [hostAnchor start time=2023-04-21 17:16:49.300]
04-21 17:16:49.301 29414 29414 D ar_activity: [hostAnchor end time=2023-04-21 17:16:49.301]
04-21 17:16:49.302 29414 29414 D ar_activity: Start CONNECTING: 2023-04-21 17:16:49.302
04-21 17:16:49.316 29414 30408 D ar_activity: [--- anchor: onUpdate--- time=2023-04-21 17:16:49.316]
04-21 17:16:49.317 29414 30408 D ar_activity: [[2d] after update lines time=2023-04-21 17:16:49.317]
04-21 17:16:51.154 29414 30408 D ar_activity: [--- anchor: onUpdate--- time=2023-04-21 17:16:51.153]
04-21 17:16:53.137 29414 30408 D ar_activity: [--- anchor: onUpdate--- time=2023-04-21 17:16:53.137]
04-21 17:16:53.138 29414 30408 D ar_activity: [--- onAnchorHosted [HOSTED]--- time=2023-04-21 17:16:53.137]
04-21 17:16:53.149 29414 29414 D ar_activity: [anchor resolution changed: false time=2023-04-21 17:16:53.148]
04-21 17:17:49.302 29414 29414 D ar_activity: [--- pair TIMEOUT --- time=2023-04-21 17:17:49.302]
04-21 17:17:49.319 29414 29414 D ar_activity: [anchor resolution changed: true time=2023-04-21 17:17:49.319]
04-21 17:17:49.325 29414 29414 D ar_activity: [onAnchorResolutionError: null time=2023-04-21 17:17:49.325]
04-21 17:17:50.584 29414 29414 D ar_activity: SET ANCHOR: 2023-04-21 17:17:50.584
04-21 17:17:51.092 29414 29414 D ar_activity: [anchor resolution changed: null time=2023-04-21 17:17:51.092]
04-21 17:17:51.621 29414 29414 D ar_activity: [--- sync ready to set anchor --- time=2023-04-21 17:17:51.621]
04-21 17:17:51.621 29414 29414 D ar_activity: [--- sync: sendSetAnchorEvent --- time=2023-04-21 17:17:51.621]
04-21 17:17:51.622 29414 29414 D ar_activity: --- start creating anchor: 2023-04-21 17:17:51.622 ---
04-21 17:17:51.622 29414 29414 D ar_activity: --- anchor: com.google.ar.core.Anchor@b49fd2a9 ---
04-21 17:17:51.622 29414 29414 D ar_activity: --- finish creating anchor: 2023-04-21 17:17:51.622 ---
04-21 17:17:51.624 29414 29414 D ar_activity: [hostAnchor start time=2023-04-21 17:17:51.624]
04-21 17:17:51.624 29414 29414 D ar_activity: [hostAnchor end time=2023-04-21 17:17:51.624]
04-21 17:17:51.625 29414 29414 D ar_activity: Start CONNECTING: 2023-04-21 17:17:51.625
04-21 17:17:51.640 29414 30408 D ar_activity: [--- anchor: onUpdate--- time=2023-04-21 17:17:51.640]
04-21 17:17:51.641 29414 30408 D ar_activity: [[2d] after update lines time=2023-04-21 17:17:51.641]
04-21 17:17:55.707 29414 30408 D ar_activity: [--- anchor: onUpdate--- time=2023-04-21 17:17:55.707]
04-21 17:17:55.707 29414 30408 D ar_activity: [--- onAnchorHosted [HOSTED]--- time=2023-04-21 17:17:55.707]
04-21 17:17:55.713 29414 29414 D ar_activity: [anchor resolution changed: false time=2023-04-21 17:17:55.713]
04-21 17:17:57.126 29414 29414 D ar_activity: [--- sync: finish syncing anchor --- time=2023-04-21 17:17:57.126]
04-21 17:17:57.129 29414 29414 D ar_activity: SYNCED: 2023-04-21 17:17:57.128
04-21 17:17:57.193 29414 29414 D ar_activity: [[2a end - 2d start] onChildAdded stroke id=-NT_fJQXAD5lfH0I-EXL time=2023-04-21 17:17:57.193]
04-21 17:18:04.639 29414 29414 D ar_activity: [[1a start] touch screen time=2023-04-21 17:18:04.638]
04-21 17:18:04.650 29414 30408 D ar_activity: addStroke at 2023-04-21 17:18:04.649
04-21 17:18:04.650 29414 30408 D ar_activity: stroke (id: -NT_fap6FEOZ2jrUib3J) was added at 2023-04-21 17:18:04.650
04-21 17:18:04.650 29414 30408 D ar_activity: [[1b start] setFirebaseValue stroke id=-NT_fap6FEOZ2jrUib3J time=2023-04-21 17:18:04.650]
04-21 17:18:04.652 29414 30408 D ar_activity: [TRACKING TransformPointToPose time=2023-04-21 17:18:04.652]
04-21 17:18:04.652 29414 29414 D ar_activity: [[2a end - 2d start] onChildAdded stroke id=-NT_fap6FEOZ2jrUib3J time=2023-04-21 17:18:04.652]
04-21 17:18:04.655 29414 30408 D ar_activity: send stroke to firebase, id=-NT_fap6FEOZ2jrUib3J
04-21 17:18:04.655 29414 30408 D ar_activity: [[2d] after update lines time=2023-04-21 17:18:04.655]
04-21 17:18:04.675 29414 30408 D ar_activity: [TRACKING TransformPointToPose time=2023-04-21 17:18:04.675]
04-21 17:18:04.675 29414 30408 D ar_activity: send stroke to firebase, id=-NT_fap6FEOZ2jrUib3J
04-21 17:18:04.676 29414 30408 D ar_activity: [[2d] after update lines time=2023-04-21 17:18:04.676]
04-21 17:18:04.695 29414 30408 D ar_activity: [TRACKING TransformPointToPose time=2023-04-21 17:18:04.695]
04-21 17:18:04.695 29414 30408 D ar_activity: [TRACKING TransformPointToPose time=2023-04-21 17:18:04.695]
04-21 17:18:04.695 29414 30408 D ar_activity: send stroke to firebase, id=-NT_fap6FEOZ2jrUib3J
04-21 17:18:04.696 29414 30408 D ar_activity: [[2d] after update lines time=2023-04-21 17:18:04.696]
04-21 17:18:04.719 29414 29414 D ar_activity: [[1b start] setFirebaseValue stroke id=-NT_fap6FEOZ2jrUib3J time=2023-04-21 17:18:04.719]
04-21 17:18:04.720 29414 30408 D ar_activity: [TRACKING TransformPointToPose time=2023-04-21 17:18:04.720]
04-21 17:18:04.720 29414 30408 D ar_activity: send stroke to firebase, id=-NT_fap6FEOZ2jrUib3J
04-21 17:18:04.721 29414 29414 D ar_activity: [[2a end - 2d start] onChildChanged stroke id=-NT_fap6FEOZ2jrUib3J time=2023-04-21 17:18:04.721]
04-21 17:18:04.721 29414 30408 D ar_activity: [[2d] after update lines time=2023-04-21 17:18:04.721]
04-21 17:18:04.742 29414 30408 D ar_activity: [TRACKING TransformPointToPose time=2023-04-21 17:18:04.741]
04-21 17:18:04.742 29414 30408 D ar_activity: send stroke to firebase, id=-NT_fap6FEOZ2jrUib3J
04-21 17:18:04.745 29414 30408 D ar_activity: [[2d] after update lines time=2023-04-21 17:18:04.744]
04-21 17:18:04.766 29414 30408 D ar_activity: [TRACKING TransformPointToPose time=2023-04-21 17:18:04.766]
04-21 17:18:04.766 29414 30408 D ar_activity: [TRACKING TransformPointToPose time=2023-04-21 17:18:04.766]
04-21 17:18:04.766 29414 30408 D ar_activity: send stroke to firebase, id=-NT_fap6FEOZ2jrUib3J
04-21 17:18:04.767 29414 30408 D ar_activity: [[2d] after update lines time=2023-04-21 17:18:04.766]
04-21 17:18:04.786 29414 30408 D ar_activity: [TRACKING TransformPointToPose time=2023-04-21 17:18:04.786]
04-21 17:18:04.788 29414 30408 D ar_activity: send stroke to firebase, id=-NT_fap6FEOZ2jrUib3J
04-21 17:18:04.789 29414 30408 D ar_activity: [[2d] after update lines time=2023-04-21 17:18:04.789]
04-21 17:18:04.805 29414 29414 D ar_activity: [[2a end - 2d start] onChildChanged stroke id=-NT_fap6FEOZ2jrUib3J time=2023-04-21 17:18:04.805]
04-21 17:18:04.807 29414 30408 D ar_activity: [TRACKING TransformPointToPose time=2023-04-21 17:18:04.807]
04-21 17:18:04.808 29414 30408 D ar_activity: send stroke to firebase, id=-NT_fap6FEOZ2jrUib3J
04-21 17:18:04.808 29414 30408 D ar_activity: [[2d] after update lines time=2023-04-21 17:18:04.808]
04-21 17:18:04.830 29414 30408 D ar_activity: [TRACKING TransformPointToPose time=2023-04-21 17:18:04.829]
04-21 17:18:04.830 29414 30408 D ar_activity: [TRACKING TransformPointToPose time=2023-04-21 17:18:04.830]
04-21 17:18:04.830 29414 30408 D ar_activity: send stroke to firebase, id=-NT_fap6FEOZ2jrUib3J
04-21 17:18:04.832 29414 30408 D ar_activity: [[2d] after update lines time=2023-04-21 17:18:04.831]
04-21 17:18:04.852 29414 29414 D ar_activity: [[2a end - 2d start] onChildChanged stroke id=-NT_fap6FEOZ2jrUib3J time=2023-04-21 17:18:04.852]
04-21 17:18:04.852 29414 30408 D ar_activity: [TRACKING TransformPointToPose time=2023-04-21 17:18:04.852]
04-21 17:18:04.853 29414 30408 D ar_activity: send stroke to firebase, id=-NT_fap6FEOZ2jrUib3J
04-21 17:18:04.853 29414 30408 D ar_activity: [[2d] after update lines time=2023-04-21 17:18:04.853]
04-21 17:18:04.872 29414 30408 D ar_activity: [TRACKING TransformPointToPose time=2023-04-21 17:18:04.872]
04-21 17:18:04.872 29414 30408 D ar_activity: send stroke to firebase, id=-NT_fap6FEOZ2jrUib3J
04-21 17:18:04.873 29414 30408 D ar_activity: [[2d] after update lines time=2023-04-21 17:18:04.873]
04-21 17:18:04.894 29414 30408 D ar_activity: [TRACKING TransformPointToPose time=2023-04-21 17:18:04.894]
04-21 17:18:04.894 29414 30408 D ar_activity: send stroke to firebase, id=-NT_fap6FEOZ2jrUib3J
04-21 17:18:04.895 29414 30408 D ar_activity: [[2d] after update lines time=2023-04-21 17:18:04.895]
04-21 17:18:04.914 29414 30408 D ar_activity: [TRACKING TransformPointToPose time=2023-04-21 17:18:04.914]
04-21 17:18:04.915 29414 30408 D ar_activity: send stroke to firebase, id=-NT_fap6FEOZ2jrUib3J
04-21 17:18:04.917 29414 30408 D ar_activity: [[2d] after update lines time=2023-04-21 17:18:04.916]
04-21 17:18:04.929 29414 29414 D ar_activity: [[2a end - 2d start] onChildChanged stroke id=-NT_fap6FEOZ2jrUib3J time=2023-04-21 17:18:04.929]
04-21 17:18:04.937 29414 30408 D ar_activity: [TRACKING TransformPointToPose time=2023-04-21 17:18:04.937]
04-21 17:18:04.937 29414 30408 D ar_activity: send stroke to firebase, id=-NT_fap6FEOZ2jrUib3J
04-21 17:18:04.937 29414 30408 D ar_activity: [[2d] after update lines time=2023-04-21 17:18:04.937]
04-21 17:18:04.956 29414 30408 D ar_activity: [TRACKING TransformPointToPose time=2023-04-21 17:18:04.956]
04-21 17:18:04.956 29414 30408 D ar_activity: send stroke to firebase, id=-NT_fap6FEOZ2jrUib3J
04-21 17:18:04.957 29414 30408 D ar_activity: [[2d] after update lines time=2023-04-21 17:18:04.956]
04-21 17:18:04.979 29414 30408 D ar_activity: [TRACKING TransformPointToPose time=2023-04-21 17:18:04.979]
04-21 17:18:04.980 29414 30408 D ar_activity: [TRACKING TransformPointToPose time=2023-04-21 17:18:04.980]
04-21 17:18:04.980 29414 30408 D ar_activity: send stroke to firebase, id=-NT_fap6FEOZ2jrUib3J
04-21 17:18:04.981 29414 30408 D ar_activity: [[2d] after update lines time=2023-04-21 17:18:04.981]
04-21 17:18:05.000 29414 30408 D ar_activity: [TRACKING TransformPointToPose time=2023-04-21 17:18:04.999]
04-21 17:18:05.000 29414 30408 D ar_activity: send stroke to firebase, id=-NT_fap6FEOZ2jrUib3J
04-21 17:18:05.000 29414 30408 D ar_activity: [[2d] after update lines time=2023-04-21 17:18:05.000]
04-21 17:18:05.013 29414 29414 D ar_activity: [[2a end - 2d start] onChildChanged stroke id=-NT_fap6FEOZ2jrUib3J time=2023-04-21 17:18:05.012]
04-21 17:18:05.019 29414 30408 D ar_activity: [TRACKING TransformPointToPose time=2023-04-21 17:18:05.019]
04-21 17:18:05.020 29414 30408 D ar_activity: send stroke to firebase, id=-NT_fap6FEOZ2jrUib3J
04-21 17:18:05.020 29414 30408 D ar_activity: [[2d] after update lines time=2023-04-21 17:18:05.020]
04-21 17:18:05.039 29414 30408 D ar_activity: [TRACKING TransformPointToPose time=2023-04-21 17:18:05.038]
04-21 17:18:05.039 29414 30408 D ar_activity: send stroke to firebase, id=-NT_fap6FEOZ2jrUib3J
04-21 17:18:05.039 29414 30408 D ar_activity: [[2d] after update lines time=2023-04-21 17:18:05.039]
04-21 17:18:05.061 29414 30408 D ar_activity: [TRACKING TransformPointToPose time=2023-04-21 17:18:05.061]
04-21 17:18:05.061 29414 30408 D ar_activity: send stroke to firebase, id=-NT_fap6FEOZ2jrUib3J
04-21 17:18:05.062 29414 30408 D ar_activity: [[2d] after update lines time=2023-04-21 17:18:05.062]
04-21 17:18:05.079 29414 29414 D ar_activity: [[2a end - 2d start] onChildChanged stroke id=-NT_fap6FEOZ2jrUib3J time=2023-04-21 17:18:05.079]
04-21 17:18:05.082 29414 30408 D ar_activity: [TRACKING TransformPointToPose time=2023-04-21 17:18:05.082]
04-21 17:18:05.083 29414 30408 D ar_activity: [TRACKING TransformPointToPose time=2023-04-21 17:18:05.082]
04-21 17:18:05.084 29414 30408 D ar_activity: send stroke to firebase, id=-NT_fap6FEOZ2jrUib3J
04-21 17:18:05.085 29414 30408 D ar_activity: [[2d] after update lines time=2023-04-21 17:18:05.085]
04-21 17:18:05.105 29414 30408 D ar_activity: [TRACKING TransformPointToPose time=2023-04-21 17:18:05.105]
04-21 17:18:05.105 29414 30408 D ar_activity: send stroke to firebase, id=-NT_fap6FEOZ2jrUib3J
04-21 17:18:05.105 29414 30408 D ar_activity: [[2d] after update lines time=2023-04-21 17:18:05.105]
04-21 17:18:05.129 29414 30408 D ar_activity: [TRACKING TransformPointToPose time=2023-04-21 17:18:05.129]
04-21 17:18:05.130 29414 30408 D ar_activity: [TRACKING TransformPointToPose time=2023-04-21 17:18:05.130]
04-21 17:18:05.130 29414 30408 D ar_activity: send stroke to firebase, id=-NT_fap6FEOZ2jrUib3J
04-21 17:18:05.130 29414 30408 D ar_activity: [[2d] after update lines time=2023-04-21 17:18:05.130]
04-21 17:18:05.146 29414 29414 D ar_activity: [[2a end - 2d start] onChildChanged stroke id=-NT_fap6FEOZ2jrUib3J time=2023-04-21 17:18:05.145]
04-21 17:18:05.151 29414 30408 D ar_activity: [TRACKING TransformPointToPose time=2023-04-21 17:18:05.151]
04-21 17:18:05.152 29414 30408 D ar_activity: send stroke to firebase, id=-NT_fap6FEOZ2jrUib3J
04-21 17:18:05.153 29414 30408 D ar_activity: [[2d] after update lines time=2023-04-21 17:18:05.153]
04-21 17:18:05.173 29414 30408 D ar_activity: [TRACKING TransformPointToPose time=2023-04-21 17:18:05.172]
04-21 17:18:05.173 29414 30408 D ar_activity: send stroke to firebase, id=-NT_fap6FEOZ2jrUib3J
04-21 17:18:05.173 29414 30408 D ar_activity: [[2d] after update lines time=2023-04-21 17:18:05.173]
04-21 17:18:05.195 29414 30408 D ar_activity: [TRACKING TransformPointToPose time=2023-04-21 17:18:05.195]
04-21 17:18:05.195 29414 30408 D ar_activity: [TRACKING TransformPointToPose time=2023-04-21 17:18:05.195]
04-21 17:18:05.195 29414 30408 D ar_activity: send stroke to firebase, id=-NT_fap6FEOZ2jrUib3J
04-21 17:18:05.196 29414 30408 D ar_activity: [[2d] after update lines time=2023-04-21 17:18:05.196]
04-21 17:18:05.218 29414 29414 D ar_activity: [[2a end - 2d start] onChildChanged stroke id=-NT_fap6FEOZ2jrUib3J time=2023-04-21 17:18:05.216]
04-21 17:18:05.221 29414 30408 D ar_activity: [TRACKING TransformPointToPose time=2023-04-21 17:18:05.221]
04-21 17:18:05.222 29414 30408 D ar_activity: send stroke to firebase, id=-NT_fap6FEOZ2jrUib3J
04-21 17:18:05.224 29414 30408 D ar_activity: [[2d] after update lines time=2023-04-21 17:18:05.223]
04-21 17:18:05.249 29414 30408 D ar_activity: [TRACKING TransformPointToPose time=2023-04-21 17:18:05.249]
04-21 17:18:05.249 29414 30408 D ar_activity: [TRACKING TransformPointToPose time=2023-04-21 17:18:05.249]
04-21 17:18:05.249 29414 30408 D ar_activity: send stroke to firebase, id=-NT_fap6FEOZ2jrUib3J
04-21 17:18:05.250 29414 30408 D ar_activity: [[2d] after update lines time=2023-04-21 17:18:05.250]
04-21 17:18:05.269 29414 30408 D ar_activity: [TRACKING TransformPointToPose time=2023-04-21 17:18:05.269]
04-21 17:18:05.269 29414 30408 D ar_activity: send stroke to firebase, id=-NT_fap6FEOZ2jrUib3J
04-21 17:18:05.270 29414 30408 D ar_activity: [[2d] after update lines time=2023-04-21 17:18:05.269]
04-21 17:18:05.284 29414 29414 D ar_activity: [[2a end - 2d start] onChildChanged stroke id=-NT_fap6FEOZ2jrUib3J time=2023-04-21 17:18:05.284]
04-21 17:18:05.288 29414 30408 D ar_activity: [TRACKING TransformPointToPose time=2023-04-21 17:18:05.288]
04-21 17:18:05.288 29414 30408 D ar_activity: send stroke to firebase, id=-NT_fap6FEOZ2jrUib3J
04-21 17:18:05.289 29414 30408 D ar_activity: [[2d] after update lines time=2023-04-21 17:18:05.289]
04-21 17:18:05.312 29414 30408 D ar_activity: [TRACKING TransformPointToPose time=2023-04-21 17:18:05.307]
04-21 17:18:05.312 29414 30408 D ar_activity: send stroke to firebase, id=-NT_fap6FEOZ2jrUib3J
04-21 17:18:05.313 29414 30408 D ar_activity: [[2d] after update lines time=2023-04-21 17:18:05.313]
04-21 17:18:05.332 29414 30408 D ar_activity: [TRACKING TransformPointToPose time=2023-04-21 17:18:05.331]
04-21 17:18:05.332 29414 30408 D ar_activity: send stroke to firebase, id=-NT_fap6FEOZ2jrUib3J
04-21 17:18:05.333 29414 30408 D ar_activity: [[2d] after update lines time=2023-04-21 17:18:05.332]
04-21 17:18:05.348 29414 29414 D ar_activity: [[2a end - 2d start] onChildChanged stroke id=-NT_fap6FEOZ2jrUib3J time=2023-04-21 17:18:05.347]
04-21 17:18:05.352 29414 30408 D ar_activity: [TRACKING TransformPointToPose time=2023-04-21 17:18:05.352]
04-21 17:18:05.353 29414 30408 D ar_activity: send stroke to firebase, id=-NT_fap6FEOZ2jrUib3J
04-21 17:18:05.353 29414 30408 D ar_activity: [[2d] after update lines time=2023-04-21 17:18:05.353]
04-21 17:18:05.372 29414 30408 D ar_activity: [TRACKING TransformPointToPose time=2023-04-21 17:18:05.372]
04-21 17:18:05.372 29414 30408 D ar_activity: send stroke to firebase, id=-NT_fap6FEOZ2jrUib3J
04-21 17:18:05.373 29414 30408 D ar_activity: [[2d] after update lines time=2023-04-21 17:18:05.372]
04-21 17:18:05.392 29414 30408 D ar_activity: [TRACKING TransformPointToPose time=2023-04-21 17:18:05.391]
04-21 17:18:05.392 29414 30408 D ar_activity: send stroke to firebase, id=-NT_fap6FEOZ2jrUib3J
04-21 17:18:05.395 29414 30408 D ar_activity: [[2d] after update lines time=2023-04-21 17:18:05.395]
04-21 17:18:05.414 29414 30408 D ar_activity: [TRACKING TransformPointToPose time=2023-04-21 17:18:05.414]
04-21 17:18:05.414 29414 30408 D ar_activity: [TRACKING TransformPointToPose time=2023-04-21 17:18:05.414]
04-21 17:18:05.414 29414 30408 D ar_activity: send stroke to firebase, id=-NT_fap6FEOZ2jrUib3J
04-21 17:18:05.414 29414 30408 D ar_activity: [[2d] after update lines time=2023-04-21 17:18:05.414]
04-21 17:18:05.415 29414 29414 D ar_activity: [[2a end - 2d start] onChildChanged stroke id=-NT_fap6FEOZ2jrUib3J time=2023-04-21 17:18:05.415]
04-21 17:18:05.434 29414 30408 D ar_activity: [TRACKING TransformPointToPose time=2023-04-21 17:18:05.434]
04-21 17:18:05.434 29414 30408 D ar_activity: send stroke to firebase, id=-NT_fap6FEOZ2jrUib3J
04-21 17:18:05.436 29414 30408 D ar_activity: [[2d] after update lines time=2023-04-21 17:18:05.436]
04-21 17:18:05.456 29414 30408 D ar_activity: [TRACKING TransformPointToPose time=2023-04-21 17:18:05.456]
04-21 17:18:05.456 29414 30408 D ar_activity: send stroke to firebase, id=-NT_fap6FEOZ2jrUib3J
04-21 17:18:05.457 29414 30408 D ar_activity: [[2d] after update lines time=2023-04-21 17:18:05.457]
04-21 17:18:05.477 29414 30408 D ar_activity: [TRACKING TransformPointToPose time=2023-04-21 17:18:05.477]
04-21 17:18:05.478 29414 30408 D ar_activity: [TRACKING TransformPointToPose time=2023-04-21 17:18:05.478]
04-21 17:18:05.478 29414 30408 D ar_activity: send stroke to firebase, id=-NT_fap6FEOZ2jrUib3J
04-21 17:18:05.478 29414 30408 D ar_activity: [[2d] after update lines time=2023-04-21 17:18:05.478]
04-21 17:18:05.500 29414 29414 D ar_activity: [[2a end - 2d start] onChildChanged stroke id=-NT_fap6FEOZ2jrUib3J time=2023-04-21 17:18:05.500]
04-21 17:18:05.500 29414 30408 D ar_activity: [TRACKING TransformPointToPose time=2023-04-21 17:18:05.500]
04-21 17:18:05.501 29414 30408 D ar_activity: send stroke to firebase, id=-NT_fap6FEOZ2jrUib3J
04-21 17:18:05.504 29414 30408 D ar_activity: [[2d] after update lines time=2023-04-21 17:18:05.502]
04-21 17:18:05.529 29414 30408 D ar_activity: [TRACKING TransformPointToPose time=2023-04-21 17:18:05.528]
04-21 17:18:05.529 29414 30408 D ar_activity: [TRACKING TransformPointToPose time=2023-04-21 17:18:05.529]
04-21 17:18:05.529 29414 30408 D ar_activity: send stroke to firebase, id=-NT_fap6FEOZ2jrUib3J
04-21 17:18:05.530 29414 30408 D ar_activity: [[2d] after update lines time=2023-04-21 17:18:05.529]
04-21 17:18:05.550 29414 30408 D ar_activity: [TRACKING TransformPointToPose time=2023-04-21 17:18:05.550]
04-21 17:18:05.553 29414 30408 D ar_activity: send stroke to firebase, id=-NT_fap6FEOZ2jrUib3J
04-21 17:18:05.556 29414 30408 D ar_activity: [[2d] after update lines time=2023-04-21 17:18:05.554]
04-21 17:18:05.574 29414 29414 D ar_activity: [[2a end - 2d start] onChildChanged stroke id=-NT_fap6FEOZ2jrUib3J time=2023-04-21 17:18:05.574]
04-21 17:18:05.583 29414 30408 D ar_activity: [TRACKING TransformPointToPose time=2023-04-21 17:18:05.582]
04-21 17:18:05.585 29414 30408 D ar_activity: [TRACKING TransformPointToPose time=2023-04-21 17:18:05.583]
04-21 17:18:05.586 29414 30408 D ar_activity: send stroke to firebase, id=-NT_fap6FEOZ2jrUib3J
04-21 17:18:05.588 29414 30408 D ar_activity: [[2d] after update lines time=2023-04-21 17:18:05.587]
04-21 17:18:05.615 29414 30408 D ar_activity: [TRACKING TransformPointToPose time=2023-04-21 17:18:05.615]
04-21 17:18:05.616 29414 30408 D ar_activity: [TRACKING TransformPointToPose time=2023-04-21 17:18:05.615]
04-21 17:18:05.616 29414 30408 D ar_activity: send stroke to firebase, id=-NT_fap6FEOZ2jrUib3J
04-21 17:18:05.617 29414 30408 D ar_activity: [[2d] after update lines time=2023-04-21 17:18:05.617]
04-21 17:18:05.638 29414 30408 D ar_activity: [TRACKING TransformPointToPose time=2023-04-21 17:18:05.638]
04-21 17:18:05.638 29414 30408 D ar_activity: send stroke to firebase, id=-NT_fap6FEOZ2jrUib3J
04-21 17:18:05.639 29414 30408 D ar_activity: [[2d] after update lines time=2023-04-21 17:18:05.639]
04-21 17:18:05.662 29414 30408 D ar_activity: [TRACKING TransformPointToPose time=2023-04-21 17:18:05.662]
04-21 17:18:05.662 29414 30408 D ar_activity: send stroke to firebase, id=-NT_fap6FEOZ2jrUib3J
04-21 17:18:05.666 29414 30408 D ar_activity: [[2d] after update lines time=2023-04-21 17:18:05.665]
04-21 17:18:05.679 29414 29414 D ar_activity: [[2a end - 2d start] onChildChanged stroke id=-NT_fap6FEOZ2jrUib3J time=2023-04-21 17:18:05.679]
04-21 17:18:05.685 29414 30408 D ar_activity: [TRACKING TransformPointToPose time=2023-04-21 17:18:05.684]
04-21 17:18:05.686 29414 30408 D ar_activity: [TRACKING TransformPointToPose time=2023-04-21 17:18:05.686]
04-21 17:18:05.686 29414 30408 D ar_activity: send stroke to firebase, id=-NT_fap6FEOZ2jrUib3J
04-21 17:18:05.687 29414 30408 D ar_activity: [[2d] after update lines time=2023-04-21 17:18:05.687]
04-21 17:18:05.705 29414 30408 D ar_activity: [TRACKING TransformPointToPose time=2023-04-21 17:18:05.705]
04-21 17:18:05.705 29414 30408 D ar_activity: send stroke to firebase, id=-NT_fap6FEOZ2jrUib3J
04-21 17:18:05.706 29414 30408 D ar_activity: [[2d] after update lines time=2023-04-21 17:18:05.706]
04-21 17:18:05.725 29414 30408 D ar_activity: [TRACKING TransformPointToPose time=2023-04-21 17:18:05.725]
04-21 17:18:05.725 29414 30408 D ar_activity: send stroke to firebase, id=-NT_fap6FEOZ2jrUib3J
04-21 17:18:05.726 29414 30408 D ar_activity: [[2d] after update lines time=2023-04-21 17:18:05.725]
04-21 17:18:05.748 29414 30408 D ar_activity: [TRACKING TransformPointToPose time=2023-04-21 17:18:05.748]
04-21 17:18:05.749 29414 29414 D ar_activity: [[2a end - 2d start] onChildChanged stroke id=-NT_fap6FEOZ2jrUib3J time=2023-04-21 17:18:05.749]
04-21 17:18:05.749 29414 30408 D ar_activity: [TRACKING TransformPointToPose time=2023-04-21 17:18:05.749]
04-21 17:18:05.749 29414 30408 D ar_activity: send stroke to firebase, id=-NT_fap6FEOZ2jrUib3J
04-21 17:18:05.751 29414 30408 D ar_activity: [[2d] after update lines time=2023-04-21 17:18:05.750]
04-21 17:18:05.771 29414 30408 D ar_activity: [TRACKING TransformPointToPose time=2023-04-21 17:18:05.771]
04-21 17:18:05.771 29414 30408 D ar_activity: send stroke to firebase, id=-NT_fap6FEOZ2jrUib3J
04-21 17:18:05.772 29414 30408 D ar_activity: [[2d] after update lines time=2023-04-21 17:18:05.772]
04-21 17:18:05.790 29414 30408 D ar_activity: [TRACKING TransformPointToPose time=2023-04-21 17:18:05.790]
04-21 17:18:05.791 29414 30408 D ar_activity: send stroke to firebase, id=-NT_fap6FEOZ2jrUib3J
04-21 17:18:05.792 29414 30408 D ar_activity: [[2d] after update lines time=2023-04-21 17:18:05.791]
04-21 17:18:05.815 29414 30408 D ar_activity: [TRACKING TransformPointToPose time=2023-04-21 17:18:05.815]
04-21 17:18:05.815 29414 29414 D ar_activity: [[2a end - 2d start] onChildChanged stroke id=-NT_fap6FEOZ2jrUib3J time=2023-04-21 17:18:05.815]
04-21 17:18:05.816 29414 30408 D ar_activity: [TRACKING TransformPointToPose time=2023-04-21 17:18:05.816]
04-21 17:18:05.817 29414 30408 D ar_activity: send stroke to firebase, id=-NT_fap6FEOZ2jrUib3J
04-21 17:18:05.818 29414 30408 D ar_activity: [[2d] after update lines time=2023-04-21 17:18:05.818]
04-21 17:18:05.839 29414 30408 D ar_activity: [TRACKING TransformPointToPose time=2023-04-21 17:18:05.838]
04-21 17:18:05.839 29414 30408 D ar_activity: send stroke to firebase, id=-NT_fap6FEOZ2jrUib3J
04-21 17:18:05.839 29414 30408 D ar_activity: [[2d] after update lines time=2023-04-21 17:18:05.839]
04-21 17:18:05.858 29414 30408 D ar_activity: [TRACKING TransformPointToPose time=2023-04-21 17:18:05.858]
04-21 17:18:05.859 29414 30408 D ar_activity: send stroke to firebase, id=-NT_fap6FEOZ2jrUib3J
04-21 17:18:05.862 29414 30408 D ar_activity: [[2d] after update lines time=2023-04-21 17:18:05.862]
04-21 17:18:05.881 29414 30408 D ar_activity: [TRACKING TransformPointToPose time=2023-04-21 17:18:05.881]
04-21 17:18:05.881 29414 30408 D ar_activity: [TRACKING TransformPointToPose time=2023-04-21 17:18:05.881]
04-21 17:18:05.881 29414 30408 D ar_activity: send stroke to firebase, id=-NT_fap6FEOZ2jrUib3J
04-21 17:18:05.882 29414 30408 D ar_activity: [[2d] after update lines time=2023-04-21 17:18:05.882]
04-21 17:18:05.901 29414 30408 D ar_activity: [TRACKING TransformPointToPose time=2023-04-21 17:18:05.901]
04-21 17:18:05.901 29414 30408 D ar_activity: send stroke to firebase, id=-NT_fap6FEOZ2jrUib3J
04-21 17:18:05.902 29414 30408 D ar_activity: [[2d] after update lines time=2023-04-21 17:18:05.902]
04-21 17:18:05.912 29414 29414 D ar_activity: [[2a end - 2d start] onChildChanged stroke id=-NT_fap6FEOZ2jrUib3J time=2023-04-21 17:18:05.912]
04-21 17:18:05.923 29414 30408 D ar_activity: [TRACKING TransformPointToPose time=2023-04-21 17:18:05.923]
04-21 17:18:05.923 29414 30408 D ar_activity: send stroke to firebase, id=-NT_fap6FEOZ2jrUib3J
04-21 17:18:05.923 29414 30408 D ar_activity: [[2d] after update lines time=2023-04-21 17:18:05.923]
04-21 17:18:05.942 29414 30408 D ar_activity: [TRACKING TransformPointToPose time=2023-04-21 17:18:05.942]
04-21 17:18:05.942 29414 30408 D ar_activity: send stroke to firebase, id=-NT_fap6FEOZ2jrUib3J
04-21 17:18:05.943 29414 30408 D ar_activity: [[2d] after update lines time=2023-04-21 17:18:05.942]
04-21 17:18:05.964 29414 30408 D ar_activity: [TRACKING TransformPointToPose time=2023-04-21 17:18:05.963]
04-21 17:18:05.964 29414 30408 D ar_activity: [TRACKING TransformPointToPose time=2023-04-21 17:18:05.964]
04-21 17:18:05.964 29414 30408 D ar_activity: send stroke to firebase, id=-NT_fap6FEOZ2jrUib3J
04-21 17:18:05.965 29414 30408 D ar_activity: [[2d] after update lines time=2023-04-21 17:18:05.965]
04-21 17:18:05.987 29414 30408 D ar_activity: [TRACKING TransformPointToPose time=2023-04-21 17:18:05.987]
04-21 17:18:05.987 29414 30408 D ar_activity: send stroke to firebase, id=-NT_fap6FEOZ2jrUib3J
04-21 17:18:05.988 29414 30408 D ar_activity: [[2d] after update lines time=2023-04-21 17:18:05.988]
04-21 17:18:06.007 29414 30408 D ar_activity: [TRACKING TransformPointToPose time=2023-04-21 17:18:06.007]
04-21 17:18:06.007 29414 30408 D ar_activity: send stroke to firebase, id=-NT_fap6FEOZ2jrUib3J
04-21 17:18:06.008 29414 30408 D ar_activity: [[2d] after update lines time=2023-04-21 17:18:06.007]
04-21 17:18:06.013 29414 29414 D ar_activity: [[2a end - 2d start] onChildChanged stroke id=-NT_fap6FEOZ2jrUib3J time=2023-04-21 17:18:06.013]
04-21 17:18:06.028 29414 30408 D ar_activity: [TRACKING TransformPointToPose time=2023-04-21 17:18:06.028]
04-21 17:18:06.028 29414 30408 D ar_activity: send stroke to firebase, id=-NT_fap6FEOZ2jrUib3J
04-21 17:18:06.029 29414 30408 D ar_activity: [[2d] after update lines time=2023-04-21 17:18:06.029]
04-21 17:18:06.051 29414 30408 D ar_activity: [TRACKING TransformPointToPose time=2023-04-21 17:18:06.050]
04-21 17:18:06.051 29414 30408 D ar_activity: send stroke to firebase, id=-NT_fap6FEOZ2jrUib3J
04-21 17:18:06.052 29414 30408 D ar_activity: [[2d] after update lines time=2023-04-21 17:18:06.052]
04-21 17:18:06.072 29414 30408 D ar_activity: [TRACKING TransformPointToPose time=2023-04-21 17:18:06.071]
04-21 17:18:06.072 29414 30408 D ar_activity: send stroke to firebase, id=-NT_fap6FEOZ2jrUib3J
04-21 17:18:06.072 29414 30408 D ar_activity: [[2d] after update lines time=2023-04-21 17:18:06.072]
04-21 17:18:06.088 29414 29414 D ar_activity: [[2a end - 2d start] onChildChanged stroke id=-NT_fap6FEOZ2jrUib3J time=2023-04-21 17:18:06.088]
04-21 17:18:06.091 29414 30408 D ar_activity: [TRACKING TransformPointToPose time=2023-04-21 17:18:06.091]
04-21 17:18:06.091 29414 30408 D ar_activity: send stroke to firebase, id=-NT_fap6FEOZ2jrUib3J
04-21 17:18:06.095 29414 30408 D ar_activity: [[2d] after update lines time=2023-04-21 17:18:06.092]
04-21 17:18:06.114 29414 30408 D ar_activity: [TRACKING TransformPointToPose time=2023-04-21 17:18:06.114]
04-21 17:18:06.114 29414 30408 D ar_activity: [TRACKING TransformPointToPose time=2023-04-21 17:18:06.114]
04-21 17:18:06.115 29414 30408 D ar_activity: send stroke to firebase, id=-NT_fap6FEOZ2jrUib3J
04-21 17:18:06.115 29414 30408 D ar_activity: [[2d] after update lines time=2023-04-21 17:18:06.115]
04-21 17:18:06.134 29414 30408 D ar_activity: [TRACKING TransformPointToPose time=2023-04-21 17:18:06.134]
04-21 17:18:06.135 29414 30408 D ar_activity: send stroke to firebase, id=-NT_fap6FEOZ2jrUib3J
04-21 17:18:06.135 29414 30408 D ar_activity: [[2d] after update lines time=2023-04-21 17:18:06.135]
04-21 17:18:06.147 29414 29414 D ar_activity: [[2a end - 2d start] onChildChanged stroke id=-NT_fap6FEOZ2jrUib3J time=2023-04-21 17:18:06.147]
04-21 17:18:06.154 29414 30408 D ar_activity: [TRACKING TransformPointToPose time=2023-04-21 17:18:06.154]
04-21 17:18:06.154 29414 30408 D ar_activity: send stroke to firebase, id=-NT_fap6FEOZ2jrUib3J
04-21 17:18:06.155 29414 30408 D ar_activity: [[2d] after update lines time=2023-04-21 17:18:06.155]
04-21 17:18:06.173 29414 30408 D ar_activity: [TRACKING TransformPointToPose time=2023-04-21 17:18:06.173]
04-21 17:18:06.174 29414 30408 D ar_activity: send stroke to firebase, id=-NT_fap6FEOZ2jrUib3J
04-21 17:18:06.174 29414 30408 D ar_activity: [[2d] after update lines time=2023-04-21 17:18:06.174]
04-21 17:18:06.195 29414 30408 D ar_activity: [TRACKING TransformPointToPose time=2023-04-21 17:18:06.195]
04-21 17:18:06.196 29414 30408 D ar_activity: [TRACKING TransformPointToPose time=2023-04-21 17:18:06.196]
04-21 17:18:06.196 29414 30408 D ar_activity: send stroke to firebase, id=-NT_fap6FEOZ2jrUib3J
04-21 17:18:06.197 29414 30408 D ar_activity: [[2d] after update lines time=2023-04-21 17:18:06.197]
04-21 17:18:06.216 29414 30408 D ar_activity: [TRACKING TransformPointToPose time=2023-04-21 17:18:06.216]
04-21 17:18:06.216 29414 30408 D ar_activity: send stroke to firebase, id=-NT_fap6FEOZ2jrUib3J
04-21 17:18:06.217 29414 30408 D ar_activity: [[2d] after update lines time=2023-04-21 17:18:06.216]
04-21 17:18:06.218 29414 29414 D ar_activity: [[2a end - 2d start] onChildChanged stroke id=-NT_fap6FEOZ2jrUib3J time=2023-04-21 17:18:06.217]
04-21 17:18:06.235 29414 30408 D ar_activity: [TRACKING TransformPointToPose time=2023-04-21 17:18:06.235]
04-21 17:18:06.235 29414 30408 D ar_activity: send stroke to firebase, id=-NT_fap6FEOZ2jrUib3J
04-21 17:18:06.236 29414 30408 D ar_activity: [[2d] after update lines time=2023-04-21 17:18:06.236]
04-21 17:18:06.255 29414 30408 D ar_activity: [TRACKING TransformPointToPose time=2023-04-21 17:18:06.254]
04-21 17:18:06.255 29414 30408 D ar_activity: send stroke to firebase, id=-NT_fap6FEOZ2jrUib3J
04-21 17:18:06.255 29414 30408 D ar_activity: [[2d] after update lines time=2023-04-21 17:18:06.255]
04-21 17:18:06.278 29414 30408 D ar_activity: [TRACKING TransformPointToPose time=2023-04-21 17:18:06.277]
04-21 17:18:06.278 29414 30408 D ar_activity: [TRACKING TransformPointToPose time=2023-04-21 17:18:06.278]
04-21 17:18:06.280 29414 30408 D ar_activity: send stroke to firebase, id=-NT_fap6FEOZ2jrUib3J
04-21 17:18:06.282 29414 30408 D ar_activity: [[2d] after update lines time=2023-04-21 17:18:06.281]
04-21 17:18:06.302 29414 29414 D ar_activity: [[2a end - 2d start] onChildChanged stroke id=-NT_fap6FEOZ2jrUib3J time=2023-04-21 17:18:06.302]
04-21 17:18:06.303 29414 30408 D ar_activity: [TRACKING TransformPointToPose time=2023-04-21 17:18:06.303]
04-21 17:18:06.303 29414 30408 D ar_activity: send stroke to firebase, id=-NT_fap6FEOZ2jrUib3J
04-21 17:18:06.304 29414 30408 D ar_activity: [[2d] after update lines time=2023-04-21 17:18:06.304]
04-21 17:18:06.322 29414 30408 D ar_activity: [TRACKING TransformPointToPose time=2023-04-21 17:18:06.322]
04-21 17:18:06.322 29414 30408 D ar_activity: send stroke to firebase, id=-NT_fap6FEOZ2jrUib3J
04-21 17:18:06.323 29414 30408 D ar_activity: [[2d] after update lines time=2023-04-21 17:18:06.323]
04-21 17:18:06.341 29414 30408 D ar_activity: [TRACKING TransformPointToPose time=2023-04-21 17:18:06.341]
04-21 17:18:06.341 29414 30408 D ar_activity: send stroke to firebase, id=-NT_fap6FEOZ2jrUib3J
04-21 17:18:06.342 29414 30408 D ar_activity: [[2d] after update lines time=2023-04-21 17:18:06.342]
04-21 17:18:06.364 29414 30408 D ar_activity: [TRACKING TransformPointToPose time=2023-04-21 17:18:06.362]
04-21 17:18:06.365 29414 30408 D ar_activity: [TRACKING TransformPointToPose time=2023-04-21 17:18:06.365]
04-21 17:18:06.366 29414 30408 D ar_activity: send stroke to firebase, id=-NT_fap6FEOZ2jrUib3J
04-21 17:18:06.367 29414 29414 D ar_activity: [[2a end - 2d start] onChildChanged stroke id=-NT_fap6FEOZ2jrUib3J time=2023-04-21 17:18:06.366]
04-21 17:18:06.367 29414 30408 D ar_activity: [[2d] after update lines time=2023-04-21 17:18:06.367]
04-21 17:18:06.387 29414 30408 D ar_activity: [TRACKING TransformPointToPose time=2023-04-21 17:18:06.387]
04-21 17:18:06.387 29414 30408 D ar_activity: send stroke to firebase, id=-NT_fap6FEOZ2jrUib3J
04-21 17:18:06.388 29414 30408 D ar_activity: [[2d] after update lines time=2023-04-21 17:18:06.387]
04-21 17:18:06.406 29414 30408 D ar_activity: [TRACKING TransformPointToPose time=2023-04-21 17:18:06.406]
04-21 17:18:06.407 29414 30408 D ar_activity: send stroke to firebase, id=-NT_fap6FEOZ2jrUib3J
04-21 17:18:06.407 29414 30408 D ar_activity: [[2d] after update lines time=2023-04-21 17:18:06.407]
04-21 17:18:06.429 29414 30408 D ar_activity: [TRACKING TransformPointToPose time=2023-04-21 17:18:06.426]
04-21 17:18:06.429 29414 30408 D ar_activity: [TRACKING TransformPointToPose time=2023-04-21 17:18:06.429]
04-21 17:18:06.429 29414 30408 D ar_activity: send stroke to firebase, id=-NT_fap6FEOZ2jrUib3J
04-21 17:18:06.430 29414 30408 D ar_activity: [[2d] after update lines time=2023-04-21 17:18:06.430]
04-21 17:18:06.444 29414 29414 D ar_activity: [[2a end - 2d start] onChildChanged stroke id=-NT_fap6FEOZ2jrUib3J time=2023-04-21 17:18:06.444]
04-21 17:18:06.451 29414 30408 D ar_activity: [TRACKING TransformPointToPose time=2023-04-21 17:18:06.451]
04-21 17:18:06.451 29414 30408 D ar_activity: send stroke to firebase, id=-NT_fap6FEOZ2jrUib3J
04-21 17:18:06.452 29414 30408 D ar_activity: [[2d] after update lines time=2023-04-21 17:18:06.452]
04-21 17:18:06.472 29414 30408 D ar_activity: [TRACKING TransformPointToPose time=2023-04-21 17:18:06.471]
04-21 17:18:06.472 29414 30408 D ar_activity: send stroke to firebase, id=-NT_fap6FEOZ2jrUib3J
04-21 17:18:06.472 29414 30408 D ar_activity: [[2d] after update lines time=2023-04-21 17:18:06.472]
04-21 17:18:06.492 29414 30408 D ar_activity: [TRACKING TransformPointToPose time=2023-04-21 17:18:06.491]
04-21 17:18:06.492 29414 30408 D ar_activity: send stroke to firebase, id=-NT_fap6FEOZ2jrUib3J
04-21 17:18:06.496 29414 30408 D ar_activity: [[2d] after update lines time=2023-04-21 17:18:06.493]
04-21 17:18:06.514 29414 30408 D ar_activity: [TRACKING TransformPointToPose time=2023-04-21 17:18:06.514]
04-21 17:18:06.515 29414 30408 D ar_activity: [TRACKING TransformPointToPose time=2023-04-21 17:18:06.515]
04-21 17:18:06.515 29414 30408 D ar_activity: send stroke to firebase, id=-NT_fap6FEOZ2jrUib3J
04-21 17:18:06.516 29414 30408 D ar_activity: [[2d] after update lines time=2023-04-21 17:18:06.516]
04-21 17:18:06.531 29414 29414 D ar_activity: [[2a end - 2d start] onChildChanged stroke id=-NT_fap6FEOZ2jrUib3J time=2023-04-21 17:18:06.531]
04-21 17:18:06.538 29414 30408 D ar_activity: [TRACKING TransformPointToPose time=2023-04-21 17:18:06.538]
04-21 17:18:06.539 29414 30408 D ar_activity: send stroke to firebase, id=-NT_fap6FEOZ2jrUib3J
04-21 17:18:06.540 29414 30408 D ar_activity: [[2d] after update lines time=2023-04-21 17:18:06.540]
04-21 17:18:06.563 29414 30408 D ar_activity: [TRACKING TransformPointToPose time=2023-04-21 17:18:06.563]
04-21 17:18:06.563 29414 30408 D ar_activity: [TRACKING TransformPointToPose time=2023-04-21 17:18:06.563]
04-21 17:18:06.564 29414 30408 D ar_activity: send stroke to firebase, id=-NT_fap6FEOZ2jrUib3J
04-21 17:18:06.564 29414 30408 D ar_activity: [[2d] after update lines time=2023-04-21 17:18:06.564]
04-21 17:18:06.586 29414 30408 D ar_activity: [TRACKING TransformPointToPose time=2023-04-21 17:18:06.585]
04-21 17:18:06.586 29414 30408 D ar_activity: send stroke to firebase, id=-NT_fap6FEOZ2jrUib3J
04-21 17:18:06.589 29414 30408 D ar_activity: [[2d] after update lines time=2023-04-21 17:18:06.588]
04-21 17:18:06.590 29414 29414 D ar_activity: [[2a end - 2d start] onChildChanged stroke id=-NT_fap6FEOZ2jrUib3J time=2023-04-21 17:18:06.589]
04-21 17:18:06.612 29414 30408 D ar_activity: [TRACKING TransformPointToPose time=2023-04-21 17:18:06.611]
04-21 17:18:06.612 29414 30408 D ar_activity: [TRACKING TransformPointToPose time=2023-04-21 17:18:06.612]
04-21 17:18:06.612 29414 30408 D ar_activity: send stroke to firebase, id=-NT_fap6FEOZ2jrUib3J
04-21 17:18:06.613 29414 30408 D ar_activity: [[2d] after update lines time=2023-04-21 17:18:06.613]
04-21 17:18:06.634 29414 30408 D ar_activity: [TRACKING TransformPointToPose time=2023-04-21 17:18:06.633]
04-21 17:18:06.634 29414 30408 D ar_activity: send stroke to firebase, id=-NT_fap6FEOZ2jrUib3J
04-21 17:18:06.635 29414 30408 D ar_activity: [[2d] after update lines time=2023-04-21 17:18:06.635]
04-21 17:18:06.656 29414 30408 D ar_activity: [TRACKING TransformPointToPose time=2023-04-21 17:18:06.656]
04-21 17:18:06.657 29414 30408 D ar_activity: send stroke to firebase, id=-NT_fap6FEOZ2jrUib3J
04-21 17:18:06.658 29414 30408 D ar_activity: [[2d] after update lines time=2023-04-21 17:18:06.658]
04-21 17:18:06.682 29414 30408 D ar_activity: [TRACKING TransformPointToPose time=2023-04-21 17:18:06.682]
04-21 17:18:06.683 29414 30408 D ar_activity: [TRACKING TransformPointToPose time=2023-04-21 17:18:06.683]
04-21 17:18:06.683 29414 30408 D ar_activity: send stroke to firebase, id=-NT_fap6FEOZ2jrUib3J
04-21 17:18:06.683 29414 29414 D ar_activity: [[2a end - 2d start] onChildChanged stroke id=-NT_fap6FEOZ2jrUib3J time=2023-04-21 17:18:06.683]
04-21 17:18:06.684 29414 30408 D ar_activity: [[2d] after update lines time=2023-04-21 17:18:06.684]
04-21 17:18:06.703 29414 30408 D ar_activity: [TRACKING TransformPointToPose time=2023-04-21 17:18:06.702]
04-21 17:18:06.703 29414 30408 D ar_activity: send stroke to firebase, id=-NT_fap6FEOZ2jrUib3J
04-21 17:18:06.703 29414 30408 D ar_activity: [[2d] after update lines time=2023-04-21 17:18:06.703]
04-21 17:18:06.722 29414 30408 D ar_activity: [TRACKING TransformPointToPose time=2023-04-21 17:18:06.722]
04-21 17:18:06.722 29414 30408 D ar_activity: send stroke to firebase, id=-NT_fap6FEOZ2jrUib3J
04-21 17:18:06.723 29414 30408 D ar_activity: [[2d] after update lines time=2023-04-21 17:18:06.722]
04-21 17:18:06.741 29414 30408 D ar_activity: [TRACKING TransformPointToPose time=2023-04-21 17:18:06.741]
04-21 17:18:06.741 29414 30408 D ar_activity: send stroke to firebase, id=-NT_fap6FEOZ2jrUib3J
04-21 17:18:06.742 29414 30408 D ar_activity: [[2d] after update lines time=2023-04-21 17:18:06.742]
04-21 17:18:06.763 29414 29414 D ar_activity: [[2a end - 2d start] onChildChanged stroke id=-NT_fap6FEOZ2jrUib3J time=2023-04-21 17:18:06.763]
04-21 17:18:06.763 29414 30408 D ar_activity: [TRACKING TransformPointToPose time=2023-04-21 17:18:06.763]
04-21 17:18:06.764 29414 30408 D ar_activity: [TRACKING TransformPointToPose time=2023-04-21 17:18:06.764]
04-21 17:18:06.764 29414 30408 D ar_activity: send stroke to firebase, id=-NT_fap6FEOZ2jrUib3J
04-21 17:18:06.765 29414 30408 D ar_activity: [[2d] after update lines time=2023-04-21 17:18:06.764]
04-21 17:18:06.785 29414 30408 D ar_activity: [TRACKING TransformPointToPose time=2023-04-21 17:18:06.784]
04-21 17:18:06.785 29414 30408 D ar_activity: send stroke to firebase, id=-NT_fap6FEOZ2jrUib3J
04-21 17:18:06.785 29414 30408 D ar_activity: [[2d] after update lines time=2023-04-21 17:18:06.785]
04-21 17:18:06.807 29414 30408 D ar_activity: [TRACKING TransformPointToPose time=2023-04-21 17:18:06.807]
04-21 17:18:06.808 29414 30408 D ar_activity: send stroke to firebase, id=-NT_fap6FEOZ2jrUib3J
04-21 17:18:06.811 29414 30408 D ar_activity: [[2d] after update lines time=2023-04-21 17:18:06.810]
04-21 17:18:06.812 29414 29414 D ar_activity: [[2a end - 2d start] onChildChanged stroke id=-NT_fap6FEOZ2jrUib3J time=2023-04-21 17:18:06.810]
04-21 17:18:06.833 29414 30408 D ar_activity: [TRACKING TransformPointToPose time=2023-04-21 17:18:06.833]
04-21 17:18:06.834 29414 30408 D ar_activity: [TRACKING TransformPointToPose time=2023-04-21 17:18:06.834]
04-21 17:18:06.834 29414 30408 D ar_activity: send stroke to firebase, id=-NT_fap6FEOZ2jrUib3J
04-21 17:18:06.834 29414 30408 D ar_activity: [[2d] after update lines time=2023-04-21 17:18:06.834]
04-21 17:18:06.853 29414 30408 D ar_activity: [TRACKING TransformPointToPose time=2023-04-21 17:18:06.853]
04-21 17:18:06.853 29414 30408 D ar_activity: send stroke to firebase, id=-NT_fap6FEOZ2jrUib3J
04-21 17:18:06.854 29414 30408 D ar_activity: [[2d] after update lines time=2023-04-21 17:18:06.854]
04-21 17:18:06.873 29414 30408 D ar_activity: [TRACKING TransformPointToPose time=2023-04-21 17:18:06.873]
04-21 17:18:06.873 29414 30408 D ar_activity: send stroke to firebase, id=-NT_fap6FEOZ2jrUib3J
04-21 17:18:06.874 29414 30408 D ar_activity: [[2d] after update lines time=2023-04-21 17:18:06.873]
04-21 17:18:06.896 29414 29414 D ar_activity: [[2a end - 2d start] onChildChanged stroke id=-NT_fap6FEOZ2jrUib3J time=2023-04-21 17:18:06.896]
04-21 17:18:06.902 29414 30408 D ar_activity: [TRACKING TransformPointToPose time=2023-04-21 17:18:06.901]
04-21 17:18:06.902 29414 30408 D ar_activity: [TRACKING TransformPointToPose time=2023-04-21 17:18:06.902]
04-21 17:18:06.903 29414 30408 D ar_activity: send stroke to firebase, id=-NT_fap6FEOZ2jrUib3J
04-21 17:18:06.904 29414 30408 D ar_activity: [[2d] after update lines time=2023-04-21 17:18:06.904]
04-21 17:18:06.924 29414 30408 D ar_activity: [TRACKING TransformPointToPose time=2023-04-21 17:18:06.924]
04-21 17:18:06.924 29414 30408 D ar_activity: send stroke to firebase, id=-NT_fap6FEOZ2jrUib3J
04-21 17:18:06.924 29414 30408 D ar_activity: [[2d] after update lines time=2023-04-21 17:18:06.924]
04-21 17:18:06.943 29414 30408 D ar_activity: [TRACKING TransformPointToPose time=2023-04-21 17:18:06.943]
04-21 17:18:06.943 29414 30408 D ar_activity: [TRACKING TransformPointToPose time=2023-04-21 17:18:06.943]
04-21 17:18:06.943 29414 30408 D ar_activity: send stroke to firebase, id=-NT_fap6FEOZ2jrUib3J
04-21 17:18:06.946 29414 29414 D ar_activity: [[2a end - 2d start] onChildChanged stroke id=-NT_fap6FEOZ2jrUib3J time=2023-04-21 17:18:06.945]
04-21 17:18:06.948 29414 30408 D ar_activity: [[2d] after update lines time=2023-04-21 17:18:06.947]
04-21 17:18:06.969 29414 30408 D ar_activity: [TRACKING TransformPointToPose time=2023-04-21 17:18:06.969]
04-21 17:18:06.969 29414 30408 D ar_activity: send stroke to firebase, id=-NT_fap6FEOZ2jrUib3J
04-21 17:18:06.970 29414 30408 D ar_activity: [[2d] after update lines time=2023-04-21 17:18:06.970]
04-21 17:18:06.991 29414 30408 D ar_activity: [TRACKING TransformPointToPose time=2023-04-21 17:18:06.991]
04-21 17:18:06.992 29414 30408 D ar_activity: send stroke to firebase, id=-NT_fap6FEOZ2jrUib3J
04-21 17:18:06.996 29414 30408 D ar_activity: [[2d] after update lines time=2023-04-21 17:18:06.994]
04-21 17:18:07.013 29414 29414 D ar_activity: [[2a end - 2d start] onChildChanged stroke id=-NT_fap6FEOZ2jrUib3J time=2023-04-21 17:18:07.012]
04-21 17:18:07.019 29414 30408 D ar_activity: [TRACKING TransformPointToPose time=2023-04-21 17:18:07.019]
04-21 17:18:07.019 29414 30408 D ar_activity: send stroke to firebase, id=-NT_fap6FEOZ2jrUib3J
04-21 17:18:07.020 29414 30408 D ar_activity: [[2d] after update lines time=2023-04-21 17:18:07.020]
04-21 17:18:07.040 29414 30408 D ar_activity: [TRACKING TransformPointToPose time=2023-04-21 17:18:07.040]
04-21 17:18:07.041 29414 30408 D ar_activity: send stroke to firebase, id=-NT_fap6FEOZ2jrUib3J
04-21 17:18:07.041 29414 30408 D ar_activity: [[2d] after update lines time=2023-04-21 17:18:07.041]
04-21 17:18:07.059 29414 30408 D ar_activity: [TRACKING TransformPointToPose time=2023-04-21 17:18:07.059]
04-21 17:18:07.060 29414 30408 D ar_activity: [TRACKING TransformPointToPose time=2023-04-21 17:18:07.060]
04-21 17:18:07.060 29414 30408 D ar_activity: send stroke to firebase, id=-NT_fap6FEOZ2jrUib3J
04-21 17:18:07.060 29414 30408 D ar_activity: [[2d] after update lines time=2023-04-21 17:18:07.060]
04-21 17:18:07.081 29414 29414 D ar_activity: [[2a end - 2d start] onChildChanged stroke id=-NT_fap6FEOZ2jrUib3J time=2023-04-21 17:18:07.081]
04-21 17:18:07.083 29414 30408 D ar_activity: [TRACKING TransformPointToPose time=2023-04-21 17:18:07.083]
04-21 17:18:07.083 29414 30408 D ar_activity: send stroke to firebase, id=-NT_fap6FEOZ2jrUib3J
04-21 17:18:07.085 29414 30408 D ar_activity: [[2d] after update lines time=2023-04-21 17:18:07.085]
04-21 17:18:07.109 29414 30408 D ar_activity: [TRACKING TransformPointToPose time=2023-04-21 17:18:07.109]
04-21 17:18:07.110 29414 30408 D ar_activity: send stroke to firebase, id=-NT_fap6FEOZ2jrUib3J
04-21 17:18:07.110 29414 30408 D ar_activity: [[2d] after update lines time=2023-04-21 17:18:07.110]
04-21 17:18:07.131 29414 30408 D ar_activity: [TRACKING TransformPointToPose time=2023-04-21 17:18:07.131]
04-21 17:18:07.131 29414 30408 D ar_activity: send stroke to firebase, id=-NT_fap6FEOZ2jrUib3J
