--------- beginning of main
04-21 16:53:22.425 21878 22007 D ar_activity: [[2d] after update lines time=2023-04-21 16:53:22.378]
04-21 16:53:27.992 21878 21878 D ar_activity: [--- pair start --- time=2023-04-21 16:53:27.992]
04-21 16:53:27.992 21878 21878 D ar_activity: [--- pair session start --- time=2023-04-21 16:53:27.992]
04-21 16:53:28.026 21878 21878 D ar_activity: [create room: Message{namespace='', type='', content=[34 bytes]} time=2023-04-21 16:53:28.025]
04-21 16:53:28.034 21878 21878 D ar_activity: LOOKING: 2023-04-21 16:53:28.034
04-21 16:53:38.027 21878 21878 D ar_activity: [--- pair discovery TIMEOUT --- time=2023-04-21 16:53:38.027]
04-21 16:53:40.924 21878 21878 D ar_activity: [--- pair session start --- time=2023-04-21 16:53:40.921]
04-21 16:53:40.928 21878 21878 D ar_activity: [create room: Message{namespace='', type='', content=[34 bytes]} time=2023-04-21 16:53:40.928]
04-21 16:53:40.929 21878 21878 D ar_activity: LOOKING: 2023-04-21 16:53:40.929
04-21 16:53:46.574 21878 21878 D ar_activity: [--- pair joined --- time=2023-04-21 16:53:46.574]
04-21 16:53:46.575 21878 21878 D ar_activity: PARTNER FOUND: 2023-04-21 16:53:46.575
04-21 16:53:48.580 21878 21878 D ar_activity: SET ANCHOR: 2023-04-21 16:53:48.580
04-21 16:53:49.846 21878 21878 D ar_activity: [anchor resolution changed: null time=2023-04-21 16:53:49.846]
04-21 16:53:50.094 21878 21878 D ar_activity: [--- sync ready to set anchor --- time=2023-04-21 16:53:50.094]
04-21 16:53:50.094 21878 21878 D ar_activity: [--- sync: sendSetAnchorEvent --- time=2023-04-21 16:53:50.094]
04-21 16:53:50.095 21878 21878 D ar_activity: --- start creating anchor: 2023-04-21 16:53:50.094 ---
04-21 16:53:50.095 21878 21878 D ar_activity: --- anchor: com.google.ar.core.Anchor@b49fab09 ---
04-21 16:53:50.095 21878 21878 D ar_activity: --- finish creating anchor: 2023-04-21 16:53:50.095 ---
04-21 16:53:50.095 21878 21878 D ar_activity: [hostAnchor start time=2023-04-21 16:53:50.095]
04-21 16:53:50.096 21878 21878 D ar_activity: [hostAnchor end time=2023-04-21 16:53:50.095]
04-21 16:53:50.096 21878 21878 D ar_activity: Start CONNECTING: 2023-04-21 16:53:50.096
04-21 16:53:50.104 21878 22007 D ar_activity: [--- anchor: onUpdate--- time=2023-04-21 16:53:50.104]
04-21 16:53:53.927 21878 22007 D ar_activity: [--- anchor: onUpdate--- time=2023-04-21 16:53:53.927]
04-21 16:53:53.930 21878 22007 D ar_activity: [--- onAnchorHosted [HOSTED]--- time=2023-04-21 16:53:53.928]
04-21 16:53:53.937 21878 21878 D ar_activity: [anchor resolution changed: false time=2023-04-21 16:53:53.936]
04-21 16:54:50.102 21878 21878 D ar_activity: [--- pair TIMEOUT --- time=2023-04-21 16:54:50.101]
04-21 16:54:50.118 21878 21878 D ar_activity: [anchor resolution changed: true time=2023-04-21 16:54:50.118]
04-21 16:54:50.121 21878 21878 D ar_activity: [onAnchorResolutionError: null time=2023-04-21 16:54:50.121]
04-21 16:54:52.526 21878 21878 D ar_activity: SET ANCHOR: 2023-04-21 16:54:52.526
04-21 16:54:53.263 21878 21878 D ar_activity: [anchor resolution changed: null time=2023-04-21 16:54:53.262]
04-21 16:54:53.653 21878 21878 D ar_activity: [--- sync ready to set anchor --- time=2023-04-21 16:54:53.652]
04-21 16:54:53.653 21878 21878 D ar_activity: [--- sync: sendSetAnchorEvent --- time=2023-04-21 16:54:53.653]
04-21 16:54:53.653 21878 21878 D ar_activity: --- start creating anchor: 2023-04-21 16:54:53.653 ---
04-21 16:54:53.653 21878 21878 D ar_activity: --- anchor: com.google.ar.core.Anchor@b49f9bc9 ---
04-21 16:54:53.653 21878 21878 D ar_activity: --- finish creating anchor: 2023-04-21 16:54:53.653 ---
04-21 16:54:53.654 21878 21878 D ar_activity: [hostAnchor start time=2023-04-21 16:54:53.653]
04-21 16:54:53.654 21878 21878 D ar_activity: [hostAnchor end time=2023-04-21 16:54:53.654]
04-21 16:54:53.654 21878 21878 D ar_activity: Start CONNECTING: 2023-04-21 16:54:53.654
04-21 16:54:53.668 21878 22007 D ar_activity: [--- anchor: onUpdate--- time=2023-04-21 16:54:53.667]
04-21 16:54:56.516 21878 22007 D ar_activity: [--- anchor: onUpdate--- time=2023-04-21 16:54:56.516]
04-21 16:54:56.516 21878 22007 D ar_activity: [--- onAnchorHosted [HOSTED]--- time=2023-04-21 16:54:56.516]
04-21 16:54:56.525 21878 21878 D ar_activity: [anchor resolution changed: false time=2023-04-21 16:54:56.525]
04-21 16:54:57.478 21878 21878 D ar_activity: [--- sync: finish syncing anchor --- time=2023-04-21 16:54:57.478]
04-21 16:54:57.491 21878 21878 D ar_activity: SYNCED: 2023-04-21 16:54:57.491
04-21 16:55:11.232 21878 21878 D ar_activity: [[1a start] touch screen time=2023-04-21 16:55:11.231]
04-21 16:55:11.253 21878 22007 D ar_activity: addStroke at 2023-04-21 16:55:11.252
04-21 16:55:11.254 21878 22007 D ar_activity: stroke (id: -NT_aMWquRg9Brr0jaKv) was added at 2023-04-21 16:55:11.254
04-21 16:55:11.254 21878 22007 D ar_activity: [[1b start] setFirebaseValue stroke id=-NT_aMWquRg9Brr0jaKv time=2023-04-21 16:55:11.254]
04-21 16:55:11.257 21878 22007 D ar_activity: [TRACKING TransformPointToPose time=2023-04-21 16:55:11.256]
04-21 16:55:11.258 21878 22007 D ar_activity: [TRACKING TransformPointToPose time=2023-04-21 16:55:11.258]
04-21 16:55:11.258 21878 22007 D ar_activity: send stroke to firebase, id=-NT_aMWquRg9Brr0jaKv
04-21 16:55:11.258 21878 22007 D ar_activity: [[2d] after update lines time=2023-04-21 16:55:11.258]
04-21 16:55:11.268 21878 21878 D ar_activity: [[2a end - 2d start] onChildAdded stroke id=-NT_aMWquRg9Brr0jaKv time=2023-04-21 16:55:11.267]
04-21 16:55:11.278 21878 22007 D ar_activity: [TRACKING TransformPointToPose time=2023-04-21 16:55:11.278]
04-21 16:55:11.278 21878 22007 D ar_activity: [TRACKING TransformPointToPose time=2023-04-21 16:55:11.278]
04-21 16:55:11.279 21878 22007 D ar_activity: send stroke to firebase, id=-NT_aMWquRg9Brr0jaKv
04-21 16:55:11.282 21878 22007 D ar_activity: [[2d] after update lines time=2023-04-21 16:55:11.282]
04-21 16:55:11.302 21878 22007 D ar_activity: [TRACKING TransformPointToPose time=2023-04-21 16:55:11.302]
04-21 16:55:11.302 21878 22007 D ar_activity: [TRACKING TransformPointToPose time=2023-04-21 16:55:11.302]
04-21 16:55:11.303 21878 22007 D ar_activity: [TRACKING TransformPointToPose time=2023-04-21 16:55:11.303]
04-21 16:55:11.303 21878 22007 D ar_activity: send stroke to firebase, id=-NT_aMWquRg9Brr0jaKv
04-21 16:55:11.304 21878 22007 D ar_activity: [[2d] after update lines time=2023-04-21 16:55:11.303]
04-21 16:55:11.324 21878 22007 D ar_activity: [TRACKING TransformPointToPose time=2023-04-21 16:55:11.324]
04-21 16:55:11.326 21878 22007 D ar_activity: [TRACKING TransformPointToPose time=2023-04-21 16:55:11.326]
04-21 16:55:11.326 21878 22007 D ar_activity: send stroke to firebase, id=-NT_aMWquRg9Brr0jaKv
04-21 16:55:11.327 21878 22007 D ar_activity: [[2d] after update lines time=2023-04-21 16:55:11.327]
04-21 16:55:11.348 21878 22007 D ar_activity: [TRACKING TransformPointToPose time=2023-04-21 16:55:11.348]
04-21 16:55:11.349 21878 22007 D ar_activity: [TRACKING TransformPointToPose time=2023-04-21 16:55:11.349]
04-21 16:55:11.349 21878 22007 D ar_activity: send stroke to firebase, id=-NT_aMWquRg9Brr0jaKv
04-21 16:55:11.350 21878 22007 D ar_activity: [[2d] after update lines time=2023-04-21 16:55:11.350]
04-21 16:55:11.369 21878 22007 D ar_activity: [TRACKING TransformPointToPose time=2023-04-21 16:55:11.368]
04-21 16:55:11.369 21878 22007 D ar_activity: send stroke to firebase, id=-NT_aMWquRg9Brr0jaKv
04-21 16:55:11.369 21878 22007 D ar_activity: [[2d] after update lines time=2023-04-21 16:55:11.369]
04-21 16:55:11.389 21878 22007 D ar_activity: [TRACKING TransformPointToPose time=2023-04-21 16:55:11.389]
04-21 16:55:11.389 21878 22007 D ar_activity: send stroke to firebase, id=-NT_aMWquRg9Brr0jaKv
04-21 16:55:11.390 21878 22007 D ar_activity: [[2d] after update lines time=2023-04-21 16:55:11.389]
04-21 16:55:11.408 21878 22007 D ar_activity: [TRACKING TransformPointToPose time=2023-04-21 16:55:11.408]
04-21 16:55:11.408 21878 22007 D ar_activity: [TRACKING TransformPointToPose time=2023-04-21 16:55:11.408]
04-21 16:55:11.408 21878 22007 D ar_activity: send stroke to firebase, id=-NT_aMWquRg9Brr0jaKv
04-21 16:55:11.409 21878 22007 D ar_activity: [[2d] after update lines time=2023-04-21 16:55:11.409]
04-21 16:55:11.427 21878 22007 D ar_activity: [TRACKING TransformPointToPose time=2023-04-21 16:55:11.427]
04-21 16:55:11.428 21878 22007 D ar_activity: [TRACKING TransformPointToPose time=2023-04-21 16:55:11.427]
04-21 16:55:11.428 21878 22007 D ar_activity: send stroke to firebase, id=-NT_aMWquRg9Brr0jaKv
04-21 16:55:11.428 21878 22007 D ar_activity: [[2d] after update lines time=2023-04-21 16:55:11.428]
04-21 16:55:11.451 21878 22007 D ar_activity: [TRACKING TransformPointToPose time=2023-04-21 16:55:11.451]
04-21 16:55:11.451 21878 22007 D ar_activity: [TRACKING TransformPointToPose time=2023-04-21 16:55:11.451]
04-21 16:55:11.451 21878 22007 D ar_activity: send stroke to firebase, id=-NT_aMWquRg9Brr0jaKv
04-21 16:55:11.452 21878 22007 D ar_activity: [[2d] after update lines time=2023-04-21 16:55:11.452]
04-21 16:55:11.465 21878 21878 D ar_activity: [[1b start] setFirebaseValue stroke id=-NT_aMWquRg9Brr0jaKv time=2023-04-21 16:55:11.465]
04-21 16:55:11.468 21878 21878 D ar_activity: [[2a end - 2d start] onChildChanged stroke id=-NT_aMWquRg9Brr0jaKv time=2023-04-21 16:55:11.468]
04-21 16:55:11.472 21878 22007 D ar_activity: [TRACKING TransformPointToPose time=2023-04-21 16:55:11.471]
04-21 16:55:11.472 21878 22007 D ar_activity: [TRACKING TransformPointToPose time=2023-04-21 16:55:11.472]
04-21 16:55:11.473 21878 22007 D ar_activity: send stroke to firebase, id=-NT_aMWquRg9Brr0jaKv
04-21 16:55:11.474 21878 22007 D ar_activity: [[2d] after update lines time=2023-04-21 16:55:11.474]
04-21 16:55:11.494 21878 22007 D ar_activity: [TRACKING TransformPointToPose time=2023-04-21 16:55:11.494]
04-21 16:55:11.494 21878 22007 D ar_activity: [TRACKING TransformPointToPose time=2023-04-21 16:55:11.494]
04-21 16:55:11.494 21878 22007 D ar_activity: send stroke to firebase, id=-NT_aMWquRg9Brr0jaKv
04-21 16:55:11.494 21878 22007 D ar_activity: [[2d] after update lines time=2023-04-21 16:55:11.494]
04-21 16:55:11.516 21878 22007 D ar_activity: [TRACKING TransformPointToPose time=2023-04-21 16:55:11.516]
04-21 16:55:11.517 21878 22007 D ar_activity: [TRACKING TransformPointToPose time=2023-04-21 16:55:11.516]
04-21 16:55:11.517 21878 22007 D ar_activity: send stroke to firebase, id=-NT_aMWquRg9Brr0jaKv
04-21 16:55:11.517 21878 22007 D ar_activity: [[2d] after update lines time=2023-04-21 16:55:11.517]
04-21 16:55:11.538 21878 22007 D ar_activity: [TRACKING TransformPointToPose time=2023-04-21 16:55:11.537]
04-21 16:55:11.539 21878 22007 D ar_activity: [TRACKING TransformPointToPose time=2023-04-21 16:55:11.538]
04-21 16:55:11.539 21878 22007 D ar_activity: send stroke to firebase, id=-NT_aMWquRg9Brr0jaKv
04-21 16:55:11.540 21878 22007 D ar_activity: [[2d] after update lines time=2023-04-21 16:55:11.540]
04-21 16:55:11.560 21878 21878 D ar_activity: [[2a end - 2d start] onChildChanged stroke id=-NT_aMWquRg9Brr0jaKv time=2023-04-21 16:55:11.560]
04-21 16:55:11.564 21878 22007 D ar_activity: [TRACKING TransformPointToPose time=2023-04-21 16:55:11.562]
04-21 16:55:11.565 21878 22007 D ar_activity: [TRACKING TransformPointToPose time=2023-04-21 16:55:11.564]
04-21 16:55:11.566 21878 22007 D ar_activity: send stroke to firebase, id=-NT_aMWquRg9Brr0jaKv
04-21 16:55:11.570 21878 22007 D ar_activity: [[2d] after update lines time=2023-04-21 16:55:11.568]
04-21 16:55:11.590 21878 22007 D ar_activity: [TRACKING TransformPointToPose time=2023-04-21 16:55:11.590]
04-21 16:55:11.590 21878 22007 D ar_activity: [TRACKING TransformPointToPose time=2023-04-21 16:55:11.590]
04-21 16:55:11.590 21878 22007 D ar_activity: send stroke to firebase, id=-NT_aMWquRg9Brr0jaKv
04-21 16:55:11.591 21878 22007 D ar_activity: [[2d] after update lines time=2023-04-21 16:55:11.591]
04-21 16:55:11.609 21878 22007 D ar_activity: [TRACKING TransformPointToPose time=2023-04-21 16:55:11.609]
04-21 16:55:11.610 21878 22007 D ar_activity: send stroke to firebase, id=-NT_aMWquRg9Brr0jaKv
04-21 16:55:11.610 21878 22007 D ar_activity: [[2d] after update lines time=2023-04-21 16:55:11.610]
04-21 16:55:11.629 21878 22007 D ar_activity: [TRACKING TransformPointToPose time=2023-04-21 16:55:11.629]
04-21 16:55:11.629 21878 22007 D ar_activity: [TRACKING TransformPointToPose time=2023-04-21 16:55:11.629]
04-21 16:55:11.629 21878 22007 D ar_activity: send stroke to firebase, id=-NT_aMWquRg9Brr0jaKv
04-21 16:55:11.630 21878 22007 D ar_activity: [[2d] after update lines time=2023-04-21 16:55:11.630]
04-21 16:55:11.654 21878 22007 D ar_activity: [TRACKING TransformPointToPose time=2023-04-21 16:55:11.653]
04-21 16:55:11.655 21878 22007 D ar_activity: [TRACKING TransformPointToPose time=2023-04-21 16:55:11.654]
04-21 16:55:11.656 21878 22007 D ar_activity: [TRACKING TransformPointToPose time=2023-04-21 16:55:11.656]
04-21 16:55:11.657 21878 22007 D ar_activity: send stroke to firebase, id=-NT_aMWquRg9Brr0jaKv
04-21 16:55:11.659 21878 22007 D ar_activity: [[2d] after update lines time=2023-04-21 16:55:11.659]
04-21 16:55:11.661 21878 21878 D ar_activity: [[2a end - 2d start] onChildChanged stroke id=-NT_aMWquRg9Brr0jaKv time=2023-04-21 16:55:11.661]
04-21 16:55:11.683 21878 22007 D ar_activity: [TRACKING TransformPointToPose time=2023-04-21 16:55:11.683]
04-21 16:55:11.683 21878 22007 D ar_activity: [TRACKING TransformPointToPose time=2023-04-21 16:55:11.683]
04-21 16:55:11.683 21878 22007 D ar_activity: [TRACKING TransformPointToPose time=2023-04-21 16:55:11.683]
04-21 16:55:11.683 21878 22007 D ar_activity: send stroke to firebase, id=-NT_aMWquRg9Brr0jaKv
04-21 16:55:11.684 21878 22007 D ar_activity: [[2d] after update lines time=2023-04-21 16:55:11.684]
04-21 16:55:11.704 21878 22007 D ar_activity: [TRACKING TransformPointToPose time=2023-04-21 16:55:11.704]
04-21 16:55:11.704 21878 22007 D ar_activity: [TRACKING TransformPointToPose time=2023-04-21 16:55:11.704]
04-21 16:55:11.704 21878 22007 D ar_activity: send stroke to firebase, id=-NT_aMWquRg9Brr0jaKv
04-21 16:55:11.705 21878 22007 D ar_activity: [[2d] after update lines time=2023-04-21 16:55:11.705]
04-21 16:55:11.726 21878 22007 D ar_activity: [TRACKING TransformPointToPose time=2023-04-21 16:55:11.726]
04-21 16:55:11.727 21878 22007 D ar_activity: [TRACKING TransformPointToPose time=2023-04-21 16:55:11.726]
04-21 16:55:11.727 21878 22007 D ar_activity: send stroke to firebase, id=-NT_aMWquRg9Brr0jaKv
04-21 16:55:11.729 21878 22007 D ar_activity: [[2d] after update lines time=2023-04-21 16:55:11.728]
04-21 16:55:11.752 21878 22007 D ar_activity: [TRACKING TransformPointToPose time=2023-04-21 16:55:11.752]
04-21 16:55:11.752 21878 22007 D ar_activity: [TRACKING TransformPointToPose time=2023-04-21 16:55:11.752]
04-21 16:55:11.753 21878 22007 D ar_activity: send stroke to firebase, id=-NT_aMWquRg9Brr0jaKv
04-21 16:55:11.754 21878 22007 D ar_activity: [[2d] after update lines time=2023-04-21 16:55:11.754]
04-21 16:55:11.764 21878 21878 D ar_activity: [[2a end - 2d start] onChildChanged stroke id=-NT_aMWquRg9Brr0jaKv time=2023-04-21 16:55:11.764]
04-21 16:55:11.775 21878 22007 D ar_activity: [TRACKING TransformPointToPose time=2023-04-21 16:55:11.775]
04-21 16:55:11.776 21878 22007 D ar_activity: [TRACKING TransformPointToPose time=2023-04-21 16:55:11.776]
04-21 16:55:11.777 21878 22007 D ar_activity: send stroke to firebase, id=-NT_aMWquRg9Brr0jaKv
04-21 16:55:11.777 21878 22007 D ar_activity: [[2d] after update lines time=2023-04-21 16:55:11.777]
04-21 16:55:11.797 21878 22007 D ar_activity: [TRACKING TransformPointToPose time=2023-04-21 16:55:11.796]
04-21 16:55:11.797 21878 22007 D ar_activity: [TRACKING TransformPointToPose time=2023-04-21 16:55:11.797]
04-21 16:55:11.797 21878 22007 D ar_activity: send stroke to firebase, id=-NT_aMWquRg9Brr0jaKv
04-21 16:55:11.797 21878 22007 D ar_activity: [[2d] after update lines time=2023-04-21 16:55:11.797]
04-21 16:55:11.816 21878 22007 D ar_activity: [TRACKING TransformPointToPose time=2023-04-21 16:55:11.816]
04-21 16:55:11.816 21878 22007 D ar_activity: [TRACKING TransformPointToPose time=2023-04-21 16:55:11.816]
04-21 16:55:11.816 21878 22007 D ar_activity: send stroke to firebase, id=-NT_aMWquRg9Brr0jaKv
04-21 16:55:11.817 21878 22007 D ar_activity: [[2d] after update lines time=2023-04-21 16:55:11.817]
04-21 16:55:11.839 21878 22007 D ar_activity: [TRACKING TransformPointToPose time=2023-04-21 16:55:11.839]
04-21 16:55:11.840 21878 22007 D ar_activity: [TRACKING TransformPointToPose time=2023-04-21 16:55:11.839]
04-21 16:55:11.840 21878 22007 D ar_activity: send stroke to firebase, id=-NT_aMWquRg9Brr0jaKv
04-21 16:55:11.840 21878 22007 D ar_activity: [[2d] after update lines time=2023-04-21 16:55:11.840]
04-21 16:55:11.860 21878 22007 D ar_activity: [TRACKING TransformPointToPose time=2023-04-21 16:55:11.860]
04-21 16:55:11.861 21878 22007 D ar_activity: [TRACKING TransformPointToPose time=2023-04-21 16:55:11.860]
04-21 16:55:11.861 21878 22007 D ar_activity: send stroke to firebase, id=-NT_aMWquRg9Brr0jaKv
04-21 16:55:11.861 21878 22007 D ar_activity: [[2d] after update lines time=2023-04-21 16:55:11.861]
04-21 16:55:11.883 21878 22007 D ar_activity: [TRACKING TransformPointToPose time=2023-04-21 16:55:11.883]
04-21 16:55:11.884 21878 22007 D ar_activity: send stroke to firebase, id=-NT_aMWquRg9Brr0jaKv
04-21 16:55:11.891 21878 21878 D ar_activity: [[2a end - 2d start] onChildChanged stroke id=-NT_aMWquRg9Brr0jaKv time=2023-04-21 16:55:11.890]
04-21 16:55:11.892 21878 22007 D ar_activity: [[2d] after update lines time=2023-04-21 16:55:11.892]
04-21 16:55:11.919 21878 22007 D ar_activity: [TRACKING TransformPointToPose time=2023-04-21 16:55:11.919]
04-21 16:55:11.920 21878 22007 D ar_activity: [TRACKING TransformPointToPose time=2023-04-21 16:55:11.920]
04-21 16:55:11.922 21878 22007 D ar_activity: send stroke to firebase, id=-NT_aMWquRg9Brr0jaKv
04-21 16:55:11.926 21878 22007 D ar_activity: [[2d] after update lines time=2023-04-21 16:55:11.925]
04-21 16:55:11.951 21878 22007 D ar_activity: [TRACKING TransformPointToPose time=2023-04-21 16:55:11.950]
04-21 16:55:11.951 21878 22007 D ar_activity: [TRACKING TransformPointToPose time=2023-04-21 16:55:11.951]
04-21 16:55:11.951 21878 22007 D ar_activity: [TRACKING TransformPointToPose time=2023-04-21 16:55:11.951]
04-21 16:55:11.951 21878 22007 D ar_activity: send stroke to firebase, id=-NT_aMWquRg9Brr0jaKv
04-21 16:55:11.952 21878 22007 D ar_activity: [[2d] after update lines time=2023-04-21 16:55:11.951]
04-21 16:55:11.971 21878 22007 D ar_activity: [TRACKING TransformPointToPose time=2023-04-21 16:55:11.971]
04-21 16:55:11.972 21878 22007 D ar_activity: [TRACKING TransformPointToPose time=2023-04-21 16:55:11.971]
04-21 16:55:11.972 21878 22007 D ar_activity: send stroke to firebase, id=-NT_aMWquRg9Brr0jaKv
04-21 16:55:11.973 21878 22007 D ar_activity: [[2d] after update lines time=2023-04-21 16:55:11.973]
04-21 16:55:11.986 21878 21878 D ar_activity: [[2a end - 2d start] onChildChanged stroke id=-NT_aMWquRg9Brr0jaKv time=2023-04-21 16:55:11.986]
04-21 16:55:11.994 21878 22007 D ar_activity: [TRACKING TransformPointToPose time=2023-04-21 16:55:11.994]
04-21 16:55:11.994 21878 22007 D ar_activity: [TRACKING TransformPointToPose time=2023-04-21 16:55:11.994]
04-21 16:55:11.994 21878 22007 D ar_activity: send stroke to firebase, id=-NT_aMWquRg9Brr0jaKv
04-21 16:55:11.995 21878 22007 D ar_activity: [[2d] after update lines time=2023-04-21 16:55:11.995]
04-21 16:55:12.017 21878 22007 D ar_activity: [TRACKING TransformPointToPose time=2023-04-21 16:55:12.017]
04-21 16:55:12.017 21878 22007 D ar_activity: [TRACKING TransformPointToPose time=2023-04-21 16:55:12.017]
04-21 16:55:12.017 21878 22007 D ar_activity: send stroke to firebase, id=-NT_aMWquRg9Brr0jaKv
04-21 16:55:12.018 21878 22007 D ar_activity: [[2d] after update lines time=2023-04-21 16:55:12.018]
04-21 16:55:12.038 21878 22007 D ar_activity: [TRACKING TransformPointToPose time=2023-04-21 16:55:12.038]
04-21 16:55:12.038 21878 22007 D ar_activity: [TRACKING TransformPointToPose time=2023-04-21 16:55:12.038]
04-21 16:55:12.038 21878 22007 D ar_activity: send stroke to firebase, id=-NT_aMWquRg9Brr0jaKv
04-21 16:55:12.039 21878 22007 D ar_activity: [[2d] after update lines time=2023-04-21 16:55:12.038]
04-21 16:55:12.063 21878 22007 D ar_activity: [TRACKING TransformPointToPose time=2023-04-21 16:55:12.062]
04-21 16:55:12.063 21878 22007 D ar_activity: [TRACKING TransformPointToPose time=2023-04-21 16:55:12.063]
04-21 16:55:12.064 21878 22007 D ar_activity: send stroke to firebase, id=-NT_aMWquRg9Brr0jaKv
04-21 16:55:12.066 21878 22007 D ar_activity: [[2d] after update lines time=2023-04-21 16:55:12.065]
04-21 16:55:12.087 21878 22007 D ar_activity: [TRACKING TransformPointToPose time=2023-04-21 16:55:12.087]
04-21 16:55:12.088 21878 22007 D ar_activity: [TRACKING TransformPointToPose time=2023-04-21 16:55:12.087]
04-21 16:55:12.088 21878 22007 D ar_activity: send stroke to firebase, id=-NT_aMWquRg9Brr0jaKv
04-21 16:55:12.088 21878 22007 D ar_activity: [[2d] after update lines time=2023-04-21 16:55:12.088]
04-21 16:55:12.107 21878 22007 D ar_activity: [TRACKING TransformPointToPose time=2023-04-21 16:55:12.107]
04-21 16:55:12.107 21878 22007 D ar_activity: [TRACKING TransformPointToPose time=2023-04-21 16:55:12.107]
04-21 16:55:12.107 21878 22007 D ar_activity: send stroke to firebase, id=-NT_aMWquRg9Brr0jaKv
04-21 16:55:12.108 21878 22007 D ar_activity: [[2d] after update lines time=2023-04-21 16:55:12.108]
04-21 16:55:12.126 21878 22007 D ar_activity: [TRACKING TransformPointToPose time=2023-04-21 16:55:12.126]
04-21 16:55:12.127 21878 22007 D ar_activity: [TRACKING TransformPointToPose time=2023-04-21 16:55:12.127]
04-21 16:55:12.127 21878 22007 D ar_activity: send stroke to firebase, id=-NT_aMWquRg9Brr0jaKv
04-21 16:55:12.127 21878 22007 D ar_activity: [[2d] after update lines time=2023-04-21 16:55:12.127]
04-21 16:55:12.149 21878 22007 D ar_activity: [TRACKING TransformPointToPose time=2023-04-21 16:55:12.149]
04-21 16:55:12.149 21878 22007 D ar_activity: [TRACKING TransformPointToPose time=2023-04-21 16:55:12.149]
04-21 16:55:12.149 21878 22007 D ar_activity: send stroke to firebase, id=-NT_aMWquRg9Brr0jaKv
04-21 16:55:12.150 21878 22007 D ar_activity: [[2d] after update lines time=2023-04-21 16:55:12.150]
04-21 16:55:12.167 21878 21878 D ar_activity: [[2a end - 2d start] onChildChanged stroke id=-NT_aMWquRg9Brr0jaKv time=2023-04-21 16:55:12.166]
04-21 16:55:12.169 21878 22007 D ar_activity: [TRACKING TransformPointToPose time=2023-04-21 16:55:12.169]
04-21 16:55:12.170 21878 22007 D ar_activity: send stroke to firebase, id=-NT_aMWquRg9Brr0jaKv
04-21 16:55:12.171 21878 22007 D ar_activity: [[2d] after update lines time=2023-04-21 16:55:12.171]
04-21 16:55:12.190 21878 22007 D ar_activity: [TRACKING TransformPointToPose time=2023-04-21 16:55:12.190]
04-21 16:55:12.190 21878 22007 D ar_activity: [TRACKING TransformPointToPose time=2023-04-21 16:55:12.190]
04-21 16:55:12.190 21878 22007 D ar_activity: [TRACKING TransformPointToPose time=2023-04-21 16:55:12.190]
04-21 16:55:12.191 21878 22007 D ar_activity: send stroke to firebase, id=-NT_aMWquRg9Brr0jaKv
04-21 16:55:12.191 21878 22007 D ar_activity: [[2d] after update lines time=2023-04-21 16:55:12.191]
04-21 16:55:12.210 21878 22007 D ar_activity: [TRACKING TransformPointToPose time=2023-04-21 16:55:12.209]
04-21 16:55:12.210 21878 22007 D ar_activity: send stroke to firebase, id=-NT_aMWquRg9Brr0jaKv
04-21 16:55:12.211 21878 22007 D ar_activity: [[2d] after update lines time=2023-04-21 16:55:12.210]
04-21 16:55:12.229 21878 22007 D ar_activity: [TRACKING TransformPointToPose time=2023-04-21 16:55:12.229]
04-21 16:55:12.230 21878 22007 D ar_activity: [TRACKING TransformPointToPose time=2023-04-21 16:55:12.230]
04-21 16:55:12.230 21878 22007 D ar_activity: send stroke to firebase, id=-NT_aMWquRg9Brr0jaKv
04-21 16:55:12.231 21878 22007 D ar_activity: [[2d] after update lines time=2023-04-21 16:55:12.230]
04-21 16:55:12.250 21878 22007 D ar_activity: [TRACKING TransformPointToPose time=2023-04-21 16:55:12.250]
04-21 16:55:12.250 21878 22007 D ar_activity: [TRACKING TransformPointToPose time=2023-04-21 16:55:12.250]
04-21 16:55:12.250 21878 22007 D ar_activity: send stroke to firebase, id=-NT_aMWquRg9Brr0jaKv
04-21 16:55:12.251 21878 22007 D ar_activity: [[2d] after update lines time=2023-04-21 16:55:12.251]
04-21 16:55:12.270 21878 22007 D ar_activity: [TRACKING TransformPointToPose time=2023-04-21 16:55:12.270]
04-21 16:55:12.270 21878 22007 D ar_activity: [TRACKING TransformPointToPose time=2023-04-21 16:55:12.270]
04-21 16:55:12.271 21878 22007 D ar_activity: send stroke to firebase, id=-NT_aMWquRg9Brr0jaKv
04-21 16:55:12.271 21878 22007 D ar_activity: [[2d] after update lines time=2023-04-21 16:55:12.271]
04-21 16:55:12.292 21878 22007 D ar_activity: [TRACKING TransformPointToPose time=2023-04-21 16:55:12.291]
04-21 16:55:12.292 21878 22007 D ar_activity: [TRACKING TransformPointToPose time=2023-04-21 16:55:12.292]
04-21 16:55:12.292 21878 22007 D ar_activity: send stroke to firebase, id=-NT_aMWquRg9Brr0jaKv
04-21 16:55:12.293 21878 22007 D ar_activity: [[2d] after update lines time=2023-04-21 16:55:12.293]
04-21 16:55:12.297 21878 21878 D ar_activity: [[2a end - 2d start] onChildChanged stroke id=-NT_aMWquRg9Brr0jaKv time=2023-04-21 16:55:12.295]
04-21 16:55:12.313 21878 22007 D ar_activity: [TRACKING TransformPointToPose time=2023-04-21 16:55:12.312]
04-21 16:55:12.314 21878 22007 D ar_activity: send stroke to firebase, id=-NT_aMWquRg9Brr0jaKv
04-21 16:55:12.317 21878 22007 D ar_activity: [[2d] after update lines time=2023-04-21 16:55:12.316]
04-21 16:55:12.338 21878 22007 D ar_activity: [TRACKING TransformPointToPose time=2023-04-21 16:55:12.338]
04-21 16:55:12.341 21878 22007 D ar_activity: [TRACKING TransformPointToPose time=2023-04-21 16:55:12.340]
04-21 16:55:12.342 21878 22007 D ar_activity: send stroke to firebase, id=-NT_aMWquRg9Brr0jaKv
04-21 16:55:12.348 21878 22007 D ar_activity: [[2d] after update lines time=2023-04-21 16:55:12.347]
04-21 16:55:12.372 21878 22007 D ar_activity: [TRACKING TransformPointToPose time=2023-04-21 16:55:12.372]
04-21 16:55:12.372 21878 22007 D ar_activity: [TRACKING TransformPointToPose time=2023-04-21 16:55:12.372]
04-21 16:55:12.372 21878 22007 D ar_activity: [TRACKING TransformPointToPose time=2023-04-21 16:55:12.372]
04-21 16:55:12.372 21878 22007 D ar_activity: send stroke to firebase, id=-NT_aMWquRg9Brr0jaKv
04-21 16:55:12.373 21878 22007 D ar_activity: [[2d] after update lines time=2023-04-21 16:55:12.373]
04-21 16:55:12.392 21878 22007 D ar_activity: [TRACKING TransformPointToPose time=2023-04-21 16:55:12.392]
04-21 16:55:12.393 21878 22007 D ar_activity: [TRACKING TransformPointToPose time=2023-04-21 16:55:12.393]
04-21 16:55:12.393 21878 22007 D ar_activity: send stroke to firebase, id=-NT_aMWquRg9Brr0jaKv
04-21 16:55:12.393 21878 22007 D ar_activity: [[2d] after update lines time=2023-04-21 16:55:12.393]
04-21 16:55:12.412 21878 22007 D ar_activity: [TRACKING TransformPointToPose time=2023-04-21 16:55:12.412]
04-21 16:55:12.412 21878 22007 D ar_activity: send stroke to firebase, id=-NT_aMWquRg9Brr0jaKv
04-21 16:55:12.413 21878 22007 D ar_activity: [[2d] after update lines time=2023-04-21 16:55:12.413]
04-21 16:55:12.432 21878 21878 D ar_activity: [[2a end - 2d start] onChildChanged stroke id=-NT_aMWquRg9Brr0jaKv time=2023-04-21 16:55:12.431]
04-21 16:55:12.434 21878 22007 D ar_activity: [TRACKING TransformPointToPose time=2023-04-21 16:55:12.433]
04-21 16:55:12.434 21878 22007 D ar_activity: send stroke to firebase, id=-NT_aMWquRg9Brr0jaKv
04-21 16:55:12.434 21878 22007 D ar_activity: [[2d] after update lines time=2023-04-21 16:55:12.434]
04-21 16:55:12.453 21878 22007 D ar_activity: [TRACKING TransformPointToPose time=2023-04-21 16:55:12.453]
04-21 16:55:12.453 21878 22007 D ar_activity: send stroke to firebase, id=-NT_aMWquRg9Brr0jaKv
04-21 16:55:12.454 21878 22007 D ar_activity: [[2d] after update lines time=2023-04-21 16:55:12.454]
04-21 16:55:12.472 21878 22007 D ar_activity: [TRACKING TransformPointToPose time=2023-04-21 16:55:12.472]
04-21 16:55:12.474 21878 22007 D ar_activity: [TRACKING TransformPointToPose time=2023-04-21 16:55:12.474]
04-21 16:55:12.474 21878 22007 D ar_activity: send stroke to firebase, id=-NT_aMWquRg9Brr0jaKv
04-21 16:55:12.475 21878 22007 D ar_activity: [[2d] after update lines time=2023-04-21 16:55:12.475]
04-21 16:55:12.494 21878 22007 D ar_activity: [TRACKING TransformPointToPose time=2023-04-21 16:55:12.494]
04-21 16:55:12.494 21878 22007 D ar_activity: [TRACKING TransformPointToPose time=2023-04-21 16:55:12.494]
04-21 16:55:12.494 21878 22007 D ar_activity: send stroke to firebase, id=-NT_aMWquRg9Brr0jaKv
04-21 16:55:12.495 21878 22007 D ar_activity: [[2d] after update lines time=2023-04-21 16:55:12.494]
04-21 16:55:12.515 21878 22007 D ar_activity: [TRACKING TransformPointToPose time=2023-04-21 16:55:12.513]
04-21 16:55:12.516 21878 22007 D ar_activity: [TRACKING TransformPointToPose time=2023-04-21 16:55:12.516]
04-21 16:55:12.516 21878 22007 D ar_activity: send stroke to firebase, id=-NT_aMWquRg9Brr0jaKv
04-21 16:55:12.517 21878 22007 D ar_activity: [[2d] after update lines time=2023-04-21 16:55:12.516]
04-21 16:55:12.526 21878 21878 D ar_activity: [[2a end - 2d start] onChildChanged stroke id=-NT_aMWquRg9Brr0jaKv time=2023-04-21 16:55:12.526]
04-21 16:55:12.539 21878 22007 D ar_activity: [TRACKING TransformPointToPose time=2023-04-21 16:55:12.538]
04-21 16:55:12.540 21878 22007 D ar_activity: [TRACKING TransformPointToPose time=2023-04-21 16:55:12.539]
04-21 16:55:12.540 21878 22007 D ar_activity: send stroke to firebase, id=-NT_aMWquRg9Brr0jaKv
04-21 16:55:12.541 21878 22007 D ar_activity: [[2d] after update lines time=2023-04-21 16:55:12.541]
04-21 16:55:12.561 21878 22007 D ar_activity: [TRACKING TransformPointToPose time=2023-04-21 16:55:12.561]
04-21 16:55:12.561 21878 22007 D ar_activity: [TRACKING TransformPointToPose time=2023-04-21 16:55:12.561]
04-21 16:55:12.562 21878 22007 D ar_activity: send stroke to firebase, id=-NT_aMWquRg9Brr0jaKv
04-21 16:55:12.563 21878 22007 D ar_activity: [[2d] after update lines time=2023-04-21 16:55:12.562]
04-21 16:55:12.583 21878 22007 D ar_activity: [TRACKING TransformPointToPose time=2023-04-21 16:55:12.583]
04-21 16:55:12.583 21878 22007 D ar_activity: [TRACKING TransformPointToPose time=2023-04-21 16:55:12.583]
04-21 16:55:12.584 21878 22007 D ar_activity: send stroke to firebase, id=-NT_aMWquRg9Brr0jaKv
04-21 16:55:12.584 21878 22007 D ar_activity: [[2d] after update lines time=2023-04-21 16:55:12.584]
04-21 16:55:12.604 21878 22007 D ar_activity: [TRACKING TransformPointToPose time=2023-04-21 16:55:12.604]
04-21 16:55:12.605 21878 22007 D ar_activity: [TRACKING TransformPointToPose time=2023-04-21 16:55:12.605]
04-21 16:55:12.605 21878 22007 D ar_activity: send stroke to firebase, id=-NT_aMWquRg9Brr0jaKv
04-21 16:55:12.606 21878 22007 D ar_activity: [[2d] after update lines time=2023-04-21 16:55:12.606]
04-21 16:55:12.627 21878 21878 D ar_activity: [[2a end - 2d start] onChildChanged stroke id=-NT_aMWquRg9Brr0jaKv time=2023-04-21 16:55:12.627]
04-21 16:55:12.627 21878 22007 D ar_activity: [TRACKING TransformPointToPose time=2023-04-21 16:55:12.627]
04-21 16:55:12.630 21878 22007 D ar_activity: [TRACKING TransformPointToPose time=2023-04-21 16:55:12.629]
04-21 16:55:12.630 21878 22007 D ar_activity: send stroke to firebase, id=-NT_aMWquRg9Brr0jaKv
04-21 16:55:12.634 21878 22007 D ar_activity: [[2d] after update lines time=2023-04-21 16:55:12.633]
04-21 16:55:12.656 21878 22007 D ar_activity: [TRACKING TransformPointToPose time=2023-04-21 16:55:12.656]
04-21 16:55:12.656 21878 22007 D ar_activity: [TRACKING TransformPointToPose time=2023-04-21 16:55:12.656]
04-21 16:55:12.657 21878 22007 D ar_activity: send stroke to firebase, id=-NT_aMWquRg9Brr0jaKv
04-21 16:55:12.657 21878 22007 D ar_activity: [[2d] after update lines time=2023-04-21 16:55:12.657]
04-21 16:55:12.676 21878 22007 D ar_activity: [TRACKING TransformPointToPose time=2023-04-21 16:55:12.676]
04-21 16:55:12.676 21878 22007 D ar_activity: [TRACKING TransformPointToPose time=2023-04-21 16:55:12.676]
04-21 16:55:12.676 21878 22007 D ar_activity: send stroke to firebase, id=-NT_aMWquRg9Brr0jaKv
04-21 16:55:12.699 21878 22007 D ar_activity: [[2d] after update lines time=2023-04-21 16:55:12.698]
04-21 16:55:12.720 21878 22007 D ar_activity: [TRACKING TransformPointToPose time=2023-04-21 16:55:12.720]
04-21 16:55:12.721 21878 22007 D ar_activity: [TRACKING TransformPointToPose time=2023-04-21 16:55:12.721]
04-21 16:55:12.721 21878 22007 D ar_activity: [TRACKING TransformPointToPose time=2023-04-21 16:55:12.721]
04-21 16:55:12.721 21878 22007 D ar_activity: send stroke to firebase, id=-NT_aMWquRg9Brr0jaKv
04-21 16:55:12.725 21878 22007 D ar_activity: [[2d] after update lines time=2023-04-21 16:55:12.725]
04-21 16:55:12.725 21878 21878 D ar_activity: [[2a end - 2d start] onChildChanged stroke id=-NT_aMWquRg9Brr0jaKv time=2023-04-21 16:55:12.725]
04-21 16:55:12.754 21878 22007 D ar_activity: [TRACKING TransformPointToPose time=2023-04-21 16:55:12.752]
04-21 16:55:12.754 21878 22007 D ar_activity: [TRACKING TransformPointToPose time=2023-04-21 16:55:12.754]
04-21 16:55:12.755 21878 22007 D ar_activity: [TRACKING TransformPointToPose time=2023-04-21 16:55:12.755]
04-21 16:55:12.755 21878 22007 D ar_activity: send stroke to firebase, id=-NT_aMWquRg9Brr0jaKv
04-21 16:55:12.758 21878 22007 D ar_activity: [[2d] after update lines time=2023-04-21 16:55:12.758]
04-21 16:55:12.781 21878 22007 D ar_activity: [TRACKING TransformPointToPose time=2023-04-21 16:55:12.780]
04-21 16:55:12.783 21878 22007 D ar_activity: [TRACKING TransformPointToPose time=2023-04-21 16:55:12.781]
04-21 16:55:12.784 21878 22007 D ar_activity: send stroke to firebase, id=-NT_aMWquRg9Brr0jaKv
04-21 16:55:12.786 21878 22007 D ar_activity: [[2d] after update lines time=2023-04-21 16:55:12.785]
04-21 16:55:12.809 21878 22007 D ar_activity: [TRACKING TransformPointToPose time=2023-04-21 16:55:12.808]
04-21 16:55:12.809 21878 22007 D ar_activity: [TRACKING TransformPointToPose time=2023-04-21 16:55:12.809]
04-21 16:55:12.809 21878 22007 D ar_activity: send stroke to firebase, id=-NT_aMWquRg9Brr0jaKv
04-21 16:55:12.810 21878 22007 D ar_activity: [[2d] after update lines time=2023-04-21 16:55:12.809]
04-21 16:55:12.825 21878 21878 D ar_activity: [[2a end - 2d start] onChildChanged stroke id=-NT_aMWquRg9Brr0jaKv time=2023-04-21 16:55:12.825]
04-21 16:55:12.828 21878 22007 D ar_activity: [TRACKING TransformPointToPose time=2023-04-21 16:55:12.828]
04-21 16:55:12.828 21878 22007 D ar_activity: [TRACKING TransformPointToPose time=2023-04-21 16:55:12.828]
04-21 16:55:12.828 21878 22007 D ar_activity: send stroke to firebase, id=-NT_aMWquRg9Brr0jaKv
04-21 16:55:12.829 21878 22007 D ar_activity: [[2d] after update lines time=2023-04-21 16:55:12.829]
04-21 16:55:12.850 21878 22007 D ar_activity: [TRACKING TransformPointToPose time=2023-04-21 16:55:12.850]
04-21 16:55:12.850 21878 22007 D ar_activity: [TRACKING TransformPointToPose time=2023-04-21 16:55:12.850]
04-21 16:55:12.850 21878 22007 D ar_activity: send stroke to firebase, id=-NT_aMWquRg9Brr0jaKv
04-21 16:55:12.851 21878 22007 D ar_activity: [[2d] after update lines time=2023-04-21 16:55:12.851]
04-21 16:55:12.875 21878 22007 D ar_activity: [TRACKING TransformPointToPose time=2023-04-21 16:55:12.875]
04-21 16:55:12.876 21878 22007 D ar_activity: [TRACKING TransformPointToPose time=2023-04-21 16:55:12.876]
04-21 16:55:12.876 21878 22007 D ar_activity: send stroke to firebase, id=-NT_aMWquRg9Brr0jaKv
04-21 16:55:12.876 21878 22007 D ar_activity: [[2d] after update lines time=2023-04-21 16:55:12.876]
04-21 16:55:12.896 21878 22007 D ar_activity: [TRACKING TransformPointToPose time=2023-04-21 16:55:12.896]
04-21 16:55:12.897 21878 22007 D ar_activity: [TRACKING TransformPointToPose time=2023-04-21 16:55:12.896]
04-21 16:55:12.897 21878 22007 D ar_activity: send stroke to firebase, id=-NT_aMWquRg9Brr0jaKv
04-21 16:55:12.898 21878 22007 D ar_activity: [[2d] after update lines time=2023-04-21 16:55:12.898]
04-21 16:55:12.919 21878 22007 D ar_activity: [TRACKING TransformPointToPose time=2023-04-21 16:55:12.919]
04-21 16:55:12.919 21878 22007 D ar_activity: [TRACKING TransformPointToPose time=2023-04-21 16:55:12.919]
04-21 16:55:12.921 21878 22007 D ar_activity: send stroke to firebase, id=-NT_aMWquRg9Brr0jaKv
04-21 16:55:12.925 21878 21878 D ar_activity: [[2a end - 2d start] onChildChanged stroke id=-NT_aMWquRg9Brr0jaKv time=2023-04-21 16:55:12.924]
04-21 16:55:12.925 21878 22007 D ar_activity: [[2d] after update lines time=2023-04-21 16:55:12.925]
04-21 16:55:12.944 21878 22007 D ar_activity: [TRACKING TransformPointToPose time=2023-04-21 16:55:12.944]
04-21 16:55:12.944 21878 22007 D ar_activity: [TRACKING TransformPointToPose time=2023-04-21 16:55:12.944]
04-21 16:55:12.945 21878 22007 D ar_activity: send stroke to firebase, id=-NT_aMWquRg9Brr0jaKv
04-21 16:55:12.945 21878 22007 D ar_activity: [[2d] after update lines time=2023-04-21 16:55:12.945]
04-21 16:55:12.965 21878 22007 D ar_activity: [TRACKING TransformPointToPose time=2023-04-21 16:55:12.965]
04-21 16:55:12.966 21878 22007 D ar_activity: send stroke to firebase, id=-NT_aMWquRg9Brr0jaKv
04-21 16:55:12.966 21878 22007 D ar_activity: [[2d] after update lines time=2023-04-21 16:55:12.966]
04-21 16:55:12.986 21878 22007 D ar_activity: [TRACKING TransformPointToPose time=2023-04-21 16:55:12.986]
04-21 16:55:12.986 21878 22007 D ar_activity: [TRACKING TransformPointToPose time=2023-04-21 16:55:12.986]
04-21 16:55:12.986 21878 22007 D ar_activity: send stroke to firebase, id=-NT_aMWquRg9Brr0jaKv
04-21 16:55:12.987 21878 22007 D ar_activity: [[2d] after update lines time=2023-04-21 16:55:12.987]
04-21 16:55:13.005 21878 22007 D ar_activity: [TRACKING TransformPointToPose time=2023-04-21 16:55:13.005]
04-21 16:55:13.006 21878 22007 D ar_activity: [TRACKING TransformPointToPose time=2023-04-21 16:55:13.006]
04-21 16:55:13.006 21878 22007 D ar_activity: send stroke to firebase, id=-NT_aMWquRg9Brr0jaKv
04-21 16:55:13.009 21878 22007 D ar_activity: [[2d] after update lines time=2023-04-21 16:55:13.009]
04-21 16:55:13.020 21878 21878 D ar_activity: [[2a end - 2d start] onChildChanged stroke id=-NT_aMWquRg9Brr0jaKv time=2023-04-21 16:55:13.020]
04-21 16:55:13.028 21878 22007 D ar_activity: [TRACKING TransformPointToPose time=2023-04-21 16:55:13.028]
04-21 16:55:13.028 21878 22007 D ar_activity: send stroke to firebase, id=-NT_aMWquRg9Brr0jaKv
04-21 16:55:13.029 21878 22007 D ar_activity: [[2d] after update lines time=2023-04-21 16:55:13.028]
04-21 16:55:13.050 21878 22007 D ar_activity: [TRACKING TransformPointToPose time=2023-04-21 16:55:13.050]
04-21 16:55:13.050 21878 22007 D ar_activity: [TRACKING TransformPointToPose time=2023-04-21 16:55:13.050]
04-21 16:55:13.050 21878 22007 D ar_activity: send stroke to firebase, id=-NT_aMWquRg9Brr0jaKv
04-21 16:55:13.051 21878 22007 D ar_activity: [[2d] after update lines time=2023-04-21 16:55:13.051]
04-21 16:55:13.070 21878 22007 D ar_activity: [TRACKING TransformPointToPose time=2023-04-21 16:55:13.069]
04-21 16:55:13.070 21878 22007 D ar_activity: [TRACKING TransformPointToPose time=2023-04-21 16:55:13.070]
04-21 16:55:13.070 21878 22007 D ar_activity: send stroke to firebase, id=-NT_aMWquRg9Brr0jaKv
04-21 16:55:13.071 21878 22007 D ar_activity: [[2d] after update lines time=2023-04-21 16:55:13.071]
04-21 16:55:13.089 21878 22007 D ar_activity: [TRACKING TransformPointToPose time=2023-04-21 16:55:13.089]
04-21 16:55:13.090 21878 22007 D ar_activity: [TRACKING TransformPointToPose time=2023-04-21 16:55:13.090]
04-21 16:55:13.090 21878 22007 D ar_activity: send stroke to firebase, id=-NT_aMWquRg9Brr0jaKv
04-21 16:55:13.091 21878 22007 D ar_activity: [[2d] after update lines time=2023-04-21 16:55:13.091]
04-21 16:55:13.111 21878 22007 D ar_activity: [TRACKING TransformPointToPose time=2023-04-21 16:55:13.110]
04-21 16:55:13.111 21878 22007 D ar_activity: send stroke to firebase, id=-NT_aMWquRg9Brr0jaKv
04-21 16:55:13.111 21878 22007 D ar_activity: [[2d] after update lines time=2023-04-21 16:55:13.111]
04-21 16:55:13.127 21878 21878 D ar_activity: [[2a end - 2d start] onChildChanged stroke id=-NT_aMWquRg9Brr0jaKv time=2023-04-21 16:55:13.127]
04-21 16:55:13.130 21878 22007 D ar_activity: [TRACKING TransformPointToPose time=2023-04-21 16:55:13.130]
04-21 16:55:13.130 21878 22007 D ar_activity: send stroke to firebase, id=-NT_aMWquRg9Brr0jaKv
04-21 16:55:13.131 21878 22007 D ar_activity: [[2d] after update lines time=2023-04-21 16:55:13.131]
04-21 16:55:13.158 21878 22007 D ar_activity: [TRACKING TransformPointToPose time=2023-04-21 16:55:13.158]
04-21 16:55:13.159 21878 22007 D ar_activity: [TRACKING TransformPointToPose time=2023-04-21 16:55:13.159]
04-21 16:55:13.160 21878 22007 D ar_activity: [TRACKING TransformPointToPose time=2023-04-21 16:55:13.160]
04-21 16:55:13.160 21878 22007 D ar_activity: send stroke to firebase, id=-NT_aMWquRg9Brr0jaKv
04-21 16:55:13.162 21878 22007 D ar_activity: [[2d] after update lines time=2023-04-21 16:55:13.162]
04-21 16:55:13.185 21878 22007 D ar_activity: [TRACKING TransformPointToPose time=2023-04-21 16:55:13.185]
04-21 16:55:13.185 21878 22007 D ar_activity: [TRACKING TransformPointToPose time=2023-04-21 16:55:13.185]
04-21 16:55:13.186 21878 22007 D ar_activity: send stroke to firebase, id=-NT_aMWquRg9Brr0jaKv
04-21 16:55:13.186 21878 22007 D ar_activity: [[2d] after update lines time=2023-04-21 16:55:13.186]
04-21 16:55:13.213 21878 22007 D ar_activity: [TRACKING TransformPointToPose time=2023-04-21 16:55:13.213]
04-21 16:55:13.216 21878 22007 D ar_activity: [TRACKING TransformPointToPose time=2023-04-21 16:55:13.214]
04-21 16:55:13.217 21878 22007 D ar_activity: [TRACKING TransformPointToPose time=2023-04-21 16:55:13.217]
04-21 16:55:13.217 21878 22007 D ar_activity: send stroke to firebase, id=-NT_aMWquRg9Brr0jaKv
04-21 16:55:13.218 21878 22007 D ar_activity: [[2d] after update lines time=2023-04-21 16:55:13.218]
04-21 16:55:13.238 21878 22007 D ar_activity: [TRACKING TransformPointToPose time=2023-04-21 16:55:13.238]
04-21 16:55:13.239 21878 22007 D ar_activity: [TRACKING TransformPointToPose time=2023-04-21 16:55:13.238]
04-21 16:55:13.240 21878 22007 D ar_activity: send stroke to firebase, id=-NT_aMWquRg9Brr0jaKv
04-21 16:55:13.240 21878 21878 D ar_activity: [[2a end - 2d start] onChildChanged stroke id=-NT_aMWquRg9Brr0jaKv time=2023-04-21 16:55:13.240]
04-21 16:55:13.241 21878 22007 D ar_activity: [[2d] after update lines time=2023-04-21 16:55:13.241]
04-21 16:55:13.261 21878 22007 D ar_activity: [TRACKING TransformPointToPose time=2023-04-21 16:55:13.261]
04-21 16:55:13.261 21878 22007 D ar_activity: [TRACKING TransformPointToPose time=2023-04-21 16:55:13.261]
04-21 16:55:13.261 21878 22007 D ar_activity: send stroke to firebase, id=-NT_aMWquRg9Brr0jaKv
04-21 16:55:13.262 21878 22007 D ar_activity: [[2d] after update lines time=2023-04-21 16:55:13.262]
04-21 16:55:13.283 21878 22007 D ar_activity: [TRACKING TransformPointToPose time=2023-04-21 16:55:13.281]
04-21 16:55:13.283 21878 22007 D ar_activity: [TRACKING TransformPointToPose time=2023-04-21 16:55:13.283]
04-21 16:55:13.284 21878 22007 D ar_activity: send stroke to firebase, id=-NT_aMWquRg9Brr0jaKv
04-21 16:55:13.284 21878 22007 D ar_activity: [[2d] after update lines time=2023-04-21 16:55:13.284]
04-21 16:55:13.303 21878 22007 D ar_activity: [TRACKING TransformPointToPose time=2023-04-21 16:55:13.303]
04-21 16:55:13.304 21878 22007 D ar_activity: [TRACKING TransformPointToPose time=2023-04-21 16:55:13.303]
04-21 16:55:13.304 21878 22007 D ar_activity: send stroke to firebase, id=-NT_aMWquRg9Brr0jaKv
04-21 16:55:13.304 21878 22007 D ar_activity: [[2d] after update lines time=2023-04-21 16:55:13.304]
04-21 16:55:13.324 21878 22007 D ar_activity: [TRACKING TransformPointToPose time=2023-04-21 16:55:13.324]
04-21 16:55:13.324 21878 22007 D ar_activity: [TRACKING TransformPointToPose time=2023-04-21 16:55:13.324]
04-21 16:55:13.324 21878 22007 D ar_activity: send stroke to firebase, id=-NT_aMWquRg9Brr0jaKv
04-21 16:55:13.325 21878 22007 D ar_activity: [[2d] after update lines time=2023-04-21 16:55:13.325]
04-21 16:55:13.343 21878 21878 D ar_activity: [[2a end - 2d start] onChildChanged stroke id=-NT_aMWquRg9Brr0jaKv time=2023-04-21 16:55:13.343]
04-21 16:55:13.344 21878 22007 D ar_activity: [TRACKING TransformPointToPose time=2023-04-21 16:55:13.344]
04-21 16:55:13.345 21878 22007 D ar_activity: send stroke to firebase, id=-NT_aMWquRg9Brr0jaKv
04-21 16:55:13.347 21878 22007 D ar_activity: [[2d] after update lines time=2023-04-21 16:55:13.346]
04-21 16:55:13.369 21878 22007 D ar_activity: [TRACKING TransformPointToPose time=2023-04-21 16:55:13.368]
04-21 16:55:13.369 21878 22007 D ar_activity: [TRACKING TransformPointToPose time=2023-04-21 16:55:13.369]
04-21 16:55:13.369 21878 22007 D ar_activity: [TRACKING TransformPointToPose time=2023-04-21 16:55:13.369]
04-21 16:55:13.369 21878 22007 D ar_activity: send stroke to firebase, id=-NT_aMWquRg9Brr0jaKv
04-21 16:55:13.370 21878 22007 D ar_activity: [[2d] after update lines time=2023-04-21 16:55:13.370]
04-21 16:55:13.389 21878 22007 D ar_activity: [TRACKING TransformPointToPose time=2023-04-21 16:55:13.388]
04-21 16:55:13.389 21878 22007 D ar_activity: [TRACKING TransformPointToPose time=2023-04-21 16:55:13.389]
04-21 16:55:13.389 21878 22007 D ar_activity: send stroke to firebase, id=-NT_aMWquRg9Brr0jaKv
04-21 16:55:13.390 21878 22007 D ar_activity: [[2d] after update lines time=2023-04-21 16:55:13.390]
04-21 16:55:13.410 21878 22007 D ar_activity: [TRACKING TransformPointToPose time=2023-04-21 16:55:13.410]
04-21 16:55:13.411 21878 22007 D ar_activity: send stroke to firebase, id=-NT_aMWquRg9Brr0jaKv
04-21 16:55:13.414 21878 22007 D ar_activity: [[2d] after update lines time=2023-04-21 16:55:13.413]
04-21 16:55:13.437 21878 22007 D ar_activity: [TRACKING TransformPointToPose time=2023-04-21 16:55:13.437]
04-21 16:55:13.438 21878 22007 D ar_activity: [TRACKING TransformPointToPose time=2023-04-21 16:55:13.438]
04-21 16:55:13.438 21878 22007 D ar_activity: send stroke to firebase, id=-NT_aMWquRg9Brr0jaKv
04-21 16:55:13.438 21878 22007 D ar_activity: [[2d] after update lines time=2023-04-21 16:55:13.438]
04-21 16:55:13.458 21878 22007 D ar_activity: [TRACKING TransformPointToPose time=2023-04-21 16:55:13.458]
04-21 16:55:13.458 21878 22007 D ar_activity: [TRACKING TransformPointToPose time=2023-04-21 16:55:13.458]
04-21 16:55:13.458 21878 22007 D ar_activity: send stroke to firebase, id=-NT_aMWquRg9Brr0jaKv
04-21 16:55:13.459 21878 22007 D ar_activity: [[2d] after update lines time=2023-04-21 16:55:13.459]
04-21 16:55:13.469 21878 21878 D ar_activity: [[2a end - 2d start] onChildChanged stroke id=-NT_aMWquRg9Brr0jaKv time=2023-04-21 16:55:13.469]
04-21 16:55:13.479 21878 22007 D ar_activity: [TRACKING TransformPointToPose time=2023-04-21 16:55:13.479]
04-21 16:55:13.479 21878 22007 D ar_activity: send stroke to firebase, id=-NT_aMWquRg9Brr0jaKv
04-21 16:55:13.483 21878 22007 D ar_activity: [[2d] after update lines time=2023-04-21 16:55:13.482]
04-21 16:55:13.505 21878 22007 D ar_activity: [TRACKING TransformPointToPose time=2023-04-21 16:55:13.505]
04-21 16:55:13.505 21878 22007 D ar_activity: [TRACKING TransformPointToPose time=2023-04-21 16:55:13.505]
04-21 16:55:13.506 21878 22007 D ar_activity: [TRACKING TransformPointToPose time=2023-04-21 16:55:13.505]
04-21 16:55:13.506 21878 22007 D ar_activity: send stroke to firebase, id=-NT_aMWquRg9Brr0jaKv
04-21 16:55:13.507 21878 22007 D ar_activity: [[2d] after update lines time=2023-04-21 16:55:13.506]
04-21 16:55:13.525 21878 22007 D ar_activity: [TRACKING TransformPointToPose time=2023-04-21 16:55:13.525]
04-21 16:55:13.525 21878 22007 D ar_activity: [TRACKING TransformPointToPose time=2023-04-21 16:55:13.525]
04-21 16:55:13.526 21878 22007 D ar_activity: [TRACKING TransformPointToPose time=2023-04-21 16:55:13.526]
04-21 16:55:13.526 21878 22007 D ar_activity: send stroke to firebase, id=-NT_aMWquRg9Brr0jaKv
04-21 16:55:13.526 21878 22007 D ar_activity: [[2d] after update lines time=2023-04-21 16:55:13.526]
04-21 16:55:13.546 21878 22007 D ar_activity: [TRACKING TransformPointToPose time=2023-04-21 16:55:13.546]
04-21 16:55:13.547 21878 22007 D ar_activity: [TRACKING TransformPointToPose time=2023-04-21 16:55:13.546]
04-21 16:55:13.547 21878 22007 D ar_activity: send stroke to firebase, id=-NT_aMWquRg9Brr0jaKv
04-21 16:55:13.550 21878 22007 D ar_activity: [[2d] after update lines time=2023-04-21 16:55:13.550]
04-21 16:55:13.560 21878 21878 D ar_activity: [[2a end - 2d start] onChildChanged stroke id=-NT_aMWquRg9Brr0jaKv time=2023-04-21 16:55:13.560]
04-21 16:55:13.570 21878 22007 D ar_activity: [TRACKING TransformPointToPose time=2023-04-21 16:55:13.570]
04-21 16:55:13.570 21878 22007 D ar_activity: [TRACKING TransformPointToPose time=2023-04-21 16:55:13.570]
04-21 16:55:13.570 21878 22007 D ar_activity: send stroke to firebase, id=-NT_aMWquRg9Brr0jaKv
04-21 16:55:13.571 21878 22007 D ar_activity: [[2d] after update lines time=2023-04-21 16:55:13.571]
04-21 16:55:13.590 21878 22007 D ar_activity: [TRACKING TransformPointToPose time=2023-04-21 16:55:13.590]
04-21 16:55:13.590 21878 22007 D ar_activity: [TRACKING TransformPointToPose time=2023-04-21 16:55:13.590]
04-21 16:55:13.590 21878 22007 D ar_activity: send stroke to firebase, id=-NT_aMWquRg9Brr0jaKv
04-21 16:55:13.591 21878 22007 D ar_activity: [[2d] after update lines time=2023-04-21 16:55:13.591]
04-21 16:55:13.610 21878 22007 D ar_activity: [TRACKING TransformPointToPose time=2023-04-21 16:55:13.610]
