--------- beginning of main
04-21 17:06:31.049 25703 25854 D ar_activity: [[2d] after update lines time=2023-04-21 17:06:31.012]
04-21 17:06:33.045 25703 25703 D ar_activity: [--- pair start --- time=2023-04-21 17:06:33.045]
04-21 17:06:33.045 25703 25703 D ar_activity: [--- pair session start --- time=2023-04-21 17:06:33.045]
04-21 17:06:33.081 25703 25703 D ar_activity: [create room: Message{namespace='', type='', content=[34 bytes]} time=2023-04-21 17:06:33.081]
04-21 17:06:33.097 25703 25703 D ar_activity: LOOKING: 2023-04-21 17:06:33.097
04-21 17:06:37.177 25703 25703 D ar_activity: [--- pair joined --- time=2023-04-21 17:06:37.177]
04-21 17:06:37.178 25703 25703 D ar_activity: PARTNER FOUND: 2023-04-21 17:06:37.178
04-21 17:06:39.182 25703 25703 D ar_activity: SET ANCHOR: 2023-04-21 17:06:39.182
04-21 17:06:40.176 25703 25703 D ar_activity: [anchor resolution changed: null time=2023-04-21 17:06:40.176]
04-21 17:06:40.258 25703 25703 D ar_activity: [--- sync ready to set anchor --- time=2023-04-21 17:06:40.257]
04-21 17:06:40.258 25703 25703 D ar_activity: [--- sync: sendSetAnchorEvent --- time=2023-04-21 17:06:40.258]
04-21 17:06:40.259 25703 25703 D ar_activity: --- start creating anchor: 2023-04-21 17:06:40.259 ---
04-21 17:06:40.260 25703 25703 D ar_activity: --- anchor: com.google.ar.core.Anchor@b49ee949 ---
04-21 17:06:40.260 25703 25703 D ar_activity: --- finish creating anchor: 2023-04-21 17:06:40.260 ---
04-21 17:06:40.260 25703 25703 D ar_activity: [hostAnchor start time=2023-04-21 17:06:40.260]
04-21 17:06:40.261 25703 25703 D ar_activity: [hostAnchor end time=2023-04-21 17:06:40.260]
04-21 17:06:40.261 25703 25703 D ar_activity: Start CONNECTING: 2023-04-21 17:06:40.261
04-21 17:06:40.271 25703 25854 D ar_activity: [--- anchor: onUpdate--- time=2023-04-21 17:06:40.270]
04-21 17:06:42.394 25703 25854 D ar_activity: [--- anchor: onUpdate--- time=2023-04-21 17:06:42.393]
04-21 17:06:44.019 25703 25854 D ar_activity: [--- anchor: onUpdate--- time=2023-04-21 17:06:44.018]
04-21 17:06:44.019 25703 25854 D ar_activity: [--- onAnchorHosted [HOSTED]--- time=2023-04-21 17:06:44.019]
04-21 17:06:44.031 25703 25703 D ar_activity: [anchor resolution changed: false time=2023-04-21 17:06:44.031]
04-21 17:06:45.103 25703 25703 D ar_activity: [--- sync: finish syncing anchor --- time=2023-04-21 17:06:45.103]
04-21 17:06:45.119 25703 25703 D ar_activity: SYNCED: 2023-04-21 17:06:45.119
04-21 17:06:53.250 25703 25703 D ar_activity: [[1a start] touch screen time=2023-04-21 17:06:53.250]
04-21 17:06:53.258 25703 25854 D ar_activity: addStroke at 2023-04-21 17:06:53.258
04-21 17:06:53.260 25703 25854 D ar_activity: stroke (id: -NT_d1uh4QVh2QDZPVTJ) was added at 2023-04-21 17:06:53.259
04-21 17:06:53.260 25703 25854 D ar_activity: [[1b start] setFirebaseValue stroke id=-NT_d1uh4QVh2QDZPVTJ time=2023-04-21 17:06:53.260]
04-21 17:06:53.263 25703 25703 D ar_activity: [[2a end - 2d start] onChildAdded stroke id=-NT_d1uh4QVh2QDZPVTJ time=2023-04-21 17:06:53.263]
04-21 17:06:53.264 25703 25854 D ar_activity: [TRACKING TransformPointToPose time=2023-04-21 17:06:53.264]
04-21 17:06:53.266 25703 25854 D ar_activity: [TRACKING TransformPointToPose time=2023-04-21 17:06:53.265]
04-21 17:06:53.267 25703 25854 D ar_activity: send stroke to firebase, id=-NT_d1uh4QVh2QDZPVTJ
04-21 17:06:53.267 25703 25854 D ar_activity: [[2d] after update lines time=2023-04-21 17:06:53.267]
04-21 17:06:53.289 25703 25854 D ar_activity: [TRACKING TransformPointToPose time=2023-04-21 17:06:53.289]
04-21 17:06:53.289 25703 25854 D ar_activity: [TRACKING TransformPointToPose time=2023-04-21 17:06:53.289]
04-21 17:06:53.289 25703 25854 D ar_activity: send stroke to firebase, id=-NT_d1uh4QVh2QDZPVTJ
04-21 17:06:53.290 25703 25854 D ar_activity: [[2d] after update lines time=2023-04-21 17:06:53.290]
04-21 17:06:53.309 25703 25854 D ar_activity: [TRACKING TransformPointToPose time=2023-04-21 17:06:53.308]
04-21 17:06:53.309 25703 25854 D ar_activity: send stroke to firebase, id=-NT_d1uh4QVh2QDZPVTJ
04-21 17:06:53.309 25703 25854 D ar_activity: [[2d] after update lines time=2023-04-21 17:06:53.309]
04-21 17:06:53.323 25703 25703 D ar_activity: [[1b start] setFirebaseValue stroke id=-NT_d1uh4QVh2QDZPVTJ time=2023-04-21 17:06:53.322]
04-21 17:06:53.328 25703 25703 D ar_activity: [[2a end - 2d start] onChildChanged stroke id=-NT_d1uh4QVh2QDZPVTJ time=2023-04-21 17:06:53.327]
04-21 17:06:53.328 25703 25854 D ar_activity: [TRACKING TransformPointToPose time=2023-04-21 17:06:53.328]
04-21 17:06:53.328 25703 25854 D ar_activity: [TRACKING TransformPointToPose time=2023-04-21 17:06:53.328]
04-21 17:06:53.329 25703 25854 D ar_activity: send stroke to firebase, id=-NT_d1uh4QVh2QDZPVTJ
04-21 17:06:53.329 25703 25854 D ar_activity: [[2d] after update lines time=2023-04-21 17:06:53.329]
04-21 17:06:53.352 25703 25854 D ar_activity: [TRACKING TransformPointToPose time=2023-04-21 17:06:53.351]
04-21 17:06:53.352 25703 25854 D ar_activity: [TRACKING TransformPointToPose time=2023-04-21 17:06:53.352]
04-21 17:06:53.352 25703 25854 D ar_activity: send stroke to firebase, id=-NT_d1uh4QVh2QDZPVTJ
04-21 17:06:53.353 25703 25854 D ar_activity: [[2d] after update lines time=2023-04-21 17:06:53.352]
04-21 17:06:53.371 25703 25854 D ar_activity: [TRACKING TransformPointToPose time=2023-04-21 17:06:53.371]
04-21 17:06:53.371 25703 25854 D ar_activity: [TRACKING TransformPointToPose time=2023-04-21 17:06:53.371]
04-21 17:06:53.371 25703 25854 D ar_activity: send stroke to firebase, id=-NT_d1uh4QVh2QDZPVTJ
04-21 17:06:53.373 25703 25854 D ar_activity: [[2d] after update lines time=2023-04-21 17:06:53.373]
04-21 17:06:53.390 25703 25703 D ar_activity: [[2a end - 2d start] onChildChanged stroke id=-NT_d1uh4QVh2QDZPVTJ time=2023-04-21 17:06:53.390]
04-21 17:06:53.394 25703 25854 D ar_activity: [TRACKING TransformPointToPose time=2023-04-21 17:06:53.394]
04-21 17:06:53.394 25703 25854 D ar_activity: [TRACKING TransformPointToPose time=2023-04-21 17:06:53.394]
04-21 17:06:53.395 25703 25854 D ar_activity: send stroke to firebase, id=-NT_d1uh4QVh2QDZPVTJ
04-21 17:06:53.396 25703 25854 D ar_activity: [[2d] after update lines time=2023-04-21 17:06:53.396]
04-21 17:06:53.417 25703 25854 D ar_activity: [TRACKING TransformPointToPose time=2023-04-21 17:06:53.417]
04-21 17:06:53.417 25703 25854 D ar_activity: [TRACKING TransformPointToPose time=2023-04-21 17:06:53.417]
04-21 17:06:53.417 25703 25854 D ar_activity: send stroke to firebase, id=-NT_d1uh4QVh2QDZPVTJ
04-21 17:06:53.418 25703 25854 D ar_activity: [[2d] after update lines time=2023-04-21 17:06:53.418]
04-21 17:06:53.438 25703 25854 D ar_activity: [TRACKING TransformPointToPose time=2023-04-21 17:06:53.438]
04-21 17:06:53.439 25703 25854 D ar_activity: [TRACKING TransformPointToPose time=2023-04-21 17:06:53.438]
04-21 17:06:53.439 25703 25854 D ar_activity: send stroke to firebase, id=-NT_d1uh4QVh2QDZPVTJ
04-21 17:06:53.441 25703 25854 D ar_activity: [[2d] after update lines time=2023-04-21 17:06:53.441]
04-21 17:06:53.459 25703 25854 D ar_activity: [TRACKING TransformPointToPose time=2023-04-21 17:06:53.459]
04-21 17:06:53.460 25703 25854 D ar_activity: [TRACKING TransformPointToPose time=2023-04-21 17:06:53.459]
04-21 17:06:53.460 25703 25854 D ar_activity: send stroke to firebase, id=-NT_d1uh4QVh2QDZPVTJ
04-21 17:06:53.460 25703 25854 D ar_activity: [[2d] after update lines time=2023-04-21 17:06:53.460]
04-21 17:06:53.476 25703 25703 D ar_activity: [[2a end - 2d start] onChildChanged stroke id=-NT_d1uh4QVh2QDZPVTJ time=2023-04-21 17:06:53.476]
04-21 17:06:53.479 25703 25854 D ar_activity: [TRACKING TransformPointToPose time=2023-04-21 17:06:53.479]
04-21 17:06:53.479 25703 25854 D ar_activity: send stroke to firebase, id=-NT_d1uh4QVh2QDZPVTJ
04-21 17:06:53.482 25703 25854 D ar_activity: [[2d] after update lines time=2023-04-21 17:06:53.482]
04-21 17:06:53.502 25703 25854 D ar_activity: [TRACKING TransformPointToPose time=2023-04-21 17:06:53.501]
04-21 17:06:53.502 25703 25854 D ar_activity: [TRACKING TransformPointToPose time=2023-04-21 17:06:53.502]
04-21 17:06:53.502 25703 25854 D ar_activity: send stroke to firebase, id=-NT_d1uh4QVh2QDZPVTJ
04-21 17:06:53.503 25703 25854 D ar_activity: [[2d] after update lines time=2023-04-21 17:06:53.502]
04-21 17:06:53.521 25703 25854 D ar_activity: [TRACKING TransformPointToPose time=2023-04-21 17:06:53.521]
04-21 17:06:53.521 25703 25854 D ar_activity: send stroke to firebase, id=-NT_d1uh4QVh2QDZPVTJ
04-21 17:06:53.522 25703 25854 D ar_activity: [[2d] after update lines time=2023-04-21 17:06:53.522]
04-21 17:06:53.541 25703 25854 D ar_activity: [TRACKING TransformPointToPose time=2023-04-21 17:06:53.541]
04-21 17:06:53.541 25703 25854 D ar_activity: [TRACKING TransformPointToPose time=2023-04-21 17:06:53.541]
04-21 17:06:53.541 25703 25854 D ar_activity: send stroke to firebase, id=-NT_d1uh4QVh2QDZPVTJ
04-21 17:06:53.542 25703 25703 D ar_activity: [[2a end - 2d start] onChildChanged stroke id=-NT_d1uh4QVh2QDZPVTJ time=2023-04-21 17:06:53.542]
04-21 17:06:53.543 25703 25854 D ar_activity: [[2d] after update lines time=2023-04-21 17:06:53.543]
04-21 17:06:53.562 25703 25854 D ar_activity: [TRACKING TransformPointToPose time=2023-04-21 17:06:53.562]
04-21 17:06:53.562 25703 25854 D ar_activity: [TRACKING TransformPointToPose time=2023-04-21 17:06:53.562]
04-21 17:06:53.562 25703 25854 D ar_activity: send stroke to firebase, id=-NT_d1uh4QVh2QDZPVTJ
04-21 17:06:53.563 25703 25854 D ar_activity: [[2d] after update lines time=2023-04-21 17:06:53.563]
04-21 17:06:53.585 25703 25854 D ar_activity: [TRACKING TransformPointToPose time=2023-04-21 17:06:53.584]
04-21 17:06:53.585 25703 25854 D ar_activity: [TRACKING TransformPointToPose time=2023-04-21 17:06:53.585]
04-21 17:06:53.586 25703 25854 D ar_activity: send stroke to firebase, id=-NT_d1uh4QVh2QDZPVTJ
04-21 17:06:53.587 25703 25854 D ar_activity: [[2d] after update lines time=2023-04-21 17:06:53.586]
04-21 17:06:53.606 25703 25854 D ar_activity: [TRACKING TransformPointToPose time=2023-04-21 17:06:53.606]
04-21 17:06:53.606 25703 25854 D ar_activity: [TRACKING TransformPointToPose time=2023-04-21 17:06:53.606]
04-21 17:06:53.607 25703 25703 D ar_activity: [[2a end - 2d start] onChildChanged stroke id=-NT_d1uh4QVh2QDZPVTJ time=2023-04-21 17:06:53.606]
04-21 17:06:53.607 25703 25854 D ar_activity: send stroke to firebase, id=-NT_d1uh4QVh2QDZPVTJ
04-21 17:06:53.607 25703 25854 D ar_activity: [[2d] after update lines time=2023-04-21 17:06:53.607]
04-21 17:06:53.625 25703 25854 D ar_activity: [TRACKING TransformPointToPose time=2023-04-21 17:06:53.625]
04-21 17:06:53.626 25703 25854 D ar_activity: [TRACKING TransformPointToPose time=2023-04-21 17:06:53.625]
04-21 17:06:53.626 25703 25854 D ar_activity: send stroke to firebase, id=-NT_d1uh4QVh2QDZPVTJ
04-21 17:06:53.626 25703 25854 D ar_activity: [[2d] after update lines time=2023-04-21 17:06:53.626]
04-21 17:06:53.645 25703 25854 D ar_activity: [TRACKING TransformPointToPose time=2023-04-21 17:06:53.644]
04-21 17:06:53.645 25703 25854 D ar_activity: send stroke to firebase, id=-NT_d1uh4QVh2QDZPVTJ
04-21 17:06:53.646 25703 25854 D ar_activity: [[2d] after update lines time=2023-04-21 17:06:53.646]
04-21 17:06:53.668 25703 25854 D ar_activity: [TRACKING TransformPointToPose time=2023-04-21 17:06:53.668]
04-21 17:06:53.668 25703 25854 D ar_activity: [TRACKING TransformPointToPose time=2023-04-21 17:06:53.668]
04-21 17:06:53.668 25703 25854 D ar_activity: send stroke to firebase, id=-NT_d1uh4QVh2QDZPVTJ
04-21 17:06:53.669 25703 25854 D ar_activity: [[2d] after update lines time=2023-04-21 17:06:53.668]
04-21 17:06:53.670 25703 25703 D ar_activity: [[2a end - 2d start] onChildChanged stroke id=-NT_d1uh4QVh2QDZPVTJ time=2023-04-21 17:06:53.670]
04-21 17:06:53.687 25703 25854 D ar_activity: [TRACKING TransformPointToPose time=2023-04-21 17:06:53.687]
04-21 17:06:53.687 25703 25854 D ar_activity: [TRACKING TransformPointToPose time=2023-04-21 17:06:53.687]
04-21 17:06:53.687 25703 25854 D ar_activity: send stroke to firebase, id=-NT_d1uh4QVh2QDZPVTJ
04-21 17:06:53.688 25703 25854 D ar_activity: [[2d] after update lines time=2023-04-21 17:06:53.688]
04-21 17:06:53.708 25703 25854 D ar_activity: [TRACKING TransformPointToPose time=2023-04-21 17:06:53.708]
04-21 17:06:53.708 25703 25854 D ar_activity: [TRACKING TransformPointToPose time=2023-04-21 17:06:53.708]
04-21 17:06:53.708 25703 25854 D ar_activity: send stroke to firebase, id=-NT_d1uh4QVh2QDZPVTJ
04-21 17:06:53.709 25703 25854 D ar_activity: [[2d] after update lines time=2023-04-21 17:06:53.708]
04-21 17:06:53.729 25703 25854 D ar_activity: [TRACKING TransformPointToPose time=2023-04-21 17:06:53.728]
04-21 17:06:53.729 25703 25854 D ar_activity: [TRACKING TransformPointToPose time=2023-04-21 17:06:53.729]
04-21 17:06:53.729 25703 25854 D ar_activity: send stroke to firebase, id=-NT_d1uh4QVh2QDZPVTJ
04-21 17:06:53.730 25703 25854 D ar_activity: [[2d] after update lines time=2023-04-21 17:06:53.730]
04-21 17:06:53.737 25703 25703 D ar_activity: [[2a end - 2d start] onChildChanged stroke id=-NT_d1uh4QVh2QDZPVTJ time=2023-04-21 17:06:53.737]
04-21 17:06:53.757 25703 25854 D ar_activity: [TRACKING TransformPointToPose time=2023-04-21 17:06:53.756]
04-21 17:06:53.760 25703 25854 D ar_activity: [TRACKING TransformPointToPose time=2023-04-21 17:06:53.759]
04-21 17:06:53.760 25703 25854 D ar_activity: send stroke to firebase, id=-NT_d1uh4QVh2QDZPVTJ
04-21 17:06:53.761 25703 25854 D ar_activity: [[2d] after update lines time=2023-04-21 17:06:53.761]
04-21 17:06:53.785 25703 25854 D ar_activity: [TRACKING TransformPointToPose time=2023-04-21 17:06:53.784]
04-21 17:06:53.786 25703 25854 D ar_activity: [TRACKING TransformPointToPose time=2023-04-21 17:06:53.785]
04-21 17:06:53.786 25703 25854 D ar_activity: send stroke to firebase, id=-NT_d1uh4QVh2QDZPVTJ
04-21 17:06:53.788 25703 25854 D ar_activity: [[2d] after update lines time=2023-04-21 17:06:53.787]
04-21 17:06:53.792 25703 25703 D ar_activity: [[2a end - 2d start] onChildChanged stroke id=-NT_d1uh4QVh2QDZPVTJ time=2023-04-21 17:06:53.792]
04-21 17:06:53.826 25703 25854 D ar_activity: [TRACKING TransformPointToPose time=2023-04-21 17:06:53.826]
04-21 17:06:53.828 25703 25854 D ar_activity: [TRACKING TransformPointToPose time=2023-04-21 17:06:53.827]
04-21 17:06:53.831 25703 25854 D ar_activity: [TRACKING TransformPointToPose time=2023-04-21 17:06:53.828]
04-21 17:06:53.832 25703 25854 D ar_activity: send stroke to firebase, id=-NT_d1uh4QVh2QDZPVTJ
04-21 17:06:53.835 25703 25854 D ar_activity: [[2d] after update lines time=2023-04-21 17:06:53.833]
04-21 17:06:53.861 25703 25854 D ar_activity: [TRACKING TransformPointToPose time=2023-04-21 17:06:53.860]
04-21 17:06:53.861 25703 25854 D ar_activity: [TRACKING TransformPointToPose time=2023-04-21 17:06:53.861]
04-21 17:06:53.861 25703 25854 D ar_activity: [TRACKING TransformPointToPose time=2023-04-21 17:06:53.861]
04-21 17:06:53.861 25703 25854 D ar_activity: send stroke to firebase, id=-NT_d1uh4QVh2QDZPVTJ
04-21 17:06:53.862 25703 25854 D ar_activity: [[2d] after update lines time=2023-04-21 17:06:53.862]
04-21 17:06:53.874 25703 25703 D ar_activity: [[2a end - 2d start] onChildChanged stroke id=-NT_d1uh4QVh2QDZPVTJ time=2023-04-21 17:06:53.874]
04-21 17:06:53.885 25703 25854 D ar_activity: [TRACKING TransformPointToPose time=2023-04-21 17:06:53.885]
04-21 17:06:53.886 25703 25854 D ar_activity: [TRACKING TransformPointToPose time=2023-04-21 17:06:53.886]
04-21 17:06:53.886 25703 25854 D ar_activity: send stroke to firebase, id=-NT_d1uh4QVh2QDZPVTJ
04-21 17:06:53.887 25703 25854 D ar_activity: [[2d] after update lines time=2023-04-21 17:06:53.887]
04-21 17:06:53.907 25703 25854 D ar_activity: [TRACKING TransformPointToPose time=2023-04-21 17:06:53.906]
04-21 17:06:53.907 25703 25854 D ar_activity: [TRACKING TransformPointToPose time=2023-04-21 17:06:53.907]
04-21 17:06:53.907 25703 25854 D ar_activity: send stroke to firebase, id=-NT_d1uh4QVh2QDZPVTJ
04-21 17:06:53.908 25703 25854 D ar_activity: [[2d] after update lines time=2023-04-21 17:06:53.908]
04-21 17:06:53.932 25703 25854 D ar_activity: [TRACKING TransformPointToPose time=2023-04-21 17:06:53.930]
04-21 17:06:53.934 25703 25854 D ar_activity: [TRACKING TransformPointToPose time=2023-04-21 17:06:53.934]
04-21 17:06:53.935 25703 25854 D ar_activity: send stroke to firebase, id=-NT_d1uh4QVh2QDZPVTJ
04-21 17:06:53.937 25703 25854 D ar_activity: [[2d] after update lines time=2023-04-21 17:06:53.936]
04-21 17:06:53.939 25703 25703 D ar_activity: [[2a end - 2d start] onChildChanged stroke id=-NT_d1uh4QVh2QDZPVTJ time=2023-04-21 17:06:53.939]
04-21 17:06:53.961 25703 25854 D ar_activity: [TRACKING TransformPointToPose time=2023-04-21 17:06:53.961]
04-21 17:06:53.962 25703 25854 D ar_activity: [TRACKING TransformPointToPose time=2023-04-21 17:06:53.962]
04-21 17:06:53.962 25703 25854 D ar_activity: [TRACKING TransformPointToPose time=2023-04-21 17:06:53.962]
04-21 17:06:53.962 25703 25854 D ar_activity: send stroke to firebase, id=-NT_d1uh4QVh2QDZPVTJ
04-21 17:06:53.962 25703 25854 D ar_activity: [[2d] after update lines time=2023-04-21 17:06:53.962]
04-21 17:06:53.985 25703 25854 D ar_activity: [TRACKING TransformPointToPose time=2023-04-21 17:06:53.985]
04-21 17:06:53.985 25703 25854 D ar_activity: [TRACKING TransformPointToPose time=2023-04-21 17:06:53.985]
04-21 17:06:53.985 25703 25854 D ar_activity: send stroke to firebase, id=-NT_d1uh4QVh2QDZPVTJ
04-21 17:06:53.986 25703 25854 D ar_activity: [[2d] after update lines time=2023-04-21 17:06:53.986]
04-21 17:06:54.000 25703 25703 D ar_activity: [[2a end - 2d start] onChildChanged stroke id=-NT_d1uh4QVh2QDZPVTJ time=2023-04-21 17:06:54.000]
04-21 17:06:54.004 25703 25854 D ar_activity: [TRACKING TransformPointToPose time=2023-04-21 17:06:54.004]
04-21 17:06:54.005 25703 25854 D ar_activity: [TRACKING TransformPointToPose time=2023-04-21 17:06:54.005]
04-21 17:06:54.005 25703 25854 D ar_activity: send stroke to firebase, id=-NT_d1uh4QVh2QDZPVTJ
04-21 17:06:54.005 25703 25854 D ar_activity: [[2d] after update lines time=2023-04-21 17:06:54.005]
04-21 17:06:54.024 25703 25854 D ar_activity: [TRACKING TransformPointToPose time=2023-04-21 17:06:54.024]
04-21 17:06:54.024 25703 25854 D ar_activity: send stroke to firebase, id=-NT_d1uh4QVh2QDZPVTJ
04-21 17:06:54.025 25703 25854 D ar_activity: [[2d] after update lines time=2023-04-21 17:06:54.025]
04-21 17:06:54.043 25703 25854 D ar_activity: [TRACKING TransformPointToPose time=2023-04-21 17:06:54.043]
04-21 17:06:54.043 25703 25854 D ar_activity: [TRACKING TransformPointToPose time=2023-04-21 17:06:54.043]
04-21 17:06:54.043 25703 25854 D ar_activity: send stroke to firebase, id=-NT_d1uh4QVh2QDZPVTJ
04-21 17:06:54.044 25703 25854 D ar_activity: [[2d] after update lines time=2023-04-21 17:06:54.044]
04-21 17:06:54.062 25703 25854 D ar_activity: [TRACKING TransformPointToPose time=2023-04-21 17:06:54.062]
04-21 17:06:54.062 25703 25854 D ar_activity: [TRACKING TransformPointToPose time=2023-04-21 17:06:54.062]
04-21 17:06:54.062 25703 25854 D ar_activity: send stroke to firebase, id=-NT_d1uh4QVh2QDZPVTJ
04-21 17:06:54.063 25703 25854 D ar_activity: [[2d] after update lines time=2023-04-21 17:06:54.063]
04-21 17:06:54.074 25703 25703 D ar_activity: [[2a end - 2d start] onChildChanged stroke id=-NT_d1uh4QVh2QDZPVTJ time=2023-04-21 17:06:54.074]
04-21 17:06:54.087 25703 25854 D ar_activity: [TRACKING TransformPointToPose time=2023-04-21 17:06:54.087]
04-21 17:06:54.091 25703 25854 D ar_activity: [TRACKING TransformPointToPose time=2023-04-21 17:06:54.088]
04-21 17:06:54.091 25703 25854 D ar_activity: send stroke to firebase, id=-NT_d1uh4QVh2QDZPVTJ
04-21 17:06:54.093 25703 25854 D ar_activity: [[2d] after update lines time=2023-04-21 17:06:54.093]
04-21 17:06:54.112 25703 25854 D ar_activity: [TRACKING TransformPointToPose time=2023-04-21 17:06:54.112]
04-21 17:06:54.112 25703 25854 D ar_activity: send stroke to firebase, id=-NT_d1uh4QVh2QDZPVTJ
04-21 17:06:54.113 25703 25854 D ar_activity: [[2d] after update lines time=2023-04-21 17:06:54.113]
04-21 17:06:54.135 25703 25854 D ar_activity: [TRACKING TransformPointToPose time=2023-04-21 17:06:54.134]
04-21 17:06:54.135 25703 25854 D ar_activity: [TRACKING TransformPointToPose time=2023-04-21 17:06:54.135]
04-21 17:06:54.136 25703 25854 D ar_activity: send stroke to firebase, id=-NT_d1uh4QVh2QDZPVTJ
04-21 17:06:54.137 25703 25854 D ar_activity: [[2d] after update lines time=2023-04-21 17:06:54.137]
04-21 17:06:54.156 25703 25854 D ar_activity: [TRACKING TransformPointToPose time=2023-04-21 17:06:54.156]
04-21 17:06:54.157 25703 25854 D ar_activity: send stroke to firebase, id=-NT_d1uh4QVh2QDZPVTJ
04-21 17:06:54.157 25703 25854 D ar_activity: [[2d] after update lines time=2023-04-21 17:06:54.157]
04-21 17:06:54.158 25703 25703 D ar_activity: [[2a end - 2d start] onChildChanged stroke id=-NT_d1uh4QVh2QDZPVTJ time=2023-04-21 17:06:54.158]
04-21 17:06:54.176 25703 25854 D ar_activity: [TRACKING TransformPointToPose time=2023-04-21 17:06:54.176]
04-21 17:06:54.176 25703 25854 D ar_activity: [TRACKING TransformPointToPose time=2023-04-21 17:06:54.176]
04-21 17:06:54.176 25703 25854 D ar_activity: send stroke to firebase, id=-NT_d1uh4QVh2QDZPVTJ
04-21 17:06:54.177 25703 25854 D ar_activity: [[2d] after update lines time=2023-04-21 17:06:54.177]
04-21 17:06:54.200 25703 25854 D ar_activity: [TRACKING TransformPointToPose time=2023-04-21 17:06:54.199]
04-21 17:06:54.202 25703 25854 D ar_activity: [TRACKING TransformPointToPose time=2023-04-21 17:06:54.201]
04-21 17:06:54.202 25703 25854 D ar_activity: send stroke to firebase, id=-NT_d1uh4QVh2QDZPVTJ
04-21 17:06:54.205 25703 25854 D ar_activity: [[2d] after update lines time=2023-04-21 17:06:54.204]
04-21 17:06:54.229 25703 25854 D ar_activity: [TRACKING TransformPointToPose time=2023-04-21 17:06:54.228]
04-21 17:06:54.231 25703 25854 D ar_activity: [TRACKING TransformPointToPose time=2023-04-21 17:06:54.230]
04-21 17:06:54.231 25703 25854 D ar_activity: send stroke to firebase, id=-NT_d1uh4QVh2QDZPVTJ
04-21 17:06:54.234 25703 25854 D ar_activity: [[2d] after update lines time=2023-04-21 17:06:54.233]
04-21 17:06:54.255 25703 25854 D ar_activity: [TRACKING TransformPointToPose time=2023-04-21 17:06:54.254]
04-21 17:06:54.255 25703 25854 D ar_activity: [TRACKING TransformPointToPose time=2023-04-21 17:06:54.255]
04-21 17:06:54.256 25703 25854 D ar_activity: send stroke to firebase, id=-NT_d1uh4QVh2QDZPVTJ
04-21 17:06:54.258 25703 25854 D ar_activity: [[2d] after update lines time=2023-04-21 17:06:54.258]
04-21 17:06:54.277 25703 25854 D ar_activity: [TRACKING TransformPointToPose time=2023-04-21 17:06:54.277]
04-21 17:06:54.277 25703 25854 D ar_activity: [TRACKING TransformPointToPose time=2023-04-21 17:06:54.277]
04-21 17:06:54.278 25703 25703 D ar_activity: [[2a end - 2d start] onChildChanged stroke id=-NT_d1uh4QVh2QDZPVTJ time=2023-04-21 17:06:54.278]
04-21 17:06:54.279 25703 25854 D ar_activity: send stroke to firebase, id=-NT_d1uh4QVh2QDZPVTJ
04-21 17:06:54.280 25703 25854 D ar_activity: [[2d] after update lines time=2023-04-21 17:06:54.279]
04-21 17:06:54.302 25703 25854 D ar_activity: [TRACKING TransformPointToPose time=2023-04-21 17:06:54.302]
04-21 17:06:54.302 25703 25854 D ar_activity: send stroke to firebase, id=-NT_d1uh4QVh2QDZPVTJ
04-21 17:06:54.303 25703 25854 D ar_activity: [[2d] after update lines time=2023-04-21 17:06:54.303]
04-21 17:06:54.322 25703 25854 D ar_activity: [TRACKING TransformPointToPose time=2023-04-21 17:06:54.321]
04-21 17:06:54.322 25703 25854 D ar_activity: send stroke to firebase, id=-NT_d1uh4QVh2QDZPVTJ
04-21 17:06:54.322 25703 25854 D ar_activity: [[2d] after update lines time=2023-04-21 17:06:54.322]
04-21 17:06:54.348 25703 25854 D ar_activity: [TRACKING TransformPointToPose time=2023-04-21 17:06:54.347]
04-21 17:06:54.348 25703 25854 D ar_activity: send stroke to firebase, id=-NT_d1uh4QVh2QDZPVTJ
04-21 17:06:54.353 25703 25854 D ar_activity: [[2d] after update lines time=2023-04-21 17:06:54.353]
04-21 17:06:54.385 25703 25854 D ar_activity: [TRACKING TransformPointToPose time=2023-04-21 17:06:54.385]
04-21 17:06:54.385 25703 25854 D ar_activity: [TRACKING TransformPointToPose time=2023-04-21 17:06:54.385]
04-21 17:06:54.385 25703 25854 D ar_activity: [TRACKING TransformPointToPose time=2023-04-21 17:06:54.385]
04-21 17:06:54.385 25703 25854 D ar_activity: send stroke to firebase, id=-NT_d1uh4QVh2QDZPVTJ
04-21 17:06:54.394 25703 25854 D ar_activity: [[2d] after update lines time=2023-04-21 17:06:54.393]
04-21 17:06:54.394 25703 25703 D ar_activity: [[2a end - 2d start] onChildChanged stroke id=-NT_d1uh4QVh2QDZPVTJ time=2023-04-21 17:06:54.393]
04-21 17:06:54.412 25703 25854 D ar_activity: [TRACKING TransformPointToPose time=2023-04-21 17:06:54.412]
04-21 17:06:54.413 25703 25854 D ar_activity: send stroke to firebase, id=-NT_d1uh4QVh2QDZPVTJ
04-21 17:06:54.416 25703 25854 D ar_activity: [[2d] after update lines time=2023-04-21 17:06:54.414]
04-21 17:06:54.438 25703 25854 D ar_activity: [TRACKING TransformPointToPose time=2023-04-21 17:06:54.438]
04-21 17:06:54.439 25703 25854 D ar_activity: [TRACKING TransformPointToPose time=2023-04-21 17:06:54.439]
04-21 17:06:54.439 25703 25854 D ar_activity: [TRACKING TransformPointToPose time=2023-04-21 17:06:54.439]
04-21 17:06:54.440 25703 25854 D ar_activity: [TRACKING TransformPointToPose time=2023-04-21 17:06:54.439]
04-21 17:06:54.453 25703 25854 D ar_activity: send stroke to firebase, id=-NT_d1uh4QVh2QDZPVTJ
04-21 17:06:54.468 25703 25854 D ar_activity: [[2d] after update lines time=2023-04-21 17:06:54.467]
04-21 17:06:54.493 25703 25854 D ar_activity: [TRACKING TransformPointToPose time=2023-04-21 17:06:54.490]
04-21 17:06:54.495 25703 25854 D ar_activity: [TRACKING TransformPointToPose time=2023-04-21 17:06:54.494]
04-21 17:06:54.496 25703 25854 D ar_activity: [TRACKING TransformPointToPose time=2023-04-21 17:06:54.496]
04-21 17:06:54.497 25703 25854 D ar_activity: send stroke to firebase, id=-NT_d1uh4QVh2QDZPVTJ
04-21 17:06:54.505 25703 25854 D ar_activity: [[2d] after update lines time=2023-04-21 17:06:54.505]
04-21 17:06:54.515 25703 25703 D ar_activity: [[2a end - 2d start] onChildChanged stroke id=-NT_d1uh4QVh2QDZPVTJ time=2023-04-21 17:06:54.514]
04-21 17:06:54.528 25703 25854 D ar_activity: [TRACKING TransformPointToPose time=2023-04-21 17:06:54.528]
04-21 17:06:54.530 25703 25854 D ar_activity: [TRACKING TransformPointToPose time=2023-04-21 17:06:54.529]
04-21 17:06:54.532 25703 25854 D ar_activity: [TRACKING TransformPointToPose time=2023-04-21 17:06:54.531]
04-21 17:06:54.533 25703 25854 D ar_activity: send stroke to firebase, id=-NT_d1uh4QVh2QDZPVTJ
04-21 17:06:54.535 25703 25854 D ar_activity: [[2d] after update lines time=2023-04-21 17:06:54.534]
04-21 17:06:54.557 25703 25854 D ar_activity: [TRACKING TransformPointToPose time=2023-04-21 17:06:54.557]
04-21 17:06:54.557 25703 25854 D ar_activity: [TRACKING TransformPointToPose time=2023-04-21 17:06:54.557]
04-21 17:06:54.558 25703 25854 D ar_activity: send stroke to firebase, id=-NT_d1uh4QVh2QDZPVTJ
04-21 17:06:54.558 25703 25854 D ar_activity: [[2d] after update lines time=2023-04-21 17:06:54.558]
04-21 17:06:54.578 25703 25854 D ar_activity: [TRACKING TransformPointToPose time=2023-04-21 17:06:54.578]
04-21 17:06:54.578 25703 25854 D ar_activity: send stroke to firebase, id=-NT_d1uh4QVh2QDZPVTJ
04-21 17:06:54.581 25703 25854 D ar_activity: [[2d] after update lines time=2023-04-21 17:06:54.579]
04-21 17:06:54.605 25703 25703 D ar_activity: [[2a end - 2d start] onChildChanged stroke id=-NT_d1uh4QVh2QDZPVTJ time=2023-04-21 17:06:54.605]
04-21 17:06:54.607 25703 25854 D ar_activity: [TRACKING TransformPointToPose time=2023-04-21 17:06:54.607]
04-21 17:06:54.608 25703 25854 D ar_activity: [TRACKING TransformPointToPose time=2023-04-21 17:06:54.608]
04-21 17:06:54.611 25703 25854 D ar_activity: [TRACKING TransformPointToPose time=2023-04-21 17:06:54.611]
04-21 17:06:54.613 25703 25854 D ar_activity: send stroke to firebase, id=-NT_d1uh4QVh2QDZPVTJ
04-21 17:06:54.621 25703 25854 D ar_activity: [[2d] after update lines time=2023-04-21 17:06:54.621]
04-21 17:06:54.647 25703 25854 D ar_activity: [TRACKING TransformPointToPose time=2023-04-21 17:06:54.647]
04-21 17:06:54.650 25703 25854 D ar_activity: [TRACKING TransformPointToPose time=2023-04-21 17:06:54.647]
04-21 17:06:54.650 25703 25854 D ar_activity: [TRACKING TransformPointToPose time=2023-04-21 17:06:54.650]
04-21 17:06:54.651 25703 25854 D ar_activity: send stroke to firebase, id=-NT_d1uh4QVh2QDZPVTJ
04-21 17:06:54.652 25703 25854 D ar_activity: [[2d] after update lines time=2023-04-21 17:06:54.652]
04-21 17:06:54.684 25703 25854 D ar_activity: [TRACKING TransformPointToPose time=2023-04-21 17:06:54.682]
04-21 17:06:54.688 25703 25854 D ar_activity: [TRACKING TransformPointToPose time=2023-04-21 17:06:54.687]
04-21 17:06:54.688 25703 25854 D ar_activity: send stroke to firebase, id=-NT_d1uh4QVh2QDZPVTJ
04-21 17:06:54.692 25703 25854 D ar_activity: [[2d] after update lines time=2023-04-21 17:06:54.691]
04-21 17:06:54.720 25703 25854 D ar_activity: [TRACKING TransformPointToPose time=2023-04-21 17:06:54.719]
04-21 17:06:54.723 25703 25854 D ar_activity: [TRACKING TransformPointToPose time=2023-04-21 17:06:54.723]
04-21 17:06:54.724 25703 25854 D ar_activity: send stroke to firebase, id=-NT_d1uh4QVh2QDZPVTJ
04-21 17:06:54.724 25703 25703 D ar_activity: [[2a end - 2d start] onChildChanged stroke id=-NT_d1uh4QVh2QDZPVTJ time=2023-04-21 17:06:54.724]
04-21 17:06:54.727 25703 25854 D ar_activity: [[2d] after update lines time=2023-04-21 17:06:54.725]
04-21 17:06:54.756 25703 25854 D ar_activity: [TRACKING TransformPointToPose time=2023-04-21 17:06:54.755]
04-21 17:06:54.756 25703 25854 D ar_activity: [TRACKING TransformPointToPose time=2023-04-21 17:06:54.756]
04-21 17:06:54.756 25703 25854 D ar_activity: [TRACKING TransformPointToPose time=2023-04-21 17:06:54.756]
04-21 17:06:54.756 25703 25854 D ar_activity: send stroke to firebase, id=-NT_d1uh4QVh2QDZPVTJ
04-21 17:06:54.757 25703 25854 D ar_activity: [[2d] after update lines time=2023-04-21 17:06:54.757]
04-21 17:06:54.798 25703 25854 D ar_activity: [TRACKING TransformPointToPose time=2023-04-21 17:06:54.798]
04-21 17:06:54.799 25703 25854 D ar_activity: [TRACKING TransformPointToPose time=2023-04-21 17:06:54.798]
04-21 17:06:54.799 25703 25854 D ar_activity: [TRACKING TransformPointToPose time=2023-04-21 17:06:54.799]
04-21 17:06:54.799 25703 25854 D ar_activity: send stroke to firebase, id=-NT_d1uh4QVh2QDZPVTJ
04-21 17:06:54.801 25703 25854 D ar_activity: [[2d] after update lines time=2023-04-21 17:06:54.800]
04-21 17:06:54.819 25703 25703 D ar_activity: [[2a end - 2d start] onChildChanged stroke id=-NT_d1uh4QVh2QDZPVTJ time=2023-04-21 17:06:54.819]
04-21 17:06:54.823 25703 25854 D ar_activity: [TRACKING TransformPointToPose time=2023-04-21 17:06:54.823]
04-21 17:06:54.824 25703 25854 D ar_activity: [TRACKING TransformPointToPose time=2023-04-21 17:06:54.824]
04-21 17:06:54.824 25703 25854 D ar_activity: send stroke to firebase, id=-NT_d1uh4QVh2QDZPVTJ
04-21 17:06:54.825 25703 25854 D ar_activity: [[2d] after update lines time=2023-04-21 17:06:54.825]
04-21 17:06:54.848 25703 25854 D ar_activity: [TRACKING TransformPointToPose time=2023-04-21 17:06:54.848]
04-21 17:06:54.850 25703 25854 D ar_activity: [TRACKING TransformPointToPose time=2023-04-21 17:06:54.849]
04-21 17:06:54.851 25703 25854 D ar_activity: send stroke to firebase, id=-NT_d1uh4QVh2QDZPVTJ
04-21 17:06:54.853 25703 25854 D ar_activity: [[2d] after update lines time=2023-04-21 17:06:54.852]
04-21 17:06:54.884 25703 25854 D ar_activity: [TRACKING TransformPointToPose time=2023-04-21 17:06:54.883]
04-21 17:06:54.885 25703 25854 D ar_activity: [TRACKING TransformPointToPose time=2023-04-21 17:06:54.884]
04-21 17:06:54.886 25703 25854 D ar_activity: send stroke to firebase, id=-NT_d1uh4QVh2QDZPVTJ
04-21 17:06:54.888 25703 25854 D ar_activity: [[2d] after update lines time=2023-04-21 17:06:54.888]
04-21 17:06:54.903 25703 25703 D ar_activity: [[2a end - 2d start] onChildChanged stroke id=-NT_d1uh4QVh2QDZPVTJ time=2023-04-21 17:06:54.903]
04-21 17:06:54.912 25703 25854 D ar_activity: [TRACKING TransformPointToPose time=2023-04-21 17:06:54.912]
04-21 17:06:54.916 25703 25854 D ar_activity: [TRACKING TransformPointToPose time=2023-04-21 17:06:54.913]
04-21 17:06:54.917 25703 25854 D ar_activity: send stroke to firebase, id=-NT_d1uh4QVh2QDZPVTJ
04-21 17:06:54.918 25703 25854 D ar_activity: [[2d] after update lines time=2023-04-21 17:06:54.918]
04-21 17:06:54.937 25703 25854 D ar_activity: [TRACKING TransformPointToPose time=2023-04-21 17:06:54.937]
04-21 17:06:54.937 25703 25854 D ar_activity: [TRACKING TransformPointToPose time=2023-04-21 17:06:54.937]
04-21 17:06:54.937 25703 25854 D ar_activity: send stroke to firebase, id=-NT_d1uh4QVh2QDZPVTJ
04-21 17:06:54.938 25703 25854 D ar_activity: [[2d] after update lines time=2023-04-21 17:06:54.937]
04-21 17:06:54.956 25703 25854 D ar_activity: [TRACKING TransformPointToPose time=2023-04-21 17:06:54.956]
04-21 17:06:54.956 25703 25854 D ar_activity: send stroke to firebase, id=-NT_d1uh4QVh2QDZPVTJ
04-21 17:06:54.957 25703 25854 D ar_activity: [[2d] after update lines time=2023-04-21 17:06:54.956]
04-21 17:06:54.975 25703 25854 D ar_activity: [TRACKING TransformPointToPose time=2023-04-21 17:06:54.975]
04-21 17:06:54.976 25703 25854 D ar_activity: send stroke to firebase, id=-NT_d1uh4QVh2QDZPVTJ
04-21 17:06:54.976 25703 25854 D ar_activity: [[2d] after update lines time=2023-04-21 17:06:54.976]
04-21 17:06:54.995 25703 25854 D ar_activity: [TRACKING TransformPointToPose time=2023-04-21 17:06:54.995]
04-21 17:06:54.995 25703 25854 D ar_activity: [TRACKING TransformPointToPose time=2023-04-21 17:06:54.995]
04-21 17:06:54.995 25703 25854 D ar_activity: send stroke to firebase, id=-NT_d1uh4QVh2QDZPVTJ
04-21 17:06:54.996 25703 25854 D ar_activity: [[2d] after update lines time=2023-04-21 17:06:54.996]
04-21 17:06:55.014 25703 25854 D ar_activity: [TRACKING TransformPointToPose time=2023-04-21 17:06:55.014]
04-21 17:06:55.017 25703 25854 D ar_activity: [TRACKING TransformPointToPose time=2023-04-21 17:06:55.017]
04-21 17:06:55.017 25703 25854 D ar_activity: send stroke to firebase, id=-NT_d1uh4QVh2QDZPVTJ
04-21 17:06:55.018 25703 25854 D ar_activity: [[2d] after update lines time=2023-04-21 17:06:55.018]
04-21 17:06:55.037 25703 25854 D ar_activity: [TRACKING TransformPointToPose time=2023-04-21 17:06:55.037]
04-21 17:06:55.037 25703 25854 D ar_activity: [TRACKING TransformPointToPose time=2023-04-21 17:06:55.037]
04-21 17:06:55.037 25703 25854 D ar_activity: send stroke to firebase, id=-NT_d1uh4QVh2QDZPVTJ
04-21 17:06:55.038 25703 25854 D ar_activity: [[2d] after update lines time=2023-04-21 17:06:55.038]
04-21 17:06:55.057 25703 25854 D ar_activity: [TRACKING TransformPointToPose time=2023-04-21 17:06:55.056]
04-21 17:06:55.058 25703 25854 D ar_activity: [TRACKING TransformPointToPose time=2023-04-21 17:06:55.058]
04-21 17:06:55.058 25703 25854 D ar_activity: send stroke to firebase, id=-NT_d1uh4QVh2QDZPVTJ
04-21 17:06:55.059 25703 25854 D ar_activity: [[2d] after update lines time=2023-04-21 17:06:55.059]
04-21 17:06:55.077 25703 25854 D ar_activity: [TRACKING TransformPointToPose time=2023-04-21 17:06:55.077]
04-21 17:06:55.078 25703 25854 D ar_activity: send stroke to firebase, id=-NT_d1uh4QVh2QDZPVTJ
04-21 17:06:55.078 25703 25854 D ar_activity: [[2d] after update lines time=2023-04-21 17:06:55.078]
04-21 17:06:55.098 25703 25854 D ar_activity: [TRACKING TransformPointToPose time=2023-04-21 17:06:55.098]
04-21 17:06:55.098 25703 25854 D ar_activity: [TRACKING TransformPointToPose time=2023-04-21 17:06:55.098]
04-21 17:06:55.098 25703 25854 D ar_activity: send stroke to firebase, id=-NT_d1uh4QVh2QDZPVTJ
04-21 17:06:55.099 25703 25854 D ar_activity: [[2d] after update lines time=2023-04-21 17:06:55.099]
04-21 17:06:55.118 25703 25854 D ar_activity: [TRACKING TransformPointToPose time=2023-04-21 17:06:55.118]
04-21 17:06:55.118 25703 25854 D ar_activity: [TRACKING TransformPointToPose time=2023-04-21 17:06:55.118]
04-21 17:06:55.119 25703 25854 D ar_activity: send stroke to firebase, id=-NT_d1uh4QVh2QDZPVTJ
04-21 17:06:55.119 25703 25854 D ar_activity: [[2d] after update lines time=2023-04-21 17:06:55.119]
04-21 17:06:55.138 25703 25854 D ar_activity: [TRACKING TransformPointToPose time=2023-04-21 17:06:55.137]
04-21 17:06:55.138 25703 25854 D ar_activity: [TRACKING TransformPointToPose time=2023-04-21 17:06:55.138]
04-21 17:06:55.138 25703 25854 D ar_activity: send stroke to firebase, id=-NT_d1uh4QVh2QDZPVTJ
04-21 17:06:55.139 25703 25854 D ar_activity: [[2d] after update lines time=2023-04-21 17:06:55.139]
04-21 17:06:55.159 25703 25854 D ar_activity: [TRACKING TransformPointToPose time=2023-04-21 17:06:55.159]
04-21 17:06:55.159 25703 25854 D ar_activity: [TRACKING TransformPointToPose time=2023-04-21 17:06:55.159]
04-21 17:06:55.160 25703 25854 D ar_activity: send stroke to firebase, id=-NT_d1uh4QVh2QDZPVTJ
04-21 17:06:55.160 25703 25854 D ar_activity: [[2d] after update lines time=2023-04-21 17:06:55.160]
04-21 17:06:55.174 25703 25703 D ar_activity: [[2a end - 2d start] onChildChanged stroke id=-NT_d1uh4QVh2QDZPVTJ time=2023-04-21 17:06:55.174]
04-21 17:06:55.178 25703 25854 D ar_activity: [TRACKING TransformPointToPose time=2023-04-21 17:06:55.178]
04-21 17:06:55.179 25703 25854 D ar_activity: send stroke to firebase, id=-NT_d1uh4QVh2QDZPVTJ
04-21 17:06:55.179 25703 25854 D ar_activity: [[2d] after update lines time=2023-04-21 17:06:55.179]
04-21 17:06:55.200 25703 25854 D ar_activity: [TRACKING TransformPointToPose time=2023-04-21 17:06:55.200]
04-21 17:06:55.200 25703 25854 D ar_activity: send stroke to firebase, id=-NT_d1uh4QVh2QDZPVTJ
04-21 17:06:55.201 25703 25854 D ar_activity: [[2d] after update lines time=2023-04-21 17:06:55.200]
04-21 17:06:55.219 25703 25854 D ar_activity: [TRACKING TransformPointToPose time=2023-04-21 17:06:55.219]
04-21 17:06:55.219 25703 25854 D ar_activity: [TRACKING TransformPointToPose time=2023-04-21 17:06:55.219]
04-21 17:06:55.219 25703 25854 D ar_activity: send stroke to firebase, id=-NT_d1uh4QVh2QDZPVTJ
04-21 17:06:55.220 25703 25854 D ar_activity: [[2d] after update lines time=2023-04-21 17:06:55.220]
04-21 17:06:55.238 25703 25854 D ar_activity: [TRACKING TransformPointToPose time=2023-04-21 17:06:55.238]
04-21 17:06:55.239 25703 25854 D ar_activity: [TRACKING TransformPointToPose time=2023-04-21 17:06:55.239]
04-21 17:06:55.239 25703 25854 D ar_activity: send stroke to firebase, id=-NT_d1uh4QVh2QDZPVTJ
04-21 17:06:55.240 25703 25854 D ar_activity: [[2d] after update lines time=2023-04-21 17:06:55.240]
04-21 17:06:55.260 25703 25703 D ar_activity: [[2a end - 2d start] onChildChanged stroke id=-NT_d1uh4QVh2QDZPVTJ time=2023-04-21 17:06:55.260]
04-21 17:06:55.263 25703 25854 D ar_activity: [TRACKING TransformPointToPose time=2023-04-21 17:06:55.263]
04-21 17:06:55.264 25703 25854 D ar_activity: send stroke to firebase, id=-NT_d1uh4QVh2QDZPVTJ
04-21 17:06:55.266 25703 25854 D ar_activity: [[2d] after update lines time=2023-04-21 17:06:55.265]
04-21 17:06:55.289 25703 25854 D ar_activity: [TRACKING TransformPointToPose time=2023-04-21 17:06:55.289]
04-21 17:06:55.289 25703 25854 D ar_activity: [TRACKING TransformPointToPose time=2023-04-21 17:06:55.289]
04-21 17:06:55.290 25703 25854 D ar_activity: [TRACKING TransformPointToPose time=2023-04-21 17:06:55.289]
04-21 17:06:55.290 25703 25854 D ar_activity: send stroke to firebase, id=-NT_d1uh4QVh2QDZPVTJ
04-21 17:06:55.290 25703 25854 D ar_activity: [[2d] after update lines time=2023-04-21 17:06:55.290]
04-21 17:06:55.309 25703 25854 D ar_activity: [TRACKING TransformPointToPose time=2023-04-21 17:06:55.309]
04-21 17:06:55.309 25703 25854 D ar_activity: send stroke to firebase, id=-NT_d1uh4QVh2QDZPVTJ
04-21 17:06:55.310 25703 25854 D ar_activity: [[2d] after update lines time=2023-04-21 17:06:55.310]
04-21 17:06:55.321 25703 25703 D ar_activity: [[2a end - 2d start] onChildChanged stroke id=-NT_d1uh4QVh2QDZPVTJ time=2023-04-21 17:06:55.321]
04-21 17:06:55.329 25703 25854 D ar_activity: [TRACKING TransformPointToPose time=2023-04-21 17:06:55.329]
04-21 17:06:55.329 25703 25854 D ar_activity: send stroke to firebase, id=-NT_d1uh4QVh2QDZPVTJ
04-21 17:06:55.330 25703 25854 D ar_activity: [[2d] after update lines time=2023-04-21 17:06:55.329]
04-21 17:06:55.351 25703 25854 D ar_activity: [TRACKING TransformPointToPose time=2023-04-21 17:06:55.351]
04-21 17:06:55.351 25703 25854 D ar_activity: [TRACKING TransformPointToPose time=2023-04-21 17:06:55.351]
04-21 17:06:55.351 25703 25854 D ar_activity: send stroke to firebase, id=-NT_d1uh4QVh2QDZPVTJ
04-21 17:06:55.352 25703 25854 D ar_activity: [[2d] after update lines time=2023-04-21 17:06:55.352]
04-21 17:06:55.370 25703 25854 D ar_activity: [TRACKING TransformPointToPose time=2023-04-21 17:06:55.370]
04-21 17:06:55.371 25703 25854 D ar_activity: [TRACKING TransformPointToPose time=2023-04-21 17:06:55.371]
04-21 17:06:55.371 25703 25854 D ar_activity: send stroke to firebase, id=-NT_d1uh4QVh2QDZPVTJ
04-21 17:06:55.371 25703 25854 D ar_activity: [[2d] after update lines time=2023-04-21 17:06:55.371]
04-21 17:06:55.388 25703 25703 D ar_activity: [[2a end - 2d start] onChildChanged stroke id=-NT_d1uh4QVh2QDZPVTJ time=2023-04-21 17:06:55.388]
04-21 17:06:55.391 25703 25854 D ar_activity: [TRACKING TransformPointToPose time=2023-04-21 17:06:55.391]
04-21 17:06:55.392 25703 25854 D ar_activity: [TRACKING TransformPointToPose time=2023-04-21 17:06:55.392]
04-21 17:06:55.392 25703 25854 D ar_activity: send stroke to firebase, id=-NT_d1uh4QVh2QDZPVTJ
04-21 17:06:55.392 25703 25854 D ar_activity: [[2d] after update lines time=2023-04-21 17:06:55.392]
04-21 17:06:55.411 25703 25854 D ar_activity: [TRACKING TransformPointToPose time=2023-04-21 17:06:55.411]
04-21 17:06:55.411 25703 25854 D ar_activity: send stroke to firebase, id=-NT_d1uh4QVh2QDZPVTJ
04-21 17:06:55.412 25703 25854 D ar_activity: [[2d] after update lines time=2023-04-21 17:06:55.411]
04-21 17:06:55.430 25703 25854 D ar_activity: [TRACKING TransformPointToPose time=2023-04-21 17:06:55.430]
04-21 17:06:55.430 25703 25854 D ar_activity: send stroke to firebase, id=-NT_d1uh4QVh2QDZPVTJ
04-21 17:06:55.431 25703 25854 D ar_activity: [[2d] after update lines time=2023-04-21 17:06:55.431]
04-21 17:06:55.447 25703 25703 D ar_activity: [[2a end - 2d start] onChildChanged stroke id=-NT_d1uh4QVh2QDZPVTJ time=2023-04-21 17:06:55.447]
04-21 17:06:55.452 25703 25854 D ar_activity: [TRACKING TransformPointToPose time=2023-04-21 17:06:55.452]
04-21 17:06:55.453 25703 25854 D ar_activity: [TRACKING TransformPointToPose time=2023-04-21 17:06:55.453]
04-21 17:06:55.453 25703 25854 D ar_activity: send stroke to firebase, id=-NT_d1uh4QVh2QDZPVTJ
04-21 17:06:55.453 25703 25854 D ar_activity: [[2d] after update lines time=2023-04-21 17:06:55.453]
04-21 17:06:55.472 25703 25854 D ar_activity: [TRACKING TransformPointToPose time=2023-04-21 17:06:55.471]
04-21 17:06:55.472 25703 25854 D ar_activity: [TRACKING TransformPointToPose time=2023-04-21 17:06:55.472]
04-21 17:06:55.472 25703 25854 D ar_activity: send stroke to firebase, id=-NT_d1uh4QVh2QDZPVTJ
04-21 17:06:55.472 25703 25854 D ar_activity: [[2d] after update lines time=2023-04-21 17:06:55.472]
04-21 17:06:55.491 25703 25854 D ar_activity: [TRACKING TransformPointToPose time=2023-04-21 17:06:55.491]
04-21 17:06:55.491 25703 25854 D ar_activity: [TRACKING TransformPointToPose time=2023-04-21 17:06:55.491]
04-21 17:06:55.492 25703 25854 D ar_activity: send stroke to firebase, id=-NT_d1uh4QVh2QDZPVTJ
04-21 17:06:55.492 25703 25854 D ar_activity: [[2d] after update lines time=2023-04-21 17:06:55.492]
04-21 17:06:55.511 25703 25854 D ar_activity: [TRACKING TransformPointToPose time=2023-04-21 17:06:55.510]
04-21 17:06:55.511 25703 25854 D ar_activity: send stroke to firebase, id=-NT_d1uh4QVh2QDZPVTJ
04-21 17:06:55.513 25703 25854 D ar_activity: [[2d] after update lines time=2023-04-21 17:06:55.513]
04-21 17:06:55.518 25703 25703 D ar_activity: [[2a end - 2d start] onChildChanged stroke id=-NT_d1uh4QVh2QDZPVTJ time=2023-04-21 17:06:55.514]
04-21 17:06:55.535 25703 25854 D ar_activity: [TRACKING TransformPointToPose time=2023-04-21 17:06:55.535]
04-21 17:06:55.535 25703 25854 D ar_activity: [TRACKING TransformPointToPose time=2023-04-21 17:06:55.535]
04-21 17:06:55.536 25703 25854 D ar_activity: [TRACKING TransformPointToPose time=2023-04-21 17:06:55.535]
04-21 17:06:55.536 25703 25854 D ar_activity: send stroke to firebase, id=-NT_d1uh4QVh2QDZPVTJ
04-21 17:06:55.536 25703 25854 D ar_activity: [[2d] after update lines time=2023-04-21 17:06:55.536]
04-21 17:06:55.555 25703 25854 D ar_activity: [TRACKING TransformPointToPose time=2023-04-21 17:06:55.555]
04-21 17:06:55.555 25703 25854 D ar_activity: send stroke to firebase, id=-NT_d1uh4QVh2QDZPVTJ
04-21 17:06:55.556 25703 25854 D ar_activity: [[2d] after update lines time=2023-04-21 17:06:55.555]
04-21 17:06:55.575 25703 25854 D ar_activity: [TRACKING TransformPointToPose time=2023-04-21 17:06:55.574]
04-21 17:06:55.575 25703 25854 D ar_activity: [TRACKING TransformPointToPose time=2023-04-21 17:06:55.575]
04-21 17:06:55.575 25703 25854 D ar_activity: send stroke to firebase, id=-NT_d1uh4QVh2QDZPVTJ
04-21 17:06:55.577 25703 25854 D ar_activity: [[2d] after update lines time=2023-04-21 17:06:55.577]
04-21 17:06:55.579 25703 25703 D ar_activity: [[2a end - 2d start] onChildChanged stroke id=-NT_d1uh4QVh2QDZPVTJ time=2023-04-21 17:06:55.579]
04-21 17:06:55.596 25703 25854 D ar_activity: [TRACKING TransformPointToPose time=2023-04-21 17:06:55.595]
04-21 17:06:55.596 25703 25854 D ar_activity: send stroke to firebase, id=-NT_d1uh4QVh2QDZPVTJ
04-21 17:06:55.596 25703 25854 D ar_activity: [[2d] after update lines time=2023-04-21 17:06:55.596]
04-21 17:06:55.618 25703 25854 D ar_activity: [TRACKING TransformPointToPose time=2023-04-21 17:06:55.618]
04-21 17:06:55.618 25703 25854 D ar_activity: [TRACKING TransformPointToPose time=2023-04-21 17:06:55.618]
04-21 17:06:55.619 25703 25854 D ar_activity: send stroke to firebase, id=-NT_d1uh4QVh2QDZPVTJ
04-21 17:06:55.619 25703 25854 D ar_activity: [[2d] after update lines time=2023-04-21 17:06:55.619]
04-21 17:06:55.633 25703 25703 D ar_activity: [[2a end - 2d start] onChildChanged stroke id=-NT_d1uh4QVh2QDZPVTJ time=2023-04-21 17:06:55.632]
04-21 17:06:55.638 25703 25854 D ar_activity: [TRACKING TransformPointToPose time=2023-04-21 17:06:55.638]
04-21 17:06:55.638 25703 25854 D ar_activity: [TRACKING TransformPointToPose time=2023-04-21 17:06:55.638]
04-21 17:06:55.638 25703 25854 D ar_activity: send stroke to firebase, id=-NT_d1uh4QVh2QDZPVTJ
04-21 17:06:55.639 25703 25854 D ar_activity: [[2d] after update lines time=2023-04-21 17:06:55.639]
04-21 17:06:55.659 25703 25854 D ar_activity: [TRACKING TransformPointToPose time=2023-04-21 17:06:55.658]
04-21 17:06:55.659 25703 25854 D ar_activity: [TRACKING TransformPointToPose time=2023-04-21 17:06:55.659]
04-21 17:06:55.659 25703 25854 D ar_activity: send stroke to firebase, id=-NT_d1uh4QVh2QDZPVTJ
04-21 17:06:55.660 25703 25854 D ar_activity: [[2d] after update lines time=2023-04-21 17:06:55.660]
04-21 17:06:55.678 25703 25854 D ar_activity: [TRACKING TransformPointToPose time=2023-04-21 17:06:55.678]
04-21 17:06:55.678 25703 25854 D ar_activity: [TRACKING TransformPointToPose time=2023-04-21 17:06:55.678]
04-21 17:06:55.678 25703 25854 D ar_activity: send stroke to firebase, id=-NT_d1uh4QVh2QDZPVTJ
04-21 17:06:55.679 25703 25854 D ar_activity: [[2d] after update lines time=2023-04-21 17:06:55.679]
04-21 17:06:55.704 25703 25854 D ar_activity: [TRACKING TransformPointToPose time=2023-04-21 17:06:55.703]
04-21 17:06:55.704 25703 25854 D ar_activity: [TRACKING TransformPointToPose time=2023-04-21 17:06:55.704]
04-21 17:06:55.704 25703 25854 D ar_activity: send stroke to firebase, id=-NT_d1uh4QVh2QDZPVTJ
04-21 17:06:55.705 25703 25854 D ar_activity: [[2d] after update lines time=2023-04-21 17:06:55.705]
04-21 17:06:55.719 25703 25703 D ar_activity: [[2a end - 2d start] onChildChanged stroke id=-NT_d1uh4QVh2QDZPVTJ time=2023-04-21 17:06:55.719]
04-21 17:06:55.725 25703 25854 D ar_activity: [TRACKING TransformPointToPose time=2023-04-21 17:06:55.724]
04-21 17:06:55.725 25703 25854 D ar_activity: [TRACKING TransformPointToPose time=2023-04-21 17:06:55.725]
04-21 17:06:55.725 25703 25854 D ar_activity: send stroke to firebase, id=-NT_d1uh4QVh2QDZPVTJ
04-21 17:06:55.726 25703 25854 D ar_activity: [[2d] after update lines time=2023-04-21 17:06:55.725]
04-21 17:06:55.744 25703 25854 D ar_activity: [TRACKING TransformPointToPose time=2023-04-21 17:06:55.744]
04-21 17:06:55.745 25703 25854 D ar_activity: send stroke to firebase, id=-NT_d1uh4QVh2QDZPVTJ
04-21 17:06:55.745 25703 25854 D ar_activity: [[2d] after update lines time=2023-04-21 17:06:55.745]
04-21 17:06:55.764 25703 25854 D ar_activity: [TRACKING TransformPointToPose time=2023-04-21 17:06:55.764]
04-21 17:06:55.764 25703 25854 D ar_activity: send stroke to firebase, id=-NT_d1uh4QVh2QDZPVTJ
04-21 17:06:55.764 25703 25854 D ar_activity: [[2d] after update lines time=2023-04-21 17:06:55.764]
04-21 17:06:55.786 25703 25854 D ar_activity: [TRACKING TransformPointToPose time=2023-04-21 17:06:55.785]
04-21 17:06:55.788 25703 25854 D ar_activity: [TRACKING TransformPointToPose time=2023-04-21 17:06:55.788]
04-21 17:06:55.789 25703 25854 D ar_activity: send stroke to firebase, id=-NT_d1uh4QVh2QDZPVTJ
04-21 17:06:55.792 25703 25854 D ar_activity: [[2d] after update lines time=2023-04-21 17:06:55.791]
04-21 17:06:55.802 25703 25703 D ar_activity: [[2a end - 2d start] onChildChanged stroke id=-NT_d1uh4QVh2QDZPVTJ time=2023-04-21 17:06:55.802]
