--------- beginning of main
04-22 01:52:34.421  7827  8007 D ar_activity: [[2d] after update lines time=2023-04-22 01:52:34.384]
04-22 01:52:35.871  7827  7827 D ar_activity: [--- pair start --- time=2023-04-22 01:52:35.871]
04-22 01:52:35.871  7827  7827 D ar_activity: [--- pair session start --- time=2023-04-22 01:52:35.871]
04-22 01:52:35.892  7827  7827 D ar_activity: [create room: Message{namespace='', type='', content=[34 bytes]} time=2023-04-22 01:52:35.891]
04-22 01:52:35.903  7827  7827 D ar_activity: LOOKING: 2023-04-22 01:52:35.902
04-22 01:52:41.863  7827  7827 D ar_activity: [--- pair joined --- time=2023-04-22 01:52:41.863]
04-22 01:52:41.869  7827  7827 D ar_activity: PARTNER FOUND: 2023-04-22 01:52:41.869
04-22 01:52:43.882  7827  7827 D ar_activity: SET ANCHOR: 2023-04-22 01:52:43.881
04-22 01:52:45.170  7827  7827 D ar_activity: [anchor resolution changed: null time=2023-04-22 01:52:45.170]
04-22 01:52:45.227  7827  7827 D ar_activity: [--- sync ready to set anchor --- time=2023-04-22 01:52:45.227]
04-22 01:52:45.227  7827  7827 D ar_activity: Start CONNECTING: 2023-04-22 01:52:45.227
04-22 01:52:48.822  7827  7827 D ar_activity: [anchor resolution changed: false time=2023-04-22 01:52:48.822]
04-22 01:52:48.828  7827  8007 D ar_activity: [--- anchor: onUpdate: resolveHostedAnchor: pending resolve--- time=2023-04-22 01:52:48.827]
04-22 01:52:48.828  7827  8007 D ar_activity: [resolveHostedAnchor: TASK_IN_PROGRESS time=2023-04-22 01:52:48.828]
04-22 01:52:48.847  7827  8007 D ar_activity: [--- anchor: onUpdate: resolveHostedAnchor: pending resolve--- time=2023-04-22 01:52:48.847]
04-22 01:52:48.847  7827  8007 D ar_activity: [resolveHostedAnchor: TASK_IN_PROGRESS time=2023-04-22 01:52:48.847]
04-22 01:52:48.869  7827  8007 D ar_activity: [--- anchor: onUpdate: resolveHostedAnchor: pending resolve--- time=2023-04-22 01:52:48.869]
04-22 01:52:48.869  7827  8007 D ar_activity: [resolveHostedAnchor: TASK_IN_PROGRESS time=2023-04-22 01:52:48.869]
04-22 01:52:48.888  7827  8007 D ar_activity: [--- anchor: onUpdate: resolveHostedAnchor: pending resolve--- time=2023-04-22 01:52:48.888]
04-22 01:52:48.888  7827  8007 D ar_activity: [resolveHostedAnchor: TASK_IN_PROGRESS time=2023-04-22 01:52:48.888]
04-22 01:52:48.914  7827  8007 D ar_activity: [--- anchor: onUpdate: resolveHostedAnchor: pending resolve--- time=2023-04-22 01:52:48.913]
04-22 01:52:48.914  7827  8007 D ar_activity: [resolveHostedAnchor: TASK_IN_PROGRESS time=2023-04-22 01:52:48.914]
04-22 01:52:48.938  7827  8007 D ar_activity: [--- anchor: onUpdate: resolveHostedAnchor: pending resolve--- time=2023-04-22 01:52:48.938]
04-22 01:52:48.938  7827  8007 D ar_activity: [resolveHostedAnchor: TASK_IN_PROGRESS time=2023-04-22 01:52:48.938]
04-22 01:52:48.957  7827  8007 D ar_activity: [--- anchor: onUpdate: resolveHostedAnchor: pending resolve--- time=2023-04-22 01:52:48.957]
04-22 01:52:48.957  7827  8007 D ar_activity: [resolveHostedAnchor: TASK_IN_PROGRESS time=2023-04-22 01:52:48.957]
04-22 01:52:48.976  7827  8007 D ar_activity: [--- anchor: onUpdate: resolveHostedAnchor: pending resolve--- time=2023-04-22 01:52:48.976]
04-22 01:52:48.976  7827  8007 D ar_activity: [resolveHostedAnchor: TASK_IN_PROGRESS time=2023-04-22 01:52:48.976]
04-22 01:52:48.997  7827  8007 D ar_activity: [--- anchor: onUpdate: resolveHostedAnchor: pending resolve--- time=2023-04-22 01:52:48.996]
04-22 01:52:48.997  7827  8007 D ar_activity: [resolveHostedAnchor: TASK_IN_PROGRESS time=2023-04-22 01:52:48.997]
04-22 01:52:49.021  7827  8007 D ar_activity: [--- anchor: onUpdate: resolveHostedAnchor: pending resolve--- time=2023-04-22 01:52:49.018]
04-22 01:52:49.021  7827  8007 D ar_activity: [resolveHostedAnchor: TASK_IN_PROGRESS time=2023-04-22 01:52:49.021]
04-22 01:52:49.042  7827  8007 D ar_activity: [--- anchor: onUpdate: resolveHostedAnchor: pending resolve--- time=2023-04-22 01:52:49.042]
04-22 01:52:49.043  7827  8007 D ar_activity: [resolveHostedAnchor: TASK_IN_PROGRESS time=2023-04-22 01:52:49.042]
04-22 01:52:49.062  7827  8007 D ar_activity: [--- anchor: onUpdate: resolveHostedAnchor: pending resolve--- time=2023-04-22 01:52:49.062]
04-22 01:52:49.063  7827  8007 D ar_activity: [resolveHostedAnchor: TASK_IN_PROGRESS time=2023-04-22 01:52:49.062]
04-22 01:52:49.085  7827  8007 D ar_activity: [--- anchor: onUpdate: resolveHostedAnchor: pending resolve--- time=2023-04-22 01:52:49.083]
04-22 01:52:49.085  7827  8007 D ar_activity: [resolveHostedAnchor: TASK_IN_PROGRESS time=2023-04-22 01:52:49.085]
04-22 01:52:49.105  7827  8007 D ar_activity: [--- anchor: onUpdate: resolveHostedAnchor: pending resolve--- time=2023-04-22 01:52:49.104]
04-22 01:52:49.105  7827  8007 D ar_activity: [resolveHostedAnchor: TASK_IN_PROGRESS time=2023-04-22 01:52:49.105]
04-22 01:52:49.127  7827  8007 D ar_activity: [--- anchor: onUpdate: resolveHostedAnchor: pending resolve--- time=2023-04-22 01:52:49.126]
04-22 01:52:49.127  7827  8007 D ar_activity: [resolveHostedAnchor: TASK_IN_PROGRESS time=2023-04-22 01:52:49.127]
04-22 01:52:49.147  7827  8007 D ar_activity: [--- anchor: onUpdate: resolveHostedAnchor: pending resolve--- time=2023-04-22 01:52:49.146]
04-22 01:52:49.147  7827  8007 D ar_activity: [resolveHostedAnchor: TASK_IN_PROGRESS time=2023-04-22 01:52:49.147]
04-22 01:52:49.166  7827  8007 D ar_activity: [--- anchor: onUpdate: resolveHostedAnchor: pending resolve--- time=2023-04-22 01:52:49.166]
04-22 01:52:49.167  7827  8007 D ar_activity: [resolveHostedAnchor: TASK_IN_PROGRESS time=2023-04-22 01:52:49.166]
04-22 01:52:49.187  7827  8007 D ar_activity: [--- anchor: onUpdate: resolveHostedAnchor: pending resolve--- time=2023-04-22 01:52:49.187]
04-22 01:52:49.187  7827  8007 D ar_activity: [resolveHostedAnchor: TASK_IN_PROGRESS time=2023-04-22 01:52:49.187]
04-22 01:52:49.208  7827  8007 D ar_activity: [--- anchor: onUpdate: resolveHostedAnchor: pending resolve--- time=2023-04-22 01:52:49.207]
04-22 01:52:49.208  7827  8007 D ar_activity: [resolveHostedAnchor: TASK_IN_PROGRESS time=2023-04-22 01:52:49.208]
04-22 01:52:49.229  7827  8007 D ar_activity: [--- anchor: onUpdate: resolveHostedAnchor: pending resolve--- time=2023-04-22 01:52:49.229]
04-22 01:52:49.229  7827  8007 D ar_activity: [resolveHostedAnchor: TASK_IN_PROGRESS time=2023-04-22 01:52:49.229]
04-22 01:52:49.248  7827  8007 D ar_activity: [--- anchor: onUpdate: resolveHostedAnchor: pending resolve--- time=2023-04-22 01:52:49.248]
04-22 01:52:49.249  7827  8007 D ar_activity: [resolveHostedAnchor: TASK_IN_PROGRESS time=2023-04-22 01:52:49.249]
04-22 01:52:49.271  7827  8007 D ar_activity: [--- anchor: onUpdate: resolveHostedAnchor: pending resolve--- time=2023-04-22 01:52:49.271]
04-22 01:52:49.271  7827  8007 D ar_activity: [resolveHostedAnchor: TASK_IN_PROGRESS time=2023-04-22 01:52:49.271]
04-22 01:52:49.290  7827  8007 D ar_activity: [--- anchor: onUpdate: resolveHostedAnchor: pending resolve--- time=2023-04-22 01:52:49.290]
04-22 01:52:49.290  7827  8007 D ar_activity: [resolveHostedAnchor: TASK_IN_PROGRESS time=2023-04-22 01:52:49.290]
04-22 01:52:49.309  7827  8007 D ar_activity: [--- anchor: onUpdate: resolveHostedAnchor: pending resolve--- time=2023-04-22 01:52:49.309]
04-22 01:52:49.309  7827  8007 D ar_activity: [resolveHostedAnchor: TASK_IN_PROGRESS time=2023-04-22 01:52:49.309]
04-22 01:52:49.330  7827  8007 D ar_activity: [--- anchor: onUpdate: resolveHostedAnchor: pending resolve--- time=2023-04-22 01:52:49.330]
04-22 01:52:49.330  7827  8007 D ar_activity: [resolveHostedAnchor: TASK_IN_PROGRESS time=2023-04-22 01:52:49.330]
04-22 01:52:49.357  7827  8007 D ar_activity: [--- anchor: onUpdate: resolveHostedAnchor: pending resolve--- time=2023-04-22 01:52:49.356]
04-22 01:52:49.357  7827  8007 D ar_activity: [resolveHostedAnchor: TASK_IN_PROGRESS time=2023-04-22 01:52:49.357]
04-22 01:52:49.378  7827  8007 D ar_activity: [--- anchor: onUpdate: resolveHostedAnchor: pending resolve--- time=2023-04-22 01:52:49.378]
04-22 01:52:49.378  7827  8007 D ar_activity: [resolveHostedAnchor: TASK_IN_PROGRESS time=2023-04-22 01:52:49.378]
04-22 01:52:49.397  7827  8007 D ar_activity: [--- anchor: onUpdate: resolveHostedAnchor: pending resolve--- time=2023-04-22 01:52:49.397]
04-22 01:52:49.398  7827  8007 D ar_activity: [resolveHostedAnchor: TASK_IN_PROGRESS time=2023-04-22 01:52:49.397]
04-22 01:52:49.419  7827  8007 D ar_activity: [--- anchor: onUpdate: resolveHostedAnchor: pending resolve--- time=2023-04-22 01:52:49.419]
04-22 01:52:49.420  7827  8007 D ar_activity: [resolveHostedAnchor: TASK_IN_PROGRESS time=2023-04-22 01:52:49.419]
04-22 01:52:49.438  7827  8007 D ar_activity: [--- anchor: onUpdate: resolveHostedAnchor: pending resolve--- time=2023-04-22 01:52:49.438]
04-22 01:52:49.439  7827  8007 D ar_activity: [resolveHostedAnchor: TASK_IN_PROGRESS time=2023-04-22 01:52:49.438]
04-22 01:52:49.457  7827  8007 D ar_activity: [--- anchor: onUpdate: resolveHostedAnchor: pending resolve--- time=2023-04-22 01:52:49.457]
04-22 01:52:49.458  7827  8007 D ar_activity: [resolveHostedAnchor: TASK_IN_PROGRESS time=2023-04-22 01:52:49.457]
04-22 01:52:49.477  7827  8007 D ar_activity: [--- anchor: onUpdate: resolveHostedAnchor: pending resolve--- time=2023-04-22 01:52:49.477]
04-22 01:52:49.478  7827  8007 D ar_activity: [resolveHostedAnchor: TASK_IN_PROGRESS time=2023-04-22 01:52:49.477]
04-22 01:52:49.501  7827  8007 D ar_activity: [--- anchor: onUpdate: resolveHostedAnchor: pending resolve--- time=2023-04-22 01:52:49.501]
04-22 01:52:49.502  7827  8007 D ar_activity: [resolveHostedAnchor: TASK_IN_PROGRESS time=2023-04-22 01:52:49.502]
04-22 01:52:49.527  7827  8007 D ar_activity: [--- anchor: onUpdate: resolveHostedAnchor: pending resolve--- time=2023-04-22 01:52:49.525]
04-22 01:52:49.527  7827  8007 D ar_activity: [resolveHostedAnchor: TASK_IN_PROGRESS time=2023-04-22 01:52:49.527]
04-22 01:52:49.549  7827  8007 D ar_activity: [--- anchor: onUpdate: resolveHostedAnchor: pending resolve--- time=2023-04-22 01:52:49.549]
04-22 01:52:49.549  7827  8007 D ar_activity: [resolveHostedAnchor: TASK_IN_PROGRESS time=2023-04-22 01:52:49.549]
04-22 01:52:49.572  7827  8007 D ar_activity: [--- anchor: onUpdate: resolveHostedAnchor: pending resolve--- time=2023-04-22 01:52:49.572]
04-22 01:52:49.573  7827  8007 D ar_activity: [resolveHostedAnchor: TASK_IN_PROGRESS time=2023-04-22 01:52:49.572]
04-22 01:52:49.595  7827  8007 D ar_activity: [--- anchor: onUpdate: resolveHostedAnchor: pending resolve--- time=2023-04-22 01:52:49.595]
04-22 01:52:49.596  7827  8007 D ar_activity: [resolveHostedAnchor: TASK_IN_PROGRESS time=2023-04-22 01:52:49.596]
04-22 01:52:49.620  7827  8007 D ar_activity: [--- anchor: onUpdate: resolveHostedAnchor: pending resolve--- time=2023-04-22 01:52:49.620]
04-22 01:52:49.621  7827  8007 D ar_activity: [resolveHostedAnchor: TASK_IN_PROGRESS time=2023-04-22 01:52:49.621]
04-22 01:52:49.644  7827  8007 D ar_activity: [--- anchor: onUpdate: resolveHostedAnchor: pending resolve--- time=2023-04-22 01:52:49.643]
04-22 01:52:49.644  7827  8007 D ar_activity: [resolveHostedAnchor: TASK_IN_PROGRESS time=2023-04-22 01:52:49.644]
04-22 01:52:49.664  7827  8007 D ar_activity: [--- anchor: onUpdate: resolveHostedAnchor: pending resolve--- time=2023-04-22 01:52:49.663]
04-22 01:52:49.664  7827  8007 D ar_activity: [resolveHostedAnchor: TASK_IN_PROGRESS time=2023-04-22 01:52:49.664]
04-22 01:52:49.687  7827  8007 D ar_activity: [--- anchor: onUpdate: resolveHostedAnchor: pending resolve--- time=2023-04-22 01:52:49.687]
04-22 01:52:49.687  7827  8007 D ar_activity: [resolveHostedAnchor: TASK_IN_PROGRESS time=2023-04-22 01:52:49.687]
04-22 01:52:49.706  7827  8007 D ar_activity: [--- anchor: onUpdate: resolveHostedAnchor: pending resolve--- time=2023-04-22 01:52:49.706]
04-22 01:52:49.707  7827  8007 D ar_activity: [resolveHostedAnchor: TASK_IN_PROGRESS time=2023-04-22 01:52:49.707]
04-22 01:52:49.729  7827  8007 D ar_activity: [--- anchor: onUpdate: resolveHostedAnchor: pending resolve--- time=2023-04-22 01:52:49.729]
04-22 01:52:49.729  7827  8007 D ar_activity: [resolveHostedAnchor: TASK_IN_PROGRESS time=2023-04-22 01:52:49.729]
04-22 01:52:49.747  7827  8007 D ar_activity: [--- anchor: onUpdate: resolveHostedAnchor: pending resolve--- time=2023-04-22 01:52:49.747]
04-22 01:52:49.748  7827  8007 D ar_activity: [resolveHostedAnchor: TASK_IN_PROGRESS time=2023-04-22 01:52:49.747]
04-22 01:52:49.767  7827  8007 D ar_activity: [--- anchor: onUpdate: resolveHostedAnchor: pending resolve--- time=2023-04-22 01:52:49.767]
04-22 01:52:49.767  7827  8007 D ar_activity: [resolveHostedAnchor: TASK_IN_PROGRESS time=2023-04-22 01:52:49.767]
04-22 01:52:49.789  7827  8007 D ar_activity: [--- anchor: onUpdate: resolveHostedAnchor: pending resolve--- time=2023-04-22 01:52:49.789]
04-22 01:52:49.790  7827  8007 D ar_activity: [resolveHostedAnchor: TASK_IN_PROGRESS time=2023-04-22 01:52:49.789]
04-22 01:52:49.820  7827  8007 D ar_activity: [--- anchor: onUpdate: resolveHostedAnchor: pending resolve--- time=2023-04-22 01:52:49.819]
04-22 01:52:49.821  7827  8007 D ar_activity: [resolveHostedAnchor: TASK_IN_PROGRESS time=2023-04-22 01:52:49.820]
04-22 01:52:49.841  7827  8007 D ar_activity: [--- anchor: onUpdate: resolveHostedAnchor: pending resolve--- time=2023-04-22 01:52:49.841]
04-22 01:52:49.842  7827  8007 D ar_activity: [resolveHostedAnchor: TASK_IN_PROGRESS time=2023-04-22 01:52:49.841]
04-22 01:52:49.862  7827  8007 D ar_activity: [--- anchor: onUpdate: resolveHostedAnchor: pending resolve--- time=2023-04-22 01:52:49.862]
04-22 01:52:49.863  7827  8007 D ar_activity: [resolveHostedAnchor: TASK_IN_PROGRESS time=2023-04-22 01:52:49.862]
04-22 01:52:49.881  7827  8007 D ar_activity: [--- anchor: onUpdate: resolveHostedAnchor: pending resolve--- time=2023-04-22 01:52:49.881]
04-22 01:52:49.881  7827  8007 D ar_activity: [resolveHostedAnchor: TASK_IN_PROGRESS time=2023-04-22 01:52:49.881]
04-22 01:52:49.901  7827  8007 D ar_activity: [--- anchor: onUpdate: resolveHostedAnchor: pending resolve--- time=2023-04-22 01:52:49.901]
04-22 01:52:49.902  7827  8007 D ar_activity: [resolveHostedAnchor: TASK_IN_PROGRESS time=2023-04-22 01:52:49.902]
04-22 01:52:49.921  7827  8007 D ar_activity: [--- anchor: onUpdate: resolveHostedAnchor: pending resolve--- time=2023-04-22 01:52:49.921]
04-22 01:52:49.921  7827  8007 D ar_activity: [resolveHostedAnchor: TASK_IN_PROGRESS time=2023-04-22 01:52:49.921]
04-22 01:52:49.940  7827  8007 D ar_activity: [--- anchor: onUpdate: resolveHostedAnchor: pending resolve--- time=2023-04-22 01:52:49.940]
04-22 01:52:49.940  7827  8007 D ar_activity: [resolveHostedAnchor: TASK_IN_PROGRESS time=2023-04-22 01:52:49.940]
04-22 01:52:49.958  7827  8007 D ar_activity: [--- anchor: onUpdate: resolveHostedAnchor: pending resolve--- time=2023-04-22 01:52:49.958]
04-22 01:52:49.959  7827  8007 D ar_activity: [resolveHostedAnchor: TASK_IN_PROGRESS time=2023-04-22 01:52:49.958]
04-22 01:52:49.979  7827  8007 D ar_activity: [--- anchor: onUpdate: resolveHostedAnchor: pending resolve--- time=2023-04-22 01:52:49.978]
04-22 01:52:49.979  7827  8007 D ar_activity: [resolveHostedAnchor: TASK_IN_PROGRESS time=2023-04-22 01:52:49.979]
04-22 01:52:49.998  7827  8007 D ar_activity: [--- anchor: onUpdate: resolveHostedAnchor: pending resolve--- time=2023-04-22 01:52:49.997]
04-22 01:52:49.998  7827  8007 D ar_activity: [resolveHostedAnchor: TASK_IN_PROGRESS time=2023-04-22 01:52:49.998]
04-22 01:52:50.021  7827  8007 D ar_activity: [--- anchor: onUpdate: resolveHostedAnchor: pending resolve--- time=2023-04-22 01:52:50.021]
04-22 01:52:50.021  7827  8007 D ar_activity: [resolveHostedAnchor: TASK_IN_PROGRESS time=2023-04-22 01:52:50.021]
04-22 01:52:50.040  7827  8007 D ar_activity: [--- anchor: onUpdate: resolveHostedAnchor: pending resolve--- time=2023-04-22 01:52:50.040]
04-22 01:52:50.040  7827  8007 D ar_activity: [resolveHostedAnchor: TASK_IN_PROGRESS time=2023-04-22 01:52:50.040]
04-22 01:52:50.059  7827  8007 D ar_activity: [--- anchor: onUpdate: resolveHostedAnchor: pending resolve--- time=2023-04-22 01:52:50.059]
04-22 01:52:50.059  7827  8007 D ar_activity: [resolveHostedAnchor: TASK_IN_PROGRESS time=2023-04-22 01:52:50.059]
04-22 01:52:50.079  7827  8007 D ar_activity: [--- anchor: onUpdate: resolveHostedAnchor: pending resolve--- time=2023-04-22 01:52:50.078]
04-22 01:52:50.079  7827  8007 D ar_activity: [resolveHostedAnchor: TASK_IN_PROGRESS time=2023-04-22 01:52:50.079]
04-22 01:52:50.099  7827  8007 D ar_activity: [--- anchor: onUpdate: resolveHostedAnchor: pending resolve--- time=2023-04-22 01:52:50.099]
04-22 01:52:50.100  7827  8007 D ar_activity: [resolveHostedAnchor: TASK_IN_PROGRESS time=2023-04-22 01:52:50.099]
04-22 01:52:50.129  7827  8007 D ar_activity: [--- anchor: onUpdate: resolveHostedAnchor: pending resolve--- time=2023-04-22 01:52:50.128]
04-22 01:52:50.129  7827  8007 D ar_activity: [resolveHostedAnchor: TASK_IN_PROGRESS time=2023-04-22 01:52:50.129]
04-22 01:52:50.149  7827  8007 D ar_activity: [--- anchor: onUpdate: resolveHostedAnchor: pending resolve--- time=2023-04-22 01:52:50.149]
04-22 01:52:50.150  7827  8007 D ar_activity: [resolveHostedAnchor: TASK_IN_PROGRESS time=2023-04-22 01:52:50.149]
04-22 01:52:50.173  7827  8007 D ar_activity: [--- anchor: onUpdate: resolveHostedAnchor: pending resolve--- time=2023-04-22 01:52:50.172]
04-22 01:52:50.173  7827  8007 D ar_activity: [resolveHostedAnchor: TASK_IN_PROGRESS time=2023-04-22 01:52:50.173]
04-22 01:52:50.192  7827  8007 D ar_activity: [--- anchor: onUpdate: resolveHostedAnchor: pending resolve--- time=2023-04-22 01:52:50.192]
04-22 01:52:50.192  7827  8007 D ar_activity: [resolveHostedAnchor: TASK_IN_PROGRESS time=2023-04-22 01:52:50.192]
04-22 01:52:50.211  7827  8007 D ar_activity: [--- anchor: onUpdate: resolveHostedAnchor: pending resolve--- time=2023-04-22 01:52:50.211]
04-22 01:52:50.211  7827  8007 D ar_activity: [resolveHostedAnchor: TASK_IN_PROGRESS time=2023-04-22 01:52:50.211]
04-22 01:52:50.232  7827  8007 D ar_activity: [--- anchor: onUpdate: resolveHostedAnchor: pending resolve--- time=2023-04-22 01:52:50.232]
04-22 01:52:50.232  7827  8007 D ar_activity: [resolveHostedAnchor: TASK_IN_PROGRESS time=2023-04-22 01:52:50.232]
04-22 01:52:50.253  7827  8007 D ar_activity: [--- anchor: onUpdate: resolveHostedAnchor: pending resolve--- time=2023-04-22 01:52:50.253]
04-22 01:52:50.254  7827  8007 D ar_activity: [resolveHostedAnchor: TASK_IN_PROGRESS time=2023-04-22 01:52:50.253]
04-22 01:52:50.273  7827  8007 D ar_activity: [--- anchor: onUpdate: resolveHostedAnchor: pending resolve--- time=2023-04-22 01:52:50.272]
04-22 01:52:50.273  7827  8007 D ar_activity: [resolveHostedAnchor: TASK_IN_PROGRESS time=2023-04-22 01:52:50.273]
04-22 01:52:50.293  7827  8007 D ar_activity: [--- anchor: onUpdate: resolveHostedAnchor: pending resolve--- time=2023-04-22 01:52:50.292]
04-22 01:52:50.293  7827  8007 D ar_activity: [resolveHostedAnchor: TASK_IN_PROGRESS time=2023-04-22 01:52:50.293]
04-22 01:52:50.315  7827  8007 D ar_activity: [--- anchor: onUpdate: resolveHostedAnchor: pending resolve--- time=2023-04-22 01:52:50.314]
04-22 01:52:50.315  7827  8007 D ar_activity: [resolveHostedAnchor: TASK_IN_PROGRESS time=2023-04-22 01:52:50.315]
04-22 01:52:50.342  7827  8007 D ar_activity: [--- anchor: onUpdate: resolveHostedAnchor: pending resolve--- time=2023-04-22 01:52:50.342]
04-22 01:52:50.342  7827  8007 D ar_activity: [resolveHostedAnchor: TASK_IN_PROGRESS time=2023-04-22 01:52:50.342]
04-22 01:52:50.364  7827  8007 D ar_activity: [--- anchor: onUpdate: resolveHostedAnchor: pending resolve--- time=2023-04-22 01:52:50.364]
04-22 01:52:50.364  7827  8007 D ar_activity: [resolveHostedAnchor: TASK_IN_PROGRESS time=2023-04-22 01:52:50.364]
04-22 01:52:50.383  7827  8007 D ar_activity: [--- anchor: onUpdate: resolveHostedAnchor: pending resolve--- time=2023-04-22 01:52:50.382]
04-22 01:52:50.383  7827  8007 D ar_activity: [resolveHostedAnchor: TASK_IN_PROGRESS time=2023-04-22 01:52:50.383]
04-22 01:52:50.405  7827  8007 D ar_activity: [--- anchor: onUpdate: resolveHostedAnchor: pending resolve--- time=2023-04-22 01:52:50.405]
04-22 01:52:50.405  7827  8007 D ar_activity: [resolveHostedAnchor: TASK_IN_PROGRESS time=2023-04-22 01:52:50.405]
04-22 01:52:50.424  7827  8007 D ar_activity: [--- anchor: onUpdate: resolveHostedAnchor: pending resolve--- time=2023-04-22 01:52:50.424]
04-22 01:52:50.424  7827  8007 D ar_activity: [resolveHostedAnchor: TASK_IN_PROGRESS time=2023-04-22 01:52:50.424]
04-22 01:52:50.443  7827  8007 D ar_activity: [--- anchor: onUpdate: resolveHostedAnchor: pending resolve--- time=2023-04-22 01:52:50.443]
04-22 01:52:50.443  7827  8007 D ar_activity: [resolveHostedAnchor: TASK_IN_PROGRESS time=2023-04-22 01:52:50.443]
04-22 01:52:50.464  7827  8007 D ar_activity: [--- anchor: onUpdate: resolveHostedAnchor: pending resolve--- time=2023-04-22 01:52:50.464]
04-22 01:52:50.464  7827  8007 D ar_activity: [resolveHostedAnchor: TASK_IN_PROGRESS time=2023-04-22 01:52:50.464]
04-22 01:52:50.482  7827  8007 D ar_activity: [--- anchor: onUpdate: resolveHostedAnchor: pending resolve--- time=2023-04-22 01:52:50.482]
04-22 01:52:50.483  7827  8007 D ar_activity: [resolveHostedAnchor: TASK_IN_PROGRESS time=2023-04-22 01:52:50.483]
04-22 01:52:50.510  7827  8007 D ar_activity: [--- anchor: onUpdate: resolveHostedAnchor: pending resolve--- time=2023-04-22 01:52:50.509]
04-22 01:52:50.510  7827  8007 D ar_activity: [resolveHostedAnchor: TASK_IN_PROGRESS time=2023-04-22 01:52:50.510]
04-22 01:52:50.529  7827  8007 D ar_activity: [--- anchor: onUpdate: resolveHostedAnchor: pending resolve--- time=2023-04-22 01:52:50.529]
04-22 01:52:50.529  7827  8007 D ar_activity: [resolveHostedAnchor: TASK_IN_PROGRESS time=2023-04-22 01:52:50.529]
04-22 01:52:50.548  7827  8007 D ar_activity: [--- anchor: onUpdate: resolveHostedAnchor: pending resolve--- time=2023-04-22 01:52:50.547]
04-22 01:52:50.548  7827  8007 D ar_activity: [resolveHostedAnchor: TASK_IN_PROGRESS time=2023-04-22 01:52:50.548]
04-22 01:52:50.567  7827  8007 D ar_activity: [--- anchor: onUpdate: resolveHostedAnchor: pending resolve--- time=2023-04-22 01:52:50.567]
04-22 01:52:50.567  7827  8007 D ar_activity: [resolveHostedAnchor: TASK_IN_PROGRESS time=2023-04-22 01:52:50.567]
04-22 01:52:50.589  7827  8007 D ar_activity: [--- anchor: onUpdate: resolveHostedAnchor: pending resolve--- time=2023-04-22 01:52:50.588]
04-22 01:52:50.590  7827  8007 D ar_activity: [resolveHostedAnchor: TASK_IN_PROGRESS time=2023-04-22 01:52:50.589]
04-22 01:52:50.624  7827  8007 D ar_activity: [--- anchor: onUpdate: resolveHostedAnchor: pending resolve--- time=2023-04-22 01:52:50.623]
04-22 01:52:50.628  7827  8007 D ar_activity: [resolveHostedAnchor: TASK_IN_PROGRESS time=2023-04-22 01:52:50.625]
04-22 01:52:50.649  7827  8007 D ar_activity: [--- anchor: onUpdate: resolveHostedAnchor: pending resolve--- time=2023-04-22 01:52:50.649]
04-22 01:52:50.649  7827  8007 D ar_activity: [resolveHostedAnchor: TASK_IN_PROGRESS time=2023-04-22 01:52:50.649]
04-22 01:52:50.670  7827  8007 D ar_activity: [--- anchor: onUpdate: resolveHostedAnchor: pending resolve--- time=2023-04-22 01:52:50.670]
04-22 01:52:50.670  7827  8007 D ar_activity: [resolveHostedAnchor: TASK_IN_PROGRESS time=2023-04-22 01:52:50.670]
04-22 01:52:50.692  7827  8007 D ar_activity: [--- anchor: onUpdate: resolveHostedAnchor: pending resolve--- time=2023-04-22 01:52:50.691]
04-22 01:52:50.692  7827  8007 D ar_activity: [resolveHostedAnchor: TASK_IN_PROGRESS time=2023-04-22 01:52:50.692]
04-22 01:52:50.712  7827  8007 D ar_activity: [--- anchor: onUpdate: resolveHostedAnchor: pending resolve--- time=2023-04-22 01:52:50.711]
04-22 01:52:50.712  7827  8007 D ar_activity: [resolveHostedAnchor: TASK_IN_PROGRESS time=2023-04-22 01:52:50.712]
04-22 01:52:50.732  7827  8007 D ar_activity: [--- anchor: onUpdate: resolveHostedAnchor: pending resolve--- time=2023-04-22 01:52:50.731]
04-22 01:52:50.732  7827  8007 D ar_activity: [resolveHostedAnchor: TASK_IN_PROGRESS time=2023-04-22 01:52:50.732]
04-22 01:52:50.756  7827  8007 D ar_activity: [--- anchor: onUpdate: resolveHostedAnchor: pending resolve--- time=2023-04-22 01:52:50.756]
04-22 01:52:50.756  7827  8007 D ar_activity: [resolveHostedAnchor: TASK_IN_PROGRESS time=2023-04-22 01:52:50.756]
04-22 01:52:50.775  7827  8007 D ar_activity: [--- anchor: onUpdate: resolveHostedAnchor: pending resolve--- time=2023-04-22 01:52:50.775]
04-22 01:52:50.775  7827  8007 D ar_activity: [resolveHostedAnchor: TASK_IN_PROGRESS time=2023-04-22 01:52:50.775]
04-22 01:52:50.796  7827  8007 D ar_activity: [--- anchor: onUpdate: resolveHostedAnchor: pending resolve--- time=2023-04-22 01:52:50.796]
04-22 01:52:50.796  7827  8007 D ar_activity: [resolveHostedAnchor: TASK_IN_PROGRESS time=2023-04-22 01:52:50.796]
04-22 01:52:50.817  7827  8007 D ar_activity: [--- anchor: onUpdate: resolveHostedAnchor: pending resolve--- time=2023-04-22 01:52:50.816]
04-22 01:52:50.818  7827  8007 D ar_activity: [resolveHostedAnchor: TASK_IN_PROGRESS time=2023-04-22 01:52:50.817]
04-22 01:52:50.853  7827  8007 D ar_activity: [--- anchor: onUpdate: resolveHostedAnchor: pending resolve--- time=2023-04-22 01:52:50.851]
04-22 01:52:50.856  7827  8007 D ar_activity: [resolveHostedAnchor: TASK_IN_PROGRESS time=2023-04-22 01:52:50.854]
04-22 01:52:50.878  7827  8007 D ar_activity: [--- anchor: onUpdate: resolveHostedAnchor: pending resolve--- time=2023-04-22 01:52:50.878]
04-22 01:52:50.878  7827  8007 D ar_activity: [resolveHostedAnchor: TASK_IN_PROGRESS time=2023-04-22 01:52:50.878]
04-22 01:52:50.900  7827  8007 D ar_activity: [--- anchor: onUpdate: resolveHostedAnchor: pending resolve--- time=2023-04-22 01:52:50.899]
04-22 01:52:50.900  7827  8007 D ar_activity: [resolveHostedAnchor: TASK_IN_PROGRESS time=2023-04-22 01:52:50.900]
04-22 01:52:50.924  7827  8007 D ar_activity: [--- anchor: onUpdate: resolveHostedAnchor: pending resolve--- time=2023-04-22 01:52:50.924]
04-22 01:52:50.927  7827  8007 D ar_activity: [resolveHostedAnchor: TASK_IN_PROGRESS time=2023-04-22 01:52:50.925]
04-22 01:52:50.947  7827  8007 D ar_activity: [--- anchor: onUpdate: resolveHostedAnchor: pending resolve--- time=2023-04-22 01:52:50.947]
04-22 01:52:50.947  7827  8007 D ar_activity: [resolveHostedAnchor: TASK_IN_PROGRESS time=2023-04-22 01:52:50.947]
04-22 01:52:50.965  7827  8007 D ar_activity: [--- anchor: onUpdate: resolveHostedAnchor: pending resolve--- time=2023-04-22 01:52:50.965]
04-22 01:52:50.965  7827  8007 D ar_activity: [resolveHostedAnchor: TASK_IN_PROGRESS time=2023-04-22 01:52:50.965]
04-22 01:52:50.984  7827  8007 D ar_activity: [--- anchor: onUpdate: resolveHostedAnchor: pending resolve--- time=2023-04-22 01:52:50.984]
04-22 01:52:50.984  7827  8007 D ar_activity: [resolveHostedAnchor: TASK_IN_PROGRESS time=2023-04-22 01:52:50.984]
04-22 01:52:51.008  7827  8007 D ar_activity: [--- anchor: onUpdate: resolveHostedAnchor: pending resolve--- time=2023-04-22 01:52:51.008]
04-22 01:52:51.009  7827  8007 D ar_activity: [resolveHostedAnchor: TASK_IN_PROGRESS time=2023-04-22 01:52:51.008]
04-22 01:52:51.028  7827  8007 D ar_activity: [--- anchor: onUpdate: resolveHostedAnchor: pending resolve--- time=2023-04-22 01:52:51.028]
04-22 01:52:51.029  7827  8007 D ar_activity: [resolveHostedAnchor: TASK_IN_PROGRESS time=2023-04-22 01:52:51.028]
04-22 01:52:51.049  7827  8007 D ar_activity: [--- anchor: onUpdate: resolveHostedAnchor: pending resolve--- time=2023-04-22 01:52:51.048]
04-22 01:52:51.050  7827  8007 D ar_activity: [resolveHostedAnchor: TASK_IN_PROGRESS time=2023-04-22 01:52:51.049]
04-22 01:52:51.073  7827  8007 D ar_activity: [--- anchor: onUpdate: resolveHostedAnchor: pending resolve--- time=2023-04-22 01:52:51.073]
04-22 01:52:51.074  7827  8007 D ar_activity: [resolveHostedAnchor: TASK_IN_PROGRESS time=2023-04-22 01:52:51.073]
04-22 01:52:51.098  7827  8007 D ar_activity: [--- anchor: onUpdate: resolveHostedAnchor: pending resolve--- time=2023-04-22 01:52:51.097]
04-22 01:52:51.098  7827  8007 D ar_activity: [resolveHostedAnchor: TASK_IN_PROGRESS time=2023-04-22 01:52:51.098]
04-22 01:52:51.127  7827  8007 D ar_activity: [--- anchor: onUpdate: resolveHostedAnchor: pending resolve--- time=2023-04-22 01:52:51.123]
04-22 01:52:51.127  7827  8007 D ar_activity: [resolveHostedAnchor: TASK_IN_PROGRESS time=2023-04-22 01:52:51.127]
04-22 01:52:51.148  7827  8007 D ar_activity: [--- anchor: onUpdate: resolveHostedAnchor: pending resolve--- time=2023-04-22 01:52:51.148]
04-22 01:52:51.148  7827  8007 D ar_activity: [resolveHostedAnchor: TASK_IN_PROGRESS time=2023-04-22 01:52:51.148]
04-22 01:52:51.167  7827  8007 D ar_activity: [--- anchor: onUpdate: resolveHostedAnchor: pending resolve--- time=2023-04-22 01:52:51.166]
04-22 01:52:51.167  7827  8007 D ar_activity: [resolveHostedAnchor: TASK_IN_PROGRESS time=2023-04-22 01:52:51.167]
04-22 01:52:51.188  7827  8007 D ar_activity: [--- anchor: onUpdate: resolveHostedAnchor: pending resolve--- time=2023-04-22 01:52:51.186]
04-22 01:52:51.189  7827  8007 D ar_activity: [resolveHostedAnchor: TASK_IN_PROGRESS time=2023-04-22 01:52:51.188]
04-22 01:52:51.210  7827  8007 D ar_activity: [--- anchor: onUpdate: resolveHostedAnchor: pending resolve--- time=2023-04-22 01:52:51.210]
04-22 01:52:51.211  7827  8007 D ar_activity: [resolveHostedAnchor: TASK_IN_PROGRESS time=2023-04-22 01:52:51.211]
04-22 01:52:51.233  7827  8007 D ar_activity: [--- anchor: onUpdate: resolveHostedAnchor: pending resolve--- time=2023-04-22 01:52:51.233]
04-22 01:52:51.233  7827  8007 D ar_activity: [resolveHostedAnchor: TASK_IN_PROGRESS time=2023-04-22 01:52:51.233]
04-22 01:52:51.252  7827  8007 D ar_activity: [--- anchor: onUpdate: resolveHostedAnchor: pending resolve--- time=2023-04-22 01:52:51.252]
04-22 01:52:51.252  7827  8007 D ar_activity: [resolveHostedAnchor: TASK_IN_PROGRESS time=2023-04-22 01:52:51.252]
04-22 01:52:51.275  7827  8007 D ar_activity: [--- anchor: onUpdate: resolveHostedAnchor: pending resolve--- time=2023-04-22 01:52:51.274]
04-22 01:52:51.275  7827  8007 D ar_activity: [resolveHostedAnchor: TASK_IN_PROGRESS time=2023-04-22 01:52:51.275]
04-22 01:52:51.298  7827  8007 D ar_activity: [--- anchor: onUpdate: resolveHostedAnchor: pending resolve--- time=2023-04-22 01:52:51.297]
04-22 01:52:51.298  7827  8007 D ar_activity: [resolveHostedAnchor: TASK_IN_PROGRESS time=2023-04-22 01:52:51.298]
04-22 01:52:51.319  7827  8007 D ar_activity: [--- anchor: onUpdate: resolveHostedAnchor: pending resolve--- time=2023-04-22 01:52:51.317]
04-22 01:52:51.319  7827  8007 D ar_activity: [resolveHostedAnchor: TASK_IN_PROGRESS time=2023-04-22 01:52:51.319]
04-22 01:52:51.346  7827  8007 D ar_activity: [--- anchor: onUpdate: resolveHostedAnchor: pending resolve--- time=2023-04-22 01:52:51.345]
04-22 01:52:51.347  7827  8007 D ar_activity: [resolveHostedAnchor: TASK_IN_PROGRESS time=2023-04-22 01:52:51.347]
04-22 01:52:51.366  7827  8007 D ar_activity: [--- anchor: onUpdate: resolveHostedAnchor: pending resolve--- time=2023-04-22 01:52:51.365]
04-22 01:52:51.366  7827  8007 D ar_activity: [resolveHostedAnchor: SUCCESS time=2023-04-22 01:52:51.366]
04-22 01:52:51.367  7827  8007 D ar_activity: [[2d] after update lines time=2023-04-22 01:52:51.367]
04-22 01:52:51.371  7827  7827 D ar_activity: SYNCED: 2023-04-22 01:52:51.370
04-22 01:52:55.676  7827  7827 D ar_activity: [[2a end - 2d start] onChildAdded stroke id=-NTbWRXsPPdSDMKPR5hq time=2023-04-22 01:52:55.676]
04-22 01:52:55.678  7827  7827 D ar_activity: stroke (id: -NTbWRXsPPdSDMKPR5hq) was resolved at 2023-04-22 01:52:55.678
04-22 01:52:55.678  7827  7827 D ar_activity: [[2a end or 2d start] onLineAdded stroke id=-NTbWRXsPPdSDMKPR5hq time=2023-04-22 01:52:55.678]
04-22 01:52:55.689  7827  8007 D ar_activity: [[2d] after update lines time=2023-04-22 01:52:55.689]
04-22 01:52:55.709  7827  7827 D ar_activity: [[2a end - 2d start] onChildChanged stroke id=-NTbWRXsPPdSDMKPR5hq time=2023-04-22 01:52:55.709]
04-22 01:52:55.729  7827  8007 D ar_activity: [[2d] after update lines time=2023-04-22 01:52:55.728]
04-22 01:52:55.800  7827  7827 D ar_activity: [[2a end - 2d start] onChildChanged stroke id=-NTbWRXsPPdSDMKPR5hq time=2023-04-22 01:52:55.799]
04-22 01:52:55.807  7827  8007 D ar_activity: [[2d] after update lines time=2023-04-22 01:52:55.807]
04-22 01:52:55.979  7827  7827 D ar_activity: [[2a end - 2d start] onChildChanged stroke id=-NTbWRXsPPdSDMKPR5hq time=2023-04-22 01:52:55.979]
04-22 01:52:55.981  7827  7827 D ar_activity: [[2a end - 2d start] onChildChanged stroke id=-NTbWRXsPPdSDMKPR5hq time=2023-04-22 01:52:55.981]
04-22 01:52:55.988  7827  8007 D ar_activity: [[2d] after update lines time=2023-04-22 01:52:55.988]
04-22 01:52:56.002  7827  7827 D ar_activity: [[2a end - 2d start] onChildChanged stroke id=-NTbWRXsPPdSDMKPR5hq time=2023-04-22 01:52:56.002]
04-22 01:52:56.007  7827  8007 D ar_activity: [[2d] after update lines time=2023-04-22 01:52:56.007]
04-22 01:52:56.029  7827  8007 D ar_activity: [[2d] after update lines time=2023-04-22 01:52:56.029]
04-22 01:52:56.048  7827  8007 D ar_activity: [[2d] after update lines time=2023-04-22 01:52:56.048]
04-22 01:52:56.067  7827  8007 D ar_activity: [[2d] after update lines time=2023-04-22 01:52:56.067]
04-22 01:52:56.087  7827  8007 D ar_activity: [[2d] after update lines time=2023-04-22 01:52:56.087]
04-22 01:52:56.106  7827  8007 D ar_activity: [[2d] after update lines time=2023-04-22 01:52:56.106]
04-22 01:52:56.119  7827  7827 D ar_activity: [[2a end - 2d start] onChildChanged stroke id=-NTbWRXsPPdSDMKPR5hq time=2023-04-22 01:52:56.118]
04-22 01:52:56.128  7827  8007 D ar_activity: [[2d] after update lines time=2023-04-22 01:52:56.128]
04-22 01:52:56.138  7827  7827 D ar_activity: [[2a end - 2d start] onChildChanged stroke id=-NTbWRXsPPdSDMKPR5hq time=2023-04-22 01:52:56.138]
04-22 01:52:56.148  7827  8007 D ar_activity: [[2d] after update lines time=2023-04-22 01:52:56.148]
04-22 01:52:56.167  7827  8007 D ar_activity: [[2d] after update lines time=2023-04-22 01:52:56.167]
04-22 01:52:56.188  7827  8007 D ar_activity: [[2d] after update lines time=2023-04-22 01:52:56.188]
04-22 01:52:56.213  7827  8007 D ar_activity: [[2d] after update lines time=2023-04-22 01:52:56.213]
04-22 01:52:56.234  7827  8007 D ar_activity: [[2d] after update lines time=2023-04-22 01:52:56.234]
04-22 01:52:56.253  7827  8007 D ar_activity: [[2d] after update lines time=2023-04-22 01:52:56.253]
04-22 01:52:56.267  7827  7827 D ar_activity: [[2a end - 2d start] onChildChanged stroke id=-NTbWRXsPPdSDMKPR5hq time=2023-04-22 01:52:56.267]
04-22 01:52:56.269  7827  7827 D ar_activity: [[2a end - 2d start] onChildChanged stroke id=-NTbWRXsPPdSDMKPR5hq time=2023-04-22 01:52:56.269]
04-22 01:52:56.272  7827  8007 D ar_activity: [[2d] after update lines time=2023-04-22 01:52:56.272]
04-22 01:52:56.291  7827  8007 D ar_activity: [[2d] after update lines time=2023-04-22 01:52:56.290]
04-22 01:52:56.313  7827  8007 D ar_activity: [[2d] after update lines time=2023-04-22 01:52:56.312]
04-22 01:52:56.331  7827  8007 D ar_activity: [[2d] after update lines time=2023-04-22 01:52:56.331]
04-22 01:52:56.350  7827  8007 D ar_activity: [[2d] after update lines time=2023-04-22 01:52:56.350]
04-22 01:52:56.369  7827  8007 D ar_activity: [[2d] after update lines time=2023-04-22 01:52:56.369]
04-22 01:52:56.389  7827  8007 D ar_activity: [[2d] after update lines time=2023-04-22 01:52:56.389]
04-22 01:52:56.392  7827  7827 D ar_activity: [[2a end - 2d start] onChildChanged stroke id=-NTbWRXsPPdSDMKPR5hq time=2023-04-22 01:52:56.392]
04-22 01:52:56.397  7827  7827 D ar_activity: [[2a end - 2d start] onChildChanged stroke id=-NTbWRXsPPdSDMKPR5hq time=2023-04-22 01:52:56.397]
04-22 01:52:56.408  7827  8007 D ar_activity: [[2d] after update lines time=2023-04-22 01:52:56.408]
04-22 01:52:56.429  7827  8007 D ar_activity: [[2d] after update lines time=2023-04-22 01:52:56.429]
04-22 01:52:56.448  7827  8007 D ar_activity: [[2d] after update lines time=2023-04-22 01:52:56.448]
04-22 01:52:56.467  7827  8007 D ar_activity: [[2d] after update lines time=2023-04-22 01:52:56.467]
04-22 01:52:56.480  7827  7827 D ar_activity: [[2a end - 2d start] onChildChanged stroke id=-NTbWRXsPPdSDMKPR5hq time=2023-04-22 01:52:56.480]
04-22 01:52:56.486  7827  8007 D ar_activity: [[2d] after update lines time=2023-04-22 01:52:56.486]
04-22 01:52:56.507  7827  8007 D ar_activity: [[2d] after update lines time=2023-04-22 01:52:56.507]
04-22 01:52:56.530  7827  8007 D ar_activity: [[2d] after update lines time=2023-04-22 01:52:56.529]
04-22 01:52:56.540  7827  7827 D ar_activity: [[2a end - 2d start] onChildChanged stroke id=-NTbWRXsPPdSDMKPR5hq time=2023-04-22 01:52:56.540]
04-22 01:52:56.549  7827  8007 D ar_activity: [[2d] after update lines time=2023-04-22 01:52:56.549]
04-22 01:52:56.568  7827  8007 D ar_activity: [[2d] after update lines time=2023-04-22 01:52:56.568]
04-22 01:52:56.587  7827  8007 D ar_activity: [[2d] after update lines time=2023-04-22 01:52:56.587]
04-22 01:52:56.606  7827  8007 D ar_activity: [[2d] after update lines time=2023-04-22 01:52:56.606]
04-22 01:52:56.630  7827  8007 D ar_activity: [[2d] after update lines time=2023-04-22 01:52:56.628]
04-22 01:52:56.646  7827  7827 D ar_activity: [[2a end - 2d start] onChildChanged stroke id=-NTbWRXsPPdSDMKPR5hq time=2023-04-22 01:52:56.646]
04-22 01:52:56.654  7827  8007 D ar_activity: [[2d] after update lines time=2023-04-22 01:52:56.654]
04-22 01:52:56.672  7827  7827 D ar_activity: [[2a end - 2d start] onChildChanged stroke id=-NTbWRXsPPdSDMKPR5hq time=2023-04-22 01:52:56.671]
04-22 01:52:56.673  7827  8007 D ar_activity: [[2d] after update lines time=2023-04-22 01:52:56.673]
04-22 01:52:56.691  7827  8007 D ar_activity: [[2d] after update lines time=2023-04-22 01:52:56.691]
04-22 01:52:56.713  7827  8007 D ar_activity: [[2d] after update lines time=2023-04-22 01:52:56.713]
04-22 01:52:56.733  7827  8007 D ar_activity: [[2d] after update lines time=2023-04-22 01:52:56.732]
04-22 01:52:56.752  7827  8007 D ar_activity: [[2d] after update lines time=2023-04-22 01:52:56.752]
04-22 01:52:56.771  7827  8007 D ar_activity: [[2d] after update lines time=2023-04-22 01:52:56.771]
04-22 01:52:56.787  7827  7827 D ar_activity: [[2a end - 2d start] onChildChanged stroke id=-NTbWRXsPPdSDMKPR5hq time=2023-04-22 01:52:56.787]
04-22 01:52:56.790  7827  8007 D ar_activity: [[2d] after update lines time=2023-04-22 01:52:56.790]
04-22 01:52:56.806  7827  7827 D ar_activity: [[2a end - 2d start] onChildChanged stroke id=-NTbWRXsPPdSDMKPR5hq time=2023-04-22 01:52:56.806]
04-22 01:52:56.810  7827  8007 D ar_activity: [[2d] after update lines time=2023-04-22 01:52:56.809]
04-22 01:52:56.830  7827  8007 D ar_activity: [[2d] after update lines time=2023-04-22 01:52:56.830]
04-22 01:52:56.849  7827  8007 D ar_activity: [[2d] after update lines time=2023-04-22 01:52:56.849]
04-22 01:52:56.868  7827  8007 D ar_activity: [[2d] after update lines time=2023-04-22 01:52:56.868]
04-22 01:52:56.891  7827  8007 D ar_activity: [[2d] after update lines time=2023-04-22 01:52:56.890]
04-22 01:52:56.913  7827  7827 D ar_activity: [[2a end - 2d start] onChildChanged stroke id=-NTbWRXsPPdSDMKPR5hq time=2023-04-22 01:52:56.913]
04-22 01:52:56.915  7827  8007 D ar_activity: [[2d] after update lines time=2023-04-22 01:52:56.914]
04-22 01:52:56.936  7827  8007 D ar_activity: [[2d] after update lines time=2023-04-22 01:52:56.936]
04-22 01:52:56.936  7827  7827 D ar_activity: [[2a end - 2d start] onChildChanged stroke id=-NTbWRXsPPdSDMKPR5hq time=2023-04-22 01:52:56.936]
04-22 01:52:56.957  7827  8007 D ar_activity: [[2d] after update lines time=2023-04-22 01:52:56.956]
04-22 01:52:56.976  7827  8007 D ar_activity: [[2d] after update lines time=2023-04-22 01:52:56.975]
04-22 01:52:56.997  7827  8007 D ar_activity: [[2d] after update lines time=2023-04-22 01:52:56.997]
04-22 01:52:57.016  7827  8007 D ar_activity: [[2d] after update lines time=2023-04-22 01:52:57.016]
04-22 01:52:57.029  7827  7827 D ar_activity: [[2a end - 2d start] onChildChanged stroke id=-NTbWRXsPPdSDMKPR5hq time=2023-04-22 01:52:57.029]
04-22 01:52:57.035  7827  8007 D ar_activity: [[2d] after update lines time=2023-04-22 01:52:57.035]
04-22 01:52:57.056  7827  8007 D ar_activity: [[2d] after update lines time=2023-04-22 01:52:57.056]
04-22 01:52:57.076  7827  8007 D ar_activity: [[2d] after update lines time=2023-04-22 01:52:57.075]
04-22 01:52:57.098  7827  8007 D ar_activity: [[2d] after update lines time=2023-04-22 01:52:57.098]
04-22 01:52:57.122  7827  8007 D ar_activity: [[2d] after update lines time=2023-04-22 01:52:57.122]
04-22 01:52:57.145  7827  8007 D ar_activity: [[2d] after update lines time=2023-04-22 01:52:57.144]
04-22 01:52:57.145  7827  7827 D ar_activity: [[2a end - 2d start] onChildChanged stroke id=-NTbWRXsPPdSDMKPR5hq time=2023-04-22 01:52:57.145]
04-22 01:52:57.165  7827  8007 D ar_activity: [[2d] after update lines time=2023-04-22 01:52:57.165]
04-22 01:52:57.169  7827  7827 D ar_activity: [[2a end - 2d start] onChildChanged stroke id=-NTbWRXsPPdSDMKPR5hq time=2023-04-22 01:52:57.169]
04-22 01:52:57.185  7827  8007 D ar_activity: [[2d] after update lines time=2023-04-22 01:52:57.184]
04-22 01:52:57.213  7827  8007 D ar_activity: [[2d] after update lines time=2023-04-22 01:52:57.212]
04-22 01:52:57.237  7827  8007 D ar_activity: [[2d] after update lines time=2023-04-22 01:52:57.237]
04-22 01:52:57.255  7827  8007 D ar_activity: [[2d] after update lines time=2023-04-22 01:52:57.255]
04-22 01:52:57.275  7827  8007 D ar_activity: [[2d] after update lines time=2023-04-22 01:52:57.275]
04-22 01:52:57.282  7827  7827 D ar_activity: [[2a end - 2d start] onChildChanged stroke id=-NTbWRXsPPdSDMKPR5hq time=2023-04-22 01:52:57.282]
04-22 01:52:57.297  7827  8007 D ar_activity: [[2d] after update lines time=2023-04-22 01:52:57.297]
04-22 01:52:57.308  7827  7827 D ar_activity: [[2a end - 2d start] onChildChanged stroke id=-NTbWRXsPPdSDMKPR5hq time=2023-04-22 01:52:57.307]
04-22 01:52:57.316  7827  8007 D ar_activity: [[2d] after update lines time=2023-04-22 01:52:57.316]
04-22 01:52:57.335  7827  8007 D ar_activity: [[2d] after update lines time=2023-04-22 01:52:57.335]
04-22 01:52:57.356  7827  8007 D ar_activity: [[2d] after update lines time=2023-04-22 01:52:57.355]
04-22 01:52:57.375  7827  8007 D ar_activity: [[2d] after update lines time=2023-04-22 01:52:57.374]
04-22 01:52:57.396  7827  8007 D ar_activity: [[2d] after update lines time=2023-04-22 01:52:57.396]
04-22 01:52:57.413  7827  7827 D ar_activity: [[2a end - 2d start] onChildChanged stroke id=-NTbWRXsPPdSDMKPR5hq time=2023-04-22 01:52:57.413]
04-22 01:52:57.417  7827  8007 D ar_activity: [[2d] after update lines time=2023-04-22 01:52:57.417]
04-22 01:52:57.441  7827  8007 D ar_activity: [[2d] after update lines time=2023-04-22 01:52:57.440]
04-22 01:52:57.456  7827  7827 D ar_activity: [[2a end - 2d start] onChildChanged stroke id=-NTbWRXsPPdSDMKPR5hq time=2023-04-22 01:52:57.456]
04-22 01:52:57.461  7827  8007 D ar_activity: [[2d] after update lines time=2023-04-22 01:52:57.460]
04-22 01:52:57.482  7827  8007 D ar_activity: [[2d] after update lines time=2023-04-22 01:52:57.482]
04-22 01:52:57.501  7827  8007 D ar_activity: [[2d] after update lines time=2023-04-22 01:52:57.501]
04-22 01:52:57.520  7827  8007 D ar_activity: [[2d] after update lines time=2023-04-22 01:52:57.520]
04-22 01:52:57.539  7827  8007 D ar_activity: [[2d] after update lines time=2023-04-22 01:52:57.539]
04-22 01:52:57.558  7827  8007 D ar_activity: [[2d] after update lines time=2023-04-22 01:52:57.558]
04-22 01:52:57.573  7827  7827 D ar_activity: [[2a end - 2d start] onChildChanged stroke id=-NTbWRXsPPdSDMKPR5hq time=2023-04-22 01:52:57.573]
04-22 01:52:57.578  7827  8007 D ar_activity: [[2d] after update lines time=2023-04-22 01:52:57.577]
04-22 01:52:57.598  7827  8007 D ar_activity: [[2d] after update lines time=2023-04-22 01:52:57.598]
04-22 01:52:57.617  7827  8007 D ar_activity: [[2d] after update lines time=2023-04-22 01:52:57.617]
04-22 01:52:57.637  7827  8007 D ar_activity: [[2d] after update lines time=2023-04-22 01:52:57.637]
04-22 01:52:57.653  7827  7827 D ar_activity: [[2a end - 2d start] onChildChanged stroke id=-NTbWRXsPPdSDMKPR5hq time=2023-04-22 01:52:57.653]
04-22 01:52:57.658  7827  8007 D ar_activity: [[2d] after update lines time=2023-04-22 01:52:57.657]
04-22 01:52:57.676  7827  8007 D ar_activity: [[2d] after update lines time=2023-04-22 01:52:57.676]
04-22 01:52:57.702  7827  8007 D ar_activity: [[2d] after update lines time=2023-04-22 01:52:57.701]
04-22 01:52:57.723  7827  8007 D ar_activity: [[2d] after update lines time=2023-04-22 01:52:57.723]
04-22 01:52:57.742  7827  8007 D ar_activity: [[2d] after update lines time=2023-04-22 01:52:57.742]
04-22 01:52:57.763  7827  8007 D ar_activity: [[2d] after update lines time=2023-04-22 01:52:57.763]
04-22 01:52:57.782  7827  8007 D ar_activity: [[2d] after update lines time=2023-04-22 01:52:57.782]
04-22 01:52:57.794  7827  7827 D ar_activity: [[2a end - 2d start] onChildChanged stroke id=-NTbWRXsPPdSDMKPR5hq time=2023-04-22 01:52:57.793]
04-22 01:52:57.802  7827  8007 D ar_activity: [[2d] after update lines time=2023-04-22 01:52:57.802]
04-22 01:52:57.825  7827  8007 D ar_activity: [[2d] after update lines time=2023-04-22 01:52:57.825]
04-22 01:52:57.844  7827  8007 D ar_activity: [[2d] after update lines time=2023-04-22 01:52:57.844]
04-22 01:52:57.870  7827  8007 D ar_activity: [[2d] after update lines time=2023-04-22 01:52:57.870]
04-22 01:52:57.884  7827  7827 D ar_activity: [[2a end - 2d start] onChildChanged stroke id=-NTbWRXsPPdSDMKPR5hq time=2023-04-22 01:52:57.884]
04-22 01:52:57.892  7827  8007 D ar_activity: [[2d] after update lines time=2023-04-22 01:52:57.892]
04-22 01:52:57.911  7827  8007 D ar_activity: [[2d] after update lines time=2023-04-22 01:52:57.911]
04-22 01:52:57.932  7827  8007 D ar_activity: [[2d] after update lines time=2023-04-22 01:52:57.932]
04-22 01:52:57.951  7827  8007 D ar_activity: [[2d] after update lines time=2023-04-22 01:52:57.951]
04-22 01:52:57.970  7827  8007 D ar_activity: [[2d] after update lines time=2023-04-22 01:52:57.970]
04-22 01:52:57.990  7827  8007 D ar_activity: [[2d] after update lines time=2023-04-22 01:52:57.990]
04-22 01:52:58.009  7827  8007 D ar_activity: [[2d] after update lines time=2023-04-22 01:52:58.009]
04-22 01:52:58.016  7827  7827 D ar_activity: [[2a end - 2d start] onChildChanged stroke id=-NTbWRXsPPdSDMKPR5hq time=2023-04-22 01:52:58.016]
04-22 01:52:58.037  7827  8007 D ar_activity: [[2d] after update lines time=2023-04-22 01:52:58.036]
04-22 01:52:58.057  7827  8007 D ar_activity: [[2d] after update lines time=2023-04-22 01:52:58.057]
04-22 01:52:58.076  7827  8007 D ar_activity: [[2d] after update lines time=2023-04-22 01:52:58.075]
04-22 01:52:58.087  7827  7827 D ar_activity: [[2a end - 2d start] onChildChanged stroke id=-NTbWRXsPPdSDMKPR5hq time=2023-04-22 01:52:58.087]
04-22 01:52:58.098  7827  8007 D ar_activity: [[2d] after update lines time=2023-04-22 01:52:58.098]
04-22 01:52:58.117  7827  8007 D ar_activity: [[2d] after update lines time=2023-04-22 01:52:58.117]
04-22 01:52:58.136  7827  8007 D ar_activity: [[2d] after update lines time=2023-04-22 01:52:58.136]
04-22 01:52:58.157  7827  8007 D ar_activity: [[2d] after update lines time=2023-04-22 01:52:58.157]
04-22 01:52:58.171  7827  7827 D ar_activity: [[2a end - 2d start] onChildChanged stroke id=-NTbWRXsPPdSDMKPR5hq time=2023-04-22 01:52:58.171]
04-22 01:52:58.182  7827  8007 D ar_activity: [[2d] after update lines time=2023-04-22 01:52:58.181]
04-22 01:52:58.204  7827  8007 D ar_activity: [[2d] after update lines time=2023-04-22 01:52:58.203]
04-22 01:52:58.234  7827  7827 D ar_activity: [[2a end - 2d start] onChildChanged stroke id=-NTbWRXsPPdSDMKPR5hq time=2023-04-22 01:52:58.234]
04-22 01:52:58.235  7827  8007 D ar_activity: [[2d] after update lines time=2023-04-22 01:52:58.235]
04-22 01:52:58.257  7827  8007 D ar_activity: [[2d] after update lines time=2023-04-22 01:52:58.257]
04-22 01:52:58.276  7827  8007 D ar_activity: [[2d] after update lines time=2023-04-22 01:52:58.276]
04-22 01:52:58.296  7827  8007 D ar_activity: [[2d] after update lines time=2023-04-22 01:52:58.295]
04-22 01:52:58.318  7827  8007 D ar_activity: [[2d] after update lines time=2023-04-22 01:52:58.318]
04-22 01:52:58.318  7827  7827 D ar_activity: [[2a end - 2d start] onChildChanged stroke id=-NTbWRXsPPdSDMKPR5hq time=2023-04-22 01:52:58.318]
04-22 01:52:58.338  7827  8007 D ar_activity: [[2d] after update lines time=2023-04-22 01:52:58.338]
04-22 01:52:58.358  7827  8007 D ar_activity: [[2d] after update lines time=2023-04-22 01:52:58.358]
04-22 01:52:58.377  7827  8007 D ar_activity: [[2d] after update lines time=2023-04-22 01:52:58.377]
04-22 01:52:58.400  7827  7827 D ar_activity: [[2a end - 2d start] onChildChanged stroke id=-NTbWRXsPPdSDMKPR5hq time=2023-04-22 01:52:58.400]
04-22 01:52:58.401  7827  8007 D ar_activity: [[2d] after update lines time=2023-04-22 01:52:58.401]
04-22 01:52:58.422  7827  8007 D ar_activity: [[2d] after update lines time=2023-04-22 01:52:58.422]
04-22 01:52:58.442  7827  8007 D ar_activity: [[2d] after update lines time=2023-04-22 01:52:58.442]
04-22 01:52:58.460  7827  7827 D ar_activity: [[2a end - 2d start] onChildChanged stroke id=-NTbWRXsPPdSDMKPR5hq time=2023-04-22 01:52:58.460]
04-22 01:52:58.461  7827  8007 D ar_activity: [[2d] after update lines time=2023-04-22 01:52:58.461]
04-22 01:52:58.481  7827  8007 D ar_activity: [[2d] after update lines time=2023-04-22 01:52:58.480]
04-22 01:52:58.505  7827  8007 D ar_activity: [[2d] after update lines time=2023-04-22 01:52:58.505]
04-22 01:52:58.523  7827  7827 D ar_activity: [[2a end - 2d start] onChildChanged stroke id=-NTbWRXsPPdSDMKPR5hq time=2023-04-22 01:52:58.523]
