--------- beginning of main
04-21 17:07:35.072 26127 26259 D ar_activity: [[2d] after update lines time=2023-04-21 17:07:35.036]
04-21 17:07:38.534 26127 26127 D ar_activity: [--- pair start --- time=2023-04-21 17:07:38.534]
04-21 17:07:38.534 26127 26127 D ar_activity: [--- pair session start --- time=2023-04-21 17:07:38.534]
04-21 17:07:38.565 26127 26127 D ar_activity: [create room: Message{namespace='', type='', content=[34 bytes]} time=2023-04-21 17:07:38.565]
04-21 17:07:38.576 26127 26127 D ar_activity: LOOKING: 2023-04-21 17:07:38.576
04-21 17:07:45.635 26127 26127 D ar_activity: [--- pair joined --- time=2023-04-21 17:07:45.635]
04-21 17:07:45.637 26127 26127 D ar_activity: PARTNER FOUND: 2023-04-21 17:07:45.637
04-21 17:07:47.645 26127 26127 D ar_activity: SET ANCHOR: 2023-04-21 17:07:47.645
04-21 17:07:48.698 26127 26127 D ar_activity: [anchor resolution changed: null time=2023-04-21 17:07:48.697]
04-21 17:07:49.165 26127 26127 D ar_activity: [--- sync ready to set anchor --- time=2023-04-21 17:07:49.165]
04-21 17:07:49.165 26127 26127 D ar_activity: [--- sync: sendSetAnchorEvent --- time=2023-04-21 17:07:49.165]
04-21 17:07:49.166 26127 26127 D ar_activity: --- start creating anchor: 2023-04-21 17:07:49.166 ---
04-21 17:07:49.166 26127 26127 D ar_activity: --- anchor: com.google.ar.core.Anchor@b49cafe9 ---
04-21 17:07:49.167 26127 26127 D ar_activity: --- finish creating anchor: 2023-04-21 17:07:49.167 ---
04-21 17:07:49.168 26127 26127 D ar_activity: [hostAnchor start time=2023-04-21 17:07:49.168]
04-21 17:07:49.169 26127 26127 D ar_activity: [hostAnchor end time=2023-04-21 17:07:49.168]
04-21 17:07:49.172 26127 26127 D ar_activity: Start CONNECTING: 2023-04-21 17:07:49.171
04-21 17:07:49.189 26127 26259 D ar_activity: [--- anchor: onUpdate--- time=2023-04-21 17:07:49.188]
04-21 17:07:51.995 26127 26259 D ar_activity: [--- anchor: onUpdate--- time=2023-04-21 17:07:51.995]
04-21 17:07:52.772 26127 26259 D ar_activity: [--- anchor: onUpdate--- time=2023-04-21 17:07:52.772]
04-21 17:07:52.774 26127 26259 D ar_activity: [--- onAnchorHosted [HOSTED]--- time=2023-04-21 17:07:52.772]
04-21 17:07:52.778 26127 26127 D ar_activity: [anchor resolution changed: false time=2023-04-21 17:07:52.778]
04-21 17:07:53.569 26127 26127 D ar_activity: [--- sync: finish syncing anchor --- time=2023-04-21 17:07:53.569]
04-21 17:07:53.578 26127 26127 D ar_activity: SYNCED: 2023-04-21 17:07:53.577
04-21 17:07:53.637 26127 26127 D ar_activity: [[2a end - 2d start] onChildAdded stroke id=-NT_dGbEkilBimmQQlbh time=2023-04-21 17:07:53.636]
04-21 17:07:53.645 26127 26127 D ar_activity: stroke (id: -NT_dGbEkilBimmQQlbh) was resolved at 2023-04-21 17:07:53.645
04-21 17:07:53.645 26127 26127 D ar_activity: [[2a end or 2d start] onLineAdded stroke id=-NT_dGbEkilBimmQQlbh time=2023-04-21 17:07:53.645]
04-21 17:07:53.658 26127 26259 D ar_activity: [[2d] after update lines time=2023-04-21 17:07:53.658]
04-21 17:07:53.715 26127 26259 D ar_activity: [[2d] after update lines time=2023-04-21 17:07:53.715]
04-21 17:07:53.735 26127 26259 D ar_activity: [[2d] after update lines time=2023-04-21 17:07:53.735]
04-21 17:07:53.755 26127 26259 D ar_activity: [[2d] after update lines time=2023-04-21 17:07:53.755]
04-21 17:07:53.778 26127 26259 D ar_activity: [[2d] after update lines time=2023-04-21 17:07:53.778]
04-21 17:07:53.798 26127 26259 D ar_activity: [[2d] after update lines time=2023-04-21 17:07:53.797]
04-21 17:07:53.818 26127 26259 D ar_activity: [[2d] after update lines time=2023-04-21 17:07:53.818]
04-21 17:07:53.838 26127 26259 D ar_activity: [[2d] after update lines time=2023-04-21 17:07:53.838]
04-21 17:07:53.859 26127 26259 D ar_activity: [[2d] after update lines time=2023-04-21 17:07:53.859]
04-21 17:07:53.878 26127 26259 D ar_activity: [[2d] after update lines time=2023-04-21 17:07:53.878]
04-21 17:07:53.899 26127 26259 D ar_activity: [[2d] after update lines time=2023-04-21 17:07:53.899]
04-21 17:07:53.920 26127 26259 D ar_activity: [[2d] after update lines time=2023-04-21 17:07:53.920]
04-21 17:07:53.939 26127 26259 D ar_activity: [[2d] after update lines time=2023-04-21 17:07:53.939]
04-21 17:08:01.925 26127 26127 D ar_activity: [[1a start] touch screen time=2023-04-21 17:08:01.924]
04-21 17:08:01.941 26127 26259 D ar_activity: addStroke at 2023-04-21 17:08:01.941
04-21 17:08:01.942 26127 26259 D ar_activity: stroke (id: -NT_dIeqGauMNyi7FtHh) was added at 2023-04-21 17:08:01.942
04-21 17:08:01.942 26127 26259 D ar_activity: [[1b start] setFirebaseValue stroke id=-NT_dIeqGauMNyi7FtHh time=2023-04-21 17:08:01.942]
04-21 17:08:01.944 26127 26259 D ar_activity: [TRACKING TransformPointToPose time=2023-04-21 17:08:01.944]
04-21 17:08:01.946 26127 26259 D ar_activity: [TRACKING TransformPointToPose time=2023-04-21 17:08:01.946]
04-21 17:08:01.946 26127 26259 D ar_activity: send stroke to firebase, id=-NT_dIeqGauMNyi7FtHh
04-21 17:08:01.947 26127 26259 D ar_activity: [[2d] after update lines time=2023-04-21 17:08:01.947]
04-21 17:08:01.954 26127 26127 D ar_activity: [[2a end - 2d start] onChildAdded stroke id=-NT_dIeqGauMNyi7FtHh time=2023-04-21 17:08:01.954]
04-21 17:08:01.969 26127 26259 D ar_activity: [TRACKING TransformPointToPose time=2023-04-21 17:08:01.969]
04-21 17:08:01.969 26127 26259 D ar_activity: [TRACKING TransformPointToPose time=2023-04-21 17:08:01.969]
04-21 17:08:01.970 26127 26259 D ar_activity: send stroke to firebase, id=-NT_dIeqGauMNyi7FtHh
04-21 17:08:01.970 26127 26259 D ar_activity: [[2d] after update lines time=2023-04-21 17:08:01.970]
04-21 17:08:01.992 26127 26259 D ar_activity: [TRACKING TransformPointToPose time=2023-04-21 17:08:01.992]
04-21 17:08:01.993 26127 26259 D ar_activity: [TRACKING TransformPointToPose time=2023-04-21 17:08:01.992]
04-21 17:08:01.993 26127 26259 D ar_activity: send stroke to firebase, id=-NT_dIeqGauMNyi7FtHh
04-21 17:08:01.994 26127 26259 D ar_activity: [[2d] after update lines time=2023-04-21 17:08:01.994]
04-21 17:08:02.012 26127 26127 D ar_activity: [[1b start] setFirebaseValue stroke id=-NT_dIeqGauMNyi7FtHh time=2023-04-21 17:08:02.011]
04-21 17:08:02.014 26127 26259 D ar_activity: [TRACKING TransformPointToPose time=2023-04-21 17:08:02.014]
04-21 17:08:02.014 26127 26259 D ar_activity: [TRACKING TransformPointToPose time=2023-04-21 17:08:02.014]
04-21 17:08:02.014 26127 26259 D ar_activity: send stroke to firebase, id=-NT_dIeqGauMNyi7FtHh
04-21 17:08:02.015 26127 26259 D ar_activity: [[2d] after update lines time=2023-04-21 17:08:02.015]
04-21 17:08:02.016 26127 26127 D ar_activity: [[2a end - 2d start] onChildChanged stroke id=-NT_dIeqGauMNyi7FtHh time=2023-04-21 17:08:02.016]
04-21 17:08:02.037 26127 26259 D ar_activity: [TRACKING TransformPointToPose time=2023-04-21 17:08:02.036]
04-21 17:08:02.037 26127 26259 D ar_activity: [TRACKING TransformPointToPose time=2023-04-21 17:08:02.037]
04-21 17:08:02.037 26127 26259 D ar_activity: send stroke to firebase, id=-NT_dIeqGauMNyi7FtHh
04-21 17:08:02.037 26127 26259 D ar_activity: [[2d] after update lines time=2023-04-21 17:08:02.037]
04-21 17:08:02.057 26127 26259 D ar_activity: [TRACKING TransformPointToPose time=2023-04-21 17:08:02.057]
04-21 17:08:02.057 26127 26259 D ar_activity: [TRACKING TransformPointToPose time=2023-04-21 17:08:02.057]
04-21 17:08:02.057 26127 26259 D ar_activity: send stroke to firebase, id=-NT_dIeqGauMNyi7FtHh
04-21 17:08:02.058 26127 26259 D ar_activity: [[2d] after update lines time=2023-04-21 17:08:02.058]
04-21 17:08:02.079 26127 26259 D ar_activity: [TRACKING TransformPointToPose time=2023-04-21 17:08:02.078]
04-21 17:08:02.079 26127 26259 D ar_activity: [TRACKING TransformPointToPose time=2023-04-21 17:08:02.079]
04-21 17:08:02.079 26127 26259 D ar_activity: send stroke to firebase, id=-NT_dIeqGauMNyi7FtHh
04-21 17:08:02.081 26127 26259 D ar_activity: [[2d] after update lines time=2023-04-21 17:08:02.080]
04-21 17:08:02.098 26127 26127 D ar_activity: [[2a end - 2d start] onChildChanged stroke id=-NT_dIeqGauMNyi7FtHh time=2023-04-21 17:08:02.097]
04-21 17:08:02.105 26127 26259 D ar_activity: [TRACKING TransformPointToPose time=2023-04-21 17:08:02.105]
04-21 17:08:02.105 26127 26259 D ar_activity: send stroke to firebase, id=-NT_dIeqGauMNyi7FtHh
04-21 17:08:02.105 26127 26259 D ar_activity: [[2d] after update lines time=2023-04-21 17:08:02.105]
04-21 17:08:02.124 26127 26259 D ar_activity: [TRACKING TransformPointToPose time=2023-04-21 17:08:02.124]
04-21 17:08:02.124 26127 26259 D ar_activity: [TRACKING TransformPointToPose time=2023-04-21 17:08:02.124]
04-21 17:08:02.124 26127 26259 D ar_activity: send stroke to firebase, id=-NT_dIeqGauMNyi7FtHh
04-21 17:08:02.125 26127 26259 D ar_activity: [[2d] after update lines time=2023-04-21 17:08:02.125]
04-21 17:08:02.144 26127 26259 D ar_activity: [TRACKING TransformPointToPose time=2023-04-21 17:08:02.144]
04-21 17:08:02.144 26127 26259 D ar_activity: [TRACKING TransformPointToPose time=2023-04-21 17:08:02.144]
04-21 17:08:02.144 26127 26259 D ar_activity: send stroke to firebase, id=-NT_dIeqGauMNyi7FtHh
04-21 17:08:02.145 26127 26259 D ar_activity: [[2d] after update lines time=2023-04-21 17:08:02.145]
04-21 17:08:02.164 26127 26127 D ar_activity: [[2a end - 2d start] onChildChanged stroke id=-NT_dIeqGauMNyi7FtHh time=2023-04-21 17:08:02.164]
04-21 17:08:02.165 26127 26259 D ar_activity: [TRACKING TransformPointToPose time=2023-04-21 17:08:02.165]
04-21 17:08:02.166 26127 26259 D ar_activity: [TRACKING TransformPointToPose time=2023-04-21 17:08:02.166]
04-21 17:08:02.167 26127 26259 D ar_activity: send stroke to firebase, id=-NT_dIeqGauMNyi7FtHh
04-21 17:08:02.169 26127 26259 D ar_activity: [[2d] after update lines time=2023-04-21 17:08:02.168]
04-21 17:08:02.189 26127 26259 D ar_activity: [TRACKING TransformPointToPose time=2023-04-21 17:08:02.189]
04-21 17:08:02.189 26127 26259 D ar_activity: [TRACKING TransformPointToPose time=2023-04-21 17:08:02.189]
04-21 17:08:02.189 26127 26259 D ar_activity: send stroke to firebase, id=-NT_dIeqGauMNyi7FtHh
04-21 17:08:02.190 26127 26259 D ar_activity: [[2d] after update lines time=2023-04-21 17:08:02.190]
04-21 17:08:02.210 26127 26259 D ar_activity: [TRACKING TransformPointToPose time=2023-04-21 17:08:02.210]
04-21 17:08:02.210 26127 26259 D ar_activity: [TRACKING TransformPointToPose time=2023-04-21 17:08:02.210]
04-21 17:08:02.210 26127 26259 D ar_activity: send stroke to firebase, id=-NT_dIeqGauMNyi7FtHh
04-21 17:08:02.211 26127 26259 D ar_activity: [[2d] after update lines time=2023-04-21 17:08:02.211]
04-21 17:08:02.225 26127 26127 D ar_activity: [[2a end - 2d start] onChildChanged stroke id=-NT_dIeqGauMNyi7FtHh time=2023-04-21 17:08:02.224]
04-21 17:08:02.229 26127 26259 D ar_activity: [TRACKING TransformPointToPose time=2023-04-21 17:08:02.229]
04-21 17:08:02.230 26127 26259 D ar_activity: [TRACKING TransformPointToPose time=2023-04-21 17:08:02.229]
04-21 17:08:02.230 26127 26259 D ar_activity: send stroke to firebase, id=-NT_dIeqGauMNyi7FtHh
04-21 17:08:02.230 26127 26259 D ar_activity: [[2d] after update lines time=2023-04-21 17:08:02.230]
04-21 17:08:02.251 26127 26259 D ar_activity: [TRACKING TransformPointToPose time=2023-04-21 17:08:02.251]
04-21 17:08:02.251 26127 26259 D ar_activity: send stroke to firebase, id=-NT_dIeqGauMNyi7FtHh
04-21 17:08:02.252 26127 26259 D ar_activity: [[2d] after update lines time=2023-04-21 17:08:02.252]
04-21 17:08:02.271 26127 26259 D ar_activity: [TRACKING TransformPointToPose time=2023-04-21 17:08:02.270]
04-21 17:08:02.271 26127 26259 D ar_activity: send stroke to firebase, id=-NT_dIeqGauMNyi7FtHh
04-21 17:08:02.271 26127 26259 D ar_activity: [[2d] after update lines time=2023-04-21 17:08:02.271]
04-21 17:08:02.289 26127 26127 D ar_activity: [[2a end - 2d start] onChildChanged stroke id=-NT_dIeqGauMNyi7FtHh time=2023-04-21 17:08:02.289]
04-21 17:08:02.292 26127 26259 D ar_activity: [TRACKING TransformPointToPose time=2023-04-21 17:08:02.292]
04-21 17:08:02.292 26127 26259 D ar_activity: [TRACKING TransformPointToPose time=2023-04-21 17:08:02.292]
04-21 17:08:02.293 26127 26259 D ar_activity: send stroke to firebase, id=-NT_dIeqGauMNyi7FtHh
04-21 17:08:02.294 26127 26259 D ar_activity: [[2d] after update lines time=2023-04-21 17:08:02.294]
04-21 17:08:02.314 26127 26259 D ar_activity: [TRACKING TransformPointToPose time=2023-04-21 17:08:02.313]
04-21 17:08:02.314 26127 26259 D ar_activity: [TRACKING TransformPointToPose time=2023-04-21 17:08:02.314]
04-21 17:08:02.314 26127 26259 D ar_activity: send stroke to firebase, id=-NT_dIeqGauMNyi7FtHh
04-21 17:08:02.315 26127 26259 D ar_activity: [[2d] after update lines time=2023-04-21 17:08:02.315]
04-21 17:08:02.336 26127 26259 D ar_activity: [TRACKING TransformPointToPose time=2023-04-21 17:08:02.336]
04-21 17:08:02.336 26127 26259 D ar_activity: [TRACKING TransformPointToPose time=2023-04-21 17:08:02.336]
04-21 17:08:02.337 26127 26259 D ar_activity: send stroke to firebase, id=-NT_dIeqGauMNyi7FtHh
04-21 17:08:02.338 26127 26259 D ar_activity: [[2d] after update lines time=2023-04-21 17:08:02.337]
04-21 17:08:02.357 26127 26259 D ar_activity: [TRACKING TransformPointToPose time=2023-04-21 17:08:02.357]
04-21 17:08:02.357 26127 26259 D ar_activity: [TRACKING TransformPointToPose time=2023-04-21 17:08:02.357]
04-21 17:08:02.357 26127 26259 D ar_activity: send stroke to firebase, id=-NT_dIeqGauMNyi7FtHh
04-21 17:08:02.358 26127 26259 D ar_activity: [[2d] after update lines time=2023-04-21 17:08:02.358]
04-21 17:08:02.376 26127 26127 D ar_activity: [[2a end - 2d start] onChildChanged stroke id=-NT_dIeqGauMNyi7FtHh time=2023-04-21 17:08:02.374]
04-21 17:08:02.380 26127 26259 D ar_activity: [TRACKING TransformPointToPose time=2023-04-21 17:08:02.379]
04-21 17:08:02.380 26127 26259 D ar_activity: [TRACKING TransformPointToPose time=2023-04-21 17:08:02.380]
04-21 17:08:02.380 26127 26259 D ar_activity: send stroke to firebase, id=-NT_dIeqGauMNyi7FtHh
04-21 17:08:02.381 26127 26259 D ar_activity: [[2d] after update lines time=2023-04-21 17:08:02.381]
04-21 17:08:02.407 26127 26259 D ar_activity: [TRACKING TransformPointToPose time=2023-04-21 17:08:02.407]
04-21 17:08:02.407 26127 26259 D ar_activity: [TRACKING TransformPointToPose time=2023-04-21 17:08:02.407]
04-21 17:08:02.407 26127 26259 D ar_activity: [TRACKING TransformPointToPose time=2023-04-21 17:08:02.407]
04-21 17:08:02.407 26127 26259 D ar_activity: send stroke to firebase, id=-NT_dIeqGauMNyi7FtHh
04-21 17:08:02.408 26127 26259 D ar_activity: [[2d] after update lines time=2023-04-21 17:08:02.408]
04-21 17:08:02.428 26127 26259 D ar_activity: [TRACKING TransformPointToPose time=2023-04-21 17:08:02.427]
04-21 17:08:02.428 26127 26259 D ar_activity: send stroke to firebase, id=-NT_dIeqGauMNyi7FtHh
04-21 17:08:02.428 26127 26259 D ar_activity: [[2d] after update lines time=2023-04-21 17:08:02.428]
04-21 17:08:02.447 26127 26259 D ar_activity: [TRACKING TransformPointToPose time=2023-04-21 17:08:02.447]
04-21 17:08:02.448 26127 26259 D ar_activity: [TRACKING TransformPointToPose time=2023-04-21 17:08:02.448]
04-21 17:08:02.451 26127 26259 D ar_activity: send stroke to firebase, id=-NT_dIeqGauMNyi7FtHh
04-21 17:08:02.452 26127 26259 D ar_activity: [[2d] after update lines time=2023-04-21 17:08:02.452]
04-21 17:08:02.468 26127 26127 D ar_activity: [[2a end - 2d start] onChildChanged stroke id=-NT_dIeqGauMNyi7FtHh time=2023-04-21 17:08:02.468]
04-21 17:08:02.470 26127 26259 D ar_activity: [TRACKING TransformPointToPose time=2023-04-21 17:08:02.470]
04-21 17:08:02.471 26127 26259 D ar_activity: send stroke to firebase, id=-NT_dIeqGauMNyi7FtHh
04-21 17:08:02.471 26127 26259 D ar_activity: [[2d] after update lines time=2023-04-21 17:08:02.471]
04-21 17:08:02.490 26127 26259 D ar_activity: [TRACKING TransformPointToPose time=2023-04-21 17:08:02.490]
04-21 17:08:02.490 26127 26259 D ar_activity: [TRACKING TransformPointToPose time=2023-04-21 17:08:02.490]
04-21 17:08:02.490 26127 26259 D ar_activity: send stroke to firebase, id=-NT_dIeqGauMNyi7FtHh
04-21 17:08:02.491 26127 26259 D ar_activity: [[2d] after update lines time=2023-04-21 17:08:02.491]
04-21 17:08:02.513 26127 26259 D ar_activity: [TRACKING TransformPointToPose time=2023-04-21 17:08:02.512]
04-21 17:08:02.513 26127 26259 D ar_activity: [TRACKING TransformPointToPose time=2023-04-21 17:08:02.513]
04-21 17:08:02.514 26127 26259 D ar_activity: send stroke to firebase, id=-NT_dIeqGauMNyi7FtHh
04-21 17:08:02.518 26127 26259 D ar_activity: [[2d] after update lines time=2023-04-21 17:08:02.517]
04-21 17:08:02.537 26127 26127 D ar_activity: [[2a end - 2d start] onChildChanged stroke id=-NT_dIeqGauMNyi7FtHh time=2023-04-21 17:08:02.537]
04-21 17:08:02.542 26127 26259 D ar_activity: [TRACKING TransformPointToPose time=2023-04-21 17:08:02.541]
04-21 17:08:02.542 26127 26259 D ar_activity: [TRACKING TransformPointToPose time=2023-04-21 17:08:02.542]
04-21 17:08:02.542 26127 26259 D ar_activity: [TRACKING TransformPointToPose time=2023-04-21 17:08:02.542]
04-21 17:08:02.542 26127 26259 D ar_activity: send stroke to firebase, id=-NT_dIeqGauMNyi7FtHh
04-21 17:08:02.543 26127 26259 D ar_activity: [[2d] after update lines time=2023-04-21 17:08:02.543]
04-21 17:08:02.561 26127 26259 D ar_activity: [TRACKING TransformPointToPose time=2023-04-21 17:08:02.561]
04-21 17:08:02.561 26127 26259 D ar_activity: send stroke to firebase, id=-NT_dIeqGauMNyi7FtHh
04-21 17:08:02.562 26127 26259 D ar_activity: [[2d] after update lines time=2023-04-21 17:08:02.562]
04-21 17:08:02.583 26127 26259 D ar_activity: [TRACKING TransformPointToPose time=2023-04-21 17:08:02.582]
04-21 17:08:02.583 26127 26259 D ar_activity: send stroke to firebase, id=-NT_dIeqGauMNyi7FtHh
04-21 17:08:02.585 26127 26259 D ar_activity: [[2d] after update lines time=2023-04-21 17:08:02.585]
04-21 17:08:02.606 26127 26259 D ar_activity: [TRACKING TransformPointToPose time=2023-04-21 17:08:02.606]
04-21 17:08:02.607 26127 26259 D ar_activity: [TRACKING TransformPointToPose time=2023-04-21 17:08:02.607]
04-21 17:08:02.607 26127 26259 D ar_activity: [TRACKING TransformPointToPose time=2023-04-21 17:08:02.607]
04-21 17:08:02.607 26127 26259 D ar_activity: send stroke to firebase, id=-NT_dIeqGauMNyi7FtHh
04-21 17:08:02.607 26127 26259 D ar_activity: [[2d] after update lines time=2023-04-21 17:08:02.607]
04-21 17:08:02.621 26127 26127 D ar_activity: [[2a end - 2d start] onChildChanged stroke id=-NT_dIeqGauMNyi7FtHh time=2023-04-21 17:08:02.620]
04-21 17:08:02.626 26127 26259 D ar_activity: [TRACKING TransformPointToPose time=2023-04-21 17:08:02.626]
04-21 17:08:02.627 26127 26259 D ar_activity: send stroke to firebase, id=-NT_dIeqGauMNyi7FtHh
04-21 17:08:02.627 26127 26259 D ar_activity: [[2d] after update lines time=2023-04-21 17:08:02.627]
04-21 17:08:02.646 26127 26259 D ar_activity: [TRACKING TransformPointToPose time=2023-04-21 17:08:02.645]
04-21 17:08:02.646 26127 26259 D ar_activity: [TRACKING TransformPointToPose time=2023-04-21 17:08:02.646]
04-21 17:08:02.646 26127 26259 D ar_activity: send stroke to firebase, id=-NT_dIeqGauMNyi7FtHh
04-21 17:08:02.646 26127 26259 D ar_activity: [[2d] after update lines time=2023-04-21 17:08:02.646]
04-21 17:08:02.665 26127 26259 D ar_activity: [TRACKING TransformPointToPose time=2023-04-21 17:08:02.665]
04-21 17:08:02.666 26127 26259 D ar_activity: [TRACKING TransformPointToPose time=2023-04-21 17:08:02.666]
04-21 17:08:02.666 26127 26259 D ar_activity: send stroke to firebase, id=-NT_dIeqGauMNyi7FtHh
04-21 17:08:02.666 26127 26259 D ar_activity: [[2d] after update lines time=2023-04-21 17:08:02.666]
04-21 17:08:02.692 26127 26259 D ar_activity: [TRACKING TransformPointToPose time=2023-04-21 17:08:02.691]
04-21 17:08:02.692 26127 26127 D ar_activity: [[2a end - 2d start] onChildChanged stroke id=-NT_dIeqGauMNyi7FtHh time=2023-04-21 17:08:02.692]
04-21 17:08:02.693 26127 26259 D ar_activity: [TRACKING TransformPointToPose time=2023-04-21 17:08:02.693]
04-21 17:08:02.693 26127 26259 D ar_activity: send stroke to firebase, id=-NT_dIeqGauMNyi7FtHh
04-21 17:08:02.699 26127 26259 D ar_activity: [[2d] after update lines time=2023-04-21 17:08:02.697]
04-21 17:08:02.722 26127 26259 D ar_activity: [TRACKING TransformPointToPose time=2023-04-21 17:08:02.722]
04-21 17:08:02.723 26127 26259 D ar_activity: [TRACKING TransformPointToPose time=2023-04-21 17:08:02.722]
04-21 17:08:02.723 26127 26259 D ar_activity: [TRACKING TransformPointToPose time=2023-04-21 17:08:02.723]
04-21 17:08:02.723 26127 26259 D ar_activity: send stroke to firebase, id=-NT_dIeqGauMNyi7FtHh
04-21 17:08:02.723 26127 26259 D ar_activity: [[2d] after update lines time=2023-04-21 17:08:02.723]
04-21 17:08:02.742 26127 26259 D ar_activity: [TRACKING TransformPointToPose time=2023-04-21 17:08:02.742]
04-21 17:08:02.742 26127 26259 D ar_activity: [TRACKING TransformPointToPose time=2023-04-21 17:08:02.742]
04-21 17:08:02.742 26127 26259 D ar_activity: send stroke to firebase, id=-NT_dIeqGauMNyi7FtHh
04-21 17:08:02.743 26127 26259 D ar_activity: [[2d] after update lines time=2023-04-21 17:08:02.743]
04-21 17:08:02.761 26127 26127 D ar_activity: [[2a end - 2d start] onChildChanged stroke id=-NT_dIeqGauMNyi7FtHh time=2023-04-21 17:08:02.761]
04-21 17:08:02.761 26127 26259 D ar_activity: [TRACKING TransformPointToPose time=2023-04-21 17:08:02.761]
04-21 17:08:02.761 26127 26259 D ar_activity: send stroke to firebase, id=-NT_dIeqGauMNyi7FtHh
04-21 17:08:02.762 26127 26259 D ar_activity: [[2d] after update lines time=2023-04-21 17:08:02.762]
04-21 17:08:02.780 26127 26259 D ar_activity: [TRACKING TransformPointToPose time=2023-04-21 17:08:02.780]
04-21 17:08:02.781 26127 26259 D ar_activity: [TRACKING TransformPointToPose time=2023-04-21 17:08:02.781]
04-21 17:08:02.781 26127 26259 D ar_activity: send stroke to firebase, id=-NT_dIeqGauMNyi7FtHh
04-21 17:08:02.781 26127 26259 D ar_activity: [[2d] after update lines time=2023-04-21 17:08:02.781]
04-21 17:08:02.807 26127 26259 D ar_activity: [TRACKING TransformPointToPose time=2023-04-21 17:08:02.805]
04-21 17:08:02.807 26127 26259 D ar_activity: [TRACKING TransformPointToPose time=2023-04-21 17:08:02.807]
04-21 17:08:02.807 26127 26259 D ar_activity: send stroke to firebase, id=-NT_dIeqGauMNyi7FtHh
04-21 17:08:02.808 26127 26259 D ar_activity: [[2d] after update lines time=2023-04-21 17:08:02.808]
04-21 17:08:02.827 26127 26259 D ar_activity: [TRACKING TransformPointToPose time=2023-04-21 17:08:02.827]
04-21 17:08:02.827 26127 26259 D ar_activity: send stroke to firebase, id=-NT_dIeqGauMNyi7FtHh
04-21 17:08:02.828 26127 26259 D ar_activity: [[2d] after update lines time=2023-04-21 17:08:02.828]
04-21 17:08:02.846 26127 26259 D ar_activity: [TRACKING TransformPointToPose time=2023-04-21 17:08:02.846]
04-21 17:08:02.846 26127 26259 D ar_activity: [TRACKING TransformPointToPose time=2023-04-21 17:08:02.846]
04-21 17:08:02.846 26127 26259 D ar_activity: send stroke to firebase, id=-NT_dIeqGauMNyi7FtHh
04-21 17:08:02.847 26127 26259 D ar_activity: [[2d] after update lines time=2023-04-21 17:08:02.847]
04-21 17:08:02.860 26127 26127 D ar_activity: [[2a end - 2d start] onChildChanged stroke id=-NT_dIeqGauMNyi7FtHh time=2023-04-21 17:08:02.859]
04-21 17:08:02.866 26127 26259 D ar_activity: [TRACKING TransformPointToPose time=2023-04-21 17:08:02.866]
04-21 17:08:02.866 26127 26259 D ar_activity: [TRACKING TransformPointToPose time=2023-04-21 17:08:02.866]
04-21 17:08:02.866 26127 26259 D ar_activity: send stroke to firebase, id=-NT_dIeqGauMNyi7FtHh
04-21 17:08:02.867 26127 26259 D ar_activity: [[2d] after update lines time=2023-04-21 17:08:02.867]
04-21 17:08:02.889 26127 26259 D ar_activity: [TRACKING TransformPointToPose time=2023-04-21 17:08:02.888]
04-21 17:08:02.889 26127 26259 D ar_activity: [TRACKING TransformPointToPose time=2023-04-21 17:08:02.889]
04-21 17:08:02.889 26127 26259 D ar_activity: send stroke to firebase, id=-NT_dIeqGauMNyi7FtHh
04-21 17:08:02.890 26127 26259 D ar_activity: [[2d] after update lines time=2023-04-21 17:08:02.890]
04-21 17:08:02.913 26127 26259 D ar_activity: [TRACKING TransformPointToPose time=2023-04-21 17:08:02.913]
04-21 17:08:02.913 26127 26259 D ar_activity: [TRACKING TransformPointToPose time=2023-04-21 17:08:02.913]
04-21 17:08:02.913 26127 26259 D ar_activity: send stroke to firebase, id=-NT_dIeqGauMNyi7FtHh
04-21 17:08:02.914 26127 26259 D ar_activity: [[2d] after update lines time=2023-04-21 17:08:02.914]
04-21 17:08:02.934 26127 26259 D ar_activity: [TRACKING TransformPointToPose time=2023-04-21 17:08:02.934]
04-21 17:08:02.934 26127 26259 D ar_activity: [TRACKING TransformPointToPose time=2023-04-21 17:08:02.934]
04-21 17:08:02.935 26127 26259 D ar_activity: send stroke to firebase, id=-NT_dIeqGauMNyi7FtHh
04-21 17:08:02.935 26127 26259 D ar_activity: [[2d] after update lines time=2023-04-21 17:08:02.935]
04-21 17:08:02.947 26127 26127 D ar_activity: [[2a end - 2d start] onChildChanged stroke id=-NT_dIeqGauMNyi7FtHh time=2023-04-21 17:08:02.947]
04-21 17:08:02.955 26127 26259 D ar_activity: [TRACKING TransformPointToPose time=2023-04-21 17:08:02.954]
04-21 17:08:02.955 26127 26259 D ar_activity: [TRACKING TransformPointToPose time=2023-04-21 17:08:02.955]
04-21 17:08:02.955 26127 26259 D ar_activity: send stroke to firebase, id=-NT_dIeqGauMNyi7FtHh
04-21 17:08:02.956 26127 26259 D ar_activity: [[2d] after update lines time=2023-04-21 17:08:02.955]
04-21 17:08:02.974 26127 26259 D ar_activity: [TRACKING TransformPointToPose time=2023-04-21 17:08:02.974]
04-21 17:08:02.975 26127 26259 D ar_activity: [TRACKING TransformPointToPose time=2023-04-21 17:08:02.975]
04-21 17:08:02.975 26127 26259 D ar_activity: send stroke to firebase, id=-NT_dIeqGauMNyi7FtHh
04-21 17:08:02.977 26127 26259 D ar_activity: [[2d] after update lines time=2023-04-21 17:08:02.977]
04-21 17:08:02.999 26127 26259 D ar_activity: [TRACKING TransformPointToPose time=2023-04-21 17:08:02.999]
04-21 17:08:03.000 26127 26259 D ar_activity: [TRACKING TransformPointToPose time=2023-04-21 17:08:02.999]
04-21 17:08:03.000 26127 26259 D ar_activity: send stroke to firebase, id=-NT_dIeqGauMNyi7FtHh
04-21 17:08:03.000 26127 26259 D ar_activity: [[2d] after update lines time=2023-04-21 17:08:03.000]
04-21 17:08:03.020 26127 26259 D ar_activity: [TRACKING TransformPointToPose time=2023-04-21 17:08:03.020]
04-21 17:08:03.020 26127 26259 D ar_activity: [TRACKING TransformPointToPose time=2023-04-21 17:08:03.020]
04-21 17:08:03.021 26127 26259 D ar_activity: send stroke to firebase, id=-NT_dIeqGauMNyi7FtHh
04-21 17:08:03.021 26127 26259 D ar_activity: [[2d] after update lines time=2023-04-21 17:08:03.021]
04-21 17:08:03.030 26127 26127 D ar_activity: [[2a end - 2d start] onChildChanged stroke id=-NT_dIeqGauMNyi7FtHh time=2023-04-21 17:08:03.029]
04-21 17:08:03.040 26127 26259 D ar_activity: [TRACKING TransformPointToPose time=2023-04-21 17:08:03.040]
04-21 17:08:03.040 26127 26259 D ar_activity: [TRACKING TransformPointToPose time=2023-04-21 17:08:03.040]
04-21 17:08:03.041 26127 26259 D ar_activity: send stroke to firebase, id=-NT_dIeqGauMNyi7FtHh
04-21 17:08:03.041 26127 26259 D ar_activity: [[2d] after update lines time=2023-04-21 17:08:03.041]
04-21 17:08:03.060 26127 26259 D ar_activity: [TRACKING TransformPointToPose time=2023-04-21 17:08:03.060]
04-21 17:08:03.060 26127 26259 D ar_activity: send stroke to firebase, id=-NT_dIeqGauMNyi7FtHh
04-21 17:08:03.061 26127 26259 D ar_activity: [[2d] after update lines time=2023-04-21 17:08:03.061]
04-21 17:08:03.079 26127 26259 D ar_activity: [TRACKING TransformPointToPose time=2023-04-21 17:08:03.079]
04-21 17:08:03.080 26127 26259 D ar_activity: [TRACKING TransformPointToPose time=2023-04-21 17:08:03.079]
04-21 17:08:03.080 26127 26259 D ar_activity: send stroke to firebase, id=-NT_dIeqGauMNyi7FtHh
04-21 17:08:03.080 26127 26259 D ar_activity: [[2d] after update lines time=2023-04-21 17:08:03.080]
04-21 17:08:03.095 26127 26127 D ar_activity: [[2a end - 2d start] onChildChanged stroke id=-NT_dIeqGauMNyi7FtHh time=2023-04-21 17:08:03.094]
04-21 17:08:03.099 26127 26259 D ar_activity: [TRACKING TransformPointToPose time=2023-04-21 17:08:03.099]
04-21 17:08:03.100 26127 26259 D ar_activity: [TRACKING TransformPointToPose time=2023-04-21 17:08:03.099]
04-21 17:08:03.100 26127 26259 D ar_activity: send stroke to firebase, id=-NT_dIeqGauMNyi7FtHh
04-21 17:08:03.100 26127 26259 D ar_activity: [[2d] after update lines time=2023-04-21 17:08:03.100]
04-21 17:08:03.123 26127 26259 D ar_activity: [TRACKING TransformPointToPose time=2023-04-21 17:08:03.123]
04-21 17:08:03.123 26127 26259 D ar_activity: [TRACKING TransformPointToPose time=2023-04-21 17:08:03.123]
04-21 17:08:03.123 26127 26259 D ar_activity: send stroke to firebase, id=-NT_dIeqGauMNyi7FtHh
04-21 17:08:03.124 26127 26259 D ar_activity: [[2d] after update lines time=2023-04-21 17:08:03.124]
04-21 17:08:03.143 26127 26259 D ar_activity: [TRACKING TransformPointToPose time=2023-04-21 17:08:03.143]
04-21 17:08:03.143 26127 26259 D ar_activity: [TRACKING TransformPointToPose time=2023-04-21 17:08:03.143]
04-21 17:08:03.143 26127 26259 D ar_activity: send stroke to firebase, id=-NT_dIeqGauMNyi7FtHh
04-21 17:08:03.144 26127 26259 D ar_activity: [[2d] after update lines time=2023-04-21 17:08:03.144]
04-21 17:08:03.164 26127 26259 D ar_activity: [TRACKING TransformPointToPose time=2023-04-21 17:08:03.164]
04-21 17:08:03.164 26127 26259 D ar_activity: [TRACKING TransformPointToPose time=2023-04-21 17:08:03.164]
04-21 17:08:03.164 26127 26259 D ar_activity: send stroke to firebase, id=-NT_dIeqGauMNyi7FtHh
04-21 17:08:03.165 26127 26259 D ar_activity: [[2d] after update lines time=2023-04-21 17:08:03.164]
04-21 17:08:03.188 26127 26259 D ar_activity: [TRACKING TransformPointToPose time=2023-04-21 17:08:03.188]
04-21 17:08:03.189 26127 26259 D ar_activity: [TRACKING TransformPointToPose time=2023-04-21 17:08:03.189]
04-21 17:08:03.189 26127 26259 D ar_activity: send stroke to firebase, id=-NT_dIeqGauMNyi7FtHh
04-21 17:08:03.190 26127 26259 D ar_activity: [[2d] after update lines time=2023-04-21 17:08:03.190]
04-21 17:08:03.211 26127 26259 D ar_activity: [TRACKING TransformPointToPose time=2023-04-21 17:08:03.211]
04-21 17:08:03.212 26127 26259 D ar_activity: [TRACKING TransformPointToPose time=2023-04-21 17:08:03.212]
04-21 17:08:03.212 26127 26259 D ar_activity: send stroke to firebase, id=-NT_dIeqGauMNyi7FtHh
04-21 17:08:03.212 26127 26259 D ar_activity: [[2d] after update lines time=2023-04-21 17:08:03.212]
04-21 17:08:03.231 26127 26259 D ar_activity: [TRACKING TransformPointToPose time=2023-04-21 17:08:03.231]
04-21 17:08:03.232 26127 26259 D ar_activity: [TRACKING TransformPointToPose time=2023-04-21 17:08:03.232]
04-21 17:08:03.232 26127 26259 D ar_activity: send stroke to firebase, id=-NT_dIeqGauMNyi7FtHh
04-21 17:08:03.232 26127 26259 D ar_activity: [[2d] after update lines time=2023-04-21 17:08:03.232]
04-21 17:08:03.253 26127 26259 D ar_activity: [TRACKING TransformPointToPose time=2023-04-21 17:08:03.253]
04-21 17:08:03.253 26127 26259 D ar_activity: [TRACKING TransformPointToPose time=2023-04-21 17:08:03.253]
04-21 17:08:03.253 26127 26259 D ar_activity: send stroke to firebase, id=-NT_dIeqGauMNyi7FtHh
04-21 17:08:03.254 26127 26259 D ar_activity: [[2d] after update lines time=2023-04-21 17:08:03.254]
04-21 17:08:03.273 26127 26259 D ar_activity: [TRACKING TransformPointToPose time=2023-04-21 17:08:03.273]
04-21 17:08:03.273 26127 26259 D ar_activity: [TRACKING TransformPointToPose time=2023-04-21 17:08:03.273]
04-21 17:08:03.273 26127 26259 D ar_activity: send stroke to firebase, id=-NT_dIeqGauMNyi7FtHh
04-21 17:08:03.274 26127 26259 D ar_activity: [[2d] after update lines time=2023-04-21 17:08:03.274]
04-21 17:08:03.294 26127 26259 D ar_activity: [TRACKING TransformPointToPose time=2023-04-21 17:08:03.294]
04-21 17:08:03.294 26127 26259 D ar_activity: send stroke to firebase, id=-NT_dIeqGauMNyi7FtHh
04-21 17:08:03.295 26127 26259 D ar_activity: [[2d] after update lines time=2023-04-21 17:08:03.295]
04-21 17:08:03.313 26127 26259 D ar_activity: [TRACKING TransformPointToPose time=2023-04-21 17:08:03.313]
04-21 17:08:03.313 26127 26259 D ar_activity: send stroke to firebase, id=-NT_dIeqGauMNyi7FtHh
04-21 17:08:03.314 26127 26259 D ar_activity: [[2d] after update lines time=2023-04-21 17:08:03.314]
04-21 17:08:03.332 26127 26259 D ar_activity: [TRACKING TransformPointToPose time=2023-04-21 17:08:03.332]
04-21 17:08:03.333 26127 26259 D ar_activity: [TRACKING TransformPointToPose time=2023-04-21 17:08:03.333]
04-21 17:08:03.333 26127 26259 D ar_activity: send stroke to firebase, id=-NT_dIeqGauMNyi7FtHh
04-21 17:08:03.333 26127 26259 D ar_activity: [[2d] after update lines time=2023-04-21 17:08:03.333]
04-21 17:08:03.354 26127 26259 D ar_activity: [TRACKING TransformPointToPose time=2023-04-21 17:08:03.354]
04-21 17:08:03.354 26127 26259 D ar_activity: [TRACKING TransformPointToPose time=2023-04-21 17:08:03.354]
04-21 17:08:03.354 26127 26259 D ar_activity: send stroke to firebase, id=-NT_dIeqGauMNyi7FtHh
04-21 17:08:03.355 26127 26259 D ar_activity: [[2d] after update lines time=2023-04-21 17:08:03.355]
04-21 17:08:03.374 26127 26259 D ar_activity: [TRACKING TransformPointToPose time=2023-04-21 17:08:03.373]
04-21 17:08:03.374 26127 26259 D ar_activity: [TRACKING TransformPointToPose time=2023-04-21 17:08:03.374]
04-21 17:08:03.374 26127 26259 D ar_activity: send stroke to firebase, id=-NT_dIeqGauMNyi7FtHh
04-21 17:08:03.375 26127 26259 D ar_activity: [[2d] after update lines time=2023-04-21 17:08:03.375]
04-21 17:08:03.396 26127 26127 D ar_activity: [[2a end - 2d start] onChildChanged stroke id=-NT_dIeqGauMNyi7FtHh time=2023-04-21 17:08:03.396]
04-21 17:08:03.396 26127 26259 D ar_activity: [TRACKING TransformPointToPose time=2023-04-21 17:08:03.396]
04-21 17:08:03.397 26127 26259 D ar_activity: [TRACKING TransformPointToPose time=2023-04-21 17:08:03.397]
04-21 17:08:03.397 26127 26259 D ar_activity: send stroke to firebase, id=-NT_dIeqGauMNyi7FtHh
04-21 17:08:03.399 26127 26259 D ar_activity: [[2d] after update lines time=2023-04-21 17:08:03.398]
04-21 17:08:03.423 26127 26259 D ar_activity: [TRACKING TransformPointToPose time=2023-04-21 17:08:03.422]
04-21 17:08:03.423 26127 26259 D ar_activity: [TRACKING TransformPointToPose time=2023-04-21 17:08:03.423]
04-21 17:08:03.423 26127 26259 D ar_activity: send stroke to firebase, id=-NT_dIeqGauMNyi7FtHh
04-21 17:08:03.424 26127 26259 D ar_activity: [[2d] after update lines time=2023-04-21 17:08:03.423]
04-21 17:08:03.443 26127 26259 D ar_activity: [TRACKING TransformPointToPose time=2023-04-21 17:08:03.442]
04-21 17:08:03.443 26127 26259 D ar_activity: [TRACKING TransformPointToPose time=2023-04-21 17:08:03.443]
04-21 17:08:03.445 26127 26259 D ar_activity: send stroke to firebase, id=-NT_dIeqGauMNyi7FtHh
04-21 17:08:03.445 26127 26259 D ar_activity: [[2d] after update lines time=2023-04-21 17:08:03.445]
04-21 17:08:03.465 26127 26259 D ar_activity: [TRACKING TransformPointToPose time=2023-04-21 17:08:03.465]
04-21 17:08:03.466 26127 26259 D ar_activity: [TRACKING TransformPointToPose time=2023-04-21 17:08:03.466]
04-21 17:08:03.466 26127 26259 D ar_activity: send stroke to firebase, id=-NT_dIeqGauMNyi7FtHh
04-21 17:08:03.467 26127 26259 D ar_activity: [[2d] after update lines time=2023-04-21 17:08:03.467]
04-21 17:08:03.489 26127 26259 D ar_activity: [TRACKING TransformPointToPose time=2023-04-21 17:08:03.489]
04-21 17:08:03.490 26127 26259 D ar_activity: [TRACKING TransformPointToPose time=2023-04-21 17:08:03.490]
04-21 17:08:03.490 26127 26259 D ar_activity: send stroke to firebase, id=-NT_dIeqGauMNyi7FtHh
04-21 17:08:03.490 26127 26259 D ar_activity: [[2d] after update lines time=2023-04-21 17:08:03.490]
04-21 17:08:03.507 26127 26127 D ar_activity: [[2a end - 2d start] onChildChanged stroke id=-NT_dIeqGauMNyi7FtHh time=2023-04-21 17:08:03.507]
04-21 17:08:03.514 26127 26259 D ar_activity: [TRACKING TransformPointToPose time=2023-04-21 17:08:03.514]
04-21 17:08:03.514 26127 26259 D ar_activity: [TRACKING TransformPointToPose time=2023-04-21 17:08:03.514]
04-21 17:08:03.515 26127 26259 D ar_activity: send stroke to firebase, id=-NT_dIeqGauMNyi7FtHh
04-21 17:08:03.516 26127 26259 D ar_activity: [[2d] after update lines time=2023-04-21 17:08:03.515]
04-21 17:08:03.538 26127 26259 D ar_activity: [TRACKING TransformPointToPose time=2023-04-21 17:08:03.538]
04-21 17:08:03.538 26127 26259 D ar_activity: [TRACKING TransformPointToPose time=2023-04-21 17:08:03.538]
04-21 17:08:03.538 26127 26259 D ar_activity: send stroke to firebase, id=-NT_dIeqGauMNyi7FtHh
04-21 17:08:03.539 26127 26259 D ar_activity: [[2d] after update lines time=2023-04-21 17:08:03.539]
04-21 17:08:03.559 26127 26259 D ar_activity: [TRACKING TransformPointToPose time=2023-04-21 17:08:03.559]
04-21 17:08:03.559 26127 26259 D ar_activity: send stroke to firebase, id=-NT_dIeqGauMNyi7FtHh
04-21 17:08:03.560 26127 26259 D ar_activity: [[2d] after update lines time=2023-04-21 17:08:03.560]
04-21 17:08:03.580 26127 26259 D ar_activity: [TRACKING TransformPointToPose time=2023-04-21 17:08:03.580]
04-21 17:08:03.581 26127 26259 D ar_activity: [TRACKING TransformPointToPose time=2023-04-21 17:08:03.581]
04-21 17:08:03.581 26127 26259 D ar_activity: send stroke to firebase, id=-NT_dIeqGauMNyi7FtHh
04-21 17:08:03.587 26127 26259 D ar_activity: [[2d] after update lines time=2023-04-21 17:08:03.585]
04-21 17:08:03.588 26127 26127 D ar_activity: [[2a end - 2d start] onChildChanged stroke id=-NT_dIeqGauMNyi7FtHh time=2023-04-21 17:08:03.587]
04-21 17:08:03.609 26127 26259 D ar_activity: [TRACKING TransformPointToPose time=2023-04-21 17:08:03.608]
04-21 17:08:03.609 26127 26259 D ar_activity: [TRACKING TransformPointToPose time=2023-04-21 17:08:03.609]
04-21 17:08:03.609 26127 26259 D ar_activity: [TRACKING TransformPointToPose time=2023-04-21 17:08:03.609]
04-21 17:08:03.609 26127 26259 D ar_activity: send stroke to firebase, id=-NT_dIeqGauMNyi7FtHh
04-21 17:08:03.611 26127 26259 D ar_activity: [[2d] after update lines time=2023-04-21 17:08:03.610]
04-21 17:08:03.629 26127 26259 D ar_activity: [TRACKING TransformPointToPose time=2023-04-21 17:08:03.629]
04-21 17:08:03.630 26127 26259 D ar_activity: [TRACKING TransformPointToPose time=2023-04-21 17:08:03.629]
04-21 17:08:03.630 26127 26259 D ar_activity: send stroke to firebase, id=-NT_dIeqGauMNyi7FtHh
04-21 17:08:03.630 26127 26259 D ar_activity: [[2d] after update lines time=2023-04-21 17:08:03.630]
04-21 17:08:03.648 26127 26127 D ar_activity: [[2a end - 2d start] onChildChanged stroke id=-NT_dIeqGauMNyi7FtHh time=2023-04-21 17:08:03.647]
04-21 17:08:03.649 26127 26259 D ar_activity: [TRACKING TransformPointToPose time=2023-04-21 17:08:03.649]
04-21 17:08:03.649 26127 26259 D ar_activity: send stroke to firebase, id=-NT_dIeqGauMNyi7FtHh
04-21 17:08:03.651 26127 26259 D ar_activity: [[2d] after update lines time=2023-04-21 17:08:03.650]
04-21 17:08:03.673 26127 26259 D ar_activity: [TRACKING TransformPointToPose time=2023-04-21 17:08:03.673]
04-21 17:08:03.673 26127 26259 D ar_activity: [TRACKING TransformPointToPose time=2023-04-21 17:08:03.673]
04-21 17:08:03.673 26127 26259 D ar_activity: [TRACKING TransformPointToPose time=2023-04-21 17:08:03.673]
04-21 17:08:03.673 26127 26259 D ar_activity: send stroke to firebase, id=-NT_dIeqGauMNyi7FtHh
04-21 17:08:03.674 26127 26259 D ar_activity: [[2d] after update lines time=2023-04-21 17:08:03.674]
04-21 17:08:03.692 26127 26259 D ar_activity: [TRACKING TransformPointToPose time=2023-04-21 17:08:03.692]
04-21 17:08:03.692 26127 26259 D ar_activity: send stroke to firebase, id=-NT_dIeqGauMNyi7FtHh
04-21 17:08:03.693 26127 26259 D ar_activity: [[2d] after update lines time=2023-04-21 17:08:03.693]
04-21 17:08:03.713 26127 26127 D ar_activity: [[2a end - 2d start] onChildChanged stroke id=-NT_dIeqGauMNyi7FtHh time=2023-04-21 17:08:03.713]
04-21 17:08:03.713 26127 26259 D ar_activity: [TRACKING TransformPointToPose time=2023-04-21 17:08:03.713]
04-21 17:08:03.714 26127 26259 D ar_activity: [TRACKING TransformPointToPose time=2023-04-21 17:08:03.714]
04-21 17:08:03.714 26127 26259 D ar_activity: send stroke to firebase, id=-NT_dIeqGauMNyi7FtHh
04-21 17:08:03.722 26127 26259 D ar_activity: [[2d] after update lines time=2023-04-21 17:08:03.722]
04-21 17:08:03.740 26127 26259 D ar_activity: [TRACKING TransformPointToPose time=2023-04-21 17:08:03.740]
04-21 17:08:03.740 26127 26259 D ar_activity: [TRACKING TransformPointToPose time=2023-04-21 17:08:03.740]
04-21 17:08:03.741 26127 26259 D ar_activity: [TRACKING TransformPointToPose time=2023-04-21 17:08:03.741]
04-21 17:08:03.741 26127 26259 D ar_activity: send stroke to firebase, id=-NT_dIeqGauMNyi7FtHh
04-21 17:08:03.741 26127 26259 D ar_activity: [[2d] after update lines time=2023-04-21 17:08:03.741]
04-21 17:08:03.760 26127 26259 D ar_activity: [TRACKING TransformPointToPose time=2023-04-21 17:08:03.759]
04-21 17:08:03.760 26127 26259 D ar_activity: send stroke to firebase, id=-NT_dIeqGauMNyi7FtHh
04-21 17:08:03.761 26127 26259 D ar_activity: [[2d] after update lines time=2023-04-21 17:08:03.761]
04-21 17:08:03.780 26127 26259 D ar_activity: [TRACKING TransformPointToPose time=2023-04-21 17:08:03.779]
04-21 17:08:03.780 26127 26259 D ar_activity: send stroke to firebase, id=-NT_dIeqGauMNyi7FtHh
04-21 17:08:03.781 26127 26259 D ar_activity: [[2d] after update lines time=2023-04-21 17:08:03.780]
04-21 17:08:03.789 26127 26127 D ar_activity: [[2a end - 2d start] onChildChanged stroke id=-NT_dIeqGauMNyi7FtHh time=2023-04-21 17:08:03.788]
04-21 17:08:03.799 26127 26259 D ar_activity: [TRACKING TransformPointToPose time=2023-04-21 17:08:03.799]
04-21 17:08:03.800 26127 26259 D ar_activity: [TRACKING TransformPointToPose time=2023-04-21 17:08:03.800]
04-21 17:08:03.800 26127 26259 D ar_activity: send stroke to firebase, id=-NT_dIeqGauMNyi7FtHh
04-21 17:08:03.801 26127 26259 D ar_activity: [[2d] after update lines time=2023-04-21 17:08:03.800]
04-21 17:08:03.821 26127 26259 D ar_activity: [TRACKING TransformPointToPose time=2023-04-21 17:08:03.821]
04-21 17:08:03.821 26127 26259 D ar_activity: [TRACKING TransformPointToPose time=2023-04-21 17:08:03.821]
04-21 17:08:03.821 26127 26259 D ar_activity: send stroke to firebase, id=-NT_dIeqGauMNyi7FtHh
04-21 17:08:03.822 26127 26259 D ar_activity: [[2d] after update lines time=2023-04-21 17:08:03.822]
04-21 17:08:03.840 26127 26259 D ar_activity: [TRACKING TransformPointToPose time=2023-04-21 17:08:03.840]
04-21 17:08:03.840 26127 26259 D ar_activity: [TRACKING TransformPointToPose time=2023-04-21 17:08:03.840]
04-21 17:08:03.840 26127 26259 D ar_activity: send stroke to firebase, id=-NT_dIeqGauMNyi7FtHh
04-21 17:08:03.841 26127 26259 D ar_activity: [[2d] after update lines time=2023-04-21 17:08:03.841]
04-21 17:08:03.860 26127 26259 D ar_activity: [TRACKING TransformPointToPose time=2023-04-21 17:08:03.860]
04-21 17:08:03.860 26127 26259 D ar_activity: send stroke to firebase, id=-NT_dIeqGauMNyi7FtHh
04-21 17:08:03.861 26127 26259 D ar_activity: [[2d] after update lines time=2023-04-21 17:08:03.861]
04-21 17:08:03.861 26127 26127 D ar_activity: [[2a end - 2d start] onChildChanged stroke id=-NT_dIeqGauMNyi7FtHh time=2023-04-21 17:08:03.860]
04-21 17:08:03.880 26127 26259 D ar_activity: [TRACKING TransformPointToPose time=2023-04-21 17:08:03.880]
04-21 17:08:03.880 26127 26259 D ar_activity: send stroke to firebase, id=-NT_dIeqGauMNyi7FtHh
04-21 17:08:03.881 26127 26259 D ar_activity: [[2d] after update lines time=2023-04-21 17:08:03.881]
04-21 17:08:03.899 26127 26259 D ar_activity: [TRACKING TransformPointToPose time=2023-04-21 17:08:03.899]
04-21 17:08:03.900 26127 26259 D ar_activity: [TRACKING TransformPointToPose time=2023-04-21 17:08:03.899]
04-21 17:08:03.900 26127 26259 D ar_activity: send stroke to firebase, id=-NT_dIeqGauMNyi7FtHh
04-21 17:08:03.900 26127 26259 D ar_activity: [[2d] after update lines time=2023-04-21 17:08:03.900]
04-21 17:08:03.921 26127 26259 D ar_activity: [TRACKING TransformPointToPose time=2023-04-21 17:08:03.921]
04-21 17:08:03.921 26127 26259 D ar_activity: [TRACKING TransformPointToPose time=2023-04-21 17:08:03.921]
04-21 17:08:03.922 26127 26259 D ar_activity: send stroke to firebase, id=-NT_dIeqGauMNyi7FtHh
04-21 17:08:03.925 26127 26127 D ar_activity: [[2a end - 2d start] onChildChanged stroke id=-NT_dIeqGauMNyi7FtHh time=2023-04-21 17:08:03.925]
04-21 17:08:03.928 26127 26259 D ar_activity: [[2d] after update lines time=2023-04-21 17:08:03.925]
04-21 17:08:03.949 26127 26259 D ar_activity: [TRACKING TransformPointToPose time=2023-04-21 17:08:03.949]
04-21 17:08:03.950 26127 26259 D ar_activity: [TRACKING TransformPointToPose time=2023-04-21 17:08:03.949]
04-21 17:08:03.951 26127 26259 D ar_activity: send stroke to firebase, id=-NT_dIeqGauMNyi7FtHh
04-21 17:08:03.954 26127 26259 D ar_activity: [[2d] after update lines time=2023-04-21 17:08:03.953]
04-21 17:08:03.975 26127 26259 D ar_activity: [TRACKING TransformPointToPose time=2023-04-21 17:08:03.975]
04-21 17:08:03.976 26127 26259 D ar_activity: [TRACKING TransformPointToPose time=2023-04-21 17:08:03.976]
04-21 17:08:03.976 26127 26259 D ar_activity: send stroke to firebase, id=-NT_dIeqGauMNyi7FtHh
04-21 17:08:03.977 26127 26259 D ar_activity: [[2d] after update lines time=2023-04-21 17:08:03.977]
04-21 17:08:03.999 26127 26259 D ar_activity: [TRACKING TransformPointToPose time=2023-04-21 17:08:03.999]
04-21 17:08:04.001 26127 26259 D ar_activity: [TRACKING TransformPointToPose time=2023-04-21 17:08:04.000]
04-21 17:08:04.001 26127 26259 D ar_activity: send stroke to firebase, id=-NT_dIeqGauMNyi7FtHh
04-21 17:08:04.004 26127 26259 D ar_activity: [[2d] after update lines time=2023-04-21 17:08:04.003]
04-21 17:08:04.022 26127 26127 D ar_activity: [[2a end - 2d start] onChildChanged stroke id=-NT_dIeqGauMNyi7FtHh time=2023-04-21 17:08:04.022]
04-21 17:08:04.029 26127 26259 D ar_activity: [TRACKING TransformPointToPose time=2023-04-21 17:08:04.029]
04-21 17:08:04.029 26127 26259 D ar_activity: [TRACKING TransformPointToPose time=2023-04-21 17:08:04.029]
04-21 17:08:04.030 26127 26259 D ar_activity: [TRACKING TransformPointToPose time=2023-04-21 17:08:04.030]
04-21 17:08:04.031 26127 26259 D ar_activity: send stroke to firebase, id=-NT_dIeqGauMNyi7FtHh
04-21 17:08:04.032 26127 26259 D ar_activity: [[2d] after update lines time=2023-04-21 17:08:04.032]
04-21 17:08:04.058 26127 26259 D ar_activity: [TRACKING TransformPointToPose time=2023-04-21 17:08:04.058]
04-21 17:08:04.059 26127 26259 D ar_activity: [TRACKING TransformPointToPose time=2023-04-21 17:08:04.058]
04-21 17:08:04.059 26127 26259 D ar_activity: send stroke to firebase, id=-NT_dIeqGauMNyi7FtHh
04-21 17:08:04.066 26127 26259 D ar_activity: [[2d] after update lines time=2023-04-21 17:08:04.066]
04-21 17:08:04.093 26127 26259 D ar_activity: [TRACKING TransformPointToPose time=2023-04-21 17:08:04.092]
04-21 17:08:04.095 26127 26259 D ar_activity: [TRACKING TransformPointToPose time=2023-04-21 17:08:04.095]
04-21 17:08:04.096 26127 26259 D ar_activity: send stroke to firebase, id=-NT_dIeqGauMNyi7FtHh
04-21 17:08:04.097 26127 26259 D ar_activity: [[2d] after update lines time=2023-04-21 17:08:04.097]
04-21 17:08:04.113 26127 26127 D ar_activity: [[2a end - 2d start] onChildChanged stroke id=-NT_dIeqGauMNyi7FtHh time=2023-04-21 17:08:04.113]
04-21 17:08:04.124 26127 26259 D ar_activity: [TRACKING TransformPointToPose time=2023-04-21 17:08:04.124]
04-21 17:08:04.124 26127 26259 D ar_activity: send stroke to firebase, id=-NT_dIeqGauMNyi7FtHh
04-21 17:08:04.129 26127 26259 D ar_activity: [[2d] after update lines time=2023-04-21 17:08:04.129]
04-21 17:08:04.150 26127 26259 D ar_activity: [TRACKING TransformPointToPose time=2023-04-21 17:08:04.150]
04-21 17:08:04.151 26127 26259 D ar_activity: [TRACKING TransformPointToPose time=2023-04-21 17:08:04.150]
04-21 17:08:04.151 26127 26259 D ar_activity: [TRACKING TransformPointToPose time=2023-04-21 17:08:04.151]
04-21 17:08:04.154 26127 26259 D ar_activity: send stroke to firebase, id=-NT_dIeqGauMNyi7FtHh
04-21 17:08:04.155 26127 26259 D ar_activity: [[2d] after update lines time=2023-04-21 17:08:04.155]
04-21 17:08:04.175 26127 26259 D ar_activity: [TRACKING TransformPointToPose time=2023-04-21 17:08:04.175]
04-21 17:08:04.177 26127 26259 D ar_activity: [TRACKING TransformPointToPose time=2023-04-21 17:08:04.176]
04-21 17:08:04.177 26127 26259 D ar_activity: send stroke to firebase, id=-NT_dIeqGauMNyi7FtHh
04-21 17:08:04.179 26127 26259 D ar_activity: [[2d] after update lines time=2023-04-21 17:08:04.178]
04-21 17:08:04.200 26127 26259 D ar_activity: [TRACKING TransformPointToPose time=2023-04-21 17:08:04.199]
04-21 17:08:04.200 26127 26259 D ar_activity: [TRACKING TransformPointToPose time=2023-04-21 17:08:04.200]
04-21 17:08:04.200 26127 26259 D ar_activity: send stroke to firebase, id=-NT_dIeqGauMNyi7FtHh
04-21 17:08:04.208 26127 26259 D ar_activity: [[2d] after update lines time=2023-04-21 17:08:04.208]
04-21 17:08:04.208 26127 26127 D ar_activity: [[2a end - 2d start] onChildChanged stroke id=-NT_dIeqGauMNyi7FtHh time=2023-04-21 17:08:04.208]
04-21 17:08:04.233 26127 26259 D ar_activity: [TRACKING TransformPointToPose time=2023-04-21 17:08:04.232]
04-21 17:08:04.233 26127 26259 D ar_activity: [TRACKING TransformPointToPose time=2023-04-21 17:08:04.233]
04-21 17:08:04.234 26127 26259 D ar_activity: send stroke to firebase, id=-NT_dIeqGauMNyi7FtHh
04-21 17:08:04.237 26127 26259 D ar_activity: [[2d] after update lines time=2023-04-21 17:08:04.235]
04-21 17:08:04.261 26127 26259 D ar_activity: [TRACKING TransformPointToPose time=2023-04-21 17:08:04.260]
04-21 17:08:04.261 26127 26259 D ar_activity: [TRACKING TransformPointToPose time=2023-04-21 17:08:04.261]
04-21 17:08:04.262 26127 26259 D ar_activity: send stroke to firebase, id=-NT_dIeqGauMNyi7FtHh
04-21 17:08:04.263 26127 26259 D ar_activity: [[2d] after update lines time=2023-04-21 17:08:04.263]
