--------- beginning of main
04-21 16:44:58.231 19444 19576 D ar_activity: [[2d] after update lines time=2023-04-21 16:44:58.192]
04-21 16:45:01.732 19444 19444 D ar_activity: [--- pair start --- time=2023-04-21 16:45:01.732]
04-21 16:45:01.733 19444 19444 D ar_activity: [--- pair session start --- time=2023-04-21 16:45:01.732]
04-21 16:45:01.772 19444 19444 D ar_activity: [create room: Message{namespace='', type='', content=[34 bytes]} time=2023-04-21 16:45:01.772]
04-21 16:45:01.816 19444 19444 D ar_activity: LOOKING: 2023-04-21 16:45:01.816
04-21 16:45:06.139 19444 19444 D ar_activity: [--- pair joined --- time=2023-04-21 16:45:06.139]
04-21 16:45:06.141 19444 19444 D ar_activity: PARTNER FOUND: 2023-04-21 16:45:06.141
04-21 16:45:08.152 19444 19444 D ar_activity: SET ANCHOR: 2023-04-21 16:45:08.151
04-21 16:45:10.769 19444 19444 D ar_activity: [--- sync ready to set anchor --- time=2023-04-21 16:45:10.768]
04-21 16:45:11.541 19444 19444 D ar_activity: [--- sync: sendSetAnchorEvent --- time=2023-04-21 16:45:11.539]
04-21 16:45:11.542 19444 19444 D ar_activity: --- start creating anchor: 2023-04-21 16:45:11.542 ---
04-21 16:45:11.542 19444 19444 D ar_activity: --- anchor: com.google.ar.core.Anchor@b49fc369 ---
04-21 16:45:11.542 19444 19444 D ar_activity: --- finish creating anchor: 2023-04-21 16:45:11.542 ---
04-21 16:45:11.543 19444 19444 D ar_activity: [hostAnchor start time=2023-04-21 16:45:11.543]
04-21 16:45:11.546 19444 19444 D ar_activity: [hostAnchor end time=2023-04-21 16:45:11.546]
04-21 16:45:11.550 19444 19444 D ar_activity: [anchor resolution changed: null time=2023-04-21 16:45:11.550]
04-21 16:45:11.550 19444 19444 D ar_activity: Start CONNECTING: 2023-04-21 16:45:11.550
04-21 16:45:11.555 19444 19576 D ar_activity: [--- anchor: onUpdate--- time=2023-04-21 16:45:11.554]
04-21 16:45:14.173 19444 19576 D ar_activity: [--- anchor: onUpdate--- time=2023-04-21 16:45:14.173]
04-21 16:45:14.533 19444 19576 D ar_activity: [--- anchor: onUpdate--- time=2023-04-21 16:45:14.533]
04-21 16:45:14.534 19444 19576 D ar_activity: [--- onAnchorHosted [HOSTED]--- time=2023-04-21 16:45:14.534]
04-21 16:45:14.539 19444 19444 D ar_activity: [anchor resolution changed: false time=2023-04-21 16:45:14.539]
04-21 16:45:53.746 19444 19444 D ar_activity: [--- sync: finish syncing anchor --- time=2023-04-21 16:45:53.745]
04-21 16:45:53.748 19444 19444 D ar_activity: SYNCED: 2023-04-21 16:45:53.748
04-21 16:46:01.608 19444 19444 D ar_activity: [[1a start] touch screen time=2023-04-21 16:46:01.608]
04-21 16:46:01.621 19444 19576 D ar_activity: addStroke at 2023-04-21 16:46:01.621
04-21 16:46:01.622 19444 19576 D ar_activity: stroke (id: -NT_ZGL2vfyVX23aLZMg) was added at 2023-04-21 16:46:01.622
04-21 16:46:01.623 19444 19576 D ar_activity: [[1b start] setFirebaseValue stroke id=-NT_ZGL2vfyVX23aLZMg time=2023-04-21 16:46:01.623]
04-21 16:46:01.625 19444 19576 D ar_activity: [TRACKING TransformPointToPose time=2023-04-21 16:46:01.624]
04-21 16:46:01.626 19444 19576 D ar_activity: [TRACKING TransformPointToPose time=2023-04-21 16:46:01.626]
04-21 16:46:01.626 19444 19576 D ar_activity: send stroke to firebase, id=-NT_ZGL2vfyVX23aLZMg
04-21 16:46:01.626 19444 19576 D ar_activity: [[2d] after update lines time=2023-04-21 16:46:01.626]
04-21 16:46:01.634 19444 19444 D ar_activity: [[2a end - 2d start] onChildAdded stroke id=-NT_ZGL2vfyVX23aLZMg time=2023-04-21 16:46:01.634]
04-21 16:46:01.649 19444 19576 D ar_activity: [TRACKING TransformPointToPose time=2023-04-21 16:46:01.648]
04-21 16:46:01.649 19444 19576 D ar_activity: send stroke to firebase, id=-NT_ZGL2vfyVX23aLZMg
04-21 16:46:01.649 19444 19576 D ar_activity: [[2d] after update lines time=2023-04-21 16:46:01.649]
04-21 16:46:01.670 19444 19576 D ar_activity: [TRACKING TransformPointToPose time=2023-04-21 16:46:01.670]
04-21 16:46:01.671 19444 19576 D ar_activity: send stroke to firebase, id=-NT_ZGL2vfyVX23aLZMg
04-21 16:46:01.672 19444 19576 D ar_activity: [[2d] after update lines time=2023-04-21 16:46:01.672]
04-21 16:46:01.695 19444 19576 D ar_activity: [TRACKING TransformPointToPose time=2023-04-21 16:46:01.695]
04-21 16:46:01.695 19444 19576 D ar_activity: [TRACKING TransformPointToPose time=2023-04-21 16:46:01.695]
04-21 16:46:01.695 19444 19576 D ar_activity: send stroke to firebase, id=-NT_ZGL2vfyVX23aLZMg
04-21 16:46:01.696 19444 19576 D ar_activity: [[2d] after update lines time=2023-04-21 16:46:01.696]
04-21 16:46:01.716 19444 19444 D ar_activity: [[1b start] setFirebaseValue stroke id=-NT_ZGL2vfyVX23aLZMg time=2023-04-21 16:46:01.716]
04-21 16:46:01.718 19444 19444 D ar_activity: [[2a end - 2d start] onChildChanged stroke id=-NT_ZGL2vfyVX23aLZMg time=2023-04-21 16:46:01.718]
04-21 16:46:01.723 19444 19576 D ar_activity: [TRACKING TransformPointToPose time=2023-04-21 16:46:01.723]
04-21 16:46:01.724 19444 19576 D ar_activity: [TRACKING TransformPointToPose time=2023-04-21 16:46:01.723]
04-21 16:46:01.724 19444 19576 D ar_activity: [TRACKING TransformPointToPose time=2023-04-21 16:46:01.724]
04-21 16:46:01.724 19444 19576 D ar_activity: send stroke to firebase, id=-NT_ZGL2vfyVX23aLZMg
04-21 16:46:01.725 19444 19576 D ar_activity: [[2d] after update lines time=2023-04-21 16:46:01.725]
04-21 16:46:01.750 19444 19576 D ar_activity: [TRACKING TransformPointToPose time=2023-04-21 16:46:01.749]
04-21 16:46:01.750 19444 19576 D ar_activity: [TRACKING TransformPointToPose time=2023-04-21 16:46:01.750]
04-21 16:46:01.750 19444 19576 D ar_activity: send stroke to firebase, id=-NT_ZGL2vfyVX23aLZMg
04-21 16:46:01.751 19444 19576 D ar_activity: [[2d] after update lines time=2023-04-21 16:46:01.751]
04-21 16:46:01.778 19444 19576 D ar_activity: [TRACKING TransformPointToPose time=2023-04-21 16:46:01.778]
04-21 16:46:01.781 19444 19576 D ar_activity: send stroke to firebase, id=-NT_ZGL2vfyVX23aLZMg
04-21 16:46:01.782 19444 19576 D ar_activity: [[2d] after update lines time=2023-04-21 16:46:01.782]
04-21 16:46:01.819 19444 19576 D ar_activity: [TRACKING TransformPointToPose time=2023-04-21 16:46:01.818]
04-21 16:46:01.819 19444 19576 D ar_activity: [TRACKING TransformPointToPose time=2023-04-21 16:46:01.819]
04-21 16:46:01.822 19444 19576 D ar_activity: [TRACKING TransformPointToPose time=2023-04-21 16:46:01.822]
04-21 16:46:01.822 19444 19576 D ar_activity: send stroke to firebase, id=-NT_ZGL2vfyVX23aLZMg
04-21 16:46:01.823 19444 19576 D ar_activity: [[2d] after update lines time=2023-04-21 16:46:01.822]
04-21 16:46:01.835 19444 19444 D ar_activity: [[2a end - 2d start] onChildChanged stroke id=-NT_ZGL2vfyVX23aLZMg time=2023-04-21 16:46:01.835]
04-21 16:46:01.841 19444 19576 D ar_activity: [TRACKING TransformPointToPose time=2023-04-21 16:46:01.841]
04-21 16:46:01.842 19444 19576 D ar_activity: send stroke to firebase, id=-NT_ZGL2vfyVX23aLZMg
04-21 16:46:01.843 19444 19576 D ar_activity: [[2d] after update lines time=2023-04-21 16:46:01.843]
04-21 16:46:01.867 19444 19576 D ar_activity: [TRACKING TransformPointToPose time=2023-04-21 16:46:01.867]
04-21 16:46:01.868 19444 19576 D ar_activity: [TRACKING TransformPointToPose time=2023-04-21 16:46:01.867]
04-21 16:46:01.868 19444 19576 D ar_activity: [TRACKING TransformPointToPose time=2023-04-21 16:46:01.868]
04-21 16:46:01.868 19444 19576 D ar_activity: send stroke to firebase, id=-NT_ZGL2vfyVX23aLZMg
04-21 16:46:01.868 19444 19576 D ar_activity: [[2d] after update lines time=2023-04-21 16:46:01.868]
04-21 16:46:01.887 19444 19576 D ar_activity: [TRACKING TransformPointToPose time=2023-04-21 16:46:01.887]
04-21 16:46:01.887 19444 19576 D ar_activity: [TRACKING TransformPointToPose time=2023-04-21 16:46:01.887]
04-21 16:46:01.887 19444 19576 D ar_activity: send stroke to firebase, id=-NT_ZGL2vfyVX23aLZMg
04-21 16:46:01.888 19444 19576 D ar_activity: [[2d] after update lines time=2023-04-21 16:46:01.888]
04-21 16:46:01.907 19444 19576 D ar_activity: [TRACKING TransformPointToPose time=2023-04-21 16:46:01.907]
04-21 16:46:01.907 19444 19576 D ar_activity: send stroke to firebase, id=-NT_ZGL2vfyVX23aLZMg
04-21 16:46:01.907 19444 19576 D ar_activity: [[2d] after update lines time=2023-04-21 16:46:01.907]
04-21 16:46:01.920 19444 19444 D ar_activity: [[2a end - 2d start] onChildChanged stroke id=-NT_ZGL2vfyVX23aLZMg time=2023-04-21 16:46:01.920]
04-21 16:46:01.926 19444 19576 D ar_activity: [TRACKING TransformPointToPose time=2023-04-21 16:46:01.926]
04-21 16:46:01.927 19444 19576 D ar_activity: [TRACKING TransformPointToPose time=2023-04-21 16:46:01.926]
04-21 16:46:01.927 19444 19576 D ar_activity: send stroke to firebase, id=-NT_ZGL2vfyVX23aLZMg
04-21 16:46:01.927 19444 19576 D ar_activity: [[2d] after update lines time=2023-04-21 16:46:01.927]
04-21 16:46:01.949 19444 19576 D ar_activity: [TRACKING TransformPointToPose time=2023-04-21 16:46:01.949]
04-21 16:46:01.949 19444 19576 D ar_activity: [TRACKING TransformPointToPose time=2023-04-21 16:46:01.949]
04-21 16:46:01.950 19444 19576 D ar_activity: send stroke to firebase, id=-NT_ZGL2vfyVX23aLZMg
04-21 16:46:01.950 19444 19576 D ar_activity: [[2d] after update lines time=2023-04-21 16:46:01.950]
04-21 16:46:01.969 19444 19576 D ar_activity: [TRACKING TransformPointToPose time=2023-04-21 16:46:01.969]
04-21 16:46:01.970 19444 19576 D ar_activity: [TRACKING TransformPointToPose time=2023-04-21 16:46:01.970]
04-21 16:46:01.970 19444 19576 D ar_activity: send stroke to firebase, id=-NT_ZGL2vfyVX23aLZMg
04-21 16:46:01.970 19444 19576 D ar_activity: [[2d] after update lines time=2023-04-21 16:46:01.970]
04-21 16:46:01.989 19444 19576 D ar_activity: [TRACKING TransformPointToPose time=2023-04-21 16:46:01.989]
04-21 16:46:01.989 19444 19576 D ar_activity: [TRACKING TransformPointToPose time=2023-04-21 16:46:01.989]
04-21 16:46:01.989 19444 19576 D ar_activity: send stroke to firebase, id=-NT_ZGL2vfyVX23aLZMg
04-21 16:46:01.990 19444 19576 D ar_activity: [[2d] after update lines time=2023-04-21 16:46:01.990]
04-21 16:46:02.005 19444 19444 D ar_activity: [[2a end - 2d start] onChildChanged stroke id=-NT_ZGL2vfyVX23aLZMg time=2023-04-21 16:46:02.005]
04-21 16:46:02.008 19444 19576 D ar_activity: [TRACKING TransformPointToPose time=2023-04-21 16:46:02.008]
04-21 16:46:02.009 19444 19576 D ar_activity: send stroke to firebase, id=-NT_ZGL2vfyVX23aLZMg
04-21 16:46:02.009 19444 19576 D ar_activity: [[2d] after update lines time=2023-04-21 16:46:02.009]
04-21 16:46:02.028 19444 19576 D ar_activity: [TRACKING TransformPointToPose time=2023-04-21 16:46:02.027]
04-21 16:46:02.028 19444 19576 D ar_activity: send stroke to firebase, id=-NT_ZGL2vfyVX23aLZMg
04-21 16:46:02.029 19444 19576 D ar_activity: [[2d] after update lines time=2023-04-21 16:46:02.028]
04-21 16:46:02.049 19444 19576 D ar_activity: [TRACKING TransformPointToPose time=2023-04-21 16:46:02.049]
04-21 16:46:02.050 19444 19576 D ar_activity: [TRACKING TransformPointToPose time=2023-04-21 16:46:02.050]
04-21 16:46:02.050 19444 19576 D ar_activity: send stroke to firebase, id=-NT_ZGL2vfyVX23aLZMg
04-21 16:46:02.050 19444 19576 D ar_activity: [[2d] after update lines time=2023-04-21 16:46:02.050]
04-21 16:46:02.070 19444 19576 D ar_activity: [TRACKING TransformPointToPose time=2023-04-21 16:46:02.070]
04-21 16:46:02.070 19444 19576 D ar_activity: [TRACKING TransformPointToPose time=2023-04-21 16:46:02.070]
04-21 16:46:02.071 19444 19576 D ar_activity: [TRACKING TransformPointToPose time=2023-04-21 16:46:02.071]
04-21 16:46:02.071 19444 19576 D ar_activity: send stroke to firebase, id=-NT_ZGL2vfyVX23aLZMg
04-21 16:46:02.071 19444 19576 D ar_activity: [[2d] after update lines time=2023-04-21 16:46:02.071]
04-21 16:46:02.091 19444 19576 D ar_activity: [TRACKING TransformPointToPose time=2023-04-21 16:46:02.091]
04-21 16:46:02.091 19444 19576 D ar_activity: [TRACKING TransformPointToPose time=2023-04-21 16:46:02.091]
04-21 16:46:02.091 19444 19576 D ar_activity: send stroke to firebase, id=-NT_ZGL2vfyVX23aLZMg
04-21 16:46:02.092 19444 19576 D ar_activity: [[2d] after update lines time=2023-04-21 16:46:02.092]
04-21 16:46:02.102 19444 19444 D ar_activity: [[2a end - 2d start] onChildChanged stroke id=-NT_ZGL2vfyVX23aLZMg time=2023-04-21 16:46:02.101]
04-21 16:46:02.111 19444 19576 D ar_activity: [TRACKING TransformPointToPose time=2023-04-21 16:46:02.110]
04-21 16:46:02.111 19444 19576 D ar_activity: [TRACKING TransformPointToPose time=2023-04-21 16:46:02.111]
04-21 16:46:02.111 19444 19576 D ar_activity: [TRACKING TransformPointToPose time=2023-04-21 16:46:02.111]
04-21 16:46:02.111 19444 19576 D ar_activity: send stroke to firebase, id=-NT_ZGL2vfyVX23aLZMg
04-21 16:46:02.114 19444 19576 D ar_activity: [[2d] after update lines time=2023-04-21 16:46:02.112]
04-21 16:46:02.133 19444 19576 D ar_activity: [TRACKING TransformPointToPose time=2023-04-21 16:46:02.133]
04-21 16:46:02.134 19444 19576 D ar_activity: [TRACKING TransformPointToPose time=2023-04-21 16:46:02.134]
04-21 16:46:02.134 19444 19576 D ar_activity: send stroke to firebase, id=-NT_ZGL2vfyVX23aLZMg
04-21 16:46:02.135 19444 19576 D ar_activity: [[2d] after update lines time=2023-04-21 16:46:02.134]
04-21 16:46:02.153 19444 19576 D ar_activity: [TRACKING TransformPointToPose time=2023-04-21 16:46:02.153]
04-21 16:46:02.154 19444 19576 D ar_activity: send stroke to firebase, id=-NT_ZGL2vfyVX23aLZMg
04-21 16:46:02.154 19444 19576 D ar_activity: [[2d] after update lines time=2023-04-21 16:46:02.154]
04-21 16:46:02.178 19444 19576 D ar_activity: [TRACKING TransformPointToPose time=2023-04-21 16:46:02.178]
04-21 16:46:02.180 19444 19576 D ar_activity: [TRACKING TransformPointToPose time=2023-04-21 16:46:02.179]
04-21 16:46:02.180 19444 19576 D ar_activity: send stroke to firebase, id=-NT_ZGL2vfyVX23aLZMg
04-21 16:46:02.183 19444 19576 D ar_activity: [[2d] after update lines time=2023-04-21 16:46:02.181]
04-21 16:46:02.196 19444 19444 D ar_activity: [[2a end - 2d start] onChildChanged stroke id=-NT_ZGL2vfyVX23aLZMg time=2023-04-21 16:46:02.195]
04-21 16:46:02.203 19444 19576 D ar_activity: [TRACKING TransformPointToPose time=2023-04-21 16:46:02.203]
04-21 16:46:02.203 19444 19576 D ar_activity: [TRACKING TransformPointToPose time=2023-04-21 16:46:02.203]
04-21 16:46:02.203 19444 19576 D ar_activity: send stroke to firebase, id=-NT_ZGL2vfyVX23aLZMg
04-21 16:46:02.204 19444 19576 D ar_activity: [[2d] after update lines time=2023-04-21 16:46:02.204]
04-21 16:46:02.222 19444 19576 D ar_activity: [TRACKING TransformPointToPose time=2023-04-21 16:46:02.222]
04-21 16:46:02.222 19444 19576 D ar_activity: [TRACKING TransformPointToPose time=2023-04-21 16:46:02.222]
04-21 16:46:02.222 19444 19576 D ar_activity: send stroke to firebase, id=-NT_ZGL2vfyVX23aLZMg
04-21 16:46:02.223 19444 19576 D ar_activity: [[2d] after update lines time=2023-04-21 16:46:02.223]
04-21 16:46:02.241 19444 19576 D ar_activity: [TRACKING TransformPointToPose time=2023-04-21 16:46:02.241]
04-21 16:46:02.242 19444 19576 D ar_activity: send stroke to firebase, id=-NT_ZGL2vfyVX23aLZMg
04-21 16:46:02.242 19444 19576 D ar_activity: [[2d] after update lines time=2023-04-21 16:46:02.242]
04-21 16:46:02.261 19444 19576 D ar_activity: [TRACKING TransformPointToPose time=2023-04-21 16:46:02.261]
04-21 16:46:02.261 19444 19576 D ar_activity: send stroke to firebase, id=-NT_ZGL2vfyVX23aLZMg
04-21 16:46:02.262 19444 19576 D ar_activity: [[2d] after update lines time=2023-04-21 16:46:02.261]
04-21 16:46:02.283 19444 19576 D ar_activity: [TRACKING TransformPointToPose time=2023-04-21 16:46:02.282]
04-21 16:46:02.283 19444 19576 D ar_activity: [TRACKING TransformPointToPose time=2023-04-21 16:46:02.283]
04-21 16:46:02.283 19444 19576 D ar_activity: send stroke to firebase, id=-NT_ZGL2vfyVX23aLZMg
04-21 16:46:02.284 19444 19576 D ar_activity: [[2d] after update lines time=2023-04-21 16:46:02.284]
04-21 16:46:02.291 19444 19444 D ar_activity: [[2a end - 2d start] onChildChanged stroke id=-NT_ZGL2vfyVX23aLZMg time=2023-04-21 16:46:02.290]
04-21 16:46:02.303 19444 19576 D ar_activity: [TRACKING TransformPointToPose time=2023-04-21 16:46:02.302]
04-21 16:46:02.303 19444 19576 D ar_activity: [TRACKING TransformPointToPose time=2023-04-21 16:46:02.303]
04-21 16:46:02.303 19444 19576 D ar_activity: send stroke to firebase, id=-NT_ZGL2vfyVX23aLZMg
04-21 16:46:02.304 19444 19576 D ar_activity: [[2d] after update lines time=2023-04-21 16:46:02.304]
04-21 16:46:02.343 19444 19576 D ar_activity: [TRACKING TransformPointToPose time=2023-04-21 16:46:02.342]
04-21 16:46:02.343 19444 19576 D ar_activity: [TRACKING TransformPointToPose time=2023-04-21 16:46:02.343]
04-21 16:46:02.344 19444 19576 D ar_activity: [TRACKING TransformPointToPose time=2023-04-21 16:46:02.344]
04-21 16:46:02.345 19444 19576 D ar_activity: [TRACKING TransformPointToPose time=2023-04-21 16:46:02.344]
04-21 16:46:02.345 19444 19576 D ar_activity: send stroke to firebase, id=-NT_ZGL2vfyVX23aLZMg
04-21 16:46:02.349 19444 19576 D ar_activity: [[2d] after update lines time=2023-04-21 16:46:02.347]
04-21 16:46:02.377 19444 19576 D ar_activity: [TRACKING TransformPointToPose time=2023-04-21 16:46:02.377]
04-21 16:46:02.380 19444 19576 D ar_activity: [TRACKING TransformPointToPose time=2023-04-21 16:46:02.378]
04-21 16:46:02.382 19444 19576 D ar_activity: send stroke to firebase, id=-NT_ZGL2vfyVX23aLZMg
04-21 16:46:02.388 19444 19576 D ar_activity: [[2d] after update lines time=2023-04-21 16:46:02.385]
04-21 16:46:02.405 19444 19444 D ar_activity: [[2a end - 2d start] onChildChanged stroke id=-NT_ZGL2vfyVX23aLZMg time=2023-04-21 16:46:02.405]
04-21 16:46:02.408 19444 19576 D ar_activity: [TRACKING TransformPointToPose time=2023-04-21 16:46:02.408]
04-21 16:46:02.408 19444 19576 D ar_activity: send stroke to firebase, id=-NT_ZGL2vfyVX23aLZMg
04-21 16:46:02.408 19444 19576 D ar_activity: [[2d] after update lines time=2023-04-21 16:46:02.408]
04-21 16:46:02.427 19444 19576 D ar_activity: [TRACKING TransformPointToPose time=2023-04-21 16:46:02.427]
04-21 16:46:02.427 19444 19576 D ar_activity: [TRACKING TransformPointToPose time=2023-04-21 16:46:02.427]
04-21 16:46:02.427 19444 19576 D ar_activity: send stroke to firebase, id=-NT_ZGL2vfyVX23aLZMg
04-21 16:46:02.428 19444 19576 D ar_activity: [[2d] after update lines time=2023-04-21 16:46:02.428]
04-21 16:46:02.450 19444 19576 D ar_activity: [TRACKING TransformPointToPose time=2023-04-21 16:46:02.450]
04-21 16:46:02.450 19444 19576 D ar_activity: [TRACKING TransformPointToPose time=2023-04-21 16:46:02.450]
04-21 16:46:02.450 19444 19576 D ar_activity: send stroke to firebase, id=-NT_ZGL2vfyVX23aLZMg
04-21 16:46:02.451 19444 19576 D ar_activity: [[2d] after update lines time=2023-04-21 16:46:02.451]
04-21 16:46:02.469 19444 19576 D ar_activity: [TRACKING TransformPointToPose time=2023-04-21 16:46:02.469]
04-21 16:46:02.469 19444 19576 D ar_activity: [TRACKING TransformPointToPose time=2023-04-21 16:46:02.469]
04-21 16:46:02.470 19444 19576 D ar_activity: send stroke to firebase, id=-NT_ZGL2vfyVX23aLZMg
04-21 16:46:02.470 19444 19576 D ar_activity: [[2d] after update lines time=2023-04-21 16:46:02.470]
04-21 16:46:02.485 19444 19444 D ar_activity: [[2a end - 2d start] onChildChanged stroke id=-NT_ZGL2vfyVX23aLZMg time=2023-04-21 16:46:02.485]
04-21 16:46:02.490 19444 19576 D ar_activity: [TRACKING TransformPointToPose time=2023-04-21 16:46:02.490]
04-21 16:46:02.490 19444 19576 D ar_activity: [TRACKING TransformPointToPose time=2023-04-21 16:46:02.490]
04-21 16:46:02.490 19444 19576 D ar_activity: send stroke to firebase, id=-NT_ZGL2vfyVX23aLZMg
04-21 16:46:02.491 19444 19576 D ar_activity: [[2d] after update lines time=2023-04-21 16:46:02.491]
04-21 16:46:02.512 19444 19576 D ar_activity: [TRACKING TransformPointToPose time=2023-04-21 16:46:02.511]
04-21 16:46:02.513 19444 19576 D ar_activity: [TRACKING TransformPointToPose time=2023-04-21 16:46:02.512]
04-21 16:46:02.513 19444 19576 D ar_activity: send stroke to firebase, id=-NT_ZGL2vfyVX23aLZMg
04-21 16:46:02.515 19444 19576 D ar_activity: [[2d] after update lines time=2023-04-21 16:46:02.514]
04-21 16:46:02.538 19444 19576 D ar_activity: [TRACKING TransformPointToPose time=2023-04-21 16:46:02.537]
04-21 16:46:02.538 19444 19576 D ar_activity: [TRACKING TransformPointToPose time=2023-04-21 16:46:02.538]
04-21 16:46:02.538 19444 19576 D ar_activity: send stroke to firebase, id=-NT_ZGL2vfyVX23aLZMg
04-21 16:46:02.539 19444 19576 D ar_activity: [[2d] after update lines time=2023-04-21 16:46:02.538]
04-21 16:46:02.558 19444 19576 D ar_activity: [TRACKING TransformPointToPose time=2023-04-21 16:46:02.558]
04-21 16:46:02.558 19444 19576 D ar_activity: [TRACKING TransformPointToPose time=2023-04-21 16:46:02.558]
04-21 16:46:02.558 19444 19576 D ar_activity: send stroke to firebase, id=-NT_ZGL2vfyVX23aLZMg
04-21 16:46:02.559 19444 19576 D ar_activity: [[2d] after update lines time=2023-04-21 16:46:02.559]
04-21 16:46:02.578 19444 19576 D ar_activity: [TRACKING TransformPointToPose time=2023-04-21 16:46:02.578]
04-21 16:46:02.580 19444 19576 D ar_activity: [TRACKING TransformPointToPose time=2023-04-21 16:46:02.578]
04-21 16:46:02.580 19444 19576 D ar_activity: send stroke to firebase, id=-NT_ZGL2vfyVX23aLZMg
04-21 16:46:02.582 19444 19576 D ar_activity: [[2d] after update lines time=2023-04-21 16:46:02.582]
04-21 16:46:02.604 19444 19444 D ar_activity: [[2a end - 2d start] onChildChanged stroke id=-NT_ZGL2vfyVX23aLZMg time=2023-04-21 16:46:02.604]
04-21 16:46:02.604 19444 19576 D ar_activity: [TRACKING TransformPointToPose time=2023-04-21 16:46:02.604]
04-21 16:46:02.604 19444 19576 D ar_activity: [TRACKING TransformPointToPose time=2023-04-21 16:46:02.604]
04-21 16:46:02.604 19444 19576 D ar_activity: send stroke to firebase, id=-NT_ZGL2vfyVX23aLZMg
04-21 16:46:02.605 19444 19576 D ar_activity: [[2d] after update lines time=2023-04-21 16:46:02.605]
04-21 16:46:02.625 19444 19576 D ar_activity: [TRACKING TransformPointToPose time=2023-04-21 16:46:02.625]
04-21 16:46:02.625 19444 19576 D ar_activity: [TRACKING TransformPointToPose time=2023-04-21 16:46:02.625]
04-21 16:46:02.625 19444 19576 D ar_activity: [TRACKING TransformPointToPose time=2023-04-21 16:46:02.625]
04-21 16:46:02.625 19444 19576 D ar_activity: send stroke to firebase, id=-NT_ZGL2vfyVX23aLZMg
04-21 16:46:02.626 19444 19576 D ar_activity: [[2d] after update lines time=2023-04-21 16:46:02.626]
04-21 16:46:02.645 19444 19576 D ar_activity: [TRACKING TransformPointToPose time=2023-04-21 16:46:02.644]
04-21 16:46:02.645 19444 19576 D ar_activity: [TRACKING TransformPointToPose time=2023-04-21 16:46:02.645]
04-21 16:46:02.645 19444 19576 D ar_activity: send stroke to firebase, id=-NT_ZGL2vfyVX23aLZMg
04-21 16:46:02.646 19444 19576 D ar_activity: [[2d] after update lines time=2023-04-21 16:46:02.646]
04-21 16:46:02.667 19444 19576 D ar_activity: [TRACKING TransformPointToPose time=2023-04-21 16:46:02.666]
04-21 16:46:02.667 19444 19576 D ar_activity: [TRACKING TransformPointToPose time=2023-04-21 16:46:02.667]
04-21 16:46:02.667 19444 19576 D ar_activity: send stroke to firebase, id=-NT_ZGL2vfyVX23aLZMg
04-21 16:46:02.667 19444 19576 D ar_activity: [[2d] after update lines time=2023-04-21 16:46:02.667]
04-21 16:46:02.691 19444 19576 D ar_activity: [TRACKING TransformPointToPose time=2023-04-21 16:46:02.690]
04-21 16:46:02.692 19444 19576 D ar_activity: [TRACKING TransformPointToPose time=2023-04-21 16:46:02.691]
04-21 16:46:02.692 19444 19576 D ar_activity: send stroke to firebase, id=-NT_ZGL2vfyVX23aLZMg
04-21 16:46:02.693 19444 19444 D ar_activity: [[2a end - 2d start] onChildChanged stroke id=-NT_ZGL2vfyVX23aLZMg time=2023-04-21 16:46:02.693]
04-21 16:46:02.695 19444 19576 D ar_activity: [[2d] after update lines time=2023-04-21 16:46:02.694]
04-21 16:46:02.719 19444 19576 D ar_activity: [TRACKING TransformPointToPose time=2023-04-21 16:46:02.719]
04-21 16:46:02.719 19444 19576 D ar_activity: [TRACKING TransformPointToPose time=2023-04-21 16:46:02.719]
04-21 16:46:02.721 19444 19576 D ar_activity: [TRACKING TransformPointToPose time=2023-04-21 16:46:02.720]
04-21 16:46:02.721 19444 19576 D ar_activity: send stroke to firebase, id=-NT_ZGL2vfyVX23aLZMg
04-21 16:46:02.721 19444 19576 D ar_activity: [[2d] after update lines time=2023-04-21 16:46:02.721]
04-21 16:46:02.742 19444 19576 D ar_activity: [TRACKING TransformPointToPose time=2023-04-21 16:46:02.742]
04-21 16:46:02.742 19444 19576 D ar_activity: [TRACKING TransformPointToPose time=2023-04-21 16:46:02.742]
04-21 16:46:02.742 19444 19576 D ar_activity: send stroke to firebase, id=-NT_ZGL2vfyVX23aLZMg
04-21 16:46:02.743 19444 19576 D ar_activity: [[2d] after update lines time=2023-04-21 16:46:02.742]
04-21 16:46:02.761 19444 19576 D ar_activity: [TRACKING TransformPointToPose time=2023-04-21 16:46:02.761]
04-21 16:46:02.761 19444 19576 D ar_activity: send stroke to firebase, id=-NT_ZGL2vfyVX23aLZMg
04-21 16:46:02.762 19444 19576 D ar_activity: [[2d] after update lines time=2023-04-21 16:46:02.761]
04-21 16:46:02.778 19444 19444 D ar_activity: [[2a end - 2d start] onChildChanged stroke id=-NT_ZGL2vfyVX23aLZMg time=2023-04-21 16:46:02.778]
04-21 16:46:02.783 19444 19576 D ar_activity: [TRACKING TransformPointToPose time=2023-04-21 16:46:02.783]
04-21 16:46:02.784 19444 19576 D ar_activity: [TRACKING TransformPointToPose time=2023-04-21 16:46:02.784]
04-21 16:46:02.784 19444 19576 D ar_activity: send stroke to firebase, id=-NT_ZGL2vfyVX23aLZMg
04-21 16:46:02.787 19444 19576 D ar_activity: [[2d] after update lines time=2023-04-21 16:46:02.785]
04-21 16:46:02.808 19444 19576 D ar_activity: [TRACKING TransformPointToPose time=2023-04-21 16:46:02.808]
04-21 16:46:02.808 19444 19576 D ar_activity: [TRACKING TransformPointToPose time=2023-04-21 16:46:02.808]
04-21 16:46:02.808 19444 19576 D ar_activity: send stroke to firebase, id=-NT_ZGL2vfyVX23aLZMg
04-21 16:46:02.809 19444 19576 D ar_activity: [[2d] after update lines time=2023-04-21 16:46:02.808]
04-21 16:46:02.827 19444 19576 D ar_activity: [TRACKING TransformPointToPose time=2023-04-21 16:46:02.827]
04-21 16:46:02.828 19444 19576 D ar_activity: [TRACKING TransformPointToPose time=2023-04-21 16:46:02.828]
04-21 16:46:02.828 19444 19576 D ar_activity: send stroke to firebase, id=-NT_ZGL2vfyVX23aLZMg
04-21 16:46:02.828 19444 19576 D ar_activity: [[2d] after update lines time=2023-04-21 16:46:02.828]
04-21 16:46:02.849 19444 19576 D ar_activity: [TRACKING TransformPointToPose time=2023-04-21 16:46:02.849]
04-21 16:46:02.849 19444 19576 D ar_activity: [TRACKING TransformPointToPose time=2023-04-21 16:46:02.849]
04-21 16:46:02.850 19444 19576 D ar_activity: send stroke to firebase, id=-NT_ZGL2vfyVX23aLZMg
04-21 16:46:02.851 19444 19576 D ar_activity: [[2d] after update lines time=2023-04-21 16:46:02.850]
04-21 16:46:02.870 19444 19444 D ar_activity: [[2a end - 2d start] onChildChanged stroke id=-NT_ZGL2vfyVX23aLZMg time=2023-04-21 16:46:02.870]
04-21 16:46:02.870 19444 19576 D ar_activity: [TRACKING TransformPointToPose time=2023-04-21 16:46:02.870]
04-21 16:46:02.871 19444 19576 D ar_activity: [TRACKING TransformPointToPose time=2023-04-21 16:46:02.871]
04-21 16:46:02.872 19444 19576 D ar_activity: send stroke to firebase, id=-NT_ZGL2vfyVX23aLZMg
04-21 16:46:02.873 19444 19576 D ar_activity: [[2d] after update lines time=2023-04-21 16:46:02.873]
04-21 16:46:02.895 19444 19576 D ar_activity: [TRACKING TransformPointToPose time=2023-04-21 16:46:02.894]
04-21 16:46:02.895 19444 19576 D ar_activity: [TRACKING TransformPointToPose time=2023-04-21 16:46:02.895]
04-21 16:46:02.895 19444 19576 D ar_activity: send stroke to firebase, id=-NT_ZGL2vfyVX23aLZMg
04-21 16:46:02.896 19444 19576 D ar_activity: [[2d] after update lines time=2023-04-21 16:46:02.895]
04-21 16:46:02.916 19444 19576 D ar_activity: [TRACKING TransformPointToPose time=2023-04-21 16:46:02.916]
04-21 16:46:02.917 19444 19576 D ar_activity: [TRACKING TransformPointToPose time=2023-04-21 16:46:02.916]
04-21 16:46:02.917 19444 19576 D ar_activity: send stroke to firebase, id=-NT_ZGL2vfyVX23aLZMg
04-21 16:46:02.917 19444 19576 D ar_activity: [[2d] after update lines time=2023-04-21 16:46:02.917]
04-21 16:46:02.936 19444 19576 D ar_activity: [TRACKING TransformPointToPose time=2023-04-21 16:46:02.936]
04-21 16:46:02.936 19444 19576 D ar_activity: [TRACKING TransformPointToPose time=2023-04-21 16:46:02.936]
04-21 16:46:02.937 19444 19576 D ar_activity: send stroke to firebase, id=-NT_ZGL2vfyVX23aLZMg
04-21 16:46:02.937 19444 19576 D ar_activity: [[2d] after update lines time=2023-04-21 16:46:02.937]
04-21 16:46:02.957 19444 19576 D ar_activity: [TRACKING TransformPointToPose time=2023-04-21 16:46:02.956]
04-21 16:46:02.957 19444 19576 D ar_activity: [TRACKING TransformPointToPose time=2023-04-21 16:46:02.957]
04-21 16:46:02.957 19444 19576 D ar_activity: [TRACKING TransformPointToPose time=2023-04-21 16:46:02.957]
04-21 16:46:02.957 19444 19576 D ar_activity: send stroke to firebase, id=-NT_ZGL2vfyVX23aLZMg
04-21 16:46:02.958 19444 19576 D ar_activity: [[2d] after update lines time=2023-04-21 16:46:02.958]
04-21 16:46:02.976 19444 19576 D ar_activity: [TRACKING TransformPointToPose time=2023-04-21 16:46:02.976]
04-21 16:46:02.976 19444 19576 D ar_activity: [TRACKING TransformPointToPose time=2023-04-21 16:46:02.976]
04-21 16:46:02.978 19444 19576 D ar_activity: send stroke to firebase, id=-NT_ZGL2vfyVX23aLZMg
04-21 16:46:02.979 19444 19444 D ar_activity: [[2a end - 2d start] onChildChanged stroke id=-NT_ZGL2vfyVX23aLZMg time=2023-04-21 16:46:02.979]
04-21 16:46:02.979 19444 19576 D ar_activity: [[2d] after update lines time=2023-04-21 16:46:02.979]
04-21 16:46:03.001 19444 19576 D ar_activity: [TRACKING TransformPointToPose time=2023-04-21 16:46:03.001]
04-21 16:46:03.001 19444 19576 D ar_activity: [TRACKING TransformPointToPose time=2023-04-21 16:46:03.001]
04-21 16:46:03.002 19444 19576 D ar_activity: send stroke to firebase, id=-NT_ZGL2vfyVX23aLZMg
04-21 16:46:03.002 19444 19576 D ar_activity: [[2d] after update lines time=2023-04-21 16:46:03.002]
04-21 16:46:03.021 19444 19576 D ar_activity: [TRACKING TransformPointToPose time=2023-04-21 16:46:03.021]
04-21 16:46:03.021 19444 19576 D ar_activity: [TRACKING TransformPointToPose time=2023-04-21 16:46:03.021]
04-21 16:46:03.021 19444 19576 D ar_activity: send stroke to firebase, id=-NT_ZGL2vfyVX23aLZMg
04-21 16:46:03.022 19444 19576 D ar_activity: [[2d] after update lines time=2023-04-21 16:46:03.022]
04-21 16:46:03.041 19444 19576 D ar_activity: [TRACKING TransformPointToPose time=2023-04-21 16:46:03.041]
04-21 16:46:03.041 19444 19576 D ar_activity: send stroke to firebase, id=-NT_ZGL2vfyVX23aLZMg
04-21 16:46:03.042 19444 19576 D ar_activity: [[2d] after update lines time=2023-04-21 16:46:03.041]
04-21 16:46:03.061 19444 19576 D ar_activity: [TRACKING TransformPointToPose time=2023-04-21 16:46:03.061]
04-21 16:46:03.061 19444 19576 D ar_activity: send stroke to firebase, id=-NT_ZGL2vfyVX23aLZMg
04-21 16:46:03.063 19444 19576 D ar_activity: [[2d] after update lines time=2023-04-21 16:46:03.062]
04-21 16:46:03.088 19444 19576 D ar_activity: [TRACKING TransformPointToPose time=2023-04-21 16:46:03.088]
04-21 16:46:03.089 19444 19576 D ar_activity: [TRACKING TransformPointToPose time=2023-04-21 16:46:03.089]
04-21 16:46:03.089 19444 19576 D ar_activity: [TRACKING TransformPointToPose time=2023-04-21 16:46:03.089]
04-21 16:46:03.089 19444 19576 D ar_activity: send stroke to firebase, id=-NT_ZGL2vfyVX23aLZMg
04-21 16:46:03.091 19444 19576 D ar_activity: [[2d] after update lines time=2023-04-21 16:46:03.091]
04-21 16:46:03.104 19444 19444 D ar_activity: [[2a end - 2d start] onChildChanged stroke id=-NT_ZGL2vfyVX23aLZMg time=2023-04-21 16:46:03.104]
04-21 16:46:03.111 19444 19576 D ar_activity: [TRACKING TransformPointToPose time=2023-04-21 16:46:03.111]
04-21 16:46:03.111 19444 19576 D ar_activity: [TRACKING TransformPointToPose time=2023-04-21 16:46:03.111]
04-21 16:46:03.111 19444 19576 D ar_activity: send stroke to firebase, id=-NT_ZGL2vfyVX23aLZMg
04-21 16:46:03.112 19444 19576 D ar_activity: [[2d] after update lines time=2023-04-21 16:46:03.112]
04-21 16:46:03.131 19444 19576 D ar_activity: [TRACKING TransformPointToPose time=2023-04-21 16:46:03.131]
04-21 16:46:03.132 19444 19576 D ar_activity: [TRACKING TransformPointToPose time=2023-04-21 16:46:03.131]
04-21 16:46:03.132 19444 19576 D ar_activity: send stroke to firebase, id=-NT_ZGL2vfyVX23aLZMg
04-21 16:46:03.132 19444 19576 D ar_activity: [[2d] after update lines time=2023-04-21 16:46:03.132]
04-21 16:46:03.151 19444 19576 D ar_activity: [TRACKING TransformPointToPose time=2023-04-21 16:46:03.151]
04-21 16:46:03.152 19444 19576 D ar_activity: send stroke to firebase, id=-NT_ZGL2vfyVX23aLZMg
04-21 16:46:03.153 19444 19576 D ar_activity: [[2d] after update lines time=2023-04-21 16:46:03.152]
04-21 16:46:03.172 19444 19576 D ar_activity: [TRACKING TransformPointToPose time=2023-04-21 16:46:03.172]
04-21 16:46:03.173 19444 19576 D ar_activity: [TRACKING TransformPointToPose time=2023-04-21 16:46:03.172]
04-21 16:46:03.173 19444 19576 D ar_activity: send stroke to firebase, id=-NT_ZGL2vfyVX23aLZMg
04-21 16:46:03.174 19444 19576 D ar_activity: [[2d] after update lines time=2023-04-21 16:46:03.174]
04-21 16:46:03.194 19444 19576 D ar_activity: [TRACKING TransformPointToPose time=2023-04-21 16:46:03.194]
04-21 16:46:03.194 19444 19576 D ar_activity: [TRACKING TransformPointToPose time=2023-04-21 16:46:03.194]
04-21 16:46:03.194 19444 19576 D ar_activity: send stroke to firebase, id=-NT_ZGL2vfyVX23aLZMg
04-21 16:46:03.195 19444 19576 D ar_activity: [[2d] after update lines time=2023-04-21 16:46:03.194]
04-21 16:46:03.216 19444 19576 D ar_activity: [TRACKING TransformPointToPose time=2023-04-21 16:46:03.216]
04-21 16:46:03.217 19444 19576 D ar_activity: [TRACKING TransformPointToPose time=2023-04-21 16:46:03.217]
04-21 16:46:03.217 19444 19576 D ar_activity: send stroke to firebase, id=-NT_ZGL2vfyVX23aLZMg
04-21 16:46:03.218 19444 19576 D ar_activity: [[2d] after update lines time=2023-04-21 16:46:03.217]
04-21 16:46:03.232 19444 19444 D ar_activity: [[2a end - 2d start] onChildChanged stroke id=-NT_ZGL2vfyVX23aLZMg time=2023-04-21 16:46:03.232]
04-21 16:46:03.238 19444 19576 D ar_activity: [TRACKING TransformPointToPose time=2023-04-21 16:46:03.238]
04-21 16:46:03.238 19444 19576 D ar_activity: [TRACKING TransformPointToPose time=2023-04-21 16:46:03.238]
04-21 16:46:03.239 19444 19576 D ar_activity: send stroke to firebase, id=-NT_ZGL2vfyVX23aLZMg
04-21 16:46:03.240 19444 19576 D ar_activity: [[2d] after update lines time=2023-04-21 16:46:03.240]
04-21 16:46:03.258 19444 19576 D ar_activity: [TRACKING TransformPointToPose time=2023-04-21 16:46:03.258]
04-21 16:46:03.259 19444 19576 D ar_activity: [TRACKING TransformPointToPose time=2023-04-21 16:46:03.259]
04-21 16:46:03.259 19444 19576 D ar_activity: send stroke to firebase, id=-NT_ZGL2vfyVX23aLZMg
04-21 16:46:03.260 19444 19576 D ar_activity: [[2d] after update lines time=2023-04-21 16:46:03.260]
04-21 16:46:03.278 19444 19576 D ar_activity: [TRACKING TransformPointToPose time=2023-04-21 16:46:03.278]
04-21 16:46:03.279 19444 19576 D ar_activity: [TRACKING TransformPointToPose time=2023-04-21 16:46:03.278]
04-21 16:46:03.279 19444 19576 D ar_activity: send stroke to firebase, id=-NT_ZGL2vfyVX23aLZMg
04-21 16:46:03.279 19444 19576 D ar_activity: [[2d] after update lines time=2023-04-21 16:46:03.279]
04-21 16:46:03.302 19444 19576 D ar_activity: [TRACKING TransformPointToPose time=2023-04-21 16:46:03.301]
04-21 16:46:03.302 19444 19576 D ar_activity: [TRACKING TransformPointToPose time=2023-04-21 16:46:03.302]
04-21 16:46:03.302 19444 19576 D ar_activity: send stroke to firebase, id=-NT_ZGL2vfyVX23aLZMg
04-21 16:46:03.303 19444 19576 D ar_activity: [[2d] after update lines time=2023-04-21 16:46:03.303]
04-21 16:46:03.312 19444 19444 D ar_activity: [[2a end - 2d start] onChildChanged stroke id=-NT_ZGL2vfyVX23aLZMg time=2023-04-21 16:46:03.312]
04-21 16:46:03.324 19444 19576 D ar_activity: [TRACKING TransformPointToPose time=2023-04-21 16:46:03.323]
04-21 16:46:03.325 19444 19576 D ar_activity: [TRACKING TransformPointToPose time=2023-04-21 16:46:03.325]
04-21 16:46:03.325 19444 19576 D ar_activity: send stroke to firebase, id=-NT_ZGL2vfyVX23aLZMg
04-21 16:46:03.329 19444 19576 D ar_activity: [[2d] after update lines time=2023-04-21 16:46:03.328]
04-21 16:46:03.354 19444 19576 D ar_activity: [TRACKING TransformPointToPose time=2023-04-21 16:46:03.354]
04-21 16:46:03.354 19444 19576 D ar_activity: [TRACKING TransformPointToPose time=2023-04-21 16:46:03.354]
04-21 16:46:03.355 19444 19576 D ar_activity: send stroke to firebase, id=-NT_ZGL2vfyVX23aLZMg
04-21 16:46:03.356 19444 19576 D ar_activity: [[2d] after update lines time=2023-04-21 16:46:03.356]
04-21 16:46:03.387 19444 19576 D ar_activity: [TRACKING TransformPointToPose time=2023-04-21 16:46:03.387]
04-21 16:46:03.388 19444 19576 D ar_activity: [TRACKING TransformPointToPose time=2023-04-21 16:46:03.387]
04-21 16:46:03.388 19444 19576 D ar_activity: [TRACKING TransformPointToPose time=2023-04-21 16:46:03.388]
04-21 16:46:03.389 19444 19576 D ar_activity: send stroke to firebase, id=-NT_ZGL2vfyVX23aLZMg
04-21 16:46:03.391 19444 19576 D ar_activity: [[2d] after update lines time=2023-04-21 16:46:03.390]
04-21 16:46:03.405 19444 19444 D ar_activity: [[2a end - 2d start] onChildChanged stroke id=-NT_ZGL2vfyVX23aLZMg time=2023-04-21 16:46:03.405]
04-21 16:46:03.411 19444 19576 D ar_activity: [TRACKING TransformPointToPose time=2023-04-21 16:46:03.411]
04-21 16:46:03.411 19444 19576 D ar_activity: [TRACKING TransformPointToPose time=2023-04-21 16:46:03.411]
04-21 16:46:03.411 19444 19576 D ar_activity: send stroke to firebase, id=-NT_ZGL2vfyVX23aLZMg
04-21 16:46:03.412 19444 19576 D ar_activity: [[2d] after update lines time=2023-04-21 16:46:03.412]
04-21 16:46:03.431 19444 19576 D ar_activity: [TRACKING TransformPointToPose time=2023-04-21 16:46:03.431]
04-21 16:46:03.432 19444 19576 D ar_activity: [TRACKING TransformPointToPose time=2023-04-21 16:46:03.431]
04-21 16:46:03.432 19444 19576 D ar_activity: send stroke to firebase, id=-NT_ZGL2vfyVX23aLZMg
04-21 16:46:03.433 19444 19576 D ar_activity: [[2d] after update lines time=2023-04-21 16:46:03.433]
04-21 16:46:03.453 19444 19576 D ar_activity: [TRACKING TransformPointToPose time=2023-04-21 16:46:03.453]
04-21 16:46:03.454 19444 19576 D ar_activity: [TRACKING TransformPointToPose time=2023-04-21 16:46:03.453]
04-21 16:46:03.454 19444 19576 D ar_activity: send stroke to firebase, id=-NT_ZGL2vfyVX23aLZMg
04-21 16:46:03.454 19444 19576 D ar_activity: [[2d] after update lines time=2023-04-21 16:46:03.454]
04-21 16:46:03.473 19444 19576 D ar_activity: [TRACKING TransformPointToPose time=2023-04-21 16:46:03.473]
04-21 16:46:03.473 19444 19576 D ar_activity: send stroke to firebase, id=-NT_ZGL2vfyVX23aLZMg
04-21 16:46:03.477 19444 19576 D ar_activity: [[2d] after update lines time=2023-04-21 16:46:03.476]
04-21 16:46:03.498 19444 19576 D ar_activity: [TRACKING TransformPointToPose time=2023-04-21 16:46:03.497]
04-21 16:46:03.498 19444 19576 D ar_activity: send stroke to firebase, id=-NT_ZGL2vfyVX23aLZMg
04-21 16:46:03.499 19444 19576 D ar_activity: [[2d] after update lines time=2023-04-21 16:46:03.499]
04-21 16:46:03.517 19444 19444 D ar_activity: [[2a end - 2d start] onChildChanged stroke id=-NT_ZGL2vfyVX23aLZMg time=2023-04-21 16:46:03.514]
04-21 16:46:03.523 19444 19576 D ar_activity: [TRACKING TransformPointToPose time=2023-04-21 16:46:03.522]
04-21 16:46:03.524 19444 19576 D ar_activity: [TRACKING TransformPointToPose time=2023-04-21 16:46:03.523]
04-21 16:46:03.525 19444 19576 D ar_activity: [TRACKING TransformPointToPose time=2023-04-21 16:46:03.524]
04-21 16:46:03.525 19444 19576 D ar_activity: send stroke to firebase, id=-NT_ZGL2vfyVX23aLZMg
04-21 16:46:03.527 19444 19576 D ar_activity: [[2d] after update lines time=2023-04-21 16:46:03.527]
04-21 16:46:03.550 19444 19576 D ar_activity: [TRACKING TransformPointToPose time=2023-04-21 16:46:03.550]
04-21 16:46:03.551 19444 19576 D ar_activity: [TRACKING TransformPointToPose time=2023-04-21 16:46:03.551]
04-21 16:46:03.551 19444 19576 D ar_activity: send stroke to firebase, id=-NT_ZGL2vfyVX23aLZMg
04-21 16:46:03.552 19444 19576 D ar_activity: [[2d] after update lines time=2023-04-21 16:46:03.552]
04-21 16:46:03.572 19444 19576 D ar_activity: [TRACKING TransformPointToPose time=2023-04-21 16:46:03.572]
04-21 16:46:03.573 19444 19576 D ar_activity: [TRACKING TransformPointToPose time=2023-04-21 16:46:03.573]
04-21 16:46:03.573 19444 19576 D ar_activity: send stroke to firebase, id=-NT_ZGL2vfyVX23aLZMg
04-21 16:46:03.574 19444 19576 D ar_activity: [[2d] after update lines time=2023-04-21 16:46:03.574]
04-21 16:46:03.594 19444 19444 D ar_activity: [[2a end - 2d start] onChildChanged stroke id=-NT_ZGL2vfyVX23aLZMg time=2023-04-21 16:46:03.594]
04-21 16:46:03.594 19444 19576 D ar_activity: [TRACKING TransformPointToPose time=2023-04-21 16:46:03.594]
04-21 16:46:03.595 19444 19576 D ar_activity: [TRACKING TransformPointToPose time=2023-04-21 16:46:03.594]
04-21 16:46:03.595 19444 19576 D ar_activity: send stroke to firebase, id=-NT_ZGL2vfyVX23aLZMg
04-21 16:46:03.595 19444 19576 D ar_activity: [[2d] after update lines time=2023-04-21 16:46:03.595]
04-21 16:46:03.617 19444 19576 D ar_activity: [TRACKING TransformPointToPose time=2023-04-21 16:46:03.615]
04-21 16:46:03.617 19444 19576 D ar_activity: send stroke to firebase, id=-NT_ZGL2vfyVX23aLZMg
04-21 16:46:03.618 19444 19576 D ar_activity: [[2d] after update lines time=2023-04-21 16:46:03.618]
04-21 16:46:03.638 19444 19576 D ar_activity: [TRACKING TransformPointToPose time=2023-04-21 16:46:03.638]
04-21 16:46:03.639 19444 19576 D ar_activity: [TRACKING TransformPointToPose time=2023-04-21 16:46:03.639]
04-21 16:46:03.639 19444 19576 D ar_activity: send stroke to firebase, id=-NT_ZGL2vfyVX23aLZMg
04-21 16:46:03.643 19444 19576 D ar_activity: [[2d] after update lines time=2023-04-21 16:46:03.643]
04-21 16:46:03.662 19444 19576 D ar_activity: [TRACKING TransformPointToPose time=2023-04-21 16:46:03.661]
04-21 16:46:03.662 19444 19576 D ar_activity: [TRACKING TransformPointToPose time=2023-04-21 16:46:03.662]
04-21 16:46:03.662 19444 19576 D ar_activity: send stroke to firebase, id=-NT_ZGL2vfyVX23aLZMg
04-21 16:46:03.663 19444 19576 D ar_activity: [[2d] after update lines time=2023-04-21 16:46:03.663]
04-21 16:46:03.684 19444 19576 D ar_activity: [TRACKING TransformPointToPose time=2023-04-21 16:46:03.684]
04-21 16:46:03.684 19444 19576 D ar_activity: send stroke to firebase, id=-NT_ZGL2vfyVX23aLZMg
04-21 16:46:03.685 19444 19576 D ar_activity: [[2d] after update lines time=2023-04-21 16:46:03.685]
04-21 16:46:03.699 19444 19444 D ar_activity: [[2a end - 2d start] onChildChanged stroke id=-NT_ZGL2vfyVX23aLZMg time=2023-04-21 16:46:03.698]
04-21 16:46:03.704 19444 19576 D ar_activity: [TRACKING TransformPointToPose time=2023-04-21 16:46:03.704]
04-21 16:46:03.704 19444 19576 D ar_activity: [TRACKING TransformPointToPose time=2023-04-21 16:46:03.704]
04-21 16:46:03.705 19444 19576 D ar_activity: send stroke to firebase, id=-NT_ZGL2vfyVX23aLZMg
04-21 16:46:03.706 19444 19576 D ar_activity: [[2d] after update lines time=2023-04-21 16:46:03.705]
04-21 16:46:03.724 19444 19576 D ar_activity: [TRACKING TransformPointToPose time=2023-04-21 16:46:03.724]
04-21 16:46:03.724 19444 19576 D ar_activity: [TRACKING TransformPointToPose time=2023-04-21 16:46:03.724]
04-21 16:46:03.725 19444 19576 D ar_activity: send stroke to firebase, id=-NT_ZGL2vfyVX23aLZMg
04-21 16:46:03.725 19444 19576 D ar_activity: [[2d] after update lines time=2023-04-21 16:46:03.725]
04-21 16:46:03.745 19444 19576 D ar_activity: [TRACKING TransformPointToPose time=2023-04-21 16:46:03.745]
04-21 16:46:03.745 19444 19576 D ar_activity: [TRACKING TransformPointToPose time=2023-04-21 16:46:03.745]
04-21 16:46:03.746 19444 19576 D ar_activity: send stroke to firebase, id=-NT_ZGL2vfyVX23aLZMg
04-21 16:46:03.747 19444 19576 D ar_activity: [[2d] after update lines time=2023-04-21 16:46:03.747]
04-21 16:46:03.771 19444 19576 D ar_activity: [TRACKING TransformPointToPose time=2023-04-21 16:46:03.771]
04-21 16:46:03.771 19444 19576 D ar_activity: [TRACKING TransformPointToPose time=2023-04-21 16:46:03.771]
04-21 16:46:03.771 19444 19576 D ar_activity: send stroke to firebase, id=-NT_ZGL2vfyVX23aLZMg
04-21 16:46:03.772 19444 19576 D ar_activity: [[2d] after update lines time=2023-04-21 16:46:03.772]
04-21 16:46:03.790 19444 19576 D ar_activity: [TRACKING TransformPointToPose time=2023-04-21 16:46:03.790]
04-21 16:46:03.791 19444 19576 D ar_activity: [TRACKING TransformPointToPose time=2023-04-21 16:46:03.791]
04-21 16:46:03.791 19444 19576 D ar_activity: send stroke to firebase, id=-NT_ZGL2vfyVX23aLZMg
04-21 16:46:03.792 19444 19444 D ar_activity: [[2a end - 2d start] onChildChanged stroke id=-NT_ZGL2vfyVX23aLZMg time=2023-04-21 16:46:03.792]
04-21 16:46:03.795 19444 19576 D ar_activity: [[2d] after update lines time=2023-04-21 16:46:03.795]
04-21 16:46:03.820 19444 19576 D ar_activity: [TRACKING TransformPointToPose time=2023-04-21 16:46:03.819]
04-21 16:46:03.820 19444 19576 D ar_activity: [TRACKING TransformPointToPose time=2023-04-21 16:46:03.820]
04-21 16:46:03.820 19444 19576 D ar_activity: [TRACKING TransformPointToPose time=2023-04-21 16:46:03.820]
04-21 16:46:03.820 19444 19576 D ar_activity: send stroke to firebase, id=-NT_ZGL2vfyVX23aLZMg
04-21 16:46:03.821 19444 19576 D ar_activity: [[2d] after update lines time=2023-04-21 16:46:03.821]
04-21 16:46:03.840 19444 19576 D ar_activity: [TRACKING TransformPointToPose time=2023-04-21 16:46:03.840]
04-21 16:46:03.840 19444 19576 D ar_activity: send stroke to firebase, id=-NT_ZGL2vfyVX23aLZMg
04-21 16:46:03.842 19444 19576 D ar_activity: [[2d] after update lines time=2023-04-21 16:46:03.842]
04-21 16:46:03.861 19444 19576 D ar_activity: [TRACKING TransformPointToPose time=2023-04-21 16:46:03.861]
04-21 16:46:03.861 19444 19576 D ar_activity: send stroke to firebase, id=-NT_ZGL2vfyVX23aLZMg
04-21 16:46:03.862 19444 19576 D ar_activity: [[2d] after update lines time=2023-04-21 16:46:03.862]
04-21 16:46:03.880 19444 19444 D ar_activity: [[2a end - 2d start] onChildChanged stroke id=-NT_ZGL2vfyVX23aLZMg time=2023-04-21 16:46:03.880]
04-21 16:46:03.887 19444 19576 D ar_activity: [TRACKING TransformPointToPose time=2023-04-21 16:46:03.886]
04-21 16:46:03.887 19444 19576 D ar_activity: [TRACKING TransformPointToPose time=2023-04-21 16:46:03.887]
04-21 16:46:03.888 19444 19576 D ar_activity: send stroke to firebase, id=-NT_ZGL2vfyVX23aLZMg
04-21 16:46:03.889 19444 19576 D ar_activity: [[2d] after update lines time=2023-04-21 16:46:03.889]
04-21 16:46:03.909 19444 19576 D ar_activity: [TRACKING TransformPointToPose time=2023-04-21 16:46:03.909]
04-21 16:46:03.910 19444 19576 D ar_activity: [TRACKING TransformPointToPose time=2023-04-21 16:46:03.910]
04-21 16:46:03.910 19444 19576 D ar_activity: send stroke to firebase, id=-NT_ZGL2vfyVX23aLZMg
04-21 16:46:03.911 19444 19576 D ar_activity: [[2d] after update lines time=2023-04-21 16:46:03.911]
04-21 16:46:03.929 19444 19576 D ar_activity: [TRACKING TransformPointToPose time=2023-04-21 16:46:03.929]
04-21 16:46:03.929 19444 19576 D ar_activity: [TRACKING TransformPointToPose time=2023-04-21 16:46:03.929]
04-21 16:46:03.930 19444 19576 D ar_activity: send stroke to firebase, id=-NT_ZGL2vfyVX23aLZMg
04-21 16:46:03.931 19444 19576 D ar_activity: [[2d] after update lines time=2023-04-21 16:46:03.931]
04-21 16:46:03.952 19444 19576 D ar_activity: [TRACKING TransformPointToPose time=2023-04-21 16:46:03.952]
04-21 16:46:03.953 19444 19576 D ar_activity: [TRACKING TransformPointToPose time=2023-04-21 16:46:03.953]
04-21 16:46:03.953 19444 19576 D ar_activity: send stroke to firebase, id=-NT_ZGL2vfyVX23aLZMg
04-21 16:46:03.954 19444 19576 D ar_activity: [[2d] after update lines time=2023-04-21 16:46:03.953]
04-21 16:46:03.973 19444 19576 D ar_activity: [TRACKING TransformPointToPose time=2023-04-21 16:46:03.973]
04-21 16:46:03.975 19444 19576 D ar_activity: send stroke to firebase, id=-NT_ZGL2vfyVX23aLZMg
04-21 16:46:03.978 19444 19576 D ar_activity: [[2d] after update lines time=2023-04-21 16:46:03.977]
04-21 16:46:03.995 19444 19444 D ar_activity: [[2a end - 2d start] onChildChanged stroke id=-NT_ZGL2vfyVX23aLZMg time=2023-04-21 16:46:03.995]
04-21 16:46:04.001 19444 19576 D ar_activity: [TRACKING TransformPointToPose time=2023-04-21 16:46:04.001]
04-21 16:46:04.001 19444 19576 D ar_activity: send stroke to firebase, id=-NT_ZGL2vfyVX23aLZMg
04-21 16:46:04.002 19444 19576 D ar_activity: [[2d] after update lines time=2023-04-21 16:46:04.002]
04-21 16:46:04.021 19444 19576 D ar_activity: [TRACKING TransformPointToPose time=2023-04-21 16:46:04.021]
04-21 16:46:04.022 19444 19576 D ar_activity: send stroke to firebase, id=-NT_ZGL2vfyVX23aLZMg
04-21 16:46:04.023 19444 19576 D ar_activity: [[2d] after update lines time=2023-04-21 16:46:04.023]
04-21 16:46:04.044 19444 19576 D ar_activity: [TRACKING TransformPointToPose time=2023-04-21 16:46:04.044]
04-21 16:46:04.044 19444 19576 D ar_activity: [TRACKING TransformPointToPose time=2023-04-21 16:46:04.044]
04-21 16:46:04.045 19444 19576 D ar_activity: send stroke to firebase, id=-NT_ZGL2vfyVX23aLZMg
04-21 16:46:04.045 19444 19576 D ar_activity: [[2d] after update lines time=2023-04-21 16:46:04.045]
04-21 16:46:04.068 19444 19576 D ar_activity: [TRACKING TransformPointToPose time=2023-04-21 16:46:04.067]
04-21 16:46:04.068 19444 19576 D ar_activity: [TRACKING TransformPointToPose time=2023-04-21 16:46:04.068]
04-21 16:46:04.069 19444 19576 D ar_activity: send stroke to firebase, id=-NT_ZGL2vfyVX23aLZMg
04-21 16:46:04.070 19444 19576 D ar_activity: [[2d] after update lines time=2023-04-21 16:46:04.070]
04-21 16:46:04.091 19444 19444 D ar_activity: [[2a end - 2d start] onChildChanged stroke id=-NT_ZGL2vfyVX23aLZMg time=2023-04-21 16:46:04.090]
