--------- beginning of main
04-22 01:57:26.663  9606  9766 D ar_activity: [[2d] after update lines time=2023-04-22 01:57:26.622]
04-22 01:57:31.103  9606  9606 D ar_activity: [--- pair start --- time=2023-04-22 01:57:31.102]
04-22 01:57:31.103  9606  9606 D ar_activity: [--- pair session start --- time=2023-04-22 01:57:31.103]
04-22 01:57:31.134  9606  9606 D ar_activity: [create room: Message{namespace='', type='', content=[34 bytes]} time=2023-04-22 01:57:31.134]
04-22 01:57:31.144  9606  9606 D ar_activity: LOOKING: 2023-04-22 01:57:31.144
04-22 01:57:34.180  9606  9606 D ar_activity: [joinRoom: -NTbXUYanqzf7m6LEfIy time=2023-04-22 01:57:34.180]
04-22 01:57:34.277  9606  9606 D ar_activity: [--- pair joined --- time=2023-04-22 01:57:34.277]
04-22 01:57:34.284  9606  9606 D ar_activity: PARTNER FOUND: 2023-04-22 01:57:34.281
04-22 01:57:36.287  9606  9606 D ar_activity: SET ANCHOR: 2023-04-22 01:57:36.287
04-22 01:57:37.676  9606  9606 D ar_activity: [anchor resolution changed: null time=2023-04-22 01:57:37.676]
04-22 01:57:37.697  9606  9606 D ar_activity: [--- sync ready to set anchor --- time=2023-04-22 01:57:37.696]
04-22 01:57:37.698  9606  9606 D ar_activity: Start CONNECTING: 2023-04-22 01:57:37.697
04-22 01:57:40.376  9606  9606 D ar_activity: [anchor resolution changed: true time=2023-04-22 01:57:40.376]
04-22 01:57:40.383  9606  9606 D ar_activity: [onAnchorResolutionError: null time=2023-04-22 01:57:40.383]
04-22 01:57:41.421  9606  9606 D ar_activity: SET ANCHOR: 2023-04-22 01:57:41.420
04-22 01:57:42.527  9606  9606 D ar_activity: [--- sync ready to set anchor --- time=2023-04-22 01:57:42.527]
04-22 01:57:42.528  9606  9606 D ar_activity: [anchor resolution changed: null time=2023-04-22 01:57:42.528]
04-22 01:57:42.580  9606  9606 D ar_activity: Start CONNECTING: 2023-04-22 01:57:42.579
04-22 01:57:42.601  9606  9606 D ar_activity: [anchor resolution changed: null time=2023-04-22 01:57:42.601]
04-22 01:57:45.690  9606  9606 D ar_activity: [anchor resolution changed: false time=2023-04-22 01:57:45.690]
04-22 01:57:45.697  9606  9766 D ar_activity: [--- anchor: onUpdate: resolveHostedAnchor: pending resolve--- time=2023-04-22 01:57:45.697]
04-22 01:57:45.697  9606  9766 D ar_activity: [resolveHostedAnchor: TASK_IN_PROGRESS time=2023-04-22 01:57:45.697]
04-22 01:57:45.716  9606  9766 D ar_activity: [--- anchor: onUpdate: resolveHostedAnchor: pending resolve--- time=2023-04-22 01:57:45.716]
04-22 01:57:45.716  9606  9766 D ar_activity: [resolveHostedAnchor: TASK_IN_PROGRESS time=2023-04-22 01:57:45.716]
04-22 01:57:45.738  9606  9766 D ar_activity: [--- anchor: onUpdate: resolveHostedAnchor: pending resolve--- time=2023-04-22 01:57:45.738]
04-22 01:57:45.738  9606  9766 D ar_activity: [resolveHostedAnchor: TASK_IN_PROGRESS time=2023-04-22 01:57:45.738]
04-22 01:57:45.759  9606  9766 D ar_activity: [--- anchor: onUpdate: resolveHostedAnchor: pending resolve--- time=2023-04-22 01:57:45.758]
04-22 01:57:45.759  9606  9766 D ar_activity: [resolveHostedAnchor: TASK_IN_PROGRESS time=2023-04-22 01:57:45.759]
04-22 01:57:45.781  9606  9766 D ar_activity: [--- anchor: onUpdate: resolveHostedAnchor: pending resolve--- time=2023-04-22 01:57:45.781]
04-22 01:57:45.781  9606  9766 D ar_activity: [resolveHostedAnchor: TASK_IN_PROGRESS time=2023-04-22 01:57:45.781]
04-22 01:57:45.801  9606  9766 D ar_activity: [--- anchor: onUpdate: resolveHostedAnchor: pending resolve--- time=2023-04-22 01:57:45.801]
04-22 01:57:45.801  9606  9766 D ar_activity: [resolveHostedAnchor: TASK_IN_PROGRESS time=2023-04-22 01:57:45.801]
04-22 01:57:45.822  9606  9766 D ar_activity: [--- anchor: onUpdate: resolveHostedAnchor: pending resolve--- time=2023-04-22 01:57:45.822]
04-22 01:57:45.823  9606  9766 D ar_activity: [resolveHostedAnchor: TASK_IN_PROGRESS time=2023-04-22 01:57:45.823]
04-22 01:57:45.844  9606  9766 D ar_activity: [--- anchor: onUpdate: resolveHostedAnchor: pending resolve--- time=2023-04-22 01:57:45.843]
04-22 01:57:45.844  9606  9766 D ar_activity: [resolveHostedAnchor: TASK_IN_PROGRESS time=2023-04-22 01:57:45.844]
04-22 01:57:45.864  9606  9766 D ar_activity: [--- anchor: onUpdate: resolveHostedAnchor: pending resolve--- time=2023-04-22 01:57:45.864]
04-22 01:57:45.865  9606  9766 D ar_activity: [resolveHostedAnchor: TASK_IN_PROGRESS time=2023-04-22 01:57:45.865]
04-22 01:57:45.889  9606  9766 D ar_activity: [--- anchor: onUpdate: resolveHostedAnchor: pending resolve--- time=2023-04-22 01:57:45.889]
04-22 01:57:45.890  9606  9766 D ar_activity: [resolveHostedAnchor: TASK_IN_PROGRESS time=2023-04-22 01:57:45.889]
04-22 01:57:45.909  9606  9766 D ar_activity: [--- anchor: onUpdate: resolveHostedAnchor: pending resolve--- time=2023-04-22 01:57:45.909]
04-22 01:57:45.911  9606  9766 D ar_activity: [resolveHostedAnchor: TASK_IN_PROGRESS time=2023-04-22 01:57:45.910]
04-22 01:57:45.932  9606  9766 D ar_activity: [--- anchor: onUpdate: resolveHostedAnchor: pending resolve--- time=2023-04-22 01:57:45.932]
04-22 01:57:45.933  9606  9766 D ar_activity: [resolveHostedAnchor: TASK_IN_PROGRESS time=2023-04-22 01:57:45.933]
04-22 01:57:45.964  9606  9766 D ar_activity: [--- anchor: onUpdate: resolveHostedAnchor: pending resolve--- time=2023-04-22 01:57:45.963]
04-22 01:57:45.964  9606  9766 D ar_activity: [resolveHostedAnchor: TASK_IN_PROGRESS time=2023-04-22 01:57:45.964]
04-22 01:57:45.989  9606  9766 D ar_activity: [--- anchor: onUpdate: resolveHostedAnchor: pending resolve--- time=2023-04-22 01:57:45.988]
04-22 01:57:45.989  9606  9766 D ar_activity: [resolveHostedAnchor: TASK_IN_PROGRESS time=2023-04-22 01:57:45.989]
04-22 01:57:46.008  9606  9766 D ar_activity: [--- anchor: onUpdate: resolveHostedAnchor: pending resolve--- time=2023-04-22 01:57:46.008]
04-22 01:57:46.008  9606  9766 D ar_activity: [resolveHostedAnchor: TASK_IN_PROGRESS time=2023-04-22 01:57:46.008]
04-22 01:57:46.027  9606  9766 D ar_activity: [--- anchor: onUpdate: resolveHostedAnchor: pending resolve--- time=2023-04-22 01:57:46.026]
04-22 01:57:46.027  9606  9766 D ar_activity: [resolveHostedAnchor: TASK_IN_PROGRESS time=2023-04-22 01:57:46.027]
04-22 01:57:46.046  9606  9766 D ar_activity: [--- anchor: onUpdate: resolveHostedAnchor: pending resolve--- time=2023-04-22 01:57:46.046]
04-22 01:57:46.046  9606  9766 D ar_activity: [resolveHostedAnchor: TASK_IN_PROGRESS time=2023-04-22 01:57:46.046]
04-22 01:57:46.066  9606  9766 D ar_activity: [--- anchor: onUpdate: resolveHostedAnchor: pending resolve--- time=2023-04-22 01:57:46.065]
04-22 01:57:46.066  9606  9766 D ar_activity: [resolveHostedAnchor: TASK_IN_PROGRESS time=2023-04-22 01:57:46.066]
04-22 01:57:46.090  9606  9766 D ar_activity: [--- anchor: onUpdate: resolveHostedAnchor: pending resolve--- time=2023-04-22 01:57:46.090]
04-22 01:57:46.090  9606  9766 D ar_activity: [resolveHostedAnchor: TASK_IN_PROGRESS time=2023-04-22 01:57:46.090]
04-22 01:57:46.110  9606  9766 D ar_activity: [--- anchor: onUpdate: resolveHostedAnchor: pending resolve--- time=2023-04-22 01:57:46.110]
04-22 01:57:46.110  9606  9766 D ar_activity: [resolveHostedAnchor: TASK_IN_PROGRESS time=2023-04-22 01:57:46.110]
04-22 01:57:46.132  9606  9766 D ar_activity: [--- anchor: onUpdate: resolveHostedAnchor: pending resolve--- time=2023-04-22 01:57:46.132]
04-22 01:57:46.133  9606  9766 D ar_activity: [resolveHostedAnchor: TASK_IN_PROGRESS time=2023-04-22 01:57:46.133]
04-22 01:57:46.155  9606  9766 D ar_activity: [--- anchor: onUpdate: resolveHostedAnchor: pending resolve--- time=2023-04-22 01:57:46.155]
04-22 01:57:46.155  9606  9766 D ar_activity: [resolveHostedAnchor: TASK_IN_PROGRESS time=2023-04-22 01:57:46.155]
04-22 01:57:46.174  9606  9766 D ar_activity: [--- anchor: onUpdate: resolveHostedAnchor: pending resolve--- time=2023-04-22 01:57:46.174]
04-22 01:57:46.175  9606  9766 D ar_activity: [resolveHostedAnchor: TASK_IN_PROGRESS time=2023-04-22 01:57:46.175]
04-22 01:57:46.193  9606  9766 D ar_activity: [--- anchor: onUpdate: resolveHostedAnchor: pending resolve--- time=2023-04-22 01:57:46.193]
04-22 01:57:46.194  9606  9766 D ar_activity: [resolveHostedAnchor: TASK_IN_PROGRESS time=2023-04-22 01:57:46.194]
04-22 01:57:46.213  9606  9766 D ar_activity: [--- anchor: onUpdate: resolveHostedAnchor: pending resolve--- time=2023-04-22 01:57:46.213]
04-22 01:57:46.214  9606  9766 D ar_activity: [resolveHostedAnchor: TASK_IN_PROGRESS time=2023-04-22 01:57:46.214]
04-22 01:57:46.237  9606  9766 D ar_activity: [--- anchor: onUpdate: resolveHostedAnchor: pending resolve--- time=2023-04-22 01:57:46.236]
04-22 01:57:46.239  9606  9766 D ar_activity: [resolveHostedAnchor: TASK_IN_PROGRESS time=2023-04-22 01:57:46.237]
04-22 01:57:46.263  9606  9766 D ar_activity: [--- anchor: onUpdate: resolveHostedAnchor: pending resolve--- time=2023-04-22 01:57:46.262]
04-22 01:57:46.263  9606  9766 D ar_activity: [resolveHostedAnchor: TASK_IN_PROGRESS time=2023-04-22 01:57:46.263]
04-22 01:57:46.284  9606  9766 D ar_activity: [--- anchor: onUpdate: resolveHostedAnchor: pending resolve--- time=2023-04-22 01:57:46.284]
04-22 01:57:46.285  9606  9766 D ar_activity: [resolveHostedAnchor: TASK_IN_PROGRESS time=2023-04-22 01:57:46.284]
04-22 01:57:46.310  9606  9766 D ar_activity: [--- anchor: onUpdate: resolveHostedAnchor: pending resolve--- time=2023-04-22 01:57:46.310]
04-22 01:57:46.310  9606  9766 D ar_activity: [resolveHostedAnchor: TASK_IN_PROGRESS time=2023-04-22 01:57:46.310]
04-22 01:57:46.334  9606  9766 D ar_activity: [--- anchor: onUpdate: resolveHostedAnchor: pending resolve--- time=2023-04-22 01:57:46.333]
04-22 01:57:46.336  9606  9766 D ar_activity: [resolveHostedAnchor: TASK_IN_PROGRESS time=2023-04-22 01:57:46.335]
04-22 01:57:46.358  9606  9766 D ar_activity: [--- anchor: onUpdate: resolveHostedAnchor: pending resolve--- time=2023-04-22 01:57:46.358]
04-22 01:57:46.359  9606  9766 D ar_activity: [resolveHostedAnchor: TASK_IN_PROGRESS time=2023-04-22 01:57:46.359]
04-22 01:57:46.377  9606  9766 D ar_activity: [--- anchor: onUpdate: resolveHostedAnchor: pending resolve--- time=2023-04-22 01:57:46.377]
04-22 01:57:46.377  9606  9766 D ar_activity: [resolveHostedAnchor: TASK_IN_PROGRESS time=2023-04-22 01:57:46.377]
04-22 01:57:46.396  9606  9766 D ar_activity: [--- anchor: onUpdate: resolveHostedAnchor: pending resolve--- time=2023-04-22 01:57:46.396]
04-22 01:57:46.396  9606  9766 D ar_activity: [resolveHostedAnchor: TASK_IN_PROGRESS time=2023-04-22 01:57:46.396]
04-22 01:57:46.415  9606  9766 D ar_activity: [--- anchor: onUpdate: resolveHostedAnchor: pending resolve--- time=2023-04-22 01:57:46.415]
04-22 01:57:46.415  9606  9766 D ar_activity: [resolveHostedAnchor: TASK_IN_PROGRESS time=2023-04-22 01:57:46.415]
04-22 01:57:46.434  9606  9766 D ar_activity: [--- anchor: onUpdate: resolveHostedAnchor: pending resolve--- time=2023-04-22 01:57:46.434]
04-22 01:57:46.435  9606  9766 D ar_activity: [resolveHostedAnchor: TASK_IN_PROGRESS time=2023-04-22 01:57:46.435]
04-22 01:57:46.461  9606  9766 D ar_activity: [--- anchor: onUpdate: resolveHostedAnchor: pending resolve--- time=2023-04-22 01:57:46.461]
04-22 01:57:46.462  9606  9766 D ar_activity: [resolveHostedAnchor: TASK_IN_PROGRESS time=2023-04-22 01:57:46.461]
04-22 01:57:46.484  9606  9766 D ar_activity: [--- anchor: onUpdate: resolveHostedAnchor: pending resolve--- time=2023-04-22 01:57:46.484]
04-22 01:57:46.484  9606  9766 D ar_activity: [resolveHostedAnchor: TASK_IN_PROGRESS time=2023-04-22 01:57:46.484]
04-22 01:57:46.505  9606  9766 D ar_activity: [--- anchor: onUpdate: resolveHostedAnchor: pending resolve--- time=2023-04-22 01:57:46.505]
04-22 01:57:46.505  9606  9766 D ar_activity: [resolveHostedAnchor: TASK_IN_PROGRESS time=2023-04-22 01:57:46.505]
04-22 01:57:46.524  9606  9766 D ar_activity: [--- anchor: onUpdate: resolveHostedAnchor: pending resolve--- time=2023-04-22 01:57:46.524]
04-22 01:57:46.525  9606  9766 D ar_activity: [resolveHostedAnchor: TASK_IN_PROGRESS time=2023-04-22 01:57:46.524]
04-22 01:57:46.545  9606  9766 D ar_activity: [--- anchor: onUpdate: resolveHostedAnchor: pending resolve--- time=2023-04-22 01:57:46.544]
04-22 01:57:46.545  9606  9766 D ar_activity: [resolveHostedAnchor: TASK_IN_PROGRESS time=2023-04-22 01:57:46.545]
04-22 01:57:46.567  9606  9766 D ar_activity: [--- anchor: onUpdate: resolveHostedAnchor: pending resolve--- time=2023-04-22 01:57:46.567]
04-22 01:57:46.568  9606  9766 D ar_activity: [resolveHostedAnchor: TASK_IN_PROGRESS time=2023-04-22 01:57:46.567]
04-22 01:57:46.594  9606  9766 D ar_activity: [--- anchor: onUpdate: resolveHostedAnchor: pending resolve--- time=2023-04-22 01:57:46.594]
04-22 01:57:46.594  9606  9766 D ar_activity: [resolveHostedAnchor: TASK_IN_PROGRESS time=2023-04-22 01:57:46.594]
04-22 01:57:46.613  9606  9766 D ar_activity: [--- anchor: onUpdate: resolveHostedAnchor: pending resolve--- time=2023-04-22 01:57:46.613]
04-22 01:57:46.613  9606  9766 D ar_activity: [resolveHostedAnchor: TASK_IN_PROGRESS time=2023-04-22 01:57:46.613]
04-22 01:57:46.633  9606  9766 D ar_activity: [--- anchor: onUpdate: resolveHostedAnchor: pending resolve--- time=2023-04-22 01:57:46.632]
04-22 01:57:46.633  9606  9766 D ar_activity: [resolveHostedAnchor: TASK_IN_PROGRESS time=2023-04-22 01:57:46.633]
04-22 01:57:46.663  9606  9766 D ar_activity: [--- anchor: onUpdate: resolveHostedAnchor: pending resolve--- time=2023-04-22 01:57:46.662]
04-22 01:57:46.663  9606  9766 D ar_activity: [resolveHostedAnchor: TASK_IN_PROGRESS time=2023-04-22 01:57:46.663]
04-22 01:57:46.682  9606  9766 D ar_activity: [--- anchor: onUpdate: resolveHostedAnchor: pending resolve--- time=2023-04-22 01:57:46.682]
04-22 01:57:46.682  9606  9766 D ar_activity: [resolveHostedAnchor: TASK_IN_PROGRESS time=2023-04-22 01:57:46.682]
04-22 01:57:46.701  9606  9766 D ar_activity: [--- anchor: onUpdate: resolveHostedAnchor: pending resolve--- time=2023-04-22 01:57:46.701]
04-22 01:57:46.701  9606  9766 D ar_activity: [resolveHostedAnchor: TASK_IN_PROGRESS time=2023-04-22 01:57:46.701]
04-22 01:57:46.720  9606  9766 D ar_activity: [--- anchor: onUpdate: resolveHostedAnchor: pending resolve--- time=2023-04-22 01:57:46.720]
04-22 01:57:46.720  9606  9766 D ar_activity: [resolveHostedAnchor: TASK_IN_PROGRESS time=2023-04-22 01:57:46.720]
04-22 01:57:46.742  9606  9766 D ar_activity: [--- anchor: onUpdate: resolveHostedAnchor: pending resolve--- time=2023-04-22 01:57:46.742]
04-22 01:57:46.743  9606  9766 D ar_activity: [resolveHostedAnchor: TASK_IN_PROGRESS time=2023-04-22 01:57:46.742]
04-22 01:57:46.766  9606  9766 D ar_activity: [--- anchor: onUpdate: resolveHostedAnchor: pending resolve--- time=2023-04-22 01:57:46.766]
04-22 01:57:46.767  9606  9766 D ar_activity: [resolveHostedAnchor: TASK_IN_PROGRESS time=2023-04-22 01:57:46.766]
04-22 01:57:46.785  9606  9766 D ar_activity: [--- anchor: onUpdate: resolveHostedAnchor: pending resolve--- time=2023-04-22 01:57:46.785]
04-22 01:57:46.786  9606  9766 D ar_activity: [resolveHostedAnchor: TASK_IN_PROGRESS time=2023-04-22 01:57:46.786]
04-22 01:57:46.808  9606  9766 D ar_activity: [--- anchor: onUpdate: resolveHostedAnchor: pending resolve--- time=2023-04-22 01:57:46.807]
04-22 01:57:46.808  9606  9766 D ar_activity: [resolveHostedAnchor: TASK_IN_PROGRESS time=2023-04-22 01:57:46.808]
04-22 01:57:46.832  9606  9766 D ar_activity: [--- anchor: onUpdate: resolveHostedAnchor: pending resolve--- time=2023-04-22 01:57:46.832]
04-22 01:57:46.833  9606  9766 D ar_activity: [resolveHostedAnchor: TASK_IN_PROGRESS time=2023-04-22 01:57:46.833]
04-22 01:57:46.852  9606  9766 D ar_activity: [--- anchor: onUpdate: resolveHostedAnchor: pending resolve--- time=2023-04-22 01:57:46.852]
04-22 01:57:46.852  9606  9766 D ar_activity: [resolveHostedAnchor: TASK_IN_PROGRESS time=2023-04-22 01:57:46.852]
04-22 01:57:46.873  9606  9766 D ar_activity: [--- anchor: onUpdate: resolveHostedAnchor: pending resolve--- time=2023-04-22 01:57:46.872]
04-22 01:57:46.873  9606  9766 D ar_activity: [resolveHostedAnchor: TASK_IN_PROGRESS time=2023-04-22 01:57:46.873]
04-22 01:57:46.892  9606  9766 D ar_activity: [--- anchor: onUpdate: resolveHostedAnchor: pending resolve--- time=2023-04-22 01:57:46.892]
04-22 01:57:46.892  9606  9766 D ar_activity: [resolveHostedAnchor: TASK_IN_PROGRESS time=2023-04-22 01:57:46.892]
04-22 01:57:46.913  9606  9766 D ar_activity: [--- anchor: onUpdate: resolveHostedAnchor: pending resolve--- time=2023-04-22 01:57:46.912]
04-22 01:57:46.913  9606  9766 D ar_activity: [resolveHostedAnchor: TASK_IN_PROGRESS time=2023-04-22 01:57:46.913]
04-22 01:57:46.934  9606  9766 D ar_activity: [--- anchor: onUpdate: resolveHostedAnchor: pending resolve--- time=2023-04-22 01:57:46.934]
04-22 01:57:46.935  9606  9766 D ar_activity: [resolveHostedAnchor: TASK_IN_PROGRESS time=2023-04-22 01:57:46.935]
04-22 01:57:46.960  9606  9766 D ar_activity: [--- anchor: onUpdate: resolveHostedAnchor: pending resolve--- time=2023-04-22 01:57:46.959]
04-22 01:57:46.960  9606  9766 D ar_activity: [resolveHostedAnchor: TASK_IN_PROGRESS time=2023-04-22 01:57:46.960]
04-22 01:57:46.982  9606  9766 D ar_activity: [--- anchor: onUpdate: resolveHostedAnchor: pending resolve--- time=2023-04-22 01:57:46.982]
04-22 01:57:46.983  9606  9766 D ar_activity: [resolveHostedAnchor: TASK_IN_PROGRESS time=2023-04-22 01:57:46.983]
04-22 01:57:47.001  9606  9766 D ar_activity: [--- anchor: onUpdate: resolveHostedAnchor: pending resolve--- time=2023-04-22 01:57:47.001]
04-22 01:57:47.002  9606  9766 D ar_activity: [resolveHostedAnchor: TASK_IN_PROGRESS time=2023-04-22 01:57:47.002]
04-22 01:57:47.024  9606  9766 D ar_activity: [--- anchor: onUpdate: resolveHostedAnchor: pending resolve--- time=2023-04-22 01:57:47.024]
04-22 01:57:47.024  9606  9766 D ar_activity: [resolveHostedAnchor: TASK_IN_PROGRESS time=2023-04-22 01:57:47.024]
04-22 01:57:47.043  9606  9766 D ar_activity: [--- anchor: onUpdate: resolveHostedAnchor: pending resolve--- time=2023-04-22 01:57:47.043]
04-22 01:57:47.043  9606  9766 D ar_activity: [resolveHostedAnchor: TASK_IN_PROGRESS time=2023-04-22 01:57:47.043]
04-22 01:57:47.062  9606  9766 D ar_activity: [--- anchor: onUpdate: resolveHostedAnchor: pending resolve--- time=2023-04-22 01:57:47.061]
04-22 01:57:47.062  9606  9766 D ar_activity: [resolveHostedAnchor: TASK_IN_PROGRESS time=2023-04-22 01:57:47.062]
04-22 01:57:47.082  9606  9766 D ar_activity: [--- anchor: onUpdate: resolveHostedAnchor: pending resolve--- time=2023-04-22 01:57:47.081]
04-22 01:57:47.082  9606  9766 D ar_activity: [resolveHostedAnchor: TASK_IN_PROGRESS time=2023-04-22 01:57:47.082]
04-22 01:57:47.101  9606  9766 D ar_activity: [--- anchor: onUpdate: resolveHostedAnchor: pending resolve--- time=2023-04-22 01:57:47.101]
04-22 01:57:47.102  9606  9766 D ar_activity: [resolveHostedAnchor: TASK_IN_PROGRESS time=2023-04-22 01:57:47.101]
04-22 01:57:47.125  9606  9766 D ar_activity: [--- anchor: onUpdate: resolveHostedAnchor: pending resolve--- time=2023-04-22 01:57:47.125]
04-22 01:57:47.125  9606  9766 D ar_activity: [resolveHostedAnchor: TASK_IN_PROGRESS time=2023-04-22 01:57:47.125]
04-22 01:57:47.149  9606  9766 D ar_activity: [--- anchor: onUpdate: resolveHostedAnchor: pending resolve--- time=2023-04-22 01:57:47.148]
04-22 01:57:47.149  9606  9766 D ar_activity: [resolveHostedAnchor: TASK_IN_PROGRESS time=2023-04-22 01:57:47.149]
04-22 01:57:47.173  9606  9766 D ar_activity: [--- anchor: onUpdate: resolveHostedAnchor: pending resolve--- time=2023-04-22 01:57:47.173]
04-22 01:57:47.173  9606  9766 D ar_activity: [resolveHostedAnchor: TASK_IN_PROGRESS time=2023-04-22 01:57:47.173]
04-22 01:57:47.192  9606  9766 D ar_activity: [--- anchor: onUpdate: resolveHostedAnchor: pending resolve--- time=2023-04-22 01:57:47.192]
04-22 01:57:47.193  9606  9766 D ar_activity: [resolveHostedAnchor: TASK_IN_PROGRESS time=2023-04-22 01:57:47.193]
04-22 01:57:47.213  9606  9766 D ar_activity: [--- anchor: onUpdate: resolveHostedAnchor: pending resolve--- time=2023-04-22 01:57:47.213]
04-22 01:57:47.213  9606  9766 D ar_activity: [resolveHostedAnchor: TASK_IN_PROGRESS time=2023-04-22 01:57:47.213]
04-22 01:57:47.236  9606  9766 D ar_activity: [--- anchor: onUpdate: resolveHostedAnchor: pending resolve--- time=2023-04-22 01:57:47.235]
04-22 01:57:47.239  9606  9766 D ar_activity: [resolveHostedAnchor: TASK_IN_PROGRESS time=2023-04-22 01:57:47.236]
04-22 01:57:47.259  9606  9766 D ar_activity: [--- anchor: onUpdate: resolveHostedAnchor: pending resolve--- time=2023-04-22 01:57:47.259]
04-22 01:57:47.259  9606  9766 D ar_activity: [resolveHostedAnchor: TASK_IN_PROGRESS time=2023-04-22 01:57:47.259]
04-22 01:57:47.279  9606  9766 D ar_activity: [--- anchor: onUpdate: resolveHostedAnchor: pending resolve--- time=2023-04-22 01:57:47.278]
04-22 01:57:47.279  9606  9766 D ar_activity: [resolveHostedAnchor: TASK_IN_PROGRESS time=2023-04-22 01:57:47.279]
04-22 01:57:47.300  9606  9766 D ar_activity: [--- anchor: onUpdate: resolveHostedAnchor: pending resolve--- time=2023-04-22 01:57:47.300]
04-22 01:57:47.300  9606  9766 D ar_activity: [resolveHostedAnchor: TASK_IN_PROGRESS time=2023-04-22 01:57:47.300]
04-22 01:57:47.323  9606  9766 D ar_activity: [--- anchor: onUpdate: resolveHostedAnchor: pending resolve--- time=2023-04-22 01:57:47.323]
04-22 01:57:47.323  9606  9766 D ar_activity: [resolveHostedAnchor: TASK_IN_PROGRESS time=2023-04-22 01:57:47.323]
04-22 01:57:47.344  9606  9766 D ar_activity: [--- anchor: onUpdate: resolveHostedAnchor: pending resolve--- time=2023-04-22 01:57:47.341]
04-22 01:57:47.345  9606  9766 D ar_activity: [resolveHostedAnchor: TASK_IN_PROGRESS time=2023-04-22 01:57:47.345]
04-22 01:57:47.365  9606  9766 D ar_activity: [--- anchor: onUpdate: resolveHostedAnchor: pending resolve--- time=2023-04-22 01:57:47.364]
04-22 01:57:47.385  9606  9766 D ar_activity: [resolveHostedAnchor: TASK_IN_PROGRESS time=2023-04-22 01:57:47.365]
04-22 01:57:47.406  9606  9766 D ar_activity: [--- anchor: onUpdate: resolveHostedAnchor: pending resolve--- time=2023-04-22 01:57:47.406]
04-22 01:57:47.406  9606  9766 D ar_activity: [resolveHostedAnchor: TASK_IN_PROGRESS time=2023-04-22 01:57:47.406]
04-22 01:57:47.425  9606  9766 D ar_activity: [--- anchor: onUpdate: resolveHostedAnchor: pending resolve--- time=2023-04-22 01:57:47.425]
04-22 01:57:47.426  9606  9766 D ar_activity: [resolveHostedAnchor: TASK_IN_PROGRESS time=2023-04-22 01:57:47.426]
04-22 01:57:47.446  9606  9766 D ar_activity: [--- anchor: onUpdate: resolveHostedAnchor: pending resolve--- time=2023-04-22 01:57:47.446]
04-22 01:57:47.446  9606  9766 D ar_activity: [resolveHostedAnchor: TASK_IN_PROGRESS time=2023-04-22 01:57:47.446]
04-22 01:57:47.469  9606  9766 D ar_activity: [--- anchor: onUpdate: resolveHostedAnchor: pending resolve--- time=2023-04-22 01:57:47.468]
04-22 01:57:47.470  9606  9766 D ar_activity: [resolveHostedAnchor: TASK_IN_PROGRESS time=2023-04-22 01:57:47.469]
04-22 01:57:47.494  9606  9766 D ar_activity: [--- anchor: onUpdate: resolveHostedAnchor: pending resolve--- time=2023-04-22 01:57:47.493]
04-22 01:57:47.494  9606  9766 D ar_activity: [resolveHostedAnchor: TASK_IN_PROGRESS time=2023-04-22 01:57:47.494]
04-22 01:57:47.515  9606  9766 D ar_activity: [--- anchor: onUpdate: resolveHostedAnchor: pending resolve--- time=2023-04-22 01:57:47.515]
04-22 01:57:47.515  9606  9766 D ar_activity: [resolveHostedAnchor: TASK_IN_PROGRESS time=2023-04-22 01:57:47.515]
04-22 01:57:47.535  9606  9766 D ar_activity: [--- anchor: onUpdate: resolveHostedAnchor: pending resolve--- time=2023-04-22 01:57:47.535]
04-22 01:57:47.536  9606  9766 D ar_activity: [resolveHostedAnchor: TASK_IN_PROGRESS time=2023-04-22 01:57:47.535]
04-22 01:57:47.560  9606  9766 D ar_activity: [--- anchor: onUpdate: resolveHostedAnchor: pending resolve--- time=2023-04-22 01:57:47.560]
04-22 01:57:47.561  9606  9766 D ar_activity: [resolveHostedAnchor: TASK_IN_PROGRESS time=2023-04-22 01:57:47.561]
04-22 01:57:47.581  9606  9766 D ar_activity: [--- anchor: onUpdate: resolveHostedAnchor: pending resolve--- time=2023-04-22 01:57:47.580]
04-22 01:57:47.581  9606  9766 D ar_activity: [resolveHostedAnchor: TASK_IN_PROGRESS time=2023-04-22 01:57:47.581]
04-22 01:57:47.602  9606  9766 D ar_activity: [--- anchor: onUpdate: resolveHostedAnchor: pending resolve--- time=2023-04-22 01:57:47.602]
04-22 01:57:47.603  9606  9766 D ar_activity: [resolveHostedAnchor: TASK_IN_PROGRESS time=2023-04-22 01:57:47.602]
04-22 01:57:47.625  9606  9766 D ar_activity: [--- anchor: onUpdate: resolveHostedAnchor: pending resolve--- time=2023-04-22 01:57:47.625]
04-22 01:57:47.625  9606  9766 D ar_activity: [resolveHostedAnchor: TASK_IN_PROGRESS time=2023-04-22 01:57:47.625]
04-22 01:57:47.652  9606  9766 D ar_activity: [--- anchor: onUpdate: resolveHostedAnchor: pending resolve--- time=2023-04-22 01:57:47.651]
04-22 01:57:47.652  9606  9766 D ar_activity: [resolveHostedAnchor: TASK_IN_PROGRESS time=2023-04-22 01:57:47.652]
04-22 01:57:47.673  9606  9766 D ar_activity: [--- anchor: onUpdate: resolveHostedAnchor: pending resolve--- time=2023-04-22 01:57:47.673]
04-22 01:57:47.673  9606  9766 D ar_activity: [resolveHostedAnchor: TASK_IN_PROGRESS time=2023-04-22 01:57:47.673]
04-22 01:57:47.693  9606  9766 D ar_activity: [--- anchor: onUpdate: resolveHostedAnchor: pending resolve--- time=2023-04-22 01:57:47.693]
04-22 01:57:47.693  9606  9766 D ar_activity: [resolveHostedAnchor: TASK_IN_PROGRESS time=2023-04-22 01:57:47.693]
04-22 01:57:47.712  9606  9766 D ar_activity: [--- anchor: onUpdate: resolveHostedAnchor: pending resolve--- time=2023-04-22 01:57:47.712]
04-22 01:57:47.712  9606  9766 D ar_activity: [resolveHostedAnchor: TASK_IN_PROGRESS time=2023-04-22 01:57:47.712]
04-22 01:57:47.732  9606  9766 D ar_activity: [--- anchor: onUpdate: resolveHostedAnchor: pending resolve--- time=2023-04-22 01:57:47.732]
04-22 01:57:47.733  9606  9766 D ar_activity: [resolveHostedAnchor: TASK_IN_PROGRESS time=2023-04-22 01:57:47.732]
04-22 01:57:47.753  9606  9766 D ar_activity: [--- anchor: onUpdate: resolveHostedAnchor: pending resolve--- time=2023-04-22 01:57:47.753]
04-22 01:57:47.753  9606  9766 D ar_activity: [resolveHostedAnchor: TASK_IN_PROGRESS time=2023-04-22 01:57:47.753]
04-22 01:57:47.774  9606  9766 D ar_activity: [--- anchor: onUpdate: resolveHostedAnchor: pending resolve--- time=2023-04-22 01:57:47.774]
04-22 01:57:47.775  9606  9766 D ar_activity: [resolveHostedAnchor: TASK_IN_PROGRESS time=2023-04-22 01:57:47.775]
04-22 01:57:47.796  9606  9766 D ar_activity: [--- anchor: onUpdate: resolveHostedAnchor: pending resolve--- time=2023-04-22 01:57:47.796]
04-22 01:57:47.798  9606  9766 D ar_activity: [resolveHostedAnchor: TASK_IN_PROGRESS time=2023-04-22 01:57:47.796]
04-22 01:57:47.817  9606  9766 D ar_activity: [--- anchor: onUpdate: resolveHostedAnchor: pending resolve--- time=2023-04-22 01:57:47.816]
04-22 01:57:47.817  9606  9766 D ar_activity: [resolveHostedAnchor: TASK_IN_PROGRESS time=2023-04-22 01:57:47.817]
04-22 01:57:47.835  9606  9766 D ar_activity: [--- anchor: onUpdate: resolveHostedAnchor: pending resolve--- time=2023-04-22 01:57:47.835]
04-22 01:57:47.835  9606  9766 D ar_activity: [resolveHostedAnchor: TASK_IN_PROGRESS time=2023-04-22 01:57:47.835]
04-22 01:57:47.863  9606  9766 D ar_activity: [--- anchor: onUpdate: resolveHostedAnchor: pending resolve--- time=2023-04-22 01:57:47.862]
04-22 01:57:47.863  9606  9766 D ar_activity: [resolveHostedAnchor: TASK_IN_PROGRESS time=2023-04-22 01:57:47.863]
04-22 01:57:47.882  9606  9766 D ar_activity: [--- anchor: onUpdate: resolveHostedAnchor: pending resolve--- time=2023-04-22 01:57:47.882]
04-22 01:57:47.882  9606  9766 D ar_activity: [resolveHostedAnchor: TASK_IN_PROGRESS time=2023-04-22 01:57:47.882]
04-22 01:57:47.903  9606  9766 D ar_activity: [--- anchor: onUpdate: resolveHostedAnchor: pending resolve--- time=2023-04-22 01:57:47.902]
04-22 01:57:47.904  9606  9766 D ar_activity: [resolveHostedAnchor: TASK_IN_PROGRESS time=2023-04-22 01:57:47.904]
04-22 01:57:47.928  9606  9766 D ar_activity: [--- anchor: onUpdate: resolveHostedAnchor: pending resolve--- time=2023-04-22 01:57:47.928]
04-22 01:57:47.928  9606  9766 D ar_activity: [resolveHostedAnchor: TASK_IN_PROGRESS time=2023-04-22 01:57:47.928]
04-22 01:57:47.958  9606  9766 D ar_activity: [--- anchor: onUpdate: resolveHostedAnchor: pending resolve--- time=2023-04-22 01:57:47.958]
04-22 01:57:47.959  9606  9766 D ar_activity: [resolveHostedAnchor: TASK_IN_PROGRESS time=2023-04-22 01:57:47.959]
04-22 01:57:47.978  9606  9766 D ar_activity: [--- anchor: onUpdate: resolveHostedAnchor: pending resolve--- time=2023-04-22 01:57:47.978]
04-22 01:57:47.978  9606  9766 D ar_activity: [resolveHostedAnchor: TASK_IN_PROGRESS time=2023-04-22 01:57:47.978]
04-22 01:57:47.999  9606  9766 D ar_activity: [--- anchor: onUpdate: resolveHostedAnchor: pending resolve--- time=2023-04-22 01:57:47.999]
04-22 01:57:47.999  9606  9766 D ar_activity: [resolveHostedAnchor: TASK_IN_PROGRESS time=2023-04-22 01:57:47.999]
04-22 01:57:48.018  9606  9766 D ar_activity: [--- anchor: onUpdate: resolveHostedAnchor: pending resolve--- time=2023-04-22 01:57:48.018]
04-22 01:57:48.018  9606  9766 D ar_activity: [resolveHostedAnchor: TASK_IN_PROGRESS time=2023-04-22 01:57:48.018]
04-22 01:57:48.039  9606  9766 D ar_activity: [--- anchor: onUpdate: resolveHostedAnchor: pending resolve--- time=2023-04-22 01:57:48.037]
04-22 01:57:48.040  9606  9766 D ar_activity: [resolveHostedAnchor: TASK_IN_PROGRESS time=2023-04-22 01:57:48.040]
04-22 01:57:48.059  9606  9766 D ar_activity: [--- anchor: onUpdate: resolveHostedAnchor: pending resolve--- time=2023-04-22 01:57:48.059]
04-22 01:57:48.059  9606  9766 D ar_activity: [resolveHostedAnchor: TASK_IN_PROGRESS time=2023-04-22 01:57:48.059]
04-22 01:57:48.081  9606  9766 D ar_activity: [--- anchor: onUpdate: resolveHostedAnchor: pending resolve--- time=2023-04-22 01:57:48.081]
04-22 01:57:48.082  9606  9766 D ar_activity: [resolveHostedAnchor: TASK_IN_PROGRESS time=2023-04-22 01:57:48.082]
04-22 01:57:48.104  9606  9766 D ar_activity: [--- anchor: onUpdate: resolveHostedAnchor: pending resolve--- time=2023-04-22 01:57:48.104]
04-22 01:57:48.106  9606  9766 D ar_activity: [resolveHostedAnchor: TASK_IN_PROGRESS time=2023-04-22 01:57:48.104]
04-22 01:57:48.125  9606  9766 D ar_activity: [--- anchor: onUpdate: resolveHostedAnchor: pending resolve--- time=2023-04-22 01:57:48.125]
04-22 01:57:48.125  9606  9766 D ar_activity: [resolveHostedAnchor: TASK_IN_PROGRESS time=2023-04-22 01:57:48.125]
04-22 01:57:48.144  9606  9766 D ar_activity: [--- anchor: onUpdate: resolveHostedAnchor: pending resolve--- time=2023-04-22 01:57:48.144]
04-22 01:57:48.144  9606  9766 D ar_activity: [resolveHostedAnchor: TASK_IN_PROGRESS time=2023-04-22 01:57:48.144]
04-22 01:57:48.167  9606  9766 D ar_activity: [--- anchor: onUpdate: resolveHostedAnchor: pending resolve--- time=2023-04-22 01:57:48.165]
04-22 01:57:48.167  9606  9766 D ar_activity: [resolveHostedAnchor: TASK_IN_PROGRESS time=2023-04-22 01:57:48.167]
04-22 01:57:48.187  9606  9766 D ar_activity: [--- anchor: onUpdate: resolveHostedAnchor: pending resolve--- time=2023-04-22 01:57:48.187]
04-22 01:57:48.187  9606  9766 D ar_activity: [resolveHostedAnchor: TASK_IN_PROGRESS time=2023-04-22 01:57:48.187]
04-22 01:57:48.208  9606  9766 D ar_activity: [--- anchor: onUpdate: resolveHostedAnchor: pending resolve--- time=2023-04-22 01:57:48.208]
04-22 01:57:48.209  9606  9766 D ar_activity: [resolveHostedAnchor: TASK_IN_PROGRESS time=2023-04-22 01:57:48.208]
04-22 01:57:48.227  9606  9766 D ar_activity: [--- anchor: onUpdate: resolveHostedAnchor: pending resolve--- time=2023-04-22 01:57:48.227]
04-22 01:57:48.228  9606  9766 D ar_activity: [resolveHostedAnchor: TASK_IN_PROGRESS time=2023-04-22 01:57:48.228]
04-22 01:57:48.260  9606  9766 D ar_activity: [--- anchor: onUpdate: resolveHostedAnchor: pending resolve--- time=2023-04-22 01:57:48.259]
04-22 01:57:48.260  9606  9766 D ar_activity: [resolveHostedAnchor: TASK_IN_PROGRESS time=2023-04-22 01:57:48.260]
04-22 01:57:48.279  9606  9766 D ar_activity: [--- anchor: onUpdate: resolveHostedAnchor: pending resolve--- time=2023-04-22 01:57:48.278]
04-22 01:57:48.279  9606  9766 D ar_activity: [resolveHostedAnchor: TASK_IN_PROGRESS time=2023-04-22 01:57:48.279]
04-22 01:57:48.300  9606  9766 D ar_activity: [--- anchor: onUpdate: resolveHostedAnchor: pending resolve--- time=2023-04-22 01:57:48.300]
04-22 01:57:48.301  9606  9766 D ar_activity: [resolveHostedAnchor: TASK_IN_PROGRESS time=2023-04-22 01:57:48.300]
04-22 01:57:48.331  9606  9766 D ar_activity: [--- anchor: onUpdate: resolveHostedAnchor: pending resolve--- time=2023-04-22 01:57:48.330]
04-22 01:57:48.333  9606  9766 D ar_activity: [resolveHostedAnchor: TASK_IN_PROGRESS time=2023-04-22 01:57:48.332]
04-22 01:57:48.359  9606  9766 D ar_activity: [--- anchor: onUpdate: resolveHostedAnchor: pending resolve--- time=2023-04-22 01:57:48.359]
04-22 01:57:48.360  9606  9766 D ar_activity: [resolveHostedAnchor: TASK_IN_PROGRESS time=2023-04-22 01:57:48.359]
04-22 01:57:48.384  9606  9766 D ar_activity: [--- anchor: onUpdate: resolveHostedAnchor: pending resolve--- time=2023-04-22 01:57:48.383]
04-22 01:57:48.384  9606  9766 D ar_activity: [resolveHostedAnchor: TASK_IN_PROGRESS time=2023-04-22 01:57:48.384]
04-22 01:57:48.405  9606  9766 D ar_activity: [--- anchor: onUpdate: resolveHostedAnchor: pending resolve--- time=2023-04-22 01:57:48.403]
04-22 01:57:48.406  9606  9766 D ar_activity: [resolveHostedAnchor: TASK_IN_PROGRESS time=2023-04-22 01:57:48.405]
04-22 01:57:48.428  9606  9766 D ar_activity: [--- anchor: onUpdate: resolveHostedAnchor: pending resolve--- time=2023-04-22 01:57:48.427]
04-22 01:57:48.428  9606  9766 D ar_activity: [resolveHostedAnchor: TASK_IN_PROGRESS time=2023-04-22 01:57:48.428]
04-22 01:57:48.449  9606  9766 D ar_activity: [--- anchor: onUpdate: resolveHostedAnchor: pending resolve--- time=2023-04-22 01:57:48.448]
04-22 01:57:48.450  9606  9766 D ar_activity: [resolveHostedAnchor: TASK_IN_PROGRESS time=2023-04-22 01:57:48.449]
04-22 01:57:48.473  9606  9766 D ar_activity: [--- anchor: onUpdate: resolveHostedAnchor: pending resolve--- time=2023-04-22 01:57:48.472]
04-22 01:57:48.474  9606  9766 D ar_activity: [resolveHostedAnchor: TASK_IN_PROGRESS time=2023-04-22 01:57:48.473]
04-22 01:57:48.497  9606  9766 D ar_activity: [--- anchor: onUpdate: resolveHostedAnchor: pending resolve--- time=2023-04-22 01:57:48.497]
04-22 01:57:48.497  9606  9766 D ar_activity: [resolveHostedAnchor: TASK_IN_PROGRESS time=2023-04-22 01:57:48.497]
04-22 01:57:48.519  9606  9766 D ar_activity: [--- anchor: onUpdate: resolveHostedAnchor: pending resolve--- time=2023-04-22 01:57:48.519]
04-22 01:57:48.519  9606  9766 D ar_activity: [resolveHostedAnchor: TASK_IN_PROGRESS time=2023-04-22 01:57:48.519]
04-22 01:57:48.541  9606  9766 D ar_activity: [--- anchor: onUpdate: resolveHostedAnchor: pending resolve--- time=2023-04-22 01:57:48.540]
04-22 01:57:48.542  9606  9766 D ar_activity: [resolveHostedAnchor: TASK_IN_PROGRESS time=2023-04-22 01:57:48.541]
04-22 01:57:48.566  9606  9766 D ar_activity: [--- anchor: onUpdate: resolveHostedAnchor: pending resolve--- time=2023-04-22 01:57:48.566]
04-22 01:57:48.567  9606  9766 D ar_activity: [resolveHostedAnchor: TASK_IN_PROGRESS time=2023-04-22 01:57:48.566]
04-22 01:57:48.586  9606  9766 D ar_activity: [--- anchor: onUpdate: resolveHostedAnchor: pending resolve--- time=2023-04-22 01:57:48.586]
04-22 01:57:48.586  9606  9766 D ar_activity: [resolveHostedAnchor: TASK_IN_PROGRESS time=2023-04-22 01:57:48.586]
04-22 01:57:48.608  9606  9766 D ar_activity: [--- anchor: onUpdate: resolveHostedAnchor: pending resolve--- time=2023-04-22 01:57:48.608]
04-22 01:57:48.608  9606  9766 D ar_activity: [resolveHostedAnchor: TASK_IN_PROGRESS time=2023-04-22 01:57:48.608]
04-22 01:57:48.627  9606  9766 D ar_activity: [--- anchor: onUpdate: resolveHostedAnchor: pending resolve--- time=2023-04-22 01:57:48.627]
04-22 01:57:48.627  9606  9766 D ar_activity: [resolveHostedAnchor: TASK_IN_PROGRESS time=2023-04-22 01:57:48.627]
04-22 01:57:48.646  9606  9766 D ar_activity: [--- anchor: onUpdate: resolveHostedAnchor: pending resolve--- time=2023-04-22 01:57:48.646]
04-22 01:57:48.647  9606  9766 D ar_activity: [resolveHostedAnchor: TASK_IN_PROGRESS time=2023-04-22 01:57:48.646]
04-22 01:57:48.667  9606  9766 D ar_activity: [--- anchor: onUpdate: resolveHostedAnchor: pending resolve--- time=2023-04-22 01:57:48.666]
04-22 01:57:48.667  9606  9766 D ar_activity: [resolveHostedAnchor: TASK_IN_PROGRESS time=2023-04-22 01:57:48.667]
04-22 01:57:48.686  9606  9766 D ar_activity: [--- anchor: onUpdate: resolveHostedAnchor: pending resolve--- time=2023-04-22 01:57:48.685]
04-22 01:57:48.686  9606  9766 D ar_activity: [resolveHostedAnchor: TASK_IN_PROGRESS time=2023-04-22 01:57:48.686]
04-22 01:57:48.710  9606  9766 D ar_activity: [--- anchor: onUpdate: resolveHostedAnchor: pending resolve--- time=2023-04-22 01:57:48.708]
04-22 01:57:48.711  9606  9766 D ar_activity: [resolveHostedAnchor: TASK_IN_PROGRESS time=2023-04-22 01:57:48.710]
04-22 01:57:48.742  9606  9766 D ar_activity: [--- anchor: onUpdate: resolveHostedAnchor: pending resolve--- time=2023-04-22 01:57:48.741]
04-22 01:57:48.742  9606  9766 D ar_activity: [resolveHostedAnchor: TASK_IN_PROGRESS time=2023-04-22 01:57:48.742]
04-22 01:57:48.761  9606  9766 D ar_activity: [--- anchor: onUpdate: resolveHostedAnchor: pending resolve--- time=2023-04-22 01:57:48.761]
04-22 01:57:48.761  9606  9766 D ar_activity: [resolveHostedAnchor: SUCCESS time=2023-04-22 01:57:48.761]
04-22 01:57:48.762  9606  9766 D ar_activity: [[2d] after update lines time=2023-04-22 01:57:48.762]
04-22 01:57:48.777  9606  9606 D ar_activity: SYNCED: 2023-04-22 01:57:48.777
04-22 01:57:52.443  9606  9606 D ar_activity: [[2a end - 2d start] onChildAdded stroke id=-NTbXZyXdIDMXsSv7dGv time=2023-04-22 01:57:52.442]
04-22 01:57:52.448  9606  9606 D ar_activity: stroke (id: -NTbXZyXdIDMXsSv7dGv) was resolved at 2023-04-22 01:57:52.447
04-22 01:57:52.448  9606  9606 D ar_activity: [[2a end or 2d start] onLineAdded stroke id=-NTbXZyXdIDMXsSv7dGv time=2023-04-22 01:57:52.448]
04-22 01:57:52.448  9606  9606 D ar_activity: [[2a end - 2d start] onChildChanged stroke id=-NTbXZyXdIDMXsSv7dGv time=2023-04-22 01:57:52.448]
04-22 01:57:52.453  9606  9606 D ar_activity: [[2a end - 2d start] onChildChanged stroke id=-NTbXZyXdIDMXsSv7dGv time=2023-04-22 01:57:52.453]
04-22 01:57:52.455  9606  9766 D ar_activity: [[2d] after update lines time=2023-04-22 01:57:52.454]
04-22 01:57:52.479  9606  9766 D ar_activity: [[2d] after update lines time=2023-04-22 01:57:52.478]
04-22 01:57:52.486  9606  9606 D ar_activity: [[2a end - 2d start] onChildChanged stroke id=-NTbXZyXdIDMXsSv7dGv time=2023-04-22 01:57:52.486]
04-22 01:57:52.499  9606  9766 D ar_activity: [[2d] after update lines time=2023-04-22 01:57:52.499]
04-22 01:57:52.592  9606  9606 D ar_activity: [[2a end - 2d start] onChildChanged stroke id=-NTbXZyXdIDMXsSv7dGv time=2023-04-22 01:57:52.591]
04-22 01:57:52.597  9606  9766 D ar_activity: [[2d] after update lines time=2023-04-22 01:57:52.597]
04-22 01:57:52.615  9606  9606 D ar_activity: [[2a end - 2d start] onChildChanged stroke id=-NTbXZyXdIDMXsSv7dGv time=2023-04-22 01:57:52.615]
04-22 01:57:52.618  9606  9766 D ar_activity: [[2d] after update lines time=2023-04-22 01:57:52.617]
04-22 01:57:52.747  9606  9606 D ar_activity: [[2a end - 2d start] onChildChanged stroke id=-NTbXZyXdIDMXsSv7dGv time=2023-04-22 01:57:52.747]
04-22 01:57:52.754  9606  9766 D ar_activity: [[2d] after update lines time=2023-04-22 01:57:52.754]
04-22 01:57:52.778  9606  9766 D ar_activity: [[2d] after update lines time=2023-04-22 01:57:52.778]
04-22 01:57:52.792  9606  9606 D ar_activity: [[2a end - 2d start] onChildChanged stroke id=-NTbXZyXdIDMXsSv7dGv time=2023-04-22 01:57:52.791]
04-22 01:57:52.797  9606  9766 D ar_activity: [[2d] after update lines time=2023-04-22 01:57:52.797]
04-22 01:57:52.817  9606  9766 D ar_activity: [[2d] after update lines time=2023-04-22 01:57:52.817]
04-22 01:57:52.836  9606  9766 D ar_activity: [[2d] after update lines time=2023-04-22 01:57:52.836]
04-22 01:57:52.855  9606  9766 D ar_activity: [[2d] after update lines time=2023-04-22 01:57:52.855]
04-22 01:57:52.880  9606  9766 D ar_activity: [[2d] after update lines time=2023-04-22 01:57:52.880]
04-22 01:57:52.899  9606  9766 D ar_activity: [[2d] after update lines time=2023-04-22 01:57:52.899]
04-22 01:57:52.911  9606  9606 D ar_activity: [[2a end - 2d start] onChildChanged stroke id=-NTbXZyXdIDMXsSv7dGv time=2023-04-22 01:57:52.911]
04-22 01:57:52.915  9606  9606 D ar_activity: [[2a end - 2d start] onChildChanged stroke id=-NTbXZyXdIDMXsSv7dGv time=2023-04-22 01:57:52.915]
04-22 01:57:52.919  9606  9766 D ar_activity: [[2d] after update lines time=2023-04-22 01:57:52.919]
04-22 01:57:52.939  9606  9766 D ar_activity: [[2d] after update lines time=2023-04-22 01:57:52.939]
04-22 01:57:52.963  9606  9766 D ar_activity: [[2d] after update lines time=2023-04-22 01:57:52.963]
04-22 01:57:52.982  9606  9766 D ar_activity: [[2d] after update lines time=2023-04-22 01:57:52.982]
04-22 01:57:53.002  9606  9766 D ar_activity: [[2d] after update lines time=2023-04-22 01:57:53.001]
04-22 01:57:53.013  9606  9606 D ar_activity: [[2a end - 2d start] onChildChanged stroke id=-NTbXZyXdIDMXsSv7dGv time=2023-04-22 01:57:53.013]
04-22 01:57:53.021  9606  9766 D ar_activity: [[2d] after update lines time=2023-04-22 01:57:53.020]
04-22 01:57:53.039  9606  9766 D ar_activity: [[2d] after update lines time=2023-04-22 01:57:53.039]
04-22 01:57:53.055  9606  9606 D ar_activity: [[2a end - 2d start] onChildChanged stroke id=-NTbXZyXdIDMXsSv7dGv time=2023-04-22 01:57:53.054]
04-22 01:57:53.059  9606  9766 D ar_activity: [[2d] after update lines time=2023-04-22 01:57:53.059]
04-22 01:57:53.078  9606  9766 D ar_activity: [[2d] after update lines time=2023-04-22 01:57:53.078]
04-22 01:57:53.097  9606  9766 D ar_activity: [[2d] after update lines time=2023-04-22 01:57:53.097]
04-22 01:57:53.117  9606  9766 D ar_activity: [[2d] after update lines time=2023-04-22 01:57:53.117]
04-22 01:57:53.132  9606  9606 D ar_activity: [[2a end - 2d start] onChildChanged stroke id=-NTbXZyXdIDMXsSv7dGv time=2023-04-22 01:57:53.132]
04-22 01:57:53.137  9606  9766 D ar_activity: [[2d] after update lines time=2023-04-22 01:57:53.137]
04-22 01:57:53.157  9606  9766 D ar_activity: [[2d] after update lines time=2023-04-22 01:57:53.157]
04-22 01:57:53.182  9606  9766 D ar_activity: [[2d] after update lines time=2023-04-22 01:57:53.181]
04-22 01:57:53.205  9606  9766 D ar_activity: [[2d] after update lines time=2023-04-22 01:57:53.205]
04-22 01:57:53.220  9606  9606 D ar_activity: [[2a end - 2d start] onChildChanged stroke id=-NTbXZyXdIDMXsSv7dGv time=2023-04-22 01:57:53.220]
04-22 01:57:53.233  9606  9766 D ar_activity: [[2d] after update lines time=2023-04-22 01:57:53.233]
04-22 01:57:53.252  9606  9766 D ar_activity: [[2d] after update lines time=2023-04-22 01:57:53.252]
04-22 01:57:53.271  9606  9766 D ar_activity: [[2d] after update lines time=2023-04-22 01:57:53.271]
04-22 01:57:53.287  9606  9606 D ar_activity: [[2a end - 2d start] onChildChanged stroke id=-NTbXZyXdIDMXsSv7dGv time=2023-04-22 01:57:53.287]
04-22 01:57:53.290  9606  9766 D ar_activity: [[2d] after update lines time=2023-04-22 01:57:53.290]
04-22 01:57:53.312  9606  9766 D ar_activity: [[2d] after update lines time=2023-04-22 01:57:53.312]
04-22 01:57:53.331  9606  9766 D ar_activity: [[2d] after update lines time=2023-04-22 01:57:53.330]
04-22 01:57:53.354  9606  9766 D ar_activity: [[2d] after update lines time=2023-04-22 01:57:53.354]
04-22 01:57:53.373  9606  9766 D ar_activity: [[2d] after update lines time=2023-04-22 01:57:53.373]
04-22 01:57:53.388  9606  9606 D ar_activity: [[2a end - 2d start] onChildChanged stroke id=-NTbXZyXdIDMXsSv7dGv time=2023-04-22 01:57:53.388]
04-22 01:57:53.397  9606  9766 D ar_activity: [[2d] after update lines time=2023-04-22 01:57:53.397]
04-22 01:57:53.420  9606  9766 D ar_activity: [[2d] after update lines time=2023-04-22 01:57:53.420]
04-22 01:57:53.439  9606  9766 D ar_activity: [[2d] after update lines time=2023-04-22 01:57:53.439]
04-22 01:57:53.453  9606  9606 D ar_activity: [[2a end - 2d start] onChildChanged stroke id=-NTbXZyXdIDMXsSv7dGv time=2023-04-22 01:57:53.452]
04-22 01:57:53.458  9606  9766 D ar_activity: [[2d] after update lines time=2023-04-22 01:57:53.458]
04-22 01:57:53.480  9606  9766 D ar_activity: [[2d] after update lines time=2023-04-22 01:57:53.480]
04-22 01:57:53.499  9606  9766 D ar_activity: [[2d] after update lines time=2023-04-22 01:57:53.499]
04-22 01:57:53.519  9606  9766 D ar_activity: [[2d] after update lines time=2023-04-22 01:57:53.518]
04-22 01:57:53.534  9606  9606 D ar_activity: [[2a end - 2d start] onChildChanged stroke id=-NTbXZyXdIDMXsSv7dGv time=2023-04-22 01:57:53.534]
04-22 01:57:53.539  9606  9766 D ar_activity: [[2d] after update lines time=2023-04-22 01:57:53.539]
04-22 01:57:53.560  9606  9766 D ar_activity: [[2d] after update lines time=2023-04-22 01:57:53.560]
04-22 01:57:53.580  9606  9766 D ar_activity: [[2d] after update lines time=2023-04-22 01:57:53.580]
04-22 01:57:53.599  9606  9766 D ar_activity: [[2d] after update lines time=2023-04-22 01:57:53.599]
04-22 01:57:53.621  9606  9766 D ar_activity: [[2d] after update lines time=2023-04-22 01:57:53.620]
04-22 01:57:53.643  9606  9766 D ar_activity: [[2d] after update lines time=2023-04-22 01:57:53.640]
04-22 01:57:53.654  9606  9606 D ar_activity: [[2a end - 2d start] onChildChanged stroke id=-NTbXZyXdIDMXsSv7dGv time=2023-04-22 01:57:53.654]
04-22 01:57:53.664  9606  9766 D ar_activity: [[2d] after update lines time=2023-04-22 01:57:53.664]
04-22 01:57:53.684  9606  9766 D ar_activity: [[2d] after update lines time=2023-04-22 01:57:53.684]
04-22 01:57:53.704  9606  9766 D ar_activity: [[2d] after update lines time=2023-04-22 01:57:53.704]
04-22 01:57:53.717  9606  9606 D ar_activity: [[2a end - 2d start] onChildChanged stroke id=-NTbXZyXdIDMXsSv7dGv time=2023-04-22 01:57:53.717]
04-22 01:57:53.723  9606  9766 D ar_activity: [[2d] after update lines time=2023-04-22 01:57:53.722]
04-22 01:57:53.743  9606  9766 D ar_activity: [[2d] after update lines time=2023-04-22 01:57:53.741]
04-22 01:57:53.762  9606  9766 D ar_activity: [[2d] after update lines time=2023-04-22 01:57:53.762]
04-22 01:57:53.781  9606  9766 D ar_activity: [[2d] after update lines time=2023-04-22 01:57:53.781]
04-22 01:57:53.800  9606  9766 D ar_activity: [[2d] after update lines time=2023-04-22 01:57:53.800]
04-22 01:57:53.813  9606  9606 D ar_activity: [[2a end - 2d start] onChildChanged stroke id=-NTbXZyXdIDMXsSv7dGv time=2023-04-22 01:57:53.813]
04-22 01:57:53.820  9606  9766 D ar_activity: [[2d] after update lines time=2023-04-22 01:57:53.819]
04-22 01:57:53.839  9606  9766 D ar_activity: [[2d] after update lines time=2023-04-22 01:57:53.839]
04-22 01:57:53.858  9606  9606 D ar_activity: [[2a end - 2d start] onChildChanged stroke id=-NTbXZyXdIDMXsSv7dGv time=2023-04-22 01:57:53.857]
04-22 01:57:53.859  9606  9766 D ar_activity: [[2d] after update lines time=2023-04-22 01:57:53.858]
04-22 01:57:53.882  9606  9766 D ar_activity: [[2d] after update lines time=2023-04-22 01:57:53.882]
04-22 01:57:53.902  9606  9766 D ar_activity: [[2d] after update lines time=2023-04-22 01:57:53.901]
04-22 01:57:53.921  9606  9766 D ar_activity: [[2d] after update lines time=2023-04-22 01:57:53.921]
04-22 01:57:53.933  9606  9606 D ar_activity: [[2a end - 2d start] onChildChanged stroke id=-NTbXZyXdIDMXsSv7dGv time=2023-04-22 01:57:53.933]
04-22 01:57:53.944  9606  9766 D ar_activity: [[2d] after update lines time=2023-04-22 01:57:53.940]
04-22 01:57:53.963  9606  9766 D ar_activity: [[2d] after update lines time=2023-04-22 01:57:53.963]
04-22 01:57:53.982  9606  9766 D ar_activity: [[2d] after update lines time=2023-04-22 01:57:53.982]
04-22 01:57:54.002  9606  9766 D ar_activity: [[2d] after update lines time=2023-04-22 01:57:54.001]
04-22 01:57:54.004  9606  9606 D ar_activity: [[2a end - 2d start] onChildChanged stroke id=-NTbXZyXdIDMXsSv7dGv time=2023-04-22 01:57:54.004]
04-22 01:57:54.021  9606  9766 D ar_activity: [[2d] after update lines time=2023-04-22 01:57:54.021]
04-22 01:57:54.040  9606  9766 D ar_activity: [[2d] after update lines time=2023-04-22 01:57:54.039]
04-22 01:57:54.063  9606  9766 D ar_activity: [[2d] after update lines time=2023-04-22 01:57:54.063]
04-22 01:57:54.079  9606  9606 D ar_activity: [[2a end - 2d start] onChildChanged stroke id=-NTbXZyXdIDMXsSv7dGv time=2023-04-22 01:57:54.079]
04-22 01:57:54.082  9606  9766 D ar_activity: [[2d] after update lines time=2023-04-22 01:57:54.082]
04-22 01:57:54.103  9606  9766 D ar_activity: [[2d] after update lines time=2023-04-22 01:57:54.103]
04-22 01:57:54.122  9606  9766 D ar_activity: [[2d] after update lines time=2023-04-22 01:57:54.122]
04-22 01:57:54.140  9606  9766 D ar_activity: [[2d] after update lines time=2023-04-22 01:57:54.140]
04-22 01:57:54.152  9606  9606 D ar_activity: [[2a end - 2d start] onChildChanged stroke id=-NTbXZyXdIDMXsSv7dGv time=2023-04-22 01:57:54.152]
04-22 01:57:54.166  9606  9766 D ar_activity: [[2d] after update lines time=2023-04-22 01:57:54.165]
04-22 01:57:54.187  9606  9766 D ar_activity: [[2d] after update lines time=2023-04-22 01:57:54.186]
04-22 01:57:54.206  9606  9766 D ar_activity: [[2d] after update lines time=2023-04-22 01:57:54.205]
04-22 01:57:54.224  9606  9766 D ar_activity: [[2d] after update lines time=2023-04-22 01:57:54.224]
04-22 01:57:54.234  9606  9606 D ar_activity: [[2a end - 2d start] onChildChanged stroke id=-NTbXZyXdIDMXsSv7dGv time=2023-04-22 01:57:54.234]
04-22 01:57:54.247  9606  9766 D ar_activity: [[2d] after update lines time=2023-04-22 01:57:54.246]
04-22 01:57:54.269  9606  9766 D ar_activity: [[2d] after update lines time=2023-04-22 01:57:54.269]
