--------- beginning of main
04-21 16:59:26.306 23317 23456 D ar_activity: [[2d] after update lines time=2023-04-21 16:59:26.266]
04-21 16:59:28.764 23317 23317 D ar_activity: [--- pair start --- time=2023-04-21 16:59:28.763]
04-21 16:59:28.764 23317 23317 D ar_activity: [--- pair session start --- time=2023-04-21 16:59:28.764]
04-21 16:59:28.800 23317 23317 D ar_activity: [create room: Message{namespace='', type='', content=[34 bytes]} time=2023-04-21 16:59:28.800]
04-21 16:59:28.814 23317 23317 D ar_activity: LOOKING: 2023-04-21 16:59:28.814
04-21 16:59:32.408 23317 23317 D ar_activity: [--- pair joined --- time=2023-04-21 16:59:32.407]
04-21 16:59:32.412 23317 23317 D ar_activity: PARTNER FOUND: 2023-04-21 16:59:32.412
04-21 16:59:34.426 23317 23317 D ar_activity: SET ANCHOR: 2023-04-21 16:59:34.426
04-21 16:59:35.096 23317 23317 D ar_activity: [--- sync ready to set anchor --- time=2023-04-21 16:59:35.095]
04-21 16:59:35.463 23317 23317 D ar_activity: [--- sync: sendSetAnchorEvent --- time=2023-04-21 16:59:35.462]
04-21 16:59:35.465 23317 23317 D ar_activity: --- start creating anchor: 2023-04-21 16:59:35.463 ---
04-21 16:59:35.465 23317 23317 D ar_activity: --- anchor: com.google.ar.core.Anchor@b49fa529 ---
04-21 16:59:35.466 23317 23317 D ar_activity: --- finish creating anchor: 2023-04-21 16:59:35.466 ---
04-21 16:59:35.466 23317 23317 D ar_activity: [hostAnchor start time=2023-04-21 16:59:35.466]
04-21 16:59:35.469 23317 23317 D ar_activity: [hostAnchor end time=2023-04-21 16:59:35.468]
04-21 16:59:35.470 23317 23317 D ar_activity: Start CONNECTING: 2023-04-21 16:59:35.470
04-21 16:59:35.486 23317 23317 D ar_activity: [anchor resolution changed: null time=2023-04-21 16:59:35.486]
04-21 16:59:35.493 23317 23456 D ar_activity: [--- anchor: onUpdate--- time=2023-04-21 16:59:35.492]
04-21 16:59:36.722 23317 23456 D ar_activity: [--- anchor: onUpdate--- time=2023-04-21 16:59:36.722]
04-21 16:59:38.774 23317 23456 D ar_activity: [--- anchor: onUpdate--- time=2023-04-21 16:59:38.774]
04-21 16:59:38.775 23317 23456 D ar_activity: [--- onAnchorHosted [HOSTED]--- time=2023-04-21 16:59:38.775]
04-21 16:59:38.780 23317 23317 D ar_activity: [anchor resolution changed: false time=2023-04-21 16:59:38.779]
04-21 17:00:35.476 23317 23317 D ar_activity: [--- pair TIMEOUT --- time=2023-04-21 17:00:35.476]
04-21 17:00:35.497 23317 23317 D ar_activity: [anchor resolution changed: true time=2023-04-21 17:00:35.496]
04-21 17:00:35.504 23317 23317 D ar_activity: [onAnchorResolutionError: null time=2023-04-21 17:00:35.503]
04-21 17:00:36.856 23317 23317 D ar_activity: SET ANCHOR: 2023-04-21 17:00:36.856
04-21 17:00:37.440 23317 23317 D ar_activity: [anchor resolution changed: null time=2023-04-21 17:00:37.440]
04-21 17:00:38.273 23317 23317 D ar_activity: [--- sync ready to set anchor --- time=2023-04-21 17:00:38.273]
04-21 17:00:38.274 23317 23317 D ar_activity: [--- sync: sendSetAnchorEvent --- time=2023-04-21 17:00:38.273]
04-21 17:00:38.274 23317 23317 D ar_activity: --- start creating anchor: 2023-04-21 17:00:38.274 ---
04-21 17:00:38.274 23317 23317 D ar_activity: --- anchor: com.google.ar.core.Anchor@b49f1ee9 ---
04-21 17:00:38.274 23317 23317 D ar_activity: --- finish creating anchor: 2023-04-21 17:00:38.274 ---
04-21 17:00:38.274 23317 23317 D ar_activity: [hostAnchor start time=2023-04-21 17:00:38.274]
04-21 17:00:38.283 23317 23317 D ar_activity: [hostAnchor end time=2023-04-21 17:00:38.283]
04-21 17:00:38.283 23317 23317 D ar_activity: Start CONNECTING: 2023-04-21 17:00:38.283
04-21 17:00:38.295 23317 23456 D ar_activity: [--- anchor: onUpdate--- time=2023-04-21 17:00:38.294]
04-21 17:00:41.795 23317 23456 D ar_activity: [--- anchor: onUpdate--- time=2023-04-21 17:00:41.795]
04-21 17:00:41.796 23317 23456 D ar_activity: [--- onAnchorHosted [HOSTED]--- time=2023-04-21 17:00:41.796]
04-21 17:00:41.833 23317 23317 D ar_activity: [anchor resolution changed: false time=2023-04-21 17:00:41.833]
04-21 17:00:42.854 23317 23317 D ar_activity: [--- sync: finish syncing anchor --- time=2023-04-21 17:00:42.854]
04-21 17:00:42.857 23317 23317 D ar_activity: SYNCED: 2023-04-21 17:00:42.856
04-21 17:00:42.946 23317 23317 D ar_activity: [[2a end - 2d start] onChildAdded stroke id=-NT_bcSfISHCK8V0TAqT time=2023-04-21 17:00:42.946]
04-21 17:00:42.953 23317 23317 D ar_activity: stroke (id: -NT_bcSfISHCK8V0TAqT) was resolved at 2023-04-21 17:00:42.953
04-21 17:00:42.954 23317 23317 D ar_activity: [[2a end or 2d start] onLineAdded stroke id=-NT_bcSfISHCK8V0TAqT time=2023-04-21 17:00:42.953]
04-21 17:00:42.956 23317 23456 D ar_activity: [[2d] after update lines time=2023-04-21 17:00:42.956]
04-21 17:00:48.800 23317 23317 D ar_activity: [[1a start] touch screen time=2023-04-21 17:00:48.800]
04-21 17:00:48.810 23317 23456 D ar_activity: addStroke at 2023-04-21 17:00:48.810
04-21 17:00:48.811 23317 23456 D ar_activity: stroke (id: -NT_bdwDzKmiHTb6_KyD) was added at 2023-04-21 17:00:48.811
04-21 17:00:48.812 23317 23456 D ar_activity: [[1b start] setFirebaseValue stroke id=-NT_bdwDzKmiHTb6_KyD time=2023-04-21 17:00:48.812]
04-21 17:00:48.816 23317 23456 D ar_activity: [TRACKING TransformPointToPose time=2023-04-21 17:00:48.816]
04-21 17:00:48.821 23317 23456 D ar_activity: send stroke to firebase, id=-NT_bdwDzKmiHTb6_KyD
04-21 17:00:48.822 23317 23456 D ar_activity: [[2d] after update lines time=2023-04-21 17:00:48.821]
04-21 17:00:48.826 23317 23317 D ar_activity: [[2a end - 2d start] onChildAdded stroke id=-NT_bdwDzKmiHTb6_KyD time=2023-04-21 17:00:48.825]
04-21 17:00:48.842 23317 23456 D ar_activity: [TRACKING TransformPointToPose time=2023-04-21 17:00:48.842]
04-21 17:00:48.842 23317 23456 D ar_activity: send stroke to firebase, id=-NT_bdwDzKmiHTb6_KyD
04-21 17:00:48.843 23317 23456 D ar_activity: [[2d] after update lines time=2023-04-21 17:00:48.843]
04-21 17:00:48.861 23317 23456 D ar_activity: [TRACKING TransformPointToPose time=2023-04-21 17:00:48.861]
04-21 17:00:48.861 23317 23456 D ar_activity: send stroke to firebase, id=-NT_bdwDzKmiHTb6_KyD
04-21 17:00:48.862 23317 23456 D ar_activity: [[2d] after update lines time=2023-04-21 17:00:48.862]
04-21 17:00:48.883 23317 23456 D ar_activity: [TRACKING TransformPointToPose time=2023-04-21 17:00:48.883]
04-21 17:00:48.884 23317 23456 D ar_activity: send stroke to firebase, id=-NT_bdwDzKmiHTb6_KyD
04-21 17:00:48.884 23317 23456 D ar_activity: [[2d] after update lines time=2023-04-21 17:00:48.884]
04-21 17:00:48.905 23317 23456 D ar_activity: [TRACKING TransformPointToPose time=2023-04-21 17:00:48.904]
04-21 17:00:48.905 23317 23456 D ar_activity: [TRACKING TransformPointToPose time=2023-04-21 17:00:48.905]
04-21 17:00:48.906 23317 23456 D ar_activity: [TRACKING TransformPointToPose time=2023-04-21 17:00:48.905]
04-21 17:00:48.906 23317 23456 D ar_activity: send stroke to firebase, id=-NT_bdwDzKmiHTb6_KyD
04-21 17:00:48.908 23317 23456 D ar_activity: [[2d] after update lines time=2023-04-21 17:00:48.908]
04-21 17:00:48.919 23317 23317 D ar_activity: [[1b start] setFirebaseValue stroke id=-NT_bdwDzKmiHTb6_KyD time=2023-04-21 17:00:48.918]
04-21 17:00:48.926 23317 23317 D ar_activity: [[2a end - 2d start] onChildChanged stroke id=-NT_bdwDzKmiHTb6_KyD time=2023-04-21 17:00:48.925]
04-21 17:00:48.928 23317 23456 D ar_activity: [TRACKING TransformPointToPose time=2023-04-21 17:00:48.928]
04-21 17:00:48.928 23317 23456 D ar_activity: [TRACKING TransformPointToPose time=2023-04-21 17:00:48.928]
04-21 17:00:48.929 23317 23456 D ar_activity: send stroke to firebase, id=-NT_bdwDzKmiHTb6_KyD
04-21 17:00:48.932 23317 23456 D ar_activity: [[2d] after update lines time=2023-04-21 17:00:48.931]
04-21 17:00:48.953 23317 23456 D ar_activity: [TRACKING TransformPointToPose time=2023-04-21 17:00:48.953]
04-21 17:00:48.954 23317 23456 D ar_activity: [TRACKING TransformPointToPose time=2023-04-21 17:00:48.954]
04-21 17:00:48.954 23317 23456 D ar_activity: send stroke to firebase, id=-NT_bdwDzKmiHTb6_KyD
04-21 17:00:48.954 23317 23456 D ar_activity: [[2d] after update lines time=2023-04-21 17:00:48.954]
04-21 17:00:48.987 23317 23456 D ar_activity: [TRACKING TransformPointToPose time=2023-04-21 17:00:48.987]
04-21 17:00:48.989 23317 23456 D ar_activity: [TRACKING TransformPointToPose time=2023-04-21 17:00:48.988]
04-21 17:00:48.992 23317 23456 D ar_activity: [TRACKING TransformPointToPose time=2023-04-21 17:00:48.990]
04-21 17:00:48.992 23317 23456 D ar_activity: send stroke to firebase, id=-NT_bdwDzKmiHTb6_KyD
04-21 17:00:48.994 23317 23456 D ar_activity: [[2d] after update lines time=2023-04-21 17:00:48.993]
04-21 17:00:49.020 23317 23456 D ar_activity: [TRACKING TransformPointToPose time=2023-04-21 17:00:49.020]
04-21 17:00:49.022 23317 23456 D ar_activity: [TRACKING TransformPointToPose time=2023-04-21 17:00:49.021]
04-21 17:00:49.022 23317 23456 D ar_activity: send stroke to firebase, id=-NT_bdwDzKmiHTb6_KyD
04-21 17:00:49.029 23317 23456 D ar_activity: [[2d] after update lines time=2023-04-21 17:00:49.028]
04-21 17:00:49.045 23317 23317 D ar_activity: [[2a end - 2d start] onChildChanged stroke id=-NT_bdwDzKmiHTb6_KyD time=2023-04-21 17:00:49.045]
04-21 17:00:49.053 23317 23456 D ar_activity: [TRACKING TransformPointToPose time=2023-04-21 17:00:49.053]
04-21 17:00:49.054 23317 23456 D ar_activity: [TRACKING TransformPointToPose time=2023-04-21 17:00:49.053]
04-21 17:00:49.054 23317 23456 D ar_activity: [TRACKING TransformPointToPose time=2023-04-21 17:00:49.054]
04-21 17:00:49.054 23317 23456 D ar_activity: send stroke to firebase, id=-NT_bdwDzKmiHTb6_KyD
04-21 17:00:49.055 23317 23456 D ar_activity: [[2d] after update lines time=2023-04-21 17:00:49.054]
04-21 17:00:49.073 23317 23456 D ar_activity: [TRACKING TransformPointToPose time=2023-04-21 17:00:49.073]
04-21 17:00:49.073 23317 23456 D ar_activity: [TRACKING TransformPointToPose time=2023-04-21 17:00:49.073]
04-21 17:00:49.073 23317 23456 D ar_activity: send stroke to firebase, id=-NT_bdwDzKmiHTb6_KyD
04-21 17:00:49.077 23317 23456 D ar_activity: [[2d] after update lines time=2023-04-21 17:00:49.076]
04-21 17:00:49.102 23317 23456 D ar_activity: [TRACKING TransformPointToPose time=2023-04-21 17:00:49.102]
04-21 17:00:49.102 23317 23456 D ar_activity: [TRACKING TransformPointToPose time=2023-04-21 17:00:49.102]
04-21 17:00:49.102 23317 23456 D ar_activity: [TRACKING TransformPointToPose time=2023-04-21 17:00:49.102]
04-21 17:00:49.102 23317 23456 D ar_activity: send stroke to firebase, id=-NT_bdwDzKmiHTb6_KyD
04-21 17:00:49.103 23317 23456 D ar_activity: [[2d] after update lines time=2023-04-21 17:00:49.103]
04-21 17:00:49.122 23317 23456 D ar_activity: [TRACKING TransformPointToPose time=2023-04-21 17:00:49.122]
04-21 17:00:49.122 23317 23456 D ar_activity: send stroke to firebase, id=-NT_bdwDzKmiHTb6_KyD
04-21 17:00:49.123 23317 23456 D ar_activity: [[2d] after update lines time=2023-04-21 17:00:49.123]
04-21 17:00:49.142 23317 23456 D ar_activity: [TRACKING TransformPointToPose time=2023-04-21 17:00:49.142]
04-21 17:00:49.142 23317 23456 D ar_activity: send stroke to firebase, id=-NT_bdwDzKmiHTb6_KyD
04-21 17:00:49.142 23317 23456 D ar_activity: [[2d] after update lines time=2023-04-21 17:00:49.142]
04-21 17:00:49.146 23317 23317 D ar_activity: [[2a end - 2d start] onChildChanged stroke id=-NT_bdwDzKmiHTb6_KyD time=2023-04-21 17:00:49.146]
04-21 17:00:49.161 23317 23456 D ar_activity: [TRACKING TransformPointToPose time=2023-04-21 17:00:49.161]
04-21 17:00:49.161 23317 23456 D ar_activity: [TRACKING TransformPointToPose time=2023-04-21 17:00:49.161]
04-21 17:00:49.161 23317 23456 D ar_activity: send stroke to firebase, id=-NT_bdwDzKmiHTb6_KyD
04-21 17:00:49.161 23317 23456 D ar_activity: [[2d] after update lines time=2023-04-21 17:00:49.161]
04-21 17:00:49.180 23317 23456 D ar_activity: [TRACKING TransformPointToPose time=2023-04-21 17:00:49.180]
04-21 17:00:49.182 23317 23456 D ar_activity: [TRACKING TransformPointToPose time=2023-04-21 17:00:49.180]
04-21 17:00:49.183 23317 23456 D ar_activity: send stroke to firebase, id=-NT_bdwDzKmiHTb6_KyD
04-21 17:00:49.184 23317 23456 D ar_activity: [[2d] after update lines time=2023-04-21 17:00:49.183]
04-21 17:00:49.202 23317 23456 D ar_activity: [TRACKING TransformPointToPose time=2023-04-21 17:00:49.202]
04-21 17:00:49.203 23317 23456 D ar_activity: [TRACKING TransformPointToPose time=2023-04-21 17:00:49.202]
04-21 17:00:49.203 23317 23456 D ar_activity: send stroke to firebase, id=-NT_bdwDzKmiHTb6_KyD
04-21 17:00:49.203 23317 23456 D ar_activity: [[2d] after update lines time=2023-04-21 17:00:49.203]
04-21 17:00:49.222 23317 23456 D ar_activity: [TRACKING TransformPointToPose time=2023-04-21 17:00:49.221]
04-21 17:00:49.222 23317 23456 D ar_activity: send stroke to firebase, id=-NT_bdwDzKmiHTb6_KyD
04-21 17:00:49.223 23317 23456 D ar_activity: [[2d] after update lines time=2023-04-21 17:00:49.223]
04-21 17:00:49.237 23317 23317 D ar_activity: [[2a end - 2d start] onChildChanged stroke id=-NT_bdwDzKmiHTb6_KyD time=2023-04-21 17:00:49.236]
04-21 17:00:49.242 23317 23456 D ar_activity: [TRACKING TransformPointToPose time=2023-04-21 17:00:49.241]
04-21 17:00:49.242 23317 23456 D ar_activity: [TRACKING TransformPointToPose time=2023-04-21 17:00:49.242]
04-21 17:00:49.242 23317 23456 D ar_activity: send stroke to firebase, id=-NT_bdwDzKmiHTb6_KyD
04-21 17:00:49.242 23317 23456 D ar_activity: [[2d] after update lines time=2023-04-21 17:00:49.242]
04-21 17:00:49.261 23317 23456 D ar_activity: [TRACKING TransformPointToPose time=2023-04-21 17:00:49.261]
04-21 17:00:49.261 23317 23456 D ar_activity: [TRACKING TransformPointToPose time=2023-04-21 17:00:49.261]
04-21 17:00:49.261 23317 23456 D ar_activity: send stroke to firebase, id=-NT_bdwDzKmiHTb6_KyD
04-21 17:00:49.262 23317 23456 D ar_activity: [[2d] after update lines time=2023-04-21 17:00:49.261]
04-21 17:00:49.280 23317 23456 D ar_activity: [TRACKING TransformPointToPose time=2023-04-21 17:00:49.280]
04-21 17:00:49.281 23317 23456 D ar_activity: [TRACKING TransformPointToPose time=2023-04-21 17:00:49.281]
04-21 17:00:49.282 23317 23456 D ar_activity: send stroke to firebase, id=-NT_bdwDzKmiHTb6_KyD
04-21 17:00:49.284 23317 23456 D ar_activity: [[2d] after update lines time=2023-04-21 17:00:49.283]
04-21 17:00:49.303 23317 23456 D ar_activity: [TRACKING TransformPointToPose time=2023-04-21 17:00:49.302]
04-21 17:00:49.303 23317 23456 D ar_activity: [TRACKING TransformPointToPose time=2023-04-21 17:00:49.303]
04-21 17:00:49.303 23317 23456 D ar_activity: send stroke to firebase, id=-NT_bdwDzKmiHTb6_KyD
04-21 17:00:49.303 23317 23456 D ar_activity: [[2d] after update lines time=2023-04-21 17:00:49.303]
04-21 17:00:49.323 23317 23456 D ar_activity: [TRACKING TransformPointToPose time=2023-04-21 17:00:49.322]
04-21 17:00:49.323 23317 23456 D ar_activity: [TRACKING TransformPointToPose time=2023-04-21 17:00:49.323]
04-21 17:00:49.323 23317 23456 D ar_activity: send stroke to firebase, id=-NT_bdwDzKmiHTb6_KyD
04-21 17:00:49.324 23317 23456 D ar_activity: [[2d] after update lines time=2023-04-21 17:00:49.324]
04-21 17:00:49.344 23317 23456 D ar_activity: [TRACKING TransformPointToPose time=2023-04-21 17:00:49.344]
04-21 17:00:49.344 23317 23456 D ar_activity: send stroke to firebase, id=-NT_bdwDzKmiHTb6_KyD
04-21 17:00:49.348 23317 23456 D ar_activity: [[2d] after update lines time=2023-04-21 17:00:49.346]
04-21 17:00:49.359 23317 23317 D ar_activity: [[2a end - 2d start] onChildChanged stroke id=-NT_bdwDzKmiHTb6_KyD time=2023-04-21 17:00:49.359]
04-21 17:00:49.372 23317 23456 D ar_activity: [TRACKING TransformPointToPose time=2023-04-21 17:00:49.372]
04-21 17:00:49.372 23317 23456 D ar_activity: [TRACKING TransformPointToPose time=2023-04-21 17:00:49.372]
04-21 17:00:49.372 23317 23456 D ar_activity: [TRACKING TransformPointToPose time=2023-04-21 17:00:49.372]
04-21 17:00:49.372 23317 23456 D ar_activity: send stroke to firebase, id=-NT_bdwDzKmiHTb6_KyD
04-21 17:00:49.373 23317 23456 D ar_activity: [[2d] after update lines time=2023-04-21 17:00:49.373]
04-21 17:00:49.392 23317 23456 D ar_activity: [TRACKING TransformPointToPose time=2023-04-21 17:00:49.392]
04-21 17:00:49.392 23317 23456 D ar_activity: [TRACKING TransformPointToPose time=2023-04-21 17:00:49.392]
04-21 17:00:49.392 23317 23456 D ar_activity: send stroke to firebase, id=-NT_bdwDzKmiHTb6_KyD
04-21 17:00:49.393 23317 23456 D ar_activity: [[2d] after update lines time=2023-04-21 17:00:49.392]
04-21 17:00:49.412 23317 23456 D ar_activity: [TRACKING TransformPointToPose time=2023-04-21 17:00:49.412]
04-21 17:00:49.412 23317 23456 D ar_activity: [TRACKING TransformPointToPose time=2023-04-21 17:00:49.412]
04-21 17:00:49.412 23317 23456 D ar_activity: send stroke to firebase, id=-NT_bdwDzKmiHTb6_KyD
04-21 17:00:49.414 23317 23456 D ar_activity: [[2d] after update lines time=2023-04-21 17:00:49.413]
04-21 17:00:49.438 23317 23456 D ar_activity: [TRACKING TransformPointToPose time=2023-04-21 17:00:49.437]
04-21 17:00:49.438 23317 23456 D ar_activity: [TRACKING TransformPointToPose time=2023-04-21 17:00:49.438]
04-21 17:00:49.439 23317 23456 D ar_activity: send stroke to firebase, id=-NT_bdwDzKmiHTb6_KyD
04-21 17:00:49.441 23317 23456 D ar_activity: [[2d] after update lines time=2023-04-21 17:00:49.441]
04-21 17:00:49.459 23317 23317 D ar_activity: [[2a end - 2d start] onChildChanged stroke id=-NT_bdwDzKmiHTb6_KyD time=2023-04-21 17:00:49.459]
04-21 17:00:49.463 23317 23456 D ar_activity: [TRACKING TransformPointToPose time=2023-04-21 17:00:49.463]
04-21 17:00:49.463 23317 23456 D ar_activity: [TRACKING TransformPointToPose time=2023-04-21 17:00:49.463]
04-21 17:00:49.463 23317 23456 D ar_activity: send stroke to firebase, id=-NT_bdwDzKmiHTb6_KyD
04-21 17:00:49.464 23317 23456 D ar_activity: [[2d] after update lines time=2023-04-21 17:00:49.464]
04-21 17:00:49.484 23317 23456 D ar_activity: [TRACKING TransformPointToPose time=2023-04-21 17:00:49.484]
04-21 17:00:49.484 23317 23456 D ar_activity: [TRACKING TransformPointToPose time=2023-04-21 17:00:49.484]
04-21 17:00:49.485 23317 23456 D ar_activity: send stroke to firebase, id=-NT_bdwDzKmiHTb6_KyD
04-21 17:00:49.485 23317 23456 D ar_activity: [[2d] after update lines time=2023-04-21 17:00:49.485]
04-21 17:00:49.504 23317 23456 D ar_activity: [TRACKING TransformPointToPose time=2023-04-21 17:00:49.503]
04-21 17:00:49.504 23317 23456 D ar_activity: [TRACKING TransformPointToPose time=2023-04-21 17:00:49.504]
04-21 17:00:49.504 23317 23456 D ar_activity: send stroke to firebase, id=-NT_bdwDzKmiHTb6_KyD
04-21 17:00:49.505 23317 23456 D ar_activity: [[2d] after update lines time=2023-04-21 17:00:49.504]
04-21 17:00:49.523 23317 23456 D ar_activity: [TRACKING TransformPointToPose time=2023-04-21 17:00:49.523]
04-21 17:00:49.523 23317 23456 D ar_activity: [TRACKING TransformPointToPose time=2023-04-21 17:00:49.523]
04-21 17:00:49.523 23317 23456 D ar_activity: send stroke to firebase, id=-NT_bdwDzKmiHTb6_KyD
04-21 17:00:49.524 23317 23456 D ar_activity: [[2d] after update lines time=2023-04-21 17:00:49.524]
04-21 17:00:49.542 23317 23456 D ar_activity: [TRACKING TransformPointToPose time=2023-04-21 17:00:49.542]
04-21 17:00:49.543 23317 23456 D ar_activity: send stroke to firebase, id=-NT_bdwDzKmiHTb6_KyD
04-21 17:00:49.543 23317 23456 D ar_activity: [[2d] after update lines time=2023-04-21 17:00:49.543]
04-21 17:00:49.561 23317 23317 D ar_activity: [[2a end - 2d start] onChildChanged stroke id=-NT_bdwDzKmiHTb6_KyD time=2023-04-21 17:00:49.561]
04-21 17:00:49.563 23317 23456 D ar_activity: [TRACKING TransformPointToPose time=2023-04-21 17:00:49.563]
04-21 17:00:49.563 23317 23456 D ar_activity: [TRACKING TransformPointToPose time=2023-04-21 17:00:49.563]
04-21 17:00:49.563 23317 23456 D ar_activity: send stroke to firebase, id=-NT_bdwDzKmiHTb6_KyD
04-21 17:00:49.564 23317 23456 D ar_activity: [[2d] after update lines time=2023-04-21 17:00:49.564]
04-21 17:00:49.585 23317 23456 D ar_activity: [TRACKING TransformPointToPose time=2023-04-21 17:00:49.585]
04-21 17:00:49.585 23317 23456 D ar_activity: [TRACKING TransformPointToPose time=2023-04-21 17:00:49.585]
04-21 17:00:49.585 23317 23456 D ar_activity: send stroke to firebase, id=-NT_bdwDzKmiHTb6_KyD
04-21 17:00:49.586 23317 23456 D ar_activity: [[2d] after update lines time=2023-04-21 17:00:49.585]
04-21 17:00:49.604 23317 23456 D ar_activity: [TRACKING TransformPointToPose time=2023-04-21 17:00:49.604]
04-21 17:00:49.605 23317 23456 D ar_activity: [TRACKING TransformPointToPose time=2023-04-21 17:00:49.605]
04-21 17:00:49.605 23317 23456 D ar_activity: send stroke to firebase, id=-NT_bdwDzKmiHTb6_KyD
04-21 17:00:49.605 23317 23456 D ar_activity: [[2d] after update lines time=2023-04-21 17:00:49.605]
04-21 17:00:49.624 23317 23456 D ar_activity: [TRACKING TransformPointToPose time=2023-04-21 17:00:49.624]
04-21 17:00:49.624 23317 23456 D ar_activity: [TRACKING TransformPointToPose time=2023-04-21 17:00:49.624]
04-21 17:00:49.625 23317 23456 D ar_activity: send stroke to firebase, id=-NT_bdwDzKmiHTb6_KyD
04-21 17:00:49.625 23317 23456 D ar_activity: [[2d] after update lines time=2023-04-21 17:00:49.625]
04-21 17:00:49.644 23317 23456 D ar_activity: [TRACKING TransformPointToPose time=2023-04-21 17:00:49.643]
04-21 17:00:49.644 23317 23456 D ar_activity: [TRACKING TransformPointToPose time=2023-04-21 17:00:49.644]
04-21 17:00:49.644 23317 23456 D ar_activity: send stroke to firebase, id=-NT_bdwDzKmiHTb6_KyD
04-21 17:00:49.644 23317 23456 D ar_activity: [[2d] after update lines time=2023-04-21 17:00:49.644]
04-21 17:00:49.663 23317 23456 D ar_activity: [TRACKING TransformPointToPose time=2023-04-21 17:00:49.663]
04-21 17:00:49.663 23317 23317 D ar_activity: [[2a end - 2d start] onChildChanged stroke id=-NT_bdwDzKmiHTb6_KyD time=2023-04-21 17:00:49.663]
04-21 17:00:49.663 23317 23456 D ar_activity: send stroke to firebase, id=-NT_bdwDzKmiHTb6_KyD
04-21 17:00:49.664 23317 23456 D ar_activity: [[2d] after update lines time=2023-04-21 17:00:49.664]
04-21 17:00:49.685 23317 23456 D ar_activity: [TRACKING TransformPointToPose time=2023-04-21 17:00:49.685]
04-21 17:00:49.685 23317 23456 D ar_activity: send stroke to firebase, id=-NT_bdwDzKmiHTb6_KyD
04-21 17:00:49.688 23317 23456 D ar_activity: [[2d] after update lines time=2023-04-21 17:00:49.688]
04-21 17:00:49.707 23317 23456 D ar_activity: [TRACKING TransformPointToPose time=2023-04-21 17:00:49.706]
04-21 17:00:49.707 23317 23456 D ar_activity: [TRACKING TransformPointToPose time=2023-04-21 17:00:49.707]
04-21 17:00:49.707 23317 23456 D ar_activity: send stroke to firebase, id=-NT_bdwDzKmiHTb6_KyD
04-21 17:00:49.707 23317 23456 D ar_activity: [[2d] after update lines time=2023-04-21 17:00:49.707]
04-21 17:00:49.728 23317 23456 D ar_activity: [TRACKING TransformPointToPose time=2023-04-21 17:00:49.728]
04-21 17:00:49.728 23317 23456 D ar_activity: [TRACKING TransformPointToPose time=2023-04-21 17:00:49.728]
04-21 17:00:49.728 23317 23456 D ar_activity: send stroke to firebase, id=-NT_bdwDzKmiHTb6_KyD
04-21 17:00:49.729 23317 23456 D ar_activity: [[2d] after update lines time=2023-04-21 17:00:49.729]
04-21 17:00:49.751 23317 23456 D ar_activity: [TRACKING TransformPointToPose time=2023-04-21 17:00:49.751]
04-21 17:00:49.752 23317 23456 D ar_activity: [TRACKING TransformPointToPose time=2023-04-21 17:00:49.752]
04-21 17:00:49.752 23317 23456 D ar_activity: send stroke to firebase, id=-NT_bdwDzKmiHTb6_KyD
04-21 17:00:49.753 23317 23456 D ar_activity: [[2d] after update lines time=2023-04-21 17:00:49.752]
04-21 17:00:49.769 23317 23317 D ar_activity: [[2a end - 2d start] onChildChanged stroke id=-NT_bdwDzKmiHTb6_KyD time=2023-04-21 17:00:49.769]
04-21 17:00:49.771 23317 23456 D ar_activity: [TRACKING TransformPointToPose time=2023-04-21 17:00:49.771]
04-21 17:00:49.772 23317 23456 D ar_activity: [TRACKING TransformPointToPose time=2023-04-21 17:00:49.771]
04-21 17:00:49.772 23317 23456 D ar_activity: send stroke to firebase, id=-NT_bdwDzKmiHTb6_KyD
04-21 17:00:49.772 23317 23456 D ar_activity: [[2d] after update lines time=2023-04-21 17:00:49.772]
04-21 17:00:49.791 23317 23456 D ar_activity: [TRACKING TransformPointToPose time=2023-04-21 17:00:49.791]
04-21 17:00:49.791 23317 23456 D ar_activity: [TRACKING TransformPointToPose time=2023-04-21 17:00:49.791]
04-21 17:00:49.791 23317 23456 D ar_activity: send stroke to firebase, id=-NT_bdwDzKmiHTb6_KyD
04-21 17:00:49.792 23317 23456 D ar_activity: [[2d] after update lines time=2023-04-21 17:00:49.792]
04-21 17:00:49.811 23317 23456 D ar_activity: [TRACKING TransformPointToPose time=2023-04-21 17:00:49.811]
04-21 17:00:49.811 23317 23456 D ar_activity: [TRACKING TransformPointToPose time=2023-04-21 17:00:49.811]
04-21 17:00:49.811 23317 23456 D ar_activity: send stroke to firebase, id=-NT_bdwDzKmiHTb6_KyD
04-21 17:00:49.812 23317 23456 D ar_activity: [[2d] after update lines time=2023-04-21 17:00:49.812]
04-21 17:00:49.830 23317 23456 D ar_activity: [TRACKING TransformPointToPose time=2023-04-21 17:00:49.830]
04-21 17:00:49.830 23317 23456 D ar_activity: send stroke to firebase, id=-NT_bdwDzKmiHTb6_KyD
04-21 17:00:49.831 23317 23456 D ar_activity: [[2d] after update lines time=2023-04-21 17:00:49.831]
04-21 17:00:49.852 23317 23456 D ar_activity: [TRACKING TransformPointToPose time=2023-04-21 17:00:49.852]
04-21 17:00:49.852 23317 23456 D ar_activity: [TRACKING TransformPointToPose time=2023-04-21 17:00:49.852]
04-21 17:00:49.853 23317 23456 D ar_activity: send stroke to firebase, id=-NT_bdwDzKmiHTb6_KyD
04-21 17:00:49.853 23317 23456 D ar_activity: [[2d] after update lines time=2023-04-21 17:00:49.853]
04-21 17:00:49.866 23317 23317 D ar_activity: [[2a end - 2d start] onChildChanged stroke id=-NT_bdwDzKmiHTb6_KyD time=2023-04-21 17:00:49.865]
04-21 17:00:49.872 23317 23456 D ar_activity: [TRACKING TransformPointToPose time=2023-04-21 17:00:49.871]
04-21 17:00:49.872 23317 23456 D ar_activity: [TRACKING TransformPointToPose time=2023-04-21 17:00:49.872]
04-21 17:00:49.872 23317 23456 D ar_activity: send stroke to firebase, id=-NT_bdwDzKmiHTb6_KyD
04-21 17:00:49.873 23317 23456 D ar_activity: [[2d] after update lines time=2023-04-21 17:00:49.872]
04-21 17:00:49.892 23317 23456 D ar_activity: [TRACKING TransformPointToPose time=2023-04-21 17:00:49.891]
04-21 17:00:49.900 23317 23456 D ar_activity: [TRACKING TransformPointToPose time=2023-04-21 17:00:49.900]
04-21 17:00:49.900 23317 23456 D ar_activity: send stroke to firebase, id=-NT_bdwDzKmiHTb6_KyD
04-21 17:00:49.901 23317 23456 D ar_activity: [[2d] after update lines time=2023-04-21 17:00:49.901]
04-21 17:00:49.933 23317 23456 D ar_activity: [TRACKING TransformPointToPose time=2023-04-21 17:00:49.932]
04-21 17:00:49.933 23317 23456 D ar_activity: [TRACKING TransformPointToPose time=2023-04-21 17:00:49.933]
04-21 17:00:49.933 23317 23456 D ar_activity: [TRACKING TransformPointToPose time=2023-04-21 17:00:49.933]
04-21 17:00:49.933 23317 23456 D ar_activity: send stroke to firebase, id=-NT_bdwDzKmiHTb6_KyD
04-21 17:00:49.935 23317 23456 D ar_activity: [[2d] after update lines time=2023-04-21 17:00:49.935]
04-21 17:00:49.956 23317 23456 D ar_activity: [TRACKING TransformPointToPose time=2023-04-21 17:00:49.956]
04-21 17:00:49.956 23317 23456 D ar_activity: send stroke to firebase, id=-NT_bdwDzKmiHTb6_KyD
04-21 17:00:49.957 23317 23456 D ar_activity: [[2d] after update lines time=2023-04-21 17:00:49.957]
04-21 17:00:49.981 23317 23456 D ar_activity: [TRACKING TransformPointToPose time=2023-04-21 17:00:49.981]
04-21 17:00:49.982 23317 23456 D ar_activity: [TRACKING TransformPointToPose time=2023-04-21 17:00:49.981]
04-21 17:00:49.984 23317 23456 D ar_activity: [TRACKING TransformPointToPose time=2023-04-21 17:00:49.984]
04-21 17:00:49.984 23317 23456 D ar_activity: [TRACKING TransformPointToPose time=2023-04-21 17:00:49.984]
04-21 17:00:49.984 23317 23456 D ar_activity: send stroke to firebase, id=-NT_bdwDzKmiHTb6_KyD
04-21 17:00:49.990 23317 23317 D ar_activity: [[2a end - 2d start] onChildChanged stroke id=-NT_bdwDzKmiHTb6_KyD time=2023-04-21 17:00:49.989]
04-21 17:00:49.991 23317 23456 D ar_activity: [[2d] after update lines time=2023-04-21 17:00:49.990]
04-21 17:00:50.012 23317 23456 D ar_activity: [TRACKING TransformPointToPose time=2023-04-21 17:00:50.012]
04-21 17:00:50.012 23317 23456 D ar_activity: [TRACKING TransformPointToPose time=2023-04-21 17:00:50.012]
04-21 17:00:50.012 23317 23456 D ar_activity: [TRACKING TransformPointToPose time=2023-04-21 17:00:50.012]
04-21 17:00:50.012 23317 23456 D ar_activity: send stroke to firebase, id=-NT_bdwDzKmiHTb6_KyD
04-21 17:00:50.013 23317 23456 D ar_activity: [[2d] after update lines time=2023-04-21 17:00:50.013]
04-21 17:00:50.034 23317 23456 D ar_activity: [TRACKING TransformPointToPose time=2023-04-21 17:00:50.033]
04-21 17:00:50.035 23317 23456 D ar_activity: [TRACKING TransformPointToPose time=2023-04-21 17:00:50.034]
04-21 17:00:50.035 23317 23456 D ar_activity: send stroke to firebase, id=-NT_bdwDzKmiHTb6_KyD
04-21 17:00:50.037 23317 23456 D ar_activity: [[2d] after update lines time=2023-04-21 17:00:50.037]
04-21 17:00:50.059 23317 23456 D ar_activity: [TRACKING TransformPointToPose time=2023-04-21 17:00:50.059]
04-21 17:00:50.059 23317 23456 D ar_activity: [TRACKING TransformPointToPose time=2023-04-21 17:00:50.059]
04-21 17:00:50.059 23317 23456 D ar_activity: send stroke to firebase, id=-NT_bdwDzKmiHTb6_KyD
04-21 17:00:50.060 23317 23456 D ar_activity: [[2d] after update lines time=2023-04-21 17:00:50.060]
04-21 17:00:50.072 23317 23317 D ar_activity: [[2a end - 2d start] onChildChanged stroke id=-NT_bdwDzKmiHTb6_KyD time=2023-04-21 17:00:50.072]
04-21 17:00:50.078 23317 23456 D ar_activity: [TRACKING TransformPointToPose time=2023-04-21 17:00:50.078]
04-21 17:00:50.078 23317 23456 D ar_activity: [TRACKING TransformPointToPose time=2023-04-21 17:00:50.078]
04-21 17:00:50.079 23317 23456 D ar_activity: send stroke to firebase, id=-NT_bdwDzKmiHTb6_KyD
04-21 17:00:50.079 23317 23456 D ar_activity: [[2d] after update lines time=2023-04-21 17:00:50.079]
04-21 17:00:50.097 23317 23456 D ar_activity: [TRACKING TransformPointToPose time=2023-04-21 17:00:50.097]
04-21 17:00:50.098 23317 23456 D ar_activity: send stroke to firebase, id=-NT_bdwDzKmiHTb6_KyD
04-21 17:00:50.098 23317 23456 D ar_activity: [[2d] after update lines time=2023-04-21 17:00:50.098]
04-21 17:00:50.118 23317 23456 D ar_activity: [TRACKING TransformPointToPose time=2023-04-21 17:00:50.118]
04-21 17:00:50.119 23317 23456 D ar_activity: [TRACKING TransformPointToPose time=2023-04-21 17:00:50.119]
04-21 17:00:50.119 23317 23456 D ar_activity: send stroke to firebase, id=-NT_bdwDzKmiHTb6_KyD
04-21 17:00:50.119 23317 23456 D ar_activity: [[2d] after update lines time=2023-04-21 17:00:50.119]
04-21 17:00:50.138 23317 23456 D ar_activity: [TRACKING TransformPointToPose time=2023-04-21 17:00:50.138]
04-21 17:00:50.138 23317 23456 D ar_activity: [TRACKING TransformPointToPose time=2023-04-21 17:00:50.138]
04-21 17:00:50.138 23317 23456 D ar_activity: send stroke to firebase, id=-NT_bdwDzKmiHTb6_KyD
04-21 17:00:50.139 23317 23456 D ar_activity: [[2d] after update lines time=2023-04-21 17:00:50.139]
04-21 17:00:50.158 23317 23456 D ar_activity: [TRACKING TransformPointToPose time=2023-04-21 17:00:50.157]
04-21 17:00:50.158 23317 23456 D ar_activity: [TRACKING TransformPointToPose time=2023-04-21 17:00:50.158]
04-21 17:00:50.158 23317 23456 D ar_activity: send stroke to firebase, id=-NT_bdwDzKmiHTb6_KyD
04-21 17:00:50.159 23317 23456 D ar_activity: [[2d] after update lines time=2023-04-21 17:00:50.159]
04-21 17:00:50.178 23317 23456 D ar_activity: [TRACKING TransformPointToPose time=2023-04-21 17:00:50.178]
04-21 17:00:50.179 23317 23456 D ar_activity: [TRACKING TransformPointToPose time=2023-04-21 17:00:50.179]
04-21 17:00:50.179 23317 23456 D ar_activity: send stroke to firebase, id=-NT_bdwDzKmiHTb6_KyD
04-21 17:00:50.180 23317 23456 D ar_activity: [[2d] after update lines time=2023-04-21 17:00:50.179]
04-21 17:00:50.195 23317 23317 D ar_activity: [[2a end - 2d start] onChildChanged stroke id=-NT_bdwDzKmiHTb6_KyD time=2023-04-21 17:00:50.194]
04-21 17:00:50.198 23317 23456 D ar_activity: [TRACKING TransformPointToPose time=2023-04-21 17:00:50.198]
04-21 17:00:50.198 23317 23456 D ar_activity: send stroke to firebase, id=-NT_bdwDzKmiHTb6_KyD
04-21 17:00:50.199 23317 23456 D ar_activity: [[2d] after update lines time=2023-04-21 17:00:50.199]
04-21 17:00:50.219 23317 23456 D ar_activity: [TRACKING TransformPointToPose time=2023-04-21 17:00:50.219]
04-21 17:00:50.220 23317 23456 D ar_activity: send stroke to firebase, id=-NT_bdwDzKmiHTb6_KyD
04-21 17:00:50.220 23317 23456 D ar_activity: [[2d] after update lines time=2023-04-21 17:00:50.220]
04-21 17:00:50.240 23317 23456 D ar_activity: [TRACKING TransformPointToPose time=2023-04-21 17:00:50.240]
04-21 17:00:50.241 23317 23456 D ar_activity: [TRACKING TransformPointToPose time=2023-04-21 17:00:50.240]
04-21 17:00:50.241 23317 23456 D ar_activity: send stroke to firebase, id=-NT_bdwDzKmiHTb6_KyD
04-21 17:00:50.241 23317 23456 D ar_activity: [[2d] after update lines time=2023-04-21 17:00:50.241]
04-21 17:00:50.275 23317 23456 D ar_activity: [TRACKING TransformPointToPose time=2023-04-21 17:00:50.275]
04-21 17:00:50.276 23317 23456 D ar_activity: [TRACKING TransformPointToPose time=2023-04-21 17:00:50.275]
04-21 17:00:50.277 23317 23456 D ar_activity: [TRACKING TransformPointToPose time=2023-04-21 17:00:50.277]
04-21 17:00:50.277 23317 23456 D ar_activity: send stroke to firebase, id=-NT_bdwDzKmiHTb6_KyD
04-21 17:00:50.279 23317 23456 D ar_activity: [[2d] after update lines time=2023-04-21 17:00:50.279]
04-21 17:00:50.300 23317 23317 D ar_activity: [[2a end - 2d start] onChildChanged stroke id=-NT_bdwDzKmiHTb6_KyD time=2023-04-21 17:00:50.300]
04-21 17:00:50.304 23317 23456 D ar_activity: [TRACKING TransformPointToPose time=2023-04-21 17:00:50.303]
04-21 17:00:50.305 23317 23456 D ar_activity: [TRACKING TransformPointToPose time=2023-04-21 17:00:50.305]
04-21 17:00:50.305 23317 23456 D ar_activity: send stroke to firebase, id=-NT_bdwDzKmiHTb6_KyD
04-21 17:00:50.310 23317 23456 D ar_activity: [[2d] after update lines time=2023-04-21 17:00:50.309]
04-21 17:00:50.334 23317 23456 D ar_activity: [TRACKING TransformPointToPose time=2023-04-21 17:00:50.333]
04-21 17:00:50.334 23317 23456 D ar_activity: [TRACKING TransformPointToPose time=2023-04-21 17:00:50.334]
04-21 17:00:50.334 23317 23456 D ar_activity: [TRACKING TransformPointToPose time=2023-04-21 17:00:50.334]
04-21 17:00:50.335 23317 23456 D ar_activity: send stroke to firebase, id=-NT_bdwDzKmiHTb6_KyD
04-21 17:00:50.335 23317 23456 D ar_activity: [[2d] after update lines time=2023-04-21 17:00:50.335]
04-21 17:00:50.355 23317 23456 D ar_activity: [TRACKING TransformPointToPose time=2023-04-21 17:00:50.355]
04-21 17:00:50.355 23317 23456 D ar_activity: [TRACKING TransformPointToPose time=2023-04-21 17:00:50.355]
04-21 17:00:50.355 23317 23456 D ar_activity: send stroke to firebase, id=-NT_bdwDzKmiHTb6_KyD
04-21 17:00:50.356 23317 23456 D ar_activity: [[2d] after update lines time=2023-04-21 17:00:50.356]
04-21 17:00:50.375 23317 23456 D ar_activity: [TRACKING TransformPointToPose time=2023-04-21 17:00:50.375]
04-21 17:00:50.376 23317 23456 D ar_activity: send stroke to firebase, id=-NT_bdwDzKmiHTb6_KyD
04-21 17:00:50.377 23317 23456 D ar_activity: [[2d] after update lines time=2023-04-21 17:00:50.377]
04-21 17:00:50.390 23317 23317 D ar_activity: [[2a end - 2d start] onChildChanged stroke id=-NT_bdwDzKmiHTb6_KyD time=2023-04-21 17:00:50.390]
04-21 17:00:50.396 23317 23456 D ar_activity: [TRACKING TransformPointToPose time=2023-04-21 17:00:50.396]
04-21 17:00:50.396 23317 23456 D ar_activity: [TRACKING TransformPointToPose time=2023-04-21 17:00:50.396]
04-21 17:00:50.396 23317 23456 D ar_activity: send stroke to firebase, id=-NT_bdwDzKmiHTb6_KyD
04-21 17:00:50.397 23317 23456 D ar_activity: [[2d] after update lines time=2023-04-21 17:00:50.397]
04-21 17:00:50.418 23317 23456 D ar_activity: [TRACKING TransformPointToPose time=2023-04-21 17:00:50.418]
04-21 17:00:50.419 23317 23456 D ar_activity: [TRACKING TransformPointToPose time=2023-04-21 17:00:50.419]
04-21 17:00:50.419 23317 23456 D ar_activity: send stroke to firebase, id=-NT_bdwDzKmiHTb6_KyD
04-21 17:00:50.420 23317 23456 D ar_activity: [[2d] after update lines time=2023-04-21 17:00:50.419]
04-21 17:00:50.438 23317 23456 D ar_activity: [TRACKING TransformPointToPose time=2023-04-21 17:00:50.438]
04-21 17:00:50.439 23317 23456 D ar_activity: [TRACKING TransformPointToPose time=2023-04-21 17:00:50.438]
04-21 17:00:50.439 23317 23456 D ar_activity: send stroke to firebase, id=-NT_bdwDzKmiHTb6_KyD
04-21 17:00:50.439 23317 23456 D ar_activity: [[2d] after update lines time=2023-04-21 17:00:50.439]
04-21 17:00:50.458 23317 23456 D ar_activity: [TRACKING TransformPointToPose time=2023-04-21 17:00:50.457]
04-21 17:00:50.458 23317 23456 D ar_activity: [TRACKING TransformPointToPose time=2023-04-21 17:00:50.458]
04-21 17:00:50.458 23317 23456 D ar_activity: send stroke to firebase, id=-NT_bdwDzKmiHTb6_KyD
04-21 17:00:50.459 23317 23456 D ar_activity: [[2d] after update lines time=2023-04-21 17:00:50.459]
04-21 17:00:50.481 23317 23456 D ar_activity: [TRACKING TransformPointToPose time=2023-04-21 17:00:50.481]
04-21 17:00:50.482 23317 23456 D ar_activity: [TRACKING TransformPointToPose time=2023-04-21 17:00:50.482]
04-21 17:00:50.482 23317 23456 D ar_activity: send stroke to firebase, id=-NT_bdwDzKmiHTb6_KyD
04-21 17:00:50.489 23317 23456 D ar_activity: [[2d] after update lines time=2023-04-21 17:00:50.489]
04-21 17:00:50.501 23317 23317 D ar_activity: [[2a end - 2d start] onChildChanged stroke id=-NT_bdwDzKmiHTb6_KyD time=2023-04-21 17:00:50.501]
04-21 17:00:50.508 23317 23456 D ar_activity: [TRACKING TransformPointToPose time=2023-04-21 17:00:50.507]
04-21 17:00:50.508 23317 23456 D ar_activity: [TRACKING TransformPointToPose time=2023-04-21 17:00:50.508]
04-21 17:00:50.508 23317 23456 D ar_activity: send stroke to firebase, id=-NT_bdwDzKmiHTb6_KyD
04-21 17:00:50.508 23317 23456 D ar_activity: [[2d] after update lines time=2023-04-21 17:00:50.508]
04-21 17:00:50.528 23317 23456 D ar_activity: [TRACKING TransformPointToPose time=2023-04-21 17:00:50.527]
04-21 17:00:50.528 23317 23456 D ar_activity: [TRACKING TransformPointToPose time=2023-04-21 17:00:50.528]
04-21 17:00:50.528 23317 23456 D ar_activity: send stroke to firebase, id=-NT_bdwDzKmiHTb6_KyD
04-21 17:00:50.530 23317 23456 D ar_activity: [[2d] after update lines time=2023-04-21 17:00:50.529]
04-21 17:00:50.553 23317 23456 D ar_activity: [TRACKING TransformPointToPose time=2023-04-21 17:00:50.553]
04-21 17:00:50.554 23317 23456 D ar_activity: [TRACKING TransformPointToPose time=2023-04-21 17:00:50.554]
04-21 17:00:50.554 23317 23456 D ar_activity: send stroke to firebase, id=-NT_bdwDzKmiHTb6_KyD
04-21 17:00:50.555 23317 23456 D ar_activity: [[2d] after update lines time=2023-04-21 17:00:50.554]
04-21 17:00:50.573 23317 23456 D ar_activity: [TRACKING TransformPointToPose time=2023-04-21 17:00:50.573]
04-21 17:00:50.573 23317 23456 D ar_activity: send stroke to firebase, id=-NT_bdwDzKmiHTb6_KyD
04-21 17:00:50.575 23317 23456 D ar_activity: [[2d] after update lines time=2023-04-21 17:00:50.574]
04-21 17:00:50.591 23317 23317 D ar_activity: [[2a end - 2d start] onChildChanged stroke id=-NT_bdwDzKmiHTb6_KyD time=2023-04-21 17:00:50.590]
04-21 17:00:50.594 23317 23456 D ar_activity: [TRACKING TransformPointToPose time=2023-04-21 17:00:50.594]
04-21 17:00:50.594 23317 23456 D ar_activity: [TRACKING TransformPointToPose time=2023-04-21 17:00:50.594]
04-21 17:00:50.595 23317 23456 D ar_activity: send stroke to firebase, id=-NT_bdwDzKmiHTb6_KyD
04-21 17:00:50.595 23317 23456 D ar_activity: [[2d] after update lines time=2023-04-21 17:00:50.595]
04-21 17:00:50.614 23317 23456 D ar_activity: [TRACKING TransformPointToPose time=2023-04-21 17:00:50.613]
04-21 17:00:50.614 23317 23456 D ar_activity: [TRACKING TransformPointToPose time=2023-04-21 17:00:50.614]
04-21 17:00:50.614 23317 23456 D ar_activity: send stroke to firebase, id=-NT_bdwDzKmiHTb6_KyD
04-21 17:00:50.614 23317 23456 D ar_activity: [[2d] after update lines time=2023-04-21 17:00:50.614]
04-21 17:00:50.636 23317 23456 D ar_activity: [TRACKING TransformPointToPose time=2023-04-21 17:00:50.636]
04-21 17:00:50.636 23317 23456 D ar_activity: [TRACKING TransformPointToPose time=2023-04-21 17:00:50.636]
04-21 17:00:50.637 23317 23456 D ar_activity: send stroke to firebase, id=-NT_bdwDzKmiHTb6_KyD
04-21 17:00:50.637 23317 23456 D ar_activity: [[2d] after update lines time=2023-04-21 17:00:50.637]
04-21 17:00:50.656 23317 23456 D ar_activity: [TRACKING TransformPointToPose time=2023-04-21 17:00:50.656]
04-21 17:00:50.656 23317 23456 D ar_activity: [TRACKING TransformPointToPose time=2023-04-21 17:00:50.656]
04-21 17:00:50.656 23317 23456 D ar_activity: send stroke to firebase, id=-NT_bdwDzKmiHTb6_KyD
04-21 17:00:50.657 23317 23456 D ar_activity: [[2d] after update lines time=2023-04-21 17:00:50.657]
04-21 17:00:50.677 23317 23456 D ar_activity: [TRACKING TransformPointToPose time=2023-04-21 17:00:50.677]
04-21 17:00:50.677 23317 23456 D ar_activity: send stroke to firebase, id=-NT_bdwDzKmiHTb6_KyD
04-21 17:00:50.680 23317 23456 D ar_activity: [[2d] after update lines time=2023-04-21 17:00:50.679]
04-21 17:00:50.680 23317 23317 D ar_activity: [[2a end - 2d start] onChildChanged stroke id=-NT_bdwDzKmiHTb6_KyD time=2023-04-21 17:00:50.680]
04-21 17:00:50.700 23317 23456 D ar_activity: [TRACKING TransformPointToPose time=2023-04-21 17:00:50.700]
04-21 17:00:50.700 23317 23456 D ar_activity: [TRACKING TransformPointToPose time=2023-04-21 17:00:50.700]
04-21 17:00:50.701 23317 23456 D ar_activity: [TRACKING TransformPointToPose time=2023-04-21 17:00:50.701]
04-21 17:00:50.701 23317 23456 D ar_activity: send stroke to firebase, id=-NT_bdwDzKmiHTb6_KyD
04-21 17:00:50.702 23317 23456 D ar_activity: [[2d] after update lines time=2023-04-21 17:00:50.701]
04-21 17:00:50.720 23317 23456 D ar_activity: [TRACKING TransformPointToPose time=2023-04-21 17:00:50.720]
04-21 17:00:50.721 23317 23456 D ar_activity: [TRACKING TransformPointToPose time=2023-04-21 17:00:50.720]
04-21 17:00:50.721 23317 23456 D ar_activity: send stroke to firebase, id=-NT_bdwDzKmiHTb6_KyD
04-21 17:00:50.721 23317 23456 D ar_activity: [[2d] after update lines time=2023-04-21 17:00:50.721]
04-21 17:00:50.740 23317 23456 D ar_activity: [TRACKING TransformPointToPose time=2023-04-21 17:00:50.740]
04-21 17:00:50.740 23317 23456 D ar_activity: send stroke to firebase, id=-NT_bdwDzKmiHTb6_KyD
04-21 17:00:50.741 23317 23456 D ar_activity: [[2d] after update lines time=2023-04-21 17:00:50.741]
04-21 17:00:50.762 23317 23456 D ar_activity: [TRACKING TransformPointToPose time=2023-04-21 17:00:50.762]
04-21 17:00:50.762 23317 23456 D ar_activity: [TRACKING TransformPointToPose time=2023-04-21 17:00:50.762]
04-21 17:00:50.762 23317 23456 D ar_activity: send stroke to firebase, id=-NT_bdwDzKmiHTb6_KyD
04-21 17:00:50.763 23317 23456 D ar_activity: [[2d] after update lines time=2023-04-21 17:00:50.763]
04-21 17:00:50.782 23317 23317 D ar_activity: [[2a end - 2d start] onChildChanged stroke id=-NT_bdwDzKmiHTb6_KyD time=2023-04-21 17:00:50.782]
04-21 17:00:50.783 23317 23456 D ar_activity: [TRACKING TransformPointToPose time=2023-04-21 17:00:50.782]
04-21 17:00:50.785 23317 23456 D ar_activity: [TRACKING TransformPointToPose time=2023-04-21 17:00:50.784]
04-21 17:00:50.788 23317 23456 D ar_activity: send stroke to firebase, id=-NT_bdwDzKmiHTb6_KyD
04-21 17:00:50.790 23317 23456 D ar_activity: [[2d] after update lines time=2023-04-21 17:00:50.789]
04-21 17:00:50.810 23317 23456 D ar_activity: [TRACKING TransformPointToPose time=2023-04-21 17:00:50.810]
04-21 17:00:50.810 23317 23456 D ar_activity: [TRACKING TransformPointToPose time=2023-04-21 17:00:50.810]
04-21 17:00:50.810 23317 23456 D ar_activity: [TRACKING TransformPointToPose time=2023-04-21 17:00:50.810]
04-21 17:00:50.810 23317 23456 D ar_activity: send stroke to firebase, id=-NT_bdwDzKmiHTb6_KyD
04-21 17:00:50.811 23317 23456 D ar_activity: [[2d] after update lines time=2023-04-21 17:00:50.811]
04-21 17:00:50.829 23317 23456 D ar_activity: [TRACKING TransformPointToPose time=2023-04-21 17:00:50.829]
04-21 17:00:50.829 23317 23456 D ar_activity: send stroke to firebase, id=-NT_bdwDzKmiHTb6_KyD
04-21 17:00:50.830 23317 23456 D ar_activity: [[2d] after update lines time=2023-04-21 17:00:50.830]
04-21 17:00:50.852 23317 23456 D ar_activity: [TRACKING TransformPointToPose time=2023-04-21 17:00:50.852]
04-21 17:00:50.852 23317 23456 D ar_activity: [TRACKING TransformPointToPose time=2023-04-21 17:00:50.852]
04-21 17:00:50.852 23317 23456 D ar_activity: send stroke to firebase, id=-NT_bdwDzKmiHTb6_KyD
04-21 17:00:50.854 23317 23456 D ar_activity: [[2d] after update lines time=2023-04-21 17:00:50.854]
04-21 17:00:50.872 23317 23317 D ar_activity: [[2a end - 2d start] onChildChanged stroke id=-NT_bdwDzKmiHTb6_KyD time=2023-04-21 17:00:50.872]
04-21 17:00:50.872 23317 23456 D ar_activity: [TRACKING TransformPointToPose time=2023-04-21 17:00:50.872]
04-21 17:00:50.873 23317 23456 D ar_activity: [TRACKING TransformPointToPose time=2023-04-21 17:00:50.872]
04-21 17:00:50.873 23317 23456 D ar_activity: send stroke to firebase, id=-NT_bdwDzKmiHTb6_KyD
04-21 17:00:50.874 23317 23456 D ar_activity: [[2d] after update lines time=2023-04-21 17:00:50.873]
04-21 17:00:50.894 23317 23456 D ar_activity: [TRACKING TransformPointToPose time=2023-04-21 17:00:50.894]
04-21 17:00:50.894 23317 23456 D ar_activity: [TRACKING TransformPointToPose time=2023-04-21 17:00:50.894]
04-21 17:00:50.894 23317 23456 D ar_activity: send stroke to firebase, id=-NT_bdwDzKmiHTb6_KyD
04-21 17:00:50.895 23317 23456 D ar_activity: [[2d] after update lines time=2023-04-21 17:00:50.895]
04-21 17:00:50.915 23317 23456 D ar_activity: [TRACKING TransformPointToPose time=2023-04-21 17:00:50.914]
04-21 17:00:50.916 23317 23456 D ar_activity: [TRACKING TransformPointToPose time=2023-04-21 17:00:50.916]
04-21 17:00:50.917 23317 23456 D ar_activity: send stroke to firebase, id=-NT_bdwDzKmiHTb6_KyD
04-21 17:00:50.922 23317 23456 D ar_activity: [[2d] after update lines time=2023-04-21 17:00:50.922]
04-21 17:00:50.943 23317 23456 D ar_activity: [TRACKING TransformPointToPose time=2023-04-21 17:00:50.942]
04-21 17:00:50.943 23317 23456 D ar_activity: [TRACKING TransformPointToPose time=2023-04-21 17:00:50.943]
04-21 17:00:50.943 23317 23456 D ar_activity: send stroke to firebase, id=-NT_bdwDzKmiHTb6_KyD
04-21 17:00:50.944 23317 23456 D ar_activity: [[2d] after update lines time=2023-04-21 17:00:50.944]
04-21 17:00:50.977 23317 23456 D ar_activity: [TRACKING TransformPointToPose time=2023-04-21 17:00:50.976]
04-21 17:00:50.978 23317 23456 D ar_activity: [TRACKING TransformPointToPose time=2023-04-21 17:00:50.977]
04-21 17:00:50.979 23317 23456 D ar_activity: [TRACKING TransformPointToPose time=2023-04-21 17:00:50.979]
04-21 17:00:50.980 23317 23456 D ar_activity: send stroke to firebase, id=-NT_bdwDzKmiHTb6_KyD
04-21 17:00:50.988 23317 23456 D ar_activity: [[2d] after update lines time=2023-04-21 17:00:50.988]
04-21 17:00:50.989 23317 23317 D ar_activity: [[2a end - 2d start] onChildChanged stroke id=-NT_bdwDzKmiHTb6_KyD time=2023-04-21 17:00:50.989]
04-21 17:00:51.013 23317 23456 D ar_activity: [TRACKING TransformPointToPose time=2023-04-21 17:00:51.012]
04-21 17:00:51.013 23317 23456 D ar_activity: [TRACKING TransformPointToPose time=2023-04-21 17:00:51.013]
04-21 17:00:51.013 23317 23456 D ar_activity: [TRACKING TransformPointToPose time=2023-04-21 17:00:51.013]
04-21 17:00:51.013 23317 23456 D ar_activity: send stroke to firebase, id=-NT_bdwDzKmiHTb6_KyD
04-21 17:00:51.014 23317 23456 D ar_activity: [[2d] after update lines time=2023-04-21 17:00:51.014]
04-21 17:00:51.036 23317 23456 D ar_activity: [TRACKING TransformPointToPose time=2023-04-21 17:00:51.035]
04-21 17:00:51.037 23317 23456 D ar_activity: [TRACKING TransformPointToPose time=2023-04-21 17:00:51.037]
04-21 17:00:51.038 23317 23456 D ar_activity: send stroke to firebase, id=-NT_bdwDzKmiHTb6_KyD
04-21 17:00:51.041 23317 23456 D ar_activity: [[2d] after update lines time=2023-04-21 17:00:51.040]
04-21 17:00:51.062 23317 23456 D ar_activity: [TRACKING TransformPointToPose time=2023-04-21 17:00:51.062]
04-21 17:00:51.063 23317 23456 D ar_activity: [TRACKING TransformPointToPose time=2023-04-21 17:00:51.063]
04-21 17:00:51.063 23317 23456 D ar_activity: send stroke to firebase, id=-NT_bdwDzKmiHTb6_KyD
04-21 17:00:51.063 23317 23456 D ar_activity: [[2d] after update lines time=2023-04-21 17:00:51.063]
04-21 17:00:51.082 23317 23456 D ar_activity: [TRACKING TransformPointToPose time=2023-04-21 17:00:51.082]
04-21 17:00:51.082 23317 23456 D ar_activity: [TRACKING TransformPointToPose time=2023-04-21 17:00:51.082]
04-21 17:00:51.082 23317 23456 D ar_activity: send stroke to firebase, id=-NT_bdwDzKmiHTb6_KyD
04-21 17:00:51.082 23317 23317 D ar_activity: [[2a end - 2d start] onChildChanged stroke id=-NT_bdwDzKmiHTb6_KyD time=2023-04-21 17:00:51.082]
04-21 17:00:51.083 23317 23456 D ar_activity: [[2d] after update lines time=2023-04-21 17:00:51.083]
04-21 17:00:51.106 23317 23456 D ar_activity: [TRACKING TransformPointToPose time=2023-04-21 17:00:51.106]
04-21 17:00:51.106 23317 23456 D ar_activity: [TRACKING TransformPointToPose time=2023-04-21 17:00:51.106]
04-21 17:00:51.106 23317 23456 D ar_activity: send stroke to firebase, id=-NT_bdwDzKmiHTb6_KyD
04-21 17:00:51.107 23317 23456 D ar_activity: [[2d] after update lines time=2023-04-21 17:00:51.107]
04-21 17:00:51.125 23317 23456 D ar_activity: [TRACKING TransformPointToPose time=2023-04-21 17:00:51.125]
04-21 17:00:51.126 23317 23456 D ar_activity: [TRACKING TransformPointToPose time=2023-04-21 17:00:51.126]
04-21 17:00:51.126 23317 23456 D ar_activity: send stroke to firebase, id=-NT_bdwDzKmiHTb6_KyD
