--------- beginning of main
04-21 17:07:31.728 19917 20053 D ar_activity: [[2d] after update lines time=2023-04-21 17:07:31.690]
04-21 17:07:39.846 19917 19917 D ar_activity: [[1a start] touch screen time=2023-04-21 17:07:39.846]
04-21 17:07:39.863 19917 20053 D ar_activity: addStroke at 2023-04-21 17:07:39.863
04-21 17:07:39.866 19917 20053 D ar_activity: send stroke to firebase, id=null
04-21 17:07:39.866 19917 20053 D ar_activity: [[2d] after update lines time=2023-04-21 17:07:39.866]
04-21 17:07:39.885 19917 20053 D ar_activity: send stroke to firebase, id=null
04-21 17:07:39.885 19917 20053 D ar_activity: [[2d] after update lines time=2023-04-21 17:07:39.885]
04-21 17:07:39.904 19917 20053 D ar_activity: send stroke to firebase, id=null
04-21 17:07:39.904 19917 20053 D ar_activity: [[2d] after update lines time=2023-04-21 17:07:39.904]
04-21 17:07:39.923 19917 20053 D ar_activity: send stroke to firebase, id=null
04-21 17:07:39.923 19917 20053 D ar_activity: [[2d] after update lines time=2023-04-21 17:07:39.923]
04-21 17:07:39.944 19917 20053 D ar_activity: send stroke to firebase, id=null
04-21 17:07:39.944 19917 20053 D ar_activity: [[2d] after update lines time=2023-04-21 17:07:39.944]
04-21 17:07:41.654 19917 19917 D ar_activity: [--- pair start --- time=2023-04-21 17:07:41.653]
04-21 17:07:41.654 19917 19917 D ar_activity: [--- pair session start --- time=2023-04-21 17:07:41.654]
04-21 17:07:41.693 19917 19917 D ar_activity: [create room: Message{namespace='', type='', content=[34 bytes]} time=2023-04-21 17:07:41.693]
04-21 17:07:41.702 19917 19917 D ar_activity: LOOKING: 2023-04-21 17:07:41.701
04-21 17:07:45.483 19917 19917 D ar_activity: [joinRoom: -NT_dCxRh5GMUv8wDtbK time=2023-04-21 17:07:45.483]
04-21 17:07:45.643 19917 19917 D ar_activity: [--- pair joined --- time=2023-04-21 17:07:45.643]
04-21 17:07:45.648 19917 19917 D ar_activity: PARTNER FOUND: 2023-04-21 17:07:45.648
04-21 17:07:47.664 19917 19917 D ar_activity: SET ANCHOR: 2023-04-21 17:07:47.664
04-21 17:07:48.764 19917 19917 D ar_activity: [--- sync ready to set anchor --- time=2023-04-21 17:07:48.763]
04-21 17:07:49.060 19917 19917 D ar_activity: Start CONNECTING: 2023-04-21 17:07:49.060
04-21 17:07:49.087 19917 19917 D ar_activity: [anchor resolution changed: null time=2023-04-21 17:07:49.084]
04-21 17:07:52.845 19917 19917 D ar_activity: [anchor resolution changed: false time=2023-04-21 17:07:52.845]
04-21 17:07:52.858 19917 20053 D ar_activity: [--- anchor: onUpdate: resolveHostedAnchor: pending resolve--- time=2023-04-21 17:07:52.857]
04-21 17:07:52.858 19917 20053 D ar_activity: [resolveHostedAnchor: TASK_IN_PROGRESS time=2023-04-21 17:07:52.858]
04-21 17:07:52.876 19917 20053 D ar_activity: [--- anchor: onUpdate: resolveHostedAnchor: pending resolve--- time=2023-04-21 17:07:52.876]
04-21 17:07:52.876 19917 20053 D ar_activity: [resolveHostedAnchor: TASK_IN_PROGRESS time=2023-04-21 17:07:52.876]
04-21 17:07:52.896 19917 20053 D ar_activity: [--- anchor: onUpdate: resolveHostedAnchor: pending resolve--- time=2023-04-21 17:07:52.896]
04-21 17:07:52.896 19917 20053 D ar_activity: [resolveHostedAnchor: TASK_IN_PROGRESS time=2023-04-21 17:07:52.896]
04-21 17:07:52.915 19917 20053 D ar_activity: [--- anchor: onUpdate: resolveHostedAnchor: pending resolve--- time=2023-04-21 17:07:52.915]
04-21 17:07:52.915 19917 20053 D ar_activity: [resolveHostedAnchor: TASK_IN_PROGRESS time=2023-04-21 17:07:52.915]
04-21 17:07:52.934 19917 20053 D ar_activity: [--- anchor: onUpdate: resolveHostedAnchor: pending resolve--- time=2023-04-21 17:07:52.934]
04-21 17:07:52.934 19917 20053 D ar_activity: [resolveHostedAnchor: TASK_IN_PROGRESS time=2023-04-21 17:07:52.934]
04-21 17:07:52.957 19917 20053 D ar_activity: [--- anchor: onUpdate: resolveHostedAnchor: pending resolve--- time=2023-04-21 17:07:52.957]
04-21 17:07:52.958 19917 20053 D ar_activity: [resolveHostedAnchor: TASK_IN_PROGRESS time=2023-04-21 17:07:52.958]
04-21 17:07:52.981 19917 20053 D ar_activity: [--- anchor: onUpdate: resolveHostedAnchor: pending resolve--- time=2023-04-21 17:07:52.981]
04-21 17:07:52.981 19917 20053 D ar_activity: [resolveHostedAnchor: TASK_IN_PROGRESS time=2023-04-21 17:07:52.981]
04-21 17:07:53.005 19917 20053 D ar_activity: [--- anchor: onUpdate: resolveHostedAnchor: pending resolve--- time=2023-04-21 17:07:53.003]
04-21 17:07:53.005 19917 20053 D ar_activity: [resolveHostedAnchor: TASK_IN_PROGRESS time=2023-04-21 17:07:53.005]
04-21 17:07:53.024 19917 20053 D ar_activity: [--- anchor: onUpdate: resolveHostedAnchor: pending resolve--- time=2023-04-21 17:07:53.024]
04-21 17:07:53.025 19917 20053 D ar_activity: [resolveHostedAnchor: TASK_IN_PROGRESS time=2023-04-21 17:07:53.024]
04-21 17:07:53.044 19917 20053 D ar_activity: [--- anchor: onUpdate: resolveHostedAnchor: pending resolve--- time=2023-04-21 17:07:53.043]
04-21 17:07:53.044 19917 20053 D ar_activity: [resolveHostedAnchor: TASK_IN_PROGRESS time=2023-04-21 17:07:53.044]
04-21 17:07:53.066 19917 20053 D ar_activity: [--- anchor: onUpdate: resolveHostedAnchor: pending resolve--- time=2023-04-21 17:07:53.065]
04-21 17:07:53.067 19917 20053 D ar_activity: [resolveHostedAnchor: TASK_IN_PROGRESS time=2023-04-21 17:07:53.066]
04-21 17:07:53.093 19917 20053 D ar_activity: [--- anchor: onUpdate: resolveHostedAnchor: pending resolve--- time=2023-04-21 17:07:53.092]
04-21 17:07:53.093 19917 20053 D ar_activity: [resolveHostedAnchor: TASK_IN_PROGRESS time=2023-04-21 17:07:53.093]
04-21 17:07:53.112 19917 20053 D ar_activity: [--- anchor: onUpdate: resolveHostedAnchor: pending resolve--- time=2023-04-21 17:07:53.112]
04-21 17:07:53.113 19917 20053 D ar_activity: [resolveHostedAnchor: TASK_IN_PROGRESS time=2023-04-21 17:07:53.113]
04-21 17:07:53.132 19917 20053 D ar_activity: [--- anchor: onUpdate: resolveHostedAnchor: pending resolve--- time=2023-04-21 17:07:53.132]
04-21 17:07:53.132 19917 20053 D ar_activity: [resolveHostedAnchor: TASK_IN_PROGRESS time=2023-04-21 17:07:53.132]
04-21 17:07:53.159 19917 20053 D ar_activity: [--- anchor: onUpdate: resolveHostedAnchor: pending resolve--- time=2023-04-21 17:07:53.159]
04-21 17:07:53.159 19917 20053 D ar_activity: [resolveHostedAnchor: TASK_IN_PROGRESS time=2023-04-21 17:07:53.159]
04-21 17:07:53.179 19917 20053 D ar_activity: [--- anchor: onUpdate: resolveHostedAnchor: pending resolve--- time=2023-04-21 17:07:53.179]
04-21 17:07:53.179 19917 20053 D ar_activity: [resolveHostedAnchor: TASK_IN_PROGRESS time=2023-04-21 17:07:53.179]
04-21 17:07:53.198 19917 20053 D ar_activity: [--- anchor: onUpdate: resolveHostedAnchor: pending resolve--- time=2023-04-21 17:07:53.198]
04-21 17:07:53.199 19917 20053 D ar_activity: [resolveHostedAnchor: TASK_IN_PROGRESS time=2023-04-21 17:07:53.199]
04-21 17:07:53.217 19917 20053 D ar_activity: [--- anchor: onUpdate: resolveHostedAnchor: pending resolve--- time=2023-04-21 17:07:53.217]
04-21 17:07:53.218 19917 20053 D ar_activity: [resolveHostedAnchor: TASK_IN_PROGRESS time=2023-04-21 17:07:53.218]
04-21 17:07:53.240 19917 20053 D ar_activity: [--- anchor: onUpdate: resolveHostedAnchor: pending resolve--- time=2023-04-21 17:07:53.239]
04-21 17:07:53.240 19917 20053 D ar_activity: [resolveHostedAnchor: TASK_IN_PROGRESS time=2023-04-21 17:07:53.240]
04-21 17:07:53.259 19917 20053 D ar_activity: [--- anchor: onUpdate: resolveHostedAnchor: pending resolve--- time=2023-04-21 17:07:53.259]
04-21 17:07:53.260 19917 20053 D ar_activity: [resolveHostedAnchor: TASK_IN_PROGRESS time=2023-04-21 17:07:53.260]
04-21 17:07:53.281 19917 20053 D ar_activity: [--- anchor: onUpdate: resolveHostedAnchor: pending resolve--- time=2023-04-21 17:07:53.281]
04-21 17:07:53.281 19917 20053 D ar_activity: [resolveHostedAnchor: TASK_IN_PROGRESS time=2023-04-21 17:07:53.281]
04-21 17:07:53.303 19917 20053 D ar_activity: [--- anchor: onUpdate: resolveHostedAnchor: pending resolve--- time=2023-04-21 17:07:53.303]
04-21 17:07:53.303 19917 20053 D ar_activity: [resolveHostedAnchor: TASK_IN_PROGRESS time=2023-04-21 17:07:53.303]
04-21 17:07:53.325 19917 20053 D ar_activity: [--- anchor: onUpdate: resolveHostedAnchor: pending resolve--- time=2023-04-21 17:07:53.324]
04-21 17:07:53.325 19917 20053 D ar_activity: [resolveHostedAnchor: TASK_IN_PROGRESS time=2023-04-21 17:07:53.325]
04-21 17:07:53.345 19917 20053 D ar_activity: [--- anchor: onUpdate: resolveHostedAnchor: pending resolve--- time=2023-04-21 17:07:53.345]
04-21 17:07:53.345 19917 20053 D ar_activity: [resolveHostedAnchor: TASK_IN_PROGRESS time=2023-04-21 17:07:53.345]
04-21 17:07:53.365 19917 20053 D ar_activity: [--- anchor: onUpdate: resolveHostedAnchor: pending resolve--- time=2023-04-21 17:07:53.365]
04-21 17:07:53.366 19917 20053 D ar_activity: [resolveHostedAnchor: TASK_IN_PROGRESS time=2023-04-21 17:07:53.365]
04-21 17:07:53.384 19917 20053 D ar_activity: [--- anchor: onUpdate: resolveHostedAnchor: pending resolve--- time=2023-04-21 17:07:53.384]
04-21 17:07:53.384 19917 20053 D ar_activity: [resolveHostedAnchor: TASK_IN_PROGRESS time=2023-04-21 17:07:53.384]
04-21 17:07:53.404 19917 20053 D ar_activity: [--- anchor: onUpdate: resolveHostedAnchor: pending resolve--- time=2023-04-21 17:07:53.403]
04-21 17:07:53.406 19917 20053 D ar_activity: [resolveHostedAnchor: TASK_IN_PROGRESS time=2023-04-21 17:07:53.404]
04-21 17:07:53.425 19917 20053 D ar_activity: [--- anchor: onUpdate: resolveHostedAnchor: pending resolve--- time=2023-04-21 17:07:53.425]
04-21 17:07:53.425 19917 20053 D ar_activity: [resolveHostedAnchor: TASK_IN_PROGRESS time=2023-04-21 17:07:53.425]
04-21 17:07:53.444 19917 20053 D ar_activity: [--- anchor: onUpdate: resolveHostedAnchor: pending resolve--- time=2023-04-21 17:07:53.444]
04-21 17:07:53.445 19917 20053 D ar_activity: [resolveHostedAnchor: SUCCESS time=2023-04-21 17:07:53.444]
04-21 17:07:53.446 19917 20053 D ar_activity: stroke (id: -NT_dGbEkilBimmQQlbh) was added at 2023-04-21 17:07:53.445
04-21 17:07:53.446 19917 20053 D ar_activity: [[1b start] setFirebaseValue stroke id=-NT_dGbEkilBimmQQlbh time=2023-04-21 17:07:53.446]
04-21 17:07:53.448 19917 19917 D ar_activity: SYNCED: 2023-04-21 17:07:53.448
04-21 17:07:53.459 19917 20053 D ar_activity: [[2d] after update lines time=2023-04-21 17:07:53.458]
04-21 17:07:53.459 19917 19917 D ar_activity: [[2a end - 2d start] onChildAdded stroke id=-NT_dGbEkilBimmQQlbh time=2023-04-21 17:07:53.459]
04-21 17:08:02.069 19917 19917 D ar_activity: [[2a end - 2d start] onChildAdded stroke id=-NT_dIeqGauMNyi7FtHh time=2023-04-21 17:08:02.069]
04-21 17:08:02.070 19917 19917 D ar_activity: stroke (id: -NT_dIeqGauMNyi7FtHh) was resolved at 2023-04-21 17:08:02.070
04-21 17:08:02.070 19917 19917 D ar_activity: [[2a end or 2d start] onLineAdded stroke id=-NT_dIeqGauMNyi7FtHh time=2023-04-21 17:08:02.070]
04-21 17:08:02.090 19917 19917 D ar_activity: [[2a end - 2d start] onChildChanged stroke id=-NT_dIeqGauMNyi7FtHh time=2023-04-21 17:08:02.087]
04-21 17:08:02.095 19917 20053 D ar_activity: [[2d] after update lines time=2023-04-21 17:08:02.095]
04-21 17:08:02.148 19917 19917 D ar_activity: [[2a end - 2d start] onChildChanged stroke id=-NT_dIeqGauMNyi7FtHh time=2023-04-21 17:08:02.148]
04-21 17:08:02.159 19917 20053 D ar_activity: [[2d] after update lines time=2023-04-21 17:08:02.159]
04-21 17:08:02.207 19917 19917 D ar_activity: [[2a end - 2d start] onChildChanged stroke id=-NT_dIeqGauMNyi7FtHh time=2023-04-21 17:08:02.207]
04-21 17:08:02.217 19917 20053 D ar_activity: [[2d] after update lines time=2023-04-21 17:08:02.217]
04-21 17:08:02.245 19917 20053 D ar_activity: [[2d] after update lines time=2023-04-21 17:08:02.245]
04-21 17:08:02.265 19917 20053 D ar_activity: [[2d] after update lines time=2023-04-21 17:08:02.265]
04-21 17:08:02.280 19917 19917 D ar_activity: [[2a end - 2d start] onChildChanged stroke id=-NT_dIeqGauMNyi7FtHh time=2023-04-21 17:08:02.279]
04-21 17:08:02.286 19917 20053 D ar_activity: [[2d] after update lines time=2023-04-21 17:08:02.286]
04-21 17:08:02.308 19917 20053 D ar_activity: [[2d] after update lines time=2023-04-21 17:08:02.308]
04-21 17:08:02.327 19917 20053 D ar_activity: [[2d] after update lines time=2023-04-21 17:08:02.327]
04-21 17:08:02.343 19917 19917 D ar_activity: [[2a end - 2d start] onChildChanged stroke id=-NT_dIeqGauMNyi7FtHh time=2023-04-21 17:08:02.343]
04-21 17:08:02.347 19917 20053 D ar_activity: [[2d] after update lines time=2023-04-21 17:08:02.346]
04-21 17:08:02.367 19917 20053 D ar_activity: [[2d] after update lines time=2023-04-21 17:08:02.367]
04-21 17:08:02.395 19917 20053 D ar_activity: [[2d] after update lines time=2023-04-21 17:08:02.395]
04-21 17:08:02.417 19917 20053 D ar_activity: [[2d] after update lines time=2023-04-21 17:08:02.417]
04-21 17:08:02.439 19917 20053 D ar_activity: [[2d] after update lines time=2023-04-21 17:08:02.438]
04-21 17:08:02.439 19917 19917 D ar_activity: [[2a end - 2d start] onChildChanged stroke id=-NT_dIeqGauMNyi7FtHh time=2023-04-21 17:08:02.439]
04-21 17:08:02.460 19917 20053 D ar_activity: [[2d] after update lines time=2023-04-21 17:08:02.459]
04-21 17:08:02.480 19917 20053 D ar_activity: [[2d] after update lines time=2023-04-21 17:08:02.480]
04-21 17:08:02.500 19917 20053 D ar_activity: [[2d] after update lines time=2023-04-21 17:08:02.500]
04-21 17:08:02.521 19917 19917 D ar_activity: [[2a end - 2d start] onChildChanged stroke id=-NT_dIeqGauMNyi7FtHh time=2023-04-21 17:08:02.521]
04-21 17:08:02.522 19917 20053 D ar_activity: [[2d] after update lines time=2023-04-21 17:08:02.520]
04-21 17:08:02.542 19917 20053 D ar_activity: [[2d] after update lines time=2023-04-21 17:08:02.542]
04-21 17:08:02.562 19917 20053 D ar_activity: [[2d] after update lines time=2023-04-21 17:08:02.562]
04-21 17:08:02.582 19917 20053 D ar_activity: [[2d] after update lines time=2023-04-21 17:08:02.582]
04-21 17:08:02.600 19917 19917 D ar_activity: [[2a end - 2d start] onChildChanged stroke id=-NT_dIeqGauMNyi7FtHh time=2023-04-21 17:08:02.600]
04-21 17:08:02.604 19917 20053 D ar_activity: [[2d] after update lines time=2023-04-21 17:08:02.604]
04-21 17:08:02.631 19917 20053 D ar_activity: [[2d] after update lines time=2023-04-21 17:08:02.631]
04-21 17:08:02.652 19917 20053 D ar_activity: [[2d] after update lines time=2023-04-21 17:08:02.651]
04-21 17:08:02.667 19917 19917 D ar_activity: [[2a end - 2d start] onChildChanged stroke id=-NT_dIeqGauMNyi7FtHh time=2023-04-21 17:08:02.667]
04-21 17:08:02.673 19917 20053 D ar_activity: [[2d] after update lines time=2023-04-21 17:08:02.672]
04-21 17:08:02.695 19917 20053 D ar_activity: [[2d] after update lines time=2023-04-21 17:08:02.695]
04-21 17:08:02.726 19917 20053 D ar_activity: [[2d] after update lines time=2023-04-21 17:08:02.726]
04-21 17:08:02.744 19917 19917 D ar_activity: [[2a end - 2d start] onChildChanged stroke id=-NT_dIeqGauMNyi7FtHh time=2023-04-21 17:08:02.744]
04-21 17:08:02.745 19917 20053 D ar_activity: [[2d] after update lines time=2023-04-21 17:08:02.745]
04-21 17:08:02.764 19917 20053 D ar_activity: [[2d] after update lines time=2023-04-21 17:08:02.764]
04-21 17:08:02.783 19917 20053 D ar_activity: [[2d] after update lines time=2023-04-21 17:08:02.783]
04-21 17:08:02.803 19917 20053 D ar_activity: [[2d] after update lines time=2023-04-21 17:08:02.803]
04-21 17:08:02.816 19917 19917 D ar_activity: [[2a end - 2d start] onChildChanged stroke id=-NT_dIeqGauMNyi7FtHh time=2023-04-21 17:08:02.816]
04-21 17:08:02.826 19917 20053 D ar_activity: [[2d] after update lines time=2023-04-21 17:08:02.825]
04-21 17:08:02.845 19917 20053 D ar_activity: [[2d] after update lines time=2023-04-21 17:08:02.845]
04-21 17:08:02.864 19917 20053 D ar_activity: [[2d] after update lines time=2023-04-21 17:08:02.864]
04-21 17:08:02.885 19917 20053 D ar_activity: [[2d] after update lines time=2023-04-21 17:08:02.885]
04-21 17:08:02.903 19917 20053 D ar_activity: [[2d] after update lines time=2023-04-21 17:08:02.903]
04-21 17:08:02.914 19917 19917 D ar_activity: [[2a end - 2d start] onChildChanged stroke id=-NT_dIeqGauMNyi7FtHh time=2023-04-21 17:08:02.913]
04-21 17:08:02.925 19917 20053 D ar_activity: [[2d] after update lines time=2023-04-21 17:08:02.925]
04-21 17:08:02.945 19917 20053 D ar_activity: [[2d] after update lines time=2023-04-21 17:08:02.944]
04-21 17:08:02.964 19917 20053 D ar_activity: [[2d] after update lines time=2023-04-21 17:08:02.964]
04-21 17:08:02.983 19917 20053 D ar_activity: [[2d] after update lines time=2023-04-21 17:08:02.983]
04-21 17:08:03.002 19917 20053 D ar_activity: [[2d] after update lines time=2023-04-21 17:08:03.002]
04-21 17:08:03.013 19917 19917 D ar_activity: [[2a end - 2d start] onChildChanged stroke id=-NT_dIeqGauMNyi7FtHh time=2023-04-21 17:08:03.013]
04-21 17:08:03.025 19917 20053 D ar_activity: [[2d] after update lines time=2023-04-21 17:08:03.023]
04-21 17:08:03.045 19917 20053 D ar_activity: [[2d] after update lines time=2023-04-21 17:08:03.045]
04-21 17:08:03.066 19917 20053 D ar_activity: [[2d] after update lines time=2023-04-21 17:08:03.065]
04-21 17:08:03.086 19917 19917 D ar_activity: [[2a end - 2d start] onChildChanged stroke id=-NT_dIeqGauMNyi7FtHh time=2023-04-21 17:08:03.086]
04-21 17:08:03.089 19917 20053 D ar_activity: [[2d] after update lines time=2023-04-21 17:08:03.088]
04-21 17:08:03.117 19917 20053 D ar_activity: [[2d] after update lines time=2023-04-21 17:08:03.116]
04-21 17:08:03.148 19917 20053 D ar_activity: [[2d] after update lines time=2023-04-21 17:08:03.147]
04-21 17:08:03.172 19917 20053 D ar_activity: [[2d] after update lines time=2023-04-21 17:08:03.172]
04-21 17:08:03.196 19917 20053 D ar_activity: [[2d] after update lines time=2023-04-21 17:08:03.195]
04-21 17:08:03.218 19917 20053 D ar_activity: [[2d] after update lines time=2023-04-21 17:08:03.217]
04-21 17:08:03.237 19917 20053 D ar_activity: [[2d] after update lines time=2023-04-21 17:08:03.237]
04-21 17:08:03.262 19917 20053 D ar_activity: [[2d] after update lines time=2023-04-21 17:08:03.261]
04-21 17:08:03.284 19917 20053 D ar_activity: [[2d] after update lines time=2023-04-21 17:08:03.283]
04-21 17:08:03.302 19917 20053 D ar_activity: [[2d] after update lines time=2023-04-21 17:08:03.302]
04-21 17:08:03.322 19917 20053 D ar_activity: [[2d] after update lines time=2023-04-21 17:08:03.322]
04-21 17:08:03.343 19917 20053 D ar_activity: [[2d] after update lines time=2023-04-21 17:08:03.343]
04-21 17:08:03.360 19917 19917 D ar_activity: [[2a end - 2d start] onChildChanged stroke id=-NT_dIeqGauMNyi7FtHh time=2023-04-21 17:08:03.360]
04-21 17:08:03.365 19917 20053 D ar_activity: [[2d] after update lines time=2023-04-21 17:08:03.364]
04-21 17:08:03.385 19917 20053 D ar_activity: [[2d] after update lines time=2023-04-21 17:08:03.385]
04-21 17:08:03.404 19917 20053 D ar_activity: [[2d] after update lines time=2023-04-21 17:08:03.404]
04-21 17:08:03.426 19917 20053 D ar_activity: [[2d] after update lines time=2023-04-21 17:08:03.426]
04-21 17:08:03.445 19917 20053 D ar_activity: [[2d] after update lines time=2023-04-21 17:08:03.445]
04-21 17:08:03.451 19917 19917 D ar_activity: [[2a end - 2d start] onChildChanged stroke id=-NT_dIeqGauMNyi7FtHh time=2023-04-21 17:08:03.451]
04-21 17:08:03.465 19917 20053 D ar_activity: [[2d] after update lines time=2023-04-21 17:08:03.465]
04-21 17:08:03.484 19917 20053 D ar_activity: [[2d] after update lines time=2023-04-21 17:08:03.484]
04-21 17:08:03.503 19917 20053 D ar_activity: [[2d] after update lines time=2023-04-21 17:08:03.503]
04-21 17:08:03.524 19917 20053 D ar_activity: [[2d] after update lines time=2023-04-21 17:08:03.524]
04-21 17:08:03.544 19917 20053 D ar_activity: [[2d] after update lines time=2023-04-21 17:08:03.544]
04-21 17:08:03.563 19917 20053 D ar_activity: [[2d] after update lines time=2023-04-21 17:08:03.562]
04-21 17:08:03.582 19917 20053 D ar_activity: [[2d] after update lines time=2023-04-21 17:08:03.582]
04-21 17:08:03.602 19917 20053 D ar_activity: [[2d] after update lines time=2023-04-21 17:08:03.602]
04-21 17:08:03.621 19917 20053 D ar_activity: [[2d] after update lines time=2023-04-21 17:08:03.621]
04-21 17:08:03.645 19917 20053 D ar_activity: [[2d] after update lines time=2023-04-21 17:08:03.645]
04-21 17:08:03.668 19917 20053 D ar_activity: [[2d] after update lines time=2023-04-21 17:08:03.667]
04-21 17:08:03.670 19917 19917 D ar_activity: [[2a end - 2d start] onChildChanged stroke id=-NT_dIeqGauMNyi7FtHh time=2023-04-21 17:08:03.669]
04-21 17:08:03.682 19917 19917 D ar_activity: [[2a end - 2d start] onChildChanged stroke id=-NT_dIeqGauMNyi7FtHh time=2023-04-21 17:08:03.682]
04-21 17:08:03.688 19917 20053 D ar_activity: [[2d] after update lines time=2023-04-21 17:08:03.688]
04-21 17:08:03.702 19917 19917 D ar_activity: [[2a end - 2d start] onChildChanged stroke id=-NT_dIeqGauMNyi7FtHh time=2023-04-21 17:08:03.702]
04-21 17:08:03.711 19917 20053 D ar_activity: [[2d] after update lines time=2023-04-21 17:08:03.711]
04-21 17:08:03.730 19917 20053 D ar_activity: [[2d] after update lines time=2023-04-21 17:08:03.729]
04-21 17:08:03.749 19917 20053 D ar_activity: [[2d] after update lines time=2023-04-21 17:08:03.749]
04-21 17:08:03.761 19917 19917 D ar_activity: [[2a end - 2d start] onChildChanged stroke id=-NT_dIeqGauMNyi7FtHh time=2023-04-21 17:08:03.761]
04-21 17:08:03.768 19917 20053 D ar_activity: [[2d] after update lines time=2023-04-21 17:08:03.768]
04-21 17:08:03.787 19917 20053 D ar_activity: [[2d] after update lines time=2023-04-21 17:08:03.787]
04-21 17:08:03.808 19917 20053 D ar_activity: [[2d] after update lines time=2023-04-21 17:08:03.807]
04-21 17:08:03.828 19917 20053 D ar_activity: [[2d] after update lines time=2023-04-21 17:08:03.828]
04-21 17:08:03.840 19917 19917 D ar_activity: [[2a end - 2d start] onChildChanged stroke id=-NT_dIeqGauMNyi7FtHh time=2023-04-21 17:08:03.840]
04-21 17:08:03.848 19917 20053 D ar_activity: [[2d] after update lines time=2023-04-21 17:08:03.848]
04-21 17:08:03.869 19917 20053 D ar_activity: [[2d] after update lines time=2023-04-21 17:08:03.869]
04-21 17:08:03.892 19917 20053 D ar_activity: [[2d] after update lines time=2023-04-21 17:08:03.891]
04-21 17:08:03.907 19917 19917 D ar_activity: [[2a end - 2d start] onChildChanged stroke id=-NT_dIeqGauMNyi7FtHh time=2023-04-21 17:08:03.906]
04-21 17:08:03.911 19917 20053 D ar_activity: [[2d] after update lines time=2023-04-21 17:08:03.911]
04-21 17:08:03.929 19917 20053 D ar_activity: [[2d] after update lines time=2023-04-21 17:08:03.929]
04-21 17:08:03.948 19917 20053 D ar_activity: [[2d] after update lines time=2023-04-21 17:08:03.948]
04-21 17:08:03.970 19917 20053 D ar_activity: [[2d] after update lines time=2023-04-21 17:08:03.970]
04-21 17:08:03.981 19917 19917 D ar_activity: [[2a end - 2d start] onChildChanged stroke id=-NT_dIeqGauMNyi7FtHh time=2023-04-21 17:08:03.981]
04-21 17:08:03.993 19917 20053 D ar_activity: [[2d] after update lines time=2023-04-21 17:08:03.993]
04-21 17:08:04.012 19917 20053 D ar_activity: [[2d] after update lines time=2023-04-21 17:08:04.012]
04-21 17:08:04.031 19917 20053 D ar_activity: [[2d] after update lines time=2023-04-21 17:08:04.031]
04-21 17:08:04.051 19917 20053 D ar_activity: [[2d] after update lines time=2023-04-21 17:08:04.051]
04-21 17:08:04.070 19917 20053 D ar_activity: [[2d] after update lines time=2023-04-21 17:08:04.069]
04-21 17:08:04.081 19917 19917 D ar_activity: [[2a end - 2d start] onChildChanged stroke id=-NT_dIeqGauMNyi7FtHh time=2023-04-21 17:08:04.081]
04-21 17:08:04.089 19917 20053 D ar_activity: [[2d] after update lines time=2023-04-21 17:08:04.089]
04-21 17:08:04.112 19917 20053 D ar_activity: [[2d] after update lines time=2023-04-21 17:08:04.111]
04-21 17:08:04.130 19917 20053 D ar_activity: [[2d] after update lines time=2023-04-21 17:08:04.130]
04-21 17:08:04.149 19917 20053 D ar_activity: [[2d] after update lines time=2023-04-21 17:08:04.149]
04-21 17:08:04.164 19917 19917 D ar_activity: [[2a end - 2d start] onChildChanged stroke id=-NT_dIeqGauMNyi7FtHh time=2023-04-21 17:08:04.163]
04-21 17:08:04.171 19917 20053 D ar_activity: [[2d] after update lines time=2023-04-21 17:08:04.171]
04-21 17:08:04.193 19917 20053 D ar_activity: [[2d] after update lines time=2023-04-21 17:08:04.193]
04-21 17:08:04.212 19917 20053 D ar_activity: [[2d] after update lines time=2023-04-21 17:08:04.212]
04-21 17:08:04.231 19917 20053 D ar_activity: [[2d] after update lines time=2023-04-21 17:08:04.231]
04-21 17:08:04.251 19917 20053 D ar_activity: [[2d] after update lines time=2023-04-21 17:08:04.251]
04-21 17:08:04.263 19917 19917 D ar_activity: [[2a end - 2d start] onChildChanged stroke id=-NT_dIeqGauMNyi7FtHh time=2023-04-21 17:08:04.262]
04-21 17:08:04.270 19917 20053 D ar_activity: [[2d] after update lines time=2023-04-21 17:08:04.270]
04-21 17:08:04.301 19917 20053 D ar_activity: [[2d] after update lines time=2023-04-21 17:08:04.301]
04-21 17:08:04.320 19917 20053 D ar_activity: [[2d] after update lines time=2023-04-21 17:08:04.320]
04-21 17:08:04.328 19917 19917 D ar_activity: [[2a end - 2d start] onChildChanged stroke id=-NT_dIeqGauMNyi7FtHh time=2023-04-21 17:08:04.328]
04-21 17:08:04.339 19917 20053 D ar_activity: [[2d] after update lines time=2023-04-21 17:08:04.339]
04-21 17:08:04.360 19917 20053 D ar_activity: [[2d] after update lines time=2023-04-21 17:08:04.360]
04-21 17:08:04.379 19917 20053 D ar_activity: [[2d] after update lines time=2023-04-21 17:08:04.379]
04-21 17:08:04.394 19917 19917 D ar_activity: [[2a end - 2d start] onChildChanged stroke id=-NT_dIeqGauMNyi7FtHh time=2023-04-21 17:08:04.394]
04-21 17:08:04.399 19917 20053 D ar_activity: [[2d] after update lines time=2023-04-21 17:08:04.398]
04-21 17:08:04.420 19917 20053 D ar_activity: [[2d] after update lines time=2023-04-21 17:08:04.420]
04-21 17:08:04.440 19917 20053 D ar_activity: [[2d] after update lines time=2023-04-21 17:08:04.439]
04-21 17:08:04.461 19917 20053 D ar_activity: [[2d] after update lines time=2023-04-21 17:08:04.460]
04-21 17:08:04.475 19917 19917 D ar_activity: [[2a end - 2d start] onChildChanged stroke id=-NT_dIeqGauMNyi7FtHh time=2023-04-21 17:08:04.474]
04-21 17:08:04.481 19917 20053 D ar_activity: [[2d] after update lines time=2023-04-21 17:08:04.481]
04-21 17:08:04.503 19917 20053 D ar_activity: [[2d] after update lines time=2023-04-21 17:08:04.503]
04-21 17:08:04.522 19917 20053 D ar_activity: [[2d] after update lines time=2023-04-21 17:08:04.522]
04-21 17:08:04.541 19917 20053 D ar_activity: [[2d] after update lines time=2023-04-21 17:08:04.541]
04-21 17:08:04.564 19917 20053 D ar_activity: [[2d] after update lines time=2023-04-21 17:08:04.564]
04-21 17:08:04.585 19917 20053 D ar_activity: [[2d] after update lines time=2023-04-21 17:08:04.585]
04-21 17:08:04.605 19917 20053 D ar_activity: [[2d] after update lines time=2023-04-21 17:08:04.605]
04-21 17:08:04.622 19917 19917 D ar_activity: [[2a end - 2d start] onChildChanged stroke id=-NT_dIeqGauMNyi7FtHh time=2023-04-21 17:08:04.622]
04-21 17:08:04.628 19917 20053 D ar_activity: [[2d] after update lines time=2023-04-21 17:08:04.628]
04-21 17:08:04.648 19917 20053 D ar_activity: [[2d] after update lines time=2023-04-21 17:08:04.648]
04-21 17:08:04.668 19917 20053 D ar_activity: [[2d] after update lines time=2023-04-21 17:08:04.668]
04-21 17:08:04.687 19917 20053 D ar_activity: [[2d] after update lines time=2023-04-21 17:08:04.687]
04-21 17:08:04.697 19917 19917 D ar_activity: [[2a end - 2d start] onChildChanged stroke id=-NT_dIeqGauMNyi7FtHh time=2023-04-21 17:08:04.697]
04-21 17:08:04.707 19917 20053 D ar_activity: [[2d] after update lines time=2023-04-21 17:08:04.706]
04-21 17:08:04.729 19917 20053 D ar_activity: [[2d] after update lines time=2023-04-21 17:08:04.729]
04-21 17:08:04.748 19917 20053 D ar_activity: [[2d] after update lines time=2023-04-21 17:08:04.748]
04-21 17:08:04.763 19917 19917 D ar_activity: [[2a end - 2d start] onChildChanged stroke id=-NT_dIeqGauMNyi7FtHh time=2023-04-21 17:08:04.763]
04-21 17:08:04.768 19917 20053 D ar_activity: [[2d] after update lines time=2023-04-21 17:08:04.768]
04-21 17:08:04.788 19917 20053 D ar_activity: [[2d] after update lines time=2023-04-21 17:08:04.788]
04-21 17:08:04.811 19917 20053 D ar_activity: [[2d] after update lines time=2023-04-21 17:08:04.811]
04-21 17:08:04.835 19917 20053 D ar_activity: [[2d] after update lines time=2023-04-21 17:08:04.833]
04-21 17:08:04.835 19917 19917 D ar_activity: [[2a end - 2d start] onChildChanged stroke id=-NT_dIeqGauMNyi7FtHh time=2023-04-21 17:08:04.835]
04-21 17:08:04.857 19917 20053 D ar_activity: [[2d] after update lines time=2023-04-21 17:08:04.857]
04-21 17:08:04.886 19917 20053 D ar_activity: [[2d] after update lines time=2023-04-21 17:08:04.886]
04-21 17:08:04.905 19917 19917 D ar_activity: [[2a end - 2d start] onChildChanged stroke id=-NT_dIeqGauMNyi7FtHh time=2023-04-21 17:08:04.904]
04-21 17:08:04.909 19917 20053 D ar_activity: [[2d] after update lines time=2023-04-21 17:08:04.909]
04-21 17:08:04.928 19917 20053 D ar_activity: [[2d] after update lines time=2023-04-21 17:08:04.928]
04-21 17:08:04.948 19917 20053 D ar_activity: [[2d] after update lines time=2023-04-21 17:08:04.947]
04-21 17:08:04.966 19917 20053 D ar_activity: [[2d] after update lines time=2023-04-21 17:08:04.966]
04-21 17:08:04.990 19917 20053 D ar_activity: [[2d] after update lines time=2023-04-21 17:08:04.989]
04-21 17:08:04.990 19917 19917 D ar_activity: [[2a end - 2d start] onChildChanged stroke id=-NT_dIeqGauMNyi7FtHh time=2023-04-21 17:08:04.989]
04-21 17:08:05.009 19917 20053 D ar_activity: [[2d] after update lines time=2023-04-21 17:08:05.009]
04-21 17:08:05.033 19917 20053 D ar_activity: [[2d] after update lines time=2023-04-21 17:08:05.033]
04-21 17:08:05.053 19917 20053 D ar_activity: [[2d] after update lines time=2023-04-21 17:08:05.052]
04-21 17:08:05.053 19917 19917 D ar_activity: [[2a end - 2d start] onChildChanged stroke id=-NT_dIeqGauMNyi7FtHh time=2023-04-21 17:08:05.053]
04-21 17:08:05.072 19917 20053 D ar_activity: [[2d] after update lines time=2023-04-21 17:08:05.072]
04-21 17:08:05.091 19917 20053 D ar_activity: [[2d] after update lines time=2023-04-21 17:08:05.091]
04-21 17:08:05.125 19917 19917 D ar_activity: [[2a end - 2d start] onChildChanged stroke id=-NT_dIeqGauMNyi7FtHh time=2023-04-21 17:08:05.124]
04-21 17:08:05.128 19917 20053 D ar_activity: [[2d] after update lines time=2023-04-21 17:08:05.128]
04-21 17:08:05.148 19917 20053 D ar_activity: [[2d] after update lines time=2023-04-21 17:08:05.148]
04-21 17:08:05.167 19917 20053 D ar_activity: [[2d] after update lines time=2023-04-21 17:08:05.167]
04-21 17:08:05.188 19917 20053 D ar_activity: [[2d] after update lines time=2023-04-21 17:08:05.187]
04-21 17:08:05.199 19917 19917 D ar_activity: [[2a end - 2d start] onChildChanged stroke id=-NT_dIeqGauMNyi7FtHh time=2023-04-21 17:08:05.199]
04-21 17:08:05.207 19917 20053 D ar_activity: [[2d] after update lines time=2023-04-21 17:08:05.207]
04-21 17:08:05.231 19917 20053 D ar_activity: [[2d] after update lines time=2023-04-21 17:08:05.231]
04-21 17:08:05.250 19917 20053 D ar_activity: [[2d] after update lines time=2023-04-21 17:08:05.250]
04-21 17:08:05.267 19917 19917 D ar_activity: [[2a end - 2d start] onChildChanged stroke id=-NT_dIeqGauMNyi7FtHh time=2023-04-21 17:08:05.267]
04-21 17:08:05.272 19917 20053 D ar_activity: [[2d] after update lines time=2023-04-21 17:08:05.272]
04-21 17:08:05.293 19917 20053 D ar_activity: [[2d] after update lines time=2023-04-21 17:08:05.292]
04-21 17:08:05.314 19917 20053 D ar_activity: [[2d] after update lines time=2023-04-21 17:08:05.314]
04-21 17:08:05.333 19917 20053 D ar_activity: [[2d] after update lines time=2023-04-21 17:08:05.333]
04-21 17:08:05.337 19917 19917 D ar_activity: [[2a end - 2d start] onChildChanged stroke id=-NT_dIeqGauMNyi7FtHh time=2023-04-21 17:08:05.337]
04-21 17:08:05.353 19917 20053 D ar_activity: [[2d] after update lines time=2023-04-21 17:08:05.353]
04-21 17:08:05.372 19917 20053 D ar_activity: [[2d] after update lines time=2023-04-21 17:08:05.372]
04-21 17:08:05.391 19917 20053 D ar_activity: [[2d] after update lines time=2023-04-21 17:08:05.391]
04-21 17:08:05.413 19917 19917 D ar_activity: [[2a end - 2d start] onChildChanged stroke id=-NT_dIeqGauMNyi7FtHh time=2023-04-21 17:08:05.412]
04-21 17:08:05.413 19917 20053 D ar_activity: [[2d] after update lines time=2023-04-21 17:08:05.413]
04-21 17:08:05.432 19917 20053 D ar_activity: [[2d] after update lines time=2023-04-21 17:08:05.432]
04-21 17:08:05.454 19917 20053 D ar_activity: [[2d] after update lines time=2023-04-21 17:08:05.453]
04-21 17:08:05.469 19917 19917 D ar_activity: [[2a end - 2d start] onChildChanged stroke id=-NT_dIeqGauMNyi7FtHh time=2023-04-21 17:08:05.469]
04-21 17:08:05.473 19917 20053 D ar_activity: [[2d] after update lines time=2023-04-21 17:08:05.473]
04-21 17:08:05.492 19917 20053 D ar_activity: [[2d] after update lines time=2023-04-21 17:08:05.492]
04-21 17:08:05.514 19917 20053 D ar_activity: [[2d] after update lines time=2023-04-21 17:08:05.513]
04-21 17:08:05.533 19917 20053 D ar_activity: [[2d] after update lines time=2023-04-21 17:08:05.532]
04-21 17:08:05.555 19917 20053 D ar_activity: [[2d] after update lines time=2023-04-21 17:08:05.554]
04-21 17:08:05.568 19917 19917 D ar_activity: [[2a end - 2d start] onChildChanged stroke id=-NT_dIeqGauMNyi7FtHh time=2023-04-21 17:08:05.567]
04-21 17:08:05.581 19917 20053 D ar_activity: [[2d] after update lines time=2023-04-21 17:08:05.581]
04-21 17:08:05.603 19917 20053 D ar_activity: [[2d] after update lines time=2023-04-21 17:08:05.603]
04-21 17:08:05.623 19917 20053 D ar_activity: [[2d] after update lines time=2023-04-21 17:08:05.623]
04-21 17:08:05.643 19917 20053 D ar_activity: [[2d] after update lines time=2023-04-21 17:08:05.642]
04-21 17:08:05.668 19917 20053 D ar_activity: [[2d] after update lines time=2023-04-21 17:08:05.667]
04-21 17:08:05.669 19917 19917 D ar_activity: [[2a end - 2d start] onChildChanged stroke id=-NT_dIeqGauMNyi7FtHh time=2023-04-21 17:08:05.668]
04-21 17:08:05.689 19917 20053 D ar_activity: [[2d] after update lines time=2023-04-21 17:08:05.689]
04-21 17:08:05.708 19917 20053 D ar_activity: [[2d] after update lines time=2023-04-21 17:08:05.708]
04-21 17:08:05.733 19917 19917 D ar_activity: [[2a end - 2d start] onChildChanged stroke id=-NT_dIeqGauMNyi7FtHh time=2023-04-21 17:08:05.732]
04-21 17:08:05.733 19917 20053 D ar_activity: [[2d] after update lines time=2023-04-21 17:08:05.733]
04-21 17:08:05.755 19917 20053 D ar_activity: [[2d] after update lines time=2023-04-21 17:08:05.754]
04-21 17:08:05.775 19917 20053 D ar_activity: [[2d] after update lines time=2023-04-21 17:08:05.774]
04-21 17:08:05.797 19917 20053 D ar_activity: [[2d] after update lines time=2023-04-21 17:08:05.796]
04-21 17:08:05.813 19917 19917 D ar_activity: [[2a end - 2d start] onChildChanged stroke id=-NT_dIeqGauMNyi7FtHh time=2023-04-21 17:08:05.813]
04-21 17:08:05.816 19917 20053 D ar_activity: [[2d] after update lines time=2023-04-21 17:08:05.816]
04-21 17:08:05.836 19917 20053 D ar_activity: [[2d] after update lines time=2023-04-21 17:08:05.835]
04-21 17:08:05.857 19917 20053 D ar_activity: [[2d] after update lines time=2023-04-21 17:08:05.857]
04-21 17:08:05.879 19917 20053 D ar_activity: [[2d] after update lines time=2023-04-21 17:08:05.879]
04-21 17:08:05.890 19917 19917 D ar_activity: [[2a end - 2d start] onChildChanged stroke id=-NT_dIeqGauMNyi7FtHh time=2023-04-21 17:08:05.889]
04-21 17:08:05.902 19917 20053 D ar_activity: [[2d] after update lines time=2023-04-21 17:08:05.901]
04-21 17:08:05.922 19917 20053 D ar_activity: [[2d] after update lines time=2023-04-21 17:08:05.922]
04-21 17:08:05.942 19917 20053 D ar_activity: [[2d] after update lines time=2023-04-21 17:08:05.942]
04-21 17:08:05.964 19917 19917 D ar_activity: [[2a end - 2d start] onChildChanged stroke id=-NT_dIeqGauMNyi7FtHh time=2023-04-21 17:08:05.964]
04-21 17:08:05.968 19917 20053 D ar_activity: [[2d] after update lines time=2023-04-21 17:08:05.968]
04-21 17:08:05.991 19917 20053 D ar_activity: [[2d] after update lines time=2023-04-21 17:08:05.990]
04-21 17:08:06.006 19917 19917 D ar_activity: [[2a end - 2d start] onChildChanged stroke id=-NT_dIeqGauMNyi7FtHh time=2023-04-21 17:08:06.005]
04-21 17:08:06.010 19917 20053 D ar_activity: [[2d] after update lines time=2023-04-21 17:08:06.009]
04-21 17:08:06.034 19917 20053 D ar_activity: [[2d] after update lines time=2023-04-21 17:08:06.034]
04-21 17:08:06.056 19917 20053 D ar_activity: [[2d] after update lines time=2023-04-21 17:08:06.056]
04-21 17:08:06.079 19917 20053 D ar_activity: [[2d] after update lines time=2023-04-21 17:08:06.077]
04-21 17:08:06.086 19917 19917 D ar_activity: [[2a end - 2d start] onChildChanged stroke id=-NT_dIeqGauMNyi7FtHh time=2023-04-21 17:08:06.086]
04-21 17:08:06.101 19917 20053 D ar_activity: [[2d] after update lines time=2023-04-21 17:08:06.101]
04-21 17:08:06.123 19917 20053 D ar_activity: [[2d] after update lines time=2023-04-21 17:08:06.123]
04-21 17:08:06.143 19917 20053 D ar_activity: [[2d] after update lines time=2023-04-21 17:08:06.142]
04-21 17:08:06.167 19917 19917 D ar_activity: [[2a end - 2d start] onChildChanged stroke id=-NT_dIeqGauMNyi7FtHh time=2023-04-21 17:08:06.166]
04-21 17:08:06.171 19917 20053 D ar_activity: [[2d] after update lines time=2023-04-21 17:08:06.171]
04-21 17:08:06.192 19917 20053 D ar_activity: [[2d] after update lines time=2023-04-21 17:08:06.192]
04-21 17:08:06.211 19917 20053 D ar_activity: [[2d] after update lines time=2023-04-21 17:08:06.211]
04-21 17:08:06.233 19917 19917 D ar_activity: [[2a end - 2d start] onChildChanged stroke id=-NT_dIeqGauMNyi7FtHh time=2023-04-21 17:08:06.233]
04-21 17:08:06.235 19917 20053 D ar_activity: [[2d] after update lines time=2023-04-21 17:08:06.235]
04-21 17:08:06.256 19917 20053 D ar_activity: [[2d] after update lines time=2023-04-21 17:08:06.256]
04-21 17:08:06.276 19917 20053 D ar_activity: [[2d] after update lines time=2023-04-21 17:08:06.276]
04-21 17:08:06.297 19917 20053 D ar_activity: [[2d] after update lines time=2023-04-21 17:08:06.295]
04-21 17:08:06.303 19917 19917 D ar_activity: [[2a end - 2d start] onChildChanged stroke id=-NT_dIeqGauMNyi7FtHh time=2023-04-21 17:08:06.303]
04-21 17:08:06.317 19917 20053 D ar_activity: [[2d] after update lines time=2023-04-21 17:08:06.317]
04-21 17:08:06.338 19917 20053 D ar_activity: [[2d] after update lines time=2023-04-21 17:08:06.338]
04-21 17:08:06.359 19917 20053 D ar_activity: [[2d] after update lines time=2023-04-21 17:08:06.358]
04-21 17:08:06.380 19917 20053 D ar_activity: [[2d] after update lines time=2023-04-21 17:08:06.380]
04-21 17:08:06.380 19917 19917 D ar_activity: [[2a end - 2d start] onChildChanged stroke id=-NT_dIeqGauMNyi7FtHh time=2023-04-21 17:08:06.380]
04-21 17:08:06.402 19917 20053 D ar_activity: [[2d] after update lines time=2023-04-21 17:08:06.402]
04-21 17:08:06.423 19917 20053 D ar_activity: [[2d] after update lines time=2023-04-21 17:08:06.423]
04-21 17:08:06.439 19917 19917 D ar_activity: [[2a end - 2d start] onChildChanged stroke id=-NT_dIeqGauMNyi7FtHh time=2023-04-21 17:08:06.439]
04-21 17:08:06.442 19917 20053 D ar_activity: [[2d] after update lines time=2023-04-21 17:08:06.442]
04-21 17:08:06.461 19917 20053 D ar_activity: [[2d] after update lines time=2023-04-21 17:08:06.461]
04-21 17:08:06.483 19917 20053 D ar_activity: [[2d] after update lines time=2023-04-21 17:08:06.483]
04-21 17:08:06.502 19917 20053 D ar_activity: [[2d] after update lines time=2023-04-21 17:08:06.502]
04-21 17:08:06.515 19917 19917 D ar_activity: [[2a end - 2d start] onChildChanged stroke id=-NT_dIeqGauMNyi7FtHh time=2023-04-21 17:08:06.514]
04-21 17:08:06.521 19917 20053 D ar_activity: [[2d] after update lines time=2023-04-21 17:08:06.520]
04-21 17:08:06.540 19917 20053 D ar_activity: [[2d] after update lines time=2023-04-21 17:08:06.540]
04-21 17:08:06.559 19917 20053 D ar_activity: [[2d] after update lines time=2023-04-21 17:08:06.558]
04-21 17:08:06.582 19917 20053 D ar_activity: [[2d] after update lines time=2023-04-21 17:08:06.579]
04-21 17:08:06.602 19917 19917 D ar_activity: [[2a end - 2d start] onChildChanged stroke id=-NT_dIeqGauMNyi7FtHh time=2023-04-21 17:08:06.602]
04-21 17:08:06.604 19917 20053 D ar_activity: [[2d] after update lines time=2023-04-21 17:08:06.603]
04-21 17:08:06.623 19917 20053 D ar_activity: [[2d] after update lines time=2023-04-21 17:08:06.623]
04-21 17:08:06.642 19917 20053 D ar_activity: [[2d] after update lines time=2023-04-21 17:08:06.642]
04-21 17:08:06.665 19917 20053 D ar_activity: [[2d] after update lines time=2023-04-21 17:08:06.664]
04-21 17:08:06.666 19917 19917 D ar_activity: [[2a end - 2d start] onChildChanged stroke id=-NT_dIeqGauMNyi7FtHh time=2023-04-21 17:08:06.665]
04-21 17:08:06.688 19917 20053 D ar_activity: [[2d] after update lines time=2023-04-21 17:08:06.688]
04-21 17:08:06.710 19917 20053 D ar_activity: [[2d] after update lines time=2023-04-21 17:08:06.709]
04-21 17:08:06.733 19917 20053 D ar_activity: [[2d] after update lines time=2023-04-21 17:08:06.733]
04-21 17:08:06.753 19917 20053 D ar_activity: [[2d] after update lines time=2023-04-21 17:08:06.753]
04-21 17:08:06.765 19917 19917 D ar_activity: [[2a end - 2d start] onChildChanged stroke id=-NT_dIeqGauMNyi7FtHh time=2023-04-21 17:08:06.765]
04-21 17:08:06.772 19917 20053 D ar_activity: [[2d] after update lines time=2023-04-21 17:08:06.772]
04-21 17:08:06.793 19917 20053 D ar_activity: [[2d] after update lines time=2023-04-21 17:08:06.791]
04-21 17:08:06.812 19917 20053 D ar_activity: [[2d] after update lines time=2023-04-21 17:08:06.812]
04-21 17:08:06.836 19917 20053 D ar_activity: [[2d] after update lines time=2023-04-21 17:08:06.835]
04-21 17:08:06.852 19917 19917 D ar_activity: [[2a end - 2d start] onChildChanged stroke id=-NT_dIeqGauMNyi7FtHh time=2023-04-21 17:08:06.852]
04-21 17:08:06.857 19917 20053 D ar_activity: [[2d] after update lines time=2023-04-21 17:08:06.855]
04-21 17:08:06.876 19917 20053 D ar_activity: [[2d] after update lines time=2023-04-21 17:08:06.876]
04-21 17:08:06.895 19917 20053 D ar_activity: [[2d] after update lines time=2023-04-21 17:08:06.895]
04-21 17:08:06.918 19917 20053 D ar_activity: [[2d] after update lines time=2023-04-21 17:08:06.918]
04-21 17:08:06.937 19917 20053 D ar_activity: [[2d] after update lines time=2023-04-21 17:08:06.937]
04-21 17:08:06.949 19917 19917 D ar_activity: [[2a end - 2d start] onChildChanged stroke id=-NT_dIeqGauMNyi7FtHh time=2023-04-21 17:08:06.949]
04-21 17:08:06.959 19917 20053 D ar_activity: [[2d] after update lines time=2023-04-21 17:08:06.958]
04-21 17:08:06.987 19917 20053 D ar_activity: [[2d] after update lines time=2023-04-21 17:08:06.987]
04-21 17:08:07.009 19917 20053 D ar_activity: [[2d] after update lines time=2023-04-21 17:08:07.009]
04-21 17:08:07.032 19917 20053 D ar_activity: [[2d] after update lines time=2023-04-21 17:08:07.032]
04-21 17:08:07.046 19917 19917 D ar_activity: [[2a end - 2d start] onChildChanged stroke id=-NT_dIeqGauMNyi7FtHh time=2023-04-21 17:08:07.045]
04-21 17:08:07.051 19917 20053 D ar_activity: [[2d] after update lines time=2023-04-21 17:08:07.051]
04-21 17:08:07.071 19917 20053 D ar_activity: [[2d] after update lines time=2023-04-21 17:08:07.070]
04-21 17:08:07.089 19917 20053 D ar_activity: [[2d] after update lines time=2023-04-21 17:08:07.089]
04-21 17:08:07.105 19917 19917 D ar_activity: [[2a end - 2d start] onChildChanged stroke id=-NT_dIeqGauMNyi7FtHh time=2023-04-21 17:08:07.104]
04-21 17:08:07.110 19917 20053 D ar_activity: [[2d] after update lines time=2023-04-21 17:08:07.110]
04-21 17:08:07.133 19917 20053 D ar_activity: [[2d] after update lines time=2023-04-21 17:08:07.133]
04-21 17:08:07.152 19917 20053 D ar_activity: [[2d] after update lines time=2023-04-21 17:08:07.152]
04-21 17:08:07.171 19917 20053 D ar_activity: [[2d] after update lines time=2023-04-21 17:08:07.171]
04-21 17:08:07.185 19917 19917 D ar_activity: [[2a end - 2d start] onChildChanged stroke id=-NT_dIeqGauMNyi7FtHh time=2023-04-21 17:08:07.185]
04-21 17:08:07.192 19917 20053 D ar_activity: [[2d] after update lines time=2023-04-21 17:08:07.192]
04-21 17:08:07.217 19917 20053 D ar_activity: [[2d] after update lines time=2023-04-21 17:08:07.212]
04-21 17:08:07.238 19917 20053 D ar_activity: [[2d] after update lines time=2023-04-21 17:08:07.237]
04-21 17:08:07.260 19917 20053 D ar_activity: [[2d] after update lines time=2023-04-21 17:08:07.259]
04-21 17:08:07.260 19917 19917 D ar_activity: [[2a end - 2d start] onChildChanged stroke id=-NT_dIeqGauMNyi7FtHh time=2023-04-21 17:08:07.260]
04-21 17:08:07.279 19917 20053 D ar_activity: [[2d] after update lines time=2023-04-21 17:08:07.279]
04-21 17:08:07.301 19917 20053 D ar_activity: [[2d] after update lines time=2023-04-21 17:08:07.301]
04-21 17:08:07.320 19917 20053 D ar_activity: [[2d] after update lines time=2023-04-21 17:08:07.320]
04-21 17:08:07.339 19917 20053 D ar_activity: [[2d] after update lines time=2023-04-21 17:08:07.338]
04-21 17:08:07.360 19917 20053 D ar_activity: [[2d] after update lines time=2023-04-21 17:08:07.359]
04-21 17:08:07.364 19917 19917 D ar_activity: [[2a end - 2d start] onChildChanged stroke id=-NT_dIeqGauMNyi7FtHh time=2023-04-21 17:08:07.363]
04-21 17:08:07.379 19917 20053 D ar_activity: [[2d] after update lines time=2023-04-21 17:08:07.379]
04-21 17:08:07.401 19917 20053 D ar_activity: [[2d] after update lines time=2023-04-21 17:08:07.401]
04-21 17:08:07.420 19917 20053 D ar_activity: [[2d] after update lines time=2023-04-21 17:08:07.420]
04-21 17:08:07.430 19917 19917 D ar_activity: [[2a end - 2d start] onChildChanged stroke id=-NT_dIeqGauMNyi7FtHh time=2023-04-21 17:08:07.429]
04-21 17:08:07.438 19917 20053 D ar_activity: [[2d] after update lines time=2023-04-21 17:08:07.438]
04-21 17:08:07.459 19917 20053 D ar_activity: [[2d] after update lines time=2023-04-21 17:08:07.459]
04-21 17:08:07.482 19917 20053 D ar_activity: [[2d] after update lines time=2023-04-21 17:08:07.481]
04-21 17:08:07.504 19917 20053 D ar_activity: [[2d] after update lines time=2023-04-21 17:08:07.504]
04-21 17:08:07.513 19917 19917 D ar_activity: [[2a end - 2d start] onChildChanged stroke id=-NT_dIeqGauMNyi7FtHh time=2023-04-21 17:08:07.512]
04-21 17:08:07.524 19917 20053 D ar_activity: [[2d] after update lines time=2023-04-21 17:08:07.524]
04-21 17:08:07.544 19917 20053 D ar_activity: [[2d] after update lines time=2023-04-21 17:08:07.544]
04-21 17:08:07.571 19917 20053 D ar_activity: [[2d] after update lines time=2023-04-21 17:08:07.571]
04-21 17:08:07.590 19917 20053 D ar_activity: [[2d] after update lines time=2023-04-21 17:08:07.590]
04-21 17:08:07.616 19917 19917 D ar_activity: [[2a end - 2d start] onChildChanged stroke id=-NT_dIeqGauMNyi7FtHh time=2023-04-21 17:08:07.616]
04-21 17:08:07.618 19917 20053 D ar_activity: [[2d] after update lines time=2023-04-21 17:08:07.618]
04-21 17:08:07.639 19917 20053 D ar_activity: [[2d] after update lines time=2023-04-21 17:08:07.639]
04-21 17:08:07.659 19917 20053 D ar_activity: [[2d] after update lines time=2023-04-21 17:08:07.658]
04-21 17:08:07.682 19917 20053 D ar_activity: [[2d] after update lines time=2023-04-21 17:08:07.680]
04-21 17:08:07.697 19917 19917 D ar_activity: [[2a end - 2d start] onChildChanged stroke id=-NT_dIeqGauMNyi7FtHh time=2023-04-21 17:08:07.697]
04-21 17:08:07.707 19917 20053 D ar_activity: [[2d] after update lines time=2023-04-21 17:08:07.706]
04-21 17:08:07.727 19917 20053 D ar_activity: [[2d] after update lines time=2023-04-21 17:08:07.727]
04-21 17:08:07.746 19917 20053 D ar_activity: [[2d] after update lines time=2023-04-21 17:08:07.746]
04-21 17:08:07.764 19917 19917 D ar_activity: [[2a end - 2d start] onChildChanged stroke id=-NT_dIeqGauMNyi7FtHh time=2023-04-21 17:08:07.764]
04-21 17:08:07.771 19917 20053 D ar_activity: [[2d] after update lines time=2023-04-21 17:08:07.770]
04-21 17:08:07.791 19917 20053 D ar_activity: [[2d] after update lines time=2023-04-21 17:08:07.791]
04-21 17:08:07.812 19917 20053 D ar_activity: [[2d] after update lines time=2023-04-21 17:08:07.811]
04-21 17:08:07.829 19917 19917 D ar_activity: [[2a end - 2d start] onChildChanged stroke id=-NT_dIeqGauMNyi7FtHh time=2023-04-21 17:08:07.829]
04-21 17:08:07.838 19917 20053 D ar_activity: [[2d] after update lines time=2023-04-21 17:08:07.838]
04-21 17:08:07.857 19917 20053 D ar_activity: [[2d] after update lines time=2023-04-21 17:08:07.857]
04-21 17:08:07.879 19917 20053 D ar_activity: [[2d] after update lines time=2023-04-21 17:08:07.878]
04-21 17:08:07.896 19917 19917 D ar_activity: [[2a end - 2d start] onChildChanged stroke id=-NT_dIeqGauMNyi7FtHh time=2023-04-21 17:08:07.896]
04-21 17:08:07.905 19917 20053 D ar_activity: [[2d] after update lines time=2023-04-21 17:08:07.904]
04-21 17:08:07.932 19917 20053 D ar_activity: [[2d] after update lines time=2023-04-21 17:08:07.930]
04-21 17:08:07.956 19917 20053 D ar_activity: [[2d] after update lines time=2023-04-21 17:08:07.956]
04-21 17:08:07.969 19917 19917 D ar_activity: [[2a end - 2d start] onChildChanged stroke id=-NT_dIeqGauMNyi7FtHh time=2023-04-21 17:08:07.968]
04-21 17:08:07.976 19917 20053 D ar_activity: [[2d] after update lines time=2023-04-21 17:08:07.976]
04-21 17:08:08.003 19917 20053 D ar_activity: [[2d] after update lines time=2023-04-21 17:08:08.001]
04-21 17:08:08.020 19917 19917 D ar_activity: [[2a end - 2d start] onChildChanged stroke id=-NT_dIeqGauMNyi7FtHh time=2023-04-21 17:08:08.020]
04-21 17:08:08.023 19917 20053 D ar_activity: [[2d] after update lines time=2023-04-21 17:08:08.023]
04-21 17:08:08.042 19917 20053 D ar_activity: [[2d] after update lines time=2023-04-21 17:08:08.042]
04-21 17:08:08.063 19917 20053 D ar_activity: [[2d] after update lines time=2023-04-21 17:08:08.062]
04-21 17:08:08.090 19917 20053 D ar_activity: [[2d] after update lines time=2023-04-21 17:08:08.089]
04-21 17:08:08.097 19917 19917 D ar_activity: [[2a end - 2d start] onChildChanged stroke id=-NT_dIeqGauMNyi7FtHh time=2023-04-21 17:08:08.097]
