--------- beginning of main
04-22 01:53:38.626  3965  4153 D ar_activity: [[2d] after update lines time=2023-04-22 01:53:38.587]
04-22 01:53:41.236  3965  3965 D ar_activity: [--- pair start --- time=2023-04-22 01:53:41.235]
04-22 01:53:41.236  3965  3965 D ar_activity: [--- pair session start --- time=2023-04-22 01:53:41.236]
04-22 01:53:41.277  3965  3965 D ar_activity: [create room: Message{namespace='', type='', content=[34 bytes]} time=2023-04-22 01:53:41.277]
04-22 01:53:41.287  3965  3965 D ar_activity: LOOKING: 2023-04-22 01:53:41.287
04-22 01:53:45.017  3965  3965 D ar_activity: [--- pair joined --- time=2023-04-22 01:53:45.017]
04-22 01:53:45.019  3965  3965 D ar_activity: PARTNER FOUND: 2023-04-22 01:53:45.019
04-22 01:53:47.024  3965  3965 D ar_activity: SET ANCHOR: 2023-04-22 01:53:47.024
04-22 01:53:48.163  3965  3965 D ar_activity: [anchor resolution changed: null time=2023-04-22 01:53:48.163]
04-22 01:53:48.342  3965  3965 D ar_activity: [--- sync ready to set anchor --- time=2023-04-22 01:53:48.341]
04-22 01:53:48.342  3965  3965 D ar_activity: [--- sync: sendSetAnchorEvent --- time=2023-04-22 01:53:48.342]
04-22 01:53:48.342  3965  3965 D ar_activity: --- start creating anchor: 2023-04-22 01:53:48.342 ---
04-22 01:53:48.343  3965  3965 D ar_activity: --- anchor: com.google.ar.core.Anchor@b49f6ac9 ---
04-22 01:53:48.343  3965  3965 D ar_activity: --- finish creating anchor: 2023-04-22 01:53:48.343 ---
04-22 01:53:48.343  3965  3965 D ar_activity: [hostAnchor start time=2023-04-22 01:53:48.343]
04-22 01:53:48.343  3965  3965 D ar_activity: [hostAnchor end time=2023-04-22 01:53:48.343]
04-22 01:53:48.343  3965  3965 D ar_activity: Start CONNECTING: 2023-04-22 01:53:48.343
04-22 01:53:48.349  3965  4153 D ar_activity: [--- anchor: onUpdate--- time=2023-04-22 01:53:48.348]
04-22 01:53:50.434  3965  4153 D ar_activity: [--- anchor: onUpdate--- time=2023-04-22 01:53:50.433]
04-22 01:53:51.586  3965  4153 D ar_activity: [--- anchor: onUpdate--- time=2023-04-22 01:53:51.586]
04-22 01:53:51.587  3965  4153 D ar_activity: [--- onAnchorHosted [NOT HOSTED]--- time=2023-04-22 01:53:51.587]
04-22 01:53:51.595  3965  3965 D ar_activity: [anchor resolution changed: true time=2023-04-22 01:53:51.594]
04-22 01:53:51.615  3965  3965 D ar_activity: [onAnchorResolutionError: null time=2023-04-22 01:53:51.615]
04-22 01:53:53.088  3965  3965 D ar_activity: SET ANCHOR: 2023-04-22 01:53:53.087
04-22 01:53:54.203  3965  3965 D ar_activity: [anchor resolution changed: null time=2023-04-22 01:53:54.202]
04-22 01:53:54.249  3965  3965 D ar_activity: [--- sync ready to set anchor --- time=2023-04-22 01:53:54.249]
04-22 01:53:54.249  3965  3965 D ar_activity: [--- sync: sendSetAnchorEvent --- time=2023-04-22 01:53:54.249]
04-22 01:53:54.250  3965  3965 D ar_activity: --- start creating anchor: 2023-04-22 01:53:54.249 ---
04-22 01:53:54.250  3965  3965 D ar_activity: --- anchor: com.google.ar.core.Anchor@b49d5ee9 ---
04-22 01:53:54.250  3965  3965 D ar_activity: --- finish creating anchor: 2023-04-22 01:53:54.250 ---
04-22 01:53:54.250  3965  3965 D ar_activity: [hostAnchor start time=2023-04-22 01:53:54.250]
04-22 01:53:54.253  3965  3965 D ar_activity: [hostAnchor end time=2023-04-22 01:53:54.253]
04-22 01:53:54.253  3965  3965 D ar_activity: Start CONNECTING: 2023-04-22 01:53:54.253
04-22 01:53:54.275  3965  4153 D ar_activity: [--- anchor: onUpdate--- time=2023-04-22 01:53:54.274]
04-22 01:53:57.775  3965  4153 D ar_activity: [--- anchor: onUpdate--- time=2023-04-22 01:53:57.775]
04-22 01:53:57.776  3965  4153 D ar_activity: [--- onAnchorHosted [NOT HOSTED]--- time=2023-04-22 01:53:57.775]
04-22 01:53:57.792  3965  3965 D ar_activity: [anchor resolution changed: true time=2023-04-22 01:53:57.791]
04-22 01:53:57.794  3965  3965 D ar_activity: [onAnchorResolutionError: null time=2023-04-22 01:53:57.794]
04-22 01:53:59.174  3965  3965 D ar_activity: SET ANCHOR: 2023-04-22 01:53:59.173
04-22 01:54:00.275  3965  3965 D ar_activity: [--- sync ready to set anchor --- time=2023-04-22 01:54:00.275]
04-22 01:54:00.276  3965  3965 D ar_activity: [anchor resolution changed: null time=2023-04-22 01:54:00.275]
04-22 01:54:00.393  3965  3965 D ar_activity: [--- sync: sendSetAnchorEvent --- time=2023-04-22 01:54:00.393]
04-22 01:54:00.393  3965  3965 D ar_activity: --- start creating anchor: 2023-04-22 01:54:00.393 ---
04-22 01:54:00.394  3965  3965 D ar_activity: --- anchor: com.google.ar.core.Anchor@b49ea229 ---
04-22 01:54:00.394  3965  3965 D ar_activity: --- finish creating anchor: 2023-04-22 01:54:00.394 ---
04-22 01:54:00.394  3965  3965 D ar_activity: [hostAnchor start time=2023-04-22 01:54:00.394]
04-22 01:54:00.394  3965  3965 D ar_activity: [hostAnchor end time=2023-04-22 01:54:00.394]
04-22 01:54:00.395  3965  3965 D ar_activity: Start CONNECTING: 2023-04-22 01:54:00.395
04-22 01:54:00.405  3965  4153 D ar_activity: [--- anchor: onUpdate--- time=2023-04-22 01:54:00.405]
04-22 01:54:00.420  3965  3965 D ar_activity: [anchor resolution changed: null time=2023-04-22 01:54:00.419]
04-22 01:54:02.861  3965  4153 D ar_activity: [--- anchor: onUpdate--- time=2023-04-22 01:54:02.861]
04-22 01:54:02.862  3965  4153 D ar_activity: [--- onAnchorHosted [NOT HOSTED]--- time=2023-04-22 01:54:02.861]
04-22 01:54:02.873  3965  3965 D ar_activity: [anchor resolution changed: true time=2023-04-22 01:54:02.873]
04-22 01:54:02.875  3965  3965 D ar_activity: [onAnchorResolutionError: null time=2023-04-22 01:54:02.875]
04-22 01:54:04.306  3965  3965 D ar_activity: SET ANCHOR: 2023-04-22 01:54:04.306
04-22 01:54:07.216  3965  3965 D ar_activity: [anchor resolution changed: null time=2023-04-22 01:54:07.215]
04-22 01:54:07.310  3965  3965 D ar_activity: [--- sync ready to set anchor --- time=2023-04-22 01:54:07.309]
04-22 01:54:07.310  3965  3965 D ar_activity: [--- sync: sendSetAnchorEvent --- time=2023-04-22 01:54:07.310]
04-22 01:54:07.310  3965  3965 D ar_activity: --- start creating anchor: 2023-04-22 01:54:07.310 ---
04-22 01:54:07.310  3965  3965 D ar_activity: --- anchor: com.google.ar.core.Anchor@b49f7a09 ---
04-22 01:54:07.310  3965  3965 D ar_activity: --- finish creating anchor: 2023-04-22 01:54:07.310 ---
04-22 01:54:07.310  3965  3965 D ar_activity: [hostAnchor start time=2023-04-22 01:54:07.310]
04-22 01:54:07.310  3965  3965 D ar_activity: [hostAnchor end time=2023-04-22 01:54:07.310]
04-22 01:54:07.311  3965  3965 D ar_activity: Start CONNECTING: 2023-04-22 01:54:07.310
04-22 01:54:07.317  3965  4153 D ar_activity: [--- anchor: onUpdate--- time=2023-04-22 01:54:07.315]
04-22 01:54:12.576  3965  4153 D ar_activity: [--- anchor: onUpdate--- time=2023-04-22 01:54:12.575]
04-22 01:54:12.576  3965  4153 D ar_activity: [--- onAnchorHosted [HOSTED]--- time=2023-04-22 01:54:12.576]
04-22 01:54:12.590  3965  3965 D ar_activity: [anchor resolution changed: false time=2023-04-22 01:54:12.590]
04-22 01:54:16.658  3965  3965 D ar_activity: [--- sync: finish syncing anchor --- time=2023-04-22 01:54:16.658]
04-22 01:54:16.672  3965  3965 D ar_activity: SYNCED: 2023-04-22 01:54:16.672
04-22 01:54:19.733  3965  3965 D ar_activity: [[1a start] touch screen time=2023-04-22 01:54:19.732]
04-22 01:54:19.743  3965  4153 D ar_activity: addStroke at 2023-04-22 01:54:19.743
04-22 01:54:19.744  3965  4153 D ar_activity: stroke (id: -NTbWl5BcFkKAu9j2Nvf) was added at 2023-04-22 01:54:19.744
04-22 01:54:19.745  3965  4153 D ar_activity: [[1b start] setFirebaseValue stroke id=-NTbWl5BcFkKAu9j2Nvf time=2023-04-22 01:54:19.745]
04-22 01:54:19.747  3965  4153 D ar_activity: [TRACKING TransformPointToPose time=2023-04-22 01:54:19.747]
04-22 01:54:19.749  3965  4153 D ar_activity: [TRACKING TransformPointToPose time=2023-04-22 01:54:19.749]
04-22 01:54:19.749  3965  4153 D ar_activity: send stroke to firebase, id=-NTbWl5BcFkKAu9j2Nvf
04-22 01:54:19.750  3965  4153 D ar_activity: [[2d] after update lines time=2023-04-22 01:54:19.749]
04-22 01:54:19.753  3965  3965 D ar_activity: [[2a end - 2d start] onChildAdded stroke id=-NTbWl5BcFkKAu9j2Nvf time=2023-04-22 01:54:19.753]
04-22 01:54:19.775  3965  4153 D ar_activity: [TRACKING TransformPointToPose time=2023-04-22 01:54:19.774]
04-22 01:54:19.775  3965  4153 D ar_activity: [TRACKING TransformPointToPose time=2023-04-22 01:54:19.775]
04-22 01:54:19.775  3965  4153 D ar_activity: send stroke to firebase, id=-NTbWl5BcFkKAu9j2Nvf
04-22 01:54:19.776  3965  4153 D ar_activity: [[2d] after update lines time=2023-04-22 01:54:19.776]
04-22 01:54:19.796  3965  4153 D ar_activity: [TRACKING TransformPointToPose time=2023-04-22 01:54:19.796]
04-22 01:54:19.797  3965  4153 D ar_activity: [TRACKING TransformPointToPose time=2023-04-22 01:54:19.796]
04-22 01:54:19.797  3965  4153 D ar_activity: send stroke to firebase, id=-NTbWl5BcFkKAu9j2Nvf
04-22 01:54:19.798  3965  4153 D ar_activity: [[2d] after update lines time=2023-04-22 01:54:19.798]
04-22 01:54:19.819  3965  4153 D ar_activity: [TRACKING TransformPointToPose time=2023-04-22 01:54:19.819]
04-22 01:54:19.820  3965  4153 D ar_activity: [TRACKING TransformPointToPose time=2023-04-22 01:54:19.820]
04-22 01:54:19.821  3965  4153 D ar_activity: send stroke to firebase, id=-NTbWl5BcFkKAu9j2Nvf
04-22 01:54:19.823  3965  4153 D ar_activity: [[2d] after update lines time=2023-04-22 01:54:19.822]
04-22 01:54:19.823  3965  3965 D ar_activity: [[1b start] setFirebaseValue stroke id=-NTbWl5BcFkKAu9j2Nvf time=2023-04-22 01:54:19.823]
04-22 01:54:19.834  3965  3965 D ar_activity: [[2a end - 2d start] onChildChanged stroke id=-NTbWl5BcFkKAu9j2Nvf time=2023-04-22 01:54:19.834]
04-22 01:54:19.844  3965  4153 D ar_activity: [TRACKING TransformPointToPose time=2023-04-22 01:54:19.843]
04-22 01:54:19.844  3965  4153 D ar_activity: [TRACKING TransformPointToPose time=2023-04-22 01:54:19.844]
04-22 01:54:19.844  3965  4153 D ar_activity: send stroke to firebase, id=-NTbWl5BcFkKAu9j2Nvf
04-22 01:54:19.845  3965  4153 D ar_activity: [[2d] after update lines time=2023-04-22 01:54:19.844]
04-22 01:54:19.866  3965  4153 D ar_activity: [TRACKING TransformPointToPose time=2023-04-22 01:54:19.866]
04-22 01:54:19.867  3965  4153 D ar_activity: [TRACKING TransformPointToPose time=2023-04-22 01:54:19.867]
04-22 01:54:19.867  3965  4153 D ar_activity: send stroke to firebase, id=-NTbWl5BcFkKAu9j2Nvf
04-22 01:54:19.875  3965  4153 D ar_activity: [[2d] after update lines time=2023-04-22 01:54:19.875]
04-22 01:54:19.904  3965  4153 D ar_activity: [TRACKING TransformPointToPose time=2023-04-22 01:54:19.903]
04-22 01:54:19.906  3965  4153 D ar_activity: [TRACKING TransformPointToPose time=2023-04-22 01:54:19.904]
04-22 01:54:19.907  3965  4153 D ar_activity: [TRACKING TransformPointToPose time=2023-04-22 01:54:19.907]
04-22 01:54:19.909  3965  3965 D ar_activity: [[2a end - 2d start] onChildChanged stroke id=-NTbWl5BcFkKAu9j2Nvf time=2023-04-22 01:54:19.909]
04-22 01:54:19.911  3965  4153 D ar_activity: send stroke to firebase, id=-NTbWl5BcFkKAu9j2Nvf
04-22 01:54:19.915  3965  4153 D ar_activity: [[2d] after update lines time=2023-04-22 01:54:19.914]
04-22 01:54:19.945  3965  4153 D ar_activity: [TRACKING TransformPointToPose time=2023-04-22 01:54:19.945]
04-22 01:54:19.946  3965  4153 D ar_activity: [TRACKING TransformPointToPose time=2023-04-22 01:54:19.946]
04-22 01:54:19.946  3965  4153 D ar_activity: [TRACKING TransformPointToPose time=2023-04-22 01:54:19.946]
04-22 01:54:19.946  3965  4153 D ar_activity: send stroke to firebase, id=-NTbWl5BcFkKAu9j2Nvf
04-22 01:54:19.947  3965  4153 D ar_activity: [[2d] after update lines time=2023-04-22 01:54:19.946]
04-22 01:54:19.967  3965  4153 D ar_activity: [TRACKING TransformPointToPose time=2023-04-22 01:54:19.966]
04-22 01:54:19.967  3965  4153 D ar_activity: [TRACKING TransformPointToPose time=2023-04-22 01:54:19.967]
04-22 01:54:19.967  3965  4153 D ar_activity: send stroke to firebase, id=-NTbWl5BcFkKAu9j2Nvf
04-22 01:54:19.967  3965  4153 D ar_activity: [[2d] after update lines time=2023-04-22 01:54:19.967]
04-22 01:54:19.994  3965  4153 D ar_activity: [TRACKING TransformPointToPose time=2023-04-22 01:54:19.993]
04-22 01:54:19.994  3965  4153 D ar_activity: [TRACKING TransformPointToPose time=2023-04-22 01:54:19.994]
04-22 01:54:19.994  3965  4153 D ar_activity: send stroke to firebase, id=-NTbWl5BcFkKAu9j2Nvf
04-22 01:54:19.995  3965  4153 D ar_activity: [[2d] after update lines time=2023-04-22 01:54:19.994]
04-22 01:54:20.011  3965  3965 D ar_activity: [[2a end - 2d start] onChildChanged stroke id=-NTbWl5BcFkKAu9j2Nvf time=2023-04-22 01:54:20.011]
04-22 01:54:20.017  3965  4153 D ar_activity: [TRACKING TransformPointToPose time=2023-04-22 01:54:20.017]
04-22 01:54:20.021  3965  4153 D ar_activity: [TRACKING TransformPointToPose time=2023-04-22 01:54:20.020]
04-22 01:54:20.021  3965  4153 D ar_activity: [TRACKING TransformPointToPose time=2023-04-22 01:54:20.021]
04-22 01:54:20.021  3965  4153 D ar_activity: send stroke to firebase, id=-NTbWl5BcFkKAu9j2Nvf
04-22 01:54:20.022  3965  4153 D ar_activity: [[2d] after update lines time=2023-04-22 01:54:20.022]
04-22 01:54:20.041  3965  4153 D ar_activity: [TRACKING TransformPointToPose time=2023-04-22 01:54:20.040]
04-22 01:54:20.041  3965  4153 D ar_activity: [TRACKING TransformPointToPose time=2023-04-22 01:54:20.041]
04-22 01:54:20.041  3965  4153 D ar_activity: send stroke to firebase, id=-NTbWl5BcFkKAu9j2Nvf
04-22 01:54:20.041  3965  4153 D ar_activity: [[2d] after update lines time=2023-04-22 01:54:20.041]
04-22 01:54:20.060  3965  4153 D ar_activity: [TRACKING TransformPointToPose time=2023-04-22 01:54:20.060]
04-22 01:54:20.060  3965  4153 D ar_activity: send stroke to firebase, id=-NTbWl5BcFkKAu9j2Nvf
04-22 01:54:20.061  3965  4153 D ar_activity: [[2d] after update lines time=2023-04-22 01:54:20.061]
04-22 01:54:20.077  3965  3965 D ar_activity: [[2a end - 2d start] onChildChanged stroke id=-NTbWl5BcFkKAu9j2Nvf time=2023-04-22 01:54:20.076]
04-22 01:54:20.082  3965  4153 D ar_activity: [TRACKING TransformPointToPose time=2023-04-22 01:54:20.082]
04-22 01:54:20.082  3965  4153 D ar_activity: [TRACKING TransformPointToPose time=2023-04-22 01:54:20.082]
04-22 01:54:20.082  3965  4153 D ar_activity: send stroke to firebase, id=-NTbWl5BcFkKAu9j2Nvf
04-22 01:54:20.083  3965  4153 D ar_activity: [[2d] after update lines time=2023-04-22 01:54:20.083]
04-22 01:54:20.108  3965  4153 D ar_activity: [TRACKING TransformPointToPose time=2023-04-22 01:54:20.107]
04-22 01:54:20.108  3965  4153 D ar_activity: [TRACKING TransformPointToPose time=2023-04-22 01:54:20.108]
04-22 01:54:20.109  3965  4153 D ar_activity: [TRACKING TransformPointToPose time=2023-04-22 01:54:20.109]
04-22 01:54:20.109  3965  4153 D ar_activity: send stroke to firebase, id=-NTbWl5BcFkKAu9j2Nvf
04-22 01:54:20.111  3965  4153 D ar_activity: [[2d] after update lines time=2023-04-22 01:54:20.110]
04-22 01:54:20.133  3965  4153 D ar_activity: [TRACKING TransformPointToPose time=2023-04-22 01:54:20.133]
04-22 01:54:20.134  3965  4153 D ar_activity: [TRACKING TransformPointToPose time=2023-04-22 01:54:20.134]
04-22 01:54:20.134  3965  4153 D ar_activity: send stroke to firebase, id=-NTbWl5BcFkKAu9j2Nvf
04-22 01:54:20.137  3965  4153 D ar_activity: [[2d] after update lines time=2023-04-22 01:54:20.137]
04-22 01:54:20.154  3965  3965 D ar_activity: [[2a end - 2d start] onChildChanged stroke id=-NTbWl5BcFkKAu9j2Nvf time=2023-04-22 01:54:20.154]
04-22 01:54:20.163  3965  4153 D ar_activity: [TRACKING TransformPointToPose time=2023-04-22 01:54:20.163]
04-22 01:54:20.163  3965  4153 D ar_activity: [TRACKING TransformPointToPose time=2023-04-22 01:54:20.163]
04-22 01:54:20.163  3965  4153 D ar_activity: [TRACKING TransformPointToPose time=2023-04-22 01:54:20.163]
04-22 01:54:20.163  3965  4153 D ar_activity: send stroke to firebase, id=-NTbWl5BcFkKAu9j2Nvf
04-22 01:54:20.164  3965  4153 D ar_activity: [[2d] after update lines time=2023-04-22 01:54:20.164]
04-22 01:54:20.184  3965  4153 D ar_activity: [TRACKING TransformPointToPose time=2023-04-22 01:54:20.183]
04-22 01:54:20.185  3965  4153 D ar_activity: [TRACKING TransformPointToPose time=2023-04-22 01:54:20.185]
04-22 01:54:20.185  3965  4153 D ar_activity: send stroke to firebase, id=-NTbWl5BcFkKAu9j2Nvf
04-22 01:54:20.186  3965  4153 D ar_activity: [[2d] after update lines time=2023-04-22 01:54:20.186]
04-22 01:54:20.206  3965  4153 D ar_activity: [TRACKING TransformPointToPose time=2023-04-22 01:54:20.206]
04-22 01:54:20.207  3965  4153 D ar_activity: [TRACKING TransformPointToPose time=2023-04-22 01:54:20.207]
04-22 01:54:20.207  3965  4153 D ar_activity: send stroke to firebase, id=-NTbWl5BcFkKAu9j2Nvf
04-22 01:54:20.207  3965  4153 D ar_activity: [[2d] after update lines time=2023-04-22 01:54:20.207]
04-22 01:54:20.224  3965  3965 D ar_activity: [[2a end - 2d start] onChildChanged stroke id=-NTbWl5BcFkKAu9j2Nvf time=2023-04-22 01:54:20.224]
04-22 01:54:20.228  3965  4153 D ar_activity: [TRACKING TransformPointToPose time=2023-04-22 01:54:20.228]
04-22 01:54:20.229  3965  4153 D ar_activity: send stroke to firebase, id=-NTbWl5BcFkKAu9j2Nvf
04-22 01:54:20.231  3965  4153 D ar_activity: [[2d] after update lines time=2023-04-22 01:54:20.230]
04-22 01:54:20.251  3965  4153 D ar_activity: [TRACKING TransformPointToPose time=2023-04-22 01:54:20.251]
04-22 01:54:20.251  3965  4153 D ar_activity: [TRACKING TransformPointToPose time=2023-04-22 01:54:20.251]
04-22 01:54:20.251  3965  4153 D ar_activity: send stroke to firebase, id=-NTbWl5BcFkKAu9j2Nvf
04-22 01:54:20.252  3965  4153 D ar_activity: [[2d] after update lines time=2023-04-22 01:54:20.252]
04-22 01:54:20.274  3965  4153 D ar_activity: [TRACKING TransformPointToPose time=2023-04-22 01:54:20.274]
04-22 01:54:20.276  3965  4153 D ar_activity: [TRACKING TransformPointToPose time=2023-04-22 01:54:20.275]
04-22 01:54:20.276  3965  4153 D ar_activity: send stroke to firebase, id=-NTbWl5BcFkKAu9j2Nvf
04-22 01:54:20.278  3965  4153 D ar_activity: [[2d] after update lines time=2023-04-22 01:54:20.278]
04-22 01:54:20.298  3965  4153 D ar_activity: [TRACKING TransformPointToPose time=2023-04-22 01:54:20.298]
04-22 01:54:20.299  3965  4153 D ar_activity: [TRACKING TransformPointToPose time=2023-04-22 01:54:20.298]
04-22 01:54:20.299  3965  4153 D ar_activity: send stroke to firebase, id=-NTbWl5BcFkKAu9j2Nvf
04-22 01:54:20.299  3965  4153 D ar_activity: [[2d] after update lines time=2023-04-22 01:54:20.299]
04-22 01:54:20.300  3965  3965 D ar_activity: [[2a end - 2d start] onChildChanged stroke id=-NTbWl5BcFkKAu9j2Nvf time=2023-04-22 01:54:20.300]
04-22 01:54:20.318  3965  4153 D ar_activity: [TRACKING TransformPointToPose time=2023-04-22 01:54:20.318]
04-22 01:54:20.318  3965  4153 D ar_activity: [TRACKING TransformPointToPose time=2023-04-22 01:54:20.318]
04-22 01:54:20.318  3965  4153 D ar_activity: [TRACKING TransformPointToPose time=2023-04-22 01:54:20.318]
04-22 01:54:20.318  3965  4153 D ar_activity: send stroke to firebase, id=-NTbWl5BcFkKAu9j2Nvf
04-22 01:54:20.324  3965  4153 D ar_activity: [[2d] after update lines time=2023-04-22 01:54:20.323]
04-22 01:54:20.342  3965  4153 D ar_activity: [TRACKING TransformPointToPose time=2023-04-22 01:54:20.342]
04-22 01:54:20.343  3965  4153 D ar_activity: [TRACKING TransformPointToPose time=2023-04-22 01:54:20.343]
04-22 01:54:20.343  3965  4153 D ar_activity: send stroke to firebase, id=-NTbWl5BcFkKAu9j2Nvf
04-22 01:54:20.344  3965  4153 D ar_activity: [[2d] after update lines time=2023-04-22 01:54:20.343]
04-22 01:54:20.364  3965  4153 D ar_activity: [TRACKING TransformPointToPose time=2023-04-22 01:54:20.364]
04-22 01:54:20.365  3965  4153 D ar_activity: [TRACKING TransformPointToPose time=2023-04-22 01:54:20.365]
04-22 01:54:20.366  3965  4153 D ar_activity: send stroke to firebase, id=-NTbWl5BcFkKAu9j2Nvf
04-22 01:54:20.368  3965  4153 D ar_activity: [[2d] after update lines time=2023-04-22 01:54:20.367]
04-22 01:54:20.368  3965  3965 D ar_activity: [[2a end - 2d start] onChildChanged stroke id=-NTbWl5BcFkKAu9j2Nvf time=2023-04-22 01:54:20.367]
04-22 01:54:20.393  3965  4153 D ar_activity: [TRACKING TransformPointToPose time=2023-04-22 01:54:20.393]
04-22 01:54:20.393  3965  4153 D ar_activity: [TRACKING TransformPointToPose time=2023-04-22 01:54:20.393]
04-22 01:54:20.394  3965  4153 D ar_activity: send stroke to firebase, id=-NTbWl5BcFkKAu9j2Nvf
04-22 01:54:20.394  3965  4153 D ar_activity: [[2d] after update lines time=2023-04-22 01:54:20.394]
04-22 01:54:20.414  3965  4153 D ar_activity: [TRACKING TransformPointToPose time=2023-04-22 01:54:20.414]
04-22 01:54:20.415  3965  4153 D ar_activity: [TRACKING TransformPointToPose time=2023-04-22 01:54:20.414]
04-22 01:54:20.415  3965  4153 D ar_activity: send stroke to firebase, id=-NTbWl5BcFkKAu9j2Nvf
04-22 01:54:20.415  3965  4153 D ar_activity: [[2d] after update lines time=2023-04-22 01:54:20.415]
04-22 01:54:20.434  3965  4153 D ar_activity: [TRACKING TransformPointToPose time=2023-04-22 01:54:20.434]
04-22 01:54:20.434  3965  4153 D ar_activity: [TRACKING TransformPointToPose time=2023-04-22 01:54:20.434]
04-22 01:54:20.434  3965  4153 D ar_activity: send stroke to firebase, id=-NTbWl5BcFkKAu9j2Nvf
04-22 01:54:20.435  3965  4153 D ar_activity: [[2d] after update lines time=2023-04-22 01:54:20.435]
04-22 01:54:20.453  3965  3965 D ar_activity: [[2a end - 2d start] onChildChanged stroke id=-NTbWl5BcFkKAu9j2Nvf time=2023-04-22 01:54:20.453]
04-22 01:54:20.457  3965  4153 D ar_activity: [TRACKING TransformPointToPose time=2023-04-22 01:54:20.457]
04-22 01:54:20.457  3965  4153 D ar_activity: [TRACKING TransformPointToPose time=2023-04-22 01:54:20.457]
04-22 01:54:20.457  3965  4153 D ar_activity: send stroke to firebase, id=-NTbWl5BcFkKAu9j2Nvf
04-22 01:54:20.458  3965  4153 D ar_activity: [[2d] after update lines time=2023-04-22 01:54:20.458]
04-22 01:54:20.477  3965  4153 D ar_activity: [TRACKING TransformPointToPose time=2023-04-22 01:54:20.477]
04-22 01:54:20.477  3965  4153 D ar_activity: [TRACKING TransformPointToPose time=2023-04-22 01:54:20.477]
04-22 01:54:20.477  3965  4153 D ar_activity: send stroke to firebase, id=-NTbWl5BcFkKAu9j2Nvf
04-22 01:54:20.478  3965  4153 D ar_activity: [[2d] after update lines time=2023-04-22 01:54:20.478]
04-22 01:54:20.499  3965  4153 D ar_activity: [TRACKING TransformPointToPose time=2023-04-22 01:54:20.498]
04-22 01:54:20.499  3965  4153 D ar_activity: [TRACKING TransformPointToPose time=2023-04-22 01:54:20.499]
04-22 01:54:20.499  3965  4153 D ar_activity: send stroke to firebase, id=-NTbWl5BcFkKAu9j2Nvf
04-22 01:54:20.500  3965  4153 D ar_activity: [[2d] after update lines time=2023-04-22 01:54:20.500]
04-22 01:54:20.514  3965  3965 D ar_activity: [[2a end - 2d start] onChildChanged stroke id=-NTbWl5BcFkKAu9j2Nvf time=2023-04-22 01:54:20.514]
04-22 01:54:20.518  3965  4153 D ar_activity: [TRACKING TransformPointToPose time=2023-04-22 01:54:20.518]
04-22 01:54:20.518  3965  4153 D ar_activity: [TRACKING TransformPointToPose time=2023-04-22 01:54:20.518]
04-22 01:54:20.519  3965  4153 D ar_activity: [TRACKING TransformPointToPose time=2023-04-22 01:54:20.519]
04-22 01:54:20.519  3965  4153 D ar_activity: send stroke to firebase, id=-NTbWl5BcFkKAu9j2Nvf
04-22 01:54:20.520  3965  4153 D ar_activity: [[2d] after update lines time=2023-04-22 01:54:20.520]
04-22 01:54:20.543  3965  4153 D ar_activity: [TRACKING TransformPointToPose time=2023-04-22 01:54:20.543]
04-22 01:54:20.543  3965  4153 D ar_activity: [TRACKING TransformPointToPose time=2023-04-22 01:54:20.543]
04-22 01:54:20.544  3965  4153 D ar_activity: send stroke to firebase, id=-NTbWl5BcFkKAu9j2Nvf
04-22 01:54:20.544  3965  4153 D ar_activity: [[2d] after update lines time=2023-04-22 01:54:20.544]
04-22 01:54:20.563  3965  4153 D ar_activity: [TRACKING TransformPointToPose time=2023-04-22 01:54:20.563]
04-22 01:54:20.563  3965  4153 D ar_activity: [TRACKING TransformPointToPose time=2023-04-22 01:54:20.563]
04-22 01:54:20.563  3965  4153 D ar_activity: send stroke to firebase, id=-NTbWl5BcFkKAu9j2Nvf
04-22 01:54:20.564  3965  4153 D ar_activity: [[2d] after update lines time=2023-04-22 01:54:20.564]
04-22 01:54:20.580  3965  3965 D ar_activity: [[2a end - 2d start] onChildChanged stroke id=-NTbWl5BcFkKAu9j2Nvf time=2023-04-22 01:54:20.580]
04-22 01:54:20.584  3965  4153 D ar_activity: [TRACKING TransformPointToPose time=2023-04-22 01:54:20.583]
04-22 01:54:20.584  3965  4153 D ar_activity: send stroke to firebase, id=-NTbWl5BcFkKAu9j2Nvf
04-22 01:54:20.585  3965  4153 D ar_activity: [[2d] after update lines time=2023-04-22 01:54:20.585]
04-22 01:54:20.607  3965  4153 D ar_activity: [TRACKING TransformPointToPose time=2023-04-22 01:54:20.607]
04-22 01:54:20.608  3965  4153 D ar_activity: [TRACKING TransformPointToPose time=2023-04-22 01:54:20.607]
04-22 01:54:20.608  3965  4153 D ar_activity: send stroke to firebase, id=-NTbWl5BcFkKAu9j2Nvf
04-22 01:54:20.608  3965  4153 D ar_activity: [[2d] after update lines time=2023-04-22 01:54:20.608]
04-22 01:54:20.627  3965  4153 D ar_activity: [TRACKING TransformPointToPose time=2023-04-22 01:54:20.627]
04-22 01:54:20.627  3965  4153 D ar_activity: send stroke to firebase, id=-NTbWl5BcFkKAu9j2Nvf
04-22 01:54:20.628  3965  4153 D ar_activity: [[2d] after update lines time=2023-04-22 01:54:20.628]
04-22 01:54:20.649  3965  4153 D ar_activity: [TRACKING TransformPointToPose time=2023-04-22 01:54:20.648]
04-22 01:54:20.649  3965  4153 D ar_activity: [TRACKING TransformPointToPose time=2023-04-22 01:54:20.649]
04-22 01:54:20.649  3965  3965 D ar_activity: [[2a end - 2d start] onChildChanged stroke id=-NTbWl5BcFkKAu9j2Nvf time=2023-04-22 01:54:20.649]
04-22 01:54:20.650  3965  4153 D ar_activity: send stroke to firebase, id=-NTbWl5BcFkKAu9j2Nvf
04-22 01:54:20.651  3965  4153 D ar_activity: [[2d] after update lines time=2023-04-22 01:54:20.650]
04-22 01:54:20.674  3965  4153 D ar_activity: [TRACKING TransformPointToPose time=2023-04-22 01:54:20.674]
04-22 01:54:20.674  3965  4153 D ar_activity: [TRACKING TransformPointToPose time=2023-04-22 01:54:20.674]
04-22 01:54:20.674  3965  4153 D ar_activity: [TRACKING TransformPointToPose time=2023-04-22 01:54:20.674]
04-22 01:54:20.674  3965  4153 D ar_activity: send stroke to firebase, id=-NTbWl5BcFkKAu9j2Nvf
04-22 01:54:20.675  3965  4153 D ar_activity: [[2d] after update lines time=2023-04-22 01:54:20.675]
04-22 01:54:20.694  3965  4153 D ar_activity: [TRACKING TransformPointToPose time=2023-04-22 01:54:20.693]
04-22 01:54:20.694  3965  4153 D ar_activity: send stroke to firebase, id=-NTbWl5BcFkKAu9j2Nvf
04-22 01:54:20.694  3965  4153 D ar_activity: [[2d] after update lines time=2023-04-22 01:54:20.694]
04-22 01:54:20.713  3965  4153 D ar_activity: [TRACKING TransformPointToPose time=2023-04-22 01:54:20.713]
04-22 01:54:20.714  3965  4153 D ar_activity: [TRACKING TransformPointToPose time=2023-04-22 01:54:20.714]
04-22 01:54:20.714  3965  4153 D ar_activity: send stroke to firebase, id=-NTbWl5BcFkKAu9j2Nvf
04-22 01:54:20.715  3965  4153 D ar_activity: [[2d] after update lines time=2023-04-22 01:54:20.715]
04-22 01:54:20.715  3965  3965 D ar_activity: [[2a end - 2d start] onChildChanged stroke id=-NTbWl5BcFkKAu9j2Nvf time=2023-04-22 01:54:20.715]
04-22 01:54:20.733  3965  4153 D ar_activity: [TRACKING TransformPointToPose time=2023-04-22 01:54:20.733]
04-22 01:54:20.733  3965  4153 D ar_activity: [TRACKING TransformPointToPose time=2023-04-22 01:54:20.733]
04-22 01:54:20.733  3965  4153 D ar_activity: send stroke to firebase, id=-NTbWl5BcFkKAu9j2Nvf
04-22 01:54:20.734  3965  4153 D ar_activity: [[2d] after update lines time=2023-04-22 01:54:20.734]
04-22 01:54:20.753  3965  4153 D ar_activity: [TRACKING TransformPointToPose time=2023-04-22 01:54:20.752]
04-22 01:54:20.753  3965  4153 D ar_activity: [TRACKING TransformPointToPose time=2023-04-22 01:54:20.753]
04-22 01:54:20.753  3965  4153 D ar_activity: send stroke to firebase, id=-NTbWl5BcFkKAu9j2Nvf
04-22 01:54:20.754  3965  4153 D ar_activity: [[2d] after update lines time=2023-04-22 01:54:20.754]
04-22 01:54:20.777  3965  4153 D ar_activity: [TRACKING TransformPointToPose time=2023-04-22 01:54:20.777]
04-22 01:54:20.778  3965  4153 D ar_activity: [TRACKING TransformPointToPose time=2023-04-22 01:54:20.778]
04-22 01:54:20.778  3965  4153 D ar_activity: send stroke to firebase, id=-NTbWl5BcFkKAu9j2Nvf
04-22 01:54:20.780  3965  4153 D ar_activity: [[2d] after update lines time=2023-04-22 01:54:20.780]
04-22 01:54:20.800  3965  4153 D ar_activity: [TRACKING TransformPointToPose time=2023-04-22 01:54:20.800]
04-22 01:54:20.800  3965  4153 D ar_activity: [TRACKING TransformPointToPose time=2023-04-22 01:54:20.800]
04-22 01:54:20.800  3965  4153 D ar_activity: send stroke to firebase, id=-NTbWl5BcFkKAu9j2Nvf
04-22 01:54:20.801  3965  4153 D ar_activity: [[2d] after update lines time=2023-04-22 01:54:20.801]
04-22 01:54:20.826  3965  4153 D ar_activity: [TRACKING TransformPointToPose time=2023-04-22 01:54:20.826]
04-22 01:54:20.826  3965  4153 D ar_activity: [TRACKING TransformPointToPose time=2023-04-22 01:54:20.826]
04-22 01:54:20.827  3965  4153 D ar_activity: send stroke to firebase, id=-NTbWl5BcFkKAu9j2Nvf
04-22 01:54:20.827  3965  4153 D ar_activity: [[2d] after update lines time=2023-04-22 01:54:20.827]
04-22 01:54:20.847  3965  4153 D ar_activity: [TRACKING TransformPointToPose time=2023-04-22 01:54:20.847]
04-22 01:54:20.848  3965  4153 D ar_activity: [TRACKING TransformPointToPose time=2023-04-22 01:54:20.848]
04-22 01:54:20.848  3965  4153 D ar_activity: send stroke to firebase, id=-NTbWl5BcFkKAu9j2Nvf
04-22 01:54:20.852  3965  4153 D ar_activity: [[2d] after update lines time=2023-04-22 01:54:20.852]
04-22 01:54:20.875  3965  3965 D ar_activity: [[2a end - 2d start] onChildChanged stroke id=-NTbWl5BcFkKAu9j2Nvf time=2023-04-22 01:54:20.874]
04-22 01:54:20.876  3965  4153 D ar_activity: [TRACKING TransformPointToPose time=2023-04-22 01:54:20.876]
04-22 01:54:20.877  3965  4153 D ar_activity: [TRACKING TransformPointToPose time=2023-04-22 01:54:20.877]
04-22 01:54:20.877  3965  4153 D ar_activity: [TRACKING TransformPointToPose time=2023-04-22 01:54:20.877]
04-22 01:54:20.878  3965  4153 D ar_activity: send stroke to firebase, id=-NTbWl5BcFkKAu9j2Nvf
04-22 01:54:20.879  3965  4153 D ar_activity: [[2d] after update lines time=2023-04-22 01:54:20.878]
04-22 01:54:20.907  3965  4153 D ar_activity: [TRACKING TransformPointToPose time=2023-04-22 01:54:20.906]
04-22 01:54:20.910  3965  4153 D ar_activity: [TRACKING TransformPointToPose time=2023-04-22 01:54:20.909]
04-22 01:54:20.910  3965  4153 D ar_activity: send stroke to firebase, id=-NTbWl5BcFkKAu9j2Nvf
04-22 01:54:20.912  3965  4153 D ar_activity: [[2d] after update lines time=2023-04-22 01:54:20.912]
04-22 01:54:20.935  3965  4153 D ar_activity: [TRACKING TransformPointToPose time=2023-04-22 01:54:20.935]
04-22 01:54:20.936  3965  4153 D ar_activity: [TRACKING TransformPointToPose time=2023-04-22 01:54:20.935]
04-22 01:54:20.936  3965  4153 D ar_activity: send stroke to firebase, id=-NTbWl5BcFkKAu9j2Nvf
04-22 01:54:20.940  3965  4153 D ar_activity: [[2d] after update lines time=2023-04-22 01:54:20.939]
04-22 01:54:20.961  3965  3965 D ar_activity: [[2a end - 2d start] onChildChanged stroke id=-NTbWl5BcFkKAu9j2Nvf time=2023-04-22 01:54:20.961]
04-22 01:54:20.967  3965  4153 D ar_activity: [TRACKING TransformPointToPose time=2023-04-22 01:54:20.966]
04-22 01:54:20.968  3965  4153 D ar_activity: [TRACKING TransformPointToPose time=2023-04-22 01:54:20.967]
04-22 01:54:20.968  3965  4153 D ar_activity: send stroke to firebase, id=-NTbWl5BcFkKAu9j2Nvf
04-22 01:54:20.969  3965  4153 D ar_activity: [[2d] after update lines time=2023-04-22 01:54:20.969]
04-22 01:54:20.994  3965  4153 D ar_activity: [TRACKING TransformPointToPose time=2023-04-22 01:54:20.994]
04-22 01:54:20.995  3965  4153 D ar_activity: [TRACKING TransformPointToPose time=2023-04-22 01:54:20.995]
04-22 01:54:20.995  3965  4153 D ar_activity: [TRACKING TransformPointToPose time=2023-04-22 01:54:20.995]
04-22 01:54:20.995  3965  4153 D ar_activity: send stroke to firebase, id=-NTbWl5BcFkKAu9j2Nvf
04-22 01:54:20.996  3965  4153 D ar_activity: [[2d] after update lines time=2023-04-22 01:54:20.996]
04-22 01:54:21.017  3965  4153 D ar_activity: [TRACKING TransformPointToPose time=2023-04-22 01:54:21.016]
04-22 01:54:21.017  3965  4153 D ar_activity: send stroke to firebase, id=-NTbWl5BcFkKAu9j2Nvf
04-22 01:54:21.018  3965  4153 D ar_activity: [[2d] after update lines time=2023-04-22 01:54:21.018]
04-22 01:54:21.034  3965  3965 D ar_activity: [[2a end - 2d start] onChildChanged stroke id=-NTbWl5BcFkKAu9j2Nvf time=2023-04-22 01:54:21.034]
04-22 01:54:21.041  3965  4153 D ar_activity: [TRACKING TransformPointToPose time=2023-04-22 01:54:21.040]
04-22 01:54:21.042  3965  4153 D ar_activity: [TRACKING TransformPointToPose time=2023-04-22 01:54:21.042]
04-22 01:54:21.042  3965  4153 D ar_activity: send stroke to firebase, id=-NTbWl5BcFkKAu9j2Nvf
04-22 01:54:21.045  3965  4153 D ar_activity: [[2d] after update lines time=2023-04-22 01:54:21.045]
04-22 01:54:21.064  3965  4153 D ar_activity: [TRACKING TransformPointToPose time=2023-04-22 01:54:21.064]
04-22 01:54:21.064  3965  4153 D ar_activity: [TRACKING TransformPointToPose time=2023-04-22 01:54:21.064]
04-22 01:54:21.064  3965  4153 D ar_activity: send stroke to firebase, id=-NTbWl5BcFkKAu9j2Nvf
04-22 01:54:21.065  3965  4153 D ar_activity: [[2d] after update lines time=2023-04-22 01:54:21.065]
04-22 01:54:21.085  3965  4153 D ar_activity: [TRACKING TransformPointToPose time=2023-04-22 01:54:21.085]
04-22 01:54:21.085  3965  4153 D ar_activity: [TRACKING TransformPointToPose time=2023-04-22 01:54:21.085]
04-22 01:54:21.085  3965  4153 D ar_activity: send stroke to firebase, id=-NTbWl5BcFkKAu9j2Nvf
04-22 01:54:21.086  3965  4153 D ar_activity: [[2d] after update lines time=2023-04-22 01:54:21.086]
04-22 01:54:21.107  3965  4153 D ar_activity: [TRACKING TransformPointToPose time=2023-04-22 01:54:21.107]
04-22 01:54:21.107  3965  4153 D ar_activity: send stroke to firebase, id=-NTbWl5BcFkKAu9j2Nvf
04-22 01:54:21.108  3965  4153 D ar_activity: [[2d] after update lines time=2023-04-22 01:54:21.108]
04-22 01:54:21.122  3965  3965 D ar_activity: [[2a end - 2d start] onChildChanged stroke id=-NTbWl5BcFkKAu9j2Nvf time=2023-04-22 01:54:21.121]
04-22 01:54:21.126  3965  4153 D ar_activity: [TRACKING TransformPointToPose time=2023-04-22 01:54:21.126]
04-22 01:54:21.127  3965  4153 D ar_activity: send stroke to firebase, id=-NTbWl5BcFkKAu9j2Nvf
04-22 01:54:21.127  3965  4153 D ar_activity: [[2d] after update lines time=2023-04-22 01:54:21.127]
04-22 01:54:21.146  3965  4153 D ar_activity: [TRACKING TransformPointToPose time=2023-04-22 01:54:21.146]
04-22 01:54:21.146  3965  4153 D ar_activity: [TRACKING TransformPointToPose time=2023-04-22 01:54:21.146]
04-22 01:54:21.146  3965  4153 D ar_activity: send stroke to firebase, id=-NTbWl5BcFkKAu9j2Nvf
04-22 01:54:21.147  3965  4153 D ar_activity: [[2d] after update lines time=2023-04-22 01:54:21.147]
04-22 01:54:21.167  3965  4153 D ar_activity: [TRACKING TransformPointToPose time=2023-04-22 01:54:21.167]
04-22 01:54:21.168  3965  4153 D ar_activity: [TRACKING TransformPointToPose time=2023-04-22 01:54:21.168]
04-22 01:54:21.168  3965  4153 D ar_activity: send stroke to firebase, id=-NTbWl5BcFkKAu9j2Nvf
04-22 01:54:21.170  3965  4153 D ar_activity: [[2d] after update lines time=2023-04-22 01:54:21.169]
04-22 01:54:21.171  3965  3965 D ar_activity: [[2a end - 2d start] onChildChanged stroke id=-NTbWl5BcFkKAu9j2Nvf time=2023-04-22 01:54:21.171]
04-22 01:54:21.195  3965  4153 D ar_activity: [TRACKING TransformPointToPose time=2023-04-22 01:54:21.195]
04-22 01:54:21.195  3965  4153 D ar_activity: [TRACKING TransformPointToPose time=2023-04-22 01:54:21.195]
04-22 01:54:21.197  3965  4153 D ar_activity: send stroke to firebase, id=-NTbWl5BcFkKAu9j2Nvf
04-22 01:54:21.198  3965  4153 D ar_activity: [[2d] after update lines time=2023-04-22 01:54:21.197]
04-22 01:54:21.216  3965  4153 D ar_activity: [TRACKING TransformPointToPose time=2023-04-22 01:54:21.216]
04-22 01:54:21.217  3965  4153 D ar_activity: send stroke to firebase, id=-NTbWl5BcFkKAu9j2Nvf
04-22 01:54:21.217  3965  4153 D ar_activity: [[2d] after update lines time=2023-04-22 01:54:21.217]
04-22 01:54:21.236  3965  4153 D ar_activity: [TRACKING TransformPointToPose time=2023-04-22 01:54:21.235]
04-22 01:54:21.236  3965  4153 D ar_activity: [TRACKING TransformPointToPose time=2023-04-22 01:54:21.236]
04-22 01:54:21.236  3965  4153 D ar_activity: send stroke to firebase, id=-NTbWl5BcFkKAu9j2Nvf
04-22 01:54:21.237  3965  4153 D ar_activity: [[2d] after update lines time=2023-04-22 01:54:21.236]
04-22 01:54:21.249  3965  3965 D ar_activity: [[2a end - 2d start] onChildChanged stroke id=-NTbWl5BcFkKAu9j2Nvf time=2023-04-22 01:54:21.248]
04-22 01:54:21.258  3965  4153 D ar_activity: [TRACKING TransformPointToPose time=2023-04-22 01:54:21.258]
04-22 01:54:21.258  3965  4153 D ar_activity: [TRACKING TransformPointToPose time=2023-04-22 01:54:21.258]
04-22 01:54:21.258  3965  4153 D ar_activity: send stroke to firebase, id=-NTbWl5BcFkKAu9j2Nvf
04-22 01:54:21.259  3965  4153 D ar_activity: [[2d] after update lines time=2023-04-22 01:54:21.259]
04-22 01:54:21.278  3965  4153 D ar_activity: [TRACKING TransformPointToPose time=2023-04-22 01:54:21.278]
04-22 01:54:21.278  3965  4153 D ar_activity: [TRACKING TransformPointToPose time=2023-04-22 01:54:21.278]
04-22 01:54:21.278  3965  4153 D ar_activity: send stroke to firebase, id=-NTbWl5BcFkKAu9j2Nvf
04-22 01:54:21.279  3965  4153 D ar_activity: [[2d] after update lines time=2023-04-22 01:54:21.279]
04-22 01:54:21.300  3965  4153 D ar_activity: [TRACKING TransformPointToPose time=2023-04-22 01:54:21.300]
04-22 01:54:21.300  3965  4153 D ar_activity: [TRACKING TransformPointToPose time=2023-04-22 01:54:21.300]
04-22 01:54:21.300  3965  4153 D ar_activity: send stroke to firebase, id=-NTbWl5BcFkKAu9j2Nvf
04-22 01:54:21.301  3965  4153 D ar_activity: [[2d] after update lines time=2023-04-22 01:54:21.301]
04-22 01:54:21.314  3965  3965 D ar_activity: [[2a end - 2d start] onChildChanged stroke id=-NTbWl5BcFkKAu9j2Nvf time=2023-04-22 01:54:21.314]
04-22 01:54:21.322  3965  4153 D ar_activity: [TRACKING TransformPointToPose time=2023-04-22 01:54:21.321]
04-22 01:54:21.323  3965  4153 D ar_activity: [TRACKING TransformPointToPose time=2023-04-22 01:54:21.323]
04-22 01:54:21.324  3965  4153 D ar_activity: send stroke to firebase, id=-NTbWl5BcFkKAu9j2Nvf
04-22 01:54:21.326  3965  4153 D ar_activity: [[2d] after update lines time=2023-04-22 01:54:21.326]
04-22 01:54:21.348  3965  4153 D ar_activity: [TRACKING TransformPointToPose time=2023-04-22 01:54:21.347]
04-22 01:54:21.348  3965  4153 D ar_activity: [TRACKING TransformPointToPose time=2023-04-22 01:54:21.348]
04-22 01:54:21.349  3965  4153 D ar_activity: send stroke to firebase, id=-NTbWl5BcFkKAu9j2Nvf
04-22 01:54:21.350  3965  4153 D ar_activity: [[2d] after update lines time=2023-04-22 01:54:21.350]
04-22 01:54:21.371  3965  4153 D ar_activity: [TRACKING TransformPointToPose time=2023-04-22 01:54:21.371]
04-22 01:54:21.373  3965  4153 D ar_activity: [TRACKING TransformPointToPose time=2023-04-22 01:54:21.371]
04-22 01:54:21.374  3965  4153 D ar_activity: send stroke to firebase, id=-NTbWl5BcFkKAu9j2Nvf
04-22 01:54:21.376  3965  4153 D ar_activity: [[2d] after update lines time=2023-04-22 01:54:21.376]
04-22 01:54:21.386  3965  3965 D ar_activity: [[2a end - 2d start] onChildChanged stroke id=-NTbWl5BcFkKAu9j2Nvf time=2023-04-22 01:54:21.386]
04-22 01:54:21.396  3965  4153 D ar_activity: [TRACKING TransformPointToPose time=2023-04-22 01:54:21.396]
04-22 01:54:21.397  3965  4153 D ar_activity: [TRACKING TransformPointToPose time=2023-04-22 01:54:21.396]
04-22 01:54:21.397  3965  4153 D ar_activity: send stroke to firebase, id=-NTbWl5BcFkKAu9j2Nvf
04-22 01:54:21.399  3965  4153 D ar_activity: [[2d] after update lines time=2023-04-22 01:54:21.398]
04-22 01:54:21.420  3965  4153 D ar_activity: [TRACKING TransformPointToPose time=2023-04-22 01:54:21.420]
04-22 01:54:21.420  3965  4153 D ar_activity: [TRACKING TransformPointToPose time=2023-04-22 01:54:21.420]
04-22 01:54:21.420  3965  4153 D ar_activity: send stroke to firebase, id=-NTbWl5BcFkKAu9j2Nvf
04-22 01:54:21.421  3965  4153 D ar_activity: [[2d] after update lines time=2023-04-22 01:54:21.421]
04-22 01:54:21.442  3965  4153 D ar_activity: [TRACKING TransformPointToPose time=2023-04-22 01:54:21.442]
04-22 01:54:21.443  3965  4153 D ar_activity: send stroke to firebase, id=-NTbWl5BcFkKAu9j2Nvf
04-22 01:54:21.443  3965  4153 D ar_activity: [[2d] after update lines time=2023-04-22 01:54:21.443]
04-22 01:54:21.446  3965  3965 D ar_activity: [[2a end - 2d start] onChildChanged stroke id=-NTbWl5BcFkKAu9j2Nvf time=2023-04-22 01:54:21.446]
04-22 01:54:21.463  3965  4153 D ar_activity: [TRACKING TransformPointToPose time=2023-04-22 01:54:21.463]
04-22 01:54:21.463  3965  4153 D ar_activity: [TRACKING TransformPointToPose time=2023-04-22 01:54:21.463]
04-22 01:54:21.463  3965  4153 D ar_activity: [TRACKING TransformPointToPose time=2023-04-22 01:54:21.463]
04-22 01:54:21.465  3965  4153 D ar_activity: send stroke to firebase, id=-NTbWl5BcFkKAu9j2Nvf
04-22 01:54:21.469  3965  4153 D ar_activity: [[2d] after update lines time=2023-04-22 01:54:21.469]
04-22 01:54:21.500  3965  4153 D ar_activity: [TRACKING TransformPointToPose time=2023-04-22 01:54:21.499]
04-22 01:54:21.501  3965  4153 D ar_activity: [TRACKING TransformPointToPose time=2023-04-22 01:54:21.501]
04-22 01:54:21.501  3965  4153 D ar_activity: send stroke to firebase, id=-NTbWl5BcFkKAu9j2Nvf
04-22 01:54:21.503  3965  4153 D ar_activity: [[2d] after update lines time=2023-04-22 01:54:21.503]
04-22 01:54:21.530  3965  4153 D ar_activity: [TRACKING TransformPointToPose time=2023-04-22 01:54:21.530]
04-22 01:54:21.531  3965  4153 D ar_activity: [TRACKING TransformPointToPose time=2023-04-22 01:54:21.531]
04-22 01:54:21.531  3965  4153 D ar_activity: send stroke to firebase, id=-NTbWl5BcFkKAu9j2Nvf
04-22 01:54:21.532  3965  4153 D ar_activity: [[2d] after update lines time=2023-04-22 01:54:21.532]
04-22 01:54:21.551  3965  4153 D ar_activity: [TRACKING TransformPointToPose time=2023-04-22 01:54:21.551]
04-22 01:54:21.551  3965  4153 D ar_activity: [TRACKING TransformPointToPose time=2023-04-22 01:54:21.551]
04-22 01:54:21.552  3965  4153 D ar_activity: send stroke to firebase, id=-NTbWl5BcFkKAu9j2Nvf
04-22 01:54:21.552  3965  4153 D ar_activity: [[2d] after update lines time=2023-04-22 01:54:21.552]
04-22 01:54:21.577  3965  4153 D ar_activity: [TRACKING TransformPointToPose time=2023-04-22 01:54:21.576]
04-22 01:54:21.577  3965  4153 D ar_activity: [TRACKING TransformPointToPose time=2023-04-22 01:54:21.577]
04-22 01:54:21.577  3965  4153 D ar_activity: send stroke to firebase, id=-NTbWl5BcFkKAu9j2Nvf
04-22 01:54:21.578  3965  4153 D ar_activity: [[2d] after update lines time=2023-04-22 01:54:21.578]
04-22 01:54:21.579  3965  3965 D ar_activity: [[2a end - 2d start] onChildChanged stroke id=-NTbWl5BcFkKAu9j2Nvf time=2023-04-22 01:54:21.579]
04-22 01:54:21.597  3965  4153 D ar_activity: [TRACKING TransformPointToPose time=2023-04-22 01:54:21.596]
04-22 01:54:21.597  3965  4153 D ar_activity: [TRACKING TransformPointToPose time=2023-04-22 01:54:21.597]
04-22 01:54:21.597  3965  4153 D ar_activity: send stroke to firebase, id=-NTbWl5BcFkKAu9j2Nvf
04-22 01:54:21.598  3965  4153 D ar_activity: [[2d] after update lines time=2023-04-22 01:54:21.597]
04-22 01:54:21.617  3965  4153 D ar_activity: [TRACKING TransformPointToPose time=2023-04-22 01:54:21.617]
04-22 01:54:21.617  3965  4153 D ar_activity: send stroke to firebase, id=-NTbWl5BcFkKAu9j2Nvf
04-22 01:54:21.618  3965  4153 D ar_activity: [[2d] after update lines time=2023-04-22 01:54:21.617]
04-22 01:54:21.643  3965  3965 D ar_activity: [[2a end - 2d start] onChildChanged stroke id=-NTbWl5BcFkKAu9j2Nvf time=2023-04-22 01:54:21.643]
04-22 01:54:21.643  3965  4153 D ar_activity: [TRACKING TransformPointToPose time=2023-04-22 01:54:21.643]
04-22 01:54:21.644  3965  4153 D ar_activity: [TRACKING TransformPointToPose time=2023-04-22 01:54:21.643]
04-22 01:54:21.644  3965  4153 D ar_activity: send stroke to firebase, id=-NTbWl5BcFkKAu9j2Nvf
04-22 01:54:21.647  3965  4153 D ar_activity: [[2d] after update lines time=2023-04-22 01:54:21.646]
04-22 01:54:21.667  3965  4153 D ar_activity: [TRACKING TransformPointToPose time=2023-04-22 01:54:21.667]
04-22 01:54:21.667  3965  4153 D ar_activity: [TRACKING TransformPointToPose time=2023-04-22 01:54:21.667]
04-22 01:54:21.667  3965  4153 D ar_activity: send stroke to firebase, id=-NTbWl5BcFkKAu9j2Nvf
04-22 01:54:21.668  3965  4153 D ar_activity: [[2d] after update lines time=2023-04-22 01:54:21.668]
04-22 01:54:21.687  3965  4153 D ar_activity: [TRACKING TransformPointToPose time=2023-04-22 01:54:21.686]
04-22 01:54:21.687  3965  4153 D ar_activity: [TRACKING TransformPointToPose time=2023-04-22 01:54:21.687]
04-22 01:54:21.687  3965  4153 D ar_activity: send stroke to firebase, id=-NTbWl5BcFkKAu9j2Nvf
04-22 01:54:21.687  3965  4153 D ar_activity: [[2d] after update lines time=2023-04-22 01:54:21.687]
04-22 01:54:21.701  3965  3965 D ar_activity: [[2a end - 2d start] onChildChanged stroke id=-NTbWl5BcFkKAu9j2Nvf time=2023-04-22 01:54:21.701]
04-22 01:54:21.708  3965  4153 D ar_activity: [TRACKING TransformPointToPose time=2023-04-22 01:54:21.708]
04-22 01:54:21.709  3965  4153 D ar_activity: [TRACKING TransformPointToPose time=2023-04-22 01:54:21.708]
04-22 01:54:21.709  3965  4153 D ar_activity: send stroke to firebase, id=-NTbWl5BcFkKAu9j2Nvf
04-22 01:54:21.709  3965  4153 D ar_activity: [[2d] after update lines time=2023-04-22 01:54:21.709]
04-22 01:54:21.728  3965  4153 D ar_activity: [TRACKING TransformPointToPose time=2023-04-22 01:54:21.728]
04-22 01:54:21.728  3965  4153 D ar_activity: send stroke to firebase, id=-NTbWl5BcFkKAu9j2Nvf
04-22 01:54:21.728  3965  4153 D ar_activity: [[2d] after update lines time=2023-04-22 01:54:21.728]
04-22 01:54:21.748  3965  4153 D ar_activity: [TRACKING TransformPointToPose time=2023-04-22 01:54:21.748]
04-22 01:54:21.749  3965  4153 D ar_activity: [TRACKING TransformPointToPose time=2023-04-22 01:54:21.749]
04-22 01:54:21.749  3965  4153 D ar_activity: send stroke to firebase, id=-NTbWl5BcFkKAu9j2Nvf
04-22 01:54:21.749  3965  4153 D ar_activity: [[2d] after update lines time=2023-04-22 01:54:21.749]
04-22 01:54:21.762  3965  3965 D ar_activity: [[2a end - 2d start] onChildChanged stroke id=-NTbWl5BcFkKAu9j2Nvf time=2023-04-22 01:54:21.762]
04-22 01:54:21.767  3965  4153 D ar_activity: [TRACKING TransformPointToPose time=2023-04-22 01:54:21.767]
04-22 01:54:21.768  3965  4153 D ar_activity: [TRACKING TransformPointToPose time=2023-04-22 01:54:21.768]
04-22 01:54:21.768  3965  4153 D ar_activity: send stroke to firebase, id=-NTbWl5BcFkKAu9j2Nvf
04-22 01:54:21.768  3965  4153 D ar_activity: [[2d] after update lines time=2023-04-22 01:54:21.768]
04-22 01:54:21.787  3965  4153 D ar_activity: [TRACKING TransformPointToPose time=2023-04-22 01:54:21.787]
04-22 01:54:21.787  3965  4153 D ar_activity: [TRACKING TransformPointToPose time=2023-04-22 01:54:21.787]
04-22 01:54:21.787  3965  4153 D ar_activity: send stroke to firebase, id=-NTbWl5BcFkKAu9j2Nvf
04-22 01:54:21.788  3965  4153 D ar_activity: [[2d] after update lines time=2023-04-22 01:54:21.787]
04-22 01:54:21.809  3965  4153 D ar_activity: [TRACKING TransformPointToPose time=2023-04-22 01:54:21.809]
04-22 01:54:21.809  3965  4153 D ar_activity: [TRACKING TransformPointToPose time=2023-04-22 01:54:21.809]
04-22 01:54:21.809  3965  4153 D ar_activity: send stroke to firebase, id=-NTbWl5BcFkKAu9j2Nvf
04-22 01:54:21.810  3965  4153 D ar_activity: [[2d] after update lines time=2023-04-22 01:54:21.810]
04-22 01:54:21.829  3965  4153 D ar_activity: [TRACKING TransformPointToPose time=2023-04-22 01:54:21.829]
04-22 01:54:21.830  3965  4153 D ar_activity: send stroke to firebase, id=-NTbWl5BcFkKAu9j2Nvf
04-22 01:54:21.830  3965  4153 D ar_activity: [[2d] after update lines time=2023-04-22 01:54:21.830]
04-22 01:54:21.848  3965  3965 D ar_activity: [[2a end - 2d start] onChildChanged stroke id=-NTbWl5BcFkKAu9j2Nvf time=2023-04-22 01:54:21.848]
04-22 01:54:21.856  3965  4153 D ar_activity: [TRACKING TransformPointToPose time=2023-04-22 01:54:21.855]
04-22 01:54:21.858  3965  4153 D ar_activity: [TRACKING TransformPointToPose time=2023-04-22 01:54:21.858]
04-22 01:54:21.859  3965  4153 D ar_activity: [TRACKING TransformPointToPose time=2023-04-22 01:54:21.859]
04-22 01:54:21.860  3965  4153 D ar_activity: send stroke to firebase, id=-NTbWl5BcFkKAu9j2Nvf
04-22 01:54:21.861  3965  4153 D ar_activity: [[2d] after update lines time=2023-04-22 01:54:21.861]
04-22 01:54:21.882  3965  4153 D ar_activity: [TRACKING TransformPointToPose time=2023-04-22 01:54:21.882]
04-22 01:54:21.883  3965  4153 D ar_activity: [TRACKING TransformPointToPose time=2023-04-22 01:54:21.882]
04-22 01:54:21.883  3965  4153 D ar_activity: send stroke to firebase, id=-NTbWl5BcFkKAu9j2Nvf
04-22 01:54:21.885  3965  4153 D ar_activity: [[2d] after update lines time=2023-04-22 01:54:21.884]
04-22 01:54:21.912  3965  4153 D ar_activity: [TRACKING TransformPointToPose time=2023-04-22 01:54:21.912]
04-22 01:54:21.913  3965  4153 D ar_activity: [TRACKING TransformPointToPose time=2023-04-22 01:54:21.912]
04-22 01:54:21.913  3965  4153 D ar_activity: [TRACKING TransformPointToPose time=2023-04-22 01:54:21.913]
04-22 01:54:21.913  3965  4153 D ar_activity: send stroke to firebase, id=-NTbWl5BcFkKAu9j2Nvf
04-22 01:54:21.914  3965  4153 D ar_activity: [[2d] after update lines time=2023-04-22 01:54:21.914]
04-22 01:54:21.935  3965  4153 D ar_activity: [TRACKING TransformPointToPose time=2023-04-22 01:54:21.934]
