--------- beginning of main
04-22 01:57:25.570  4930  5106 D ar_activity: [[2d] after update lines time=2023-04-22 01:57:25.526]
04-22 01:57:29.996  4930  4930 D ar_activity: [--- pair start --- time=2023-04-22 01:57:29.995]
04-22 01:57:29.996  4930  4930 D ar_activity: [--- pair session start --- time=2023-04-22 01:57:29.996]
04-22 01:57:30.024  4930  4930 D ar_activity: [create room: Message{namespace='', type='', content=[34 bytes]} time=2023-04-22 01:57:30.024]
04-22 01:57:30.033  4930  4930 D ar_activity: LOOKING: 2023-04-22 01:57:30.033
04-22 01:57:34.295  4930  4930 D ar_activity: [--- pair joined --- time=2023-04-22 01:57:34.295]
04-22 01:57:34.297  4930  4930 D ar_activity: PARTNER FOUND: 2023-04-22 01:57:34.297
04-22 01:57:36.304  4930  4930 D ar_activity: SET ANCHOR: 2023-04-22 01:57:36.304
04-22 01:57:37.643  4930  4930 D ar_activity: [anchor resolution changed: null time=2023-04-22 01:57:37.642]
04-22 01:57:37.729  4930  4930 D ar_activity: [--- sync ready to set anchor --- time=2023-04-22 01:57:37.728]
04-22 01:57:37.729  4930  4930 D ar_activity: [--- sync: sendSetAnchorEvent --- time=2023-04-22 01:57:37.729]
04-22 01:57:37.730  4930  4930 D ar_activity: --- start creating anchor: 2023-04-22 01:57:37.729 ---
04-22 01:57:37.730  4930  4930 D ar_activity: --- anchor: com.google.ar.core.Anchor@b49ebce9 ---
04-22 01:57:37.730  4930  4930 D ar_activity: --- finish creating anchor: 2023-04-22 01:57:37.730 ---
04-22 01:57:37.730  4930  4930 D ar_activity: [hostAnchor start time=2023-04-22 01:57:37.730]
04-22 01:57:37.731  4930  4930 D ar_activity: [hostAnchor end time=2023-04-22 01:57:37.731]
04-22 01:57:37.731  4930  4930 D ar_activity: Start CONNECTING: 2023-04-22 01:57:37.731
04-22 01:57:37.740  4930  5106 D ar_activity: [--- anchor: onUpdate--- time=2023-04-22 01:57:37.739]
04-22 01:57:38.981  4930  5106 D ar_activity: [--- anchor: onUpdate--- time=2023-04-22 01:57:38.981]
04-22 01:57:40.189  4930  5106 D ar_activity: [--- anchor: onUpdate--- time=2023-04-22 01:57:40.189]
04-22 01:57:40.189  4930  5106 D ar_activity: [--- onAnchorHosted [NOT HOSTED]--- time=2023-04-22 01:57:40.189]
04-22 01:57:40.195  4930  4930 D ar_activity: [anchor resolution changed: true time=2023-04-22 01:57:40.195]
04-22 01:57:40.203  4930  4930 D ar_activity: [onAnchorResolutionError: null time=2023-04-22 01:57:40.203]
04-22 01:57:41.442  4930  4930 D ar_activity: SET ANCHOR: 2023-04-22 01:57:41.442
04-22 01:57:42.436  4930  4930 D ar_activity: [anchor resolution changed: null time=2023-04-22 01:57:42.436]
04-22 01:57:42.619  4930  4930 D ar_activity: [--- sync ready to set anchor --- time=2023-04-22 01:57:42.618]
04-22 01:57:42.619  4930  4930 D ar_activity: [--- sync: sendSetAnchorEvent --- time=2023-04-22 01:57:42.619]
04-22 01:57:42.619  4930  4930 D ar_activity: --- start creating anchor: 2023-04-22 01:57:42.619 ---
04-22 01:57:42.619  4930  4930 D ar_activity: --- anchor: com.google.ar.core.Anchor@b49e8e49 ---
04-22 01:57:42.619  4930  4930 D ar_activity: --- finish creating anchor: 2023-04-22 01:57:42.619 ---
04-22 01:57:42.619  4930  4930 D ar_activity: [hostAnchor start time=2023-04-22 01:57:42.619]
04-22 01:57:42.620  4930  4930 D ar_activity: [hostAnchor end time=2023-04-22 01:57:42.619]
04-22 01:57:42.620  4930  4930 D ar_activity: Start CONNECTING: 2023-04-22 01:57:42.620
04-22 01:57:42.629  4930  5106 D ar_activity: [--- anchor: onUpdate--- time=2023-04-22 01:57:42.628]
04-22 01:57:45.501  4930  5106 D ar_activity: [--- anchor: onUpdate--- time=2023-04-22 01:57:45.501]
04-22 01:57:45.504  4930  5106 D ar_activity: [--- onAnchorHosted [HOSTED]--- time=2023-04-22 01:57:45.503]
04-22 01:57:45.512  4930  4930 D ar_activity: [anchor resolution changed: false time=2023-04-22 01:57:45.512]
04-22 01:57:48.808  4930  4930 D ar_activity: [--- sync: finish syncing anchor --- time=2023-04-22 01:57:48.807]
04-22 01:57:48.810  4930  4930 D ar_activity: SYNCED: 2023-04-22 01:57:48.810
04-22 01:57:52.213  4930  4930 D ar_activity: [[1a start] touch screen time=2023-04-22 01:57:52.212]
04-22 01:57:52.219  4930  5106 D ar_activity: addStroke at 2023-04-22 01:57:52.219
04-22 01:57:52.221  4930  5106 D ar_activity: stroke (id: -NTbXZyXdIDMXsSv7dGv) was added at 2023-04-22 01:57:52.220
04-22 01:57:52.221  4930  5106 D ar_activity: [[1b start] setFirebaseValue stroke id=-NTbXZyXdIDMXsSv7dGv time=2023-04-22 01:57:52.221]
04-22 01:57:52.224  4930  5106 D ar_activity: [TRACKING TransformPointToPose time=2023-04-22 01:57:52.224]
04-22 01:57:52.226  4930  5106 D ar_activity: send stroke to firebase, id=-NTbXZyXdIDMXsSv7dGv
04-22 01:57:52.226  4930  5106 D ar_activity: [[2d] after update lines time=2023-04-22 01:57:52.226]
04-22 01:57:52.226  4930  4930 D ar_activity: [[2a end - 2d start] onChildAdded stroke id=-NTbXZyXdIDMXsSv7dGv time=2023-04-22 01:57:52.226]
04-22 01:57:52.247  4930  5106 D ar_activity: [TRACKING TransformPointToPose time=2023-04-22 01:57:52.246]
04-22 01:57:52.247  4930  5106 D ar_activity: [TRACKING TransformPointToPose time=2023-04-22 01:57:52.247]
04-22 01:57:52.247  4930  5106 D ar_activity: send stroke to firebase, id=-NTbXZyXdIDMXsSv7dGv
04-22 01:57:52.247  4930  5106 D ar_activity: [[2d] after update lines time=2023-04-22 01:57:52.247]
04-22 01:57:52.271  4930  5106 D ar_activity: [TRACKING TransformPointToPose time=2023-04-22 01:57:52.271]
04-22 01:57:52.274  4930  5106 D ar_activity: [TRACKING TransformPointToPose time=2023-04-22 01:57:52.274]
04-22 01:57:52.274  4930  5106 D ar_activity: send stroke to firebase, id=-NTbXZyXdIDMXsSv7dGv
04-22 01:57:52.277  4930  5106 D ar_activity: [[2d] after update lines time=2023-04-22 01:57:52.276]
04-22 01:57:52.290  4930  4930 D ar_activity: [[1b start] setFirebaseValue stroke id=-NTbXZyXdIDMXsSv7dGv time=2023-04-22 01:57:52.290]
04-22 01:57:52.294  4930  4930 D ar_activity: [[2a end - 2d start] onChildChanged stroke id=-NTbXZyXdIDMXsSv7dGv time=2023-04-22 01:57:52.294]
04-22 01:57:52.299  4930  5106 D ar_activity: [TRACKING TransformPointToPose time=2023-04-22 01:57:52.298]
04-22 01:57:52.299  4930  5106 D ar_activity: [TRACKING TransformPointToPose time=2023-04-22 01:57:52.299]
04-22 01:57:52.299  4930  5106 D ar_activity: send stroke to firebase, id=-NTbXZyXdIDMXsSv7dGv
04-22 01:57:52.300  4930  5106 D ar_activity: [[2d] after update lines time=2023-04-22 01:57:52.299]
04-22 01:57:52.320  4930  5106 D ar_activity: [TRACKING TransformPointToPose time=2023-04-22 01:57:52.319]
04-22 01:57:52.321  4930  5106 D ar_activity: [TRACKING TransformPointToPose time=2023-04-22 01:57:52.321]
04-22 01:57:52.321  4930  5106 D ar_activity: send stroke to firebase, id=-NTbXZyXdIDMXsSv7dGv
04-22 01:57:52.324  4930  5106 D ar_activity: [[2d] after update lines time=2023-04-22 01:57:52.323]
04-22 01:57:52.350  4930  5106 D ar_activity: [TRACKING TransformPointToPose time=2023-04-22 01:57:52.350]
04-22 01:57:52.351  4930  5106 D ar_activity: [TRACKING TransformPointToPose time=2023-04-22 01:57:52.351]
04-22 01:57:52.352  4930  5106 D ar_activity: send stroke to firebase, id=-NTbXZyXdIDMXsSv7dGv
04-22 01:57:52.353  4930  5106 D ar_activity: [[2d] after update lines time=2023-04-22 01:57:52.353]
04-22 01:57:52.363  4930  4930 D ar_activity: [[2a end - 2d start] onChildChanged stroke id=-NTbXZyXdIDMXsSv7dGv time=2023-04-22 01:57:52.362]
04-22 01:57:52.377  4930  5106 D ar_activity: [TRACKING TransformPointToPose time=2023-04-22 01:57:52.377]
04-22 01:57:52.377  4930  5106 D ar_activity: [TRACKING TransformPointToPose time=2023-04-22 01:57:52.377]
04-22 01:57:52.377  4930  5106 D ar_activity: send stroke to firebase, id=-NTbXZyXdIDMXsSv7dGv
04-22 01:57:52.378  4930  5106 D ar_activity: [[2d] after update lines time=2023-04-22 01:57:52.378]
04-22 01:57:52.398  4930  5106 D ar_activity: [TRACKING TransformPointToPose time=2023-04-22 01:57:52.398]
04-22 01:57:52.398  4930  5106 D ar_activity: [TRACKING TransformPointToPose time=2023-04-22 01:57:52.398]
04-22 01:57:52.399  4930  5106 D ar_activity: send stroke to firebase, id=-NTbXZyXdIDMXsSv7dGv
04-22 01:57:52.400  4930  5106 D ar_activity: [[2d] after update lines time=2023-04-22 01:57:52.400]
04-22 01:57:52.420  4930  5106 D ar_activity: [TRACKING TransformPointToPose time=2023-04-22 01:57:52.420]
04-22 01:57:52.421  4930  5106 D ar_activity: [TRACKING TransformPointToPose time=2023-04-22 01:57:52.420]
04-22 01:57:52.421  4930  5106 D ar_activity: send stroke to firebase, id=-NTbXZyXdIDMXsSv7dGv
04-22 01:57:52.421  4930  5106 D ar_activity: [[2d] after update lines time=2023-04-22 01:57:52.421]
04-22 01:57:52.421  4930  4930 D ar_activity: [[2a end - 2d start] onChildChanged stroke id=-NTbXZyXdIDMXsSv7dGv time=2023-04-22 01:57:52.421]
04-22 01:57:52.444  4930  5106 D ar_activity: [TRACKING TransformPointToPose time=2023-04-22 01:57:52.443]
04-22 01:57:52.444  4930  5106 D ar_activity: [TRACKING TransformPointToPose time=2023-04-22 01:57:52.444]
04-22 01:57:52.444  4930  5106 D ar_activity: send stroke to firebase, id=-NTbXZyXdIDMXsSv7dGv
04-22 01:57:52.445  4930  5106 D ar_activity: [[2d] after update lines time=2023-04-22 01:57:52.444]
04-22 01:57:52.464  4930  5106 D ar_activity: [TRACKING TransformPointToPose time=2023-04-22 01:57:52.464]
04-22 01:57:52.464  4930  5106 D ar_activity: [TRACKING TransformPointToPose time=2023-04-22 01:57:52.464]
04-22 01:57:52.464  4930  5106 D ar_activity: send stroke to firebase, id=-NTbXZyXdIDMXsSv7dGv
04-22 01:57:52.465  4930  5106 D ar_activity: [[2d] after update lines time=2023-04-22 01:57:52.465]
04-22 01:57:52.484  4930  5106 D ar_activity: [TRACKING TransformPointToPose time=2023-04-22 01:57:52.484]
04-22 01:57:52.485  4930  5106 D ar_activity: [TRACKING TransformPointToPose time=2023-04-22 01:57:52.485]
04-22 01:57:52.485  4930  5106 D ar_activity: send stroke to firebase, id=-NTbXZyXdIDMXsSv7dGv
04-22 01:57:52.485  4930  5106 D ar_activity: [[2d] after update lines time=2023-04-22 01:57:52.485]
04-22 01:57:52.487  4930  4930 D ar_activity: [[2a end - 2d start] onChildChanged stroke id=-NTbXZyXdIDMXsSv7dGv time=2023-04-22 01:57:52.487]
04-22 01:57:52.504  4930  5106 D ar_activity: [TRACKING TransformPointToPose time=2023-04-22 01:57:52.504]
04-22 01:57:52.504  4930  5106 D ar_activity: send stroke to firebase, id=-NTbXZyXdIDMXsSv7dGv
04-22 01:57:52.505  4930  5106 D ar_activity: [[2d] after update lines time=2023-04-22 01:57:52.505]
04-22 01:57:52.525  4930  5106 D ar_activity: [TRACKING TransformPointToPose time=2023-04-22 01:57:52.525]
04-22 01:57:52.525  4930  5106 D ar_activity: send stroke to firebase, id=-NTbXZyXdIDMXsSv7dGv
04-22 01:57:52.526  4930  5106 D ar_activity: [[2d] after update lines time=2023-04-22 01:57:52.526]
04-22 01:57:52.546  4930  5106 D ar_activity: [TRACKING TransformPointToPose time=2023-04-22 01:57:52.546]
04-22 01:57:52.547  4930  5106 D ar_activity: [TRACKING TransformPointToPose time=2023-04-22 01:57:52.547]
04-22 01:57:52.547  4930  5106 D ar_activity: send stroke to firebase, id=-NTbXZyXdIDMXsSv7dGv
04-22 01:57:52.547  4930  5106 D ar_activity: [[2d] after update lines time=2023-04-22 01:57:52.547]
04-22 01:57:52.558  4930  4930 D ar_activity: [[2a end - 2d start] onChildChanged stroke id=-NTbXZyXdIDMXsSv7dGv time=2023-04-22 01:57:52.558]
04-22 01:57:52.566  4930  5106 D ar_activity: [TRACKING TransformPointToPose time=2023-04-22 01:57:52.566]
04-22 01:57:52.568  4930  5106 D ar_activity: [TRACKING TransformPointToPose time=2023-04-22 01:57:52.566]
04-22 01:57:52.568  4930  5106 D ar_activity: send stroke to firebase, id=-NTbXZyXdIDMXsSv7dGv
04-22 01:57:52.569  4930  5106 D ar_activity: [[2d] after update lines time=2023-04-22 01:57:52.569]
04-22 01:57:52.589  4930  5106 D ar_activity: [TRACKING TransformPointToPose time=2023-04-22 01:57:52.588]
04-22 01:57:52.589  4930  5106 D ar_activity: [TRACKING TransformPointToPose time=2023-04-22 01:57:52.589]
04-22 01:57:52.590  4930  5106 D ar_activity: send stroke to firebase, id=-NTbXZyXdIDMXsSv7dGv
04-22 01:57:52.592  4930  5106 D ar_activity: [[2d] after update lines time=2023-04-22 01:57:52.591]
04-22 01:57:52.614  4930  5106 D ar_activity: [TRACKING TransformPointToPose time=2023-04-22 01:57:52.614]
04-22 01:57:52.614  4930  5106 D ar_activity: [TRACKING TransformPointToPose time=2023-04-22 01:57:52.614]
04-22 01:57:52.614  4930  5106 D ar_activity: send stroke to firebase, id=-NTbXZyXdIDMXsSv7dGv
04-22 01:57:52.615  4930  5106 D ar_activity: [[2d] after update lines time=2023-04-22 01:57:52.615]
04-22 01:57:52.635  4930  5106 D ar_activity: [TRACKING TransformPointToPose time=2023-04-22 01:57:52.634]
04-22 01:57:52.635  4930  5106 D ar_activity: [TRACKING TransformPointToPose time=2023-04-22 01:57:52.635]
04-22 01:57:52.635  4930  5106 D ar_activity: send stroke to firebase, id=-NTbXZyXdIDMXsSv7dGv
04-22 01:57:52.636  4930  5106 D ar_activity: [[2d] after update lines time=2023-04-22 01:57:52.636]
04-22 01:57:52.649  4930  4930 D ar_activity: [[2a end - 2d start] onChildChanged stroke id=-NTbXZyXdIDMXsSv7dGv time=2023-04-22 01:57:52.648]
04-22 01:57:52.654  4930  5106 D ar_activity: [TRACKING TransformPointToPose time=2023-04-22 01:57:52.654]
04-22 01:57:52.655  4930  5106 D ar_activity: [TRACKING TransformPointToPose time=2023-04-22 01:57:52.655]
04-22 01:57:52.655  4930  5106 D ar_activity: send stroke to firebase, id=-NTbXZyXdIDMXsSv7dGv
04-22 01:57:52.656  4930  5106 D ar_activity: [[2d] after update lines time=2023-04-22 01:57:52.655]
04-22 01:57:52.677  4930  5106 D ar_activity: [TRACKING TransformPointToPose time=2023-04-22 01:57:52.677]
04-22 01:57:52.677  4930  5106 D ar_activity: [TRACKING TransformPointToPose time=2023-04-22 01:57:52.677]
04-22 01:57:52.678  4930  5106 D ar_activity: send stroke to firebase, id=-NTbXZyXdIDMXsSv7dGv
04-22 01:57:52.678  4930  5106 D ar_activity: [[2d] after update lines time=2023-04-22 01:57:52.678]
04-22 01:57:52.699  4930  5106 D ar_activity: [TRACKING TransformPointToPose time=2023-04-22 01:57:52.699]
04-22 01:57:52.700  4930  5106 D ar_activity: [TRACKING TransformPointToPose time=2023-04-22 01:57:52.699]
04-22 01:57:52.700  4930  5106 D ar_activity: send stroke to firebase, id=-NTbXZyXdIDMXsSv7dGv
04-22 01:57:52.703  4930  5106 D ar_activity: [[2d] after update lines time=2023-04-22 01:57:52.703]
04-22 01:57:52.716  4930  4930 D ar_activity: [[2a end - 2d start] onChildChanged stroke id=-NTbXZyXdIDMXsSv7dGv time=2023-04-22 01:57:52.715]
04-22 01:57:52.722  4930  5106 D ar_activity: [TRACKING TransformPointToPose time=2023-04-22 01:57:52.722]
04-22 01:57:52.722  4930  5106 D ar_activity: [TRACKING TransformPointToPose time=2023-04-22 01:57:52.722]
04-22 01:57:52.722  4930  5106 D ar_activity: send stroke to firebase, id=-NTbXZyXdIDMXsSv7dGv
04-22 01:57:52.723  4930  5106 D ar_activity: [[2d] after update lines time=2023-04-22 01:57:52.723]
04-22 01:57:52.745  4930  5106 D ar_activity: [TRACKING TransformPointToPose time=2023-04-22 01:57:52.744]
04-22 01:57:52.745  4930  5106 D ar_activity: [TRACKING TransformPointToPose time=2023-04-22 01:57:52.745]
04-22 01:57:52.745  4930  5106 D ar_activity: send stroke to firebase, id=-NTbXZyXdIDMXsSv7dGv
04-22 01:57:52.746  4930  5106 D ar_activity: [[2d] after update lines time=2023-04-22 01:57:52.746]
04-22 01:57:52.765  4930  5106 D ar_activity: [TRACKING TransformPointToPose time=2023-04-22 01:57:52.765]
04-22 01:57:52.765  4930  5106 D ar_activity: [TRACKING TransformPointToPose time=2023-04-22 01:57:52.765]
04-22 01:57:52.766  4930  5106 D ar_activity: send stroke to firebase, id=-NTbXZyXdIDMXsSv7dGv
04-22 01:57:52.766  4930  5106 D ar_activity: [[2d] after update lines time=2023-04-22 01:57:52.766]
04-22 01:57:52.783  4930  4930 D ar_activity: [[2a end - 2d start] onChildChanged stroke id=-NTbXZyXdIDMXsSv7dGv time=2023-04-22 01:57:52.783]
04-22 01:57:52.788  4930  5106 D ar_activity: [TRACKING TransformPointToPose time=2023-04-22 01:57:52.787]
04-22 01:57:52.789  4930  5106 D ar_activity: [TRACKING TransformPointToPose time=2023-04-22 01:57:52.788]
04-22 01:57:52.789  4930  5106 D ar_activity: send stroke to firebase, id=-NTbXZyXdIDMXsSv7dGv
04-22 01:57:52.792  4930  5106 D ar_activity: [[2d] after update lines time=2023-04-22 01:57:52.791]
04-22 01:57:52.813  4930  5106 D ar_activity: [TRACKING TransformPointToPose time=2023-04-22 01:57:52.813]
04-22 01:57:52.814  4930  5106 D ar_activity: [TRACKING TransformPointToPose time=2023-04-22 01:57:52.814]
04-22 01:57:52.814  4930  5106 D ar_activity: send stroke to firebase, id=-NTbXZyXdIDMXsSv7dGv
04-22 01:57:52.814  4930  5106 D ar_activity: [[2d] after update lines time=2023-04-22 01:57:52.814]
04-22 01:57:52.835  4930  5106 D ar_activity: [TRACKING TransformPointToPose time=2023-04-22 01:57:52.835]
04-22 01:57:52.836  4930  5106 D ar_activity: [TRACKING TransformPointToPose time=2023-04-22 01:57:52.836]
04-22 01:57:52.836  4930  5106 D ar_activity: send stroke to firebase, id=-NTbXZyXdIDMXsSv7dGv
04-22 01:57:52.836  4930  5106 D ar_activity: [[2d] after update lines time=2023-04-22 01:57:52.836]
04-22 01:57:52.853  4930  4930 D ar_activity: [[2a end - 2d start] onChildChanged stroke id=-NTbXZyXdIDMXsSv7dGv time=2023-04-22 01:57:52.853]
04-22 01:57:52.855  4930  5106 D ar_activity: [TRACKING TransformPointToPose time=2023-04-22 01:57:52.855]
04-22 01:57:52.855  4930  5106 D ar_activity: [TRACKING TransformPointToPose time=2023-04-22 01:57:52.855]
04-22 01:57:52.855  4930  5106 D ar_activity: send stroke to firebase, id=-NTbXZyXdIDMXsSv7dGv
04-22 01:57:52.856  4930  5106 D ar_activity: [[2d] after update lines time=2023-04-22 01:57:52.856]
04-22 01:57:52.877  4930  5106 D ar_activity: [TRACKING TransformPointToPose time=2023-04-22 01:57:52.877]
04-22 01:57:52.878  4930  5106 D ar_activity: [TRACKING TransformPointToPose time=2023-04-22 01:57:52.878]
04-22 01:57:52.878  4930  5106 D ar_activity: send stroke to firebase, id=-NTbXZyXdIDMXsSv7dGv
04-22 01:57:52.879  4930  5106 D ar_activity: [[2d] after update lines time=2023-04-22 01:57:52.878]
04-22 01:57:52.899  4930  5106 D ar_activity: [TRACKING TransformPointToPose time=2023-04-22 01:57:52.898]
04-22 01:57:52.900  4930  5106 D ar_activity: [TRACKING TransformPointToPose time=2023-04-22 01:57:52.899]
04-22 01:57:52.900  4930  5106 D ar_activity: send stroke to firebase, id=-NTbXZyXdIDMXsSv7dGv
04-22 01:57:52.901  4930  5106 D ar_activity: [[2d] after update lines time=2023-04-22 01:57:52.900]
04-22 01:57:52.919  4930  4930 D ar_activity: [[2a end - 2d start] onChildChanged stroke id=-NTbXZyXdIDMXsSv7dGv time=2023-04-22 01:57:52.918]
04-22 01:57:52.921  4930  5106 D ar_activity: [TRACKING TransformPointToPose time=2023-04-22 01:57:52.921]
04-22 01:57:52.921  4930  5106 D ar_activity: [TRACKING TransformPointToPose time=2023-04-22 01:57:52.921]
04-22 01:57:52.921  4930  5106 D ar_activity: send stroke to firebase, id=-NTbXZyXdIDMXsSv7dGv
04-22 01:57:52.922  4930  5106 D ar_activity: [[2d] after update lines time=2023-04-22 01:57:52.922]
04-22 01:57:52.944  4930  5106 D ar_activity: [TRACKING TransformPointToPose time=2023-04-22 01:57:52.944]
04-22 01:57:52.944  4930  5106 D ar_activity: [TRACKING TransformPointToPose time=2023-04-22 01:57:52.944]
04-22 01:57:52.944  4930  5106 D ar_activity: send stroke to firebase, id=-NTbXZyXdIDMXsSv7dGv
04-22 01:57:52.945  4930  5106 D ar_activity: [[2d] after update lines time=2023-04-22 01:57:52.945]
04-22 01:57:52.964  4930  5106 D ar_activity: [TRACKING TransformPointToPose time=2023-04-22 01:57:52.964]
04-22 01:57:52.965  4930  5106 D ar_activity: [TRACKING TransformPointToPose time=2023-04-22 01:57:52.964]
04-22 01:57:52.965  4930  5106 D ar_activity: send stroke to firebase, id=-NTbXZyXdIDMXsSv7dGv
04-22 01:57:52.965  4930  5106 D ar_activity: [[2d] after update lines time=2023-04-22 01:57:52.965]
04-22 01:57:52.984  4930  5106 D ar_activity: [TRACKING TransformPointToPose time=2023-04-22 01:57:52.984]
04-22 01:57:52.984  4930  5106 D ar_activity: [TRACKING TransformPointToPose time=2023-04-22 01:57:52.984]
04-22 01:57:52.984  4930  5106 D ar_activity: send stroke to firebase, id=-NTbXZyXdIDMXsSv7dGv
04-22 01:57:52.985  4930  5106 D ar_activity: [[2d] after update lines time=2023-04-22 01:57:52.985]
04-22 01:57:52.998  4930  4930 D ar_activity: [[2a end - 2d start] onChildChanged stroke id=-NTbXZyXdIDMXsSv7dGv time=2023-04-22 01:57:52.997]
04-22 01:57:53.004  4930  5106 D ar_activity: [TRACKING TransformPointToPose time=2023-04-22 01:57:53.004]
04-22 01:57:53.004  4930  5106 D ar_activity: send stroke to firebase, id=-NTbXZyXdIDMXsSv7dGv
04-22 01:57:53.004  4930  5106 D ar_activity: [[2d] after update lines time=2023-04-22 01:57:53.004]
04-22 01:57:53.023  4930  5106 D ar_activity: [TRACKING TransformPointToPose time=2023-04-22 01:57:53.023]
04-22 01:57:53.024  4930  5106 D ar_activity: [TRACKING TransformPointToPose time=2023-04-22 01:57:53.024]
04-22 01:57:53.024  4930  5106 D ar_activity: send stroke to firebase, id=-NTbXZyXdIDMXsSv7dGv
04-22 01:57:53.024  4930  5106 D ar_activity: [[2d] after update lines time=2023-04-22 01:57:53.024]
04-22 01:57:53.045  4930  5106 D ar_activity: [TRACKING TransformPointToPose time=2023-04-22 01:57:53.045]
04-22 01:57:53.048  4930  5106 D ar_activity: [TRACKING TransformPointToPose time=2023-04-22 01:57:53.045]
04-22 01:57:53.048  4930  5106 D ar_activity: send stroke to firebase, id=-NTbXZyXdIDMXsSv7dGv
04-22 01:57:53.049  4930  5106 D ar_activity: [[2d] after update lines time=2023-04-22 01:57:53.049]
04-22 01:57:53.069  4930  4930 D ar_activity: [[2a end - 2d start] onChildChanged stroke id=-NTbXZyXdIDMXsSv7dGv time=2023-04-22 01:57:53.069]
04-22 01:57:53.070  4930  5106 D ar_activity: [TRACKING TransformPointToPose time=2023-04-22 01:57:53.070]
04-22 01:57:53.070  4930  5106 D ar_activity: [TRACKING TransformPointToPose time=2023-04-22 01:57:53.070]
04-22 01:57:53.070  4930  5106 D ar_activity: send stroke to firebase, id=-NTbXZyXdIDMXsSv7dGv
04-22 01:57:53.071  4930  5106 D ar_activity: [[2d] after update lines time=2023-04-22 01:57:53.071]
04-22 01:57:53.090  4930  5106 D ar_activity: [TRACKING TransformPointToPose time=2023-04-22 01:57:53.090]
04-22 01:57:53.090  4930  5106 D ar_activity: [TRACKING TransformPointToPose time=2023-04-22 01:57:53.090]
04-22 01:57:53.090  4930  5106 D ar_activity: send stroke to firebase, id=-NTbXZyXdIDMXsSv7dGv
04-22 01:57:53.091  4930  5106 D ar_activity: [[2d] after update lines time=2023-04-22 01:57:53.091]
04-22 01:57:53.111  4930  5106 D ar_activity: [TRACKING TransformPointToPose time=2023-04-22 01:57:53.111]
04-22 01:57:53.111  4930  5106 D ar_activity: [TRACKING TransformPointToPose time=2023-04-22 01:57:53.111]
04-22 01:57:53.112  4930  5106 D ar_activity: send stroke to firebase, id=-NTbXZyXdIDMXsSv7dGv
04-22 01:57:53.112  4930  5106 D ar_activity: [[2d] after update lines time=2023-04-22 01:57:53.112]
04-22 01:57:53.132  4930  5106 D ar_activity: [TRACKING TransformPointToPose time=2023-04-22 01:57:53.131]
04-22 01:57:53.132  4930  5106 D ar_activity: [TRACKING TransformPointToPose time=2023-04-22 01:57:53.132]
04-22 01:57:53.132  4930  5106 D ar_activity: send stroke to firebase, id=-NTbXZyXdIDMXsSv7dGv
04-22 01:57:53.136  4930  5106 D ar_activity: [[2d] after update lines time=2023-04-22 01:57:53.136]
04-22 01:57:53.137  4930  4930 D ar_activity: [[2a end - 2d start] onChildChanged stroke id=-NTbXZyXdIDMXsSv7dGv time=2023-04-22 01:57:53.137]
04-22 01:57:53.155  4930  5106 D ar_activity: [TRACKING TransformPointToPose time=2023-04-22 01:57:53.155]
04-22 01:57:53.155  4930  5106 D ar_activity: [TRACKING TransformPointToPose time=2023-04-22 01:57:53.155]
04-22 01:57:53.155  4930  5106 D ar_activity: send stroke to firebase, id=-NTbXZyXdIDMXsSv7dGv
04-22 01:57:53.156  4930  5106 D ar_activity: [[2d] after update lines time=2023-04-22 01:57:53.156]
04-22 01:57:53.178  4930  5106 D ar_activity: [TRACKING TransformPointToPose time=2023-04-22 01:57:53.178]
04-22 01:57:53.178  4930  5106 D ar_activity: [TRACKING TransformPointToPose time=2023-04-22 01:57:53.178]
04-22 01:57:53.179  4930  5106 D ar_activity: send stroke to firebase, id=-NTbXZyXdIDMXsSv7dGv
04-22 01:57:53.179  4930  5106 D ar_activity: [[2d] after update lines time=2023-04-22 01:57:53.179]
04-22 01:57:53.206  4930  5106 D ar_activity: [TRACKING TransformPointToPose time=2023-04-22 01:57:53.206]
04-22 01:57:53.208  4930  5106 D ar_activity: [TRACKING TransformPointToPose time=2023-04-22 01:57:53.208]
04-22 01:57:53.211  4930  5106 D ar_activity: send stroke to firebase, id=-NTbXZyXdIDMXsSv7dGv
04-22 01:57:53.215  4930  5106 D ar_activity: [[2d] after update lines time=2023-04-22 01:57:53.215]
04-22 01:57:53.231  4930  4930 D ar_activity: [[2a end - 2d start] onChildChanged stroke id=-NTbXZyXdIDMXsSv7dGv time=2023-04-22 01:57:53.231]
04-22 01:57:53.244  4930  5106 D ar_activity: [TRACKING TransformPointToPose time=2023-04-22 01:57:53.244]
04-22 01:57:53.244  4930  5106 D ar_activity: [TRACKING TransformPointToPose time=2023-04-22 01:57:53.244]
04-22 01:57:53.244  4930  5106 D ar_activity: send stroke to firebase, id=-NTbXZyXdIDMXsSv7dGv
04-22 01:57:53.245  4930  5106 D ar_activity: [[2d] after update lines time=2023-04-22 01:57:53.245]
04-22 01:57:53.264  4930  5106 D ar_activity: [TRACKING TransformPointToPose time=2023-04-22 01:57:53.264]
04-22 01:57:53.264  4930  5106 D ar_activity: [TRACKING TransformPointToPose time=2023-04-22 01:57:53.264]
04-22 01:57:53.265  4930  5106 D ar_activity: send stroke to firebase, id=-NTbXZyXdIDMXsSv7dGv
04-22 01:57:53.265  4930  5106 D ar_activity: [[2d] after update lines time=2023-04-22 01:57:53.265]
04-22 01:57:53.286  4930  5106 D ar_activity: [TRACKING TransformPointToPose time=2023-04-22 01:57:53.286]
04-22 01:57:53.287  4930  5106 D ar_activity: [TRACKING TransformPointToPose time=2023-04-22 01:57:53.287]
04-22 01:57:53.287  4930  5106 D ar_activity: send stroke to firebase, id=-NTbXZyXdIDMXsSv7dGv
04-22 01:57:53.289  4930  5106 D ar_activity: [[2d] after update lines time=2023-04-22 01:57:53.288]
04-22 01:57:53.308  4930  4930 D ar_activity: [[2a end - 2d start] onChildChanged stroke id=-NTbXZyXdIDMXsSv7dGv time=2023-04-22 01:57:53.308]
04-22 01:57:53.326  4930  5106 D ar_activity: [TRACKING TransformPointToPose time=2023-04-22 01:57:53.325]
04-22 01:57:53.327  4930  5106 D ar_activity: [TRACKING TransformPointToPose time=2023-04-22 01:57:53.327]
04-22 01:57:53.330  4930  5106 D ar_activity: [TRACKING TransformPointToPose time=2023-04-22 01:57:53.330]
04-22 01:57:53.331  4930  5106 D ar_activity: send stroke to firebase, id=-NTbXZyXdIDMXsSv7dGv
04-22 01:57:53.333  4930  5106 D ar_activity: [[2d] after update lines time=2023-04-22 01:57:53.333]
04-22 01:57:53.356  4930  5106 D ar_activity: [TRACKING TransformPointToPose time=2023-04-22 01:57:53.356]
04-22 01:57:53.356  4930  5106 D ar_activity: [TRACKING TransformPointToPose time=2023-04-22 01:57:53.356]
04-22 01:57:53.356  4930  5106 D ar_activity: send stroke to firebase, id=-NTbXZyXdIDMXsSv7dGv
04-22 01:57:53.357  4930  5106 D ar_activity: [[2d] after update lines time=2023-04-22 01:57:53.357]
04-22 01:57:53.373  4930  4930 D ar_activity: [[2a end - 2d start] onChildChanged stroke id=-NTbXZyXdIDMXsSv7dGv time=2023-04-22 01:57:53.373]
04-22 01:57:53.378  4930  5106 D ar_activity: [TRACKING TransformPointToPose time=2023-04-22 01:57:53.378]
04-22 01:57:53.378  4930  5106 D ar_activity: [TRACKING TransformPointToPose time=2023-04-22 01:57:53.378]
04-22 01:57:53.379  4930  5106 D ar_activity: send stroke to firebase, id=-NTbXZyXdIDMXsSv7dGv
04-22 01:57:53.379  4930  5106 D ar_activity: [[2d] after update lines time=2023-04-22 01:57:53.379]
04-22 01:57:53.398  4930  5106 D ar_activity: [TRACKING TransformPointToPose time=2023-04-22 01:57:53.398]
04-22 01:57:53.398  4930  5106 D ar_activity: [TRACKING TransformPointToPose time=2023-04-22 01:57:53.398]
04-22 01:57:53.398  4930  5106 D ar_activity: send stroke to firebase, id=-NTbXZyXdIDMXsSv7dGv
04-22 01:57:53.399  4930  5106 D ar_activity: [[2d] after update lines time=2023-04-22 01:57:53.399]
04-22 01:57:53.418  4930  5106 D ar_activity: [TRACKING TransformPointToPose time=2023-04-22 01:57:53.418]
04-22 01:57:53.418  4930  5106 D ar_activity: [TRACKING TransformPointToPose time=2023-04-22 01:57:53.418]
04-22 01:57:53.418  4930  5106 D ar_activity: send stroke to firebase, id=-NTbXZyXdIDMXsSv7dGv
04-22 01:57:53.419  4930  5106 D ar_activity: [[2d] after update lines time=2023-04-22 01:57:53.419]
04-22 01:57:53.438  4930  5106 D ar_activity: [TRACKING TransformPointToPose time=2023-04-22 01:57:53.438]
04-22 01:57:53.438  4930  5106 D ar_activity: send stroke to firebase, id=-NTbXZyXdIDMXsSv7dGv
04-22 01:57:53.439  4930  5106 D ar_activity: [[2d] after update lines time=2023-04-22 01:57:53.438]
04-22 01:57:53.456  4930  4930 D ar_activity: [[2a end - 2d start] onChildChanged stroke id=-NTbXZyXdIDMXsSv7dGv time=2023-04-22 01:57:53.456]
04-22 01:57:53.464  4930  5106 D ar_activity: [TRACKING TransformPointToPose time=2023-04-22 01:57:53.463]
04-22 01:57:53.465  4930  5106 D ar_activity: [TRACKING TransformPointToPose time=2023-04-22 01:57:53.464]
04-22 01:57:53.465  4930  5106 D ar_activity: [TRACKING TransformPointToPose time=2023-04-22 01:57:53.465]
04-22 01:57:53.467  4930  5106 D ar_activity: send stroke to firebase, id=-NTbXZyXdIDMXsSv7dGv
04-22 01:57:53.470  4930  5106 D ar_activity: [[2d] after update lines time=2023-04-22 01:57:53.469]
04-22 01:57:53.493  4930  5106 D ar_activity: [TRACKING TransformPointToPose time=2023-04-22 01:57:53.493]
04-22 01:57:53.494  4930  5106 D ar_activity: [TRACKING TransformPointToPose time=2023-04-22 01:57:53.494]
04-22 01:57:53.494  4930  5106 D ar_activity: send stroke to firebase, id=-NTbXZyXdIDMXsSv7dGv
04-22 01:57:53.494  4930  5106 D ar_activity: [[2d] after update lines time=2023-04-22 01:57:53.494]
04-22 01:57:53.513  4930  5106 D ar_activity: [TRACKING TransformPointToPose time=2023-04-22 01:57:53.513]
04-22 01:57:53.514  4930  5106 D ar_activity: [TRACKING TransformPointToPose time=2023-04-22 01:57:53.514]
04-22 01:57:53.514  4930  5106 D ar_activity: send stroke to firebase, id=-NTbXZyXdIDMXsSv7dGv
04-22 01:57:53.514  4930  5106 D ar_activity: [[2d] after update lines time=2023-04-22 01:57:53.514]
04-22 01:57:53.533  4930  5106 D ar_activity: [TRACKING TransformPointToPose time=2023-04-22 01:57:53.533]
04-22 01:57:53.533  4930  5106 D ar_activity: [TRACKING TransformPointToPose time=2023-04-22 01:57:53.533]
04-22 01:57:53.534  4930  5106 D ar_activity: send stroke to firebase, id=-NTbXZyXdIDMXsSv7dGv
04-22 01:57:53.534  4930  5106 D ar_activity: [[2d] after update lines time=2023-04-22 01:57:53.534]
04-22 01:57:53.555  4930  5106 D ar_activity: [TRACKING TransformPointToPose time=2023-04-22 01:57:53.554]
04-22 01:57:53.555  4930  5106 D ar_activity: [TRACKING TransformPointToPose time=2023-04-22 01:57:53.555]
04-22 01:57:53.555  4930  5106 D ar_activity: send stroke to firebase, id=-NTbXZyXdIDMXsSv7dGv
04-22 01:57:53.556  4930  5106 D ar_activity: [[2d] after update lines time=2023-04-22 01:57:53.556]
04-22 01:57:53.580  4930  5106 D ar_activity: [TRACKING TransformPointToPose time=2023-04-22 01:57:53.580]
04-22 01:57:53.581  4930  5106 D ar_activity: [TRACKING TransformPointToPose time=2023-04-22 01:57:53.580]
04-22 01:57:53.581  4930  5106 D ar_activity: send stroke to firebase, id=-NTbXZyXdIDMXsSv7dGv
04-22 01:57:53.581  4930  5106 D ar_activity: [[2d] after update lines time=2023-04-22 01:57:53.581]
04-22 01:57:53.588  4930  4930 D ar_activity: [[2a end - 2d start] onChildChanged stroke id=-NTbXZyXdIDMXsSv7dGv time=2023-04-22 01:57:53.588]
04-22 01:57:53.600  4930  5106 D ar_activity: [TRACKING TransformPointToPose time=2023-04-22 01:57:53.600]
04-22 01:57:53.600  4930  5106 D ar_activity: [TRACKING TransformPointToPose time=2023-04-22 01:57:53.600]
04-22 01:57:53.602  4930  5106 D ar_activity: send stroke to firebase, id=-NTbXZyXdIDMXsSv7dGv
04-22 01:57:53.603  4930  5106 D ar_activity: [[2d] after update lines time=2023-04-22 01:57:53.603]
04-22 01:57:53.623  4930  5106 D ar_activity: [TRACKING TransformPointToPose time=2023-04-22 01:57:53.623]
04-22 01:57:53.623  4930  5106 D ar_activity: [TRACKING TransformPointToPose time=2023-04-22 01:57:53.623]
04-22 01:57:53.624  4930  5106 D ar_activity: send stroke to firebase, id=-NTbXZyXdIDMXsSv7dGv
04-22 01:57:53.627  4930  5106 D ar_activity: [[2d] after update lines time=2023-04-22 01:57:53.625]
04-22 01:57:53.648  4930  5106 D ar_activity: [TRACKING TransformPointToPose time=2023-04-22 01:57:53.648]
04-22 01:57:53.648  4930  5106 D ar_activity: send stroke to firebase, id=-NTbXZyXdIDMXsSv7dGv
04-22 01:57:53.649  4930  5106 D ar_activity: [[2d] after update lines time=2023-04-22 01:57:53.649]
04-22 01:57:53.665  4930  4930 D ar_activity: [[2a end - 2d start] onChildChanged stroke id=-NTbXZyXdIDMXsSv7dGv time=2023-04-22 01:57:53.665]
04-22 01:57:53.670  4930  5106 D ar_activity: [TRACKING TransformPointToPose time=2023-04-22 01:57:53.670]
04-22 01:57:53.670  4930  5106 D ar_activity: [TRACKING TransformPointToPose time=2023-04-22 01:57:53.670]
04-22 01:57:53.670  4930  5106 D ar_activity: send stroke to firebase, id=-NTbXZyXdIDMXsSv7dGv
04-22 01:57:53.671  4930  5106 D ar_activity: [[2d] after update lines time=2023-04-22 01:57:53.671]
04-22 01:57:53.690  4930  5106 D ar_activity: [TRACKING TransformPointToPose time=2023-04-22 01:57:53.690]
04-22 01:57:53.690  4930  5106 D ar_activity: [TRACKING TransformPointToPose time=2023-04-22 01:57:53.690]
04-22 01:57:53.690  4930  5106 D ar_activity: send stroke to firebase, id=-NTbXZyXdIDMXsSv7dGv
04-22 01:57:53.691  4930  5106 D ar_activity: [[2d] after update lines time=2023-04-22 01:57:53.691]
04-22 01:57:53.712  4930  5106 D ar_activity: [TRACKING TransformPointToPose time=2023-04-22 01:57:53.712]
04-22 01:57:53.713  4930  5106 D ar_activity: [TRACKING TransformPointToPose time=2023-04-22 01:57:53.712]
04-22 01:57:53.713  4930  5106 D ar_activity: send stroke to firebase, id=-NTbXZyXdIDMXsSv7dGv
04-22 01:57:53.713  4930  5106 D ar_activity: [[2d] after update lines time=2023-04-22 01:57:53.713]
04-22 01:57:53.713  4930  4930 D ar_activity: [[2a end - 2d start] onChildChanged stroke id=-NTbXZyXdIDMXsSv7dGv time=2023-04-22 01:57:53.713]
04-22 01:57:53.732  4930  5106 D ar_activity: [TRACKING TransformPointToPose time=2023-04-22 01:57:53.732]
04-22 01:57:53.732  4930  5106 D ar_activity: [TRACKING TransformPointToPose time=2023-04-22 01:57:53.732]
04-22 01:57:53.733  4930  5106 D ar_activity: send stroke to firebase, id=-NTbXZyXdIDMXsSv7dGv
04-22 01:57:53.736  4930  5106 D ar_activity: [[2d] after update lines time=2023-04-22 01:57:53.736]
04-22 01:57:53.755  4930  5106 D ar_activity: [TRACKING TransformPointToPose time=2023-04-22 01:57:53.755]
04-22 01:57:53.755  4930  5106 D ar_activity: [TRACKING TransformPointToPose time=2023-04-22 01:57:53.755]
04-22 01:57:53.755  4930  5106 D ar_activity: send stroke to firebase, id=-NTbXZyXdIDMXsSv7dGv
04-22 01:57:53.756  4930  5106 D ar_activity: [[2d] after update lines time=2023-04-22 01:57:53.756]
04-22 01:57:53.778  4930  5106 D ar_activity: [TRACKING TransformPointToPose time=2023-04-22 01:57:53.777]
04-22 01:57:53.778  4930  5106 D ar_activity: [TRACKING TransformPointToPose time=2023-04-22 01:57:53.778]
04-22 01:57:53.778  4930  5106 D ar_activity: send stroke to firebase, id=-NTbXZyXdIDMXsSv7dGv
04-22 01:57:53.779  4930  5106 D ar_activity: [[2d] after update lines time=2023-04-22 01:57:53.778]
04-22 01:57:53.796  4930  4930 D ar_activity: [[2a end - 2d start] onChildChanged stroke id=-NTbXZyXdIDMXsSv7dGv time=2023-04-22 01:57:53.796]
04-22 01:57:53.798  4930  5106 D ar_activity: [TRACKING TransformPointToPose time=2023-04-22 01:57:53.798]
04-22 01:57:53.798  4930  5106 D ar_activity: [TRACKING TransformPointToPose time=2023-04-22 01:57:53.798]
04-22 01:57:53.798  4930  5106 D ar_activity: send stroke to firebase, id=-NTbXZyXdIDMXsSv7dGv
04-22 01:57:53.799  4930  5106 D ar_activity: [[2d] after update lines time=2023-04-22 01:57:53.799]
04-22 01:57:53.819  4930  5106 D ar_activity: [TRACKING TransformPointToPose time=2023-04-22 01:57:53.819]
04-22 01:57:53.819  4930  5106 D ar_activity: send stroke to firebase, id=-NTbXZyXdIDMXsSv7dGv
04-22 01:57:53.820  4930  5106 D ar_activity: [[2d] after update lines time=2023-04-22 01:57:53.820]
04-22 01:57:53.841  4930  5106 D ar_activity: [TRACKING TransformPointToPose time=2023-04-22 01:57:53.840]
04-22 01:57:53.844  4930  5106 D ar_activity: [TRACKING TransformPointToPose time=2023-04-22 01:57:53.843]
04-22 01:57:53.845  4930  5106 D ar_activity: send stroke to firebase, id=-NTbXZyXdIDMXsSv7dGv
04-22 01:57:53.848  4930  5106 D ar_activity: [[2d] after update lines time=2023-04-22 01:57:53.847]
04-22 01:57:53.861  4930  4930 D ar_activity: [[2a end - 2d start] onChildChanged stroke id=-NTbXZyXdIDMXsSv7dGv time=2023-04-22 01:57:53.860]
04-22 01:57:53.869  4930  5106 D ar_activity: [TRACKING TransformPointToPose time=2023-04-22 01:57:53.869]
04-22 01:57:53.870  4930  5106 D ar_activity: [TRACKING TransformPointToPose time=2023-04-22 01:57:53.869]
04-22 01:57:53.870  4930  5106 D ar_activity: send stroke to firebase, id=-NTbXZyXdIDMXsSv7dGv
04-22 01:57:53.871  4930  5106 D ar_activity: [[2d] after update lines time=2023-04-22 01:57:53.870]
04-22 01:57:53.889  4930  5106 D ar_activity: [TRACKING TransformPointToPose time=2023-04-22 01:57:53.889]
04-22 01:57:53.890  4930  5106 D ar_activity: [TRACKING TransformPointToPose time=2023-04-22 01:57:53.890]
04-22 01:57:53.890  4930  5106 D ar_activity: send stroke to firebase, id=-NTbXZyXdIDMXsSv7dGv
04-22 01:57:53.891  4930  5106 D ar_activity: [[2d] after update lines time=2023-04-22 01:57:53.891]
04-22 01:57:53.912  4930  5106 D ar_activity: [TRACKING TransformPointToPose time=2023-04-22 01:57:53.912]
04-22 01:57:53.912  4930  5106 D ar_activity: [TRACKING TransformPointToPose time=2023-04-22 01:57:53.912]
04-22 01:57:53.912  4930  5106 D ar_activity: send stroke to firebase, id=-NTbXZyXdIDMXsSv7dGv
04-22 01:57:53.913  4930  5106 D ar_activity: [[2d] after update lines time=2023-04-22 01:57:53.913]
04-22 01:57:53.930  4930  4930 D ar_activity: [[2a end - 2d start] onChildChanged stroke id=-NTbXZyXdIDMXsSv7dGv time=2023-04-22 01:57:53.929]
04-22 01:57:53.932  4930  5106 D ar_activity: [TRACKING TransformPointToPose time=2023-04-22 01:57:53.931]
04-22 01:57:53.932  4930  5106 D ar_activity: [TRACKING TransformPointToPose time=2023-04-22 01:57:53.932]
04-22 01:57:53.932  4930  5106 D ar_activity: send stroke to firebase, id=-NTbXZyXdIDMXsSv7dGv
04-22 01:57:53.933  4930  5106 D ar_activity: [[2d] after update lines time=2023-04-22 01:57:53.932]
04-22 01:57:53.952  4930  5106 D ar_activity: [TRACKING TransformPointToPose time=2023-04-22 01:57:53.951]
04-22 01:57:53.952  4930  5106 D ar_activity: send stroke to firebase, id=-NTbXZyXdIDMXsSv7dGv
04-22 01:57:53.952  4930  5106 D ar_activity: [[2d] after update lines time=2023-04-22 01:57:53.952]
04-22 01:57:53.972  4930  5106 D ar_activity: [TRACKING TransformPointToPose time=2023-04-22 01:57:53.971]
04-22 01:57:53.972  4930  5106 D ar_activity: send stroke to firebase, id=-NTbXZyXdIDMXsSv7dGv
04-22 01:57:53.973  4930  5106 D ar_activity: [[2d] after update lines time=2023-04-22 01:57:53.973]
04-22 01:57:53.993  4930  5106 D ar_activity: [TRACKING TransformPointToPose time=2023-04-22 01:57:53.993]
04-22 01:57:53.994  4930  5106 D ar_activity: [TRACKING TransformPointToPose time=2023-04-22 01:57:53.993]
04-22 01:57:53.994  4930  5106 D ar_activity: send stroke to firebase, id=-NTbXZyXdIDMXsSv7dGv
04-22 01:57:53.994  4930  5106 D ar_activity: [[2d] after update lines time=2023-04-22 01:57:53.994]
04-22 01:57:54.013  4930  4930 D ar_activity: [[2a end - 2d start] onChildChanged stroke id=-NTbXZyXdIDMXsSv7dGv time=2023-04-22 01:57:54.013]
04-22 01:57:54.017  4930  5106 D ar_activity: [TRACKING TransformPointToPose time=2023-04-22 01:57:54.017]
04-22 01:57:54.017  4930  5106 D ar_activity: [TRACKING TransformPointToPose time=2023-04-22 01:57:54.017]
04-22 01:57:54.017  4930  5106 D ar_activity: send stroke to firebase, id=-NTbXZyXdIDMXsSv7dGv
04-22 01:57:54.018  4930  5106 D ar_activity: [[2d] after update lines time=2023-04-22 01:57:54.018]
04-22 01:57:54.037  4930  5106 D ar_activity: [TRACKING TransformPointToPose time=2023-04-22 01:57:54.037]
04-22 01:57:54.039  4930  5106 D ar_activity: [TRACKING TransformPointToPose time=2023-04-22 01:57:54.039]
04-22 01:57:54.039  4930  5106 D ar_activity: send stroke to firebase, id=-NTbXZyXdIDMXsSv7dGv
04-22 01:57:54.040  4930  5106 D ar_activity: [[2d] after update lines time=2023-04-22 01:57:54.040]
04-22 01:57:54.060  4930  5106 D ar_activity: [TRACKING TransformPointToPose time=2023-04-22 01:57:54.060]
04-22 01:57:54.060  4930  5106 D ar_activity: [TRACKING TransformPointToPose time=2023-04-22 01:57:54.060]
04-22 01:57:54.060  4930  5106 D ar_activity: send stroke to firebase, id=-NTbXZyXdIDMXsSv7dGv
04-22 01:57:54.061  4930  5106 D ar_activity: [[2d] after update lines time=2023-04-22 01:57:54.061]
04-22 01:57:54.080  4930  5106 D ar_activity: [TRACKING TransformPointToPose time=2023-04-22 01:57:54.080]
04-22 01:57:54.080  4930  5106 D ar_activity: [TRACKING TransformPointToPose time=2023-04-22 01:57:54.080]
04-22 01:57:54.081  4930  5106 D ar_activity: send stroke to firebase, id=-NTbXZyXdIDMXsSv7dGv
04-22 01:57:54.081  4930  5106 D ar_activity: [[2d] after update lines time=2023-04-22 01:57:54.081]
04-22 01:57:54.089  4930  4930 D ar_activity: [[2a end - 2d start] onChildChanged stroke id=-NTbXZyXdIDMXsSv7dGv time=2023-04-22 01:57:54.088]
04-22 01:57:54.100  4930  5106 D ar_activity: [TRACKING TransformPointToPose time=2023-04-22 01:57:54.100]
04-22 01:57:54.100  4930  5106 D ar_activity: [TRACKING TransformPointToPose time=2023-04-22 01:57:54.100]
04-22 01:57:54.100  4930  5106 D ar_activity: send stroke to firebase, id=-NTbXZyXdIDMXsSv7dGv
04-22 01:57:54.104  4930  5106 D ar_activity: [[2d] after update lines time=2023-04-22 01:57:54.103]
04-22 01:57:54.124  4930  5106 D ar_activity: [TRACKING TransformPointToPose time=2023-04-22 01:57:54.123]
04-22 01:57:54.125  4930  5106 D ar_activity: [TRACKING TransformPointToPose time=2023-04-22 01:57:54.124]
04-22 01:57:54.125  4930  5106 D ar_activity: send stroke to firebase, id=-NTbXZyXdIDMXsSv7dGv
04-22 01:57:54.128  4930  5106 D ar_activity: [[2d] after update lines time=2023-04-22 01:57:54.128]
04-22 01:57:54.150  4930  5106 D ar_activity: [TRACKING TransformPointToPose time=2023-04-22 01:57:54.149]
04-22 01:57:54.151  4930  5106 D ar_activity: [TRACKING TransformPointToPose time=2023-04-22 01:57:54.150]
04-22 01:57:54.151  4930  5106 D ar_activity: send stroke to firebase, id=-NTbXZyXdIDMXsSv7dGv
04-22 01:57:54.152  4930  5106 D ar_activity: [[2d] after update lines time=2023-04-22 01:57:54.151]
04-22 01:57:54.170  4930  4930 D ar_activity: [[2a end - 2d start] onChildChanged stroke id=-NTbXZyXdIDMXsSv7dGv time=2023-04-22 01:57:54.170]
04-22 01:57:54.172  4930  5106 D ar_activity: [TRACKING TransformPointToPose time=2023-04-22 01:57:54.171]
04-22 01:57:54.172  4930  5106 D ar_activity: [TRACKING TransformPointToPose time=2023-04-22 01:57:54.172]
04-22 01:57:54.173  4930  5106 D ar_activity: send stroke to firebase, id=-NTbXZyXdIDMXsSv7dGv
04-22 01:57:54.176  4930  5106 D ar_activity: [[2d] after update lines time=2023-04-22 01:57:54.175]
04-22 01:57:54.198  4930  5106 D ar_activity: [TRACKING TransformPointToPose time=2023-04-22 01:57:54.198]
04-22 01:57:54.199  4930  5106 D ar_activity: [TRACKING TransformPointToPose time=2023-04-22 01:57:54.199]
04-22 01:57:54.199  4930  5106 D ar_activity: [TRACKING TransformPointToPose time=2023-04-22 01:57:54.199]
04-22 01:57:54.199  4930  5106 D ar_activity: send stroke to firebase, id=-NTbXZyXdIDMXsSv7dGv
04-22 01:57:54.200  4930  5106 D ar_activity: [[2d] after update lines time=2023-04-22 01:57:54.200]
04-22 01:57:54.219  4930  5106 D ar_activity: [TRACKING TransformPointToPose time=2023-04-22 01:57:54.218]
04-22 01:57:54.219  4930  5106 D ar_activity: send stroke to firebase, id=-NTbXZyXdIDMXsSv7dGv
04-22 01:57:54.220  4930  5106 D ar_activity: [[2d] after update lines time=2023-04-22 01:57:54.219]
04-22 01:57:54.240  4930  5106 D ar_activity: [TRACKING TransformPointToPose time=2023-04-22 01:57:54.240]
04-22 01:57:54.241  4930  5106 D ar_activity: send stroke to firebase, id=-NTbXZyXdIDMXsSv7dGv
04-22 01:57:54.245  4930  5106 D ar_activity: [[2d] after update lines time=2023-04-22 01:57:54.244]
04-22 01:57:54.256  4930  4930 D ar_activity: [[2a end - 2d start] onChildChanged stroke id=-NTbXZyXdIDMXsSv7dGv time=2023-04-22 01:57:54.255]
04-22 01:57:54.266  4930  5106 D ar_activity: [TRACKING TransformPointToPose time=2023-04-22 01:57:54.266]
04-22 01:57:54.266  4930  5106 D ar_activity: [TRACKING TransformPointToPose time=2023-04-22 01:57:54.266]
04-22 01:57:54.266  4930  5106 D ar_activity: send stroke to firebase, id=-NTbXZyXdIDMXsSv7dGv
04-22 01:57:54.267  4930  5106 D ar_activity: [[2d] after update lines time=2023-04-22 01:57:54.267]
04-22 01:57:54.288  4930  5106 D ar_activity: [TRACKING TransformPointToPose time=2023-04-22 01:57:54.287]
04-22 01:57:54.288  4930  5106 D ar_activity: [TRACKING TransformPointToPose time=2023-04-22 01:57:54.288]
04-22 01:57:54.288  4930  5106 D ar_activity: send stroke to firebase, id=-NTbXZyXdIDMXsSv7dGv
04-22 01:57:54.289  4930  5106 D ar_activity: [[2d] after update lines time=2023-04-22 01:57:54.289]
04-22 01:57:54.307  4930  5106 D ar_activity: [TRACKING TransformPointToPose time=2023-04-22 01:57:54.307]
04-22 01:57:54.308  4930  5106 D ar_activity: send stroke to firebase, id=-NTbXZyXdIDMXsSv7dGv
04-22 01:57:54.312  4930  5106 D ar_activity: [[2d] after update lines time=2023-04-22 01:57:54.312]
04-22 01:57:54.324  4930  4930 D ar_activity: [[2a end - 2d start] onChildChanged stroke id=-NTbXZyXdIDMXsSv7dGv time=2023-04-22 01:57:54.323]
04-22 01:57:54.332  4930  5106 D ar_activity: [TRACKING TransformPointToPose time=2023-04-22 01:57:54.331]
04-22 01:57:54.332  4930  5106 D ar_activity: [TRACKING TransformPointToPose time=2023-04-22 01:57:54.332]
04-22 01:57:54.332  4930  5106 D ar_activity: send stroke to firebase, id=-NTbXZyXdIDMXsSv7dGv
04-22 01:57:54.333  4930  5106 D ar_activity: [[2d] after update lines time=2023-04-22 01:57:54.333]
04-22 01:57:54.356  4930  5106 D ar_activity: [TRACKING TransformPointToPose time=2023-04-22 01:57:54.356]
04-22 01:57:54.356  4930  5106 D ar_activity: [TRACKING TransformPointToPose time=2023-04-22 01:57:54.356]
04-22 01:57:54.356  4930  5106 D ar_activity: send stroke to firebase, id=-NTbXZyXdIDMXsSv7dGv
04-22 01:57:54.358  4930  5106 D ar_activity: [[2d] after update lines time=2023-04-22 01:57:54.358]
04-22 01:57:54.382  4930  5106 D ar_activity: [TRACKING TransformPointToPose time=2023-04-22 01:57:54.381]
04-22 01:57:54.382  4930  5106 D ar_activity: [TRACKING TransformPointToPose time=2023-04-22 01:57:54.382]
04-22 01:57:54.383  4930  5106 D ar_activity: send stroke to firebase, id=-NTbXZyXdIDMXsSv7dGv
04-22 01:57:54.384  4930  5106 D ar_activity: [[2d] after update lines time=2023-04-22 01:57:54.384]
04-22 01:57:54.412  4930  5106 D ar_activity: [TRACKING TransformPointToPose time=2023-04-22 01:57:54.412]
04-22 01:57:54.412  4930  5106 D ar_activity: [TRACKING TransformPointToPose time=2023-04-22 01:57:54.412]
04-22 01:57:54.412  4930  5106 D ar_activity: [TRACKING TransformPointToPose time=2023-04-22 01:57:54.412]
04-22 01:57:54.413  4930  5106 D ar_activity: send stroke to firebase, id=-NTbXZyXdIDMXsSv7dGv
04-22 01:57:54.417  4930  5106 D ar_activity: [[2d] after update lines time=2023-04-22 01:57:54.417]
04-22 01:57:54.423  4930  4930 D ar_activity: [[2a end - 2d start] onChildChanged stroke id=-NTbXZyXdIDMXsSv7dGv time=2023-04-22 01:57:54.423]
04-22 01:57:54.436  4930  5106 D ar_activity: [TRACKING TransformPointToPose time=2023-04-22 01:57:54.436]
04-22 01:57:54.436  4930  5106 D ar_activity: send stroke to firebase, id=-NTbXZyXdIDMXsSv7dGv
04-22 01:57:54.438  4930  5106 D ar_activity: [[2d] after update lines time=2023-04-22 01:57:54.437]
04-22 01:57:54.457  4930  5106 D ar_activity: [TRACKING TransformPointToPose time=2023-04-22 01:57:54.457]
04-22 01:57:54.458  4930  5106 D ar_activity: [TRACKING TransformPointToPose time=2023-04-22 01:57:54.458]
04-22 01:57:54.458  4930  5106 D ar_activity: [TRACKING TransformPointToPose time=2023-04-22 01:57:54.458]
04-22 01:57:54.459  4930  5106 D ar_activity: send stroke to firebase, id=-NTbXZyXdIDMXsSv7dGv
04-22 01:57:54.459  4930  5106 D ar_activity: [[2d] after update lines time=2023-04-22 01:57:54.459]
04-22 01:57:54.480  4930  5106 D ar_activity: [TRACKING TransformPointToPose time=2023-04-22 01:57:54.480]
04-22 01:57:54.481  4930  5106 D ar_activity: [TRACKING TransformPointToPose time=2023-04-22 01:57:54.480]
04-22 01:57:54.481  4930  5106 D ar_activity: send stroke to firebase, id=-NTbXZyXdIDMXsSv7dGv
04-22 01:57:54.482  4930  5106 D ar_activity: [[2d] after update lines time=2023-04-22 01:57:54.481]
04-22 01:57:54.501  4930  5106 D ar_activity: [TRACKING TransformPointToPose time=2023-04-22 01:57:54.500]
04-22 01:57:54.501  4930  5106 D ar_activity: [TRACKING TransformPointToPose time=2023-04-22 01:57:54.501]
04-22 01:57:54.501  4930  5106 D ar_activity: send stroke to firebase, id=-NTbXZyXdIDMXsSv7dGv
04-22 01:57:54.502  4930  5106 D ar_activity: [[2d] after update lines time=2023-04-22 01:57:54.502]
04-22 01:57:54.516  4930  4930 D ar_activity: [[2a end - 2d start] onChildChanged stroke id=-NTbXZyXdIDMXsSv7dGv time=2023-04-22 01:57:54.516]
04-22 01:57:54.521  4930  5106 D ar_activity: [TRACKING TransformPointToPose time=2023-04-22 01:57:54.521]
04-22 01:57:54.521  4930  5106 D ar_activity: [TRACKING TransformPointToPose time=2023-04-22 01:57:54.521]
04-22 01:57:54.521  4930  5106 D ar_activity: send stroke to firebase, id=-NTbXZyXdIDMXsSv7dGv
04-22 01:57:54.522  4930  5106 D ar_activity: [[2d] after update lines time=2023-04-22 01:57:54.522]
