--------- beginning of main
04-21 17:18:41.723 30810 30944 D ar_activity: [[2d] after update lines time=2023-04-21 17:18:41.686]
04-21 17:18:44.353 30810 30810 D ar_activity: [--- pair start --- time=2023-04-21 17:18:44.353]
04-21 17:18:44.353 30810 30810 D ar_activity: [--- pair session start --- time=2023-04-21 17:18:44.353]
04-21 17:18:44.380 30810 30810 D ar_activity: [create room: Message{namespace='', type='', content=[34 bytes]} time=2023-04-21 17:18:44.380]
04-21 17:18:44.390 30810 30810 D ar_activity: LOOKING: 2023-04-21 17:18:44.390
04-21 17:18:48.505 30810 30810 D ar_activity: [--- pair joined --- time=2023-04-21 17:18:48.504]
04-21 17:18:48.514 30810 30810 D ar_activity: PARTNER FOUND: 2023-04-21 17:18:48.513
04-21 17:18:50.530 30810 30810 D ar_activity: SET ANCHOR: 2023-04-21 17:18:50.529
04-21 17:18:53.341 30810 30810 D ar_activity: [anchor resolution changed: null time=2023-04-21 17:18:53.341]
04-21 17:18:53.360 30810 30810 D ar_activity: [--- sync ready to set anchor --- time=2023-04-21 17:18:53.360]
04-21 17:18:53.360 30810 30810 D ar_activity: [--- sync: sendSetAnchorEvent --- time=2023-04-21 17:18:53.360]
04-21 17:18:53.361 30810 30810 D ar_activity: --- start creating anchor: 2023-04-21 17:18:53.361 ---
04-21 17:18:53.361 30810 30810 D ar_activity: --- anchor: com.google.ar.core.Anchor@b49ebf49 ---
04-21 17:18:53.361 30810 30810 D ar_activity: --- finish creating anchor: 2023-04-21 17:18:53.361 ---
04-21 17:18:53.361 30810 30810 D ar_activity: [hostAnchor start time=2023-04-21 17:18:53.361]
04-21 17:18:53.361 30810 30810 D ar_activity: [hostAnchor end time=2023-04-21 17:18:53.361]
04-21 17:18:53.362 30810 30810 D ar_activity: Start CONNECTING: 2023-04-21 17:18:53.361
04-21 17:18:53.374 30810 30944 D ar_activity: [--- anchor: onUpdate--- time=2023-04-21 17:18:53.374]
04-21 17:18:55.528 30810 30944 D ar_activity: [--- anchor: onUpdate--- time=2023-04-21 17:18:55.527]
04-21 17:18:56.799 30810 30944 D ar_activity: [--- anchor: onUpdate--- time=2023-04-21 17:18:56.799]
04-21 17:18:56.799 30810 30944 D ar_activity: [--- onAnchorHosted [HOSTED]--- time=2023-04-21 17:18:56.799]
04-21 17:18:56.815 30810 30810 D ar_activity: [anchor resolution changed: false time=2023-04-21 17:18:56.815]
04-21 17:19:53.369 30810 30810 D ar_activity: [--- pair TIMEOUT --- time=2023-04-21 17:19:53.369]
04-21 17:19:53.395 30810 30810 D ar_activity: [anchor resolution changed: true time=2023-04-21 17:19:53.395]
04-21 17:19:53.403 30810 30810 D ar_activity: [onAnchorResolutionError: null time=2023-04-21 17:19:53.402]
04-21 17:19:55.509 30810 30810 D ar_activity: SET ANCHOR: 2023-04-21 17:19:55.508
04-21 17:19:55.972 30810 30810 D ar_activity: [--- sync ready to set anchor --- time=2023-04-21 17:19:55.972]
04-21 17:19:56.000 30810 30810 D ar_activity: [anchor resolution changed: null time=2023-04-21 17:19:56.000]
04-21 17:19:56.818 30810 30810 D ar_activity: [--- sync: sendSetAnchorEvent --- time=2023-04-21 17:19:56.817]
04-21 17:19:56.818 30810 30810 D ar_activity: --- start creating anchor: 2023-04-21 17:19:56.818 ---
04-21 17:19:56.819 30810 30810 D ar_activity: --- anchor: com.google.ar.core.Anchor@b4a02569 ---
04-21 17:19:56.819 30810 30810 D ar_activity: --- finish creating anchor: 2023-04-21 17:19:56.819 ---
04-21 17:19:56.819 30810 30810 D ar_activity: [hostAnchor start time=2023-04-21 17:19:56.819]
04-21 17:19:56.820 30810 30810 D ar_activity: [hostAnchor end time=2023-04-21 17:19:56.820]
04-21 17:19:56.822 30810 30810 D ar_activity: Start CONNECTING: 2023-04-21 17:19:56.821
04-21 17:19:56.828 30810 30944 D ar_activity: [--- anchor: onUpdate--- time=2023-04-21 17:19:56.827]
04-21 17:19:56.850 30810 30810 D ar_activity: [anchor resolution changed: null time=2023-04-21 17:19:56.850]
04-21 17:19:59.123 30810 30944 D ar_activity: [--- anchor: onUpdate--- time=2023-04-21 17:19:59.123]
04-21 17:20:00.193 30810 30944 D ar_activity: [--- anchor: onUpdate--- time=2023-04-21 17:20:00.192]
04-21 17:20:00.194 30810 30944 D ar_activity: [--- onAnchorHosted [HOSTED]--- time=2023-04-21 17:20:00.193]
04-21 17:20:00.203 30810 30810 D ar_activity: [anchor resolution changed: false time=2023-04-21 17:20:00.202]
04-21 17:20:01.126 30810 30810 D ar_activity: [--- sync: finish syncing anchor --- time=2023-04-21 17:20:01.126]
04-21 17:20:01.130 30810 30810 D ar_activity: SYNCED: 2023-04-21 17:20:01.128
04-21 17:20:06.823 30810 30810 D ar_activity: [[1a start] touch screen time=2023-04-21 17:20:06.823]
04-21 17:20:06.843 30810 30944 D ar_activity: addStroke at 2023-04-21 17:20:06.843
04-21 17:20:06.844 30810 30944 D ar_activity: stroke (id: -NT_g3eTibsspwRIwM5E) was added at 2023-04-21 17:20:06.844
04-21 17:20:06.845 30810 30944 D ar_activity: [[1b start] setFirebaseValue stroke id=-NT_g3eTibsspwRIwM5E time=2023-04-21 17:20:06.845]
04-21 17:20:06.847 30810 30944 D ar_activity: [TRACKING TransformPointToPose time=2023-04-21 17:20:06.847]
04-21 17:20:06.849 30810 30944 D ar_activity: [TRACKING TransformPointToPose time=2023-04-21 17:20:06.849]
04-21 17:20:06.849 30810 30944 D ar_activity: send stroke to firebase, id=-NT_g3eTibsspwRIwM5E
04-21 17:20:06.850 30810 30944 D ar_activity: [[2d] after update lines time=2023-04-21 17:20:06.849]
04-21 17:20:06.855 30810 30810 D ar_activity: [[2a end - 2d start] onChildAdded stroke id=-NT_g3eTibsspwRIwM5E time=2023-04-21 17:20:06.854]
04-21 17:20:06.869 30810 30944 D ar_activity: [TRACKING TransformPointToPose time=2023-04-21 17:20:06.869]
04-21 17:20:06.871 30810 30944 D ar_activity: send stroke to firebase, id=-NT_g3eTibsspwRIwM5E
04-21 17:20:06.871 30810 30944 D ar_activity: [[2d] after update lines time=2023-04-21 17:20:06.871]
04-21 17:20:06.889 30810 30944 D ar_activity: [TRACKING TransformPointToPose time=2023-04-21 17:20:06.889]
04-21 17:20:06.890 30810 30944 D ar_activity: send stroke to firebase, id=-NT_g3eTibsspwRIwM5E
04-21 17:20:06.890 30810 30944 D ar_activity: [[2d] after update lines time=2023-04-21 17:20:06.890]
04-21 17:20:06.909 30810 30944 D ar_activity: [TRACKING TransformPointToPose time=2023-04-21 17:20:06.909]
04-21 17:20:06.909 30810 30944 D ar_activity: [TRACKING TransformPointToPose time=2023-04-21 17:20:06.909]
04-21 17:20:06.909 30810 30944 D ar_activity: send stroke to firebase, id=-NT_g3eTibsspwRIwM5E
04-21 17:20:06.910 30810 30944 D ar_activity: [[2d] after update lines time=2023-04-21 17:20:06.910]
04-21 17:20:06.911 30810 30810 D ar_activity: [[1b start] setFirebaseValue stroke id=-NT_g3eTibsspwRIwM5E time=2023-04-21 17:20:06.911]
04-21 17:20:06.918 30810 30810 D ar_activity: [[2a end - 2d start] onChildChanged stroke id=-NT_g3eTibsspwRIwM5E time=2023-04-21 17:20:06.918]
04-21 17:20:06.929 30810 30944 D ar_activity: [TRACKING TransformPointToPose time=2023-04-21 17:20:06.929]
04-21 17:20:06.930 30810 30944 D ar_activity: [TRACKING TransformPointToPose time=2023-04-21 17:20:06.930]
04-21 17:20:06.930 30810 30944 D ar_activity: [TRACKING TransformPointToPose time=2023-04-21 17:20:06.930]
04-21 17:20:06.930 30810 30944 D ar_activity: send stroke to firebase, id=-NT_g3eTibsspwRIwM5E
04-21 17:20:06.931 30810 30944 D ar_activity: [[2d] after update lines time=2023-04-21 17:20:06.931]
04-21 17:20:06.952 30810 30944 D ar_activity: [TRACKING TransformPointToPose time=2023-04-21 17:20:06.952]
04-21 17:20:06.953 30810 30944 D ar_activity: [TRACKING TransformPointToPose time=2023-04-21 17:20:06.952]
04-21 17:20:06.953 30810 30944 D ar_activity: send stroke to firebase, id=-NT_g3eTibsspwRIwM5E
04-21 17:20:06.953 30810 30944 D ar_activity: [[2d] after update lines time=2023-04-21 17:20:06.953]
04-21 17:20:06.972 30810 30944 D ar_activity: [TRACKING TransformPointToPose time=2023-04-21 17:20:06.972]
04-21 17:20:06.972 30810 30944 D ar_activity: [TRACKING TransformPointToPose time=2023-04-21 17:20:06.972]
04-21 17:20:06.972 30810 30944 D ar_activity: send stroke to firebase, id=-NT_g3eTibsspwRIwM5E
04-21 17:20:06.973 30810 30944 D ar_activity: [[2d] after update lines time=2023-04-21 17:20:06.973]
04-21 17:20:06.973 30810 30810 D ar_activity: [[2a end - 2d start] onChildChanged stroke id=-NT_g3eTibsspwRIwM5E time=2023-04-21 17:20:06.973]
04-21 17:20:06.991 30810 30944 D ar_activity: [TRACKING TransformPointToPose time=2023-04-21 17:20:06.991]
04-21 17:20:06.991 30810 30944 D ar_activity: send stroke to firebase, id=-NT_g3eTibsspwRIwM5E
04-21 17:20:06.992 30810 30944 D ar_activity: [[2d] after update lines time=2023-04-21 17:20:06.992]
04-21 17:20:07.013 30810 30944 D ar_activity: [TRACKING TransformPointToPose time=2023-04-21 17:20:07.013]
04-21 17:20:07.013 30810 30944 D ar_activity: [TRACKING TransformPointToPose time=2023-04-21 17:20:07.013]
04-21 17:20:07.014 30810 30944 D ar_activity: send stroke to firebase, id=-NT_g3eTibsspwRIwM5E
04-21 17:20:07.015 30810 30944 D ar_activity: [[2d] after update lines time=2023-04-21 17:20:07.015]
04-21 17:20:07.042 30810 30944 D ar_activity: [TRACKING TransformPointToPose time=2023-04-21 17:20:07.041]
04-21 17:20:07.043 30810 30944 D ar_activity: [TRACKING TransformPointToPose time=2023-04-21 17:20:07.043]
04-21 17:20:07.043 30810 30944 D ar_activity: send stroke to firebase, id=-NT_g3eTibsspwRIwM5E
04-21 17:20:07.044 30810 30944 D ar_activity: [[2d] after update lines time=2023-04-21 17:20:07.044]
04-21 17:20:07.045 30810 30810 D ar_activity: [[2a end - 2d start] onChildChanged stroke id=-NT_g3eTibsspwRIwM5E time=2023-04-21 17:20:07.045]
04-21 17:20:07.074 30810 30944 D ar_activity: [TRACKING TransformPointToPose time=2023-04-21 17:20:07.073]
04-21 17:20:07.077 30810 30944 D ar_activity: [TRACKING TransformPointToPose time=2023-04-21 17:20:07.077]
04-21 17:20:07.079 30810 30944 D ar_activity: [TRACKING TransformPointToPose time=2023-04-21 17:20:07.078]
04-21 17:20:07.080 30810 30944 D ar_activity: send stroke to firebase, id=-NT_g3eTibsspwRIwM5E
04-21 17:20:07.082 30810 30944 D ar_activity: [[2d] after update lines time=2023-04-21 17:20:07.081]
04-21 17:20:07.107 30810 30944 D ar_activity: [TRACKING TransformPointToPose time=2023-04-21 17:20:07.107]
04-21 17:20:07.108 30810 30944 D ar_activity: [TRACKING TransformPointToPose time=2023-04-21 17:20:07.107]
04-21 17:20:07.109 30810 30944 D ar_activity: send stroke to firebase, id=-NT_g3eTibsspwRIwM5E
04-21 17:20:07.112 30810 30944 D ar_activity: [[2d] after update lines time=2023-04-21 17:20:07.111]
04-21 17:20:07.132 30810 30810 D ar_activity: [[2a end - 2d start] onChildChanged stroke id=-NT_g3eTibsspwRIwM5E time=2023-04-21 17:20:07.132]
04-21 17:20:07.137 30810 30944 D ar_activity: [TRACKING TransformPointToPose time=2023-04-21 17:20:07.136]
04-21 17:20:07.137 30810 30944 D ar_activity: [TRACKING TransformPointToPose time=2023-04-21 17:20:07.137]
04-21 17:20:07.137 30810 30944 D ar_activity: [TRACKING TransformPointToPose time=2023-04-21 17:20:07.137]
04-21 17:20:07.137 30810 30944 D ar_activity: send stroke to firebase, id=-NT_g3eTibsspwRIwM5E
04-21 17:20:07.138 30810 30944 D ar_activity: [[2d] after update lines time=2023-04-21 17:20:07.137]
04-21 17:20:07.156 30810 30944 D ar_activity: [TRACKING TransformPointToPose time=2023-04-21 17:20:07.156]
04-21 17:20:07.156 30810 30944 D ar_activity: send stroke to firebase, id=-NT_g3eTibsspwRIwM5E
04-21 17:20:07.157 30810 30944 D ar_activity: [[2d] after update lines time=2023-04-21 17:20:07.157]
04-21 17:20:07.176 30810 30944 D ar_activity: [TRACKING TransformPointToPose time=2023-04-21 17:20:07.176]
04-21 17:20:07.176 30810 30944 D ar_activity: [TRACKING TransformPointToPose time=2023-04-21 17:20:07.176]
04-21 17:20:07.176 30810 30944 D ar_activity: send stroke to firebase, id=-NT_g3eTibsspwRIwM5E
04-21 17:20:07.177 30810 30944 D ar_activity: [[2d] after update lines time=2023-04-21 17:20:07.176]
04-21 17:20:07.195 30810 30944 D ar_activity: [TRACKING TransformPointToPose time=2023-04-21 17:20:07.195]
04-21 17:20:07.195 30810 30944 D ar_activity: [TRACKING TransformPointToPose time=2023-04-21 17:20:07.195]
04-21 17:20:07.195 30810 30944 D ar_activity: send stroke to firebase, id=-NT_g3eTibsspwRIwM5E
04-21 17:20:07.198 30810 30944 D ar_activity: [[2d] after update lines time=2023-04-21 17:20:07.198]
04-21 17:20:07.202 30810 30810 D ar_activity: [[2a end - 2d start] onChildChanged stroke id=-NT_g3eTibsspwRIwM5E time=2023-04-21 17:20:07.200]
04-21 17:20:07.221 30810 30944 D ar_activity: [TRACKING TransformPointToPose time=2023-04-21 17:20:07.220]
04-21 17:20:07.221 30810 30944 D ar_activity: [TRACKING TransformPointToPose time=2023-04-21 17:20:07.221]
04-21 17:20:07.221 30810 30944 D ar_activity: send stroke to firebase, id=-NT_g3eTibsspwRIwM5E
04-21 17:20:07.221 30810 30944 D ar_activity: [[2d] after update lines time=2023-04-21 17:20:07.221]
04-21 17:20:07.240 30810 30944 D ar_activity: [TRACKING TransformPointToPose time=2023-04-21 17:20:07.240]
04-21 17:20:07.241 30810 30944 D ar_activity: [TRACKING TransformPointToPose time=2023-04-21 17:20:07.241]
04-21 17:20:07.241 30810 30944 D ar_activity: send stroke to firebase, id=-NT_g3eTibsspwRIwM5E
04-21 17:20:07.241 30810 30944 D ar_activity: [[2d] after update lines time=2023-04-21 17:20:07.241]
04-21 17:20:07.261 30810 30944 D ar_activity: [TRACKING TransformPointToPose time=2023-04-21 17:20:07.261]
04-21 17:20:07.261 30810 30944 D ar_activity: [TRACKING TransformPointToPose time=2023-04-21 17:20:07.261]
04-21 17:20:07.262 30810 30944 D ar_activity: send stroke to firebase, id=-NT_g3eTibsspwRIwM5E
04-21 17:20:07.262 30810 30944 D ar_activity: [[2d] after update lines time=2023-04-21 17:20:07.262]
04-21 17:20:07.281 30810 30944 D ar_activity: [TRACKING TransformPointToPose time=2023-04-21 17:20:07.281]
04-21 17:20:07.281 30810 30944 D ar_activity: [TRACKING TransformPointToPose time=2023-04-21 17:20:07.281]
04-21 17:20:07.281 30810 30944 D ar_activity: send stroke to firebase, id=-NT_g3eTibsspwRIwM5E
04-21 17:20:07.282 30810 30944 D ar_activity: [[2d] after update lines time=2023-04-21 17:20:07.282]
04-21 17:20:07.295 30810 30810 D ar_activity: [[2a end - 2d start] onChildChanged stroke id=-NT_g3eTibsspwRIwM5E time=2023-04-21 17:20:07.295]
04-21 17:20:07.303 30810 30944 D ar_activity: [TRACKING TransformPointToPose time=2023-04-21 17:20:07.303]
04-21 17:20:07.303 30810 30944 D ar_activity: send stroke to firebase, id=-NT_g3eTibsspwRIwM5E
04-21 17:20:07.303 30810 30944 D ar_activity: [[2d] after update lines time=2023-04-21 17:20:07.303]
04-21 17:20:07.322 30810 30944 D ar_activity: [TRACKING TransformPointToPose time=2023-04-21 17:20:07.322]
04-21 17:20:07.323 30810 30944 D ar_activity: send stroke to firebase, id=-NT_g3eTibsspwRIwM5E
04-21 17:20:07.323 30810 30944 D ar_activity: [[2d] after update lines time=2023-04-21 17:20:07.323]
04-21 17:20:07.344 30810 30944 D ar_activity: [TRACKING TransformPointToPose time=2023-04-21 17:20:07.343]
04-21 17:20:07.344 30810 30944 D ar_activity: [TRACKING TransformPointToPose time=2023-04-21 17:20:07.344]
04-21 17:20:07.344 30810 30944 D ar_activity: send stroke to firebase, id=-NT_g3eTibsspwRIwM5E
04-21 17:20:07.346 30810 30944 D ar_activity: [[2d] after update lines time=2023-04-21 17:20:07.346]
04-21 17:20:07.376 30810 30810 D ar_activity: [[2a end - 2d start] onChildChanged stroke id=-NT_g3eTibsspwRIwM5E time=2023-04-21 17:20:07.376]
04-21 17:20:07.377 30810 30944 D ar_activity: [TRACKING TransformPointToPose time=2023-04-21 17:20:07.377]
04-21 17:20:07.378 30810 30944 D ar_activity: [TRACKING TransformPointToPose time=2023-04-21 17:20:07.377]
04-21 17:20:07.378 30810 30944 D ar_activity: [TRACKING TransformPointToPose time=2023-04-21 17:20:07.378]
04-21 17:20:07.378 30810 30944 D ar_activity: send stroke to firebase, id=-NT_g3eTibsspwRIwM5E
04-21 17:20:07.380 30810 30944 D ar_activity: [[2d] after update lines time=2023-04-21 17:20:07.380]
04-21 17:20:07.410 30810 30944 D ar_activity: [TRACKING TransformPointToPose time=2023-04-21 17:20:07.410]
04-21 17:20:07.411 30810 30944 D ar_activity: [TRACKING TransformPointToPose time=2023-04-21 17:20:07.410]
04-21 17:20:07.411 30810 30944 D ar_activity: [TRACKING TransformPointToPose time=2023-04-21 17:20:07.411]
04-21 17:20:07.411 30810 30944 D ar_activity: send stroke to firebase, id=-NT_g3eTibsspwRIwM5E
04-21 17:20:07.411 30810 30944 D ar_activity: [[2d] after update lines time=2023-04-21 17:20:07.411]
04-21 17:20:07.430 30810 30944 D ar_activity: [TRACKING TransformPointToPose time=2023-04-21 17:20:07.430]
04-21 17:20:07.431 30810 30944 D ar_activity: [TRACKING TransformPointToPose time=2023-04-21 17:20:07.431]
04-21 17:20:07.431 30810 30944 D ar_activity: send stroke to firebase, id=-NT_g3eTibsspwRIwM5E
04-21 17:20:07.431 30810 30944 D ar_activity: [[2d] after update lines time=2023-04-21 17:20:07.431]
04-21 17:20:07.456 30810 30810 D ar_activity: [[2a end - 2d start] onChildChanged stroke id=-NT_g3eTibsspwRIwM5E time=2023-04-21 17:20:07.455]
04-21 17:20:07.477 30810 30944 D ar_activity: [TRACKING TransformPointToPose time=2023-04-21 17:20:07.476]
04-21 17:20:07.477 30810 30944 D ar_activity: [TRACKING TransformPointToPose time=2023-04-21 17:20:07.477]
04-21 17:20:07.477 30810 30944 D ar_activity: [TRACKING TransformPointToPose time=2023-04-21 17:20:07.477]
04-21 17:20:07.477 30810 30944 D ar_activity: send stroke to firebase, id=-NT_g3eTibsspwRIwM5E
04-21 17:20:07.477 30810 30944 D ar_activity: [[2d] after update lines time=2023-04-21 17:20:07.477]
04-21 17:20:07.496 30810 30944 D ar_activity: [TRACKING TransformPointToPose time=2023-04-21 17:20:07.496]
04-21 17:20:07.496 30810 30944 D ar_activity: [TRACKING TransformPointToPose time=2023-04-21 17:20:07.496]
04-21 17:20:07.496 30810 30944 D ar_activity: send stroke to firebase, id=-NT_g3eTibsspwRIwM5E
04-21 17:20:07.497 30810 30944 D ar_activity: [[2d] after update lines time=2023-04-21 17:20:07.496]
04-21 17:20:07.515 30810 30944 D ar_activity: [TRACKING TransformPointToPose time=2023-04-21 17:20:07.515]
04-21 17:20:07.515 30810 30944 D ar_activity: [TRACKING TransformPointToPose time=2023-04-21 17:20:07.515]
04-21 17:20:07.515 30810 30944 D ar_activity: send stroke to firebase, id=-NT_g3eTibsspwRIwM5E
04-21 17:20:07.516 30810 30944 D ar_activity: [[2d] after update lines time=2023-04-21 17:20:07.516]
04-21 17:20:07.531 30810 30810 D ar_activity: [[2a end - 2d start] onChildChanged stroke id=-NT_g3eTibsspwRIwM5E time=2023-04-21 17:20:07.531]
04-21 17:20:07.537 30810 30944 D ar_activity: [TRACKING TransformPointToPose time=2023-04-21 17:20:07.537]
04-21 17:20:07.537 30810 30944 D ar_activity: [TRACKING TransformPointToPose time=2023-04-21 17:20:07.537]
04-21 17:20:07.537 30810 30944 D ar_activity: send stroke to firebase, id=-NT_g3eTibsspwRIwM5E
04-21 17:20:07.538 30810 30944 D ar_activity: [[2d] after update lines time=2023-04-21 17:20:07.538]
04-21 17:20:07.557 30810 30944 D ar_activity: [TRACKING TransformPointToPose time=2023-04-21 17:20:07.556]
04-21 17:20:07.557 30810 30944 D ar_activity: send stroke to firebase, id=-NT_g3eTibsspwRIwM5E
04-21 17:20:07.558 30810 30944 D ar_activity: [[2d] after update lines time=2023-04-21 17:20:07.557]
04-21 17:20:07.579 30810 30944 D ar_activity: [TRACKING TransformPointToPose time=2023-04-21 17:20:07.578]
04-21 17:20:07.579 30810 30944 D ar_activity: [TRACKING TransformPointToPose time=2023-04-21 17:20:07.579]
04-21 17:20:07.579 30810 30944 D ar_activity: send stroke to firebase, id=-NT_g3eTibsspwRIwM5E
04-21 17:20:07.580 30810 30944 D ar_activity: [[2d] after update lines time=2023-04-21 17:20:07.579]
04-21 17:20:07.598 30810 30944 D ar_activity: [TRACKING TransformPointToPose time=2023-04-21 17:20:07.598]
04-21 17:20:07.598 30810 30944 D ar_activity: [TRACKING TransformPointToPose time=2023-04-21 17:20:07.598]
04-21 17:20:07.598 30810 30944 D ar_activity: send stroke to firebase, id=-NT_g3eTibsspwRIwM5E
04-21 17:20:07.599 30810 30944 D ar_activity: [[2d] after update lines time=2023-04-21 17:20:07.599]
04-21 17:20:07.613 30810 30810 D ar_activity: [[2a end - 2d start] onChildChanged stroke id=-NT_g3eTibsspwRIwM5E time=2023-04-21 17:20:07.613]
04-21 17:20:07.618 30810 30944 D ar_activity: [TRACKING TransformPointToPose time=2023-04-21 17:20:07.618]
04-21 17:20:07.618 30810 30944 D ar_activity: [TRACKING TransformPointToPose time=2023-04-21 17:20:07.618]
04-21 17:20:07.619 30810 30944 D ar_activity: send stroke to firebase, id=-NT_g3eTibsspwRIwM5E
04-21 17:20:07.619 30810 30944 D ar_activity: [[2d] after update lines time=2023-04-21 17:20:07.619]
04-21 17:20:07.639 30810 30944 D ar_activity: [TRACKING TransformPointToPose time=2023-04-21 17:20:07.639]
04-21 17:20:07.639 30810 30944 D ar_activity: [TRACKING TransformPointToPose time=2023-04-21 17:20:07.639]
04-21 17:20:07.639 30810 30944 D ar_activity: send stroke to firebase, id=-NT_g3eTibsspwRIwM5E
04-21 17:20:07.640 30810 30944 D ar_activity: [[2d] after update lines time=2023-04-21 17:20:07.640]
04-21 17:20:07.661 30810 30944 D ar_activity: [TRACKING TransformPointToPose time=2023-04-21 17:20:07.660]
04-21 17:20:07.662 30810 30944 D ar_activity: [TRACKING TransformPointToPose time=2023-04-21 17:20:07.662]
04-21 17:20:07.663 30810 30944 D ar_activity: send stroke to firebase, id=-NT_g3eTibsspwRIwM5E
04-21 17:20:07.663 30810 30944 D ar_activity: [[2d] after update lines time=2023-04-21 17:20:07.663]
04-21 17:20:07.678 30810 30810 D ar_activity: [[2a end - 2d start] onChildChanged stroke id=-NT_g3eTibsspwRIwM5E time=2023-04-21 17:20:07.677]
04-21 17:20:07.682 30810 30944 D ar_activity: [TRACKING TransformPointToPose time=2023-04-21 17:20:07.682]
04-21 17:20:07.682 30810 30944 D ar_activity: [TRACKING TransformPointToPose time=2023-04-21 17:20:07.682]
04-21 17:20:07.682 30810 30944 D ar_activity: send stroke to firebase, id=-NT_g3eTibsspwRIwM5E
04-21 17:20:07.683 30810 30944 D ar_activity: [[2d] after update lines time=2023-04-21 17:20:07.683]
04-21 17:20:07.707 30810 30944 D ar_activity: [TRACKING TransformPointToPose time=2023-04-21 17:20:07.707]
04-21 17:20:07.708 30810 30944 D ar_activity: [TRACKING TransformPointToPose time=2023-04-21 17:20:07.707]
04-21 17:20:07.708 30810 30944 D ar_activity: send stroke to firebase, id=-NT_g3eTibsspwRIwM5E
04-21 17:20:07.710 30810 30944 D ar_activity: [[2d] after update lines time=2023-04-21 17:20:07.710]
04-21 17:20:07.732 30810 30944 D ar_activity: [TRACKING TransformPointToPose time=2023-04-21 17:20:07.731]
04-21 17:20:07.732 30810 30944 D ar_activity: [TRACKING TransformPointToPose time=2023-04-21 17:20:07.732]
04-21 17:20:07.732 30810 30944 D ar_activity: send stroke to firebase, id=-NT_g3eTibsspwRIwM5E
04-21 17:20:07.733 30810 30944 D ar_activity: [[2d] after update lines time=2023-04-21 17:20:07.733]
04-21 17:20:07.749 30810 30810 D ar_activity: [[2a end - 2d start] onChildChanged stroke id=-NT_g3eTibsspwRIwM5E time=2023-04-21 17:20:07.749]
04-21 17:20:07.755 30810 30944 D ar_activity: [TRACKING TransformPointToPose time=2023-04-21 17:20:07.755]
04-21 17:20:07.756 30810 30944 D ar_activity: [TRACKING TransformPointToPose time=2023-04-21 17:20:07.755]
04-21 17:20:07.756 30810 30944 D ar_activity: send stroke to firebase, id=-NT_g3eTibsspwRIwM5E
04-21 17:20:07.756 30810 30944 D ar_activity: [[2d] after update lines time=2023-04-21 17:20:07.756]
04-21 17:20:07.775 30810 30944 D ar_activity: [TRACKING TransformPointToPose time=2023-04-21 17:20:07.775]
04-21 17:20:07.775 30810 30944 D ar_activity: [TRACKING TransformPointToPose time=2023-04-21 17:20:07.775]
04-21 17:20:07.775 30810 30944 D ar_activity: send stroke to firebase, id=-NT_g3eTibsspwRIwM5E
04-21 17:20:07.776 30810 30944 D ar_activity: [[2d] after update lines time=2023-04-21 17:20:07.776]
04-21 17:20:07.795 30810 30944 D ar_activity: [TRACKING TransformPointToPose time=2023-04-21 17:20:07.795]
04-21 17:20:07.795 30810 30944 D ar_activity: [TRACKING TransformPointToPose time=2023-04-21 17:20:07.795]
04-21 17:20:07.795 30810 30944 D ar_activity: send stroke to firebase, id=-NT_g3eTibsspwRIwM5E
04-21 17:20:07.796 30810 30944 D ar_activity: [[2d] after update lines time=2023-04-21 17:20:07.796]
04-21 17:20:07.813 30810 30810 D ar_activity: [[2a end - 2d start] onChildChanged stroke id=-NT_g3eTibsspwRIwM5E time=2023-04-21 17:20:07.813]
04-21 17:20:07.815 30810 30944 D ar_activity: [TRACKING TransformPointToPose time=2023-04-21 17:20:07.815]
04-21 17:20:07.815 30810 30944 D ar_activity: send stroke to firebase, id=-NT_g3eTibsspwRIwM5E
04-21 17:20:07.819 30810 30944 D ar_activity: [[2d] after update lines time=2023-04-21 17:20:07.818]
04-21 17:20:07.840 30810 30944 D ar_activity: [TRACKING TransformPointToPose time=2023-04-21 17:20:07.840]
04-21 17:20:07.840 30810 30944 D ar_activity: [TRACKING TransformPointToPose time=2023-04-21 17:20:07.840]
04-21 17:20:07.840 30810 30944 D ar_activity: [TRACKING TransformPointToPose time=2023-04-21 17:20:07.840]
04-21 17:20:07.840 30810 30944 D ar_activity: send stroke to firebase, id=-NT_g3eTibsspwRIwM5E
04-21 17:20:07.841 30810 30944 D ar_activity: [[2d] after update lines time=2023-04-21 17:20:07.841]
04-21 17:20:07.859 30810 30944 D ar_activity: [TRACKING TransformPointToPose time=2023-04-21 17:20:07.859]
04-21 17:20:07.859 30810 30944 D ar_activity: [TRACKING TransformPointToPose time=2023-04-21 17:20:07.859]
04-21 17:20:07.860 30810 30944 D ar_activity: send stroke to firebase, id=-NT_g3eTibsspwRIwM5E
04-21 17:20:07.860 30810 30944 D ar_activity: [[2d] after update lines time=2023-04-21 17:20:07.860]
04-21 17:20:07.882 30810 30944 D ar_activity: [TRACKING TransformPointToPose time=2023-04-21 17:20:07.881]
04-21 17:20:07.882 30810 30944 D ar_activity: [TRACKING TransformPointToPose time=2023-04-21 17:20:07.882]
04-21 17:20:07.883 30810 30944 D ar_activity: send stroke to firebase, id=-NT_g3eTibsspwRIwM5E
04-21 17:20:07.885 30810 30944 D ar_activity: [[2d] after update lines time=2023-04-21 17:20:07.885]
04-21 17:20:07.900 30810 30810 D ar_activity: [[2a end - 2d start] onChildChanged stroke id=-NT_g3eTibsspwRIwM5E time=2023-04-21 17:20:07.900]
04-21 17:20:07.905 30810 30944 D ar_activity: [TRACKING TransformPointToPose time=2023-04-21 17:20:07.905]
04-21 17:20:07.906 30810 30944 D ar_activity: send stroke to firebase, id=-NT_g3eTibsspwRIwM5E
04-21 17:20:07.906 30810 30944 D ar_activity: [[2d] after update lines time=2023-04-21 17:20:07.906]
04-21 17:20:07.926 30810 30944 D ar_activity: [TRACKING TransformPointToPose time=2023-04-21 17:20:07.926]
04-21 17:20:07.928 30810 30944 D ar_activity: [TRACKING TransformPointToPose time=2023-04-21 17:20:07.928]
04-21 17:20:07.928 30810 30944 D ar_activity: [TRACKING TransformPointToPose time=2023-04-21 17:20:07.928]
04-21 17:20:07.929 30810 30944 D ar_activity: send stroke to firebase, id=-NT_g3eTibsspwRIwM5E
04-21 17:20:07.929 30810 30944 D ar_activity: [[2d] after update lines time=2023-04-21 17:20:07.929]
04-21 17:20:07.949 30810 30944 D ar_activity: [TRACKING TransformPointToPose time=2023-04-21 17:20:07.949]
04-21 17:20:07.949 30810 30944 D ar_activity: [TRACKING TransformPointToPose time=2023-04-21 17:20:07.949]
04-21 17:20:07.950 30810 30944 D ar_activity: send stroke to firebase, id=-NT_g3eTibsspwRIwM5E
04-21 17:20:07.950 30810 30944 D ar_activity: [[2d] after update lines time=2023-04-21 17:20:07.950]
04-21 17:20:07.983 30810 30944 D ar_activity: [TRACKING TransformPointToPose time=2023-04-21 17:20:07.983]
04-21 17:20:07.983 30810 30944 D ar_activity: [TRACKING TransformPointToPose time=2023-04-21 17:20:07.983]
04-21 17:20:07.983 30810 30944 D ar_activity: send stroke to firebase, id=-NT_g3eTibsspwRIwM5E
04-21 17:20:07.984 30810 30944 D ar_activity: [[2d] after update lines time=2023-04-21 17:20:07.984]
04-21 17:20:07.996 30810 30810 D ar_activity: [[2a end - 2d start] onChildChanged stroke id=-NT_g3eTibsspwRIwM5E time=2023-04-21 17:20:07.996]
04-21 17:20:08.007 30810 30944 D ar_activity: [TRACKING TransformPointToPose time=2023-04-21 17:20:08.007]
04-21 17:20:08.008 30810 30944 D ar_activity: [TRACKING TransformPointToPose time=2023-04-21 17:20:08.007]
04-21 17:20:08.009 30810 30944 D ar_activity: send stroke to firebase, id=-NT_g3eTibsspwRIwM5E
04-21 17:20:08.011 30810 30944 D ar_activity: [[2d] after update lines time=2023-04-21 17:20:08.011]
04-21 17:20:08.032 30810 30944 D ar_activity: [TRACKING TransformPointToPose time=2023-04-21 17:20:08.032]
04-21 17:20:08.032 30810 30944 D ar_activity: [TRACKING TransformPointToPose time=2023-04-21 17:20:08.032]
04-21 17:20:08.033 30810 30944 D ar_activity: send stroke to firebase, id=-NT_g3eTibsspwRIwM5E
04-21 17:20:08.037 30810 30944 D ar_activity: [[2d] after update lines time=2023-04-21 17:20:08.034]
04-21 17:20:08.054 30810 30810 D ar_activity: [[2a end - 2d start] onChildChanged stroke id=-NT_g3eTibsspwRIwM5E time=2023-04-21 17:20:08.054]
04-21 17:20:08.058 30810 30944 D ar_activity: [TRACKING TransformPointToPose time=2023-04-21 17:20:08.058]
04-21 17:20:08.059 30810 30944 D ar_activity: [TRACKING TransformPointToPose time=2023-04-21 17:20:08.058]
04-21 17:20:08.059 30810 30944 D ar_activity: [TRACKING TransformPointToPose time=2023-04-21 17:20:08.059]
04-21 17:20:08.059 30810 30944 D ar_activity: send stroke to firebase, id=-NT_g3eTibsspwRIwM5E
04-21 17:20:08.060 30810 30944 D ar_activity: [[2d] after update lines time=2023-04-21 17:20:08.060]
04-21 17:20:08.079 30810 30944 D ar_activity: [TRACKING TransformPointToPose time=2023-04-21 17:20:08.079]
04-21 17:20:08.079 30810 30944 D ar_activity: send stroke to firebase, id=-NT_g3eTibsspwRIwM5E
04-21 17:20:08.079 30810 30944 D ar_activity: [[2d] after update lines time=2023-04-21 17:20:08.079]
04-21 17:20:08.098 30810 30944 D ar_activity: [TRACKING TransformPointToPose time=2023-04-21 17:20:08.098]
04-21 17:20:08.099 30810 30944 D ar_activity: [TRACKING TransformPointToPose time=2023-04-21 17:20:08.098]
04-21 17:20:08.099 30810 30944 D ar_activity: send stroke to firebase, id=-NT_g3eTibsspwRIwM5E
04-21 17:20:08.099 30810 30944 D ar_activity: [[2d] after update lines time=2023-04-21 17:20:08.099]
04-21 17:20:08.127 30810 30944 D ar_activity: [TRACKING TransformPointToPose time=2023-04-21 17:20:08.126]
04-21 17:20:08.128 30810 30944 D ar_activity: [TRACKING TransformPointToPose time=2023-04-21 17:20:08.128]
04-21 17:20:08.129 30810 30810 D ar_activity: [[2a end - 2d start] onChildChanged stroke id=-NT_g3eTibsspwRIwM5E time=2023-04-21 17:20:08.129]
04-21 17:20:08.130 30810 30944 D ar_activity: send stroke to firebase, id=-NT_g3eTibsspwRIwM5E
04-21 17:20:08.132 30810 30944 D ar_activity: [[2d] after update lines time=2023-04-21 17:20:08.131]
04-21 17:20:08.157 30810 30944 D ar_activity: [TRACKING TransformPointToPose time=2023-04-21 17:20:08.156]
04-21 17:20:08.159 30810 30944 D ar_activity: [TRACKING TransformPointToPose time=2023-04-21 17:20:08.158]
04-21 17:20:08.159 30810 30944 D ar_activity: send stroke to firebase, id=-NT_g3eTibsspwRIwM5E
04-21 17:20:08.163 30810 30944 D ar_activity: [[2d] after update lines time=2023-04-21 17:20:08.162]
04-21 17:20:08.187 30810 30944 D ar_activity: [TRACKING TransformPointToPose time=2023-04-21 17:20:08.187]
04-21 17:20:08.189 30810 30944 D ar_activity: [TRACKING TransformPointToPose time=2023-04-21 17:20:08.188]
04-21 17:20:08.189 30810 30944 D ar_activity: send stroke to firebase, id=-NT_g3eTibsspwRIwM5E
04-21 17:20:08.191 30810 30944 D ar_activity: [[2d] after update lines time=2023-04-21 17:20:08.191]
04-21 17:20:08.211 30810 30944 D ar_activity: [TRACKING TransformPointToPose time=2023-04-21 17:20:08.211]
04-21 17:20:08.211 30810 30944 D ar_activity: [TRACKING TransformPointToPose time=2023-04-21 17:20:08.211]
04-21 17:20:08.212 30810 30944 D ar_activity: send stroke to firebase, id=-NT_g3eTibsspwRIwM5E
04-21 17:20:08.216 30810 30810 D ar_activity: [[2a end - 2d start] onChildChanged stroke id=-NT_g3eTibsspwRIwM5E time=2023-04-21 17:20:08.216]
04-21 17:20:08.216 30810 30944 D ar_activity: [[2d] after update lines time=2023-04-21 17:20:08.215]
04-21 17:20:08.238 30810 30944 D ar_activity: [TRACKING TransformPointToPose time=2023-04-21 17:20:08.238]
04-21 17:20:08.239 30810 30944 D ar_activity: [TRACKING TransformPointToPose time=2023-04-21 17:20:08.239]
04-21 17:20:08.239 30810 30944 D ar_activity: [TRACKING TransformPointToPose time=2023-04-21 17:20:08.239]
04-21 17:20:08.239 30810 30944 D ar_activity: send stroke to firebase, id=-NT_g3eTibsspwRIwM5E
04-21 17:20:08.240 30810 30944 D ar_activity: [[2d] after update lines time=2023-04-21 17:20:08.239]
04-21 17:20:08.258 30810 30944 D ar_activity: [TRACKING TransformPointToPose time=2023-04-21 17:20:08.258]
04-21 17:20:08.258 30810 30944 D ar_activity: [TRACKING TransformPointToPose time=2023-04-21 17:20:08.258]
04-21 17:20:08.258 30810 30944 D ar_activity: send stroke to firebase, id=-NT_g3eTibsspwRIwM5E
04-21 17:20:08.259 30810 30944 D ar_activity: [[2d] after update lines time=2023-04-21 17:20:08.259]
04-21 17:20:08.278 30810 30944 D ar_activity: [TRACKING TransformPointToPose time=2023-04-21 17:20:08.277]
04-21 17:20:08.278 30810 30944 D ar_activity: send stroke to firebase, id=-NT_g3eTibsspwRIwM5E
04-21 17:20:08.280 30810 30810 D ar_activity: [[2a end - 2d start] onChildChanged stroke id=-NT_g3eTibsspwRIwM5E time=2023-04-21 17:20:08.279]
04-21 17:20:08.281 30810 30944 D ar_activity: [[2d] after update lines time=2023-04-21 17:20:08.281]
04-21 17:20:08.299 30810 30944 D ar_activity: [TRACKING TransformPointToPose time=2023-04-21 17:20:08.299]
04-21 17:20:08.300 30810 30944 D ar_activity: [TRACKING TransformPointToPose time=2023-04-21 17:20:08.300]
04-21 17:20:08.300 30810 30944 D ar_activity: send stroke to firebase, id=-NT_g3eTibsspwRIwM5E
04-21 17:20:08.303 30810 30944 D ar_activity: [[2d] after update lines time=2023-04-21 17:20:08.303]
04-21 17:20:08.322 30810 30944 D ar_activity: [TRACKING TransformPointToPose time=2023-04-21 17:20:08.322]
04-21 17:20:08.323 30810 30944 D ar_activity: [TRACKING TransformPointToPose time=2023-04-21 17:20:08.323]
04-21 17:20:08.323 30810 30944 D ar_activity: send stroke to firebase, id=-NT_g3eTibsspwRIwM5E
04-21 17:20:08.323 30810 30944 D ar_activity: [[2d] after update lines time=2023-04-21 17:20:08.323]
04-21 17:20:08.342 30810 30944 D ar_activity: [TRACKING TransformPointToPose time=2023-04-21 17:20:08.342]
04-21 17:20:08.342 30810 30944 D ar_activity: [TRACKING TransformPointToPose time=2023-04-21 17:20:08.342]
04-21 17:20:08.343 30810 30944 D ar_activity: send stroke to firebase, id=-NT_g3eTibsspwRIwM5E
04-21 17:20:08.343 30810 30944 D ar_activity: [[2d] after update lines time=2023-04-21 17:20:08.343]
04-21 17:20:08.355 30810 30810 D ar_activity: [[2a end - 2d start] onChildChanged stroke id=-NT_g3eTibsspwRIwM5E time=2023-04-21 17:20:08.355]
04-21 17:20:08.363 30810 30944 D ar_activity: [TRACKING TransformPointToPose time=2023-04-21 17:20:08.363]
04-21 17:20:08.363 30810 30944 D ar_activity: [TRACKING TransformPointToPose time=2023-04-21 17:20:08.363]
04-21 17:20:08.363 30810 30944 D ar_activity: send stroke to firebase, id=-NT_g3eTibsspwRIwM5E
04-21 17:20:08.364 30810 30944 D ar_activity: [[2d] after update lines time=2023-04-21 17:20:08.364]
04-21 17:20:08.382 30810 30944 D ar_activity: [TRACKING TransformPointToPose time=2023-04-21 17:20:08.382]
04-21 17:20:08.383 30810 30944 D ar_activity: [TRACKING TransformPointToPose time=2023-04-21 17:20:08.383]
04-21 17:20:08.383 30810 30944 D ar_activity: send stroke to firebase, id=-NT_g3eTibsspwRIwM5E
04-21 17:20:08.384 30810 30944 D ar_activity: [[2d] after update lines time=2023-04-21 17:20:08.383]
04-21 17:20:08.404 30810 30944 D ar_activity: [TRACKING TransformPointToPose time=2023-04-21 17:20:08.404]
04-21 17:20:08.404 30810 30944 D ar_activity: [TRACKING TransformPointToPose time=2023-04-21 17:20:08.404]
04-21 17:20:08.404 30810 30944 D ar_activity: send stroke to firebase, id=-NT_g3eTibsspwRIwM5E
04-21 17:20:08.405 30810 30944 D ar_activity: [[2d] after update lines time=2023-04-21 17:20:08.405]
04-21 17:20:08.426 30810 30810 D ar_activity: [[2a end - 2d start] onChildChanged stroke id=-NT_g3eTibsspwRIwM5E time=2023-04-21 17:20:08.425]
04-21 17:20:08.426 30810 30944 D ar_activity: [TRACKING TransformPointToPose time=2023-04-21 17:20:08.425]
04-21 17:20:08.427 30810 30944 D ar_activity: [TRACKING TransformPointToPose time=2023-04-21 17:20:08.426]
04-21 17:20:08.427 30810 30944 D ar_activity: send stroke to firebase, id=-NT_g3eTibsspwRIwM5E
04-21 17:20:08.429 30810 30944 D ar_activity: [[2d] after update lines time=2023-04-21 17:20:08.429]
04-21 17:20:08.448 30810 30944 D ar_activity: [TRACKING TransformPointToPose time=2023-04-21 17:20:08.448]
04-21 17:20:08.448 30810 30944 D ar_activity: [TRACKING TransformPointToPose time=2023-04-21 17:20:08.448]
04-21 17:20:08.448 30810 30944 D ar_activity: send stroke to firebase, id=-NT_g3eTibsspwRIwM5E
04-21 17:20:08.449 30810 30944 D ar_activity: [[2d] after update lines time=2023-04-21 17:20:08.449]
04-21 17:20:08.470 30810 30944 D ar_activity: [TRACKING TransformPointToPose time=2023-04-21 17:20:08.468]
04-21 17:20:08.470 30810 30944 D ar_activity: send stroke to firebase, id=-NT_g3eTibsspwRIwM5E
04-21 17:20:08.471 30810 30944 D ar_activity: [[2d] after update lines time=2023-04-21 17:20:08.470]
04-21 17:20:08.491 30810 30810 D ar_activity: [[2a end - 2d start] onChildChanged stroke id=-NT_g3eTibsspwRIwM5E time=2023-04-21 17:20:08.491]
04-21 17:20:08.492 30810 30944 D ar_activity: [TRACKING TransformPointToPose time=2023-04-21 17:20:08.492]
04-21 17:20:08.492 30810 30944 D ar_activity: [TRACKING TransformPointToPose time=2023-04-21 17:20:08.492]
04-21 17:20:08.492 30810 30944 D ar_activity: send stroke to firebase, id=-NT_g3eTibsspwRIwM5E
04-21 17:20:08.493 30810 30944 D ar_activity: [[2d] after update lines time=2023-04-21 17:20:08.493]
04-21 17:20:08.511 30810 30944 D ar_activity: [TRACKING TransformPointToPose time=2023-04-21 17:20:08.511]
04-21 17:20:08.512 30810 30944 D ar_activity: send stroke to firebase, id=-NT_g3eTibsspwRIwM5E
04-21 17:20:08.512 30810 30944 D ar_activity: [[2d] after update lines time=2023-04-21 17:20:08.512]
04-21 17:20:08.531 30810 30944 D ar_activity: [TRACKING TransformPointToPose time=2023-04-21 17:20:08.530]
04-21 17:20:08.531 30810 30944 D ar_activity: [TRACKING TransformPointToPose time=2023-04-21 17:20:08.531]
04-21 17:20:08.531 30810 30944 D ar_activity: send stroke to firebase, id=-NT_g3eTibsspwRIwM5E
04-21 17:20:08.532 30810 30944 D ar_activity: [[2d] after update lines time=2023-04-21 17:20:08.532]
04-21 17:20:08.551 30810 30810 D ar_activity: [[2a end - 2d start] onChildChanged stroke id=-NT_g3eTibsspwRIwM5E time=2023-04-21 17:20:08.550]
04-21 17:20:08.554 30810 30944 D ar_activity: [TRACKING TransformPointToPose time=2023-04-21 17:20:08.554]
04-21 17:20:08.554 30810 30944 D ar_activity: [TRACKING TransformPointToPose time=2023-04-21 17:20:08.554]
04-21 17:20:08.554 30810 30944 D ar_activity: send stroke to firebase, id=-NT_g3eTibsspwRIwM5E
04-21 17:20:08.555 30810 30944 D ar_activity: [[2d] after update lines time=2023-04-21 17:20:08.555]
04-21 17:20:08.574 30810 30944 D ar_activity: [TRACKING TransformPointToPose time=2023-04-21 17:20:08.573]
04-21 17:20:08.574 30810 30944 D ar_activity: [TRACKING TransformPointToPose time=2023-04-21 17:20:08.574]
04-21 17:20:08.574 30810 30944 D ar_activity: send stroke to firebase, id=-NT_g3eTibsspwRIwM5E
04-21 17:20:08.575 30810 30944 D ar_activity: [[2d] after update lines time=2023-04-21 17:20:08.575]
04-21 17:20:08.593 30810 30944 D ar_activity: [TRACKING TransformPointToPose time=2023-04-21 17:20:08.593]
04-21 17:20:08.595 30810 30944 D ar_activity: [TRACKING TransformPointToPose time=2023-04-21 17:20:08.593]
04-21 17:20:08.595 30810 30944 D ar_activity: send stroke to firebase, id=-NT_g3eTibsspwRIwM5E
04-21 17:20:08.596 30810 30944 D ar_activity: [[2d] after update lines time=2023-04-21 17:20:08.596]
04-21 17:20:08.612 30810 30810 D ar_activity: [[2a end - 2d start] onChildChanged stroke id=-NT_g3eTibsspwRIwM5E time=2023-04-21 17:20:08.612]
04-21 17:20:08.616 30810 30944 D ar_activity: [TRACKING TransformPointToPose time=2023-04-21 17:20:08.615]
04-21 17:20:08.616 30810 30944 D ar_activity: [TRACKING TransformPointToPose time=2023-04-21 17:20:08.616]
04-21 17:20:08.617 30810 30944 D ar_activity: send stroke to firebase, id=-NT_g3eTibsspwRIwM5E
04-21 17:20:08.619 30810 30944 D ar_activity: [[2d] after update lines time=2023-04-21 17:20:08.618]
04-21 17:20:08.642 30810 30944 D ar_activity: [TRACKING TransformPointToPose time=2023-04-21 17:20:08.642]
04-21 17:20:08.642 30810 30944 D ar_activity: [TRACKING TransformPointToPose time=2023-04-21 17:20:08.642]
04-21 17:20:08.643 30810 30944 D ar_activity: send stroke to firebase, id=-NT_g3eTibsspwRIwM5E
04-21 17:20:08.643 30810 30944 D ar_activity: [[2d] after update lines time=2023-04-21 17:20:08.643]
04-21 17:20:08.663 30810 30944 D ar_activity: [TRACKING TransformPointToPose time=2023-04-21 17:20:08.663]
04-21 17:20:08.664 30810 30944 D ar_activity: [TRACKING TransformPointToPose time=2023-04-21 17:20:08.664]
04-21 17:20:08.665 30810 30944 D ar_activity: send stroke to firebase, id=-NT_g3eTibsspwRIwM5E
04-21 17:20:08.666 30810 30944 D ar_activity: [[2d] after update lines time=2023-04-21 17:20:08.666]
04-21 17:20:08.684 30810 30810 D ar_activity: [[2a end - 2d start] onChildChanged stroke id=-NT_g3eTibsspwRIwM5E time=2023-04-21 17:20:08.684]
04-21 17:20:08.690 30810 30944 D ar_activity: [TRACKING TransformPointToPose time=2023-04-21 17:20:08.690]
04-21 17:20:08.690 30810 30944 D ar_activity: [TRACKING TransformPointToPose time=2023-04-21 17:20:08.690]
04-21 17:20:08.691 30810 30944 D ar_activity: send stroke to firebase, id=-NT_g3eTibsspwRIwM5E
04-21 17:20:08.693 30810 30944 D ar_activity: [[2d] after update lines time=2023-04-21 17:20:08.693]
04-21 17:20:08.714 30810 30944 D ar_activity: [TRACKING TransformPointToPose time=2023-04-21 17:20:08.714]
04-21 17:20:08.714 30810 30944 D ar_activity: [TRACKING TransformPointToPose time=2023-04-21 17:20:08.714]
04-21 17:20:08.715 30810 30944 D ar_activity: send stroke to firebase, id=-NT_g3eTibsspwRIwM5E
04-21 17:20:08.715 30810 30944 D ar_activity: [[2d] after update lines time=2023-04-21 17:20:08.715]
04-21 17:20:08.734 30810 30944 D ar_activity: [TRACKING TransformPointToPose time=2023-04-21 17:20:08.734]
04-21 17:20:08.734 30810 30944 D ar_activity: send stroke to firebase, id=-NT_g3eTibsspwRIwM5E
04-21 17:20:08.737 30810 30944 D ar_activity: [[2d] after update lines time=2023-04-21 17:20:08.735]
04-21 17:20:08.753 30810 30810 D ar_activity: [[2a end - 2d start] onChildChanged stroke id=-NT_g3eTibsspwRIwM5E time=2023-04-21 17:20:08.753]
04-21 17:20:08.758 30810 30944 D ar_activity: [TRACKING TransformPointToPose time=2023-04-21 17:20:08.758]
04-21 17:20:08.761 30810 30944 D ar_activity: [TRACKING TransformPointToPose time=2023-04-21 17:20:08.759]
04-21 17:20:08.762 30810 30944 D ar_activity: [TRACKING TransformPointToPose time=2023-04-21 17:20:08.762]
04-21 17:20:08.763 30810 30944 D ar_activity: send stroke to firebase, id=-NT_g3eTibsspwRIwM5E
04-21 17:20:08.765 30810 30944 D ar_activity: [[2d] after update lines time=2023-04-21 17:20:08.765]
04-21 17:20:08.791 30810 30944 D ar_activity: [TRACKING TransformPointToPose time=2023-04-21 17:20:08.790]
04-21 17:20:08.792 30810 30944 D ar_activity: [TRACKING TransformPointToPose time=2023-04-21 17:20:08.792]
04-21 17:20:08.792 30810 30944 D ar_activity: [TRACKING TransformPointToPose time=2023-04-21 17:20:08.792]
04-21 17:20:08.792 30810 30944 D ar_activity: send stroke to firebase, id=-NT_g3eTibsspwRIwM5E
04-21 17:20:08.793 30810 30944 D ar_activity: [[2d] after update lines time=2023-04-21 17:20:08.793]
04-21 17:20:08.812 30810 30944 D ar_activity: [TRACKING TransformPointToPose time=2023-04-21 17:20:08.812]
04-21 17:20:08.812 30810 30944 D ar_activity: send stroke to firebase, id=-NT_g3eTibsspwRIwM5E
04-21 17:20:08.813 30810 30944 D ar_activity: [[2d] after update lines time=2023-04-21 17:20:08.813]
04-21 17:20:08.813 30810 30810 D ar_activity: [[2a end - 2d start] onChildChanged stroke id=-NT_g3eTibsspwRIwM5E time=2023-04-21 17:20:08.813]
04-21 17:20:08.837 30810 30944 D ar_activity: [TRACKING TransformPointToPose time=2023-04-21 17:20:08.837]
04-21 17:20:08.837 30810 30944 D ar_activity: [TRACKING TransformPointToPose time=2023-04-21 17:20:08.837]
04-21 17:20:08.837 30810 30944 D ar_activity: send stroke to firebase, id=-NT_g3eTibsspwRIwM5E
04-21 17:20:08.838 30810 30944 D ar_activity: [[2d] after update lines time=2023-04-21 17:20:08.838]
04-21 17:20:08.857 30810 30944 D ar_activity: [TRACKING TransformPointToPose time=2023-04-21 17:20:08.856]
04-21 17:20:08.857 30810 30944 D ar_activity: send stroke to firebase, id=-NT_g3eTibsspwRIwM5E
04-21 17:20:08.858 30810 30944 D ar_activity: [[2d] after update lines time=2023-04-21 17:20:08.858]
04-21 17:20:08.877 30810 30944 D ar_activity: [TRACKING TransformPointToPose time=2023-04-21 17:20:08.877]
04-21 17:20:08.877 30810 30944 D ar_activity: send stroke to firebase, id=-NT_g3eTibsspwRIwM5E
04-21 17:20:08.879 30810 30944 D ar_activity: [[2d] after update lines time=2023-04-21 17:20:08.879]
04-21 17:20:08.896 30810 30810 D ar_activity: [[2a end - 2d start] onChildChanged stroke id=-NT_g3eTibsspwRIwM5E time=2023-04-21 17:20:08.896]
04-21 17:20:08.898 30810 30944 D ar_activity: [TRACKING TransformPointToPose time=2023-04-21 17:20:08.898]
04-21 17:20:08.898 30810 30944 D ar_activity: [TRACKING TransformPointToPose time=2023-04-21 17:20:08.898]
04-21 17:20:08.899 30810 30944 D ar_activity: send stroke to firebase, id=-NT_g3eTibsspwRIwM5E
04-21 17:20:08.899 30810 30944 D ar_activity: [[2d] after update lines time=2023-04-21 17:20:08.899]
04-21 17:20:08.918 30810 30944 D ar_activity: [TRACKING TransformPointToPose time=2023-04-21 17:20:08.918]
04-21 17:20:08.919 30810 30944 D ar_activity: [TRACKING TransformPointToPose time=2023-04-21 17:20:08.919]
04-21 17:20:08.919 30810 30944 D ar_activity: send stroke to firebase, id=-NT_g3eTibsspwRIwM5E
04-21 17:20:08.920 30810 30944 D ar_activity: [[2d] after update lines time=2023-04-21 17:20:08.919]
04-21 17:20:08.940 30810 30944 D ar_activity: [TRACKING TransformPointToPose time=2023-04-21 17:20:08.940]
04-21 17:20:08.941 30810 30944 D ar_activity: [TRACKING TransformPointToPose time=2023-04-21 17:20:08.941]
04-21 17:20:08.941 30810 30944 D ar_activity: send stroke to firebase, id=-NT_g3eTibsspwRIwM5E
04-21 17:20:08.943 30810 30944 D ar_activity: [[2d] after update lines time=2023-04-21 17:20:08.943]
04-21 17:20:08.965 30810 30944 D ar_activity: [TRACKING TransformPointToPose time=2023-04-21 17:20:08.965]
04-21 17:20:08.966 30810 30944 D ar_activity: [TRACKING TransformPointToPose time=2023-04-21 17:20:08.966]
04-21 17:20:08.966 30810 30944 D ar_activity: send stroke to firebase, id=-NT_g3eTibsspwRIwM5E
04-21 17:20:08.967 30810 30944 D ar_activity: [[2d] after update lines time=2023-04-21 17:20:08.967]
04-21 17:20:08.968 30810 30810 D ar_activity: [[2a end - 2d start] onChildChanged stroke id=-NT_g3eTibsspwRIwM5E time=2023-04-21 17:20:08.968]
04-21 17:20:08.989 30810 30944 D ar_activity: [TRACKING TransformPointToPose time=2023-04-21 17:20:08.989]
04-21 17:20:08.990 30810 30944 D ar_activity: [TRACKING TransformPointToPose time=2023-04-21 17:20:08.989]
04-21 17:20:08.990 30810 30944 D ar_activity: send stroke to firebase, id=-NT_g3eTibsspwRIwM5E
04-21 17:20:08.990 30810 30944 D ar_activity: [[2d] after update lines time=2023-04-21 17:20:08.990]
04-21 17:20:09.012 30810 30944 D ar_activity: [TRACKING TransformPointToPose time=2023-04-21 17:20:09.011]
04-21 17:20:09.012 30810 30944 D ar_activity: send stroke to firebase, id=-NT_g3eTibsspwRIwM5E
04-21 17:20:09.014 30810 30944 D ar_activity: [[2d] after update lines time=2023-04-21 17:20:09.014]
04-21 17:20:09.033 30810 30810 D ar_activity: [[2a end - 2d start] onChildChanged stroke id=-NT_g3eTibsspwRIwM5E time=2023-04-21 17:20:09.032]
04-21 17:20:09.036 30810 30944 D ar_activity: [TRACKING TransformPointToPose time=2023-04-21 17:20:09.036]
04-21 17:20:09.037 30810 30944 D ar_activity: [TRACKING TransformPointToPose time=2023-04-21 17:20:09.037]
04-21 17:20:09.038 30810 30944 D ar_activity: send stroke to firebase, id=-NT_g3eTibsspwRIwM5E
04-21 17:20:09.038 30810 30944 D ar_activity: [[2d] after update lines time=2023-04-21 17:20:09.038]
04-21 17:20:09.057 30810 30944 D ar_activity: [TRACKING TransformPointToPose time=2023-04-21 17:20:09.057]
04-21 17:20:09.057 30810 30944 D ar_activity: [TRACKING TransformPointToPose time=2023-04-21 17:20:09.057]
04-21 17:20:09.058 30810 30944 D ar_activity: [TRACKING TransformPointToPose time=2023-04-21 17:20:09.058]
04-21 17:20:09.058 30810 30944 D ar_activity: send stroke to firebase, id=-NT_g3eTibsspwRIwM5E
04-21 17:20:09.059 30810 30944 D ar_activity: [[2d] after update lines time=2023-04-21 17:20:09.058]
04-21 17:20:09.078 30810 30944 D ar_activity: [TRACKING TransformPointToPose time=2023-04-21 17:20:09.077]
04-21 17:20:09.078 30810 30944 D ar_activity: send stroke to firebase, id=-NT_g3eTibsspwRIwM5E
04-21 17:20:09.078 30810 30944 D ar_activity: [[2d] after update lines time=2023-04-21 17:20:09.078]
04-21 17:20:09.097 30810 30944 D ar_activity: [TRACKING TransformPointToPose time=2023-04-21 17:20:09.097]
04-21 17:20:09.097 30810 30944 D ar_activity: [TRACKING TransformPointToPose time=2023-04-21 17:20:09.097]
04-21 17:20:09.098 30810 30944 D ar_activity: send stroke to firebase, id=-NT_g3eTibsspwRIwM5E
04-21 17:20:09.098 30810 30944 D ar_activity: [[2d] after update lines time=2023-04-21 17:20:09.098]
04-21 17:20:09.119 30810 30944 D ar_activity: [TRACKING TransformPointToPose time=2023-04-21 17:20:09.119]
04-21 17:20:09.119 30810 30944 D ar_activity: [TRACKING TransformPointToPose time=2023-04-21 17:20:09.119]
04-21 17:20:09.119 30810 30944 D ar_activity: send stroke to firebase, id=-NT_g3eTibsspwRIwM5E
04-21 17:20:09.121 30810 30944 D ar_activity: [[2d] after update lines time=2023-04-21 17:20:09.120]
04-21 17:20:09.121 30810 30810 D ar_activity: [[2a end - 2d start] onChildChanged stroke id=-NT_g3eTibsspwRIwM5E time=2023-04-21 17:20:09.121]
04-21 17:20:09.147 30810 30944 D ar_activity: [TRACKING TransformPointToPose time=2023-04-21 17:20:09.146]
