--------- beginning of main
04-07 15:37:03.955 15023 15180 D ar_activity: [Update ARCore frame time=2023-04-07 15:37:03.916]
04-07 15:37:04.025 15023 15180 D ar_activity: [[2d] after update lines time=2023-04-07 15:37:04.025]
04-07 15:37:04.043 15023 15180 D ar_activity: [Update ARCore frame time=2023-04-07 15:37:04.043]
04-07 15:37:04.127 15023 15180 D ar_activity: [Update ARCore frame time=2023-04-07 15:37:04.127]
04-07 15:37:04.211 15023 15180 D ar_activity: [Update ARCore frame time=2023-04-07 15:37:04.211]
04-07 15:37:04.295 15023 15180 D ar_activity: [Update ARCore frame time=2023-04-07 15:37:04.294]
04-07 15:37:04.380 15023 15180 D ar_activity: [Update ARCore frame time=2023-04-07 15:37:04.379]
04-07 15:37:04.451 15023 15180 D ar_activity: [Update ARCore frame time=2023-04-07 15:37:04.451]
04-07 15:37:04.481 15023 15180 D ar_activity: [Update ARCore frame time=2023-04-07 15:37:04.481]
04-07 15:37:04.511 15023 15180 D ar_activity: [Update ARCore frame time=2023-04-07 15:37:04.511]
04-07 15:37:04.530 15023 15180 D ar_activity: [Update ARCore frame time=2023-04-07 15:37:04.529]
04-07 15:37:04.556 15023 15180 D ar_activity: [Update ARCore frame time=2023-04-07 15:37:04.556]
04-07 15:37:04.581 15023 15180 D ar_activity: [Update ARCore frame time=2023-04-07 15:37:04.581]
04-07 15:37:04.600 15023 15180 D ar_activity: [Update ARCore frame time=2023-04-07 15:37:04.600]
04-07 15:37:04.619 15023 15180 D ar_activity: [Update ARCore frame time=2023-04-07 15:37:04.619]
04-07 15:37:04.640 15023 15180 D ar_activity: [Update ARCore frame time=2023-04-07 15:37:04.639]
04-07 15:37:04.661 15023 15180 D ar_activity: [Update ARCore frame time=2023-04-07 15:37:04.661]
04-07 15:37:04.681 15023 15180 D ar_activity: [Update ARCore frame time=2023-04-07 15:37:04.681]
04-07 15:37:04.700 15023 15180 D ar_activity: [Update ARCore frame time=2023-04-07 15:37:04.700]
04-07 15:37:04.722 15023 15180 D ar_activity: [Update ARCore frame time=2023-04-07 15:37:04.722]
04-07 15:37:04.749 15023 15180 D ar_activity: [Update ARCore frame time=2023-04-07 15:37:04.749]
04-07 15:37:04.775 15023 15180 D ar_activity: [Update ARCore frame time=2023-04-07 15:37:04.769]
04-07 15:37:04.798 15023 15180 D ar_activity: [Update ARCore frame time=2023-04-07 15:37:04.798]
04-07 15:37:04.827 15023 15180 D ar_activity: [Update ARCore frame time=2023-04-07 15:37:04.825]
04-07 15:37:04.846 15023 15180 D ar_activity: [Update ARCore frame time=2023-04-07 15:37:04.845]
04-07 15:37:04.865 15023 15180 D ar_activity: [Update ARCore frame time=2023-04-07 15:37:04.864]
04-07 15:37:04.884 15023 15180 D ar_activity: [Update ARCore frame time=2023-04-07 15:37:04.883]
04-07 15:37:04.905 15023 15180 D ar_activity: [Update ARCore frame time=2023-04-07 15:37:04.903]
04-07 15:37:04.936 15023 15180 D ar_activity: [Update ARCore frame time=2023-04-07 15:37:04.935]
04-07 15:37:04.954 15023 15180 D ar_activity: [Update ARCore frame time=2023-04-07 15:37:04.954]
04-07 15:37:04.960 15023 15180 D ar_activity: [[2d end] stroke time=2023-04-07 15:37:04.959]
04-07 15:37:04.978 15023 15180 D ar_activity: [Update ARCore frame time=2023-04-07 15:37:04.978]
04-07 15:37:04.982 15023 15180 D ar_activity: [[2d end] stroke time=2023-04-07 15:37:04.981]
04-07 15:37:05.009 15023 15180 D ar_activity: [Update ARCore frame time=2023-04-07 15:37:05.009]
04-07 15:37:05.013 15023 15180 D ar_activity: [[2d end] stroke time=2023-04-07 15:37:05.013]
04-07 15:37:05.032 15023 15180 D ar_activity: [Update ARCore frame time=2023-04-07 15:37:05.030]
04-07 15:37:05.039 15023 15180 D ar_activity: [[2d end] stroke time=2023-04-07 15:37:05.038]
04-07 15:37:05.056 15023 15180 D ar_activity: [Update ARCore frame time=2023-04-07 15:37:05.056]
04-07 15:37:05.058 15023 15180 D ar_activity: [[2d end] stroke time=2023-04-07 15:37:05.058]
04-07 15:37:05.079 15023 15180 D ar_activity: [Update ARCore frame time=2023-04-07 15:37:05.078]
04-07 15:37:05.084 15023 15180 D ar_activity: [[2d end] stroke time=2023-04-07 15:37:05.083]
04-07 15:37:05.102 15023 15180 D ar_activity: [Update ARCore frame time=2023-04-07 15:37:05.102]
04-07 15:37:05.105 15023 15180 D ar_activity: [[2d end] stroke time=2023-04-07 15:37:05.104]
04-07 15:37:05.129 15023 15180 D ar_activity: [Update ARCore frame time=2023-04-07 15:37:05.128]
04-07 15:37:05.137 15023 15180 D ar_activity: [[2d end] stroke time=2023-04-07 15:37:05.136]
04-07 15:37:05.155 15023 15180 D ar_activity: [Update ARCore frame time=2023-04-07 15:37:05.154]
04-07 15:37:05.157 15023 15180 D ar_activity: [[2d end] stroke time=2023-04-07 15:37:05.156]
04-07 15:37:05.173 15023 15180 D ar_activity: [Update ARCore frame time=2023-04-07 15:37:05.173]
04-07 15:37:05.175 15023 15180 D ar_activity: [[2d end] stroke time=2023-04-07 15:37:05.175]
04-07 15:37:05.194 15023 15180 D ar_activity: [Update ARCore frame time=2023-04-07 15:37:05.194]
04-07 15:37:05.196 15023 15180 D ar_activity: [[2d end] stroke time=2023-04-07 15:37:05.196]
04-07 15:37:05.214 15023 15180 D ar_activity: [Update ARCore frame time=2023-04-07 15:37:05.214]
04-07 15:37:05.216 15023 15180 D ar_activity: [[2d end] stroke time=2023-04-07 15:37:05.216]
04-07 15:37:05.236 15023 15180 D ar_activity: [Update ARCore frame time=2023-04-07 15:37:05.236]
04-07 15:37:05.238 15023 15180 D ar_activity: [[2d end] stroke time=2023-04-07 15:37:05.238]
04-07 15:37:05.255 15023 15180 D ar_activity: [Update ARCore frame time=2023-04-07 15:37:05.255]
04-07 15:37:05.257 15023 15180 D ar_activity: [[2d end] stroke time=2023-04-07 15:37:05.257]
04-07 15:37:05.274 15023 15180 D ar_activity: [Update ARCore frame time=2023-04-07 15:37:05.274]
04-07 15:37:05.278 15023 15180 D ar_activity: [[2d end] stroke time=2023-04-07 15:37:05.277]
04-07 15:37:05.305 15023 15180 D ar_activity: [Update ARCore frame time=2023-04-07 15:37:05.305]
04-07 15:37:05.307 15023 15180 D ar_activity: [[2d end] stroke time=2023-04-07 15:37:05.307]
04-07 15:37:05.324 15023 15180 D ar_activity: [Update ARCore frame time=2023-04-07 15:37:05.324]
04-07 15:37:05.332 15023 15180 D ar_activity: [[2d end] stroke time=2023-04-07 15:37:05.331]
04-07 15:37:05.348 15023 15180 D ar_activity: [Update ARCore frame time=2023-04-07 15:37:05.348]
04-07 15:37:05.352 15023 15180 D ar_activity: [[2d end] stroke time=2023-04-07 15:37:05.351]
04-07 15:37:05.369 15023 15180 D ar_activity: [Update ARCore frame time=2023-04-07 15:37:05.369]
04-07 15:37:05.371 15023 15180 D ar_activity: [[2d end] stroke time=2023-04-07 15:37:05.371]
04-07 15:37:05.388 15023 15180 D ar_activity: [Update ARCore frame time=2023-04-07 15:37:05.388]
04-07 15:37:05.394 15023 15180 D ar_activity: [[2d end] stroke time=2023-04-07 15:37:05.391]
04-07 15:37:05.412 15023 15180 D ar_activity: [Update ARCore frame time=2023-04-07 15:37:05.412]
04-07 15:37:05.414 15023 15180 D ar_activity: [[2d end] stroke time=2023-04-07 15:37:05.414]
04-07 15:37:05.431 15023 15180 D ar_activity: [Update ARCore frame time=2023-04-07 15:37:05.431]
04-07 15:37:05.433 15023 15180 D ar_activity: [[2d end] stroke time=2023-04-07 15:37:05.433]
04-07 15:37:05.450 15023 15180 D ar_activity: [Update ARCore frame time=2023-04-07 15:37:05.449]
04-07 15:37:05.453 15023 15180 D ar_activity: [[2d end] stroke time=2023-04-07 15:37:05.453]
04-07 15:37:05.471 15023 15180 D ar_activity: [Update ARCore frame time=2023-04-07 15:37:05.471]
04-07 15:37:05.473 15023 15180 D ar_activity: [[2d end] stroke time=2023-04-07 15:37:05.473]
04-07 15:37:05.490 15023 15180 D ar_activity: [Update ARCore frame time=2023-04-07 15:37:05.490]
04-07 15:37:05.492 15023 15180 D ar_activity: [[2d end] stroke time=2023-04-07 15:37:05.492]
04-07 15:37:05.513 15023 15180 D ar_activity: [Update ARCore frame time=2023-04-07 15:37:05.512]
04-07 15:37:05.517 15023 15180 D ar_activity: [[2d end] stroke time=2023-04-07 15:37:05.517]
04-07 15:37:05.535 15023 15180 D ar_activity: [Update ARCore frame time=2023-04-07 15:37:05.535]
04-07 15:37:05.537 15023 15180 D ar_activity: [[2d end] stroke time=2023-04-07 15:37:05.537]
04-07 15:37:05.554 15023 15180 D ar_activity: [Update ARCore frame time=2023-04-07 15:37:05.554]
04-07 15:37:05.556 15023 15180 D ar_activity: [[2d end] stroke time=2023-04-07 15:37:05.556]
04-07 15:37:05.573 15023 15180 D ar_activity: [Update ARCore frame time=2023-04-07 15:37:05.573]
04-07 15:37:05.574 15023 15180 D ar_activity: [[2d end] stroke time=2023-04-07 15:37:05.574]
04-07 15:37:05.592 15023 15180 D ar_activity: [Update ARCore frame time=2023-04-07 15:37:05.591]
04-07 15:37:05.597 15023 15180 D ar_activity: [[2d end] stroke time=2023-04-07 15:37:05.597]
04-07 15:37:05.615 15023 15180 D ar_activity: [Update ARCore frame time=2023-04-07 15:37:05.615]
04-07 15:37:05.617 15023 15180 D ar_activity: [[2d end] stroke time=2023-04-07 15:37:05.617]
04-07 15:37:05.634 15023 15180 D ar_activity: [Update ARCore frame time=2023-04-07 15:37:05.634]
04-07 15:37:05.637 15023 15180 D ar_activity: [[2d end] stroke time=2023-04-07 15:37:05.637]
04-07 15:37:05.654 15023 15180 D ar_activity: [Update ARCore frame time=2023-04-07 15:37:05.653]
04-07 15:37:05.655 15023 15180 D ar_activity: [[2d end] stroke time=2023-04-07 15:37:05.655]
04-07 15:37:05.673 15023 15180 D ar_activity: [Update ARCore frame time=2023-04-07 15:37:05.672]
04-07 15:37:05.674 15023 15180 D ar_activity: [[2d end] stroke time=2023-04-07 15:37:05.674]
04-07 15:37:05.691 15023 15180 D ar_activity: [Update ARCore frame time=2023-04-07 15:37:05.691]
04-07 15:37:05.696 15023 15180 D ar_activity: [[2d end] stroke time=2023-04-07 15:37:05.695]
04-07 15:37:05.713 15023 15180 D ar_activity: [Update ARCore frame time=2023-04-07 15:37:05.713]
04-07 15:37:05.714 15023 15180 D ar_activity: [[2d end] stroke time=2023-04-07 15:37:05.714]
04-07 15:37:05.731 15023 15180 D ar_activity: [Update ARCore frame time=2023-04-07 15:37:05.731]
04-07 15:37:05.733 15023 15180 D ar_activity: [[2d end] stroke time=2023-04-07 15:37:05.733]
04-07 15:37:05.751 15023 15180 D ar_activity: [Update ARCore frame time=2023-04-07 15:37:05.751]
04-07 15:37:05.753 15023 15180 D ar_activity: [[2d end] stroke time=2023-04-07 15:37:05.753]
04-07 15:37:05.770 15023 15180 D ar_activity: [Update ARCore frame time=2023-04-07 15:37:05.770]
04-07 15:37:05.774 15023 15180 D ar_activity: [[2d end] stroke time=2023-04-07 15:37:05.773]
04-07 15:37:05.791 15023 15180 D ar_activity: [Update ARCore frame time=2023-04-07 15:37:05.791]
04-07 15:37:05.800 15023 15180 D ar_activity: [[2d end] stroke time=2023-04-07 15:37:05.799]
04-07 15:37:05.819 15023 15180 D ar_activity: [Update ARCore frame time=2023-04-07 15:37:05.818]
04-07 15:37:05.824 15023 15180 D ar_activity: [[2d end] stroke time=2023-04-07 15:37:05.823]
04-07 15:37:05.844 15023 15180 D ar_activity: [Update ARCore frame time=2023-04-07 15:37:05.844]
04-07 15:37:05.846 15023 15180 D ar_activity: [[2d end] stroke time=2023-04-07 15:37:05.846]
04-07 15:37:05.865 15023 15180 D ar_activity: [Update ARCore frame time=2023-04-07 15:37:05.864]
04-07 15:37:05.868 15023 15180 D ar_activity: [[2d end] stroke time=2023-04-07 15:37:05.868]
04-07 15:37:05.887 15023 15180 D ar_activity: [Update ARCore frame time=2023-04-07 15:37:05.886]
04-07 15:37:05.890 15023 15180 D ar_activity: [[2d end] stroke time=2023-04-07 15:37:05.890]
04-07 15:37:05.908 15023 15180 D ar_activity: [Update ARCore frame time=2023-04-07 15:37:05.908]
04-07 15:37:05.911 15023 15180 D ar_activity: [[2d end] stroke time=2023-04-07 15:37:05.911]
04-07 15:37:05.930 15023 15180 D ar_activity: [Update ARCore frame time=2023-04-07 15:37:05.929]
04-07 15:37:05.932 15023 15180 D ar_activity: [[2d end] stroke time=2023-04-07 15:37:05.931]
04-07 15:37:05.949 15023 15180 D ar_activity: [Update ARCore frame time=2023-04-07 15:37:05.948]
04-07 15:37:05.950 15023 15180 D ar_activity: [[2d end] stroke time=2023-04-07 15:37:05.950]
04-07 15:37:05.960 15023 15023 D ar_activity: [--- pair start --- time=2023-04-07 15:37:05.959]
04-07 15:37:05.960 15023 15023 D ar_activity: [--- pair session start --- time=2023-04-07 15:37:05.960]
04-07 15:37:05.967 15023 15180 D ar_activity: [Update ARCore frame time=2023-04-07 15:37:05.967]
04-07 15:37:05.973 15023 15180 D ar_activity: [[2d end] stroke time=2023-04-07 15:37:05.972]
04-07 15:37:05.986 15023 15023 D ar_activity: [create room: Message{namespace='', type='', content=[34 bytes]} time=2023-04-07 15:37:05.985]
04-07 15:37:05.996 15023 15180 D ar_activity: [Update ARCore frame time=2023-04-07 15:37:05.995]
04-07 15:37:05.997 15023 15180 D ar_activity: [[2d end] stroke time=2023-04-07 15:37:05.997]
04-07 15:37:06.001 15023 15023 D ar_activity: LOOKING: 2023-04-07 15:37:06.001
04-07 15:37:06.015 15023 15180 D ar_activity: [Update ARCore frame time=2023-04-07 15:37:06.014]
04-07 15:37:06.016 15023 15180 D ar_activity: [[2d end] stroke time=2023-04-07 15:37:06.016]
04-07 15:37:06.033 15023 15180 D ar_activity: [Update ARCore frame time=2023-04-07 15:37:06.033]
04-07 15:37:06.041 15023 15180 D ar_activity: [[2d end] stroke time=2023-04-07 15:37:06.041]
04-07 15:37:06.067 15023 15180 D ar_activity: [Update ARCore frame time=2023-04-07 15:37:06.065]
04-07 15:37:06.074 15023 15180 D ar_activity: [[2d end] stroke time=2023-04-07 15:37:06.074]
04-07 15:37:06.099 15023 15180 D ar_activity: [Update ARCore frame time=2023-04-07 15:37:06.099]
04-07 15:37:06.101 15023 15180 D ar_activity: [[2d end] stroke time=2023-04-07 15:37:06.101]
04-07 15:37:06.119 15023 15180 D ar_activity: [Update ARCore frame time=2023-04-07 15:37:06.119]
04-07 15:37:06.124 15023 15180 D ar_activity: [[2d end] stroke time=2023-04-07 15:37:06.124]
04-07 15:37:06.141 15023 15180 D ar_activity: [Update ARCore frame time=2023-04-07 15:37:06.141]
04-07 15:37:06.143 15023 15180 D ar_activity: [[2d end] stroke time=2023-04-07 15:37:06.143]
04-07 15:37:06.163 15023 15180 D ar_activity: [Update ARCore frame time=2023-04-07 15:37:06.161]
04-07 15:37:06.164 15023 15180 D ar_activity: [[2d end] stroke time=2023-04-07 15:37:06.164]
04-07 15:37:06.182 15023 15180 D ar_activity: [Update ARCore frame time=2023-04-07 15:37:06.181]
04-07 15:37:06.183 15023 15180 D ar_activity: [[2d end] stroke time=2023-04-07 15:37:06.183]
04-07 15:37:06.200 15023 15180 D ar_activity: [Update ARCore frame time=2023-04-07 15:37:06.200]
04-07 15:37:06.204 15023 15180 D ar_activity: [[2d end] stroke time=2023-04-07 15:37:06.203]
04-07 15:37:06.222 15023 15180 D ar_activity: [Update ARCore frame time=2023-04-07 15:37:06.222]
04-07 15:37:06.224 15023 15180 D ar_activity: [[2d end] stroke time=2023-04-07 15:37:06.224]
04-07 15:37:06.248 15023 15180 D ar_activity: [Update ARCore frame time=2023-04-07 15:37:06.245]
04-07 15:37:06.266 15023 15180 D ar_activity: [[2d end] stroke time=2023-04-07 15:37:06.262]
04-07 15:37:06.287 15023 15180 D ar_activity: [Update ARCore frame time=2023-04-07 15:37:06.287]
04-07 15:37:06.293 15023 15180 D ar_activity: [[2d end] stroke time=2023-04-07 15:37:06.292]
04-07 15:37:06.313 15023 15180 D ar_activity: [Update ARCore frame time=2023-04-07 15:37:06.313]
04-07 15:37:06.315 15023 15180 D ar_activity: [[2d end] stroke time=2023-04-07 15:37:06.314]
04-07 15:37:06.336 15023 15180 D ar_activity: [Update ARCore frame time=2023-04-07 15:37:06.336]
04-07 15:37:06.339 15023 15180 D ar_activity: [[2d end] stroke time=2023-04-07 15:37:06.339]
04-07 15:37:06.358 15023 15180 D ar_activity: [Update ARCore frame time=2023-04-07 15:37:06.357]
04-07 15:37:06.363 15023 15180 D ar_activity: [[2d end] stroke time=2023-04-07 15:37:06.362]
04-07 15:37:06.384 15023 15180 D ar_activity: [Update ARCore frame time=2023-04-07 15:37:06.383]
04-07 15:37:06.387 15023 15180 D ar_activity: [[2d end] stroke time=2023-04-07 15:37:06.387]
04-07 15:37:06.405 15023 15180 D ar_activity: [Update ARCore frame time=2023-04-07 15:37:06.404]
04-07 15:37:06.406 15023 15180 D ar_activity: [[2d end] stroke time=2023-04-07 15:37:06.406]
04-07 15:37:06.425 15023 15180 D ar_activity: [Update ARCore frame time=2023-04-07 15:37:06.424]
04-07 15:37:06.426 15023 15180 D ar_activity: [[2d end] stroke time=2023-04-07 15:37:06.426]
04-07 15:37:06.444 15023 15180 D ar_activity: [Update ARCore frame time=2023-04-07 15:37:06.444]
04-07 15:37:06.448 15023 15180 D ar_activity: [[2d end] stroke time=2023-04-07 15:37:06.448]
04-07 15:37:06.466 15023 15180 D ar_activity: [Update ARCore frame time=2023-04-07 15:37:06.465]
04-07 15:37:06.470 15023 15180 D ar_activity: [[2d end] stroke time=2023-04-07 15:37:06.470]
04-07 15:37:06.488 15023 15180 D ar_activity: [Update ARCore frame time=2023-04-07 15:37:06.488]
04-07 15:37:06.493 15023 15180 D ar_activity: [[2d end] stroke time=2023-04-07 15:37:06.493]
04-07 15:37:06.514 15023 15180 D ar_activity: [Update ARCore frame time=2023-04-07 15:37:06.513]
04-07 15:37:06.524 15023 15180 D ar_activity: [[2d end] stroke time=2023-04-07 15:37:06.523]
04-07 15:37:06.542 15023 15180 D ar_activity: [Update ARCore frame time=2023-04-07 15:37:06.542]
04-07 15:37:06.543 15023 15180 D ar_activity: [[2d end] stroke time=2023-04-07 15:37:06.543]
04-07 15:37:06.565 15023 15180 D ar_activity: [Update ARCore frame time=2023-04-07 15:37:06.565]
04-07 15:37:06.569 15023 15180 D ar_activity: [[2d end] stroke time=2023-04-07 15:37:06.567]
04-07 15:37:06.586 15023 15180 D ar_activity: [Update ARCore frame time=2023-04-07 15:37:06.586]
04-07 15:37:06.588 15023 15180 D ar_activity: [[2d end] stroke time=2023-04-07 15:37:06.588]
04-07 15:37:06.605 15023 15180 D ar_activity: [Update ARCore frame time=2023-04-07 15:37:06.605]
04-07 15:37:06.607 15023 15180 D ar_activity: [[2d end] stroke time=2023-04-07 15:37:06.607]
04-07 15:37:06.626 15023 15180 D ar_activity: [Update ARCore frame time=2023-04-07 15:37:06.624]
04-07 15:37:06.628 15023 15180 D ar_activity: [[2d end] stroke time=2023-04-07 15:37:06.628]
04-07 15:37:06.648 15023 15180 D ar_activity: [Update ARCore frame time=2023-04-07 15:37:06.648]
04-07 15:37:06.650 15023 15180 D ar_activity: [[2d end] stroke time=2023-04-07 15:37:06.649]
04-07 15:37:06.668 15023 15180 D ar_activity: [Update ARCore frame time=2023-04-07 15:37:06.667]
04-07 15:37:06.669 15023 15180 D ar_activity: [[2d end] stroke time=2023-04-07 15:37:06.669]
04-07 15:37:06.687 15023 15180 D ar_activity: [Update ARCore frame time=2023-04-07 15:37:06.686]
04-07 15:37:06.690 15023 15180 D ar_activity: [[2d end] stroke time=2023-04-07 15:37:06.690]
04-07 15:37:06.708 15023 15180 D ar_activity: [Update ARCore frame time=2023-04-07 15:37:06.708]
04-07 15:37:06.710 15023 15180 D ar_activity: [[2d end] stroke time=2023-04-07 15:37:06.709]
04-07 15:37:06.728 15023 15180 D ar_activity: [Update ARCore frame time=2023-04-07 15:37:06.728]
04-07 15:37:06.732 15023 15180 D ar_activity: [[2d end] stroke time=2023-04-07 15:37:06.732]
04-07 15:37:06.751 15023 15180 D ar_activity: [Update ARCore frame time=2023-04-07 15:37:06.750]
04-07 15:37:06.752 15023 15180 D ar_activity: [[2d end] stroke time=2023-04-07 15:37:06.752]
04-07 15:37:06.769 15023 15180 D ar_activity: [Update ARCore frame time=2023-04-07 15:37:06.769]
04-07 15:37:06.771 15023 15180 D ar_activity: [[2d end] stroke time=2023-04-07 15:37:06.771]
04-07 15:37:06.789 15023 15180 D ar_activity: [Update ARCore frame time=2023-04-07 15:37:06.789]
04-07 15:37:06.792 15023 15180 D ar_activity: [[2d end] stroke time=2023-04-07 15:37:06.792]
04-07 15:37:06.811 15023 15180 D ar_activity: [Update ARCore frame time=2023-04-07 15:37:06.810]
04-07 15:37:06.825 15023 15180 D ar_activity: [[2d end] stroke time=2023-04-07 15:37:06.824]
04-07 15:37:06.844 15023 15180 D ar_activity: [Update ARCore frame time=2023-04-07 15:37:06.844]
04-07 15:37:06.850 15023 15180 D ar_activity: [[2d end] stroke time=2023-04-07 15:37:06.849]
04-07 15:37:06.868 15023 15180 D ar_activity: [Update ARCore frame time=2023-04-07 15:37:06.868]
04-07 15:37:06.870 15023 15180 D ar_activity: [[2d end] stroke time=2023-04-07 15:37:06.870]
04-07 15:37:06.888 15023 15180 D ar_activity: [Update ARCore frame time=2023-04-07 15:37:06.887]
04-07 15:37:06.892 15023 15180 D ar_activity: [[2d end] stroke time=2023-04-07 15:37:06.892]
04-07 15:37:06.909 15023 15180 D ar_activity: [Update ARCore frame time=2023-04-07 15:37:06.909]
04-07 15:37:06.911 15023 15180 D ar_activity: [[2d end] stroke time=2023-04-07 15:37:06.911]
04-07 15:37:06.928 15023 15180 D ar_activity: [Update ARCore frame time=2023-04-07 15:37:06.928]
04-07 15:37:06.933 15023 15180 D ar_activity: [[2d end] stroke time=2023-04-07 15:37:06.932]
04-07 15:37:06.950 15023 15180 D ar_activity: [Update ARCore frame time=2023-04-07 15:37:06.950]
04-07 15:37:06.951 15023 15180 D ar_activity: [[2d end] stroke time=2023-04-07 15:37:06.951]
04-07 15:37:06.969 15023 15180 D ar_activity: [Update ARCore frame time=2023-04-07 15:37:06.968]
04-07 15:37:06.970 15023 15180 D ar_activity: [[2d end] stroke time=2023-04-07 15:37:06.970]
04-07 15:37:06.987 15023 15180 D ar_activity: [Update ARCore frame time=2023-04-07 15:37:06.987]
04-07 15:37:07.009 15023 15180 D ar_activity: [[2d end] stroke time=2023-04-07 15:37:07.009]
04-07 15:37:07.026 15023 15180 D ar_activity: [Update ARCore frame time=2023-04-07 15:37:07.026]
04-07 15:37:07.029 15023 15180 D ar_activity: [[2d end] stroke time=2023-04-07 15:37:07.029]
04-07 15:37:07.051 15023 15180 D ar_activity: [Update ARCore frame time=2023-04-07 15:37:07.050]
04-07 15:37:07.052 15023 15180 D ar_activity: [[2d end] stroke time=2023-04-07 15:37:07.052]
04-07 15:37:07.071 15023 15180 D ar_activity: [Update ARCore frame time=2023-04-07 15:37:07.071]
04-07 15:37:07.073 15023 15180 D ar_activity: [[2d end] stroke time=2023-04-07 15:37:07.073]
04-07 15:37:07.082 15023 15023 D ar_activity: [joinRoom: -NSSDCWkJeOHmExJ8ftX time=2023-04-07 15:37:07.081]
04-07 15:37:07.091 15023 15180 D ar_activity: [Update ARCore frame time=2023-04-07 15:37:07.090]
04-07 15:37:07.092 15023 15180 D ar_activity: [[2d end] stroke time=2023-04-07 15:37:07.092]
04-07 15:37:07.119 15023 15180 D ar_activity: [Update ARCore frame time=2023-04-07 15:37:07.118]
04-07 15:37:07.121 15023 15180 D ar_activity: [[2d end] stroke time=2023-04-07 15:37:07.121]
04-07 15:37:07.138 15023 15180 D ar_activity: [Update ARCore frame time=2023-04-07 15:37:07.138]
04-07 15:37:07.141 15023 15180 D ar_activity: [[2d end] stroke time=2023-04-07 15:37:07.141]
04-07 15:37:07.159 15023 15180 D ar_activity: [Update ARCore frame time=2023-04-07 15:37:07.159]
04-07 15:37:07.161 15023 15180 D ar_activity: [[2d end] stroke time=2023-04-07 15:37:07.161]
04-07 15:37:07.180 15023 15180 D ar_activity: [Update ARCore frame time=2023-04-07 15:37:07.179]
04-07 15:37:07.182 15023 15180 D ar_activity: [[2d end] stroke time=2023-04-07 15:37:07.181]
04-07 15:37:07.201 15023 15180 D ar_activity: [Update ARCore frame time=2023-04-07 15:37:07.200]
04-07 15:37:07.219 15023 15180 D ar_activity: [[2d end] stroke time=2023-04-07 15:37:07.219]
04-07 15:37:07.242 15023 15180 D ar_activity: [Update ARCore frame time=2023-04-07 15:37:07.242]
04-07 15:37:07.250 15023 15023 D ar_activity: [--- pair joined --- time=2023-04-07 15:37:07.250]
04-07 15:37:07.250 15023 15180 D ar_activity: [[2d end] stroke time=2023-04-07 15:37:07.247]
04-07 15:37:07.253 15023 15023 D ar_activity: PARTNER FOUND: 2023-04-07 15:37:07.253
04-07 15:37:07.267 15023 15180 D ar_activity: [Update ARCore frame time=2023-04-07 15:37:07.267]
04-07 15:37:07.270 15023 15180 D ar_activity: [[2d end] stroke time=2023-04-07 15:37:07.270]
04-07 15:37:07.289 15023 15180 D ar_activity: [Update ARCore frame time=2023-04-07 15:37:07.289]
04-07 15:37:07.296 15023 15180 D ar_activity: [[2d end] stroke time=2023-04-07 15:37:07.294]
04-07 15:37:07.317 15023 15180 D ar_activity: [Update ARCore frame time=2023-04-07 15:37:07.317]
04-07 15:37:07.320 15023 15180 D ar_activity: [[2d end] stroke time=2023-04-07 15:37:07.320]
04-07 15:37:07.344 15023 15180 D ar_activity: [Update ARCore frame time=2023-04-07 15:37:07.344]
04-07 15:37:07.356 15023 15180 D ar_activity: [[2d end] stroke time=2023-04-07 15:37:07.355]
04-07 15:37:07.374 15023 15180 D ar_activity: [Update ARCore frame time=2023-04-07 15:37:07.374]
04-07 15:37:07.380 15023 15180 D ar_activity: [[2d end] stroke time=2023-04-07 15:37:07.379]
04-07 15:37:07.399 15023 15180 D ar_activity: [Update ARCore frame time=2023-04-07 15:37:07.399]
04-07 15:37:07.408 15023 15180 D ar_activity: [[2d end] stroke time=2023-04-07 15:37:07.404]
04-07 15:37:07.426 15023 15180 D ar_activity: [Update ARCore frame time=2023-04-07 15:37:07.425]
04-07 15:37:07.427 15023 15180 D ar_activity: [[2d end] stroke time=2023-04-07 15:37:07.427]
04-07 15:37:07.450 15023 15180 D ar_activity: [Update ARCore frame time=2023-04-07 15:37:07.449]
04-07 15:37:07.452 15023 15180 D ar_activity: [[2d end] stroke time=2023-04-07 15:37:07.451]
04-07 15:37:07.469 15023 15180 D ar_activity: [Update ARCore frame time=2023-04-07 15:37:07.468]
04-07 15:37:07.470 15023 15180 D ar_activity: [[2d end] stroke time=2023-04-07 15:37:07.470]
04-07 15:37:07.488 15023 15180 D ar_activity: [Update ARCore frame time=2023-04-07 15:37:07.487]
04-07 15:37:07.490 15023 15180 D ar_activity: [[2d end] stroke time=2023-04-07 15:37:07.490]
04-07 15:37:07.510 15023 15180 D ar_activity: [Update ARCore frame time=2023-04-07 15:37:07.508]
04-07 15:37:07.516 15023 15180 D ar_activity: [[2d end] stroke time=2023-04-07 15:37:07.514]
04-07 15:37:07.537 15023 15180 D ar_activity: [Update ARCore frame time=2023-04-07 15:37:07.536]
04-07 15:37:07.539 15023 15180 D ar_activity: [[2d end] stroke time=2023-04-07 15:37:07.538]
04-07 15:37:07.557 15023 15180 D ar_activity: [Update ARCore frame time=2023-04-07 15:37:07.556]
04-07 15:37:07.559 15023 15180 D ar_activity: [[2d end] stroke time=2023-04-07 15:37:07.559]
04-07 15:37:07.577 15023 15180 D ar_activity: [Update ARCore frame time=2023-04-07 15:37:07.576]
04-07 15:37:07.578 15023 15180 D ar_activity: [[2d end] stroke time=2023-04-07 15:37:07.578]
04-07 15:37:07.596 15023 15180 D ar_activity: [Update ARCore frame time=2023-04-07 15:37:07.596]
04-07 15:37:07.601 15023 15180 D ar_activity: [[2d end] stroke time=2023-04-07 15:37:07.597]
04-07 15:37:07.618 15023 15180 D ar_activity: [Update ARCore frame time=2023-04-07 15:37:07.617]
04-07 15:37:07.619 15023 15180 D ar_activity: [[2d end] stroke time=2023-04-07 15:37:07.619]
04-07 15:37:07.636 15023 15180 D ar_activity: [Update ARCore frame time=2023-04-07 15:37:07.636]
04-07 15:37:07.639 15023 15180 D ar_activity: [[2d end] stroke time=2023-04-07 15:37:07.638]
04-07 15:37:07.659 15023 15180 D ar_activity: [Update ARCore frame time=2023-04-07 15:37:07.658]
04-07 15:37:07.663 15023 15180 D ar_activity: [[2d end] stroke time=2023-04-07 15:37:07.662]
04-07 15:37:07.690 15023 15180 D ar_activity: [Update ARCore frame time=2023-04-07 15:37:07.689]
04-07 15:37:07.691 15023 15180 D ar_activity: [[2d end] stroke time=2023-04-07 15:37:07.691]
04-07 15:37:07.710 15023 15180 D ar_activity: [Update ARCore frame time=2023-04-07 15:37:07.710]
04-07 15:37:07.714 15023 15180 D ar_activity: [[2d end] stroke time=2023-04-07 15:37:07.714]
04-07 15:37:07.746 15023 15180 D ar_activity: [Update ARCore frame time=2023-04-07 15:37:07.745]
04-07 15:37:07.748 15023 15180 D ar_activity: [[2d end] stroke time=2023-04-07 15:37:07.747]
04-07 15:37:07.768 15023 15180 D ar_activity: [Update ARCore frame time=2023-04-07 15:37:07.768]
04-07 15:37:07.773 15023 15180 D ar_activity: [[2d end] stroke time=2023-04-07 15:37:07.772]
04-07 15:37:07.792 15023 15180 D ar_activity: [Update ARCore frame time=2023-04-07 15:37:07.791]
04-07 15:37:07.795 15023 15180 D ar_activity: [[2d end] stroke time=2023-04-07 15:37:07.795]
04-07 15:37:07.828 15023 15180 D ar_activity: [Update ARCore frame time=2023-04-07 15:37:07.813]
04-07 15:37:07.830 15023 15180 D ar_activity: [[2d end] stroke time=2023-04-07 15:37:07.830]
04-07 15:37:07.848 15023 15180 D ar_activity: [Update ARCore frame time=2023-04-07 15:37:07.848]
04-07 15:37:07.853 15023 15180 D ar_activity: [[2d end] stroke time=2023-04-07 15:37:07.852]
04-07 15:37:07.870 15023 15180 D ar_activity: [Update ARCore frame time=2023-04-07 15:37:07.869]
04-07 15:37:07.871 15023 15180 D ar_activity: [[2d end] stroke time=2023-04-07 15:37:07.871]
04-07 15:37:07.893 15023 15180 D ar_activity: [Update ARCore frame time=2023-04-07 15:37:07.889]
04-07 15:37:07.900 15023 15180 D ar_activity: [[2d end] stroke time=2023-04-07 15:37:07.899]
04-07 15:37:07.921 15023 15180 D ar_activity: [Update ARCore frame time=2023-04-07 15:37:07.921]
04-07 15:37:07.923 15023 15180 D ar_activity: [[2d end] stroke time=2023-04-07 15:37:07.923]
04-07 15:37:07.941 15023 15180 D ar_activity: [Update ARCore frame time=2023-04-07 15:37:07.940]
04-07 15:37:07.946 15023 15180 D ar_activity: [[2d end] stroke time=2023-04-07 15:37:07.946]
04-07 15:37:07.971 15023 15180 D ar_activity: [Update ARCore frame time=2023-04-07 15:37:07.971]
04-07 15:37:07.975 15023 15180 D ar_activity: [[2d end] stroke time=2023-04-07 15:37:07.975]
04-07 15:37:07.994 15023 15180 D ar_activity: [Update ARCore frame time=2023-04-07 15:37:07.994]
04-07 15:37:07.996 15023 15180 D ar_activity: [[2d end] stroke time=2023-04-07 15:37:07.996]
04-07 15:37:08.014 15023 15180 D ar_activity: [Update ARCore frame time=2023-04-07 15:37:08.013]
04-07 15:37:08.028 15023 15180 D ar_activity: [[2d end] stroke time=2023-04-07 15:37:08.027]
04-07 15:37:08.048 15023 15180 D ar_activity: [Update ARCore frame time=2023-04-07 15:37:08.046]
04-07 15:37:08.052 15023 15180 D ar_activity: [[2d end] stroke time=2023-04-07 15:37:08.052]
04-07 15:37:08.072 15023 15180 D ar_activity: [Update ARCore frame time=2023-04-07 15:37:08.072]
04-07 15:37:08.075 15023 15180 D ar_activity: [[2d end] stroke time=2023-04-07 15:37:08.075]
04-07 15:37:08.095 15023 15180 D ar_activity: [Update ARCore frame time=2023-04-07 15:37:08.095]
04-07 15:37:08.097 15023 15180 D ar_activity: [[2d end] stroke time=2023-04-07 15:37:08.097]
04-07 15:37:08.118 15023 15180 D ar_activity: [Update ARCore frame time=2023-04-07 15:37:08.118]
04-07 15:37:08.120 15023 15180 D ar_activity: [[2d end] stroke time=2023-04-07 15:37:08.120]
04-07 15:37:08.139 15023 15180 D ar_activity: [Update ARCore frame time=2023-04-07 15:37:08.138]
04-07 15:37:08.144 15023 15180 D ar_activity: [[2d end] stroke time=2023-04-07 15:37:08.141]
04-07 15:37:08.161 15023 15180 D ar_activity: [Update ARCore frame time=2023-04-07 15:37:08.160]
04-07 15:37:08.162 15023 15180 D ar_activity: [[2d end] stroke time=2023-04-07 15:37:08.162]
04-07 15:37:08.180 15023 15180 D ar_activity: [Update ARCore frame time=2023-04-07 15:37:08.179]
04-07 15:37:08.182 15023 15180 D ar_activity: [[2d end] stroke time=2023-04-07 15:37:08.181]
04-07 15:37:08.203 15023 15180 D ar_activity: [Update ARCore frame time=2023-04-07 15:37:08.201]
04-07 15:37:08.204 15023 15180 D ar_activity: [[2d end] stroke time=2023-04-07 15:37:08.204]
04-07 15:37:08.222 15023 15180 D ar_activity: [Update ARCore frame time=2023-04-07 15:37:08.222]
04-07 15:37:08.238 15023 15180 D ar_activity: [[2d end] stroke time=2023-04-07 15:37:08.238]
04-07 15:37:08.259 15023 15180 D ar_activity: [Update ARCore frame time=2023-04-07 15:37:08.259]
04-07 15:37:08.268 15023 15180 D ar_activity: [[2d end] stroke time=2023-04-07 15:37:08.266]
04-07 15:37:08.287 15023 15180 D ar_activity: [Update ARCore frame time=2023-04-07 15:37:08.287]
04-07 15:37:08.290 15023 15180 D ar_activity: [[2d end] stroke time=2023-04-07 15:37:08.290]
04-07 15:37:08.307 15023 15180 D ar_activity: [Update ARCore frame time=2023-04-07 15:37:08.306]
04-07 15:37:08.308 15023 15180 D ar_activity: [[2d end] stroke time=2023-04-07 15:37:08.308]
04-07 15:37:08.326 15023 15180 D ar_activity: [Update ARCore frame time=2023-04-07 15:37:08.326]
04-07 15:37:08.328 15023 15180 D ar_activity: [[2d end] stroke time=2023-04-07 15:37:08.328]
04-07 15:37:08.346 15023 15180 D ar_activity: [Update ARCore frame time=2023-04-07 15:37:08.345]
04-07 15:37:08.355 15023 15180 D ar_activity: [[2d end] stroke time=2023-04-07 15:37:08.355]
04-07 15:37:08.375 15023 15180 D ar_activity: [Update ARCore frame time=2023-04-07 15:37:08.374]
04-07 15:37:08.389 15023 15180 D ar_activity: [[2d end] stroke time=2023-04-07 15:37:08.388]
04-07 15:37:08.412 15023 15180 D ar_activity: [Update ARCore frame time=2023-04-07 15:37:08.412]
04-07 15:37:08.417 15023 15180 D ar_activity: [[2d end] stroke time=2023-04-07 15:37:08.417]
04-07 15:37:08.437 15023 15180 D ar_activity: [Update ARCore frame time=2023-04-07 15:37:08.437]
04-07 15:37:08.446 15023 15180 D ar_activity: [[2d end] stroke time=2023-04-07 15:37:08.445]
04-07 15:37:08.465 15023 15180 D ar_activity: [Update ARCore frame time=2023-04-07 15:37:08.464]
04-07 15:37:08.474 15023 15180 D ar_activity: [[2d end] stroke time=2023-04-07 15:37:08.473]
04-07 15:37:08.492 15023 15180 D ar_activity: [Update ARCore frame time=2023-04-07 15:37:08.491]
04-07 15:37:08.495 15023 15180 D ar_activity: [[2d end] stroke time=2023-04-07 15:37:08.494]
04-07 15:37:08.512 15023 15180 D ar_activity: [Update ARCore frame time=2023-04-07 15:37:08.512]
04-07 15:37:08.513 15023 15180 D ar_activity: [[2d end] stroke time=2023-04-07 15:37:08.513]
04-07 15:37:08.532 15023 15180 D ar_activity: [Update ARCore frame time=2023-04-07 15:37:08.530]
04-07 15:37:08.536 15023 15180 D ar_activity: [[2d end] stroke time=2023-04-07 15:37:08.536]
04-07 15:37:08.555 15023 15180 D ar_activity: [Update ARCore frame time=2023-04-07 15:37:08.555]
04-07 15:37:08.557 15023 15180 D ar_activity: [[2d end] stroke time=2023-04-07 15:37:08.557]
04-07 15:37:08.574 15023 15180 D ar_activity: [Update ARCore frame time=2023-04-07 15:37:08.574]
04-07 15:37:08.577 15023 15180 D ar_activity: [[2d end] stroke time=2023-04-07 15:37:08.577]
04-07 15:37:08.594 15023 15180 D ar_activity: [Update ARCore frame time=2023-04-07 15:37:08.594]
04-07 15:37:08.596 15023 15180 D ar_activity: [[2d end] stroke time=2023-04-07 15:37:08.596]
04-07 15:37:08.625 15023 15180 D ar_activity: [Update ARCore frame time=2023-04-07 15:37:08.625]
04-07 15:37:08.629 15023 15180 D ar_activity: [[2d end] stroke time=2023-04-07 15:37:08.629]
04-07 15:37:08.652 15023 15180 D ar_activity: [Update ARCore frame time=2023-04-07 15:37:08.652]
04-07 15:37:08.656 15023 15180 D ar_activity: [[2d end] stroke time=2023-04-07 15:37:08.656]
04-07 15:37:08.673 15023 15180 D ar_activity: [Update ARCore frame time=2023-04-07 15:37:08.673]
04-07 15:37:08.675 15023 15180 D ar_activity: [[2d end] stroke time=2023-04-07 15:37:08.675]
04-07 15:37:08.694 15023 15180 D ar_activity: [Update ARCore frame time=2023-04-07 15:37:08.694]
04-07 15:37:08.696 15023 15180 D ar_activity: [[2d end] stroke time=2023-04-07 15:37:08.695]
04-07 15:37:08.713 15023 15180 D ar_activity: [Update ARCore frame time=2023-04-07 15:37:08.713]
04-07 15:37:08.715 15023 15180 D ar_activity: [[2d end] stroke time=2023-04-07 15:37:08.714]
04-07 15:37:08.732 15023 15180 D ar_activity: [Update ARCore frame time=2023-04-07 15:37:08.732]
04-07 15:37:08.736 15023 15180 D ar_activity: [[2d end] stroke time=2023-04-07 15:37:08.736]
04-07 15:37:08.753 15023 15180 D ar_activity: [Update ARCore frame time=2023-04-07 15:37:08.753]
04-07 15:37:08.755 15023 15180 D ar_activity: [[2d end] stroke time=2023-04-07 15:37:08.755]
04-07 15:37:08.773 15023 15180 D ar_activity: [Update ARCore frame time=2023-04-07 15:37:08.772]
04-07 15:37:08.775 15023 15180 D ar_activity: [[2d end] stroke time=2023-04-07 15:37:08.774]
04-07 15:37:08.793 15023 15180 D ar_activity: [Update ARCore frame time=2023-04-07 15:37:08.792]
04-07 15:37:08.794 15023 15180 D ar_activity: [[2d end] stroke time=2023-04-07 15:37:08.794]
04-07 15:37:08.812 15023 15180 D ar_activity: [Update ARCore frame time=2023-04-07 15:37:08.811]
04-07 15:37:08.815 15023 15180 D ar_activity: [[2d end] stroke time=2023-04-07 15:37:08.814]
04-07 15:37:08.835 15023 15180 D ar_activity: [Update ARCore frame time=2023-04-07 15:37:08.835]
04-07 15:37:08.837 15023 15180 D ar_activity: [[2d end] stroke time=2023-04-07 15:37:08.837]
04-07 15:37:08.854 15023 15180 D ar_activity: [Update ARCore frame time=2023-04-07 15:37:08.854]
04-07 15:37:08.860 15023 15180 D ar_activity: [[2d end] stroke time=2023-04-07 15:37:08.859]
04-07 15:37:08.878 15023 15180 D ar_activity: [Update ARCore frame time=2023-04-07 15:37:08.877]
04-07 15:37:08.879 15023 15180 D ar_activity: [[2d end] stroke time=2023-04-07 15:37:08.879]
04-07 15:37:08.896 15023 15180 D ar_activity: [Update ARCore frame time=2023-04-07 15:37:08.896]
04-07 15:37:08.898 15023 15180 D ar_activity: [[2d end] stroke time=2023-04-07 15:37:08.898]
04-07 15:37:08.916 15023 15180 D ar_activity: [Update ARCore frame time=2023-04-07 15:37:08.916]
04-07 15:37:08.918 15023 15180 D ar_activity: [[2d end] stroke time=2023-04-07 15:37:08.918]
04-07 15:37:08.936 15023 15180 D ar_activity: [Update ARCore frame time=2023-04-07 15:37:08.936]
04-07 15:37:08.940 15023 15180 D ar_activity: [[2d end] stroke time=2023-04-07 15:37:08.940]
04-07 15:37:08.963 15023 15180 D ar_activity: [Update ARCore frame time=2023-04-07 15:37:08.963]
04-07 15:37:08.965 15023 15180 D ar_activity: [[2d end] stroke time=2023-04-07 15:37:08.965]
04-07 15:37:08.983 15023 15180 D ar_activity: [Update ARCore frame time=2023-04-07 15:37:08.983]
04-07 15:37:08.985 15023 15180 D ar_activity: [[2d end] stroke time=2023-04-07 15:37:08.985]
04-07 15:37:09.002 15023 15180 D ar_activity: [Update ARCore frame time=2023-04-07 15:37:09.002]
04-07 15:37:09.013 15023 15180 D ar_activity: [[2d end] stroke time=2023-04-07 15:37:09.012]
04-07 15:37:09.030 15023 15180 D ar_activity: [Update ARCore frame time=2023-04-07 15:37:09.030]
04-07 15:37:09.033 15023 15180 D ar_activity: [[2d end] stroke time=2023-04-07 15:37:09.033]
04-07 15:37:09.056 15023 15180 D ar_activity: [Update ARCore frame time=2023-04-07 15:37:09.056]
04-07 15:37:09.058 15023 15180 D ar_activity: [[2d end] stroke time=2023-04-07 15:37:09.058]
04-07 15:37:09.077 15023 15180 D ar_activity: [Update ARCore frame time=2023-04-07 15:37:09.076]
04-07 15:37:09.079 15023 15180 D ar_activity: [[2d end] stroke time=2023-04-07 15:37:09.078]
04-07 15:37:09.096 15023 15180 D ar_activity: [Update ARCore frame time=2023-04-07 15:37:09.096]
04-07 15:37:09.102 15023 15180 D ar_activity: [[2d end] stroke time=2023-04-07 15:37:09.100]
04-07 15:37:09.120 15023 15180 D ar_activity: [Update ARCore frame time=2023-04-07 15:37:09.120]
04-07 15:37:09.122 15023 15180 D ar_activity: [[2d end] stroke time=2023-04-07 15:37:09.121]
04-07 15:37:09.141 15023 15180 D ar_activity: [Update ARCore frame time=2023-04-07 15:37:09.140]
04-07 15:37:09.144 15023 15180 D ar_activity: [[2d end] stroke time=2023-04-07 15:37:09.143]
04-07 15:37:09.164 15023 15180 D ar_activity: [Update ARCore frame time=2023-04-07 15:37:09.163]
04-07 15:37:09.171 15023 15180 D ar_activity: [[2d end] stroke time=2023-04-07 15:37:09.169]
04-07 15:37:09.189 15023 15180 D ar_activity: [Update ARCore frame time=2023-04-07 15:37:09.189]
04-07 15:37:09.191 15023 15180 D ar_activity: [[2d end] stroke time=2023-04-07 15:37:09.191]
04-07 15:37:09.211 15023 15180 D ar_activity: [Update ARCore frame time=2023-04-07 15:37:09.211]
04-07 15:37:09.213 15023 15180 D ar_activity: [[2d end] stroke time=2023-04-07 15:37:09.213]
04-07 15:37:09.246 15023 15180 D ar_activity: [Update ARCore frame time=2023-04-07 15:37:09.246]
04-07 15:37:09.248 15023 15180 D ar_activity: [[2d end] stroke time=2023-04-07 15:37:09.248]
04-07 15:37:09.259 15023 15023 D ar_activity: SET ANCHOR: 2023-04-07 15:37:09.259
04-07 15:37:09.265 15023 15180 D ar_activity: [Update ARCore frame time=2023-04-07 15:37:09.265]
04-07 15:37:09.267 15023 15180 D ar_activity: [[2d end] stroke time=2023-04-07 15:37:09.267]
04-07 15:37:09.287 15023 15180 D ar_activity: [Update ARCore frame time=2023-04-07 15:37:09.286]
04-07 15:37:09.290 15023 15180 D ar_activity: [[2d end] stroke time=2023-04-07 15:37:09.290]
04-07 15:37:09.307 15023 15180 D ar_activity: [Update ARCore frame time=2023-04-07 15:37:09.307]
04-07 15:37:09.316 15023 15180 D ar_activity: [[2d end] stroke time=2023-04-07 15:37:09.316]
04-07 15:37:09.334 15023 15180 D ar_activity: [Update ARCore frame time=2023-04-07 15:37:09.333]
04-07 15:37:09.337 15023 15180 D ar_activity: [[2d end] stroke time=2023-04-07 15:37:09.337]
04-07 15:37:09.355 15023 15180 D ar_activity: [Update ARCore frame time=2023-04-07 15:37:09.354]
04-07 15:37:09.359 15023 15180 D ar_activity: [[2d end] stroke time=2023-04-07 15:37:09.358]
04-07 15:37:09.377 15023 15180 D ar_activity: [Update ARCore frame time=2023-04-07 15:37:09.376]
04-07 15:37:09.379 15023 15180 D ar_activity: [[2d end] stroke time=2023-04-07 15:37:09.379]
04-07 15:37:09.398 15023 15180 D ar_activity: [Update ARCore frame time=2023-04-07 15:37:09.398]
04-07 15:37:09.401 15023 15180 D ar_activity: [[2d end] stroke time=2023-04-07 15:37:09.401]
04-07 15:37:09.421 15023 15180 D ar_activity: [Update ARCore frame time=2023-04-07 15:37:09.421]
04-07 15:37:09.429 15023 15180 D ar_activity: [[2d end] stroke time=2023-04-07 15:37:09.429]
04-07 15:37:09.448 15023 15180 D ar_activity: [Update ARCore frame time=2023-04-07 15:37:09.448]
04-07 15:37:09.450 15023 15180 D ar_activity: [[2d end] stroke time=2023-04-07 15:37:09.450]
04-07 15:37:09.467 15023 15180 D ar_activity: [Update ARCore frame time=2023-04-07 15:37:09.467]
04-07 15:37:09.471 15023 15180 D ar_activity: [[2d end] stroke time=2023-04-07 15:37:09.471]
04-07 15:37:09.489 15023 15180 D ar_activity: [Update ARCore frame time=2023-04-07 15:37:09.488]
04-07 15:37:09.490 15023 15180 D ar_activity: [[2d end] stroke time=2023-04-07 15:37:09.490]
04-07 15:37:09.507 15023 15180 D ar_activity: [Update ARCore frame time=2023-04-07 15:37:09.507]
04-07 15:37:09.516 15023 15180 D ar_activity: [[2d end] stroke time=2023-04-07 15:37:09.516]
04-07 15:37:09.533 15023 15180 D ar_activity: [Update ARCore frame time=2023-04-07 15:37:09.533]
04-07 15:37:09.538 15023 15180 D ar_activity: [[2d end] stroke time=2023-04-07 15:37:09.538]
04-07 15:37:09.556 15023 15180 D ar_activity: [Update ARCore frame time=2023-04-07 15:37:09.555]
04-07 15:37:09.558 15023 15180 D ar_activity: [[2d end] stroke time=2023-04-07 15:37:09.557]
04-07 15:37:09.575 15023 15180 D ar_activity: [Update ARCore frame time=2023-04-07 15:37:09.575]
04-07 15:37:09.577 15023 15180 D ar_activity: [[2d end] stroke time=2023-04-07 15:37:09.577]
04-07 15:37:09.595 15023 15180 D ar_activity: [Update ARCore frame time=2023-04-07 15:37:09.594]
04-07 15:37:09.597 15023 15180 D ar_activity: [[2d end] stroke time=2023-04-07 15:37:09.596]
04-07 15:37:09.614 15023 15180 D ar_activity: [Update ARCore frame time=2023-04-07 15:37:09.614]
04-07 15:37:09.616 15023 15180 D ar_activity: [[2d end] stroke time=2023-04-07 15:37:09.616]
04-07 15:37:09.634 15023 15180 D ar_activity: [Update ARCore frame time=2023-04-07 15:37:09.634]
04-07 15:37:09.639 15023 15180 D ar_activity: [[2d end] stroke time=2023-04-07 15:37:09.639]
04-07 15:37:09.657 15023 15180 D ar_activity: [Update ARCore frame time=2023-04-07 15:37:09.656]
04-07 15:37:09.659 15023 15180 D ar_activity: [[2d end] stroke time=2023-04-07 15:37:09.658]
04-07 15:37:09.676 15023 15180 D ar_activity: [Update ARCore frame time=2023-04-07 15:37:09.676]
04-07 15:37:09.684 15023 15180 D ar_activity: [[2d end] stroke time=2023-04-07 15:37:09.683]
04-07 15:37:09.703 15023 15180 D ar_activity: [Update ARCore frame time=2023-04-07 15:37:09.702]
04-07 15:37:09.705 15023 15180 D ar_activity: [[2d end] stroke time=2023-04-07 15:37:09.705]
04-07 15:37:09.722 15023 15180 D ar_activity: [Update ARCore frame time=2023-04-07 15:37:09.722]
04-07 15:37:09.724 15023 15180 D ar_activity: [[2d end] stroke time=2023-04-07 15:37:09.724]
04-07 15:37:09.741 15023 15180 D ar_activity: [Update ARCore frame time=2023-04-07 15:37:09.741]
04-07 15:37:09.743 15023 15180 D ar_activity: [[2d end] stroke time=2023-04-07 15:37:09.743]
04-07 15:37:09.761 15023 15180 D ar_activity: [Update ARCore frame time=2023-04-07 15:37:09.760]
04-07 15:37:09.763 15023 15180 D ar_activity: [[2d end] stroke time=2023-04-07 15:37:09.763]
04-07 15:37:09.780 15023 15180 D ar_activity: [Update ARCore frame time=2023-04-07 15:37:09.780]
04-07 15:37:09.782 15023 15180 D ar_activity: [[2d end] stroke time=2023-04-07 15:37:09.782]
04-07 15:37:09.802 15023 15180 D ar_activity: [Update ARCore frame time=2023-04-07 15:37:09.799]
04-07 15:37:09.806 15023 15180 D ar_activity: [[2d end] stroke time=2023-04-07 15:37:09.806]
04-07 15:37:09.824 15023 15180 D ar_activity: [Update ARCore frame time=2023-04-07 15:37:09.824]
04-07 15:37:09.826 15023 15180 D ar_activity: [[2d end] stroke time=2023-04-07 15:37:09.826]
04-07 15:37:09.848 15023 15180 D ar_activity: [Update ARCore frame time=2023-04-07 15:37:09.847]
04-07 15:37:09.850 15023 15180 D ar_activity: [[2d end] stroke time=2023-04-07 15:37:09.850]
04-07 15:37:09.868 15023 15180 D ar_activity: [Update ARCore frame time=2023-04-07 15:37:09.867]
04-07 15:37:09.872 15023 15180 D ar_activity: [[2d end] stroke time=2023-04-07 15:37:09.871]
04-07 15:37:09.889 15023 15180 D ar_activity: [Update ARCore frame time=2023-04-07 15:37:09.889]
04-07 15:37:09.891 15023 15180 D ar_activity: [[2d end] stroke time=2023-04-07 15:37:09.890]
04-07 15:37:09.908 15023 15180 D ar_activity: [Update ARCore frame time=2023-04-07 15:37:09.908]
04-07 15:37:09.912 15023 15180 D ar_activity: [[2d end] stroke time=2023-04-07 15:37:09.912]
04-07 15:37:09.930 15023 15180 D ar_activity: [Update ARCore frame time=2023-04-07 15:37:09.930]
04-07 15:37:09.933 15023 15180 D ar_activity: [[2d end] stroke time=2023-04-07 15:37:09.932]
04-07 15:37:09.950 15023 15180 D ar_activity: [Update ARCore frame time=2023-04-07 15:37:09.950]
04-07 15:37:09.953 15023 15180 D ar_activity: [[2d end] stroke time=2023-04-07 15:37:09.952]
04-07 15:37:09.971 15023 15180 D ar_activity: [Update ARCore frame time=2023-04-07 15:37:09.971]
04-07 15:37:09.973 15023 15180 D ar_activity: [[2d end] stroke time=2023-04-07 15:37:09.973]
04-07 15:37:09.990 15023 15180 D ar_activity: [Update ARCore frame time=2023-04-07 15:37:09.990]
04-07 15:37:09.992 15023 15180 D ar_activity: [[2d end] stroke time=2023-04-07 15:37:09.992]
04-07 15:37:10.024 15023 15180 D ar_activity: [Update ARCore frame time=2023-04-07 15:37:10.024]
04-07 15:37:10.026 15023 15180 D ar_activity: [[2d end] stroke time=2023-04-07 15:37:10.026]
04-07 15:37:10.044 15023 15180 D ar_activity: [Update ARCore frame time=2023-04-07 15:37:10.043]
04-07 15:37:10.047 15023 15180 D ar_activity: [[2d end] stroke time=2023-04-07 15:37:10.047]
04-07 15:37:10.065 15023 15180 D ar_activity: [Update ARCore frame time=2023-04-07 15:37:10.065]
04-07 15:37:10.067 15023 15180 D ar_activity: [[2d end] stroke time=2023-04-07 15:37:10.066]
04-07 15:37:10.084 15023 15180 D ar_activity: [Update ARCore frame time=2023-04-07 15:37:10.084]
04-07 15:37:10.086 15023 15180 D ar_activity: [[2d end] stroke time=2023-04-07 15:37:10.086]
04-07 15:37:10.104 15023 15180 D ar_activity: [Update ARCore frame time=2023-04-07 15:37:10.104]
04-07 15:37:10.107 15023 15180 D ar_activity: [[2d end] stroke time=2023-04-07 15:37:10.107]
04-07 15:37:10.125 15023 15180 D ar_activity: [Update ARCore frame time=2023-04-07 15:37:10.124]
04-07 15:37:10.131 15023 15180 D ar_activity: [[2d end] stroke time=2023-04-07 15:37:10.130]
04-07 15:37:10.149 15023 15180 D ar_activity: [Update ARCore frame time=2023-04-07 15:37:10.149]
04-07 15:37:10.151 15023 15180 D ar_activity: [[2d end] stroke time=2023-04-07 15:37:10.151]
04-07 15:37:10.171 15023 15180 D ar_activity: [Update ARCore frame time=2023-04-07 15:37:10.169]
04-07 15:37:10.174 15023 15180 D ar_activity: [[2d end] stroke time=2023-04-07 15:37:10.173]
04-07 15:37:10.191 15023 15180 D ar_activity: [Update ARCore frame time=2023-04-07 15:37:10.190]
04-07 15:37:10.193 15023 15180 D ar_activity: [[2d end] stroke time=2023-04-07 15:37:10.192]
04-07 15:37:10.210 15023 15180 D ar_activity: [Update ARCore frame time=2023-04-07 15:37:10.210]
04-07 15:37:10.214 15023 15180 D ar_activity: [[2d end] stroke time=2023-04-07 15:37:10.214]
04-07 15:37:10.233 15023 15180 D ar_activity: [Update ARCore frame time=2023-04-07 15:37:10.232]
04-07 15:37:10.237 15023 15180 D ar_activity: [[2d end] stroke time=2023-04-07 15:37:10.237]
04-07 15:37:10.257 15023 15180 D ar_activity: [Update ARCore frame time=2023-04-07 15:37:10.256]
04-07 15:37:10.258 15023 15180 D ar_activity: [[2d end] stroke time=2023-04-07 15:37:10.258]
04-07 15:37:10.276 15023 15180 D ar_activity: [Update ARCore frame time=2023-04-07 15:37:10.275]
04-07 15:37:10.278 15023 15180 D ar_activity: [[2d end] stroke time=2023-04-07 15:37:10.277]
04-07 15:37:10.295 15023 15180 D ar_activity: [Update ARCore frame time=2023-04-07 15:37:10.295]
04-07 15:37:10.298 15023 15180 D ar_activity: [[2d end] stroke time=2023-04-07 15:37:10.298]
04-07 15:37:10.316 15023 15180 D ar_activity: [Update ARCore frame time=2023-04-07 15:37:10.316]
04-07 15:37:10.318 15023 15180 D ar_activity: [[2d end] stroke time=2023-04-07 15:37:10.317]
04-07 15:37:10.329 15023 15023 D ar_activity: [--- sync ready to set anchor --- time=2023-04-07 15:37:10.326]
04-07 15:37:10.336 15023 15180 D ar_activity: [Update ARCore frame time=2023-04-07 15:37:10.335]
04-07 15:37:10.341 15023 15180 D ar_activity: [[2d end] stroke time=2023-04-07 15:37:10.341]
04-07 15:37:10.360 15023 15180 D ar_activity: [Update ARCore frame time=2023-04-07 15:37:10.359]
04-07 15:37:10.362 15023 15180 D ar_activity: [[2d end] stroke time=2023-04-07 15:37:10.362]
04-07 15:37:10.380 15023 15180 D ar_activity: [Update ARCore frame time=2023-04-07 15:37:10.379]
04-07 15:37:10.386 15023 15180 D ar_activity: [[2d end] stroke time=2023-04-07 15:37:10.386]
04-07 15:37:10.405 15023 15180 D ar_activity: [Update ARCore frame time=2023-04-07 15:37:10.404]
04-07 15:37:10.409 15023 15180 D ar_activity: [[2d end] stroke time=2023-04-07 15:37:10.409]
04-07 15:37:10.426 15023 15180 D ar_activity: [Update ARCore frame time=2023-04-07 15:37:10.426]
04-07 15:37:10.428 15023 15180 D ar_activity: [[2d end] stroke time=2023-04-07 15:37:10.428]
