04-12 18:49:42.385 11691 11840 D ar_activity: [--- anchor: onUpdate--- time=2023-04-12 18:49:42.382]
04-12 18:49:42.385 11691 11840 D ar_activity: [--- onAnchorHosted [NOT HOSTED]--- time=2023-04-12 18:49:42.385]
04-12 18:49:42.405 11691 11691 D ar_activity: [anchor resolution changed: true time=2023-04-12 18:49:42.404]
04-12 18:49:42.411 11691 11691 D ar_activity: [onAnchorResolutionError: null time=2023-04-12 18:49:42.410]
04-12 18:49:47.743 11691 11691 D ar_activity: SET ANCHOR: 2023-04-12 18:49:47.740
04-12 18:49:48.295 11691 11691 D ar_activity: [anchor resolution changed: null time=2023-04-12 18:49:48.295]
04-12 18:49:49.993 11691 11691 D ar_activity: [--- sync ready to set anchor --- time=2023-04-12 18:49:49.993]
04-12 18:49:49.994 11691 11691 D ar_activity: [--- sync: sendSetAnchorEvent --- time=2023-04-12 18:49:49.994]
04-12 18:49:49.994 11691 11691 D ar_activity: --- start creating anchor: 2023-04-12 18:49:49.994 ---
04-12 18:49:49.995 11691 11691 D ar_activity: --- anchor: com.google.ar.core.Anchor@30afdb08 ---
04-12 18:49:49.995 11691 11691 D ar_activity: --- finish creating anchor: 2023-04-12 18:49:49.995 ---
04-12 18:49:49.995 11691 11691 D ar_activity: [hostAnchor start time=2023-04-12 18:49:49.995]
04-12 18:49:49.996 11691 11691 D ar_activity: [hostAnchor end time=2023-04-12 18:49:49.996]
04-12 18:49:49.996 11691 11691 D ar_activity: Start CONNECTING: 2023-04-12 18:49:49.996
04-12 18:49:50.001 11691 11840 D ar_activity: [--- anchor: onUpdate--- time=2023-04-12 18:49:50.001]
04-12 18:49:53.179 11691 11840 D ar_activity: [--- anchor: onUpdate--- time=2023-04-12 18:49:53.179]
04-12 18:49:53.179 11691 11840 D ar_activity: [--- onAnchorHosted [HOSTED]--- time=2023-04-12 18:49:53.179]
04-12 18:49:53.185 11691 11691 D ar_activity: [anchor resolution changed: false time=2023-04-12 18:49:53.185]
04-12 18:50:49.995 11691 11691 D ar_activity: [anchor resolution changed: true time=2023-04-12 18:50:49.995]
04-12 18:50:49.996 11691 11691 D ar_activity: [--- pair TIMEOUT --- time=2023-04-12 18:50:49.996]
04-12 18:50:50.000 11691 11691 D ar_activity: [onAnchorResolutionError: null time=2023-04-12 18:50:49.999]
04-12 18:50:52.062 11691 11691 D ar_activity: SET ANCHOR: 2023-04-12 18:50:52.062
04-12 18:50:52.364 11691 11691 D ar_activity: [anchor resolution changed: null time=2023-04-12 18:50:52.364]
04-12 18:50:54.583 11691 11691 D ar_activity: [--- sync ready to set anchor --- time=2023-04-12 18:50:54.582]
04-12 18:50:54.583 11691 11691 D ar_activity: [--- sync: sendSetAnchorEvent --- time=2023-04-12 18:50:54.583]
04-12 18:50:54.584 11691 11691 D ar_activity: --- start creating anchor: 2023-04-12 18:50:54.583 ---
04-12 18:50:54.584 11691 11691 D ar_activity: --- anchor: com.google.ar.core.Anchor@30afb348 ---
04-12 18:50:54.585 11691 11691 D ar_activity: --- finish creating anchor: 2023-04-12 18:50:54.584 ---
04-12 18:50:54.585 11691 11691 D ar_activity: [hostAnchor start time=2023-04-12 18:50:54.585]
04-12 18:50:54.586 11691 11691 D ar_activity: [hostAnchor end time=2023-04-12 18:50:54.586]
04-12 18:50:54.586 11691 11691 D ar_activity: Start CONNECTING: 2023-04-12 18:50:54.586
04-12 18:50:54.594 11691 11840 D ar_activity: [--- anchor: onUpdate--- time=2023-04-12 18:50:54.594]
04-12 18:50:58.460 11691 11840 D ar_activity: [--- anchor: onUpdate--- time=2023-04-12 18:50:58.460]
04-12 18:50:58.460 11691 11840 D ar_activity: [--- onAnchorHosted [HOSTED]--- time=2023-04-12 18:50:58.460]
04-12 18:50:58.466 11691 11691 D ar_activity: [anchor resolution changed: false time=2023-04-12 18:50:58.466]
04-12 18:51:35.418 11691 11691 D ar_activity: [--- sync: finish syncing anchor --- time=2023-04-12 18:51:35.417]
04-12 18:51:35.422 11691 11691 D ar_activity: SYNCED: 2023-04-12 18:51:35.420
04-12 18:51:35.510 11691 11691 D ar_activity: [[2a end - 2d start] onChildAdded stroke id=-NSregs8hp6tU8A5E2qE time=2023-04-12 18:51:35.510]
04-12 18:51:35.513 11691 11691 D ar_activity: stroke (id: -NSregs8hp6tU8A5E2qE) was resolved at 2023-04-12 18:51:35.513
04-12 18:51:35.515 11691 11691 D ar_activity: [[2a end or 2d start] onLineAdded stroke id=-NSregs8hp6tU8A5E2qE time=2023-04-12 18:51:35.513]
04-12 18:51:35.524 11691 11840 D ar_activity: [[2d] after update lines time=2023-04-12 18:51:35.524]
04-12 18:51:44.237 11691 11691 D ar_activity: [[1a start] touch screen time=2023-04-12 18:51:44.237]
04-12 18:51:44.250 11691 11840 D ar_activity: addStroke at 2023-04-12 18:51:44.250
04-12 18:51:44.251 11691 11840 D ar_activity: stroke (id: -NSrej2I6iug5GkDZJC1) was added at 2023-04-12 18:51:44.250
04-12 18:51:44.255 11691 11840 D ar_activity: [[1b start] setFirebaseValue stroke id=-NSrej2I6iug5GkDZJC1 time=2023-04-12 18:51:44.251]
04-12 18:51:44.257 11691 11840 D ar_activity: [TRACKING TransformPointToPose time=2023-04-12 18:51:44.257]
04-12 18:51:44.258 11691 11840 D ar_activity: send stroke to firebase, id=-NSrej2I6iug5GkDZJC1
04-12 18:51:44.258 11691 11840 D ar_activity: [[2d] after update lines time=2023-04-12 18:51:44.258]
04-12 18:51:44.267 11691 11691 D ar_activity: [[2a end - 2d start] onChildAdded stroke id=-NSrej2I6iug5GkDZJC1 time=2023-04-12 18:51:44.266]
04-12 18:51:44.282 11691 11840 D ar_activity: [TRACKING TransformPointToPose time=2023-04-12 18:51:44.282]
04-12 18:51:44.282 11691 11840 D ar_activity: [TRACKING TransformPointToPose time=2023-04-12 18:51:44.282]
04-12 18:51:44.282 11691 11840 D ar_activity: send stroke to firebase, id=-NSrej2I6iug5GkDZJC1
04-12 18:51:44.283 11691 11840 D ar_activity: [[2d] after update lines time=2023-04-12 18:51:44.283]
04-12 18:51:44.302 11691 11840 D ar_activity: [TRACKING TransformPointToPose time=2023-04-12 18:51:44.302]
04-12 18:51:44.302 11691 11840 D ar_activity: [TRACKING TransformPointToPose time=2023-04-12 18:51:44.302]
04-12 18:51:44.302 11691 11840 D ar_activity: send stroke to firebase, id=-NSrej2I6iug5GkDZJC1
04-12 18:51:44.303 11691 11840 D ar_activity: [[2d] after update lines time=2023-04-12 18:51:44.303]
04-12 18:51:44.323 11691 11840 D ar_activity: [TRACKING TransformPointToPose time=2023-04-12 18:51:44.323]
04-12 18:51:44.324 11691 11840 D ar_activity: [TRACKING TransformPointToPose time=2023-04-12 18:51:44.323]
04-12 18:51:44.324 11691 11840 D ar_activity: send stroke to firebase, id=-NSrej2I6iug5GkDZJC1
04-12 18:51:44.324 11691 11840 D ar_activity: [[2d] after update lines time=2023-04-12 18:51:44.324]
04-12 18:51:44.339 11691 11691 D ar_activity: [[1b start] setFirebaseValue stroke id=-NSrej2I6iug5GkDZJC1 time=2023-04-12 18:51:44.338]
04-12 18:51:44.344 11691 11691 D ar_activity: [[2a end - 2d start] onChildChanged stroke id=-NSrej2I6iug5GkDZJC1 time=2023-04-12 18:51:44.344]
04-12 18:51:44.345 11691 11840 D ar_activity: [TRACKING TransformPointToPose time=2023-04-12 18:51:44.345]
04-12 18:51:44.345 11691 11840 D ar_activity: [TRACKING TransformPointToPose time=2023-04-12 18:51:44.345]
04-12 18:51:44.345 11691 11840 D ar_activity: send stroke to firebase, id=-NSrej2I6iug5GkDZJC1
04-12 18:51:44.346 11691 11840 D ar_activity: [[2d] after update lines time=2023-04-12 18:51:44.346]
04-12 18:51:44.365 11691 11840 D ar_activity: [TRACKING TransformPointToPose time=2023-04-12 18:51:44.365]
04-12 18:51:44.366 11691 11840 D ar_activity: [TRACKING TransformPointToPose time=2023-04-12 18:51:44.365]
04-12 18:51:44.366 11691 11840 D ar_activity: send stroke to firebase, id=-NSrej2I6iug5GkDZJC1
04-12 18:51:44.366 11691 11840 D ar_activity: [[2d] after update lines time=2023-04-12 18:51:44.366]
04-12 18:51:44.385 11691 11840 D ar_activity: [TRACKING TransformPointToPose time=2023-04-12 18:51:44.385]
04-12 18:51:44.385 11691 11840 D ar_activity: [TRACKING TransformPointToPose time=2023-04-12 18:51:44.385]
04-12 18:51:44.385 11691 11840 D ar_activity: send stroke to firebase, id=-NSrej2I6iug5GkDZJC1
04-12 18:51:44.386 11691 11840 D ar_activity: [[2d] after update lines time=2023-04-12 18:51:44.385]
04-12 18:51:44.424 11691 11691 D ar_activity: [[2a end - 2d start] onChildChanged stroke id=-NSrej2I6iug5GkDZJC1 time=2023-04-12 18:51:44.424]
