--------- beginning of main
04-12 18:05:16.893  1387  1652 D ar_activity: [Update ARCore frame time=2023-04-12 18:05:16.850]
04-12 18:05:16.965  1387  1652 D ar_activity: [[2d] after update lines time=2023-04-12 18:05:16.965]
04-12 18:05:16.984  1387  1652 D ar_activity: [Update ARCore frame time=2023-04-12 18:05:16.984]
04-12 18:05:17.068  1387  1652 D ar_activity: [Update ARCore frame time=2023-04-12 18:05:17.068]
04-12 18:05:17.152  1387  1652 D ar_activity: [Update ARCore frame time=2023-04-12 18:05:17.152]
04-12 18:05:17.236  1387  1652 D ar_activity: [Update ARCore frame time=2023-04-12 18:05:17.236]
04-12 18:05:17.323  1387  1652 D ar_activity: [Update ARCore frame time=2023-04-12 18:05:17.323]
04-12 18:05:17.408  1387  1652 D ar_activity: [Update ARCore frame time=2023-04-12 18:05:17.408]
04-12 18:05:17.437  1387  1652 D ar_activity: [Update ARCore frame time=2023-04-12 18:05:17.436]
04-12 18:05:17.469  1387  1652 D ar_activity: [Update ARCore frame time=2023-04-12 18:05:17.469]
04-12 18:05:17.488  1387  1652 D ar_activity: [Update ARCore frame time=2023-04-12 18:05:17.488]
04-12 18:05:17.511  1387  1652 D ar_activity: [Update ARCore frame time=2023-04-12 18:05:17.511]
04-12 18:05:17.535  1387  1652 D ar_activity: [Update ARCore frame time=2023-04-12 18:05:17.535]
04-12 18:05:17.557  1387  1652 D ar_activity: [Update ARCore frame time=2023-04-12 18:05:17.557]
04-12 18:05:17.576  1387  1652 D ar_activity: [Update ARCore frame time=2023-04-12 18:05:17.576]
04-12 18:05:17.599  1387  1652 D ar_activity: [Update ARCore frame time=2023-04-12 18:05:17.599]
04-12 18:05:17.619  1387  1652 D ar_activity: [Update ARCore frame time=2023-04-12 18:05:17.619]
04-12 18:05:17.658  1387  1652 D ar_activity: [Update ARCore frame time=2023-04-12 18:05:17.657]
04-12 18:05:17.684  1387  1652 D ar_activity: [Update ARCore frame time=2023-04-12 18:05:17.682]
04-12 18:05:17.704  1387  1652 D ar_activity: [Update ARCore frame time=2023-04-12 18:05:17.704]
04-12 18:05:17.724  1387  1652 D ar_activity: [Update ARCore frame time=2023-04-12 18:05:17.723]
04-12 18:05:17.755  1387  1652 D ar_activity: [Update ARCore frame time=2023-04-12 18:05:17.755]
04-12 18:05:17.776  1387  1652 D ar_activity: [Update ARCore frame time=2023-04-12 18:05:17.776]
04-12 18:05:17.798  1387  1652 D ar_activity: [Update ARCore frame time=2023-04-12 18:05:17.797]
04-12 18:05:17.817  1387  1652 D ar_activity: [Update ARCore frame time=2023-04-12 18:05:17.817]
04-12 18:05:17.838  1387  1652 D ar_activity: [Update ARCore frame time=2023-04-12 18:05:17.838]
04-12 18:05:17.874  1387  1652 D ar_activity: [Update ARCore frame time=2023-04-12 18:05:17.872]
04-12 18:05:17.902  1387  1652 D ar_activity: [Update ARCore frame time=2023-04-12 18:05:17.901]
04-12 18:05:17.926  1387  1652 D ar_activity: [Update ARCore frame time=2023-04-12 18:05:17.925]
04-12 18:05:17.949  1387  1652 D ar_activity: [Update ARCore frame time=2023-04-12 18:05:17.949]
04-12 18:05:17.983  1387  1652 D ar_activity: [Update ARCore frame time=2023-04-12 18:05:17.982]
04-12 18:05:17.997  1387  1652 D ar_activity: [[2d end] stroke time=2023-04-12 18:05:17.994]
04-12 18:05:18.016  1387  1652 D ar_activity: [Update ARCore frame time=2023-04-12 18:05:18.015]
04-12 18:05:18.019  1387  1652 D ar_activity: [[2d end] stroke time=2023-04-12 18:05:18.018]
04-12 18:05:18.038  1387  1652 D ar_activity: [Update ARCore frame time=2023-04-12 18:05:18.037]
04-12 18:05:18.045  1387  1652 D ar_activity: [[2d end] stroke time=2023-04-12 18:05:18.045]
04-12 18:05:18.064  1387  1652 D ar_activity: [Update ARCore frame time=2023-04-12 18:05:18.064]
04-12 18:05:18.067  1387  1652 D ar_activity: [[2d end] stroke time=2023-04-12 18:05:18.067]
04-12 18:05:18.091  1387  1652 D ar_activity: [Update ARCore frame time=2023-04-12 18:05:18.090]
04-12 18:05:18.097  1387  1652 D ar_activity: [[2d end] stroke time=2023-04-12 18:05:18.096]
04-12 18:05:18.117  1387  1652 D ar_activity: [Update ARCore frame time=2023-04-12 18:05:18.115]
04-12 18:05:18.122  1387  1652 D ar_activity: [[2d end] stroke time=2023-04-12 18:05:18.121]
04-12 18:05:18.144  1387  1652 D ar_activity: [Update ARCore frame time=2023-04-12 18:05:18.142]
04-12 18:05:18.156  1387  1652 D ar_activity: [[2d end] stroke time=2023-04-12 18:05:18.155]
04-12 18:05:18.177  1387  1652 D ar_activity: [Update ARCore frame time=2023-04-12 18:05:18.176]
04-12 18:05:18.186  1387  1652 D ar_activity: [[2d end] stroke time=2023-04-12 18:05:18.185]
04-12 18:05:18.206  1387  1652 D ar_activity: [Update ARCore frame time=2023-04-12 18:05:18.203]
04-12 18:05:18.209  1387  1652 D ar_activity: [[2d end] stroke time=2023-04-12 18:05:18.208]
04-12 18:05:18.227  1387  1652 D ar_activity: [Update ARCore frame time=2023-04-12 18:05:18.227]
04-12 18:05:18.229  1387  1652 D ar_activity: [[2d end] stroke time=2023-04-12 18:05:18.229]
04-12 18:05:18.249  1387  1652 D ar_activity: [Update ARCore frame time=2023-04-12 18:05:18.249]
04-12 18:05:18.251  1387  1652 D ar_activity: [[2d end] stroke time=2023-04-12 18:05:18.251]
04-12 18:05:18.269  1387  1652 D ar_activity: [Update ARCore frame time=2023-04-12 18:05:18.268]
04-12 18:05:18.274  1387  1652 D ar_activity: [[2d end] stroke time=2023-04-12 18:05:18.274]
04-12 18:05:18.292  1387  1652 D ar_activity: [Update ARCore frame time=2023-04-12 18:05:18.291]
04-12 18:05:18.293  1387  1652 D ar_activity: [[2d end] stroke time=2023-04-12 18:05:18.293]
04-12 18:05:18.310  1387  1652 D ar_activity: [Update ARCore frame time=2023-04-12 18:05:18.310]
04-12 18:05:18.315  1387  1652 D ar_activity: [[2d end] stroke time=2023-04-12 18:05:18.313]
04-12 18:05:18.333  1387  1652 D ar_activity: [Update ARCore frame time=2023-04-12 18:05:18.332]
04-12 18:05:18.335  1387  1652 D ar_activity: [[2d end] stroke time=2023-04-12 18:05:18.335]
04-12 18:05:18.353  1387  1652 D ar_activity: [Update ARCore frame time=2023-04-12 18:05:18.352]
04-12 18:05:18.358  1387  1652 D ar_activity: [[2d end] stroke time=2023-04-12 18:05:18.357]
04-12 18:05:18.376  1387  1652 D ar_activity: [Update ARCore frame time=2023-04-12 18:05:18.376]
04-12 18:05:18.378  1387  1652 D ar_activity: [[2d end] stroke time=2023-04-12 18:05:18.378]
04-12 18:05:18.396  1387  1652 D ar_activity: [Update ARCore frame time=2023-04-12 18:05:18.396]
04-12 18:05:18.402  1387  1652 D ar_activity: [[2d end] stroke time=2023-04-12 18:05:18.401]
04-12 18:05:18.420  1387  1652 D ar_activity: [Update ARCore frame time=2023-04-12 18:05:18.419]
04-12 18:05:18.421  1387  1652 D ar_activity: [[2d end] stroke time=2023-04-12 18:05:18.421]
04-12 18:05:18.439  1387  1652 D ar_activity: [Update ARCore frame time=2023-04-12 18:05:18.438]
04-12 18:05:18.442  1387  1652 D ar_activity: [[2d end] stroke time=2023-04-12 18:05:18.442]
04-12 18:05:18.459  1387  1652 D ar_activity: [Update ARCore frame time=2023-04-12 18:05:18.459]
04-12 18:05:18.461  1387  1652 D ar_activity: [[2d end] stroke time=2023-04-12 18:05:18.461]
04-12 18:05:18.478  1387  1652 D ar_activity: [Update ARCore frame time=2023-04-12 18:05:18.478]
04-12 18:05:18.483  1387  1652 D ar_activity: [[2d end] stroke time=2023-04-12 18:05:18.483]
04-12 18:05:18.501  1387  1652 D ar_activity: [Update ARCore frame time=2023-04-12 18:05:18.500]
04-12 18:05:18.504  1387  1652 D ar_activity: [[2d end] stroke time=2023-04-12 18:05:18.504]
04-12 18:05:18.521  1387  1652 D ar_activity: [Update ARCore frame time=2023-04-12 18:05:18.521]
04-12 18:05:18.526  1387  1652 D ar_activity: [[2d end] stroke time=2023-04-12 18:05:18.526]
04-12 18:05:18.544  1387  1652 D ar_activity: [Update ARCore frame time=2023-04-12 18:05:18.543]
04-12 18:05:18.551  1387  1652 D ar_activity: [[2d end] stroke time=2023-04-12 18:05:18.546]
04-12 18:05:18.568  1387  1652 D ar_activity: [Update ARCore frame time=2023-04-12 18:05:18.568]
04-12 18:05:18.577  1387  1652 D ar_activity: [[2d end] stroke time=2023-04-12 18:05:18.575]
04-12 18:05:18.594  1387  1652 D ar_activity: [Update ARCore frame time=2023-04-12 18:05:18.594]
04-12 18:05:18.597  1387  1652 D ar_activity: [[2d end] stroke time=2023-04-12 18:05:18.597]
04-12 18:05:18.615  1387  1652 D ar_activity: [Update ARCore frame time=2023-04-12 18:05:18.615]
04-12 18:05:18.622  1387  1652 D ar_activity: [[2d end] stroke time=2023-04-12 18:05:18.621]
04-12 18:05:18.641  1387  1652 D ar_activity: [Update ARCore frame time=2023-04-12 18:05:18.641]
04-12 18:05:18.643  1387  1652 D ar_activity: [[2d end] stroke time=2023-04-12 18:05:18.643]
04-12 18:05:18.661  1387  1652 D ar_activity: [Update ARCore frame time=2023-04-12 18:05:18.660]
04-12 18:05:18.663  1387  1652 D ar_activity: [[2d end] stroke time=2023-04-12 18:05:18.663]
04-12 18:05:18.683  1387  1652 D ar_activity: [Update ARCore frame time=2023-04-12 18:05:18.682]
04-12 18:05:18.685  1387  1652 D ar_activity: [[2d end] stroke time=2023-04-12 18:05:18.685]
04-12 18:05:18.702  1387  1652 D ar_activity: [Update ARCore frame time=2023-04-12 18:05:18.702]
04-12 18:05:18.704  1387  1652 D ar_activity: [[2d end] stroke time=2023-04-12 18:05:18.704]
04-12 18:05:18.722  1387  1652 D ar_activity: [Update ARCore frame time=2023-04-12 18:05:18.722]
04-12 18:05:18.729  1387  1652 D ar_activity: [[2d end] stroke time=2023-04-12 18:05:18.729]
04-12 18:05:18.747  1387  1652 D ar_activity: [Update ARCore frame time=2023-04-12 18:05:18.746]
04-12 18:05:18.754  1387  1652 D ar_activity: [[2d end] stroke time=2023-04-12 18:05:18.754]
04-12 18:05:18.772  1387  1652 D ar_activity: [Update ARCore frame time=2023-04-12 18:05:18.772]
04-12 18:05:18.777  1387  1652 D ar_activity: [[2d end] stroke time=2023-04-12 18:05:18.777]
04-12 18:05:18.794  1387  1652 D ar_activity: [Update ARCore frame time=2023-04-12 18:05:18.794]
04-12 18:05:18.796  1387  1652 D ar_activity: [[2d end] stroke time=2023-04-12 18:05:18.796]
04-12 18:05:18.814  1387  1652 D ar_activity: [Update ARCore frame time=2023-04-12 18:05:18.813]
04-12 18:05:18.818  1387  1652 D ar_activity: [[2d end] stroke time=2023-04-12 18:05:18.818]
04-12 18:05:18.836  1387  1652 D ar_activity: [Update ARCore frame time=2023-04-12 18:05:18.835]
04-12 18:05:18.838  1387  1652 D ar_activity: [[2d end] stroke time=2023-04-12 18:05:18.838]
04-12 18:05:18.855  1387  1652 D ar_activity: [Update ARCore frame time=2023-04-12 18:05:18.855]
04-12 18:05:18.859  1387  1652 D ar_activity: [[2d end] stroke time=2023-04-12 18:05:18.858]
04-12 18:05:18.875  1387  1652 D ar_activity: [Update ARCore frame time=2023-04-12 18:05:18.875]
04-12 18:05:18.878  1387  1652 D ar_activity: [[2d end] stroke time=2023-04-12 18:05:18.877]
04-12 18:05:18.895  1387  1652 D ar_activity: [Update ARCore frame time=2023-04-12 18:05:18.895]
04-12 18:05:18.897  1387  1652 D ar_activity: [[2d end] stroke time=2023-04-12 18:05:18.897]
04-12 18:05:18.917  1387  1652 D ar_activity: [Update ARCore frame time=2023-04-12 18:05:18.916]
04-12 18:05:18.919  1387  1652 D ar_activity: [[2d end] stroke time=2023-04-12 18:05:18.919]
04-12 18:05:18.936  1387  1652 D ar_activity: [Update ARCore frame time=2023-04-12 18:05:18.936]
04-12 18:05:18.938  1387  1652 D ar_activity: [[2d end] stroke time=2023-04-12 18:05:18.938]
04-12 18:05:18.956  1387  1652 D ar_activity: [Update ARCore frame time=2023-04-12 18:05:18.955]
04-12 18:05:18.960  1387  1652 D ar_activity: [[2d end] stroke time=2023-04-12 18:05:18.959]
04-12 18:05:18.977  1387  1652 D ar_activity: [Update ARCore frame time=2023-04-12 18:05:18.977]
04-12 18:05:18.979  1387  1652 D ar_activity: [[2d end] stroke time=2023-04-12 18:05:18.979]
04-12 18:05:18.997  1387  1652 D ar_activity: [Update ARCore frame time=2023-04-12 18:05:18.997]
04-12 18:05:18.999  1387  1652 D ar_activity: [[2d end] stroke time=2023-04-12 18:05:18.999]
04-12 18:05:19.017  1387  1652 D ar_activity: [Update ARCore frame time=2023-04-12 18:05:19.017]
04-12 18:05:19.019  1387  1652 D ar_activity: [[2d end] stroke time=2023-04-12 18:05:19.019]
04-12 18:05:19.037  1387  1652 D ar_activity: [Update ARCore frame time=2023-04-12 18:05:19.036]
04-12 18:05:19.038  1387  1652 D ar_activity: [[2d end] stroke time=2023-04-12 18:05:19.038]
04-12 18:05:19.055  1387  1652 D ar_activity: [Update ARCore frame time=2023-04-12 18:05:19.055]
04-12 18:05:19.059  1387  1652 D ar_activity: [[2d end] stroke time=2023-04-12 18:05:19.058]
04-12 18:05:19.076  1387  1652 D ar_activity: [Update ARCore frame time=2023-04-12 18:05:19.076]
04-12 18:05:19.078  1387  1652 D ar_activity: [[2d end] stroke time=2023-04-12 18:05:19.078]
04-12 18:05:19.095  1387  1652 D ar_activity: [Update ARCore frame time=2023-04-12 18:05:19.095]
04-12 18:05:19.097  1387  1652 D ar_activity: [[2d end] stroke time=2023-04-12 18:05:19.096]
04-12 18:05:19.117  1387  1652 D ar_activity: [Update ARCore frame time=2023-04-12 18:05:19.116]
04-12 18:05:19.121  1387  1652 D ar_activity: [[2d end] stroke time=2023-04-12 18:05:19.121]
04-12 18:05:19.138  1387  1652 D ar_activity: [Update ARCore frame time=2023-04-12 18:05:19.138]
04-12 18:05:19.140  1387  1652 D ar_activity: [[2d end] stroke time=2023-04-12 18:05:19.140]
04-12 18:05:19.159  1387  1652 D ar_activity: [Update ARCore frame time=2023-04-12 18:05:19.159]
04-12 18:05:19.162  1387  1652 D ar_activity: [[2d end] stroke time=2023-04-12 18:05:19.161]
04-12 18:05:19.179  1387  1652 D ar_activity: [Update ARCore frame time=2023-04-12 18:05:19.179]
04-12 18:05:19.188  1387  1652 D ar_activity: [[2d end] stroke time=2023-04-12 18:05:19.187]
04-12 18:05:19.206  1387  1652 D ar_activity: [Update ARCore frame time=2023-04-12 18:05:19.205]
04-12 18:05:19.210  1387  1652 D ar_activity: [[2d end] stroke time=2023-04-12 18:05:19.210]
04-12 18:05:19.228  1387  1652 D ar_activity: [Update ARCore frame time=2023-04-12 18:05:19.228]
04-12 18:05:19.230  1387  1652 D ar_activity: [[2d end] stroke time=2023-04-12 18:05:19.230]
04-12 18:05:19.248  1387  1652 D ar_activity: [Update ARCore frame time=2023-04-12 18:05:19.248]
04-12 18:05:19.255  1387  1652 D ar_activity: [[2d end] stroke time=2023-04-12 18:05:19.254]
04-12 18:05:19.273  1387  1652 D ar_activity: [Update ARCore frame time=2023-04-12 18:05:19.273]
04-12 18:05:19.275  1387  1652 D ar_activity: [[2d end] stroke time=2023-04-12 18:05:19.275]
04-12 18:05:19.293  1387  1652 D ar_activity: [Update ARCore frame time=2023-04-12 18:05:19.292]
04-12 18:05:19.295  1387  1652 D ar_activity: [[2d end] stroke time=2023-04-12 18:05:19.295]
04-12 18:05:19.312  1387  1652 D ar_activity: [Update ARCore frame time=2023-04-12 18:05:19.312]
04-12 18:05:19.317  1387  1652 D ar_activity: [[2d end] stroke time=2023-04-12 18:05:19.317]
04-12 18:05:19.335  1387  1652 D ar_activity: [Update ARCore frame time=2023-04-12 18:05:19.334]
04-12 18:05:19.338  1387  1652 D ar_activity: [[2d end] stroke time=2023-04-12 18:05:19.338]
04-12 18:05:19.357  1387  1652 D ar_activity: [Update ARCore frame time=2023-04-12 18:05:19.355]
04-12 18:05:19.361  1387  1652 D ar_activity: [[2d end] stroke time=2023-04-12 18:05:19.361]
04-12 18:05:19.379  1387  1652 D ar_activity: [Update ARCore frame time=2023-04-12 18:05:19.379]
04-12 18:05:19.384  1387  1652 D ar_activity: [[2d end] stroke time=2023-04-12 18:05:19.384]
04-12 18:05:19.402  1387  1652 D ar_activity: [Update ARCore frame time=2023-04-12 18:05:19.401]
04-12 18:05:19.404  1387  1652 D ar_activity: [[2d end] stroke time=2023-04-12 18:05:19.404]
04-12 18:05:19.421  1387  1652 D ar_activity: [Update ARCore frame time=2023-04-12 18:05:19.420]
04-12 18:05:19.423  1387  1652 D ar_activity: [[2d end] stroke time=2023-04-12 18:05:19.423]
04-12 18:05:19.440  1387  1652 D ar_activity: [Update ARCore frame time=2023-04-12 18:05:19.440]
04-12 18:05:19.444  1387  1652 D ar_activity: [[2d end] stroke time=2023-04-12 18:05:19.443]
04-12 18:05:19.461  1387  1652 D ar_activity: [Update ARCore frame time=2023-04-12 18:05:19.461]
04-12 18:05:19.467  1387  1652 D ar_activity: [[2d end] stroke time=2023-04-12 18:05:19.467]
04-12 18:05:19.487  1387  1652 D ar_activity: [Update ARCore frame time=2023-04-12 18:05:19.487]
04-12 18:05:19.489  1387  1652 D ar_activity: [[2d end] stroke time=2023-04-12 18:05:19.489]
04-12 18:05:19.506  1387  1652 D ar_activity: [Update ARCore frame time=2023-04-12 18:05:19.506]
04-12 18:05:19.510  1387  1652 D ar_activity: [[2d end] stroke time=2023-04-12 18:05:19.510]
04-12 18:05:19.527  1387  1652 D ar_activity: [Update ARCore frame time=2023-04-12 18:05:19.527]
04-12 18:05:19.529  1387  1652 D ar_activity: [[2d end] stroke time=2023-04-12 18:05:19.529]
04-12 18:05:19.547  1387  1652 D ar_activity: [Update ARCore frame time=2023-04-12 18:05:19.546]
04-12 18:05:19.555  1387  1652 D ar_activity: [[2d end] stroke time=2023-04-12 18:05:19.554]
04-12 18:05:19.573  1387  1652 D ar_activity: [Update ARCore frame time=2023-04-12 18:05:19.572]
04-12 18:05:19.578  1387  1652 D ar_activity: [[2d end] stroke time=2023-04-12 18:05:19.576]
04-12 18:05:19.595  1387  1652 D ar_activity: [Update ARCore frame time=2023-04-12 18:05:19.595]
04-12 18:05:19.598  1387  1652 D ar_activity: [[2d end] stroke time=2023-04-12 18:05:19.597]
04-12 18:05:19.616  1387  1652 D ar_activity: [Update ARCore frame time=2023-04-12 18:05:19.615]
04-12 18:05:19.620  1387  1652 D ar_activity: [[2d end] stroke time=2023-04-12 18:05:19.620]
04-12 18:05:19.638  1387  1652 D ar_activity: [Update ARCore frame time=2023-04-12 18:05:19.637]
04-12 18:05:19.640  1387  1652 D ar_activity: [[2d end] stroke time=2023-04-12 18:05:19.640]
04-12 18:05:19.657  1387  1652 D ar_activity: [Update ARCore frame time=2023-04-12 18:05:19.657]
04-12 18:05:19.660  1387  1652 D ar_activity: [[2d end] stroke time=2023-04-12 18:05:19.659]
04-12 18:05:19.677  1387  1652 D ar_activity: [Update ARCore frame time=2023-04-12 18:05:19.677]
04-12 18:05:19.679  1387  1652 D ar_activity: [[2d end] stroke time=2023-04-12 18:05:19.679]
04-12 18:05:19.696  1387  1652 D ar_activity: [Update ARCore frame time=2023-04-12 18:05:19.696]
04-12 18:05:19.698  1387  1652 D ar_activity: [[2d end] stroke time=2023-04-12 18:05:19.698]
04-12 18:05:19.719  1387  1652 D ar_activity: [Update ARCore frame time=2023-04-12 18:05:19.719]
04-12 18:05:19.722  1387  1652 D ar_activity: [[2d end] stroke time=2023-04-12 18:05:19.722]
04-12 18:05:19.739  1387  1652 D ar_activity: [Update ARCore frame time=2023-04-12 18:05:19.739]
04-12 18:05:19.741  1387  1652 D ar_activity: [[2d end] stroke time=2023-04-12 18:05:19.741]
04-12 18:05:19.767  1387  1652 D ar_activity: [Update ARCore frame time=2023-04-12 18:05:19.767]
04-12 18:05:19.769  1387  1652 D ar_activity: [[2d end] stroke time=2023-04-12 18:05:19.769]
04-12 18:05:19.788  1387  1652 D ar_activity: [Update ARCore frame time=2023-04-12 18:05:19.787]
04-12 18:05:19.793  1387  1652 D ar_activity: [[2d end] stroke time=2023-04-12 18:05:19.792]
04-12 18:05:19.811  1387  1652 D ar_activity: [Update ARCore frame time=2023-04-12 18:05:19.811]
04-12 18:05:19.813  1387  1652 D ar_activity: [[2d end] stroke time=2023-04-12 18:05:19.813]
04-12 18:05:19.830  1387  1652 D ar_activity: [Update ARCore frame time=2023-04-12 18:05:19.830]
04-12 18:05:19.832  1387  1652 D ar_activity: [[2d end] stroke time=2023-04-12 18:05:19.832]
04-12 18:05:19.849  1387  1652 D ar_activity: [Update ARCore frame time=2023-04-12 18:05:19.849]
04-12 18:05:19.854  1387  1652 D ar_activity: [[2d end] stroke time=2023-04-12 18:05:19.854]
04-12 18:05:19.872  1387  1652 D ar_activity: [Update ARCore frame time=2023-04-12 18:05:19.871]
04-12 18:05:19.873  1387  1652 D ar_activity: [[2d end] stroke time=2023-04-12 18:05:19.873]
04-12 18:05:19.890  1387  1652 D ar_activity: [Update ARCore frame time=2023-04-12 18:05:19.890]
04-12 18:05:19.895  1387  1652 D ar_activity: [[2d end] stroke time=2023-04-12 18:05:19.895]
04-12 18:05:19.912  1387  1652 D ar_activity: [Update ARCore frame time=2023-04-12 18:05:19.912]
04-12 18:05:19.915  1387  1652 D ar_activity: [[2d end] stroke time=2023-04-12 18:05:19.915]
04-12 18:05:19.933  1387  1652 D ar_activity: [Update ARCore frame time=2023-04-12 18:05:19.932]
04-12 18:05:19.935  1387  1652 D ar_activity: [[2d end] stroke time=2023-04-12 18:05:19.934]
04-12 18:05:19.953  1387  1652 D ar_activity: [Update ARCore frame time=2023-04-12 18:05:19.952]
04-12 18:05:19.960  1387  1652 D ar_activity: [[2d end] stroke time=2023-04-12 18:05:19.960]
04-12 18:05:19.981  1387  1652 D ar_activity: [Update ARCore frame time=2023-04-12 18:05:19.981]
04-12 18:05:19.987  1387  1652 D ar_activity: [[2d end] stroke time=2023-04-12 18:05:19.987]
04-12 18:05:20.006  1387  1652 D ar_activity: [Update ARCore frame time=2023-04-12 18:05:20.006]
04-12 18:05:20.008  1387  1652 D ar_activity: [[2d end] stroke time=2023-04-12 18:05:20.008]
04-12 18:05:20.025  1387  1652 D ar_activity: [Update ARCore frame time=2023-04-12 18:05:20.025]
04-12 18:05:20.027  1387  1652 D ar_activity: [[2d end] stroke time=2023-04-12 18:05:20.027]
04-12 18:05:20.044  1387  1652 D ar_activity: [Update ARCore frame time=2023-04-12 18:05:20.044]
04-12 18:05:20.046  1387  1652 D ar_activity: [[2d end] stroke time=2023-04-12 18:05:20.046]
04-12 18:05:20.064  1387  1652 D ar_activity: [Update ARCore frame time=2023-04-12 18:05:20.063]
04-12 18:05:20.065  1387  1652 D ar_activity: [[2d end] stroke time=2023-04-12 18:05:20.065]
04-12 18:05:20.083  1387  1652 D ar_activity: [Update ARCore frame time=2023-04-12 18:05:20.083]
04-12 18:05:20.091  1387  1652 D ar_activity: [[2d end] stroke time=2023-04-12 18:05:20.090]
04-12 18:05:20.111  1387  1652 D ar_activity: [Update ARCore frame time=2023-04-12 18:05:20.110]
04-12 18:05:20.113  1387  1652 D ar_activity: [[2d end] stroke time=2023-04-12 18:05:20.113]
04-12 18:05:20.130  1387  1652 D ar_activity: [Update ARCore frame time=2023-04-12 18:05:20.130]
04-12 18:05:20.132  1387  1652 D ar_activity: [[2d end] stroke time=2023-04-12 18:05:20.131]
04-12 18:05:20.149  1387  1652 D ar_activity: [Update ARCore frame time=2023-04-12 18:05:20.148]
04-12 18:05:20.153  1387  1652 D ar_activity: [[2d end] stroke time=2023-04-12 18:05:20.153]
04-12 18:05:20.172  1387  1652 D ar_activity: [Update ARCore frame time=2023-04-12 18:05:20.170]
04-12 18:05:20.175  1387  1652 D ar_activity: [[2d end] stroke time=2023-04-12 18:05:20.174]
04-12 18:05:20.192  1387  1652 D ar_activity: [Update ARCore frame time=2023-04-12 18:05:20.192]
04-12 18:05:20.197  1387  1652 D ar_activity: [[2d end] stroke time=2023-04-12 18:05:20.197]
04-12 18:05:20.215  1387  1652 D ar_activity: [Update ARCore frame time=2023-04-12 18:05:20.215]
04-12 18:05:20.220  1387  1652 D ar_activity: [[2d end] stroke time=2023-04-12 18:05:20.220]
04-12 18:05:20.237  1387  1652 D ar_activity: [Update ARCore frame time=2023-04-12 18:05:20.237]
04-12 18:05:20.240  1387  1652 D ar_activity: [[2d end] stroke time=2023-04-12 18:05:20.239]
04-12 18:05:20.256  1387  1652 D ar_activity: [Update ARCore frame time=2023-04-12 18:05:20.256]
04-12 18:05:20.259  1387  1652 D ar_activity: [[2d end] stroke time=2023-04-12 18:05:20.259]
04-12 18:05:20.279  1387  1652 D ar_activity: [Update ARCore frame time=2023-04-12 18:05:20.279]
04-12 18:05:20.287  1387  1652 D ar_activity: [[2d end] stroke time=2023-04-12 18:05:20.284]
04-12 18:05:20.304  1387  1652 D ar_activity: [Update ARCore frame time=2023-04-12 18:05:20.304]
04-12 18:05:20.308  1387  1652 D ar_activity: [[2d end] stroke time=2023-04-12 18:05:20.308]
04-12 18:05:20.326  1387  1652 D ar_activity: [Update ARCore frame time=2023-04-12 18:05:20.326]
04-12 18:05:20.336  1387  1652 D ar_activity: [[2d end] stroke time=2023-04-12 18:05:20.333]
04-12 18:05:20.358  1387  1652 D ar_activity: [Update ARCore frame time=2023-04-12 18:05:20.358]
04-12 18:05:20.360  1387  1652 D ar_activity: [[2d end] stroke time=2023-04-12 18:05:20.360]
04-12 18:05:20.378  1387  1652 D ar_activity: [Update ARCore frame time=2023-04-12 18:05:20.377]
04-12 18:05:20.382  1387  1652 D ar_activity: [[2d end] stroke time=2023-04-12 18:05:20.381]
04-12 18:05:20.400  1387  1652 D ar_activity: [Update ARCore frame time=2023-04-12 18:05:20.399]
04-12 18:05:20.402  1387  1652 D ar_activity: [[2d end] stroke time=2023-04-12 18:05:20.402]
04-12 18:05:20.420  1387  1652 D ar_activity: [Update ARCore frame time=2023-04-12 18:05:20.419]
04-12 18:05:20.425  1387  1652 D ar_activity: [[2d end] stroke time=2023-04-12 18:05:20.424]
04-12 18:05:20.444  1387  1652 D ar_activity: [Update ARCore frame time=2023-04-12 18:05:20.443]
04-12 18:05:20.448  1387  1652 D ar_activity: [[2d end] stroke time=2023-04-12 18:05:20.447]
04-12 18:05:20.466  1387  1652 D ar_activity: [Update ARCore frame time=2023-04-12 18:05:20.465]
04-12 18:05:20.468  1387  1652 D ar_activity: [[2d end] stroke time=2023-04-12 18:05:20.468]
04-12 18:05:20.487  1387  1652 D ar_activity: [Update ARCore frame time=2023-04-12 18:05:20.485]
04-12 18:05:20.489  1387  1652 D ar_activity: [[2d end] stroke time=2023-04-12 18:05:20.489]
04-12 18:05:20.506  1387  1652 D ar_activity: [Update ARCore frame time=2023-04-12 18:05:20.506]
04-12 18:05:20.508  1387  1652 D ar_activity: [[2d end] stroke time=2023-04-12 18:05:20.508]
04-12 18:05:20.525  1387  1652 D ar_activity: [Update ARCore frame time=2023-04-12 18:05:20.525]
04-12 18:05:20.527  1387  1652 D ar_activity: [[2d end] stroke time=2023-04-12 18:05:20.527]
04-12 18:05:20.545  1387  1652 D ar_activity: [Update ARCore frame time=2023-04-12 18:05:20.545]
04-12 18:05:20.549  1387  1652 D ar_activity: [[2d end] stroke time=2023-04-12 18:05:20.549]
04-12 18:05:20.571  1387  1652 D ar_activity: [Update ARCore frame time=2023-04-12 18:05:20.570]
04-12 18:05:20.573  1387  1652 D ar_activity: [[2d end] stroke time=2023-04-12 18:05:20.573]
04-12 18:05:20.590  1387  1652 D ar_activity: [Update ARCore frame time=2023-04-12 18:05:20.590]
04-12 18:05:20.592  1387  1652 D ar_activity: [[2d end] stroke time=2023-04-12 18:05:20.592]
04-12 18:05:20.614  1387  1652 D ar_activity: [Update ARCore frame time=2023-04-12 18:05:20.614]
04-12 18:05:20.618  1387  1652 D ar_activity: [[2d end] stroke time=2023-04-12 18:05:20.617]
04-12 18:05:20.637  1387  1652 D ar_activity: [Update ARCore frame time=2023-04-12 18:05:20.637]
04-12 18:05:20.640  1387  1652 D ar_activity: [[2d end] stroke time=2023-04-12 18:05:20.640]
04-12 18:05:20.655  1387  1387 D ar_activity: [--- pair start --- time=2023-04-12 18:05:20.655]
04-12 18:05:20.656  1387  1387 D ar_activity: [--- pair session start --- time=2023-04-12 18:05:20.655]
04-12 18:05:20.657  1387  1652 D ar_activity: [Update ARCore frame time=2023-04-12 18:05:20.657]
04-12 18:05:20.659  1387  1652 D ar_activity: [[2d end] stroke time=2023-04-12 18:05:20.659]
04-12 18:05:20.682  1387  1652 D ar_activity: [Update ARCore frame time=2023-04-12 18:05:20.681]
04-12 18:05:20.683  1387  1387 D ar_activity: [create room: Message{namespace='', type='', content=[34 bytes]} time=2023-04-12 18:05:20.682]
04-12 18:05:20.691  1387  1652 D ar_activity: [[2d end] stroke time=2023-04-12 18:05:20.690]
04-12 18:05:20.695  1387  1387 D ar_activity: LOOKING: 2023-04-12 18:05:20.694
04-12 18:05:20.713  1387  1652 D ar_activity: [Update ARCore frame time=2023-04-12 18:05:20.712]
04-12 18:05:20.720  1387  1652 D ar_activity: [[2d end] stroke time=2023-04-12 18:05:20.719]
04-12 18:05:20.741  1387  1652 D ar_activity: [Update ARCore frame time=2023-04-12 18:05:20.741]
04-12 18:05:20.743  1387  1652 D ar_activity: [[2d end] stroke time=2023-04-12 18:05:20.742]
04-12 18:05:20.762  1387  1652 D ar_activity: [Update ARCore frame time=2023-04-12 18:05:20.759]
04-12 18:05:20.767  1387  1652 D ar_activity: [[2d end] stroke time=2023-04-12 18:05:20.767]
04-12 18:05:20.788  1387  1652 D ar_activity: [Update ARCore frame time=2023-04-12 18:05:20.787]
04-12 18:05:20.797  1387  1652 D ar_activity: [[2d end] stroke time=2023-04-12 18:05:20.796]
04-12 18:05:20.816  1387  1652 D ar_activity: [Update ARCore frame time=2023-04-12 18:05:20.816]
04-12 18:05:20.818  1387  1652 D ar_activity: [[2d end] stroke time=2023-04-12 18:05:20.818]
04-12 18:05:20.838  1387  1652 D ar_activity: [Update ARCore frame time=2023-04-12 18:05:20.838]
04-12 18:05:20.840  1387  1652 D ar_activity: [[2d end] stroke time=2023-04-12 18:05:20.840]
04-12 18:05:20.857  1387  1652 D ar_activity: [Update ARCore frame time=2023-04-12 18:05:20.857]
04-12 18:05:20.863  1387  1652 D ar_activity: [[2d end] stroke time=2023-04-12 18:05:20.862]
04-12 18:05:20.881  1387  1652 D ar_activity: [Update ARCore frame time=2023-04-12 18:05:20.880]
04-12 18:05:20.883  1387  1652 D ar_activity: [[2d end] stroke time=2023-04-12 18:05:20.883]
04-12 18:05:20.901  1387  1652 D ar_activity: [Update ARCore frame time=2023-04-12 18:05:20.900]
04-12 18:05:20.903  1387  1652 D ar_activity: [[2d end] stroke time=2023-04-12 18:05:20.903]
04-12 18:05:20.922  1387  1652 D ar_activity: [Update ARCore frame time=2023-04-12 18:05:20.922]
04-12 18:05:20.924  1387  1652 D ar_activity: [[2d end] stroke time=2023-04-12 18:05:20.924]
04-12 18:05:20.942  1387  1652 D ar_activity: [Update ARCore frame time=2023-04-12 18:05:20.941]
04-12 18:05:20.948  1387  1652 D ar_activity: [[2d end] stroke time=2023-04-12 18:05:20.948]
04-12 18:05:20.967  1387  1652 D ar_activity: [Update ARCore frame time=2023-04-12 18:05:20.966]
04-12 18:05:20.969  1387  1652 D ar_activity: [[2d end] stroke time=2023-04-12 18:05:20.969]
04-12 18:05:20.994  1387  1652 D ar_activity: [Update ARCore frame time=2023-04-12 18:05:20.994]
04-12 18:05:20.996  1387  1652 D ar_activity: [[2d end] stroke time=2023-04-12 18:05:20.996]
04-12 18:05:21.014  1387  1652 D ar_activity: [Update ARCore frame time=2023-04-12 18:05:21.013]
04-12 18:05:21.016  1387  1652 D ar_activity: [[2d end] stroke time=2023-04-12 18:05:21.015]
04-12 18:05:21.033  1387  1652 D ar_activity: [Update ARCore frame time=2023-04-12 18:05:21.033]
04-12 18:05:21.035  1387  1652 D ar_activity: [[2d end] stroke time=2023-04-12 18:05:21.035]
04-12 18:05:21.057  1387  1652 D ar_activity: [Update ARCore frame time=2023-04-12 18:05:21.056]
04-12 18:05:21.059  1387  1652 D ar_activity: [[2d end] stroke time=2023-04-12 18:05:21.059]
04-12 18:05:21.076  1387  1652 D ar_activity: [Update ARCore frame time=2023-04-12 18:05:21.076]
04-12 18:05:21.083  1387  1652 D ar_activity: [[2d end] stroke time=2023-04-12 18:05:21.083]
04-12 18:05:21.102  1387  1652 D ar_activity: [Update ARCore frame time=2023-04-12 18:05:21.102]
04-12 18:05:21.108  1387  1652 D ar_activity: [[2d end] stroke time=2023-04-12 18:05:21.108]
04-12 18:05:21.125  1387  1652 D ar_activity: [Update ARCore frame time=2023-04-12 18:05:21.125]
04-12 18:05:21.131  1387  1652 D ar_activity: [[2d end] stroke time=2023-04-12 18:05:21.131]
04-12 18:05:21.148  1387  1652 D ar_activity: [Update ARCore frame time=2023-04-12 18:05:21.148]
04-12 18:05:21.151  1387  1652 D ar_activity: [[2d end] stroke time=2023-04-12 18:05:21.151]
04-12 18:05:21.172  1387  1652 D ar_activity: [Update ARCore frame time=2023-04-12 18:05:21.172]
04-12 18:05:21.176  1387  1652 D ar_activity: [[2d end] stroke time=2023-04-12 18:05:21.176]
04-12 18:05:21.197  1387  1652 D ar_activity: [Update ARCore frame time=2023-04-12 18:05:21.197]
04-12 18:05:21.199  1387  1652 D ar_activity: [[2d end] stroke time=2023-04-12 18:05:21.199]
04-12 18:05:21.217  1387  1652 D ar_activity: [Update ARCore frame time=2023-04-12 18:05:21.216]
04-12 18:05:21.221  1387  1652 D ar_activity: [[2d end] stroke time=2023-04-12 18:05:21.219]
04-12 18:05:21.240  1387  1652 D ar_activity: [Update ARCore frame time=2023-04-12 18:05:21.239]
04-12 18:05:21.244  1387  1652 D ar_activity: [[2d end] stroke time=2023-04-12 18:05:21.244]
04-12 18:05:21.264  1387  1652 D ar_activity: [Update ARCore frame time=2023-04-12 18:05:21.263]
04-12 18:05:21.268  1387  1652 D ar_activity: [[2d end] stroke time=2023-04-12 18:05:21.267]
04-12 18:05:21.292  1387  1652 D ar_activity: [Update ARCore frame time=2023-04-12 18:05:21.291]
04-12 18:05:21.295  1387  1652 D ar_activity: [[2d end] stroke time=2023-04-12 18:05:21.294]
04-12 18:05:21.312  1387  1652 D ar_activity: [Update ARCore frame time=2023-04-12 18:05:21.312]
04-12 18:05:21.314  1387  1652 D ar_activity: [[2d end] stroke time=2023-04-12 18:05:21.314]
04-12 18:05:21.331  1387  1652 D ar_activity: [Update ARCore frame time=2023-04-12 18:05:21.331]
04-12 18:05:21.333  1387  1652 D ar_activity: [[2d end] stroke time=2023-04-12 18:05:21.333]
04-12 18:05:21.351  1387  1652 D ar_activity: [Update ARCore frame time=2023-04-12 18:05:21.350]
04-12 18:05:21.361  1387  1652 D ar_activity: [[2d end] stroke time=2023-04-12 18:05:21.361]
04-12 18:05:21.380  1387  1652 D ar_activity: [Update ARCore frame time=2023-04-12 18:05:21.380]
04-12 18:05:21.382  1387  1652 D ar_activity: [[2d end] stroke time=2023-04-12 18:05:21.382]
04-12 18:05:21.404  1387  1652 D ar_activity: [Update ARCore frame time=2023-04-12 18:05:21.403]
04-12 18:05:21.412  1387  1652 D ar_activity: [[2d end] stroke time=2023-04-12 18:05:21.411]
04-12 18:05:21.432  1387  1652 D ar_activity: [Update ARCore frame time=2023-04-12 18:05:21.431]
04-12 18:05:21.439  1387  1652 D ar_activity: [[2d end] stroke time=2023-04-12 18:05:21.438]
04-12 18:05:21.461  1387  1652 D ar_activity: [Update ARCore frame time=2023-04-12 18:05:21.461]
04-12 18:05:21.467  1387  1652 D ar_activity: [[2d end] stroke time=2023-04-12 18:05:21.466]
04-12 18:05:21.490  1387  1652 D ar_activity: [Update ARCore frame time=2023-04-12 18:05:21.489]
04-12 18:05:21.501  1387  1652 D ar_activity: [[2d end] stroke time=2023-04-12 18:05:21.501]
04-12 18:05:21.524  1387  1652 D ar_activity: [Update ARCore frame time=2023-04-12 18:05:21.524]
04-12 18:05:21.527  1387  1652 D ar_activity: [[2d end] stroke time=2023-04-12 18:05:21.526]
04-12 18:05:21.544  1387  1652 D ar_activity: [Update ARCore frame time=2023-04-12 18:05:21.543]
04-12 18:05:21.546  1387  1652 D ar_activity: [[2d end] stroke time=2023-04-12 18:05:21.546]
04-12 18:05:21.564  1387  1652 D ar_activity: [Update ARCore frame time=2023-04-12 18:05:21.564]
04-12 18:05:21.565  1387  1652 D ar_activity: [[2d end] stroke time=2023-04-12 18:05:21.565]
04-12 18:05:21.585  1387  1652 D ar_activity: [Update ARCore frame time=2023-04-12 18:05:21.585]
04-12 18:05:21.591  1387  1652 D ar_activity: [[2d end] stroke time=2023-04-12 18:05:21.591]
04-12 18:05:21.608  1387  1652 D ar_activity: [Update ARCore frame time=2023-04-12 18:05:21.608]
04-12 18:05:21.614  1387  1652 D ar_activity: [[2d end] stroke time=2023-04-12 18:05:21.614]
04-12 18:05:21.633  1387  1652 D ar_activity: [Update ARCore frame time=2023-04-12 18:05:21.633]
04-12 18:05:21.634  1387  1652 D ar_activity: [[2d end] stroke time=2023-04-12 18:05:21.634]
04-12 18:05:21.652  1387  1652 D ar_activity: [Update ARCore frame time=2023-04-12 18:05:21.652]
04-12 18:05:21.656  1387  1652 D ar_activity: [[2d end] stroke time=2023-04-12 18:05:21.656]
04-12 18:05:21.674  1387  1652 D ar_activity: [Update ARCore frame time=2023-04-12 18:05:21.674]
04-12 18:05:21.676  1387  1652 D ar_activity: [[2d end] stroke time=2023-04-12 18:05:21.675]
04-12 18:05:21.695  1387  1652 D ar_activity: [Update ARCore frame time=2023-04-12 18:05:21.692]
04-12 18:05:21.698  1387  1652 D ar_activity: [[2d end] stroke time=2023-04-12 18:05:21.698]
04-12 18:05:21.715  1387  1652 D ar_activity: [Update ARCore frame time=2023-04-12 18:05:21.715]
04-12 18:05:21.718  1387  1652 D ar_activity: [[2d end] stroke time=2023-04-12 18:05:21.718]
04-12 18:05:21.735  1387  1652 D ar_activity: [Update ARCore frame time=2023-04-12 18:05:21.735]
04-12 18:05:21.737  1387  1652 D ar_activity: [[2d end] stroke time=2023-04-12 18:05:21.737]
04-12 18:05:21.757  1387  1652 D ar_activity: [Update ARCore frame time=2023-04-12 18:05:21.756]
04-12 18:05:21.759  1387  1652 D ar_activity: [[2d end] stroke time=2023-04-12 18:05:21.759]
04-12 18:05:21.776  1387  1652 D ar_activity: [Update ARCore frame time=2023-04-12 18:05:21.776]
04-12 18:05:21.778  1387  1652 D ar_activity: [[2d end] stroke time=2023-04-12 18:05:21.778]
04-12 18:05:21.796  1387  1652 D ar_activity: [Update ARCore frame time=2023-04-12 18:05:21.795]
04-12 18:05:21.803  1387  1652 D ar_activity: [[2d end] stroke time=2023-04-12 18:05:21.802]
04-12 18:05:21.823  1387  1652 D ar_activity: [Update ARCore frame time=2023-04-12 18:05:21.823]
04-12 18:05:21.826  1387  1652 D ar_activity: [[2d end] stroke time=2023-04-12 18:05:21.825]
04-12 18:05:21.843  1387  1652 D ar_activity: [Update ARCore frame time=2023-04-12 18:05:21.843]
04-12 18:05:21.845  1387  1652 D ar_activity: [[2d end] stroke time=2023-04-12 18:05:21.845]
04-12 18:05:21.862  1387  1652 D ar_activity: [Update ARCore frame time=2023-04-12 18:05:21.862]
04-12 18:05:21.865  1387  1652 D ar_activity: [[2d end] stroke time=2023-04-12 18:05:21.864]
04-12 18:05:21.882  1387  1652 D ar_activity: [Update ARCore frame time=2023-04-12 18:05:21.882]
04-12 18:05:21.886  1387  1652 D ar_activity: [[2d end] stroke time=2023-04-12 18:05:21.885]
04-12 18:05:21.907  1387  1652 D ar_activity: [Update ARCore frame time=2023-04-12 18:05:21.907]
04-12 18:05:21.909  1387  1652 D ar_activity: [[2d end] stroke time=2023-04-12 18:05:21.909]
04-12 18:05:21.927  1387  1652 D ar_activity: [Update ARCore frame time=2023-04-12 18:05:21.927]
04-12 18:05:21.930  1387  1652 D ar_activity: [[2d end] stroke time=2023-04-12 18:05:21.929]
04-12 18:05:21.947  1387  1652 D ar_activity: [Update ARCore frame time=2023-04-12 18:05:21.947]
04-12 18:05:21.949  1387  1652 D ar_activity: [[2d end] stroke time=2023-04-12 18:05:21.949]
04-12 18:05:21.967  1387  1652 D ar_activity: [Update ARCore frame time=2023-04-12 18:05:21.967]
04-12 18:05:21.969  1387  1652 D ar_activity: [[2d end] stroke time=2023-04-12 18:05:21.969]
04-12 18:05:21.987  1387  1652 D ar_activity: [Update ARCore frame time=2023-04-12 18:05:21.987]
04-12 18:05:21.992  1387  1652 D ar_activity: [[2d end] stroke time=2023-04-12 18:05:21.991]
04-12 18:05:22.009  1387  1652 D ar_activity: [Update ARCore frame time=2023-04-12 18:05:22.009]
04-12 18:05:22.011  1387  1652 D ar_activity: [[2d end] stroke time=2023-04-12 18:05:22.011]
04-12 18:05:22.028  1387  1652 D ar_activity: [Update ARCore frame time=2023-04-12 18:05:22.028]
04-12 18:05:22.031  1387  1652 D ar_activity: [[2d end] stroke time=2023-04-12 18:05:22.031]
04-12 18:05:22.050  1387  1652 D ar_activity: [Update ARCore frame time=2023-04-12 18:05:22.050]
04-12 18:05:22.052  1387  1652 D ar_activity: [[2d end] stroke time=2023-04-12 18:05:22.052]
04-12 18:05:22.070  1387  1652 D ar_activity: [Update ARCore frame time=2023-04-12 18:05:22.069]
04-12 18:05:22.075  1387  1652 D ar_activity: [[2d end] stroke time=2023-04-12 18:05:22.075]
04-12 18:05:22.092  1387  1652 D ar_activity: [Update ARCore frame time=2023-04-12 18:05:22.092]
04-12 18:05:22.094  1387  1652 D ar_activity: [[2d end] stroke time=2023-04-12 18:05:22.094]
04-12 18:05:22.112  1387  1652 D ar_activity: [Update ARCore frame time=2023-04-12 18:05:22.112]
04-12 18:05:22.115  1387  1652 D ar_activity: [[2d end] stroke time=2023-04-12 18:05:22.115]
04-12 18:05:22.132  1387  1652 D ar_activity: [Update ARCore frame time=2023-04-12 18:05:22.132]
04-12 18:05:22.134  1387  1652 D ar_activity: [[2d end] stroke time=2023-04-12 18:05:22.134]
04-12 18:05:22.152  1387  1652 D ar_activity: [Update ARCore frame time=2023-04-12 18:05:22.151]
04-12 18:05:22.154  1387  1652 D ar_activity: [[2d end] stroke time=2023-04-12 18:05:22.153]
04-12 18:05:22.176  1387  1652 D ar_activity: [Update ARCore frame time=2023-04-12 18:05:22.175]
04-12 18:05:22.178  1387  1652 D ar_activity: [[2d end] stroke time=2023-04-12 18:05:22.178]
04-12 18:05:22.179  1387  1387 D ar_activity: [joinRoom: -NSrV4TsjIhPCjdrwY9t time=2023-04-12 18:05:22.179]
04-12 18:05:22.196  1387  1652 D ar_activity: [Update ARCore frame time=2023-04-12 18:05:22.196]
04-12 18:05:22.200  1387  1652 D ar_activity: [[2d end] stroke time=2023-04-12 18:05:22.200]
04-12 18:05:22.217  1387  1652 D ar_activity: [Update ARCore frame time=2023-04-12 18:05:22.217]
04-12 18:05:22.223  1387  1652 D ar_activity: [[2d end] stroke time=2023-04-12 18:05:22.222]
04-12 18:05:22.244  1387  1652 D ar_activity: [Update ARCore frame time=2023-04-12 18:05:22.244]
04-12 18:05:22.247  1387  1652 D ar_activity: [[2d end] stroke time=2023-04-12 18:05:22.246]
04-12 18:05:22.264  1387  1652 D ar_activity: [Update ARCore frame time=2023-04-12 18:05:22.264]
04-12 18:05:22.267  1387  1652 D ar_activity: [[2d end] stroke time=2023-04-12 18:05:22.266]
04-12 18:05:22.284  1387  1652 D ar_activity: [Update ARCore frame time=2023-04-12 18:05:22.284]
04-12 18:05:22.295  1387  1652 D ar_activity: [[2d end] stroke time=2023-04-12 18:05:22.294]
04-12 18:05:22.315  1387  1652 D ar_activity: [Update ARCore frame time=2023-04-12 18:05:22.313]
04-12 18:05:22.317  1387  1387 D ar_activity: [--- pair joined --- time=2023-04-12 18:05:22.317]
04-12 18:05:22.319  1387  1652 D ar_activity: [[2d end] stroke time=2023-04-12 18:05:22.318]
04-12 18:05:22.334  1387  1387 D ar_activity: PARTNER FOUND: 2023-04-12 18:05:22.334
04-12 18:05:22.336  1387  1652 D ar_activity: [Update ARCore frame time=2023-04-12 18:05:22.336]
04-12 18:05:22.339  1387  1652 D ar_activity: [[2d end] stroke time=2023-04-12 18:05:22.339]
04-12 18:05:22.357  1387  1652 D ar_activity: [Update ARCore frame time=2023-04-12 18:05:22.357]
04-12 18:05:22.360  1387  1652 D ar_activity: [[2d end] stroke time=2023-04-12 18:05:22.359]
04-12 18:05:22.377  1387  1652 D ar_activity: [Update ARCore frame time=2023-04-12 18:05:22.377]
04-12 18:05:22.378  1387  1652 D ar_activity: [[2d end] stroke time=2023-04-12 18:05:22.378]
04-12 18:05:22.396  1387  1652 D ar_activity: [Update ARCore frame time=2023-04-12 18:05:22.395]
04-12 18:05:22.399  1387  1652 D ar_activity: [[2d end] stroke time=2023-04-12 18:05:22.399]
04-12 18:05:22.418  1387  1652 D ar_activity: [Update ARCore frame time=2023-04-12 18:05:22.417]
04-12 18:05:22.427  1387  1652 D ar_activity: [[2d end] stroke time=2023-04-12 18:05:22.427]
04-12 18:05:22.447  1387  1652 D ar_activity: [Update ARCore frame time=2023-04-12 18:05:22.447]
04-12 18:05:22.450  1387  1652 D ar_activity: [[2d end] stroke time=2023-04-12 18:05:22.449]
04-12 18:05:22.469  1387  1652 D ar_activity: [Update ARCore frame time=2023-04-12 18:05:22.468]
04-12 18:05:22.484  1387  1652 D ar_activity: [[2d end] stroke time=2023-04-12 18:05:22.483]
04-12 18:05:22.509  1387  1652 D ar_activity: [Update ARCore frame time=2023-04-12 18:05:22.508]
04-12 18:05:22.512  1387  1652 D ar_activity: [[2d end] stroke time=2023-04-12 18:05:22.511]
04-12 18:05:22.529  1387  1652 D ar_activity: [Update ARCore frame time=2023-04-12 18:05:22.528]
04-12 18:05:22.531  1387  1652 D ar_activity: [[2d end] stroke time=2023-04-12 18:05:22.530]
04-12 18:05:22.548  1387  1652 D ar_activity: [Update ARCore frame time=2023-04-12 18:05:22.547]
04-12 18:05:22.551  1387  1652 D ar_activity: [[2d end] stroke time=2023-04-12 18:05:22.551]
04-12 18:05:22.568  1387  1652 D ar_activity: [Update ARCore frame time=2023-04-12 18:05:22.568]
04-12 18:05:22.570  1387  1652 D ar_activity: [[2d end] stroke time=2023-04-12 18:05:22.570]
04-12 18:05:22.588  1387  1652 D ar_activity: [Update ARCore frame time=2023-04-12 18:05:22.588]
04-12 18:05:22.592  1387  1652 D ar_activity: [[2d end] stroke time=2023-04-12 18:05:22.592]
04-12 18:05:22.610  1387  1652 D ar_activity: [Update ARCore frame time=2023-04-12 18:05:22.610]
04-12 18:05:22.612  1387  1652 D ar_activity: [[2d end] stroke time=2023-04-12 18:05:22.612]
04-12 18:05:22.629  1387  1652 D ar_activity: [Update ARCore frame time=2023-04-12 18:05:22.629]
04-12 18:05:22.632  1387  1652 D ar_activity: [[2d end] stroke time=2023-04-12 18:05:22.631]
04-12 18:05:22.649  1387  1652 D ar_activity: [Update ARCore frame time=2023-04-12 18:05:22.649]
04-12 18:05:22.654  1387  1652 D ar_activity: [[2d end] stroke time=2023-04-12 18:05:22.654]
04-12 18:05:22.673  1387  1652 D ar_activity: [Update ARCore frame time=2023-04-12 18:05:22.673]
04-12 18:05:22.675  1387  1652 D ar_activity: [[2d end] stroke time=2023-04-12 18:05:22.675]
04-12 18:05:22.695  1387  1652 D ar_activity: [Update ARCore frame time=2023-04-12 18:05:22.692]
04-12 18:05:22.699  1387  1652 D ar_activity: [[2d end] stroke time=2023-04-12 18:05:22.698]
04-12 18:05:22.719  1387  1652 D ar_activity: [Update ARCore frame time=2023-04-12 18:05:22.718]
04-12 18:05:22.721  1387  1652 D ar_activity: [[2d end] stroke time=2023-04-12 18:05:22.721]
04-12 18:05:22.739  1387  1652 D ar_activity: [Update ARCore frame time=2023-04-12 18:05:22.738]
04-12 18:05:22.742  1387  1652 D ar_activity: [[2d end] stroke time=2023-04-12 18:05:22.742]
04-12 18:05:22.759  1387  1652 D ar_activity: [Update ARCore frame time=2023-04-12 18:05:22.759]
04-12 18:05:22.762  1387  1652 D ar_activity: [[2d end] stroke time=2023-04-12 18:05:22.762]
04-12 18:05:22.779  1387  1652 D ar_activity: [Update ARCore frame time=2023-04-12 18:05:22.779]
04-12 18:05:22.781  1387  1652 D ar_activity: [[2d end] stroke time=2023-04-12 18:05:22.781]
04-12 18:05:22.799  1387  1652 D ar_activity: [Update ARCore frame time=2023-04-12 18:05:22.798]
04-12 18:05:22.801  1387  1652 D ar_activity: [[2d end] stroke time=2023-04-12 18:05:22.801]
04-12 18:05:22.818  1387  1652 D ar_activity: [Update ARCore frame time=2023-04-12 18:05:22.818]
04-12 18:05:22.821  1387  1652 D ar_activity: [[2d end] stroke time=2023-04-12 18:05:22.821]
04-12 18:05:22.838  1387  1652 D ar_activity: [Update ARCore frame time=2023-04-12 18:05:22.838]
04-12 18:05:22.842  1387  1652 D ar_activity: [[2d end] stroke time=2023-04-12 18:05:22.841]
04-12 18:05:22.859  1387  1652 D ar_activity: [Update ARCore frame time=2023-04-12 18:05:22.859]
04-12 18:05:22.863  1387  1652 D ar_activity: [[2d end] stroke time=2023-04-12 18:05:22.861]
04-12 18:05:22.880  1387  1652 D ar_activity: [Update ARCore frame time=2023-04-12 18:05:22.880]
04-12 18:05:22.882  1387  1652 D ar_activity: [[2d end] stroke time=2023-04-12 18:05:22.881]
04-12 18:05:22.899  1387  1652 D ar_activity: [Update ARCore frame time=2023-04-12 18:05:22.899]
04-12 18:05:22.901  1387  1652 D ar_activity: [[2d end] stroke time=2023-04-12 18:05:22.901]
04-12 18:05:22.919  1387  1652 D ar_activity: [Update ARCore frame time=2023-04-12 18:05:22.918]
04-12 18:05:22.924  1387  1652 D ar_activity: [[2d end] stroke time=2023-04-12 18:05:22.923]
04-12 18:05:22.943  1387  1652 D ar_activity: [Update ARCore frame time=2023-04-12 18:05:22.943]
04-12 18:05:22.946  1387  1652 D ar_activity: [[2d end] stroke time=2023-04-12 18:05:22.945]
04-12 18:05:22.963  1387  1652 D ar_activity: [Update ARCore frame time=2023-04-12 18:05:22.963]
04-12 18:05:22.969  1387  1652 D ar_activity: [[2d end] stroke time=2023-04-12 18:05:22.968]
04-12 18:05:22.986  1387  1652 D ar_activity: [Update ARCore frame time=2023-04-12 18:05:22.986]
04-12 18:05:22.988  1387  1652 D ar_activity: [[2d end] stroke time=2023-04-12 18:05:22.988]
04-12 18:05:23.008  1387  1652 D ar_activity: [Update ARCore frame time=2023-04-12 18:05:23.008]
04-12 18:05:23.012  1387  1652 D ar_activity: [[2d end] stroke time=2023-04-12 18:05:23.012]
04-12 18:05:23.030  1387  1652 D ar_activity: [Update ARCore frame time=2023-04-12 18:05:23.030]
04-12 18:05:23.032  1387  1652 D ar_activity: [[2d end] stroke time=2023-04-12 18:05:23.032]
04-12 18:05:23.050  1387  1652 D ar_activity: [Update ARCore frame time=2023-04-12 18:05:23.049]
04-12 18:05:23.053  1387  1652 D ar_activity: [[2d end] stroke time=2023-04-12 18:05:23.052]
04-12 18:05:23.070  1387  1652 D ar_activity: [Update ARCore frame time=2023-04-12 18:05:23.070]
04-12 18:05:23.073  1387  1652 D ar_activity: [[2d end] stroke time=2023-04-12 18:05:23.073]
04-12 18:05:23.093  1387  1652 D ar_activity: [Update ARCore frame time=2023-04-12 18:05:23.092]
04-12 18:05:23.095  1387  1652 D ar_activity: [[2d end] stroke time=2023-04-12 18:05:23.095]
04-12 18:05:23.112  1387  1652 D ar_activity: [Update ARCore frame time=2023-04-12 18:05:23.112]
04-12 18:05:23.114  1387  1652 D ar_activity: [[2d end] stroke time=2023-04-12 18:05:23.114]
04-12 18:05:23.131  1387  1652 D ar_activity: [Update ARCore frame time=2023-04-12 18:05:23.131]
04-12 18:05:23.134  1387  1652 D ar_activity: [[2d end] stroke time=2023-04-12 18:05:23.134]
04-12 18:05:23.154  1387  1652 D ar_activity: [Update ARCore frame time=2023-04-12 18:05:23.154]
04-12 18:05:23.164  1387  1652 D ar_activity: [[2d end] stroke time=2023-04-12 18:05:23.163]
04-12 18:05:23.183  1387  1652 D ar_activity: [Update ARCore frame time=2023-04-12 18:05:23.183]
04-12 18:05:23.187  1387  1652 D ar_activity: [[2d end] stroke time=2023-04-12 18:05:23.187]
04-12 18:05:23.204  1387  1652 D ar_activity: [Update ARCore frame time=2023-04-12 18:05:23.204]
04-12 18:05:23.207  1387  1652 D ar_activity: [[2d end] stroke time=2023-04-12 18:05:23.207]
04-12 18:05:23.226  1387  1652 D ar_activity: [Update ARCore frame time=2023-04-12 18:05:23.225]
04-12 18:05:23.232  1387  1652 D ar_activity: [[2d end] stroke time=2023-04-12 18:05:23.231]
04-12 18:05:23.251  1387  1652 D ar_activity: [Update ARCore frame time=2023-04-12 18:05:23.250]
04-12 18:05:23.255  1387  1652 D ar_activity: [[2d end] stroke time=2023-04-12 18:05:23.254]
04-12 18:05:23.277  1387  1652 D ar_activity: [Update ARCore frame time=2023-04-12 18:05:23.276]
04-12 18:05:23.280  1387  1652 D ar_activity: [[2d end] stroke time=2023-04-12 18:05:23.280]
04-12 18:05:23.299  1387  1652 D ar_activity: [Update ARCore frame time=2023-04-12 18:05:23.299]
04-12 18:05:23.308  1387  1652 D ar_activity: [[2d end] stroke time=2023-04-12 18:05:23.307]
04-12 18:05:23.329  1387  1652 D ar_activity: [Update ARCore frame time=2023-04-12 18:05:23.329]
04-12 18:05:23.331  1387  1652 D ar_activity: [[2d end] stroke time=2023-04-12 18:05:23.331]
04-12 18:05:23.349  1387  1652 D ar_activity: [Update ARCore frame time=2023-04-12 18:05:23.349]
04-12 18:05:23.353  1387  1652 D ar_activity: [[2d end] stroke time=2023-04-12 18:05:23.353]
04-12 18:05:23.370  1387  1652 D ar_activity: [Update ARCore frame time=2023-04-12 18:05:23.370]
