--------- beginning of main
04-07 15:17:31.841 11875 12020 D ar_activity: [Update ARCore frame time=2023-04-07 15:17:31.796]
04-07 15:17:31.911 11875 12020 D ar_activity: [[2d] after update lines time=2023-04-07 15:17:31.910]
04-07 15:17:31.931 11875 12020 D ar_activity: [Update ARCore frame time=2023-04-07 15:17:31.930]
04-07 15:17:32.015 11875 12020 D ar_activity: [Update ARCore frame time=2023-04-07 15:17:32.015]
04-07 15:17:32.099 11875 12020 D ar_activity: [Update ARCore frame time=2023-04-07 15:17:32.099]
04-07 15:17:32.184 11875 12020 D ar_activity: [Update ARCore frame time=2023-04-07 15:17:32.183]
04-07 15:17:32.268 11875 12020 D ar_activity: [Update ARCore frame time=2023-04-07 15:17:32.268]
04-07 15:17:32.324 11875 12020 D ar_activity: [Update ARCore frame time=2023-04-07 15:17:32.324]
04-07 15:17:32.364 11875 12020 D ar_activity: [Update ARCore frame time=2023-04-07 15:17:32.363]
04-07 15:17:32.397 11875 12020 D ar_activity: [Update ARCore frame time=2023-04-07 15:17:32.397]
04-07 15:17:32.424 11875 12020 D ar_activity: [Update ARCore frame time=2023-04-07 15:17:32.423]
04-07 15:17:32.453 11875 12020 D ar_activity: [Update ARCore frame time=2023-04-07 15:17:32.452]
04-07 15:17:32.481 11875 12020 D ar_activity: [Update ARCore frame time=2023-04-07 15:17:32.474]
04-07 15:17:32.513 11875 12020 D ar_activity: [Update ARCore frame time=2023-04-07 15:17:32.512]
04-07 15:17:32.532 11875 12020 D ar_activity: [Update ARCore frame time=2023-04-07 15:17:32.532]
04-07 15:17:32.551 11875 12020 D ar_activity: [Update ARCore frame time=2023-04-07 15:17:32.551]
04-07 15:17:32.571 11875 12020 D ar_activity: [Update ARCore frame time=2023-04-07 15:17:32.571]
04-07 15:17:32.590 11875 12020 D ar_activity: [Update ARCore frame time=2023-04-07 15:17:32.590]
04-07 15:17:32.617 11875 12020 D ar_activity: [Update ARCore frame time=2023-04-07 15:17:32.616]
04-07 15:17:32.639 11875 12020 D ar_activity: [Update ARCore frame time=2023-04-07 15:17:32.639]
04-07 15:17:32.661 11875 12020 D ar_activity: [Update ARCore frame time=2023-04-07 15:17:32.660]
04-07 15:17:32.713 11875 12020 D ar_activity: [Update ARCore frame time=2023-04-07 15:17:32.712]
04-07 15:17:32.731 11875 12020 D ar_activity: [Update ARCore frame time=2023-04-07 15:17:32.730]
04-07 15:17:32.750 11875 12020 D ar_activity: [Update ARCore frame time=2023-04-07 15:17:32.749]
04-07 15:17:32.778 11875 12020 D ar_activity: [Update ARCore frame time=2023-04-07 15:17:32.777]
04-07 15:17:32.808 11875 12020 D ar_activity: [[2d end] stroke time=2023-04-07 15:17:32.807]
04-07 15:17:32.829 11875 12020 D ar_activity: [Update ARCore frame time=2023-04-07 15:17:32.825]
04-07 15:17:32.851 11875 12020 D ar_activity: [[2d end] stroke time=2023-04-07 15:17:32.851]
04-07 15:17:32.869 11875 12020 D ar_activity: [Update ARCore frame time=2023-04-07 15:17:32.868]
04-07 15:17:32.926 11875 12020 D ar_activity: [[2d end] stroke time=2023-04-07 15:17:32.925]
04-07 15:17:32.943 11875 12020 D ar_activity: [Update ARCore frame time=2023-04-07 15:17:32.943]
04-07 15:17:32.966 11875 12020 D ar_activity: [[2d end] stroke time=2023-04-07 15:17:32.950]
04-07 15:17:32.984 11875 12020 D ar_activity: [Update ARCore frame time=2023-04-07 15:17:32.984]
04-07 15:17:32.986 11875 12020 D ar_activity: [[2d end] stroke time=2023-04-07 15:17:32.986]
04-07 15:17:33.003 11875 12020 D ar_activity: [Update ARCore frame time=2023-04-07 15:17:33.003]
04-07 15:17:33.007 11875 12020 D ar_activity: [[2d end] stroke time=2023-04-07 15:17:33.006]
04-07 15:17:33.027 11875 12020 D ar_activity: [Update ARCore frame time=2023-04-07 15:17:33.027]
04-07 15:17:33.030 11875 12020 D ar_activity: [[2d end] stroke time=2023-04-07 15:17:33.030]
04-07 15:17:33.049 11875 12020 D ar_activity: [Update ARCore frame time=2023-04-07 15:17:33.048]
04-07 15:17:33.051 11875 12020 D ar_activity: [[2d end] stroke time=2023-04-07 15:17:33.051]
04-07 15:17:33.068 11875 12020 D ar_activity: [Update ARCore frame time=2023-04-07 15:17:33.068]
04-07 15:17:33.070 11875 12020 D ar_activity: [[2d end] stroke time=2023-04-07 15:17:33.070]
04-07 15:17:33.087 11875 12020 D ar_activity: [Update ARCore frame time=2023-04-07 15:17:33.087]
04-07 15:17:33.090 11875 12020 D ar_activity: [[2d end] stroke time=2023-04-07 15:17:33.088]
04-07 15:17:33.107 11875 12020 D ar_activity: [Update ARCore frame time=2023-04-07 15:17:33.107]
04-07 15:17:33.108 11875 12020 D ar_activity: [[2d end] stroke time=2023-04-07 15:17:33.108]
04-07 15:17:33.130 11875 12020 D ar_activity: [Update ARCore frame time=2023-04-07 15:17:33.130]
04-07 15:17:33.132 11875 12020 D ar_activity: [[2d end] stroke time=2023-04-07 15:17:33.131]
04-07 15:17:33.149 11875 12020 D ar_activity: [Update ARCore frame time=2023-04-07 15:17:33.149]
04-07 15:17:33.151 11875 12020 D ar_activity: [[2d end] stroke time=2023-04-07 15:17:33.151]
04-07 15:17:33.168 11875 12020 D ar_activity: [Update ARCore frame time=2023-04-07 15:17:33.168]
04-07 15:17:33.170 11875 12020 D ar_activity: [[2d end] stroke time=2023-04-07 15:17:33.169]
04-07 15:17:33.187 11875 12020 D ar_activity: [Update ARCore frame time=2023-04-07 15:17:33.186]
04-07 15:17:33.189 11875 12020 D ar_activity: [[2d end] stroke time=2023-04-07 15:17:33.189]
04-07 15:17:33.206 11875 12020 D ar_activity: [Update ARCore frame time=2023-04-07 15:17:33.206]
04-07 15:17:33.207 11875 12020 D ar_activity: [[2d end] stroke time=2023-04-07 15:17:33.207]
04-07 15:17:33.225 11875 12020 D ar_activity: [Update ARCore frame time=2023-04-07 15:17:33.224]
04-07 15:17:33.227 11875 12020 D ar_activity: [[2d end] stroke time=2023-04-07 15:17:33.227]
04-07 15:17:33.246 11875 12020 D ar_activity: [Update ARCore frame time=2023-04-07 15:17:33.246]
04-07 15:17:33.248 11875 12020 D ar_activity: [[2d end] stroke time=2023-04-07 15:17:33.248]
04-07 15:17:33.266 11875 12020 D ar_activity: [Update ARCore frame time=2023-04-07 15:17:33.265]
04-07 15:17:33.268 11875 12020 D ar_activity: [[2d end] stroke time=2023-04-07 15:17:33.268]
04-07 15:17:33.286 11875 12020 D ar_activity: [Update ARCore frame time=2023-04-07 15:17:33.285]
04-07 15:17:33.294 11875 12020 D ar_activity: [[2d end] stroke time=2023-04-07 15:17:33.294]
04-07 15:17:33.313 11875 12020 D ar_activity: [Update ARCore frame time=2023-04-07 15:17:33.313]
04-07 15:17:33.316 11875 12020 D ar_activity: [[2d end] stroke time=2023-04-07 15:17:33.315]
04-07 15:17:33.333 11875 12020 D ar_activity: [Update ARCore frame time=2023-04-07 15:17:33.333]
04-07 15:17:33.335 11875 12020 D ar_activity: [[2d end] stroke time=2023-04-07 15:17:33.335]
04-07 15:17:33.352 11875 12020 D ar_activity: [Update ARCore frame time=2023-04-07 15:17:33.351]
04-07 15:17:33.353 11875 12020 D ar_activity: [[2d end] stroke time=2023-04-07 15:17:33.353]
04-07 15:17:33.372 11875 12020 D ar_activity: [Update ARCore frame time=2023-04-07 15:17:33.370]
04-07 15:17:33.373 11875 12020 D ar_activity: [[2d end] stroke time=2023-04-07 15:17:33.373]
04-07 15:17:33.390 11875 12020 D ar_activity: [Update ARCore frame time=2023-04-07 15:17:33.390]
04-07 15:17:33.392 11875 12020 D ar_activity: [[2d end] stroke time=2023-04-07 15:17:33.392]
04-07 15:17:33.409 11875 12020 D ar_activity: [Update ARCore frame time=2023-04-07 15:17:33.409]
04-07 15:17:33.411 11875 12020 D ar_activity: [[2d end] stroke time=2023-04-07 15:17:33.411]
04-07 15:17:33.430 11875 12020 D ar_activity: [Update ARCore frame time=2023-04-07 15:17:33.430]
04-07 15:17:33.432 11875 12020 D ar_activity: [[2d end] stroke time=2023-04-07 15:17:33.432]
04-07 15:17:33.449 11875 12020 D ar_activity: [Update ARCore frame time=2023-04-07 15:17:33.449]
04-07 15:17:33.451 11875 12020 D ar_activity: [[2d end] stroke time=2023-04-07 15:17:33.451]
04-07 15:17:33.468 11875 12020 D ar_activity: [Update ARCore frame time=2023-04-07 15:17:33.468]
04-07 15:17:33.469 11875 12020 D ar_activity: [[2d end] stroke time=2023-04-07 15:17:33.469]
04-07 15:17:33.487 11875 12020 D ar_activity: [Update ARCore frame time=2023-04-07 15:17:33.486]
04-07 15:17:33.488 11875 12020 D ar_activity: [[2d end] stroke time=2023-04-07 15:17:33.488]
04-07 15:17:33.505 11875 12020 D ar_activity: [Update ARCore frame time=2023-04-07 15:17:33.505]
04-07 15:17:33.507 11875 12020 D ar_activity: [[2d end] stroke time=2023-04-07 15:17:33.507]
04-07 15:17:33.525 11875 12020 D ar_activity: [Update ARCore frame time=2023-04-07 15:17:33.524]
04-07 15:17:33.526 11875 12020 D ar_activity: [[2d end] stroke time=2023-04-07 15:17:33.526]
04-07 15:17:33.544 11875 12020 D ar_activity: [Update ARCore frame time=2023-04-07 15:17:33.543]
04-07 15:17:33.548 11875 12020 D ar_activity: [[2d end] stroke time=2023-04-07 15:17:33.548]
04-07 15:17:33.565 11875 12020 D ar_activity: [Update ARCore frame time=2023-04-07 15:17:33.565]
04-07 15:17:33.567 11875 12020 D ar_activity: [[2d end] stroke time=2023-04-07 15:17:33.567]
04-07 15:17:33.584 11875 12020 D ar_activity: [Update ARCore frame time=2023-04-07 15:17:33.584]
04-07 15:17:33.587 11875 12020 D ar_activity: [[2d end] stroke time=2023-04-07 15:17:33.587]
04-07 15:17:33.605 11875 12020 D ar_activity: [Update ARCore frame time=2023-04-07 15:17:33.604]
04-07 15:17:33.607 11875 12020 D ar_activity: [[2d end] stroke time=2023-04-07 15:17:33.607]
04-07 15:17:33.625 11875 12020 D ar_activity: [Update ARCore frame time=2023-04-07 15:17:33.625]
04-07 15:17:33.626 11875 12020 D ar_activity: [[2d end] stroke time=2023-04-07 15:17:33.626]
04-07 15:17:33.649 11875 12020 D ar_activity: [Update ARCore frame time=2023-04-07 15:17:33.644]
04-07 15:17:33.650 11875 12020 D ar_activity: [[2d end] stroke time=2023-04-07 15:17:33.650]
04-07 15:17:33.667 11875 12020 D ar_activity: [Update ARCore frame time=2023-04-07 15:17:33.667]
04-07 15:17:33.669 11875 12020 D ar_activity: [[2d end] stroke time=2023-04-07 15:17:33.669]
04-07 15:17:33.687 11875 12020 D ar_activity: [Update ARCore frame time=2023-04-07 15:17:33.686]
04-07 15:17:33.691 11875 12020 D ar_activity: [[2d end] stroke time=2023-04-07 15:17:33.691]
04-07 15:17:33.709 11875 12020 D ar_activity: [Update ARCore frame time=2023-04-07 15:17:33.708]
04-07 15:17:33.710 11875 12020 D ar_activity: [[2d end] stroke time=2023-04-07 15:17:33.710]
04-07 15:17:33.729 11875 12020 D ar_activity: [Update ARCore frame time=2023-04-07 15:17:33.729]
04-07 15:17:33.731 11875 12020 D ar_activity: [[2d end] stroke time=2023-04-07 15:17:33.731]
04-07 15:17:33.748 11875 12020 D ar_activity: [Update ARCore frame time=2023-04-07 15:17:33.748]
04-07 15:17:33.750 11875 12020 D ar_activity: [[2d end] stroke time=2023-04-07 15:17:33.750]
04-07 15:17:33.767 11875 12020 D ar_activity: [Update ARCore frame time=2023-04-07 15:17:33.767]
04-07 15:17:33.770 11875 12020 D ar_activity: [[2d end] stroke time=2023-04-07 15:17:33.769]
04-07 15:17:33.787 11875 12020 D ar_activity: [Update ARCore frame time=2023-04-07 15:17:33.787]
04-07 15:17:33.789 11875 12020 D ar_activity: [[2d end] stroke time=2023-04-07 15:17:33.789]
04-07 15:17:33.806 11875 12020 D ar_activity: [Update ARCore frame time=2023-04-07 15:17:33.806]
04-07 15:17:33.808 11875 12020 D ar_activity: [[2d end] stroke time=2023-04-07 15:17:33.808]
04-07 15:17:33.825 11875 12020 D ar_activity: [Update ARCore frame time=2023-04-07 15:17:33.825]
04-07 15:17:33.827 11875 12020 D ar_activity: [[2d end] stroke time=2023-04-07 15:17:33.827]
04-07 15:17:33.845 11875 12020 D ar_activity: [Update ARCore frame time=2023-04-07 15:17:33.844]
04-07 15:17:33.849 11875 12020 D ar_activity: [[2d end] stroke time=2023-04-07 15:17:33.849]
04-07 15:17:33.867 11875 12020 D ar_activity: [Update ARCore frame time=2023-04-07 15:17:33.867]
04-07 15:17:33.869 11875 12020 D ar_activity: [[2d end] stroke time=2023-04-07 15:17:33.868]
04-07 15:17:33.885 11875 12020 D ar_activity: [Update ARCore frame time=2023-04-07 15:17:33.885]
04-07 15:17:33.889 11875 12020 D ar_activity: [[2d end] stroke time=2023-04-07 15:17:33.889]
04-07 15:17:33.906 11875 12020 D ar_activity: [Update ARCore frame time=2023-04-07 15:17:33.906]
04-07 15:17:33.908 11875 12020 D ar_activity: [[2d end] stroke time=2023-04-07 15:17:33.907]
04-07 15:17:33.925 11875 12020 D ar_activity: [Update ARCore frame time=2023-04-07 15:17:33.925]
04-07 15:17:33.926 11875 12020 D ar_activity: [[2d end] stroke time=2023-04-07 15:17:33.926]
04-07 15:17:33.944 11875 12020 D ar_activity: [Update ARCore frame time=2023-04-07 15:17:33.944]
04-07 15:17:33.948 11875 12020 D ar_activity: [[2d end] stroke time=2023-04-07 15:17:33.947]
04-07 15:17:33.966 11875 12020 D ar_activity: [Update ARCore frame time=2023-04-07 15:17:33.965]
04-07 15:17:33.970 11875 12020 D ar_activity: [[2d end] stroke time=2023-04-07 15:17:33.969]
04-07 15:17:33.993 11875 12020 D ar_activity: [Update ARCore frame time=2023-04-07 15:17:33.992]
04-07 15:17:33.994 11875 12020 D ar_activity: [[2d end] stroke time=2023-04-07 15:17:33.994]
04-07 15:17:34.011 11875 12020 D ar_activity: [Update ARCore frame time=2023-04-07 15:17:34.011]
04-07 15:17:34.015 11875 12020 D ar_activity: [[2d end] stroke time=2023-04-07 15:17:34.015]
04-07 15:17:34.033 11875 12020 D ar_activity: [Update ARCore frame time=2023-04-07 15:17:34.032]
04-07 15:17:34.036 11875 12020 D ar_activity: [[2d end] stroke time=2023-04-07 15:17:34.036]
04-07 15:17:34.057 11875 12020 D ar_activity: [Update ARCore frame time=2023-04-07 15:17:34.054]
04-07 15:17:34.060 11875 12020 D ar_activity: [[2d end] stroke time=2023-04-07 15:17:34.060]
04-07 15:17:34.081 11875 12020 D ar_activity: [Update ARCore frame time=2023-04-07 15:17:34.081]
04-07 15:17:34.083 11875 12020 D ar_activity: [[2d end] stroke time=2023-04-07 15:17:34.083]
04-07 15:17:34.100 11875 12020 D ar_activity: [Update ARCore frame time=2023-04-07 15:17:34.100]
04-07 15:17:34.102 11875 12020 D ar_activity: [[2d end] stroke time=2023-04-07 15:17:34.101]
04-07 15:17:34.119 11875 12020 D ar_activity: [Update ARCore frame time=2023-04-07 15:17:34.118]
04-07 15:17:34.120 11875 12020 D ar_activity: [[2d end] stroke time=2023-04-07 15:17:34.120]
04-07 15:17:34.137 11875 12020 D ar_activity: [Update ARCore frame time=2023-04-07 15:17:34.137]
04-07 15:17:34.140 11875 12020 D ar_activity: [[2d end] stroke time=2023-04-07 15:17:34.139]
04-07 15:17:34.157 11875 12020 D ar_activity: [Update ARCore frame time=2023-04-07 15:17:34.157]
04-07 15:17:34.159 11875 12020 D ar_activity: [[2d end] stroke time=2023-04-07 15:17:34.159]
04-07 15:17:34.176 11875 12020 D ar_activity: [Update ARCore frame time=2023-04-07 15:17:34.176]
04-07 15:17:34.182 11875 12020 D ar_activity: [[2d end] stroke time=2023-04-07 15:17:34.181]
04-07 15:17:34.200 11875 12020 D ar_activity: [Update ARCore frame time=2023-04-07 15:17:34.200]
04-07 15:17:34.202 11875 12020 D ar_activity: [[2d end] stroke time=2023-04-07 15:17:34.202]
04-07 15:17:34.219 11875 12020 D ar_activity: [Update ARCore frame time=2023-04-07 15:17:34.219]
04-07 15:17:34.221 11875 12020 D ar_activity: [[2d end] stroke time=2023-04-07 15:17:34.221]
04-07 15:17:34.239 11875 12020 D ar_activity: [Update ARCore frame time=2023-04-07 15:17:34.238]
04-07 15:17:34.241 11875 12020 D ar_activity: [[2d end] stroke time=2023-04-07 15:17:34.241]
04-07 15:17:34.258 11875 12020 D ar_activity: [Update ARCore frame time=2023-04-07 15:17:34.258]
04-07 15:17:34.260 11875 12020 D ar_activity: [[2d end] stroke time=2023-04-07 15:17:34.260]
04-07 15:17:34.280 11875 12020 D ar_activity: [Update ARCore frame time=2023-04-07 15:17:34.279]
04-07 15:17:34.287 11875 12020 D ar_activity: [[2d end] stroke time=2023-04-07 15:17:34.286]
04-07 15:17:34.308 11875 12020 D ar_activity: [Update ARCore frame time=2023-04-07 15:17:34.308]
04-07 15:17:34.310 11875 12020 D ar_activity: [[2d end] stroke time=2023-04-07 15:17:34.310]
04-07 15:17:34.328 11875 12020 D ar_activity: [Update ARCore frame time=2023-04-07 15:17:34.327]
04-07 15:17:34.334 11875 12020 D ar_activity: [[2d end] stroke time=2023-04-07 15:17:34.333]
04-07 15:17:34.351 11875 12020 D ar_activity: [Update ARCore frame time=2023-04-07 15:17:34.351]
04-07 15:17:34.364 11875 12020 D ar_activity: [[2d end] stroke time=2023-04-07 15:17:34.363]
04-07 15:17:34.382 11875 12020 D ar_activity: [Update ARCore frame time=2023-04-07 15:17:34.382]
04-07 15:17:34.384 11875 12020 D ar_activity: [[2d end] stroke time=2023-04-07 15:17:34.384]
04-07 15:17:34.401 11875 12020 D ar_activity: [Update ARCore frame time=2023-04-07 15:17:34.400]
04-07 15:17:34.402 11875 12020 D ar_activity: [[2d end] stroke time=2023-04-07 15:17:34.402]
04-07 15:17:34.424 11875 12020 D ar_activity: [Update ARCore frame time=2023-04-07 15:17:34.423]
04-07 15:17:34.425 11875 12020 D ar_activity: [[2d end] stroke time=2023-04-07 15:17:34.425]
04-07 15:17:34.442 11875 12020 D ar_activity: [Update ARCore frame time=2023-04-07 15:17:34.442]
04-07 15:17:34.444 11875 12020 D ar_activity: [[2d end] stroke time=2023-04-07 15:17:34.444]
04-07 15:17:34.465 11875 12020 D ar_activity: [Update ARCore frame time=2023-04-07 15:17:34.465]
04-07 15:17:34.467 11875 11875 D ar_activity: [--- pair start --- time=2023-04-07 15:17:34.466]
04-07 15:17:34.467 11875 12020 D ar_activity: [[2d end] stroke time=2023-04-07 15:17:34.467]
04-07 15:17:34.467 11875 11875 D ar_activity: [--- pair session start --- time=2023-04-07 15:17:34.467]
04-07 15:17:34.484 11875 12020 D ar_activity: [Update ARCore frame time=2023-04-07 15:17:34.484]
04-07 15:17:34.485 11875 12020 D ar_activity: [[2d end] stroke time=2023-04-07 15:17:34.485]
04-07 15:17:34.503 11875 12020 D ar_activity: [Update ARCore frame time=2023-04-07 15:17:34.503]
04-07 15:17:34.503 11875 11875 D ar_activity: [create room: Message{namespace='', type='', content=[34 bytes]} time=2023-04-07 15:17:34.503]
04-07 15:17:34.507 11875 12020 D ar_activity: [[2d end] stroke time=2023-04-07 15:17:34.506]
04-07 15:17:34.517 11875 11875 D ar_activity: LOOKING: 2023-04-07 15:17:34.516
04-07 15:17:34.526 11875 12020 D ar_activity: [Update ARCore frame time=2023-04-07 15:17:34.525]
04-07 15:17:34.538 11875 12020 D ar_activity: [[2d end] stroke time=2023-04-07 15:17:34.537]
04-07 15:17:34.558 11875 12020 D ar_activity: [Update ARCore frame time=2023-04-07 15:17:34.558]
04-07 15:17:34.560 11875 12020 D ar_activity: [[2d end] stroke time=2023-04-07 15:17:34.560]
04-07 15:17:34.581 11875 12020 D ar_activity: [Update ARCore frame time=2023-04-07 15:17:34.581]
04-07 15:17:34.583 11875 12020 D ar_activity: [[2d end] stroke time=2023-04-07 15:17:34.583]
04-07 15:17:34.600 11875 12020 D ar_activity: [Update ARCore frame time=2023-04-07 15:17:34.600]
04-07 15:17:34.603 11875 12020 D ar_activity: [[2d end] stroke time=2023-04-07 15:17:34.603]
04-07 15:17:34.622 11875 12020 D ar_activity: [Update ARCore frame time=2023-04-07 15:17:34.621]
04-07 15:17:34.626 11875 12020 D ar_activity: [[2d end] stroke time=2023-04-07 15:17:34.626]
04-07 15:17:34.648 11875 12020 D ar_activity: [Update ARCore frame time=2023-04-07 15:17:34.648]
04-07 15:17:34.650 11875 12020 D ar_activity: [[2d end] stroke time=2023-04-07 15:17:34.650]
04-07 15:17:34.667 11875 12020 D ar_activity: [Update ARCore frame time=2023-04-07 15:17:34.667]
04-07 15:17:34.669 11875 12020 D ar_activity: [[2d end] stroke time=2023-04-07 15:17:34.669]
04-07 15:17:34.687 11875 12020 D ar_activity: [Update ARCore frame time=2023-04-07 15:17:34.686]
04-07 15:17:34.689 11875 12020 D ar_activity: [[2d end] stroke time=2023-04-07 15:17:34.689]
04-07 15:17:34.706 11875 12020 D ar_activity: [Update ARCore frame time=2023-04-07 15:17:34.706]
04-07 15:17:34.708 11875 12020 D ar_activity: [[2d end] stroke time=2023-04-07 15:17:34.708]
04-07 15:17:34.725 11875 12020 D ar_activity: [Update ARCore frame time=2023-04-07 15:17:34.725]
04-07 15:17:34.727 11875 12020 D ar_activity: [[2d end] stroke time=2023-04-07 15:17:34.727]
04-07 15:17:34.744 11875 12020 D ar_activity: [Update ARCore frame time=2023-04-07 15:17:34.744]
04-07 15:17:34.746 11875 12020 D ar_activity: [[2d end] stroke time=2023-04-07 15:17:34.746]
04-07 15:17:34.765 11875 12020 D ar_activity: [Update ARCore frame time=2023-04-07 15:17:34.765]
04-07 15:17:34.769 11875 12020 D ar_activity: [[2d end] stroke time=2023-04-07 15:17:34.769]
04-07 15:17:34.789 11875 12020 D ar_activity: [Update ARCore frame time=2023-04-07 15:17:34.789]
04-07 15:17:34.794 11875 12020 D ar_activity: [[2d end] stroke time=2023-04-07 15:17:34.794]
04-07 15:17:34.811 11875 12020 D ar_activity: [Update ARCore frame time=2023-04-07 15:17:34.811]
04-07 15:17:34.817 11875 12020 D ar_activity: [[2d end] stroke time=2023-04-07 15:17:34.817]
04-07 15:17:34.835 11875 12020 D ar_activity: [Update ARCore frame time=2023-04-07 15:17:34.835]
04-07 15:17:34.836 11875 12020 D ar_activity: [[2d end] stroke time=2023-04-07 15:17:34.836]
04-07 15:17:34.854 11875 12020 D ar_activity: [Update ARCore frame time=2023-04-07 15:17:34.853]
04-07 15:17:34.856 11875 12020 D ar_activity: [[2d end] stroke time=2023-04-07 15:17:34.855]
04-07 15:17:34.877 11875 12020 D ar_activity: [Update ARCore frame time=2023-04-07 15:17:34.877]
04-07 15:17:34.883 11875 12020 D ar_activity: [[2d end] stroke time=2023-04-07 15:17:34.879]
04-07 15:17:34.901 11875 12020 D ar_activity: [Update ARCore frame time=2023-04-07 15:17:34.900]
04-07 15:17:34.903 11875 12020 D ar_activity: [[2d end] stroke time=2023-04-07 15:17:34.903]
04-07 15:17:34.921 11875 12020 D ar_activity: [Update ARCore frame time=2023-04-07 15:17:34.920]
04-07 15:17:34.935 11875 12020 D ar_activity: [[2d end] stroke time=2023-04-07 15:17:34.927]
04-07 15:17:34.955 11875 12020 D ar_activity: [Update ARCore frame time=2023-04-07 15:17:34.953]
04-07 15:17:34.962 11875 12020 D ar_activity: [[2d end] stroke time=2023-04-07 15:17:34.962]
04-07 15:17:34.991 11875 12020 D ar_activity: [Update ARCore frame time=2023-04-07 15:17:34.990]
04-07 15:17:34.993 11875 12020 D ar_activity: [[2d end] stroke time=2023-04-07 15:17:34.992]
04-07 15:17:35.010 11875 12020 D ar_activity: [Update ARCore frame time=2023-04-07 15:17:35.010]
04-07 15:17:35.012 11875 12020 D ar_activity: [[2d end] stroke time=2023-04-07 15:17:35.012]
04-07 15:17:35.030 11875 12020 D ar_activity: [Update ARCore frame time=2023-04-07 15:17:35.029]
04-07 15:17:35.036 11875 12020 D ar_activity: [[2d end] stroke time=2023-04-07 15:17:35.036]
04-07 15:17:35.054 11875 12020 D ar_activity: [Update ARCore frame time=2023-04-07 15:17:35.053]
04-07 15:17:35.057 11875 12020 D ar_activity: [[2d end] stroke time=2023-04-07 15:17:35.057]
04-07 15:17:35.074 11875 12020 D ar_activity: [Update ARCore frame time=2023-04-07 15:17:35.074]
04-07 15:17:35.082 11875 12020 D ar_activity: [[2d end] stroke time=2023-04-07 15:17:35.081]
04-07 15:17:35.105 11875 12020 D ar_activity: [Update ARCore frame time=2023-04-07 15:17:35.105]
04-07 15:17:35.108 11875 12020 D ar_activity: [[2d end] stroke time=2023-04-07 15:17:35.107]
04-07 15:17:35.137 11875 12020 D ar_activity: [Update ARCore frame time=2023-04-07 15:17:35.137]
04-07 15:17:35.140 11875 12020 D ar_activity: [[2d end] stroke time=2023-04-07 15:17:35.139]
04-07 15:17:35.158 11875 12020 D ar_activity: [Update ARCore frame time=2023-04-07 15:17:35.157]
04-07 15:17:35.159 11875 12020 D ar_activity: [[2d end] stroke time=2023-04-07 15:17:35.159]
04-07 15:17:35.176 11875 12020 D ar_activity: [Update ARCore frame time=2023-04-07 15:17:35.176]
04-07 15:17:35.179 11875 12020 D ar_activity: [[2d end] stroke time=2023-04-07 15:17:35.179]
04-07 15:17:35.202 11875 12020 D ar_activity: [Update ARCore frame time=2023-04-07 15:17:35.202]
04-07 15:17:35.210 11875 12020 D ar_activity: [[2d end] stroke time=2023-04-07 15:17:35.210]
04-07 15:17:35.228 11875 12020 D ar_activity: [Update ARCore frame time=2023-04-07 15:17:35.228]
04-07 15:17:35.232 11875 12020 D ar_activity: [[2d end] stroke time=2023-04-07 15:17:35.231]
04-07 15:17:35.252 11875 12020 D ar_activity: [Update ARCore frame time=2023-04-07 15:17:35.252]
04-07 15:17:35.260 11875 12020 D ar_activity: [[2d end] stroke time=2023-04-07 15:17:35.260]
04-07 15:17:35.283 11875 12020 D ar_activity: [Update ARCore frame time=2023-04-07 15:17:35.283]
04-07 15:17:35.294 11875 12020 D ar_activity: [[2d end] stroke time=2023-04-07 15:17:35.293]
04-07 15:17:35.317 11875 12020 D ar_activity: [Update ARCore frame time=2023-04-07 15:17:35.317]
04-07 15:17:35.325 11875 12020 D ar_activity: [[2d end] stroke time=2023-04-07 15:17:35.325]
04-07 15:17:35.344 11875 12020 D ar_activity: [Update ARCore frame time=2023-04-07 15:17:35.343]
04-07 15:17:35.353 11875 12020 D ar_activity: [[2d end] stroke time=2023-04-07 15:17:35.353]
04-07 15:17:35.371 11875 12020 D ar_activity: [Update ARCore frame time=2023-04-07 15:17:35.371]
04-07 15:17:35.373 11875 12020 D ar_activity: [[2d end] stroke time=2023-04-07 15:17:35.373]
04-07 15:17:35.390 11875 12020 D ar_activity: [Update ARCore frame time=2023-04-07 15:17:35.390]
04-07 15:17:35.392 11875 12020 D ar_activity: [[2d end] stroke time=2023-04-07 15:17:35.392]
04-07 15:17:35.410 11875 12020 D ar_activity: [Update ARCore frame time=2023-04-07 15:17:35.410]
04-07 15:17:35.412 11875 12020 D ar_activity: [[2d end] stroke time=2023-04-07 15:17:35.411]
04-07 15:17:35.429 11875 12020 D ar_activity: [Update ARCore frame time=2023-04-07 15:17:35.429]
04-07 15:17:35.433 11875 12020 D ar_activity: [[2d end] stroke time=2023-04-07 15:17:35.433]
04-07 15:17:35.450 11875 12020 D ar_activity: [Update ARCore frame time=2023-04-07 15:17:35.450]
04-07 15:17:35.452 11875 12020 D ar_activity: [[2d end] stroke time=2023-04-07 15:17:35.452]
04-07 15:17:35.471 11875 12020 D ar_activity: [Update ARCore frame time=2023-04-07 15:17:35.471]
04-07 15:17:35.473 11875 12020 D ar_activity: [[2d end] stroke time=2023-04-07 15:17:35.473]
04-07 15:17:35.490 11875 12020 D ar_activity: [Update ARCore frame time=2023-04-07 15:17:35.490]
04-07 15:17:35.493 11875 12020 D ar_activity: [[2d end] stroke time=2023-04-07 15:17:35.492]
04-07 15:17:35.511 11875 12020 D ar_activity: [Update ARCore frame time=2023-04-07 15:17:35.511]
04-07 15:17:35.513 11875 12020 D ar_activity: [[2d end] stroke time=2023-04-07 15:17:35.513]
04-07 15:17:35.533 11875 12020 D ar_activity: [Update ARCore frame time=2023-04-07 15:17:35.533]
04-07 15:17:35.535 11875 12020 D ar_activity: [[2d end] stroke time=2023-04-07 15:17:35.535]
04-07 15:17:35.553 11875 12020 D ar_activity: [Update ARCore frame time=2023-04-07 15:17:35.552]
04-07 15:17:35.554 11875 12020 D ar_activity: [[2d end] stroke time=2023-04-07 15:17:35.554]
04-07 15:17:35.572 11875 12020 D ar_activity: [Update ARCore frame time=2023-04-07 15:17:35.571]
04-07 15:17:35.574 11875 12020 D ar_activity: [[2d end] stroke time=2023-04-07 15:17:35.574]
04-07 15:17:35.593 11875 12020 D ar_activity: [Update ARCore frame time=2023-04-07 15:17:35.592]
04-07 15:17:35.595 11875 12020 D ar_activity: [[2d end] stroke time=2023-04-07 15:17:35.594]
04-07 15:17:35.612 11875 12020 D ar_activity: [Update ARCore frame time=2023-04-07 15:17:35.611]
04-07 15:17:35.614 11875 12020 D ar_activity: [[2d end] stroke time=2023-04-07 15:17:35.613]
04-07 15:17:35.634 11875 12020 D ar_activity: [Update ARCore frame time=2023-04-07 15:17:35.634]
04-07 15:17:35.644 11875 12020 D ar_activity: [[2d end] stroke time=2023-04-07 15:17:35.644]
04-07 15:17:35.661 11875 12020 D ar_activity: [Update ARCore frame time=2023-04-07 15:17:35.661]
04-07 15:17:35.669 11875 12020 D ar_activity: [[2d end] stroke time=2023-04-07 15:17:35.669]
04-07 15:17:35.686 11875 12020 D ar_activity: [Update ARCore frame time=2023-04-07 15:17:35.686]
04-07 15:17:35.688 11875 12020 D ar_activity: [[2d end] stroke time=2023-04-07 15:17:35.688]
04-07 15:17:35.706 11875 12020 D ar_activity: [Update ARCore frame time=2023-04-07 15:17:35.706]
04-07 15:17:35.711 11875 12020 D ar_activity: [[2d end] stroke time=2023-04-07 15:17:35.711]
04-07 15:17:35.734 11875 12020 D ar_activity: [Update ARCore frame time=2023-04-07 15:17:35.734]
04-07 15:17:35.738 11875 12020 D ar_activity: [[2d end] stroke time=2023-04-07 15:17:35.738]
04-07 15:17:35.756 11875 12020 D ar_activity: [Update ARCore frame time=2023-04-07 15:17:35.755]
04-07 15:17:35.776 11875 12020 D ar_activity: [[2d end] stroke time=2023-04-07 15:17:35.775]
04-07 15:17:35.794 11875 12020 D ar_activity: [Update ARCore frame time=2023-04-07 15:17:35.794]
04-07 15:17:35.799 11875 12020 D ar_activity: [[2d end] stroke time=2023-04-07 15:17:35.796]
04-07 15:17:35.818 11875 12020 D ar_activity: [Update ARCore frame time=2023-04-07 15:17:35.818]
04-07 15:17:35.820 11875 12020 D ar_activity: [[2d end] stroke time=2023-04-07 15:17:35.820]
04-07 15:17:35.837 11875 12020 D ar_activity: [Update ARCore frame time=2023-04-07 15:17:35.837]
04-07 15:17:35.839 11875 12020 D ar_activity: [[2d end] stroke time=2023-04-07 15:17:35.838]
04-07 15:17:35.856 11875 12020 D ar_activity: [Update ARCore frame time=2023-04-07 15:17:35.855]
04-07 15:17:35.857 11875 12020 D ar_activity: [[2d end] stroke time=2023-04-07 15:17:35.857]
04-07 15:17:35.876 11875 12020 D ar_activity: [Update ARCore frame time=2023-04-07 15:17:35.876]
04-07 15:17:35.880 11875 12020 D ar_activity: [[2d end] stroke time=2023-04-07 15:17:35.878]
04-07 15:17:35.900 11875 12020 D ar_activity: [Update ARCore frame time=2023-04-07 15:17:35.900]
04-07 15:17:35.902 11875 12020 D ar_activity: [[2d end] stroke time=2023-04-07 15:17:35.902]
04-07 15:17:35.919 11875 12020 D ar_activity: [Update ARCore frame time=2023-04-07 15:17:35.919]
04-07 15:17:35.921 11875 12020 D ar_activity: [[2d end] stroke time=2023-04-07 15:17:35.921]
04-07 15:17:35.938 11875 12020 D ar_activity: [Update ARCore frame time=2023-04-07 15:17:35.938]
04-07 15:17:35.944 11875 12020 D ar_activity: [[2d end] stroke time=2023-04-07 15:17:35.944]
04-07 15:17:35.962 11875 12020 D ar_activity: [Update ARCore frame time=2023-04-07 15:17:35.961]
04-07 15:17:35.964 11875 12020 D ar_activity: [[2d end] stroke time=2023-04-07 15:17:35.964]
04-07 15:17:35.982 11875 12020 D ar_activity: [Update ARCore frame time=2023-04-07 15:17:35.982]
04-07 15:17:35.987 11875 12020 D ar_activity: [[2d end] stroke time=2023-04-07 15:17:35.987]
04-07 15:17:36.004 11875 12020 D ar_activity: [Update ARCore frame time=2023-04-07 15:17:36.004]
04-07 15:17:36.006 11875 12020 D ar_activity: [[2d end] stroke time=2023-04-07 15:17:36.006]
04-07 15:17:36.023 11875 12020 D ar_activity: [Update ARCore frame time=2023-04-07 15:17:36.023]
04-07 15:17:36.025 11875 12020 D ar_activity: [[2d end] stroke time=2023-04-07 15:17:36.025]
04-07 15:17:36.043 11875 12020 D ar_activity: [Update ARCore frame time=2023-04-07 15:17:36.043]
04-07 15:17:36.045 11875 12020 D ar_activity: [[2d end] stroke time=2023-04-07 15:17:36.044]
04-07 15:17:36.062 11875 12020 D ar_activity: [Update ARCore frame time=2023-04-07 15:17:36.061]
04-07 15:17:36.064 11875 12020 D ar_activity: [[2d end] stroke time=2023-04-07 15:17:36.063]
04-07 15:17:36.083 11875 12020 D ar_activity: [Update ARCore frame time=2023-04-07 15:17:36.081]
04-07 15:17:36.090 11875 12020 D ar_activity: [[2d end] stroke time=2023-04-07 15:17:36.090]
04-07 15:17:36.110 11875 12020 D ar_activity: [Update ARCore frame time=2023-04-07 15:17:36.109]
04-07 15:17:36.119 11875 12020 D ar_activity: [[2d end] stroke time=2023-04-07 15:17:36.117]
04-07 15:17:36.149 11875 12020 D ar_activity: [Update ARCore frame time=2023-04-07 15:17:36.149]
04-07 15:17:36.157 11875 12020 D ar_activity: [[2d end] stroke time=2023-04-07 15:17:36.155]
04-07 15:17:36.174 11875 12020 D ar_activity: [Update ARCore frame time=2023-04-07 15:17:36.174]
04-07 15:17:36.176 11875 12020 D ar_activity: [[2d end] stroke time=2023-04-07 15:17:36.175]
04-07 15:17:36.202 11875 12020 D ar_activity: [Update ARCore frame time=2023-04-07 15:17:36.202]
04-07 15:17:36.204 11875 12020 D ar_activity: [[2d end] stroke time=2023-04-07 15:17:36.204]
04-07 15:17:36.221 11875 12020 D ar_activity: [Update ARCore frame time=2023-04-07 15:17:36.221]
04-07 15:17:36.223 11875 12020 D ar_activity: [[2d end] stroke time=2023-04-07 15:17:36.223]
04-07 15:17:36.250 11875 12020 D ar_activity: [Update ARCore frame time=2023-04-07 15:17:36.250]
04-07 15:17:36.259 11875 12020 D ar_activity: [[2d end] stroke time=2023-04-07 15:17:36.259]
04-07 15:17:36.278 11875 12020 D ar_activity: [Update ARCore frame time=2023-04-07 15:17:36.278]
04-07 15:17:36.281 11875 12020 D ar_activity: [[2d end] stroke time=2023-04-07 15:17:36.281]
04-07 15:17:36.300 11875 12020 D ar_activity: [Update ARCore frame time=2023-04-07 15:17:36.300]
04-07 15:17:36.302 11875 12020 D ar_activity: [[2d end] stroke time=2023-04-07 15:17:36.302]
04-07 15:17:36.321 11875 12020 D ar_activity: [Update ARCore frame time=2023-04-07 15:17:36.321]
04-07 15:17:36.326 11875 12020 D ar_activity: [[2d end] stroke time=2023-04-07 15:17:36.325]
04-07 15:17:36.373 11875 12020 D ar_activity: [Update ARCore frame time=2023-04-07 15:17:36.373]
04-07 15:17:36.375 11875 12020 D ar_activity: [[2d end] stroke time=2023-04-07 15:17:36.375]
04-07 15:17:36.395 11875 12020 D ar_activity: [Update ARCore frame time=2023-04-07 15:17:36.395]
04-07 15:17:36.397 11875 12020 D ar_activity: [[2d end] stroke time=2023-04-07 15:17:36.396]
04-07 15:17:36.414 11875 12020 D ar_activity: [Update ARCore frame time=2023-04-07 15:17:36.414]
04-07 15:17:36.423 11875 12020 D ar_activity: [[2d end] stroke time=2023-04-07 15:17:36.416]
04-07 15:17:36.441 11875 12020 D ar_activity: [Update ARCore frame time=2023-04-07 15:17:36.441]
04-07 15:17:36.447 11875 11875 D ar_activity: [joinRoom: -NSS8kfXqZQ7ESSBQ6vF time=2023-04-07 15:17:36.447]
04-07 15:17:36.448 11875 12020 D ar_activity: [[2d end] stroke time=2023-04-07 15:17:36.447]
04-07 15:17:36.489 11875 12020 D ar_activity: [Update ARCore frame time=2023-04-07 15:17:36.486]
04-07 15:17:36.502 11875 12020 D ar_activity: [[2d end] stroke time=2023-04-07 15:17:36.501]
04-07 15:17:36.528 11875 12020 D ar_activity: [Update ARCore frame time=2023-04-07 15:17:36.527]
04-07 15:17:36.530 11875 12020 D ar_activity: [[2d end] stroke time=2023-04-07 15:17:36.530]
04-07 15:17:36.548 11875 12020 D ar_activity: [Update ARCore frame time=2023-04-07 15:17:36.548]
04-07 15:17:36.553 11875 12020 D ar_activity: [[2d end] stroke time=2023-04-07 15:17:36.552]
04-07 15:17:36.571 11875 12020 D ar_activity: [Update ARCore frame time=2023-04-07 15:17:36.571]
04-07 15:17:36.594 11875 12020 D ar_activity: [[2d end] stroke time=2023-04-07 15:17:36.593]
04-07 15:17:36.596 11875 11875 D ar_activity: [--- pair joined --- time=2023-04-07 15:17:36.596]
04-07 15:17:36.605 11875 11875 D ar_activity: PARTNER FOUND: 2023-04-07 15:17:36.605
04-07 15:17:36.620 11875 12020 D ar_activity: [Update ARCore frame time=2023-04-07 15:17:36.618]
04-07 15:17:36.626 11875 12020 D ar_activity: [[2d end] stroke time=2023-04-07 15:17:36.625]
04-07 15:17:36.648 11875 12020 D ar_activity: [Update ARCore frame time=2023-04-07 15:17:36.648]
04-07 15:17:36.659 11875 12020 D ar_activity: [[2d end] stroke time=2023-04-07 15:17:36.656]
04-07 15:17:36.680 11875 12020 D ar_activity: [Update ARCore frame time=2023-04-07 15:17:36.680]
04-07 15:17:36.682 11875 12020 D ar_activity: [[2d end] stroke time=2023-04-07 15:17:36.682]
04-07 15:17:36.702 11875 12020 D ar_activity: [Update ARCore frame time=2023-04-07 15:17:36.701]
04-07 15:17:36.705 11875 12020 D ar_activity: [[2d end] stroke time=2023-04-07 15:17:36.703]
04-07 15:17:36.722 11875 12020 D ar_activity: [Update ARCore frame time=2023-04-07 15:17:36.722]
04-07 15:17:36.729 11875 12020 D ar_activity: [[2d end] stroke time=2023-04-07 15:17:36.729]
04-07 15:17:36.746 11875 12020 D ar_activity: [Update ARCore frame time=2023-04-07 15:17:36.746]
04-07 15:17:36.758 11875 12020 D ar_activity: [[2d end] stroke time=2023-04-07 15:17:36.756]
04-07 15:17:36.781 11875 12020 D ar_activity: [Update ARCore frame time=2023-04-07 15:17:36.776]
04-07 15:17:36.794 11875 12020 D ar_activity: [[2d end] stroke time=2023-04-07 15:17:36.793]
04-07 15:17:36.814 11875 12020 D ar_activity: [Update ARCore frame time=2023-04-07 15:17:36.814]
04-07 15:17:36.816 11875 12020 D ar_activity: [[2d end] stroke time=2023-04-07 15:17:36.816]
04-07 15:17:36.834 11875 12020 D ar_activity: [Update ARCore frame time=2023-04-07 15:17:36.834]
04-07 15:17:36.837 11875 12020 D ar_activity: [[2d end] stroke time=2023-04-07 15:17:36.836]
04-07 15:17:36.854 11875 12020 D ar_activity: [Update ARCore frame time=2023-04-07 15:17:36.854]
04-07 15:17:36.856 11875 12020 D ar_activity: [[2d end] stroke time=2023-04-07 15:17:36.856]
04-07 15:17:36.876 11875 12020 D ar_activity: [Update ARCore frame time=2023-04-07 15:17:36.875]
04-07 15:17:36.879 11875 12020 D ar_activity: [[2d end] stroke time=2023-04-07 15:17:36.877]
04-07 15:17:36.896 11875 12020 D ar_activity: [Update ARCore frame time=2023-04-07 15:17:36.896]
04-07 15:17:36.898 11875 12020 D ar_activity: [[2d end] stroke time=2023-04-07 15:17:36.898]
04-07 15:17:36.915 11875 12020 D ar_activity: [Update ARCore frame time=2023-04-07 15:17:36.915]
04-07 15:17:36.920 11875 12020 D ar_activity: [[2d end] stroke time=2023-04-07 15:17:36.920]
04-07 15:17:36.937 11875 12020 D ar_activity: [Update ARCore frame time=2023-04-07 15:17:36.937]
04-07 15:17:36.939 11875 12020 D ar_activity: [[2d end] stroke time=2023-04-07 15:17:36.939]
04-07 15:17:36.956 11875 12020 D ar_activity: [Update ARCore frame time=2023-04-07 15:17:36.956]
04-07 15:17:36.958 11875 12020 D ar_activity: [[2d end] stroke time=2023-04-07 15:17:36.958]
04-07 15:17:36.975 11875 12020 D ar_activity: [Update ARCore frame time=2023-04-07 15:17:36.975]
04-07 15:17:36.977 11875 12020 D ar_activity: [[2d end] stroke time=2023-04-07 15:17:36.977]
04-07 15:17:36.994 11875 12020 D ar_activity: [Update ARCore frame time=2023-04-07 15:17:36.994]
04-07 15:17:36.997 11875 12020 D ar_activity: [[2d end] stroke time=2023-04-07 15:17:36.997]
04-07 15:17:37.014 11875 12020 D ar_activity: [Update ARCore frame time=2023-04-07 15:17:37.014]
04-07 15:17:37.015 11875 12020 D ar_activity: [[2d end] stroke time=2023-04-07 15:17:37.015]
04-07 15:17:37.032 11875 12020 D ar_activity: [Update ARCore frame time=2023-04-07 15:17:37.032]
04-07 15:17:37.034 11875 12020 D ar_activity: [[2d end] stroke time=2023-04-07 15:17:37.034]
04-07 15:17:37.053 11875 12020 D ar_activity: [Update ARCore frame time=2023-04-07 15:17:37.051]
04-07 15:17:37.055 11875 12020 D ar_activity: [[2d end] stroke time=2023-04-07 15:17:37.055]
04-07 15:17:37.073 11875 12020 D ar_activity: [Update ARCore frame time=2023-04-07 15:17:37.073]
04-07 15:17:37.075 11875 12020 D ar_activity: [[2d end] stroke time=2023-04-07 15:17:37.075]
04-07 15:17:37.093 11875 12020 D ar_activity: [Update ARCore frame time=2023-04-07 15:17:37.092]
04-07 15:17:37.101 11875 12020 D ar_activity: [[2d end] stroke time=2023-04-07 15:17:37.099]
04-07 15:17:37.120 11875 12020 D ar_activity: [Update ARCore frame time=2023-04-07 15:17:37.120]
04-07 15:17:37.125 11875 12020 D ar_activity: [[2d end] stroke time=2023-04-07 15:17:37.125]
04-07 15:17:37.143 11875 12020 D ar_activity: [Update ARCore frame time=2023-04-07 15:17:37.143]
04-07 15:17:37.145 11875 12020 D ar_activity: [[2d end] stroke time=2023-04-07 15:17:37.144]
04-07 15:17:37.162 11875 12020 D ar_activity: [Update ARCore frame time=2023-04-07 15:17:37.162]
04-07 15:17:37.164 11875 12020 D ar_activity: [[2d end] stroke time=2023-04-07 15:17:37.163]
04-07 15:17:37.181 11875 12020 D ar_activity: [Update ARCore frame time=2023-04-07 15:17:37.180]
04-07 15:17:37.182 11875 12020 D ar_activity: [[2d end] stroke time=2023-04-07 15:17:37.182]
04-07 15:17:37.199 11875 12020 D ar_activity: [Update ARCore frame time=2023-04-07 15:17:37.199]
04-07 15:17:37.201 11875 12020 D ar_activity: [[2d end] stroke time=2023-04-07 15:17:37.200]
04-07 15:17:37.220 11875 12020 D ar_activity: [Update ARCore frame time=2023-04-07 15:17:37.218]
04-07 15:17:37.224 11875 12020 D ar_activity: [[2d end] stroke time=2023-04-07 15:17:37.224]
04-07 15:17:37.243 11875 12020 D ar_activity: [Update ARCore frame time=2023-04-07 15:17:37.242]
04-07 15:17:37.246 11875 12020 D ar_activity: [[2d end] stroke time=2023-04-07 15:17:37.246]
04-07 15:17:37.263 11875 12020 D ar_activity: [Update ARCore frame time=2023-04-07 15:17:37.263]
04-07 15:17:37.265 11875 12020 D ar_activity: [[2d end] stroke time=2023-04-07 15:17:37.264]
04-07 15:17:37.282 11875 12020 D ar_activity: [Update ARCore frame time=2023-04-07 15:17:37.281]
04-07 15:17:37.283 11875 12020 D ar_activity: [[2d end] stroke time=2023-04-07 15:17:37.283]
04-07 15:17:37.302 11875 12020 D ar_activity: [Update ARCore frame time=2023-04-07 15:17:37.302]
04-07 15:17:37.304 11875 12020 D ar_activity: [[2d end] stroke time=2023-04-07 15:17:37.304]
04-07 15:17:37.321 11875 12020 D ar_activity: [Update ARCore frame time=2023-04-07 15:17:37.321]
04-07 15:17:37.323 11875 12020 D ar_activity: [[2d end] stroke time=2023-04-07 15:17:37.323]
04-07 15:17:37.341 11875 12020 D ar_activity: [Update ARCore frame time=2023-04-07 15:17:37.340]
04-07 15:17:37.343 11875 12020 D ar_activity: [[2d end] stroke time=2023-04-07 15:17:37.343]
04-07 15:17:37.361 11875 12020 D ar_activity: [Update ARCore frame time=2023-04-07 15:17:37.360]
04-07 15:17:37.365 11875 12020 D ar_activity: [[2d end] stroke time=2023-04-07 15:17:37.364]
04-07 15:17:37.382 11875 12020 D ar_activity: [Update ARCore frame time=2023-04-07 15:17:37.381]
04-07 15:17:37.390 11875 12020 D ar_activity: [[2d end] stroke time=2023-04-07 15:17:37.389]
04-07 15:17:37.411 11875 12020 D ar_activity: [Update ARCore frame time=2023-04-07 15:17:37.409]
04-07 15:17:37.416 11875 12020 D ar_activity: [[2d end] stroke time=2023-04-07 15:17:37.415]
04-07 15:17:37.441 11875 12020 D ar_activity: [Update ARCore frame time=2023-04-07 15:17:37.440]
04-07 15:17:37.445 11875 12020 D ar_activity: [[2d end] stroke time=2023-04-07 15:17:37.444]
04-07 15:17:37.464 11875 12020 D ar_activity: [Update ARCore frame time=2023-04-07 15:17:37.463]
04-07 15:17:37.466 11875 12020 D ar_activity: [[2d end] stroke time=2023-04-07 15:17:37.465]
04-07 15:17:37.483 11875 12020 D ar_activity: [Update ARCore frame time=2023-04-07 15:17:37.483]
04-07 15:17:37.485 11875 12020 D ar_activity: [[2d end] stroke time=2023-04-07 15:17:37.485]
04-07 15:17:37.506 11875 12020 D ar_activity: [Update ARCore frame time=2023-04-07 15:17:37.506]
04-07 15:17:37.508 11875 12020 D ar_activity: [[2d end] stroke time=2023-04-07 15:17:37.508]
04-07 15:17:37.526 11875 12020 D ar_activity: [Update ARCore frame time=2023-04-07 15:17:37.525]
04-07 15:17:37.531 11875 12020 D ar_activity: [[2d end] stroke time=2023-04-07 15:17:37.531]
04-07 15:17:37.550 11875 12020 D ar_activity: [Update ARCore frame time=2023-04-07 15:17:37.550]
04-07 15:17:37.554 11875 12020 D ar_activity: [[2d end] stroke time=2023-04-07 15:17:37.552]
04-07 15:17:37.572 11875 12020 D ar_activity: [Update ARCore frame time=2023-04-07 15:17:37.572]
04-07 15:17:37.574 11875 12020 D ar_activity: [[2d end] stroke time=2023-04-07 15:17:37.574]
04-07 15:17:37.592 11875 12020 D ar_activity: [Update ARCore frame time=2023-04-07 15:17:37.591]
04-07 15:17:37.597 11875 12020 D ar_activity: [[2d end] stroke time=2023-04-07 15:17:37.596]
04-07 15:17:37.614 11875 12020 D ar_activity: [Update ARCore frame time=2023-04-07 15:17:37.614]
04-07 15:17:37.616 11875 12020 D ar_activity: [[2d end] stroke time=2023-04-07 15:17:37.616]
04-07 15:17:37.633 11875 12020 D ar_activity: [Update ARCore frame time=2023-04-07 15:17:37.633]
04-07 15:17:37.635 11875 12020 D ar_activity: [[2d end] stroke time=2023-04-07 15:17:37.635]
04-07 15:17:37.653 11875 12020 D ar_activity: [Update ARCore frame time=2023-04-07 15:17:37.652]
04-07 15:17:37.659 11875 12020 D ar_activity: [[2d end] stroke time=2023-04-07 15:17:37.659]
04-07 15:17:37.677 11875 12020 D ar_activity: [Update ARCore frame time=2023-04-07 15:17:37.677]
04-07 15:17:37.679 11875 12020 D ar_activity: [[2d end] stroke time=2023-04-07 15:17:37.678]
04-07 15:17:37.696 11875 12020 D ar_activity: [Update ARCore frame time=2023-04-07 15:17:37.696]
04-07 15:17:37.702 11875 12020 D ar_activity: [[2d end] stroke time=2023-04-07 15:17:37.701]
04-07 15:17:37.725 11875 12020 D ar_activity: [Update ARCore frame time=2023-04-07 15:17:37.722]
04-07 15:17:37.733 11875 12020 D ar_activity: [[2d end] stroke time=2023-04-07 15:17:37.728]
04-07 15:17:37.756 11875 12020 D ar_activity: [Update ARCore frame time=2023-04-07 15:17:37.755]
04-07 15:17:37.758 11875 12020 D ar_activity: [[2d end] stroke time=2023-04-07 15:17:37.757]
04-07 15:17:37.775 11875 12020 D ar_activity: [Update ARCore frame time=2023-04-07 15:17:37.775]
04-07 15:17:37.777 11875 12020 D ar_activity: [[2d end] stroke time=2023-04-07 15:17:37.777]
04-07 15:17:37.794 11875 12020 D ar_activity: [Update ARCore frame time=2023-04-07 15:17:37.794]
04-07 15:17:37.798 11875 12020 D ar_activity: [[2d end] stroke time=2023-04-07 15:17:37.797]
04-07 15:17:37.815 11875 12020 D ar_activity: [Update ARCore frame time=2023-04-07 15:17:37.814]
04-07 15:17:37.817 11875 12020 D ar_activity: [[2d end] stroke time=2023-04-07 15:17:37.816]
04-07 15:17:37.834 11875 12020 D ar_activity: [Update ARCore frame time=2023-04-07 15:17:37.834]
04-07 15:17:37.843 11875 12020 D ar_activity: [[2d end] stroke time=2023-04-07 15:17:37.842]
04-07 15:17:37.860 11875 12020 D ar_activity: [Update ARCore frame time=2023-04-07 15:17:37.859]
04-07 15:17:37.861 11875 12020 D ar_activity: [[2d end] stroke time=2023-04-07 15:17:37.861]
04-07 15:17:37.880 11875 12020 D ar_activity: [Update ARCore frame time=2023-04-07 15:17:37.880]
04-07 15:17:37.882 11875 12020 D ar_activity: [[2d end] stroke time=2023-04-07 15:17:37.881]
04-07 15:17:37.899 11875 12020 D ar_activity: [Update ARCore frame time=2023-04-07 15:17:37.899]
04-07 15:17:37.902 11875 12020 D ar_activity: [[2d end] stroke time=2023-04-07 15:17:37.901]
04-07 15:17:37.921 11875 12020 D ar_activity: [Update ARCore frame time=2023-04-07 15:17:37.919]
04-07 15:17:37.923 11875 12020 D ar_activity: [[2d end] stroke time=2023-04-07 15:17:37.923]
04-07 15:17:37.941 11875 12020 D ar_activity: [Update ARCore frame time=2023-04-07 15:17:37.940]
04-07 15:17:37.951 11875 12020 D ar_activity: [[2d end] stroke time=2023-04-07 15:17:37.950]
04-07 15:17:37.975 11875 12020 D ar_activity: [Update ARCore frame time=2023-04-07 15:17:37.975]
04-07 15:17:37.977 11875 12020 D ar_activity: [[2d end] stroke time=2023-04-07 15:17:37.977]
04-07 15:17:37.995 11875 12020 D ar_activity: [Update ARCore frame time=2023-04-07 15:17:37.994]
04-07 15:17:37.998 11875 12020 D ar_activity: [[2d end] stroke time=2023-04-07 15:17:37.998]
04-07 15:17:38.015 11875 12020 D ar_activity: [Update ARCore frame time=2023-04-07 15:17:38.015]
04-07 15:17:38.018 11875 12020 D ar_activity: [[2d end] stroke time=2023-04-07 15:17:38.017]
04-07 15:17:38.039 11875 12020 D ar_activity: [Update ARCore frame time=2023-04-07 15:17:38.039]
04-07 15:17:38.042 11875 12020 D ar_activity: [[2d end] stroke time=2023-04-07 15:17:38.042]
04-07 15:17:38.059 11875 12020 D ar_activity: [Update ARCore frame time=2023-04-07 15:17:38.059]
04-07 15:17:38.061 11875 12020 D ar_activity: [[2d end] stroke time=2023-04-07 15:17:38.061]
04-07 15:17:38.079 11875 12020 D ar_activity: [Update ARCore frame time=2023-04-07 15:17:38.078]
04-07 15:17:38.086 11875 12020 D ar_activity: [[2d end] stroke time=2023-04-07 15:17:38.084]
04-07 15:17:38.109 11875 12020 D ar_activity: [Update ARCore frame time=2023-04-07 15:17:38.109]
04-07 15:17:38.111 11875 12020 D ar_activity: [[2d end] stroke time=2023-04-07 15:17:38.111]
04-07 15:17:38.130 11875 12020 D ar_activity: [Update ARCore frame time=2023-04-07 15:17:38.128]
04-07 15:17:38.134 11875 12020 D ar_activity: [[2d end] stroke time=2023-04-07 15:17:38.133]
04-07 15:17:38.157 11875 12020 D ar_activity: [Update ARCore frame time=2023-04-07 15:17:38.156]
04-07 15:17:38.159 11875 12020 D ar_activity: [[2d end] stroke time=2023-04-07 15:17:38.158]
04-07 15:17:38.176 11875 12020 D ar_activity: [Update ARCore frame time=2023-04-07 15:17:38.175]
04-07 15:17:38.177 11875 12020 D ar_activity: [[2d end] stroke time=2023-04-07 15:17:38.177]
04-07 15:17:38.196 11875 12020 D ar_activity: [Update ARCore frame time=2023-04-07 15:17:38.195]
04-07 15:17:38.199 11875 12020 D ar_activity: [[2d end] stroke time=2023-04-07 15:17:38.199]
04-07 15:17:38.218 11875 12020 D ar_activity: [Update ARCore frame time=2023-04-07 15:17:38.217]
04-07 15:17:38.222 11875 12020 D ar_activity: [[2d end] stroke time=2023-04-07 15:17:38.219]
04-07 15:17:38.240 11875 12020 D ar_activity: [Update ARCore frame time=2023-04-07 15:17:38.240]
04-07 15:17:38.241 11875 12020 D ar_activity: [[2d end] stroke time=2023-04-07 15:17:38.241]
04-07 15:17:38.258 11875 12020 D ar_activity: [Update ARCore frame time=2023-04-07 15:17:38.258]
04-07 15:17:38.264 11875 12020 D ar_activity: [[2d end] stroke time=2023-04-07 15:17:38.261]
04-07 15:17:38.282 11875 12020 D ar_activity: [Update ARCore frame time=2023-04-07 15:17:38.282]
04-07 15:17:38.290 11875 12020 D ar_activity: [[2d end] stroke time=2023-04-07 15:17:38.290]
04-07 15:17:38.308 11875 12020 D ar_activity: [Update ARCore frame time=2023-04-07 15:17:38.308]
04-07 15:17:38.311 11875 12020 D ar_activity: [[2d end] stroke time=2023-04-07 15:17:38.310]
04-07 15:17:38.332 11875 12020 D ar_activity: [Update ARCore frame time=2023-04-07 15:17:38.332]
04-07 15:17:38.350 11875 12020 D ar_activity: [[2d end] stroke time=2023-04-07 15:17:38.349]
04-07 15:17:38.367 11875 12020 D ar_activity: [Update ARCore frame time=2023-04-07 15:17:38.367]
04-07 15:17:38.369 11875 12020 D ar_activity: [[2d end] stroke time=2023-04-07 15:17:38.369]
04-07 15:17:38.400 11875 12020 D ar_activity: [Update ARCore frame time=2023-04-07 15:17:38.397]
04-07 15:17:38.413 11875 12020 D ar_activity: [[2d end] stroke time=2023-04-07 15:17:38.413]
04-07 15:17:38.433 11875 12020 D ar_activity: [Update ARCore frame time=2023-04-07 15:17:38.432]
04-07 15:17:38.444 11875 12020 D ar_activity: [[2d end] stroke time=2023-04-07 15:17:38.443]
04-07 15:17:38.468 11875 12020 D ar_activity: [Update ARCore frame time=2023-04-07 15:17:38.467]
04-07 15:17:38.471 11875 12020 D ar_activity: [[2d end] stroke time=2023-04-07 15:17:38.471]
