--------- beginning of main
04-22 01:53:39.505  8762  8915 D ar_activity: [[2d] after update lines time=2023-04-22 01:53:39.446]
04-22 01:53:42.361  8762  8762 D ar_activity: [--- pair start --- time=2023-04-22 01:53:42.361]
04-22 01:53:42.361  8762  8762 D ar_activity: [--- pair session start --- time=2023-04-22 01:53:42.361]
04-22 01:53:42.386  8762  8762 D ar_activity: [create room: Message{namespace='', type='', content=[34 bytes]} time=2023-04-22 01:53:42.386]
04-22 01:53:42.397  8762  8762 D ar_activity: LOOKING: 2023-04-22 01:53:42.397
04-22 01:53:44.911  8762  8762 D ar_activity: [joinRoom: -NTbWbgq_R_LCn3gNdGF time=2023-04-22 01:53:44.911]
04-22 01:53:45.002  8762  8762 D ar_activity: [--- pair joined --- time=2023-04-22 01:53:45.002]
04-22 01:53:45.012  8762  8762 D ar_activity: PARTNER FOUND: 2023-04-22 01:53:45.011
04-22 01:53:47.021  8762  8762 D ar_activity: SET ANCHOR: 2023-04-22 01:53:47.020
04-22 01:53:48.255  8762  8762 D ar_activity: [anchor resolution changed: null time=2023-04-22 01:53:48.254]
04-22 01:53:48.265  8762  8762 D ar_activity: [--- sync ready to set anchor --- time=2023-04-22 01:53:48.264]
04-22 01:53:48.265  8762  8762 D ar_activity: Start CONNECTING: 2023-04-22 01:53:48.265
04-22 01:53:51.814  8762  8762 D ar_activity: [anchor resolution changed: true time=2023-04-22 01:53:51.813]
04-22 01:53:51.817  8762  8762 D ar_activity: [onAnchorResolutionError: null time=2023-04-22 01:53:51.817]
04-22 01:53:53.102  8762  8762 D ar_activity: SET ANCHOR: 2023-04-22 01:53:53.102
04-22 01:53:54.214  8762  8762 D ar_activity: [anchor resolution changed: null time=2023-04-22 01:53:54.214]
04-22 01:53:54.256  8762  8762 D ar_activity: [--- sync ready to set anchor --- time=2023-04-22 01:53:54.256]
04-22 01:53:54.256  8762  8762 D ar_activity: Start CONNECTING: 2023-04-22 01:53:54.256
04-22 01:53:57.943  8762  8762 D ar_activity: [anchor resolution changed: true time=2023-04-22 01:53:57.943]
04-22 01:53:57.946  8762  8762 D ar_activity: [onAnchorResolutionError: null time=2023-04-22 01:53:57.945]
04-22 01:53:59.147  8762  8762 D ar_activity: SET ANCHOR: 2023-04-22 01:53:59.146
04-22 01:54:00.119  8762  8762 D ar_activity: [anchor resolution changed: null time=2023-04-22 01:54:00.119]
04-22 01:54:00.590  8762  8762 D ar_activity: [--- sync ready to set anchor --- time=2023-04-22 01:54:00.589]
04-22 01:54:00.590  8762  8762 D ar_activity: Start CONNECTING: 2023-04-22 01:54:00.590
04-22 01:54:03.169  8762  8762 D ar_activity: [anchor resolution changed: true time=2023-04-22 01:54:03.169]
04-22 01:54:03.171  8762  8762 D ar_activity: [onAnchorResolutionError: null time=2023-04-22 01:54:03.171]
04-22 01:54:04.283  8762  8762 D ar_activity: SET ANCHOR: 2023-04-22 01:54:04.283
04-22 01:54:07.262  8762  8762 D ar_activity: [anchor resolution changed: null time=2023-04-22 01:54:07.262]
04-22 01:54:07.273  8762  8762 D ar_activity: [--- sync ready to set anchor --- time=2023-04-22 01:54:07.273]
04-22 01:54:07.273  8762  8762 D ar_activity: Start CONNECTING: 2023-04-22 01:54:07.273
04-22 01:54:12.698  8762  8762 D ar_activity: [anchor resolution changed: false time=2023-04-22 01:54:12.696]
04-22 01:54:12.709  8762  8915 D ar_activity: [--- anchor: onUpdate: resolveHostedAnchor: pending resolve--- time=2023-04-22 01:54:12.709]
04-22 01:54:12.709  8762  8915 D ar_activity: [resolveHostedAnchor: TASK_IN_PROGRESS time=2023-04-22 01:54:12.709]
04-22 01:54:12.728  8762  8915 D ar_activity: [--- anchor: onUpdate: resolveHostedAnchor: pending resolve--- time=2023-04-22 01:54:12.727]
04-22 01:54:12.728  8762  8915 D ar_activity: [resolveHostedAnchor: TASK_IN_PROGRESS time=2023-04-22 01:54:12.728]
04-22 01:54:12.750  8762  8915 D ar_activity: [--- anchor: onUpdate: resolveHostedAnchor: pending resolve--- time=2023-04-22 01:54:12.750]
04-22 01:54:12.750  8762  8915 D ar_activity: [resolveHostedAnchor: TASK_IN_PROGRESS time=2023-04-22 01:54:12.750]
04-22 01:54:12.769  8762  8915 D ar_activity: [--- anchor: onUpdate: resolveHostedAnchor: pending resolve--- time=2023-04-22 01:54:12.769]
04-22 01:54:12.769  8762  8915 D ar_activity: [resolveHostedAnchor: TASK_IN_PROGRESS time=2023-04-22 01:54:12.769]
04-22 01:54:12.788  8762  8915 D ar_activity: [--- anchor: onUpdate: resolveHostedAnchor: pending resolve--- time=2023-04-22 01:54:12.788]
04-22 01:54:12.788  8762  8915 D ar_activity: [resolveHostedAnchor: TASK_IN_PROGRESS time=2023-04-22 01:54:12.788]
04-22 01:54:12.807  8762  8915 D ar_activity: [--- anchor: onUpdate: resolveHostedAnchor: pending resolve--- time=2023-04-22 01:54:12.807]
04-22 01:54:12.807  8762  8915 D ar_activity: [resolveHostedAnchor: TASK_IN_PROGRESS time=2023-04-22 01:54:12.807]
04-22 01:54:12.826  8762  8915 D ar_activity: [--- anchor: onUpdate: resolveHostedAnchor: pending resolve--- time=2023-04-22 01:54:12.826]
04-22 01:54:12.826  8762  8915 D ar_activity: [resolveHostedAnchor: TASK_IN_PROGRESS time=2023-04-22 01:54:12.826]
04-22 01:54:12.849  8762  8915 D ar_activity: [--- anchor: onUpdate: resolveHostedAnchor: pending resolve--- time=2023-04-22 01:54:12.848]
04-22 01:54:12.850  8762  8915 D ar_activity: [resolveHostedAnchor: TASK_IN_PROGRESS time=2023-04-22 01:54:12.849]
04-22 01:54:12.869  8762  8915 D ar_activity: [--- anchor: onUpdate: resolveHostedAnchor: pending resolve--- time=2023-04-22 01:54:12.869]
04-22 01:54:12.869  8762  8915 D ar_activity: [resolveHostedAnchor: TASK_IN_PROGRESS time=2023-04-22 01:54:12.869]
04-22 01:54:12.888  8762  8915 D ar_activity: [--- anchor: onUpdate: resolveHostedAnchor: pending resolve--- time=2023-04-22 01:54:12.888]
04-22 01:54:12.888  8762  8915 D ar_activity: [resolveHostedAnchor: TASK_IN_PROGRESS time=2023-04-22 01:54:12.888]
04-22 01:54:12.908  8762  8915 D ar_activity: [--- anchor: onUpdate: resolveHostedAnchor: pending resolve--- time=2023-04-22 01:54:12.908]
04-22 01:54:12.908  8762  8915 D ar_activity: [resolveHostedAnchor: TASK_IN_PROGRESS time=2023-04-22 01:54:12.908]
04-22 01:54:12.927  8762  8915 D ar_activity: [--- anchor: onUpdate: resolveHostedAnchor: pending resolve--- time=2023-04-22 01:54:12.927]
04-22 01:54:12.927  8762  8915 D ar_activity: [resolveHostedAnchor: TASK_IN_PROGRESS time=2023-04-22 01:54:12.927]
04-22 01:54:12.947  8762  8915 D ar_activity: [--- anchor: onUpdate: resolveHostedAnchor: pending resolve--- time=2023-04-22 01:54:12.947]
04-22 01:54:12.947  8762  8915 D ar_activity: [resolveHostedAnchor: TASK_IN_PROGRESS time=2023-04-22 01:54:12.947]
04-22 01:54:12.967  8762  8915 D ar_activity: [--- anchor: onUpdate: resolveHostedAnchor: pending resolve--- time=2023-04-22 01:54:12.967]
04-22 01:54:12.967  8762  8915 D ar_activity: [resolveHostedAnchor: TASK_IN_PROGRESS time=2023-04-22 01:54:12.967]
04-22 01:54:12.986  8762  8915 D ar_activity: [--- anchor: onUpdate: resolveHostedAnchor: pending resolve--- time=2023-04-22 01:54:12.986]
04-22 01:54:12.986  8762  8915 D ar_activity: [resolveHostedAnchor: TASK_IN_PROGRESS time=2023-04-22 01:54:12.986]
04-22 01:54:13.004  8762  8915 D ar_activity: [--- anchor: onUpdate: resolveHostedAnchor: pending resolve--- time=2023-04-22 01:54:13.004]
04-22 01:54:13.005  8762  8915 D ar_activity: [resolveHostedAnchor: TASK_IN_PROGRESS time=2023-04-22 01:54:13.004]
04-22 01:54:13.033  8762  8915 D ar_activity: [--- anchor: onUpdate: resolveHostedAnchor: pending resolve--- time=2023-04-22 01:54:13.033]
04-22 01:54:13.033  8762  8915 D ar_activity: [resolveHostedAnchor: TASK_IN_PROGRESS time=2023-04-22 01:54:13.033]
04-22 01:54:13.056  8762  8915 D ar_activity: [--- anchor: onUpdate: resolveHostedAnchor: pending resolve--- time=2023-04-22 01:54:13.056]
04-22 01:54:13.057  8762  8915 D ar_activity: [resolveHostedAnchor: TASK_IN_PROGRESS time=2023-04-22 01:54:13.057]
04-22 01:54:13.079  8762  8915 D ar_activity: [--- anchor: onUpdate: resolveHostedAnchor: pending resolve--- time=2023-04-22 01:54:13.078]
04-22 01:54:13.079  8762  8915 D ar_activity: [resolveHostedAnchor: TASK_IN_PROGRESS time=2023-04-22 01:54:13.079]
04-22 01:54:13.101  8762  8915 D ar_activity: [--- anchor: onUpdate: resolveHostedAnchor: pending resolve--- time=2023-04-22 01:54:13.100]
04-22 01:54:13.101  8762  8915 D ar_activity: [resolveHostedAnchor: TASK_IN_PROGRESS time=2023-04-22 01:54:13.101]
04-22 01:54:13.120  8762  8915 D ar_activity: [--- anchor: onUpdate: resolveHostedAnchor: pending resolve--- time=2023-04-22 01:54:13.120]
04-22 01:54:13.121  8762  8915 D ar_activity: [resolveHostedAnchor: TASK_IN_PROGRESS time=2023-04-22 01:54:13.120]
04-22 01:54:13.145  8762  8915 D ar_activity: [--- anchor: onUpdate: resolveHostedAnchor: pending resolve--- time=2023-04-22 01:54:13.145]
04-22 01:54:13.145  8762  8915 D ar_activity: [resolveHostedAnchor: TASK_IN_PROGRESS time=2023-04-22 01:54:13.145]
04-22 01:54:13.166  8762  8915 D ar_activity: [--- anchor: onUpdate: resolveHostedAnchor: pending resolve--- time=2023-04-22 01:54:13.166]
04-22 01:54:13.166  8762  8915 D ar_activity: [resolveHostedAnchor: TASK_IN_PROGRESS time=2023-04-22 01:54:13.166]
04-22 01:54:13.185  8762  8915 D ar_activity: [--- anchor: onUpdate: resolveHostedAnchor: pending resolve--- time=2023-04-22 01:54:13.185]
04-22 01:54:13.185  8762  8915 D ar_activity: [resolveHostedAnchor: TASK_IN_PROGRESS time=2023-04-22 01:54:13.185]
04-22 01:54:13.204  8762  8915 D ar_activity: [--- anchor: onUpdate: resolveHostedAnchor: pending resolve--- time=2023-04-22 01:54:13.204]
04-22 01:54:13.204  8762  8915 D ar_activity: [resolveHostedAnchor: TASK_IN_PROGRESS time=2023-04-22 01:54:13.204]
04-22 01:54:13.223  8762  8915 D ar_activity: [--- anchor: onUpdate: resolveHostedAnchor: pending resolve--- time=2023-04-22 01:54:13.223]
04-22 01:54:13.225  8762  8915 D ar_activity: [resolveHostedAnchor: TASK_IN_PROGRESS time=2023-04-22 01:54:13.223]
04-22 01:54:13.244  8762  8915 D ar_activity: [--- anchor: onUpdate: resolveHostedAnchor: pending resolve--- time=2023-04-22 01:54:13.244]
04-22 01:54:13.244  8762  8915 D ar_activity: [resolveHostedAnchor: TASK_IN_PROGRESS time=2023-04-22 01:54:13.244]
04-22 01:54:13.264  8762  8915 D ar_activity: [--- anchor: onUpdate: resolveHostedAnchor: pending resolve--- time=2023-04-22 01:54:13.263]
04-22 01:54:13.266  8762  8915 D ar_activity: [resolveHostedAnchor: TASK_IN_PROGRESS time=2023-04-22 01:54:13.264]
04-22 01:54:13.285  8762  8915 D ar_activity: [--- anchor: onUpdate: resolveHostedAnchor: pending resolve--- time=2023-04-22 01:54:13.285]
04-22 01:54:13.286  8762  8915 D ar_activity: [resolveHostedAnchor: TASK_IN_PROGRESS time=2023-04-22 01:54:13.285]
04-22 01:54:13.304  8762  8915 D ar_activity: [--- anchor: onUpdate: resolveHostedAnchor: pending resolve--- time=2023-04-22 01:54:13.304]
04-22 01:54:13.304  8762  8915 D ar_activity: [resolveHostedAnchor: TASK_IN_PROGRESS time=2023-04-22 01:54:13.304]
04-22 01:54:13.323  8762  8915 D ar_activity: [--- anchor: onUpdate: resolveHostedAnchor: pending resolve--- time=2023-04-22 01:54:13.323]
04-22 01:54:13.323  8762  8915 D ar_activity: [resolveHostedAnchor: TASK_IN_PROGRESS time=2023-04-22 01:54:13.323]
04-22 01:54:13.342  8762  8915 D ar_activity: [--- anchor: onUpdate: resolveHostedAnchor: pending resolve--- time=2023-04-22 01:54:13.341]
04-22 01:54:13.342  8762  8915 D ar_activity: [resolveHostedAnchor: TASK_IN_PROGRESS time=2023-04-22 01:54:13.342]
04-22 01:54:13.363  8762  8915 D ar_activity: [--- anchor: onUpdate: resolveHostedAnchor: pending resolve--- time=2023-04-22 01:54:13.362]
04-22 01:54:13.363  8762  8915 D ar_activity: [resolveHostedAnchor: TASK_IN_PROGRESS time=2023-04-22 01:54:13.363]
04-22 01:54:13.385  8762  8915 D ar_activity: [--- anchor: onUpdate: resolveHostedAnchor: pending resolve--- time=2023-04-22 01:54:13.385]
04-22 01:54:13.385  8762  8915 D ar_activity: [resolveHostedAnchor: TASK_IN_PROGRESS time=2023-04-22 01:54:13.385]
04-22 01:54:13.404  8762  8915 D ar_activity: [--- anchor: onUpdate: resolveHostedAnchor: pending resolve--- time=2023-04-22 01:54:13.403]
04-22 01:54:13.404  8762  8915 D ar_activity: [resolveHostedAnchor: TASK_IN_PROGRESS time=2023-04-22 01:54:13.404]
04-22 01:54:13.424  8762  8915 D ar_activity: [--- anchor: onUpdate: resolveHostedAnchor: pending resolve--- time=2023-04-22 01:54:13.424]
04-22 01:54:13.424  8762  8915 D ar_activity: [resolveHostedAnchor: TASK_IN_PROGRESS time=2023-04-22 01:54:13.424]
04-22 01:54:13.448  8762  8915 D ar_activity: [--- anchor: onUpdate: resolveHostedAnchor: pending resolve--- time=2023-04-22 01:54:13.448]
04-22 01:54:13.448  8762  8915 D ar_activity: [resolveHostedAnchor: TASK_IN_PROGRESS time=2023-04-22 01:54:13.448]
04-22 01:54:13.468  8762  8915 D ar_activity: [--- anchor: onUpdate: resolveHostedAnchor: pending resolve--- time=2023-04-22 01:54:13.468]
04-22 01:54:13.468  8762  8915 D ar_activity: [resolveHostedAnchor: TASK_IN_PROGRESS time=2023-04-22 01:54:13.468]
04-22 01:54:13.487  8762  8915 D ar_activity: [--- anchor: onUpdate: resolveHostedAnchor: pending resolve--- time=2023-04-22 01:54:13.487]
04-22 01:54:13.488  8762  8915 D ar_activity: [resolveHostedAnchor: TASK_IN_PROGRESS time=2023-04-22 01:54:13.487]
04-22 01:54:13.508  8762  8915 D ar_activity: [--- anchor: onUpdate: resolveHostedAnchor: pending resolve--- time=2023-04-22 01:54:13.508]
04-22 01:54:13.508  8762  8915 D ar_activity: [resolveHostedAnchor: TASK_IN_PROGRESS time=2023-04-22 01:54:13.508]
04-22 01:54:13.527  8762  8915 D ar_activity: [--- anchor: onUpdate: resolveHostedAnchor: pending resolve--- time=2023-04-22 01:54:13.526]
04-22 01:54:13.527  8762  8915 D ar_activity: [resolveHostedAnchor: TASK_IN_PROGRESS time=2023-04-22 01:54:13.527]
04-22 01:54:13.545  8762  8915 D ar_activity: [--- anchor: onUpdate: resolveHostedAnchor: pending resolve--- time=2023-04-22 01:54:13.545]
04-22 01:54:13.546  8762  8915 D ar_activity: [resolveHostedAnchor: TASK_IN_PROGRESS time=2023-04-22 01:54:13.546]
04-22 01:54:13.568  8762  8915 D ar_activity: [--- anchor: onUpdate: resolveHostedAnchor: pending resolve--- time=2023-04-22 01:54:13.568]
04-22 01:54:13.568  8762  8915 D ar_activity: [resolveHostedAnchor: TASK_IN_PROGRESS time=2023-04-22 01:54:13.568]
04-22 01:54:13.588  8762  8915 D ar_activity: [--- anchor: onUpdate: resolveHostedAnchor: pending resolve--- time=2023-04-22 01:54:13.587]
04-22 01:54:13.588  8762  8915 D ar_activity: [resolveHostedAnchor: TASK_IN_PROGRESS time=2023-04-22 01:54:13.588]
04-22 01:54:13.609  8762  8915 D ar_activity: [--- anchor: onUpdate: resolveHostedAnchor: pending resolve--- time=2023-04-22 01:54:13.608]
04-22 01:54:13.609  8762  8915 D ar_activity: [resolveHostedAnchor: TASK_IN_PROGRESS time=2023-04-22 01:54:13.609]
04-22 01:54:13.629  8762  8915 D ar_activity: [--- anchor: onUpdate: resolveHostedAnchor: pending resolve--- time=2023-04-22 01:54:13.629]
04-22 01:54:13.630  8762  8915 D ar_activity: [resolveHostedAnchor: TASK_IN_PROGRESS time=2023-04-22 01:54:13.629]
04-22 01:54:13.651  8762  8915 D ar_activity: [--- anchor: onUpdate: resolveHostedAnchor: pending resolve--- time=2023-04-22 01:54:13.650]
04-22 01:54:13.651  8762  8915 D ar_activity: [resolveHostedAnchor: TASK_IN_PROGRESS time=2023-04-22 01:54:13.651]
04-22 01:54:13.671  8762  8915 D ar_activity: [--- anchor: onUpdate: resolveHostedAnchor: pending resolve--- time=2023-04-22 01:54:13.670]
04-22 01:54:13.671  8762  8915 D ar_activity: [resolveHostedAnchor: TASK_IN_PROGRESS time=2023-04-22 01:54:13.671]
04-22 01:54:13.692  8762  8915 D ar_activity: [--- anchor: onUpdate: resolveHostedAnchor: pending resolve--- time=2023-04-22 01:54:13.692]
04-22 01:54:13.692  8762  8915 D ar_activity: [resolveHostedAnchor: TASK_IN_PROGRESS time=2023-04-22 01:54:13.692]
04-22 01:54:13.713  8762  8915 D ar_activity: [--- anchor: onUpdate: resolveHostedAnchor: pending resolve--- time=2023-04-22 01:54:13.713]
04-22 01:54:13.714  8762  8915 D ar_activity: [resolveHostedAnchor: TASK_IN_PROGRESS time=2023-04-22 01:54:13.714]
04-22 01:54:13.733  8762  8915 D ar_activity: [--- anchor: onUpdate: resolveHostedAnchor: pending resolve--- time=2023-04-22 01:54:13.733]
04-22 01:54:13.734  8762  8915 D ar_activity: [resolveHostedAnchor: TASK_IN_PROGRESS time=2023-04-22 01:54:13.734]
04-22 01:54:13.754  8762  8915 D ar_activity: [--- anchor: onUpdate: resolveHostedAnchor: pending resolve--- time=2023-04-22 01:54:13.754]
04-22 01:54:13.754  8762  8915 D ar_activity: [resolveHostedAnchor: TASK_IN_PROGRESS time=2023-04-22 01:54:13.754]
04-22 01:54:13.773  8762  8915 D ar_activity: [--- anchor: onUpdate: resolveHostedAnchor: pending resolve--- time=2023-04-22 01:54:13.773]
04-22 01:54:13.773  8762  8915 D ar_activity: [resolveHostedAnchor: TASK_IN_PROGRESS time=2023-04-22 01:54:13.773]
04-22 01:54:13.794  8762  8915 D ar_activity: [--- anchor: onUpdate: resolveHostedAnchor: pending resolve--- time=2023-04-22 01:54:13.793]
04-22 01:54:13.794  8762  8915 D ar_activity: [resolveHostedAnchor: TASK_IN_PROGRESS time=2023-04-22 01:54:13.794]
04-22 01:54:13.817  8762  8915 D ar_activity: [--- anchor: onUpdate: resolveHostedAnchor: pending resolve--- time=2023-04-22 01:54:13.817]
04-22 01:54:13.818  8762  8915 D ar_activity: [resolveHostedAnchor: TASK_IN_PROGRESS time=2023-04-22 01:54:13.817]
04-22 01:54:13.837  8762  8915 D ar_activity: [--- anchor: onUpdate: resolveHostedAnchor: pending resolve--- time=2023-04-22 01:54:13.837]
04-22 01:54:13.837  8762  8915 D ar_activity: [resolveHostedAnchor: TASK_IN_PROGRESS time=2023-04-22 01:54:13.837]
04-22 01:54:13.860  8762  8915 D ar_activity: [--- anchor: onUpdate: resolveHostedAnchor: pending resolve--- time=2023-04-22 01:54:13.859]
04-22 01:54:13.861  8762  8915 D ar_activity: [resolveHostedAnchor: TASK_IN_PROGRESS time=2023-04-22 01:54:13.861]
04-22 01:54:13.881  8762  8915 D ar_activity: [--- anchor: onUpdate: resolveHostedAnchor: pending resolve--- time=2023-04-22 01:54:13.881]
04-22 01:54:13.881  8762  8915 D ar_activity: [resolveHostedAnchor: TASK_IN_PROGRESS time=2023-04-22 01:54:13.881]
04-22 01:54:13.903  8762  8915 D ar_activity: [--- anchor: onUpdate: resolveHostedAnchor: pending resolve--- time=2023-04-22 01:54:13.903]
04-22 01:54:13.905  8762  8915 D ar_activity: [resolveHostedAnchor: TASK_IN_PROGRESS time=2023-04-22 01:54:13.904]
04-22 01:54:13.927  8762  8915 D ar_activity: [--- anchor: onUpdate: resolveHostedAnchor: pending resolve--- time=2023-04-22 01:54:13.927]
04-22 01:54:13.927  8762  8915 D ar_activity: [resolveHostedAnchor: TASK_IN_PROGRESS time=2023-04-22 01:54:13.927]
04-22 01:54:13.948  8762  8915 D ar_activity: [--- anchor: onUpdate: resolveHostedAnchor: pending resolve--- time=2023-04-22 01:54:13.948]
04-22 01:54:13.948  8762  8915 D ar_activity: [resolveHostedAnchor: TASK_IN_PROGRESS time=2023-04-22 01:54:13.948]
04-22 01:54:13.970  8762  8915 D ar_activity: [--- anchor: onUpdate: resolveHostedAnchor: pending resolve--- time=2023-04-22 01:54:13.970]
04-22 01:54:13.970  8762  8915 D ar_activity: [resolveHostedAnchor: TASK_IN_PROGRESS time=2023-04-22 01:54:13.970]
04-22 01:54:13.989  8762  8915 D ar_activity: [--- anchor: onUpdate: resolveHostedAnchor: pending resolve--- time=2023-04-22 01:54:13.989]
04-22 01:54:13.989  8762  8915 D ar_activity: [resolveHostedAnchor: TASK_IN_PROGRESS time=2023-04-22 01:54:13.989]
04-22 01:54:14.008  8762  8915 D ar_activity: [--- anchor: onUpdate: resolveHostedAnchor: pending resolve--- time=2023-04-22 01:54:14.008]
04-22 01:54:14.008  8762  8915 D ar_activity: [resolveHostedAnchor: TASK_IN_PROGRESS time=2023-04-22 01:54:14.008]
04-22 01:54:14.043  8762  8915 D ar_activity: [--- anchor: onUpdate: resolveHostedAnchor: pending resolve--- time=2023-04-22 01:54:14.043]
04-22 01:54:14.043  8762  8915 D ar_activity: [resolveHostedAnchor: TASK_IN_PROGRESS time=2023-04-22 01:54:14.043]
04-22 01:54:14.065  8762  8915 D ar_activity: [--- anchor: onUpdate: resolveHostedAnchor: pending resolve--- time=2023-04-22 01:54:14.065]
04-22 01:54:14.068  8762  8915 D ar_activity: [resolveHostedAnchor: TASK_IN_PROGRESS time=2023-04-22 01:54:14.065]
04-22 01:54:14.093  8762  8915 D ar_activity: [--- anchor: onUpdate: resolveHostedAnchor: pending resolve--- time=2023-04-22 01:54:14.092]
04-22 01:54:14.094  8762  8915 D ar_activity: [resolveHostedAnchor: TASK_IN_PROGRESS time=2023-04-22 01:54:14.093]
04-22 01:54:14.117  8762  8915 D ar_activity: [--- anchor: onUpdate: resolveHostedAnchor: pending resolve--- time=2023-04-22 01:54:14.117]
04-22 01:54:14.118  8762  8915 D ar_activity: [resolveHostedAnchor: TASK_IN_PROGRESS time=2023-04-22 01:54:14.117]
04-22 01:54:14.150  8762  8915 D ar_activity: [--- anchor: onUpdate: resolveHostedAnchor: pending resolve--- time=2023-04-22 01:54:14.150]
04-22 01:54:14.151  8762  8915 D ar_activity: [resolveHostedAnchor: TASK_IN_PROGRESS time=2023-04-22 01:54:14.151]
04-22 01:54:14.174  8762  8915 D ar_activity: [--- anchor: onUpdate: resolveHostedAnchor: pending resolve--- time=2023-04-22 01:54:14.174]
04-22 01:54:14.175  8762  8915 D ar_activity: [resolveHostedAnchor: TASK_IN_PROGRESS time=2023-04-22 01:54:14.174]
04-22 01:54:14.193  8762  8915 D ar_activity: [--- anchor: onUpdate: resolveHostedAnchor: pending resolve--- time=2023-04-22 01:54:14.193]
04-22 01:54:14.194  8762  8915 D ar_activity: [resolveHostedAnchor: TASK_IN_PROGRESS time=2023-04-22 01:54:14.194]
04-22 01:54:14.214  8762  8915 D ar_activity: [--- anchor: onUpdate: resolveHostedAnchor: pending resolve--- time=2023-04-22 01:54:14.213]
04-22 01:54:14.214  8762  8915 D ar_activity: [resolveHostedAnchor: TASK_IN_PROGRESS time=2023-04-22 01:54:14.214]
04-22 01:54:14.236  8762  8915 D ar_activity: [--- anchor: onUpdate: resolveHostedAnchor: pending resolve--- time=2023-04-22 01:54:14.236]
04-22 01:54:14.236  8762  8915 D ar_activity: [resolveHostedAnchor: TASK_IN_PROGRESS time=2023-04-22 01:54:14.236]
04-22 01:54:14.257  8762  8915 D ar_activity: [--- anchor: onUpdate: resolveHostedAnchor: pending resolve--- time=2023-04-22 01:54:14.257]
04-22 01:54:14.257  8762  8915 D ar_activity: [resolveHostedAnchor: TASK_IN_PROGRESS time=2023-04-22 01:54:14.257]
04-22 01:54:14.276  8762  8915 D ar_activity: [--- anchor: onUpdate: resolveHostedAnchor: pending resolve--- time=2023-04-22 01:54:14.276]
04-22 01:54:14.276  8762  8915 D ar_activity: [resolveHostedAnchor: TASK_IN_PROGRESS time=2023-04-22 01:54:14.276]
04-22 01:54:14.295  8762  8915 D ar_activity: [--- anchor: onUpdate: resolveHostedAnchor: pending resolve--- time=2023-04-22 01:54:14.295]
04-22 01:54:14.295  8762  8915 D ar_activity: [resolveHostedAnchor: TASK_IN_PROGRESS time=2023-04-22 01:54:14.295]
04-22 01:54:14.314  8762  8915 D ar_activity: [--- anchor: onUpdate: resolveHostedAnchor: pending resolve--- time=2023-04-22 01:54:14.313]
04-22 01:54:14.314  8762  8915 D ar_activity: [resolveHostedAnchor: TASK_IN_PROGRESS time=2023-04-22 01:54:14.314]
04-22 01:54:14.335  8762  8915 D ar_activity: [--- anchor: onUpdate: resolveHostedAnchor: pending resolve--- time=2023-04-22 01:54:14.334]
04-22 01:54:14.335  8762  8915 D ar_activity: [resolveHostedAnchor: TASK_IN_PROGRESS time=2023-04-22 01:54:14.335]
04-22 01:54:14.355  8762  8915 D ar_activity: [--- anchor: onUpdate: resolveHostedAnchor: pending resolve--- time=2023-04-22 01:54:14.355]
04-22 01:54:14.355  8762  8915 D ar_activity: [resolveHostedAnchor: TASK_IN_PROGRESS time=2023-04-22 01:54:14.355]
04-22 01:54:14.374  8762  8915 D ar_activity: [--- anchor: onUpdate: resolveHostedAnchor: pending resolve--- time=2023-04-22 01:54:14.374]
04-22 01:54:14.374  8762  8915 D ar_activity: [resolveHostedAnchor: TASK_IN_PROGRESS time=2023-04-22 01:54:14.374]
04-22 01:54:14.393  8762  8915 D ar_activity: [--- anchor: onUpdate: resolveHostedAnchor: pending resolve--- time=2023-04-22 01:54:14.393]
04-22 01:54:14.393  8762  8915 D ar_activity: [resolveHostedAnchor: TASK_IN_PROGRESS time=2023-04-22 01:54:14.393]
04-22 01:54:14.413  8762  8915 D ar_activity: [--- anchor: onUpdate: resolveHostedAnchor: pending resolve--- time=2023-04-22 01:54:14.412]
04-22 01:54:14.413  8762  8915 D ar_activity: [resolveHostedAnchor: TASK_IN_PROGRESS time=2023-04-22 01:54:14.413]
04-22 01:54:14.434  8762  8915 D ar_activity: [--- anchor: onUpdate: resolveHostedAnchor: pending resolve--- time=2023-04-22 01:54:14.433]
04-22 01:54:14.435  8762  8915 D ar_activity: [resolveHostedAnchor: TASK_IN_PROGRESS time=2023-04-22 01:54:14.434]
04-22 01:54:14.460  8762  8915 D ar_activity: [--- anchor: onUpdate: resolveHostedAnchor: pending resolve--- time=2023-04-22 01:54:14.460]
04-22 01:54:14.461  8762  8915 D ar_activity: [resolveHostedAnchor: TASK_IN_PROGRESS time=2023-04-22 01:54:14.460]
04-22 01:54:14.483  8762  8915 D ar_activity: [--- anchor: onUpdate: resolveHostedAnchor: pending resolve--- time=2023-04-22 01:54:14.482]
04-22 01:54:14.483  8762  8915 D ar_activity: [resolveHostedAnchor: TASK_IN_PROGRESS time=2023-04-22 01:54:14.483]
04-22 01:54:14.505  8762  8915 D ar_activity: [--- anchor: onUpdate: resolveHostedAnchor: pending resolve--- time=2023-04-22 01:54:14.505]
04-22 01:54:14.506  8762  8915 D ar_activity: [resolveHostedAnchor: TASK_IN_PROGRESS time=2023-04-22 01:54:14.506]
04-22 01:54:14.544  8762  8915 D ar_activity: [--- anchor: onUpdate: resolveHostedAnchor: pending resolve--- time=2023-04-22 01:54:14.544]
04-22 01:54:14.544  8762  8915 D ar_activity: [resolveHostedAnchor: TASK_IN_PROGRESS time=2023-04-22 01:54:14.544]
04-22 01:54:14.563  8762  8915 D ar_activity: [--- anchor: onUpdate: resolveHostedAnchor: pending resolve--- time=2023-04-22 01:54:14.563]
04-22 01:54:14.563  8762  8915 D ar_activity: [resolveHostedAnchor: TASK_IN_PROGRESS time=2023-04-22 01:54:14.563]
04-22 01:54:14.582  8762  8915 D ar_activity: [--- anchor: onUpdate: resolveHostedAnchor: pending resolve--- time=2023-04-22 01:54:14.582]
04-22 01:54:14.583  8762  8915 D ar_activity: [resolveHostedAnchor: TASK_IN_PROGRESS time=2023-04-22 01:54:14.582]
04-22 01:54:14.607  8762  8915 D ar_activity: [--- anchor: onUpdate: resolveHostedAnchor: pending resolve--- time=2023-04-22 01:54:14.606]
04-22 01:54:14.608  8762  8915 D ar_activity: [resolveHostedAnchor: TASK_IN_PROGRESS time=2023-04-22 01:54:14.607]
04-22 01:54:14.630  8762  8915 D ar_activity: [--- anchor: onUpdate: resolveHostedAnchor: pending resolve--- time=2023-04-22 01:54:14.629]
04-22 01:54:14.631  8762  8915 D ar_activity: [resolveHostedAnchor: TASK_IN_PROGRESS time=2023-04-22 01:54:14.631]
04-22 01:54:14.654  8762  8915 D ar_activity: [--- anchor: onUpdate: resolveHostedAnchor: pending resolve--- time=2023-04-22 01:54:14.654]
04-22 01:54:14.654  8762  8915 D ar_activity: [resolveHostedAnchor: TASK_IN_PROGRESS time=2023-04-22 01:54:14.654]
04-22 01:54:14.675  8762  8915 D ar_activity: [--- anchor: onUpdate: resolveHostedAnchor: pending resolve--- time=2023-04-22 01:54:14.675]
04-22 01:54:14.675  8762  8915 D ar_activity: [resolveHostedAnchor: TASK_IN_PROGRESS time=2023-04-22 01:54:14.675]
04-22 01:54:14.697  8762  8915 D ar_activity: [--- anchor: onUpdate: resolveHostedAnchor: pending resolve--- time=2023-04-22 01:54:14.697]
04-22 01:54:14.698  8762  8915 D ar_activity: [resolveHostedAnchor: TASK_IN_PROGRESS time=2023-04-22 01:54:14.698]
04-22 01:54:14.717  8762  8915 D ar_activity: [--- anchor: onUpdate: resolveHostedAnchor: pending resolve--- time=2023-04-22 01:54:14.716]
04-22 01:54:14.717  8762  8915 D ar_activity: [resolveHostedAnchor: TASK_IN_PROGRESS time=2023-04-22 01:54:14.717]
04-22 01:54:14.748  8762  8915 D ar_activity: [--- anchor: onUpdate: resolveHostedAnchor: pending resolve--- time=2023-04-22 01:54:14.748]
04-22 01:54:14.748  8762  8915 D ar_activity: [resolveHostedAnchor: TASK_IN_PROGRESS time=2023-04-22 01:54:14.748]
04-22 01:54:14.770  8762  8915 D ar_activity: [--- anchor: onUpdate: resolveHostedAnchor: pending resolve--- time=2023-04-22 01:54:14.769]
04-22 01:54:14.770  8762  8915 D ar_activity: [resolveHostedAnchor: TASK_IN_PROGRESS time=2023-04-22 01:54:14.770]
04-22 01:54:14.792  8762  8915 D ar_activity: [--- anchor: onUpdate: resolveHostedAnchor: pending resolve--- time=2023-04-22 01:54:14.791]
04-22 01:54:14.792  8762  8915 D ar_activity: [resolveHostedAnchor: TASK_IN_PROGRESS time=2023-04-22 01:54:14.792]
04-22 01:54:14.811  8762  8915 D ar_activity: [--- anchor: onUpdate: resolveHostedAnchor: pending resolve--- time=2023-04-22 01:54:14.810]
04-22 01:54:14.811  8762  8915 D ar_activity: [resolveHostedAnchor: TASK_IN_PROGRESS time=2023-04-22 01:54:14.811]
04-22 01:54:14.830  8762  8915 D ar_activity: [--- anchor: onUpdate: resolveHostedAnchor: pending resolve--- time=2023-04-22 01:54:14.830]
04-22 01:54:14.830  8762  8915 D ar_activity: [resolveHostedAnchor: TASK_IN_PROGRESS time=2023-04-22 01:54:14.830]
04-22 01:54:14.850  8762  8915 D ar_activity: [--- anchor: onUpdate: resolveHostedAnchor: pending resolve--- time=2023-04-22 01:54:14.849]
04-22 01:54:14.850  8762  8915 D ar_activity: [resolveHostedAnchor: TASK_IN_PROGRESS time=2023-04-22 01:54:14.850]
04-22 01:54:14.872  8762  8915 D ar_activity: [--- anchor: onUpdate: resolveHostedAnchor: pending resolve--- time=2023-04-22 01:54:14.872]
04-22 01:54:14.873  8762  8915 D ar_activity: [resolveHostedAnchor: TASK_IN_PROGRESS time=2023-04-22 01:54:14.872]
04-22 01:54:14.894  8762  8915 D ar_activity: [--- anchor: onUpdate: resolveHostedAnchor: pending resolve--- time=2023-04-22 01:54:14.893]
04-22 01:54:14.894  8762  8915 D ar_activity: [resolveHostedAnchor: TASK_IN_PROGRESS time=2023-04-22 01:54:14.894]
04-22 01:54:14.915  8762  8915 D ar_activity: [--- anchor: onUpdate: resolveHostedAnchor: pending resolve--- time=2023-04-22 01:54:14.915]
04-22 01:54:14.915  8762  8915 D ar_activity: [resolveHostedAnchor: TASK_IN_PROGRESS time=2023-04-22 01:54:14.915]
04-22 01:54:14.936  8762  8915 D ar_activity: [--- anchor: onUpdate: resolveHostedAnchor: pending resolve--- time=2023-04-22 01:54:14.935]
04-22 01:54:14.936  8762  8915 D ar_activity: [resolveHostedAnchor: TASK_IN_PROGRESS time=2023-04-22 01:54:14.936]
04-22 01:54:14.955  8762  8915 D ar_activity: [--- anchor: onUpdate: resolveHostedAnchor: pending resolve--- time=2023-04-22 01:54:14.954]
04-22 01:54:14.955  8762  8915 D ar_activity: [resolveHostedAnchor: TASK_IN_PROGRESS time=2023-04-22 01:54:14.955]
04-22 01:54:14.973  8762  8915 D ar_activity: [--- anchor: onUpdate: resolveHostedAnchor: pending resolve--- time=2023-04-22 01:54:14.973]
04-22 01:54:14.973  8762  8915 D ar_activity: [resolveHostedAnchor: TASK_IN_PROGRESS time=2023-04-22 01:54:14.973]
04-22 01:54:14.992  8762  8915 D ar_activity: [--- anchor: onUpdate: resolveHostedAnchor: pending resolve--- time=2023-04-22 01:54:14.992]
04-22 01:54:14.992  8762  8915 D ar_activity: [resolveHostedAnchor: TASK_IN_PROGRESS time=2023-04-22 01:54:14.992]
04-22 01:54:15.011  8762  8915 D ar_activity: [--- anchor: onUpdate: resolveHostedAnchor: pending resolve--- time=2023-04-22 01:54:15.011]
04-22 01:54:15.011  8762  8915 D ar_activity: [resolveHostedAnchor: TASK_IN_PROGRESS time=2023-04-22 01:54:15.011]
04-22 01:54:15.033  8762  8915 D ar_activity: [--- anchor: onUpdate: resolveHostedAnchor: pending resolve--- time=2023-04-22 01:54:15.032]
04-22 01:54:15.033  8762  8915 D ar_activity: [resolveHostedAnchor: TASK_IN_PROGRESS time=2023-04-22 01:54:15.033]
04-22 01:54:15.059  8762  8915 D ar_activity: [--- anchor: onUpdate: resolveHostedAnchor: pending resolve--- time=2023-04-22 01:54:15.059]
04-22 01:54:15.059  8762  8915 D ar_activity: [resolveHostedAnchor: TASK_IN_PROGRESS time=2023-04-22 01:54:15.059]
04-22 01:54:15.078  8762  8915 D ar_activity: [--- anchor: onUpdate: resolveHostedAnchor: pending resolve--- time=2023-04-22 01:54:15.078]
04-22 01:54:15.078  8762  8915 D ar_activity: [resolveHostedAnchor: TASK_IN_PROGRESS time=2023-04-22 01:54:15.078]
04-22 01:54:15.097  8762  8915 D ar_activity: [--- anchor: onUpdate: resolveHostedAnchor: pending resolve--- time=2023-04-22 01:54:15.096]
04-22 01:54:15.097  8762  8915 D ar_activity: [resolveHostedAnchor: TASK_IN_PROGRESS time=2023-04-22 01:54:15.097]
04-22 01:54:15.115  8762  8915 D ar_activity: [--- anchor: onUpdate: resolveHostedAnchor: pending resolve--- time=2023-04-22 01:54:15.115]
04-22 01:54:15.116  8762  8915 D ar_activity: [resolveHostedAnchor: TASK_IN_PROGRESS time=2023-04-22 01:54:15.116]
04-22 01:54:15.137  8762  8915 D ar_activity: [--- anchor: onUpdate: resolveHostedAnchor: pending resolve--- time=2023-04-22 01:54:15.136]
04-22 01:54:15.137  8762  8915 D ar_activity: [resolveHostedAnchor: TASK_IN_PROGRESS time=2023-04-22 01:54:15.137]
04-22 01:54:15.156  8762  8915 D ar_activity: [--- anchor: onUpdate: resolveHostedAnchor: pending resolve--- time=2023-04-22 01:54:15.156]
04-22 01:54:15.156  8762  8915 D ar_activity: [resolveHostedAnchor: TASK_IN_PROGRESS time=2023-04-22 01:54:15.156]
04-22 01:54:15.175  8762  8915 D ar_activity: [--- anchor: onUpdate: resolveHostedAnchor: pending resolve--- time=2023-04-22 01:54:15.175]
04-22 01:54:15.175  8762  8915 D ar_activity: [resolveHostedAnchor: TASK_IN_PROGRESS time=2023-04-22 01:54:15.175]
04-22 01:54:15.195  8762  8915 D ar_activity: [--- anchor: onUpdate: resolveHostedAnchor: pending resolve--- time=2023-04-22 01:54:15.195]
04-22 01:54:15.196  8762  8915 D ar_activity: [resolveHostedAnchor: TASK_IN_PROGRESS time=2023-04-22 01:54:15.195]
04-22 01:54:15.224  8762  8915 D ar_activity: [--- anchor: onUpdate: resolveHostedAnchor: pending resolve--- time=2023-04-22 01:54:15.224]
04-22 01:54:15.224  8762  8915 D ar_activity: [resolveHostedAnchor: TASK_IN_PROGRESS time=2023-04-22 01:54:15.224]
04-22 01:54:15.250  8762  8915 D ar_activity: [--- anchor: onUpdate: resolveHostedAnchor: pending resolve--- time=2023-04-22 01:54:15.250]
04-22 01:54:15.251  8762  8915 D ar_activity: [resolveHostedAnchor: TASK_IN_PROGRESS time=2023-04-22 01:54:15.251]
04-22 01:54:15.272  8762  8915 D ar_activity: [--- anchor: onUpdate: resolveHostedAnchor: pending resolve--- time=2023-04-22 01:54:15.271]
04-22 01:54:15.272  8762  8915 D ar_activity: [resolveHostedAnchor: TASK_IN_PROGRESS time=2023-04-22 01:54:15.272]
04-22 01:54:15.292  8762  8915 D ar_activity: [--- anchor: onUpdate: resolveHostedAnchor: pending resolve--- time=2023-04-22 01:54:15.292]
04-22 01:54:15.292  8762  8915 D ar_activity: [resolveHostedAnchor: TASK_IN_PROGRESS time=2023-04-22 01:54:15.292]
04-22 01:54:15.311  8762  8915 D ar_activity: [--- anchor: onUpdate: resolveHostedAnchor: pending resolve--- time=2023-04-22 01:54:15.311]
04-22 01:54:15.311  8762  8915 D ar_activity: [resolveHostedAnchor: TASK_IN_PROGRESS time=2023-04-22 01:54:15.311]
04-22 01:54:15.330  8762  8915 D ar_activity: [--- anchor: onUpdate: resolveHostedAnchor: pending resolve--- time=2023-04-22 01:54:15.330]
04-22 01:54:15.330  8762  8915 D ar_activity: [resolveHostedAnchor: TASK_IN_PROGRESS time=2023-04-22 01:54:15.330]
04-22 01:54:15.352  8762  8915 D ar_activity: [--- anchor: onUpdate: resolveHostedAnchor: pending resolve--- time=2023-04-22 01:54:15.352]
04-22 01:54:15.352  8762  8915 D ar_activity: [resolveHostedAnchor: TASK_IN_PROGRESS time=2023-04-22 01:54:15.352]
04-22 01:54:15.374  8762  8915 D ar_activity: [--- anchor: onUpdate: resolveHostedAnchor: pending resolve--- time=2023-04-22 01:54:15.374]
04-22 01:54:15.374  8762  8915 D ar_activity: [resolveHostedAnchor: TASK_IN_PROGRESS time=2023-04-22 01:54:15.374]
04-22 01:54:15.395  8762  8915 D ar_activity: [--- anchor: onUpdate: resolveHostedAnchor: pending resolve--- time=2023-04-22 01:54:15.394]
04-22 01:54:15.395  8762  8915 D ar_activity: [resolveHostedAnchor: TASK_IN_PROGRESS time=2023-04-22 01:54:15.395]
04-22 01:54:15.415  8762  8915 D ar_activity: [--- anchor: onUpdate: resolveHostedAnchor: pending resolve--- time=2023-04-22 01:54:15.415]
04-22 01:54:15.415  8762  8915 D ar_activity: [resolveHostedAnchor: TASK_IN_PROGRESS time=2023-04-22 01:54:15.415]
04-22 01:54:15.437  8762  8915 D ar_activity: [--- anchor: onUpdate: resolveHostedAnchor: pending resolve--- time=2023-04-22 01:54:15.436]
04-22 01:54:15.437  8762  8915 D ar_activity: [resolveHostedAnchor: TASK_IN_PROGRESS time=2023-04-22 01:54:15.437]
04-22 01:54:15.456  8762  8915 D ar_activity: [--- anchor: onUpdate: resolveHostedAnchor: pending resolve--- time=2023-04-22 01:54:15.456]
04-22 01:54:15.457  8762  8915 D ar_activity: [resolveHostedAnchor: TASK_IN_PROGRESS time=2023-04-22 01:54:15.456]
04-22 01:54:15.475  8762  8915 D ar_activity: [--- anchor: onUpdate: resolveHostedAnchor: pending resolve--- time=2023-04-22 01:54:15.475]
04-22 01:54:15.475  8762  8915 D ar_activity: [resolveHostedAnchor: TASK_IN_PROGRESS time=2023-04-22 01:54:15.475]
04-22 01:54:15.496  8762  8915 D ar_activity: [--- anchor: onUpdate: resolveHostedAnchor: pending resolve--- time=2023-04-22 01:54:15.496]
04-22 01:54:15.497  8762  8915 D ar_activity: [resolveHostedAnchor: TASK_IN_PROGRESS time=2023-04-22 01:54:15.497]
04-22 01:54:15.518  8762  8915 D ar_activity: [--- anchor: onUpdate: resolveHostedAnchor: pending resolve--- time=2023-04-22 01:54:15.518]
04-22 01:54:15.519  8762  8915 D ar_activity: [resolveHostedAnchor: TASK_IN_PROGRESS time=2023-04-22 01:54:15.518]
04-22 01:54:15.541  8762  8915 D ar_activity: [--- anchor: onUpdate: resolveHostedAnchor: pending resolve--- time=2023-04-22 01:54:15.540]
04-22 01:54:15.541  8762  8915 D ar_activity: [resolveHostedAnchor: TASK_IN_PROGRESS time=2023-04-22 01:54:15.541]
04-22 01:54:15.560  8762  8915 D ar_activity: [--- anchor: onUpdate: resolveHostedAnchor: pending resolve--- time=2023-04-22 01:54:15.559]
04-22 01:54:15.560  8762  8915 D ar_activity: [resolveHostedAnchor: TASK_IN_PROGRESS time=2023-04-22 01:54:15.560]
04-22 01:54:15.580  8762  8915 D ar_activity: [--- anchor: onUpdate: resolveHostedAnchor: pending resolve--- time=2023-04-22 01:54:15.580]
04-22 01:54:15.580  8762  8915 D ar_activity: [resolveHostedAnchor: TASK_IN_PROGRESS time=2023-04-22 01:54:15.580]
04-22 01:54:15.598  8762  8915 D ar_activity: [--- anchor: onUpdate: resolveHostedAnchor: pending resolve--- time=2023-04-22 01:54:15.598]
04-22 01:54:15.599  8762  8915 D ar_activity: [resolveHostedAnchor: TASK_IN_PROGRESS time=2023-04-22 01:54:15.599]
04-22 01:54:15.620  8762  8915 D ar_activity: [--- anchor: onUpdate: resolveHostedAnchor: pending resolve--- time=2023-04-22 01:54:15.620]
04-22 01:54:15.621  8762  8915 D ar_activity: [resolveHostedAnchor: TASK_IN_PROGRESS time=2023-04-22 01:54:15.621]
04-22 01:54:15.641  8762  8915 D ar_activity: [--- anchor: onUpdate: resolveHostedAnchor: pending resolve--- time=2023-04-22 01:54:15.641]
04-22 01:54:15.642  8762  8915 D ar_activity: [resolveHostedAnchor: TASK_IN_PROGRESS time=2023-04-22 01:54:15.641]
04-22 01:54:15.660  8762  8915 D ar_activity: [--- anchor: onUpdate: resolveHostedAnchor: pending resolve--- time=2023-04-22 01:54:15.660]
04-22 01:54:15.660  8762  8915 D ar_activity: [resolveHostedAnchor: TASK_IN_PROGRESS time=2023-04-22 01:54:15.660]
04-22 01:54:15.681  8762  8915 D ar_activity: [--- anchor: onUpdate: resolveHostedAnchor: pending resolve--- time=2023-04-22 01:54:15.680]
04-22 01:54:15.681  8762  8915 D ar_activity: [resolveHostedAnchor: TASK_IN_PROGRESS time=2023-04-22 01:54:15.681]
04-22 01:54:15.699  8762  8915 D ar_activity: [--- anchor: onUpdate: resolveHostedAnchor: pending resolve--- time=2023-04-22 01:54:15.699]
04-22 01:54:15.699  8762  8915 D ar_activity: [resolveHostedAnchor: TASK_IN_PROGRESS time=2023-04-22 01:54:15.699]
04-22 01:54:15.719  8762  8915 D ar_activity: [--- anchor: onUpdate: resolveHostedAnchor: pending resolve--- time=2023-04-22 01:54:15.719]
04-22 01:54:15.719  8762  8915 D ar_activity: [resolveHostedAnchor: TASK_IN_PROGRESS time=2023-04-22 01:54:15.719]
04-22 01:54:15.742  8762  8915 D ar_activity: [--- anchor: onUpdate: resolveHostedAnchor: pending resolve--- time=2023-04-22 01:54:15.741]
04-22 01:54:15.742  8762  8915 D ar_activity: [resolveHostedAnchor: TASK_IN_PROGRESS time=2023-04-22 01:54:15.742]
04-22 01:54:15.765  8762  8915 D ar_activity: [--- anchor: onUpdate: resolveHostedAnchor: pending resolve--- time=2023-04-22 01:54:15.764]
04-22 01:54:15.765  8762  8915 D ar_activity: [resolveHostedAnchor: TASK_IN_PROGRESS time=2023-04-22 01:54:15.765]
04-22 01:54:15.784  8762  8915 D ar_activity: [--- anchor: onUpdate: resolveHostedAnchor: pending resolve--- time=2023-04-22 01:54:15.784]
04-22 01:54:15.785  8762  8915 D ar_activity: [resolveHostedAnchor: TASK_IN_PROGRESS time=2023-04-22 01:54:15.784]
04-22 01:54:15.807  8762  8915 D ar_activity: [--- anchor: onUpdate: resolveHostedAnchor: pending resolve--- time=2023-04-22 01:54:15.807]
04-22 01:54:15.808  8762  8915 D ar_activity: [resolveHostedAnchor: TASK_IN_PROGRESS time=2023-04-22 01:54:15.807]
04-22 01:54:15.829  8762  8915 D ar_activity: [--- anchor: onUpdate: resolveHostedAnchor: pending resolve--- time=2023-04-22 01:54:15.829]
04-22 01:54:15.829  8762  8915 D ar_activity: [resolveHostedAnchor: TASK_IN_PROGRESS time=2023-04-22 01:54:15.829]
04-22 01:54:15.850  8762  8915 D ar_activity: [--- anchor: onUpdate: resolveHostedAnchor: pending resolve--- time=2023-04-22 01:54:15.849]
04-22 01:54:15.851  8762  8915 D ar_activity: [resolveHostedAnchor: TASK_IN_PROGRESS time=2023-04-22 01:54:15.850]
04-22 01:54:15.875  8762  8915 D ar_activity: [--- anchor: onUpdate: resolveHostedAnchor: pending resolve--- time=2023-04-22 01:54:15.873]
04-22 01:54:15.876  8762  8915 D ar_activity: [resolveHostedAnchor: TASK_IN_PROGRESS time=2023-04-22 01:54:15.876]
04-22 01:54:15.895  8762  8915 D ar_activity: [--- anchor: onUpdate: resolveHostedAnchor: pending resolve--- time=2023-04-22 01:54:15.895]
04-22 01:54:15.895  8762  8915 D ar_activity: [resolveHostedAnchor: TASK_IN_PROGRESS time=2023-04-22 01:54:15.895]
04-22 01:54:15.916  8762  8915 D ar_activity: [--- anchor: onUpdate: resolveHostedAnchor: pending resolve--- time=2023-04-22 01:54:15.915]
04-22 01:54:15.917  8762  8915 D ar_activity: [resolveHostedAnchor: TASK_IN_PROGRESS time=2023-04-22 01:54:15.916]
04-22 01:54:15.943  8762  8915 D ar_activity: [--- anchor: onUpdate: resolveHostedAnchor: pending resolve--- time=2023-04-22 01:54:15.942]
04-22 01:54:15.944  8762  8915 D ar_activity: [resolveHostedAnchor: TASK_IN_PROGRESS time=2023-04-22 01:54:15.943]
04-22 01:54:15.976  8762  8915 D ar_activity: [--- anchor: onUpdate: resolveHostedAnchor: pending resolve--- time=2023-04-22 01:54:15.975]
04-22 01:54:15.976  8762  8915 D ar_activity: [resolveHostedAnchor: TASK_IN_PROGRESS time=2023-04-22 01:54:15.976]
04-22 01:54:16.010  8762  8915 D ar_activity: [--- anchor: onUpdate: resolveHostedAnchor: pending resolve--- time=2023-04-22 01:54:16.010]
04-22 01:54:16.010  8762  8915 D ar_activity: [resolveHostedAnchor: TASK_IN_PROGRESS time=2023-04-22 01:54:16.010]
04-22 01:54:16.031  8762  8915 D ar_activity: [--- anchor: onUpdate: resolveHostedAnchor: pending resolve--- time=2023-04-22 01:54:16.031]
04-22 01:54:16.032  8762  8915 D ar_activity: [resolveHostedAnchor: TASK_IN_PROGRESS time=2023-04-22 01:54:16.032]
04-22 01:54:16.055  8762  8915 D ar_activity: [--- anchor: onUpdate: resolveHostedAnchor: pending resolve--- time=2023-04-22 01:54:16.055]
04-22 01:54:16.055  8762  8915 D ar_activity: [resolveHostedAnchor: TASK_IN_PROGRESS time=2023-04-22 01:54:16.055]
04-22 01:54:16.074  8762  8915 D ar_activity: [--- anchor: onUpdate: resolveHostedAnchor: pending resolve--- time=2023-04-22 01:54:16.074]
04-22 01:54:16.074  8762  8915 D ar_activity: [resolveHostedAnchor: TASK_IN_PROGRESS time=2023-04-22 01:54:16.074]
04-22 01:54:16.096  8762  8915 D ar_activity: [--- anchor: onUpdate: resolveHostedAnchor: pending resolve--- time=2023-04-22 01:54:16.094]
04-22 01:54:16.096  8762  8915 D ar_activity: [resolveHostedAnchor: TASK_IN_PROGRESS time=2023-04-22 01:54:16.096]
04-22 01:54:16.116  8762  8915 D ar_activity: [--- anchor: onUpdate: resolveHostedAnchor: pending resolve--- time=2023-04-22 01:54:16.115]
04-22 01:54:16.116  8762  8915 D ar_activity: [resolveHostedAnchor: TASK_IN_PROGRESS time=2023-04-22 01:54:16.116]
04-22 01:54:16.143  8762  8915 D ar_activity: [--- anchor: onUpdate: resolveHostedAnchor: pending resolve--- time=2023-04-22 01:54:16.142]
04-22 01:54:16.144  8762  8915 D ar_activity: [resolveHostedAnchor: TASK_IN_PROGRESS time=2023-04-22 01:54:16.143]
04-22 01:54:16.166  8762  8915 D ar_activity: [--- anchor: onUpdate: resolveHostedAnchor: pending resolve--- time=2023-04-22 01:54:16.166]
04-22 01:54:16.166  8762  8915 D ar_activity: [resolveHostedAnchor: TASK_IN_PROGRESS time=2023-04-22 01:54:16.166]
04-22 01:54:16.190  8762  8915 D ar_activity: [--- anchor: onUpdate: resolveHostedAnchor: pending resolve--- time=2023-04-22 01:54:16.189]
04-22 01:54:16.190  8762  8915 D ar_activity: [resolveHostedAnchor: TASK_IN_PROGRESS time=2023-04-22 01:54:16.190]
04-22 01:54:16.212  8762  8915 D ar_activity: [--- anchor: onUpdate: resolveHostedAnchor: pending resolve--- time=2023-04-22 01:54:16.211]
04-22 01:54:16.212  8762  8915 D ar_activity: [resolveHostedAnchor: TASK_IN_PROGRESS time=2023-04-22 01:54:16.212]
04-22 01:54:16.241  8762  8915 D ar_activity: [--- anchor: onUpdate: resolveHostedAnchor: pending resolve--- time=2023-04-22 01:54:16.241]
04-22 01:54:16.242  8762  8915 D ar_activity: [resolveHostedAnchor: TASK_IN_PROGRESS time=2023-04-22 01:54:16.241]
04-22 01:54:16.264  8762  8915 D ar_activity: [--- anchor: onUpdate: resolveHostedAnchor: pending resolve--- time=2023-04-22 01:54:16.263]
04-22 01:54:16.264  8762  8915 D ar_activity: [resolveHostedAnchor: TASK_IN_PROGRESS time=2023-04-22 01:54:16.264]
04-22 01:54:16.282  8762  8915 D ar_activity: [--- anchor: onUpdate: resolveHostedAnchor: pending resolve--- time=2023-04-22 01:54:16.282]
04-22 01:54:16.282  8762  8915 D ar_activity: [resolveHostedAnchor: TASK_IN_PROGRESS time=2023-04-22 01:54:16.282]
04-22 01:54:16.301  8762  8915 D ar_activity: [--- anchor: onUpdate: resolveHostedAnchor: pending resolve--- time=2023-04-22 01:54:16.301]
04-22 01:54:16.301  8762  8915 D ar_activity: [resolveHostedAnchor: TASK_IN_PROGRESS time=2023-04-22 01:54:16.301]
04-22 01:54:16.322  8762  8915 D ar_activity: [--- anchor: onUpdate: resolveHostedAnchor: pending resolve--- time=2023-04-22 01:54:16.322]
04-22 01:54:16.323  8762  8915 D ar_activity: [resolveHostedAnchor: TASK_IN_PROGRESS time=2023-04-22 01:54:16.322]
04-22 01:54:16.341  8762  8915 D ar_activity: [--- anchor: onUpdate: resolveHostedAnchor: pending resolve--- time=2023-04-22 01:54:16.341]
04-22 01:54:16.341  8762  8915 D ar_activity: [resolveHostedAnchor: TASK_IN_PROGRESS time=2023-04-22 01:54:16.341]
04-22 01:54:16.360  8762  8915 D ar_activity: [--- anchor: onUpdate: resolveHostedAnchor: pending resolve--- time=2023-04-22 01:54:16.360]
04-22 01:54:16.360  8762  8915 D ar_activity: [resolveHostedAnchor: TASK_IN_PROGRESS time=2023-04-22 01:54:16.360]
04-22 01:54:16.382  8762  8915 D ar_activity: [--- anchor: onUpdate: resolveHostedAnchor: pending resolve--- time=2023-04-22 01:54:16.381]
04-22 01:54:16.382  8762  8915 D ar_activity: [resolveHostedAnchor: TASK_IN_PROGRESS time=2023-04-22 01:54:16.382]
04-22 01:54:16.400  8762  8915 D ar_activity: [--- anchor: onUpdate: resolveHostedAnchor: pending resolve--- time=2023-04-22 01:54:16.400]
04-22 01:54:16.400  8762  8915 D ar_activity: [resolveHostedAnchor: SUCCESS time=2023-04-22 01:54:16.400]
04-22 01:54:16.405  8762  8915 D ar_activity: [[2d] after update lines time=2023-04-22 01:54:16.403]
04-22 01:54:16.413  8762  8762 D ar_activity: SYNCED: 2023-04-22 01:54:16.413
04-22 01:54:19.946  8762  8762 D ar_activity: [[2a end - 2d start] onChildAdded stroke id=-NTbWl5BcFkKAu9j2Nvf time=2023-04-22 01:54:19.946]
04-22 01:54:19.949  8762  8762 D ar_activity: stroke (id: -NTbWl5BcFkKAu9j2Nvf) was resolved at 2023-04-22 01:54:19.949
04-22 01:54:19.949  8762  8762 D ar_activity: [[2a end or 2d start] onLineAdded stroke id=-NTbWl5BcFkKAu9j2Nvf time=2023-04-22 01:54:19.949]
04-22 01:54:19.950  8762  8762 D ar_activity: [[2a end - 2d start] onChildChanged stroke id=-NTbWl5BcFkKAu9j2Nvf time=2023-04-22 01:54:19.950]
04-22 01:54:19.964  8762  8915 D ar_activity: [[2d] after update lines time=2023-04-22 01:54:19.963]
04-22 01:54:19.982  8762  8762 D ar_activity: [[2a end - 2d start] onChildChanged stroke id=-NTbWl5BcFkKAu9j2Nvf time=2023-04-22 01:54:19.981]
04-22 01:54:20.001  8762  8915 D ar_activity: [[2d] after update lines time=2023-04-22 01:54:20.001]
04-22 01:54:20.099  8762  8762 D ar_activity: [[2a end - 2d start] onChildChanged stroke id=-NTbWl5BcFkKAu9j2Nvf time=2023-04-22 01:54:20.099]
04-22 01:54:20.103  8762  8915 D ar_activity: [[2d] after update lines time=2023-04-22 01:54:20.102]
04-22 01:54:20.145  8762  8915 D ar_activity: [[2d] after update lines time=2023-04-22 01:54:20.144]
04-22 01:54:20.151  8762  8762 D ar_activity: [[2a end - 2d start] onChildChanged stroke id=-NTbWl5BcFkKAu9j2Nvf time=2023-04-22 01:54:20.151]
04-22 01:54:20.165  8762  8915 D ar_activity: [[2d] after update lines time=2023-04-22 01:54:20.165]
04-22 01:54:20.184  8762  8915 D ar_activity: [[2d] after update lines time=2023-04-22 01:54:20.184]
04-22 01:54:20.203  8762  8915 D ar_activity: [[2d] after update lines time=2023-04-22 01:54:20.203]
04-22 01:54:20.225  8762  8915 D ar_activity: [[2d] after update lines time=2023-04-22 01:54:20.225]
04-22 01:54:20.246  8762  8915 D ar_activity: [[2d] after update lines time=2023-04-22 01:54:20.245]
04-22 01:54:20.248  8762  8762 D ar_activity: [[2a end - 2d start] onChildChanged stroke id=-NTbWl5BcFkKAu9j2Nvf time=2023-04-22 01:54:20.248]
04-22 01:54:20.273  8762  8915 D ar_activity: [[2d] after update lines time=2023-04-22 01:54:20.273]
04-22 01:54:20.292  8762  8762 D ar_activity: [[2a end - 2d start] onChildChanged stroke id=-NTbWl5BcFkKAu9j2Nvf time=2023-04-22 01:54:20.291]
04-22 01:54:20.294  8762  8915 D ar_activity: [[2d] after update lines time=2023-04-22 01:54:20.293]
04-22 01:54:20.312  8762  8915 D ar_activity: [[2d] after update lines time=2023-04-22 01:54:20.312]
04-22 01:54:20.333  8762  8915 D ar_activity: [[2d] after update lines time=2023-04-22 01:54:20.333]
04-22 01:54:20.359  8762  8915 D ar_activity: [[2d] after update lines time=2023-04-22 01:54:20.359]
