--------- beginning of main
04-21 17:01:21.047 23730 23876 D ar_activity: [[2d] after update lines time=2023-04-21 17:01:21.003]
04-21 17:01:22.898 23730 23730 D ar_activity: [[1a start] touch screen time=2023-04-21 17:01:22.898]
04-21 17:01:22.910 23730 23876 D ar_activity: addStroke at 2023-04-21 17:01:22.910
04-21 17:01:22.912 23730 23876 D ar_activity: send stroke to firebase, id=null
04-21 17:01:22.912 23730 23876 D ar_activity: [[2d] after update lines time=2023-04-21 17:01:22.912]
04-21 17:01:22.930 23730 23876 D ar_activity: send stroke to firebase, id=null
04-21 17:01:22.931 23730 23876 D ar_activity: [[2d] after update lines time=2023-04-21 17:01:22.931]
04-21 17:01:22.950 23730 23876 D ar_activity: send stroke to firebase, id=null
04-21 17:01:22.953 23730 23876 D ar_activity: [[2d] after update lines time=2023-04-21 17:01:22.952]
04-21 17:01:22.973 23730 23876 D ar_activity: send stroke to firebase, id=null
04-21 17:01:22.974 23730 23876 D ar_activity: [[2d] after update lines time=2023-04-21 17:01:22.974]
04-21 17:01:22.997 23730 23876 D ar_activity: send stroke to firebase, id=null
04-21 17:01:22.998 23730 23876 D ar_activity: [[2d] after update lines time=2023-04-21 17:01:22.997]
04-21 17:01:26.668 23730 23730 D ar_activity: [[1a start] touch screen time=2023-04-21 17:01:26.668]
04-21 17:01:26.671 23730 23876 D ar_activity: addStroke at 2023-04-21 17:01:26.671
04-21 17:01:26.672 23730 23876 D ar_activity: send stroke to firebase, id=null
04-21 17:01:26.673 23730 23876 D ar_activity: [[2d] after update lines time=2023-04-21 17:01:26.673]
04-21 17:01:26.695 23730 23876 D ar_activity: send stroke to firebase, id=null
04-21 17:01:26.696 23730 23876 D ar_activity: [[2d] after update lines time=2023-04-21 17:01:26.695]
04-21 17:01:26.714 23730 23876 D ar_activity: send stroke to firebase, id=null
04-21 17:01:26.715 23730 23876 D ar_activity: [[2d] after update lines time=2023-04-21 17:01:26.714]
04-21 17:01:26.734 23730 23876 D ar_activity: send stroke to firebase, id=null
04-21 17:01:26.734 23730 23876 D ar_activity: [[2d] after update lines time=2023-04-21 17:01:26.734]
04-21 17:01:27.641 23730 23730 D ar_activity: [--- pair start --- time=2023-04-21 17:01:27.641]
04-21 17:01:27.641 23730 23730 D ar_activity: [--- pair session start --- time=2023-04-21 17:01:27.641]
04-21 17:01:27.678 23730 23730 D ar_activity: [create room: Message{namespace='', type='', content=[34 bytes]} time=2023-04-21 17:01:27.677]
04-21 17:01:27.687 23730 23730 D ar_activity: LOOKING: 2023-04-21 17:01:27.687
04-21 17:01:31.792 23730 23730 D ar_activity: [--- pair joined --- time=2023-04-21 17:01:31.792]
04-21 17:01:31.800 23730 23730 D ar_activity: PARTNER FOUND: 2023-04-21 17:01:31.800
04-21 17:01:33.808 23730 23730 D ar_activity: SET ANCHOR: 2023-04-21 17:01:33.808
04-21 17:01:35.140 23730 23730 D ar_activity: [--- sync ready to set anchor --- time=2023-04-21 17:01:35.140]
04-21 17:01:35.214 23730 23730 D ar_activity: [--- sync: sendSetAnchorEvent --- time=2023-04-21 17:01:35.214]
04-21 17:01:35.215 23730 23730 D ar_activity: --- start creating anchor: 2023-04-21 17:01:35.215 ---
04-21 17:01:35.215 23730 23730 D ar_activity: --- anchor: com.google.ar.core.Anchor@b49f4fe9 ---
04-21 17:01:35.215 23730 23730 D ar_activity: --- finish creating anchor: 2023-04-21 17:01:35.215 ---
04-21 17:01:35.216 23730 23730 D ar_activity: stroke (id: -NT_bpG8VPAj5kRXPi0h) was added at 2023-04-21 17:01:35.216
04-21 17:01:35.216 23730 23730 D ar_activity: [[1b start] setFirebaseValue stroke id=-NT_bpG8VPAj5kRXPi0h time=2023-04-21 17:01:35.216]
04-21 17:01:35.220 23730 23730 D ar_activity: stroke (id: -NT_bpGD6xTE_gRPZY4m) was added at 2023-04-21 17:01:35.220
04-21 17:01:35.221 23730 23730 D ar_activity: [hostAnchor start time=2023-04-21 17:01:35.221]
04-21 17:01:35.221 23730 23730 D ar_activity: [hostAnchor end time=2023-04-21 17:01:35.221]
04-21 17:01:35.223 23730 23730 D ar_activity: [anchor resolution changed: null time=2023-04-21 17:01:35.222]
04-21 17:01:35.225 23730 23730 D ar_activity: Start CONNECTING: 2023-04-21 17:01:35.224
04-21 17:01:35.229 23730 23876 D ar_activity: [--- anchor: onUpdate--- time=2023-04-21 17:01:35.229]
04-21 17:01:35.230 23730 23876 D ar_activity: [[2d] after update lines time=2023-04-21 17:01:35.230]
04-21 17:01:35.338 23730 23730 D ar_activity: [[1b start] setFirebaseValue stroke id=-NT_bpGD6xTE_gRPZY4m time=2023-04-21 17:01:35.338]
04-21 17:01:38.594 23730 23876 D ar_activity: [--- anchor: onUpdate--- time=2023-04-21 17:01:38.594]
04-21 17:01:38.594 23730 23876 D ar_activity: [--- onAnchorHosted [HOSTED]--- time=2023-04-21 17:01:38.594]
04-21 17:01:38.602 23730 23730 D ar_activity: [anchor resolution changed: false time=2023-04-21 17:01:38.602]
04-21 17:01:54.111 23730 23730 D ar_activity: [--- sync: finish syncing anchor --- time=2023-04-21 17:01:54.110]
04-21 17:01:54.115 23730 23730 D ar_activity: SYNCED: 2023-04-21 17:01:54.115
04-21 17:01:54.201 23730 23730 D ar_activity: [[2a end - 2d start] onChildAdded stroke id=-NT_bpG8VPAj5kRXPi0h time=2023-04-21 17:01:54.201]
04-21 17:01:54.202 23730 23730 D ar_activity: [[2a end - 2d start] onChildAdded stroke id=-NT_bpGD6xTE_gRPZY4m time=2023-04-21 17:01:54.202]
04-21 17:01:58.706 23730 23730 D ar_activity: [[1a start] touch screen time=2023-04-21 17:01:58.705]
04-21 17:01:58.722 23730 23876 D ar_activity: addStroke at 2023-04-21 17:01:58.721
04-21 17:01:58.723 23730 23876 D ar_activity: stroke (id: -NT_bv-R--_bECDeMKMI) was added at 2023-04-21 17:01:58.722
04-21 17:01:58.723 23730 23876 D ar_activity: [[1b start] setFirebaseValue stroke id=-NT_bv-R--_bECDeMKMI time=2023-04-21 17:01:58.723]
04-21 17:01:58.725 23730 23876 D ar_activity: [TRACKING TransformPointToPose time=2023-04-21 17:01:58.725]
04-21 17:01:58.726 23730 23730 D ar_activity: [[2a end - 2d start] onChildAdded stroke id=-NT_bv-R--_bECDeMKMI time=2023-04-21 17:01:58.725]
04-21 17:01:58.735 23730 23876 D ar_activity: [TRACKING TransformPointToPose time=2023-04-21 17:01:58.735]
04-21 17:01:58.736 23730 23876 D ar_activity: send stroke to firebase, id=-NT_bv-R--_bECDeMKMI
04-21 17:01:58.742 23730 23876 D ar_activity: [[2d] after update lines time=2023-04-21 17:01:58.738]
04-21 17:01:58.778 23730 23876 D ar_activity: [TRACKING TransformPointToPose time=2023-04-21 17:01:58.775]
04-21 17:01:58.781 23730 23876 D ar_activity: [TRACKING TransformPointToPose time=2023-04-21 17:01:58.779]
04-21 17:01:58.785 23730 23876 D ar_activity: send stroke to firebase, id=-NT_bv-R--_bECDeMKMI
04-21 17:01:58.788 23730 23876 D ar_activity: [[2d] after update lines time=2023-04-21 17:01:58.787]
04-21 17:01:58.814 23730 23876 D ar_activity: [TRACKING TransformPointToPose time=2023-04-21 17:01:58.814]
04-21 17:01:58.815 23730 23876 D ar_activity: [TRACKING TransformPointToPose time=2023-04-21 17:01:58.815]
04-21 17:01:58.815 23730 23876 D ar_activity: [TRACKING TransformPointToPose time=2023-04-21 17:01:58.815]
04-21 17:01:58.816 23730 23876 D ar_activity: send stroke to firebase, id=-NT_bv-R--_bECDeMKMI
04-21 17:01:58.821 23730 23876 D ar_activity: [[2d] after update lines time=2023-04-21 17:01:58.820]
04-21 17:01:58.822 23730 23730 D ar_activity: [[1b start] setFirebaseValue stroke id=-NT_bv-R--_bECDeMKMI time=2023-04-21 17:01:58.822]
04-21 17:01:58.841 23730 23876 D ar_activity: [TRACKING TransformPointToPose time=2023-04-21 17:01:58.841]
04-21 17:01:58.841 23730 23730 D ar_activity: [[2a end - 2d start] onChildChanged stroke id=-NT_bv-R--_bECDeMKMI time=2023-04-21 17:01:58.841]
04-21 17:01:58.841 23730 23876 D ar_activity: [TRACKING TransformPointToPose time=2023-04-21 17:01:58.841]
04-21 17:01:58.841 23730 23876 D ar_activity: send stroke to firebase, id=-NT_bv-R--_bECDeMKMI
04-21 17:01:58.841 23730 23876 D ar_activity: [[2d] after update lines time=2023-04-21 17:01:58.841]
04-21 17:01:58.860 23730 23876 D ar_activity: [TRACKING TransformPointToPose time=2023-04-21 17:01:58.860]
04-21 17:01:58.860 23730 23876 D ar_activity: [TRACKING TransformPointToPose time=2023-04-21 17:01:58.860]
04-21 17:01:58.860 23730 23876 D ar_activity: send stroke to firebase, id=-NT_bv-R--_bECDeMKMI
04-21 17:01:58.863 23730 23876 D ar_activity: [[2d] after update lines time=2023-04-21 17:01:58.863]
04-21 17:01:58.882 23730 23876 D ar_activity: [TRACKING TransformPointToPose time=2023-04-21 17:01:58.882]
04-21 17:01:58.882 23730 23876 D ar_activity: [TRACKING TransformPointToPose time=2023-04-21 17:01:58.882]
04-21 17:01:58.882 23730 23876 D ar_activity: send stroke to firebase, id=-NT_bv-R--_bECDeMKMI
04-21 17:01:58.882 23730 23876 D ar_activity: [[2d] after update lines time=2023-04-21 17:01:58.882]
04-21 17:01:58.901 23730 23876 D ar_activity: [TRACKING TransformPointToPose time=2023-04-21 17:01:58.901]
04-21 17:01:58.901 23730 23876 D ar_activity: [TRACKING TransformPointToPose time=2023-04-21 17:01:58.901]
04-21 17:01:58.902 23730 23876 D ar_activity: send stroke to firebase, id=-NT_bv-R--_bECDeMKMI
04-21 17:01:58.902 23730 23876 D ar_activity: [[2d] after update lines time=2023-04-21 17:01:58.902]
04-21 17:01:58.916 23730 23730 D ar_activity: [[2a end - 2d start] onChildChanged stroke id=-NT_bv-R--_bECDeMKMI time=2023-04-21 17:01:58.915]
04-21 17:01:58.922 23730 23876 D ar_activity: [TRACKING TransformPointToPose time=2023-04-21 17:01:58.922]
04-21 17:01:58.922 23730 23876 D ar_activity: [TRACKING TransformPointToPose time=2023-04-21 17:01:58.922]
04-21 17:01:58.923 23730 23876 D ar_activity: send stroke to firebase, id=-NT_bv-R--_bECDeMKMI
04-21 17:01:58.923 23730 23876 D ar_activity: [[2d] after update lines time=2023-04-21 17:01:58.923]
04-21 17:01:58.942 23730 23876 D ar_activity: [TRACKING TransformPointToPose time=2023-04-21 17:01:58.942]
04-21 17:01:58.942 23730 23876 D ar_activity: [TRACKING TransformPointToPose time=2023-04-21 17:01:58.942]
04-21 17:01:58.942 23730 23876 D ar_activity: send stroke to firebase, id=-NT_bv-R--_bECDeMKMI
04-21 17:01:58.945 23730 23876 D ar_activity: [[2d] after update lines time=2023-04-21 17:01:58.944]
04-21 17:01:58.965 23730 23876 D ar_activity: [TRACKING TransformPointToPose time=2023-04-21 17:01:58.965]
04-21 17:01:58.966 23730 23876 D ar_activity: [TRACKING TransformPointToPose time=2023-04-21 17:01:58.965]
04-21 17:01:58.966 23730 23876 D ar_activity: send stroke to firebase, id=-NT_bv-R--_bECDeMKMI
04-21 17:01:58.966 23730 23876 D ar_activity: [[2d] after update lines time=2023-04-21 17:01:58.966]
04-21 17:01:58.985 23730 23876 D ar_activity: [TRACKING TransformPointToPose time=2023-04-21 17:01:58.984]
04-21 17:01:58.985 23730 23876 D ar_activity: [TRACKING TransformPointToPose time=2023-04-21 17:01:58.985]
04-21 17:01:58.986 23730 23876 D ar_activity: send stroke to firebase, id=-NT_bv-R--_bECDeMKMI
04-21 17:01:58.987 23730 23876 D ar_activity: [[2d] after update lines time=2023-04-21 17:01:58.987]
04-21 17:01:59.002 23730 23730 D ar_activity: [[2a end - 2d start] onChildChanged stroke id=-NT_bv-R--_bECDeMKMI time=2023-04-21 17:01:59.002]
04-21 17:01:59.007 23730 23876 D ar_activity: [TRACKING TransformPointToPose time=2023-04-21 17:01:59.007]
04-21 17:01:59.008 23730 23876 D ar_activity: [TRACKING TransformPointToPose time=2023-04-21 17:01:59.007]
04-21 17:01:59.008 23730 23876 D ar_activity: send stroke to firebase, id=-NT_bv-R--_bECDeMKMI
04-21 17:01:59.008 23730 23876 D ar_activity: [[2d] after update lines time=2023-04-21 17:01:59.008]
04-21 17:01:59.026 23730 23876 D ar_activity: [TRACKING TransformPointToPose time=2023-04-21 17:01:59.026]
04-21 17:01:59.026 23730 23876 D ar_activity: send stroke to firebase, id=-NT_bv-R--_bECDeMKMI
04-21 17:01:59.030 23730 23876 D ar_activity: [[2d] after update lines time=2023-04-21 17:01:59.027]
04-21 17:01:59.051 23730 23876 D ar_activity: [TRACKING TransformPointToPose time=2023-04-21 17:01:59.050]
04-21 17:01:59.051 23730 23876 D ar_activity: [TRACKING TransformPointToPose time=2023-04-21 17:01:59.051]
04-21 17:01:59.051 23730 23876 D ar_activity: send stroke to firebase, id=-NT_bv-R--_bECDeMKMI
04-21 17:01:59.052 23730 23876 D ar_activity: [[2d] after update lines time=2023-04-21 17:01:59.052]
04-21 17:01:59.072 23730 23876 D ar_activity: [TRACKING TransformPointToPose time=2023-04-21 17:01:59.071]
04-21 17:01:59.072 23730 23876 D ar_activity: send stroke to firebase, id=-NT_bv-R--_bECDeMKMI
04-21 17:01:59.072 23730 23876 D ar_activity: [[2d] after update lines time=2023-04-21 17:01:59.072]
04-21 17:01:59.093 23730 23876 D ar_activity: [TRACKING TransformPointToPose time=2023-04-21 17:01:59.093]
04-21 17:01:59.093 23730 23876 D ar_activity: [TRACKING TransformPointToPose time=2023-04-21 17:01:59.093]
04-21 17:01:59.093 23730 23876 D ar_activity: send stroke to firebase, id=-NT_bv-R--_bECDeMKMI
04-21 17:01:59.094 23730 23876 D ar_activity: [[2d] after update lines time=2023-04-21 17:01:59.094]
04-21 17:01:59.116 23730 23876 D ar_activity: [TRACKING TransformPointToPose time=2023-04-21 17:01:59.115]
04-21 17:01:59.116 23730 23876 D ar_activity: [TRACKING TransformPointToPose time=2023-04-21 17:01:59.116]
04-21 17:01:59.116 23730 23876 D ar_activity: send stroke to firebase, id=-NT_bv-R--_bECDeMKMI
04-21 17:01:59.117 23730 23876 D ar_activity: [[2d] after update lines time=2023-04-21 17:01:59.117]
04-21 17:01:59.135 23730 23730 D ar_activity: [[2a end - 2d start] onChildChanged stroke id=-NT_bv-R--_bECDeMKMI time=2023-04-21 17:01:59.134]
04-21 17:01:59.136 23730 23876 D ar_activity: [TRACKING TransformPointToPose time=2023-04-21 17:01:59.136]
04-21 17:01:59.136 23730 23876 D ar_activity: [TRACKING TransformPointToPose time=2023-04-21 17:01:59.136]
04-21 17:01:59.136 23730 23876 D ar_activity: send stroke to firebase, id=-NT_bv-R--_bECDeMKMI
04-21 17:01:59.137 23730 23876 D ar_activity: [[2d] after update lines time=2023-04-21 17:01:59.137]
04-21 17:01:59.156 23730 23876 D ar_activity: [TRACKING TransformPointToPose time=2023-04-21 17:01:59.156]
04-21 17:01:59.156 23730 23876 D ar_activity: [TRACKING TransformPointToPose time=2023-04-21 17:01:59.156]
04-21 17:01:59.157 23730 23876 D ar_activity: send stroke to firebase, id=-NT_bv-R--_bECDeMKMI
04-21 17:01:59.157 23730 23876 D ar_activity: [[2d] after update lines time=2023-04-21 17:01:59.157]
04-21 17:01:59.175 23730 23876 D ar_activity: [TRACKING TransformPointToPose time=2023-04-21 17:01:59.175]
04-21 17:01:59.176 23730 23876 D ar_activity: [TRACKING TransformPointToPose time=2023-04-21 17:01:59.176]
04-21 17:01:59.176 23730 23876 D ar_activity: send stroke to firebase, id=-NT_bv-R--_bECDeMKMI
04-21 17:01:59.176 23730 23876 D ar_activity: [[2d] after update lines time=2023-04-21 17:01:59.176]
04-21 17:01:59.197 23730 23876 D ar_activity: [TRACKING TransformPointToPose time=2023-04-21 17:01:59.197]
04-21 17:01:59.198 23730 23876 D ar_activity: send stroke to firebase, id=-NT_bv-R--_bECDeMKMI
04-21 17:01:59.198 23730 23876 D ar_activity: [[2d] after update lines time=2023-04-21 17:01:59.198]
04-21 17:01:59.215 23730 23730 D ar_activity: [[2a end - 2d start] onChildChanged stroke id=-NT_bv-R--_bECDeMKMI time=2023-04-21 17:01:59.214]
04-21 17:01:59.220 23730 23876 D ar_activity: [TRACKING TransformPointToPose time=2023-04-21 17:01:59.220]
04-21 17:01:59.221 23730 23876 D ar_activity: [TRACKING TransformPointToPose time=2023-04-21 17:01:59.221]
04-21 17:01:59.221 23730 23876 D ar_activity: send stroke to firebase, id=-NT_bv-R--_bECDeMKMI
04-21 17:01:59.223 23730 23876 D ar_activity: [[2d] after update lines time=2023-04-21 17:01:59.223]
04-21 17:01:59.243 23730 23876 D ar_activity: [TRACKING TransformPointToPose time=2023-04-21 17:01:59.243]
04-21 17:01:59.243 23730 23876 D ar_activity: [TRACKING TransformPointToPose time=2023-04-21 17:01:59.243]
04-21 17:01:59.243 23730 23876 D ar_activity: send stroke to firebase, id=-NT_bv-R--_bECDeMKMI
04-21 17:01:59.244 23730 23876 D ar_activity: [[2d] after update lines time=2023-04-21 17:01:59.244]
04-21 17:01:59.269 23730 23876 D ar_activity: [TRACKING TransformPointToPose time=2023-04-21 17:01:59.268]
04-21 17:01:59.270 23730 23876 D ar_activity: [TRACKING TransformPointToPose time=2023-04-21 17:01:59.269]
04-21 17:01:59.270 23730 23876 D ar_activity: send stroke to firebase, id=-NT_bv-R--_bECDeMKMI
04-21 17:01:59.272 23730 23876 D ar_activity: [[2d] after update lines time=2023-04-21 17:01:59.272]
04-21 17:01:59.293 23730 23876 D ar_activity: [TRACKING TransformPointToPose time=2023-04-21 17:01:59.292]
04-21 17:01:59.293 23730 23876 D ar_activity: [TRACKING TransformPointToPose time=2023-04-21 17:01:59.293]
04-21 17:01:59.293 23730 23876 D ar_activity: send stroke to firebase, id=-NT_bv-R--_bECDeMKMI
04-21 17:01:59.293 23730 23876 D ar_activity: [[2d] after update lines time=2023-04-21 17:01:59.293]
04-21 17:01:59.316 23730 23876 D ar_activity: [TRACKING TransformPointToPose time=2023-04-21 17:01:59.316]
04-21 17:01:59.316 23730 23876 D ar_activity: [TRACKING TransformPointToPose time=2023-04-21 17:01:59.316]
04-21 17:01:59.317 23730 23876 D ar_activity: send stroke to firebase, id=-NT_bv-R--_bECDeMKMI
04-21 17:01:59.317 23730 23876 D ar_activity: [[2d] after update lines time=2023-04-21 17:01:59.317]
04-21 17:01:59.318 23730 23730 D ar_activity: [[2a end - 2d start] onChildChanged stroke id=-NT_bv-R--_bECDeMKMI time=2023-04-21 17:01:59.318]
04-21 17:01:59.336 23730 23876 D ar_activity: [TRACKING TransformPointToPose time=2023-04-21 17:01:59.335]
04-21 17:01:59.336 23730 23876 D ar_activity: send stroke to firebase, id=-NT_bv-R--_bECDeMKMI
04-21 17:01:59.337 23730 23876 D ar_activity: [[2d] after update lines time=2023-04-21 17:01:59.336]
04-21 17:01:59.356 23730 23876 D ar_activity: [TRACKING TransformPointToPose time=2023-04-21 17:01:59.356]
04-21 17:01:59.357 23730 23876 D ar_activity: [TRACKING TransformPointToPose time=2023-04-21 17:01:59.356]
04-21 17:01:59.358 23730 23876 D ar_activity: [TRACKING TransformPointToPose time=2023-04-21 17:01:59.358]
04-21 17:01:59.358 23730 23876 D ar_activity: send stroke to firebase, id=-NT_bv-R--_bECDeMKMI
04-21 17:01:59.359 23730 23876 D ar_activity: [[2d] after update lines time=2023-04-21 17:01:59.359]
04-21 17:01:59.377 23730 23876 D ar_activity: [TRACKING TransformPointToPose time=2023-04-21 17:01:59.377]
04-21 17:01:59.378 23730 23876 D ar_activity: [TRACKING TransformPointToPose time=2023-04-21 17:01:59.378]
04-21 17:01:59.378 23730 23876 D ar_activity: send stroke to firebase, id=-NT_bv-R--_bECDeMKMI
04-21 17:01:59.379 23730 23876 D ar_activity: [[2d] after update lines time=2023-04-21 17:01:59.378]
04-21 17:01:59.401 23730 23876 D ar_activity: [TRACKING TransformPointToPose time=2023-04-21 17:01:59.400]
04-21 17:01:59.402 23730 23876 D ar_activity: [TRACKING TransformPointToPose time=2023-04-21 17:01:59.402]
04-21 17:01:59.404 23730 23876 D ar_activity: send stroke to firebase, id=-NT_bv-R--_bECDeMKMI
04-21 17:01:59.407 23730 23876 D ar_activity: [[2d] after update lines time=2023-04-21 17:01:59.407]
04-21 17:01:59.407 23730 23730 D ar_activity: [[2a end - 2d start] onChildChanged stroke id=-NT_bv-R--_bECDeMKMI time=2023-04-21 17:01:59.407]
04-21 17:01:59.430 23730 23876 D ar_activity: [TRACKING TransformPointToPose time=2023-04-21 17:01:59.430]
04-21 17:01:59.432 23730 23876 D ar_activity: [TRACKING TransformPointToPose time=2023-04-21 17:01:59.431]
04-21 17:01:59.433 23730 23876 D ar_activity: [TRACKING TransformPointToPose time=2023-04-21 17:01:59.432]
04-21 17:01:59.433 23730 23876 D ar_activity: send stroke to firebase, id=-NT_bv-R--_bECDeMKMI
04-21 17:01:59.435 23730 23876 D ar_activity: [[2d] after update lines time=2023-04-21 17:01:59.434]
04-21 17:01:59.456 23730 23876 D ar_activity: [TRACKING TransformPointToPose time=2023-04-21 17:01:59.456]
04-21 17:01:59.457 23730 23876 D ar_activity: [TRACKING TransformPointToPose time=2023-04-21 17:01:59.457]
04-21 17:01:59.457 23730 23876 D ar_activity: send stroke to firebase, id=-NT_bv-R--_bECDeMKMI
04-21 17:01:59.457 23730 23876 D ar_activity: [[2d] after update lines time=2023-04-21 17:01:59.457]
04-21 17:01:59.476 23730 23876 D ar_activity: [TRACKING TransformPointToPose time=2023-04-21 17:01:59.476]
04-21 17:01:59.476 23730 23876 D ar_activity: [TRACKING TransformPointToPose time=2023-04-21 17:01:59.476]
04-21 17:01:59.476 23730 23876 D ar_activity: send stroke to firebase, id=-NT_bv-R--_bECDeMKMI
04-21 17:01:59.477 23730 23876 D ar_activity: [[2d] after update lines time=2023-04-21 17:01:59.477]
04-21 17:01:59.500 23730 23876 D ar_activity: [TRACKING TransformPointToPose time=2023-04-21 17:01:59.498]
04-21 17:01:59.500 23730 23876 D ar_activity: send stroke to firebase, id=-NT_bv-R--_bECDeMKMI
04-21 17:01:59.500 23730 23730 D ar_activity: [[2a end - 2d start] onChildChanged stroke id=-NT_bv-R--_bECDeMKMI time=2023-04-21 17:01:59.500]
04-21 17:01:59.502 23730 23876 D ar_activity: [[2d] after update lines time=2023-04-21 17:01:59.501]
04-21 17:01:59.523 23730 23876 D ar_activity: [TRACKING TransformPointToPose time=2023-04-21 17:01:59.523]
04-21 17:01:59.524 23730 23876 D ar_activity: [TRACKING TransformPointToPose time=2023-04-21 17:01:59.524]
04-21 17:01:59.524 23730 23876 D ar_activity: send stroke to firebase, id=-NT_bv-R--_bECDeMKMI
04-21 17:01:59.525 23730 23876 D ar_activity: [[2d] after update lines time=2023-04-21 17:01:59.524]
04-21 17:01:59.544 23730 23876 D ar_activity: [TRACKING TransformPointToPose time=2023-04-21 17:01:59.543]
04-21 17:01:59.544 23730 23876 D ar_activity: [TRACKING TransformPointToPose time=2023-04-21 17:01:59.544]
04-21 17:01:59.544 23730 23876 D ar_activity: send stroke to firebase, id=-NT_bv-R--_bECDeMKMI
04-21 17:01:59.545 23730 23876 D ar_activity: [[2d] after update lines time=2023-04-21 17:01:59.545]
04-21 17:01:59.566 23730 23876 D ar_activity: [TRACKING TransformPointToPose time=2023-04-21 17:01:59.566]
04-21 17:01:59.566 23730 23876 D ar_activity: [TRACKING TransformPointToPose time=2023-04-21 17:01:59.566]
04-21 17:01:59.566 23730 23876 D ar_activity: send stroke to firebase, id=-NT_bv-R--_bECDeMKMI
04-21 17:01:59.567 23730 23876 D ar_activity: [[2d] after update lines time=2023-04-21 17:01:59.567]
04-21 17:01:59.587 23730 23876 D ar_activity: [TRACKING TransformPointToPose time=2023-04-21 17:01:59.586]
04-21 17:01:59.588 23730 23876 D ar_activity: [TRACKING TransformPointToPose time=2023-04-21 17:01:59.588]
04-21 17:01:59.588 23730 23876 D ar_activity: send stroke to firebase, id=-NT_bv-R--_bECDeMKMI
04-21 17:01:59.589 23730 23730 D ar_activity: [[2a end - 2d start] onChildChanged stroke id=-NT_bv-R--_bECDeMKMI time=2023-04-21 17:01:59.588]
04-21 17:01:59.590 23730 23876 D ar_activity: [[2d] after update lines time=2023-04-21 17:01:59.590]
04-21 17:01:59.611 23730 23876 D ar_activity: [TRACKING TransformPointToPose time=2023-04-21 17:01:59.610]
04-21 17:01:59.611 23730 23876 D ar_activity: [TRACKING TransformPointToPose time=2023-04-21 17:01:59.611]
04-21 17:01:59.611 23730 23876 D ar_activity: send stroke to firebase, id=-NT_bv-R--_bECDeMKMI
04-21 17:01:59.612 23730 23876 D ar_activity: [[2d] after update lines time=2023-04-21 17:01:59.612]
04-21 17:01:59.632 23730 23876 D ar_activity: [TRACKING TransformPointToPose time=2023-04-21 17:01:59.632]
04-21 17:01:59.633 23730 23876 D ar_activity: [TRACKING TransformPointToPose time=2023-04-21 17:01:59.633]
04-21 17:01:59.633 23730 23876 D ar_activity: send stroke to firebase, id=-NT_bv-R--_bECDeMKMI
04-21 17:01:59.633 23730 23876 D ar_activity: [[2d] after update lines time=2023-04-21 17:01:59.633]
04-21 17:01:59.653 23730 23876 D ar_activity: [TRACKING TransformPointToPose time=2023-04-21 17:01:59.653]
04-21 17:01:59.654 23730 23876 D ar_activity: [TRACKING TransformPointToPose time=2023-04-21 17:01:59.654]
04-21 17:01:59.654 23730 23876 D ar_activity: send stroke to firebase, id=-NT_bv-R--_bECDeMKMI
04-21 17:01:59.656 23730 23876 D ar_activity: [[2d] after update lines time=2023-04-21 17:01:59.656]
04-21 17:01:59.676 23730 23876 D ar_activity: [TRACKING TransformPointToPose time=2023-04-21 17:01:59.676]
04-21 17:01:59.676 23730 23876 D ar_activity: [TRACKING TransformPointToPose time=2023-04-21 17:01:59.676]
04-21 17:01:59.676 23730 23876 D ar_activity: send stroke to firebase, id=-NT_bv-R--_bECDeMKMI
04-21 17:01:59.677 23730 23876 D ar_activity: [[2d] after update lines time=2023-04-21 17:01:59.677]
04-21 17:01:59.691 23730 23730 D ar_activity: [[2a end - 2d start] onChildChanged stroke id=-NT_bv-R--_bECDeMKMI time=2023-04-21 17:01:59.691]
04-21 17:01:59.699 23730 23876 D ar_activity: [TRACKING TransformPointToPose time=2023-04-21 17:01:59.699]
04-21 17:01:59.699 23730 23876 D ar_activity: [TRACKING TransformPointToPose time=2023-04-21 17:01:59.699]
04-21 17:01:59.699 23730 23876 D ar_activity: [TRACKING TransformPointToPose time=2023-04-21 17:01:59.699]
04-21 17:01:59.699 23730 23876 D ar_activity: send stroke to firebase, id=-NT_bv-R--_bECDeMKMI
04-21 17:01:59.700 23730 23876 D ar_activity: [[2d] after update lines time=2023-04-21 17:01:59.700]
04-21 17:01:59.724 23730 23876 D ar_activity: [TRACKING TransformPointToPose time=2023-04-21 17:01:59.722]
04-21 17:01:59.725 23730 23876 D ar_activity: [TRACKING TransformPointToPose time=2023-04-21 17:01:59.724]
04-21 17:01:59.725 23730 23876 D ar_activity: send stroke to firebase, id=-NT_bv-R--_bECDeMKMI
04-21 17:01:59.727 23730 23876 D ar_activity: [[2d] after update lines time=2023-04-21 17:01:59.727]
04-21 17:01:59.752 23730 23876 D ar_activity: [TRACKING TransformPointToPose time=2023-04-21 17:01:59.752]
04-21 17:01:59.752 23730 23876 D ar_activity: [TRACKING TransformPointToPose time=2023-04-21 17:01:59.752]
04-21 17:01:59.752 23730 23876 D ar_activity: [TRACKING TransformPointToPose time=2023-04-21 17:01:59.752]
04-21 17:01:59.753 23730 23876 D ar_activity: send stroke to firebase, id=-NT_bv-R--_bECDeMKMI
04-21 17:01:59.758 23730 23876 D ar_activity: [[2d] after update lines time=2023-04-21 17:01:59.757]
04-21 17:01:59.787 23730 23876 D ar_activity: [TRACKING TransformPointToPose time=2023-04-21 17:01:59.787]
04-21 17:01:59.788 23730 23876 D ar_activity: [TRACKING TransformPointToPose time=2023-04-21 17:01:59.787]
04-21 17:01:59.788 23730 23876 D ar_activity: [TRACKING TransformPointToPose time=2023-04-21 17:01:59.788]
04-21 17:01:59.788 23730 23876 D ar_activity: send stroke to firebase, id=-NT_bv-R--_bECDeMKMI
04-21 17:01:59.790 23730 23876 D ar_activity: [[2d] after update lines time=2023-04-21 17:01:59.789]
04-21 17:01:59.810 23730 23876 D ar_activity: [TRACKING TransformPointToPose time=2023-04-21 17:01:59.810]
04-21 17:01:59.811 23730 23876 D ar_activity: [TRACKING TransformPointToPose time=2023-04-21 17:01:59.810]
04-21 17:01:59.811 23730 23876 D ar_activity: send stroke to firebase, id=-NT_bv-R--_bECDeMKMI
04-21 17:01:59.812 23730 23730 D ar_activity: [[2a end - 2d start] onChildChanged stroke id=-NT_bv-R--_bECDeMKMI time=2023-04-21 17:01:59.812]
04-21 17:01:59.815 23730 23876 D ar_activity: [[2d] after update lines time=2023-04-21 17:01:59.814]
04-21 17:01:59.837 23730 23876 D ar_activity: [TRACKING TransformPointToPose time=2023-04-21 17:01:59.837]
04-21 17:01:59.838 23730 23876 D ar_activity: [TRACKING TransformPointToPose time=2023-04-21 17:01:59.837]
04-21 17:01:59.838 23730 23876 D ar_activity: send stroke to firebase, id=-NT_bv-R--_bECDeMKMI
04-21 17:01:59.839 23730 23876 D ar_activity: [[2d] after update lines time=2023-04-21 17:01:59.839]
04-21 17:01:59.860 23730 23876 D ar_activity: [TRACKING TransformPointToPose time=2023-04-21 17:01:59.859]
04-21 17:01:59.860 23730 23876 D ar_activity: [TRACKING TransformPointToPose time=2023-04-21 17:01:59.860]
04-21 17:01:59.860 23730 23876 D ar_activity: send stroke to firebase, id=-NT_bv-R--_bECDeMKMI
04-21 17:01:59.865 23730 23876 D ar_activity: [[2d] after update lines time=2023-04-21 17:01:59.863]
04-21 17:01:59.886 23730 23876 D ar_activity: [TRACKING TransformPointToPose time=2023-04-21 17:01:59.885]
04-21 17:01:59.886 23730 23876 D ar_activity: [TRACKING TransformPointToPose time=2023-04-21 17:01:59.886]
04-21 17:01:59.886 23730 23876 D ar_activity: [TRACKING TransformPointToPose time=2023-04-21 17:01:59.886]
04-21 17:01:59.886 23730 23876 D ar_activity: send stroke to firebase, id=-NT_bv-R--_bECDeMKMI
04-21 17:01:59.887 23730 23876 D ar_activity: [[2d] after update lines time=2023-04-21 17:01:59.887]
04-21 17:01:59.906 23730 23876 D ar_activity: [TRACKING TransformPointToPose time=2023-04-21 17:01:59.906]
04-21 17:01:59.907 23730 23876 D ar_activity: [TRACKING TransformPointToPose time=2023-04-21 17:01:59.906]
04-21 17:01:59.907 23730 23876 D ar_activity: send stroke to firebase, id=-NT_bv-R--_bECDeMKMI
04-21 17:01:59.909 23730 23876 D ar_activity: [[2d] after update lines time=2023-04-21 17:01:59.908]
04-21 17:01:59.926 23730 23730 D ar_activity: [[2a end - 2d start] onChildChanged stroke id=-NT_bv-R--_bECDeMKMI time=2023-04-21 17:01:59.926]
04-21 17:01:59.927 23730 23876 D ar_activity: [TRACKING TransformPointToPose time=2023-04-21 17:01:59.927]
04-21 17:01:59.927 23730 23876 D ar_activity: send stroke to firebase, id=-NT_bv-R--_bECDeMKMI
04-21 17:01:59.928 23730 23876 D ar_activity: [[2d] after update lines time=2023-04-21 17:01:59.928]
04-21 17:01:59.947 23730 23876 D ar_activity: [TRACKING TransformPointToPose time=2023-04-21 17:01:59.947]
04-21 17:01:59.948 23730 23876 D ar_activity: send stroke to firebase, id=-NT_bv-R--_bECDeMKMI
04-21 17:01:59.948 23730 23876 D ar_activity: [[2d] after update lines time=2023-04-21 17:01:59.948]
04-21 17:01:59.974 23730 23876 D ar_activity: [TRACKING TransformPointToPose time=2023-04-21 17:01:59.973]
04-21 17:01:59.974 23730 23876 D ar_activity: [TRACKING TransformPointToPose time=2023-04-21 17:01:59.974]
04-21 17:01:59.975 23730 23876 D ar_activity: send stroke to firebase, id=-NT_bv-R--_bECDeMKMI
04-21 17:01:59.976 23730 23876 D ar_activity: [[2d] after update lines time=2023-04-21 17:01:59.976]
04-21 17:02:00.000 23730 23876 D ar_activity: [TRACKING TransformPointToPose time=2023-04-21 17:02:00.000]
04-21 17:02:00.000 23730 23876 D ar_activity: [TRACKING TransformPointToPose time=2023-04-21 17:02:00.000]
04-21 17:02:00.000 23730 23876 D ar_activity: send stroke to firebase, id=-NT_bv-R--_bECDeMKMI
04-21 17:02:00.001 23730 23876 D ar_activity: [[2d] after update lines time=2023-04-21 17:02:00.001]
04-21 17:02:00.020 23730 23876 D ar_activity: [TRACKING TransformPointToPose time=2023-04-21 17:02:00.020]
04-21 17:02:00.020 23730 23876 D ar_activity: [TRACKING TransformPointToPose time=2023-04-21 17:02:00.020]
04-21 17:02:00.020 23730 23876 D ar_activity: send stroke to firebase, id=-NT_bv-R--_bECDeMKMI
04-21 17:02:00.021 23730 23876 D ar_activity: [[2d] after update lines time=2023-04-21 17:02:00.021]
04-21 17:02:00.042 23730 23730 D ar_activity: [[2a end - 2d start] onChildChanged stroke id=-NT_bv-R--_bECDeMKMI time=2023-04-21 17:02:00.041]
04-21 17:02:00.043 23730 23876 D ar_activity: [TRACKING TransformPointToPose time=2023-04-21 17:02:00.043]
04-21 17:02:00.044 23730 23876 D ar_activity: send stroke to firebase, id=-NT_bv-R--_bECDeMKMI
04-21 17:02:00.046 23730 23876 D ar_activity: [[2d] after update lines time=2023-04-21 17:02:00.045]
04-21 17:02:00.067 23730 23876 D ar_activity: [TRACKING TransformPointToPose time=2023-04-21 17:02:00.067]
04-21 17:02:00.067 23730 23876 D ar_activity: [TRACKING TransformPointToPose time=2023-04-21 17:02:00.067]
04-21 17:02:00.067 23730 23876 D ar_activity: [TRACKING TransformPointToPose time=2023-04-21 17:02:00.067]
04-21 17:02:00.068 23730 23876 D ar_activity: send stroke to firebase, id=-NT_bv-R--_bECDeMKMI
04-21 17:02:00.068 23730 23876 D ar_activity: [[2d] after update lines time=2023-04-21 17:02:00.068]
04-21 17:02:00.088 23730 23876 D ar_activity: [TRACKING TransformPointToPose time=2023-04-21 17:02:00.087]
04-21 17:02:00.088 23730 23876 D ar_activity: [TRACKING TransformPointToPose time=2023-04-21 17:02:00.088]
04-21 17:02:00.088 23730 23876 D ar_activity: send stroke to firebase, id=-NT_bv-R--_bECDeMKMI
04-21 17:02:00.090 23730 23876 D ar_activity: [[2d] after update lines time=2023-04-21 17:02:00.089]
04-21 17:02:00.110 23730 23876 D ar_activity: [TRACKING TransformPointToPose time=2023-04-21 17:02:00.110]
04-21 17:02:00.111 23730 23876 D ar_activity: [TRACKING TransformPointToPose time=2023-04-21 17:02:00.111]
04-21 17:02:00.112 23730 23876 D ar_activity: send stroke to firebase, id=-NT_bv-R--_bECDeMKMI
04-21 17:02:00.115 23730 23876 D ar_activity: [[2d] after update lines time=2023-04-21 17:02:00.114]
04-21 17:02:00.132 23730 23730 D ar_activity: [[2a end - 2d start] onChildChanged stroke id=-NT_bv-R--_bECDeMKMI time=2023-04-21 17:02:00.132]
04-21 17:02:00.141 23730 23876 D ar_activity: [TRACKING TransformPointToPose time=2023-04-21 17:02:00.141]
04-21 17:02:00.142 23730 23876 D ar_activity: [TRACKING TransformPointToPose time=2023-04-21 17:02:00.142]
04-21 17:02:00.143 23730 23876 D ar_activity: [TRACKING TransformPointToPose time=2023-04-21 17:02:00.142]
04-21 17:02:00.143 23730 23876 D ar_activity: send stroke to firebase, id=-NT_bv-R--_bECDeMKMI
04-21 17:02:00.147 23730 23876 D ar_activity: [[2d] after update lines time=2023-04-21 17:02:00.145]
04-21 17:02:00.172 23730 23876 D ar_activity: [TRACKING TransformPointToPose time=2023-04-21 17:02:00.171]
04-21 17:02:00.172 23730 23876 D ar_activity: [TRACKING TransformPointToPose time=2023-04-21 17:02:00.172]
04-21 17:02:00.173 23730 23876 D ar_activity: send stroke to firebase, id=-NT_bv-R--_bECDeMKMI
04-21 17:02:00.175 23730 23876 D ar_activity: [[2d] after update lines time=2023-04-21 17:02:00.173]
04-21 17:02:00.197 23730 23876 D ar_activity: [TRACKING TransformPointToPose time=2023-04-21 17:02:00.197]
04-21 17:02:00.200 23730 23876 D ar_activity: [TRACKING TransformPointToPose time=2023-04-21 17:02:00.198]
04-21 17:02:00.202 23730 23876 D ar_activity: [TRACKING TransformPointToPose time=2023-04-21 17:02:00.201]
04-21 17:02:00.202 23730 23876 D ar_activity: send stroke to firebase, id=-NT_bv-R--_bECDeMKMI
04-21 17:02:00.205 23730 23876 D ar_activity: [[2d] after update lines time=2023-04-21 17:02:00.204]
04-21 17:02:00.215 23730 23730 D ar_activity: [[2a end - 2d start] onChildChanged stroke id=-NT_bv-R--_bECDeMKMI time=2023-04-21 17:02:00.215]
04-21 17:02:00.228 23730 23876 D ar_activity: [TRACKING TransformPointToPose time=2023-04-21 17:02:00.228]
04-21 17:02:00.228 23730 23876 D ar_activity: [TRACKING TransformPointToPose time=2023-04-21 17:02:00.228]
04-21 17:02:00.229 23730 23876 D ar_activity: [TRACKING TransformPointToPose time=2023-04-21 17:02:00.229]
04-21 17:02:00.229 23730 23876 D ar_activity: send stroke to firebase, id=-NT_bv-R--_bECDeMKMI
04-21 17:02:00.229 23730 23876 D ar_activity: [[2d] after update lines time=2023-04-21 17:02:00.229]
04-21 17:02:00.252 23730 23876 D ar_activity: [TRACKING TransformPointToPose time=2023-04-21 17:02:00.251]
04-21 17:02:00.252 23730 23876 D ar_activity: [TRACKING TransformPointToPose time=2023-04-21 17:02:00.252]
04-21 17:02:00.252 23730 23876 D ar_activity: send stroke to firebase, id=-NT_bv-R--_bECDeMKMI
04-21 17:02:00.253 23730 23876 D ar_activity: [[2d] after update lines time=2023-04-21 17:02:00.252]
04-21 17:02:00.271 23730 23876 D ar_activity: [TRACKING TransformPointToPose time=2023-04-21 17:02:00.271]
04-21 17:02:00.271 23730 23876 D ar_activity: send stroke to firebase, id=-NT_bv-R--_bECDeMKMI
04-21 17:02:00.272 23730 23876 D ar_activity: [[2d] after update lines time=2023-04-21 17:02:00.272]
04-21 17:02:00.291 23730 23876 D ar_activity: [TRACKING TransformPointToPose time=2023-04-21 17:02:00.291]
04-21 17:02:00.292 23730 23876 D ar_activity: [TRACKING TransformPointToPose time=2023-04-21 17:02:00.292]
04-21 17:02:00.292 23730 23876 D ar_activity: send stroke to firebase, id=-NT_bv-R--_bECDeMKMI
04-21 17:02:00.292 23730 23876 D ar_activity: [[2d] after update lines time=2023-04-21 17:02:00.292]
04-21 17:02:00.311 23730 23876 D ar_activity: [TRACKING TransformPointToPose time=2023-04-21 17:02:00.311]
04-21 17:02:00.311 23730 23876 D ar_activity: [TRACKING TransformPointToPose time=2023-04-21 17:02:00.311]
04-21 17:02:00.311 23730 23876 D ar_activity: send stroke to firebase, id=-NT_bv-R--_bECDeMKMI
04-21 17:02:00.312 23730 23876 D ar_activity: [[2d] after update lines time=2023-04-21 17:02:00.312]
04-21 17:02:00.318 23730 23730 D ar_activity: [[2a end - 2d start] onChildChanged stroke id=-NT_bv-R--_bECDeMKMI time=2023-04-21 17:02:00.318]
04-21 17:02:00.333 23730 23876 D ar_activity: [TRACKING TransformPointToPose time=2023-04-21 17:02:00.333]
04-21 17:02:00.334 23730 23876 D ar_activity: [TRACKING TransformPointToPose time=2023-04-21 17:02:00.334]
04-21 17:02:00.334 23730 23876 D ar_activity: send stroke to firebase, id=-NT_bv-R--_bECDeMKMI
04-21 17:02:00.335 23730 23876 D ar_activity: [[2d] after update lines time=2023-04-21 17:02:00.334]
04-21 17:02:00.353 23730 23876 D ar_activity: [TRACKING TransformPointToPose time=2023-04-21 17:02:00.353]
04-21 17:02:00.353 23730 23876 D ar_activity: [TRACKING TransformPointToPose time=2023-04-21 17:02:00.353]
04-21 17:02:00.354 23730 23876 D ar_activity: send stroke to firebase, id=-NT_bv-R--_bECDeMKMI
04-21 17:02:00.354 23730 23876 D ar_activity: [[2d] after update lines time=2023-04-21 17:02:00.354]
04-21 17:02:00.373 23730 23876 D ar_activity: [TRACKING TransformPointToPose time=2023-04-21 17:02:00.373]
04-21 17:02:00.374 23730 23876 D ar_activity: [TRACKING TransformPointToPose time=2023-04-21 17:02:00.374]
04-21 17:02:00.374 23730 23876 D ar_activity: send stroke to firebase, id=-NT_bv-R--_bECDeMKMI
04-21 17:02:00.375 23730 23876 D ar_activity: [[2d] after update lines time=2023-04-21 17:02:00.374]
04-21 17:02:00.393 23730 23876 D ar_activity: [TRACKING TransformPointToPose time=2023-04-21 17:02:00.393]
04-21 17:02:00.393 23730 23876 D ar_activity: send stroke to firebase, id=-NT_bv-R--_bECDeMKMI
04-21 17:02:00.394 23730 23876 D ar_activity: [[2d] after update lines time=2023-04-21 17:02:00.394]
04-21 17:02:00.412 23730 23876 D ar_activity: [TRACKING TransformPointToPose time=2023-04-21 17:02:00.412]
04-21 17:02:00.413 23730 23876 D ar_activity: [TRACKING TransformPointToPose time=2023-04-21 17:02:00.413]
04-21 17:02:00.413 23730 23876 D ar_activity: send stroke to firebase, id=-NT_bv-R--_bECDeMKMI
04-21 17:02:00.414 23730 23876 D ar_activity: [[2d] after update lines time=2023-04-21 17:02:00.414]
04-21 17:02:00.435 23730 23876 D ar_activity: [TRACKING TransformPointToPose time=2023-04-21 17:02:00.434]
04-21 17:02:00.435 23730 23876 D ar_activity: send stroke to firebase, id=-NT_bv-R--_bECDeMKMI
04-21 17:02:00.436 23730 23876 D ar_activity: [[2d] after update lines time=2023-04-21 17:02:00.436]
04-21 17:02:00.436 23730 23730 D ar_activity: [[2a end - 2d start] onChildChanged stroke id=-NT_bv-R--_bECDeMKMI time=2023-04-21 17:02:00.436]
04-21 17:02:00.454 23730 23876 D ar_activity: [TRACKING TransformPointToPose time=2023-04-21 17:02:00.454]
04-21 17:02:00.454 23730 23876 D ar_activity: send stroke to firebase, id=-NT_bv-R--_bECDeMKMI
04-21 17:02:00.455 23730 23876 D ar_activity: [[2d] after update lines time=2023-04-21 17:02:00.455]
04-21 17:02:00.475 23730 23876 D ar_activity: [TRACKING TransformPointToPose time=2023-04-21 17:02:00.474]
04-21 17:02:00.475 23730 23876 D ar_activity: [TRACKING TransformPointToPose time=2023-04-21 17:02:00.475]
04-21 17:02:00.475 23730 23876 D ar_activity: send stroke to firebase, id=-NT_bv-R--_bECDeMKMI
04-21 17:02:00.476 23730 23876 D ar_activity: [[2d] after update lines time=2023-04-21 17:02:00.476]
04-21 17:02:00.494 23730 23876 D ar_activity: [TRACKING TransformPointToPose time=2023-04-21 17:02:00.494]
04-21 17:02:00.494 23730 23876 D ar_activity: send stroke to firebase, id=-NT_bv-R--_bECDeMKMI
04-21 17:02:00.495 23730 23876 D ar_activity: [[2d] after update lines time=2023-04-21 17:02:00.495]
04-21 17:02:00.512 23730 23730 D ar_activity: [[2a end - 2d start] onChildChanged stroke id=-NT_bv-R--_bECDeMKMI time=2023-04-21 17:02:00.512]
04-21 17:02:00.515 23730 23876 D ar_activity: [TRACKING TransformPointToPose time=2023-04-21 17:02:00.515]
04-21 17:02:00.516 23730 23876 D ar_activity: [TRACKING TransformPointToPose time=2023-04-21 17:02:00.516]
04-21 17:02:00.517 23730 23876 D ar_activity: send stroke to firebase, id=-NT_bv-R--_bECDeMKMI
04-21 17:02:00.518 23730 23876 D ar_activity: [[2d] after update lines time=2023-04-21 17:02:00.518]
04-21 17:02:00.543 23730 23876 D ar_activity: [TRACKING TransformPointToPose time=2023-04-21 17:02:00.542]
04-21 17:02:00.544 23730 23876 D ar_activity: [TRACKING TransformPointToPose time=2023-04-21 17:02:00.543]
04-21 17:02:00.544 23730 23876 D ar_activity: send stroke to firebase, id=-NT_bv-R--_bECDeMKMI
04-21 17:02:00.546 23730 23876 D ar_activity: [[2d] after update lines time=2023-04-21 17:02:00.545]
04-21 17:02:00.569 23730 23876 D ar_activity: [TRACKING TransformPointToPose time=2023-04-21 17:02:00.568]
04-21 17:02:00.569 23730 23876 D ar_activity: [TRACKING TransformPointToPose time=2023-04-21 17:02:00.569]
04-21 17:02:00.569 23730 23876 D ar_activity: send stroke to firebase, id=-NT_bv-R--_bECDeMKMI
04-21 17:02:00.570 23730 23876 D ar_activity: [[2d] after update lines time=2023-04-21 17:02:00.570]
04-21 17:02:00.589 23730 23876 D ar_activity: [TRACKING TransformPointToPose time=2023-04-21 17:02:00.588]
04-21 17:02:00.589 23730 23876 D ar_activity: [TRACKING TransformPointToPose time=2023-04-21 17:02:00.589]
04-21 17:02:00.589 23730 23876 D ar_activity: send stroke to firebase, id=-NT_bv-R--_bECDeMKMI
04-21 17:02:00.592 23730 23876 D ar_activity: [[2d] after update lines time=2023-04-21 17:02:00.592]
04-21 17:02:00.612 23730 23730 D ar_activity: [[2a end - 2d start] onChildChanged stroke id=-NT_bv-R--_bECDeMKMI time=2023-04-21 17:02:00.612]
04-21 17:02:00.613 23730 23876 D ar_activity: [TRACKING TransformPointToPose time=2023-04-21 17:02:00.613]
04-21 17:02:00.614 23730 23876 D ar_activity: [TRACKING TransformPointToPose time=2023-04-21 17:02:00.614]
04-21 17:02:00.614 23730 23876 D ar_activity: send stroke to firebase, id=-NT_bv-R--_bECDeMKMI
04-21 17:02:00.615 23730 23876 D ar_activity: [[2d] after update lines time=2023-04-21 17:02:00.615]
04-21 17:02:00.635 23730 23876 D ar_activity: [TRACKING TransformPointToPose time=2023-04-21 17:02:00.634]
04-21 17:02:00.635 23730 23876 D ar_activity: [TRACKING TransformPointToPose time=2023-04-21 17:02:00.635]
04-21 17:02:00.635 23730 23876 D ar_activity: send stroke to firebase, id=-NT_bv-R--_bECDeMKMI
04-21 17:02:00.636 23730 23876 D ar_activity: [[2d] after update lines time=2023-04-21 17:02:00.636]
04-21 17:02:00.654 23730 23876 D ar_activity: [TRACKING TransformPointToPose time=2023-04-21 17:02:00.654]
04-21 17:02:00.655 23730 23876 D ar_activity: [TRACKING TransformPointToPose time=2023-04-21 17:02:00.654]
04-21 17:02:00.655 23730 23876 D ar_activity: send stroke to firebase, id=-NT_bv-R--_bECDeMKMI
04-21 17:02:00.655 23730 23876 D ar_activity: [[2d] after update lines time=2023-04-21 17:02:00.655]
04-21 17:02:00.675 23730 23876 D ar_activity: [TRACKING TransformPointToPose time=2023-04-21 17:02:00.675]
04-21 17:02:00.676 23730 23876 D ar_activity: [TRACKING TransformPointToPose time=2023-04-21 17:02:00.676]
04-21 17:02:00.676 23730 23876 D ar_activity: send stroke to firebase, id=-NT_bv-R--_bECDeMKMI
04-21 17:02:00.678 23730 23876 D ar_activity: [[2d] after update lines time=2023-04-21 17:02:00.678]
04-21 17:02:00.703 23730 23876 D ar_activity: [TRACKING TransformPointToPose time=2023-04-21 17:02:00.702]
04-21 17:02:00.703 23730 23876 D ar_activity: [TRACKING TransformPointToPose time=2023-04-21 17:02:00.703]
04-21 17:02:00.703 23730 23876 D ar_activity: send stroke to firebase, id=-NT_bv-R--_bECDeMKMI
04-21 17:02:00.704 23730 23876 D ar_activity: [[2d] after update lines time=2023-04-21 17:02:00.704]
04-21 17:02:00.726 23730 23876 D ar_activity: [TRACKING TransformPointToPose time=2023-04-21 17:02:00.726]
04-21 17:02:00.726 23730 23876 D ar_activity: [TRACKING TransformPointToPose time=2023-04-21 17:02:00.726]
04-21 17:02:00.726 23730 23876 D ar_activity: send stroke to firebase, id=-NT_bv-R--_bECDeMKMI
04-21 17:02:00.727 23730 23876 D ar_activity: [[2d] after update lines time=2023-04-21 17:02:00.727]
04-21 17:02:00.742 23730 23730 D ar_activity: [[2a end - 2d start] onChildChanged stroke id=-NT_bv-R--_bECDeMKMI time=2023-04-21 17:02:00.742]
04-21 17:02:00.753 23730 23876 D ar_activity: [TRACKING TransformPointToPose time=2023-04-21 17:02:00.752]
04-21 17:02:00.754 23730 23876 D ar_activity: [TRACKING TransformPointToPose time=2023-04-21 17:02:00.754]
04-21 17:02:00.755 23730 23876 D ar_activity: [TRACKING TransformPointToPose time=2023-04-21 17:02:00.755]
04-21 17:02:00.755 23730 23876 D ar_activity: send stroke to firebase, id=-NT_bv-R--_bECDeMKMI
04-21 17:02:00.759 23730 23876 D ar_activity: [[2d] after update lines time=2023-04-21 17:02:00.758]
04-21 17:02:00.784 23730 23876 D ar_activity: [TRACKING TransformPointToPose time=2023-04-21 17:02:00.783]
04-21 17:02:00.784 23730 23876 D ar_activity: [TRACKING TransformPointToPose time=2023-04-21 17:02:00.784]
04-21 17:02:00.784 23730 23876 D ar_activity: [TRACKING TransformPointToPose time=2023-04-21 17:02:00.784]
04-21 17:02:00.785 23730 23876 D ar_activity: send stroke to firebase, id=-NT_bv-R--_bECDeMKMI
04-21 17:02:00.786 23730 23876 D ar_activity: [[2d] after update lines time=2023-04-21 17:02:00.785]
04-21 17:02:00.806 23730 23876 D ar_activity: [TRACKING TransformPointToPose time=2023-04-21 17:02:00.805]
04-21 17:02:00.807 23730 23876 D ar_activity: send stroke to firebase, id=-NT_bv-R--_bECDeMKMI
04-21 17:02:00.808 23730 23876 D ar_activity: [[2d] after update lines time=2023-04-21 17:02:00.808]
04-21 17:02:00.826 23730 23876 D ar_activity: [TRACKING TransformPointToPose time=2023-04-21 17:02:00.826]
04-21 17:02:00.827 23730 23876 D ar_activity: send stroke to firebase, id=-NT_bv-R--_bECDeMKMI
04-21 17:02:00.827 23730 23876 D ar_activity: [[2d] after update lines time=2023-04-21 17:02:00.827]
04-21 17:02:00.846 23730 23876 D ar_activity: [TRACKING TransformPointToPose time=2023-04-21 17:02:00.846]
04-21 17:02:00.846 23730 23876 D ar_activity: send stroke to firebase, id=-NT_bv-R--_bECDeMKMI
04-21 17:02:00.847 23730 23876 D ar_activity: [[2d] after update lines time=2023-04-21 17:02:00.847]
04-21 17:02:00.851 23730 23730 D ar_activity: [[2a end - 2d start] onChildChanged stroke id=-NT_bv-R--_bECDeMKMI time=2023-04-21 17:02:00.851]
04-21 17:02:00.868 23730 23876 D ar_activity: [TRACKING TransformPointToPose time=2023-04-21 17:02:00.868]
04-21 17:02:00.868 23730 23876 D ar_activity: [TRACKING TransformPointToPose time=2023-04-21 17:02:00.868]
04-21 17:02:00.868 23730 23876 D ar_activity: send stroke to firebase, id=-NT_bv-R--_bECDeMKMI
04-21 17:02:00.869 23730 23876 D ar_activity: [[2d] after update lines time=2023-04-21 17:02:00.869]
04-21 17:02:00.888 23730 23876 D ar_activity: [TRACKING TransformPointToPose time=2023-04-21 17:02:00.888]
04-21 17:02:00.888 23730 23876 D ar_activity: [TRACKING TransformPointToPose time=2023-04-21 17:02:00.888]
04-21 17:02:00.888 23730 23876 D ar_activity: send stroke to firebase, id=-NT_bv-R--_bECDeMKMI
04-21 17:02:00.889 23730 23876 D ar_activity: [[2d] after update lines time=2023-04-21 17:02:00.889]
04-21 17:02:00.908 23730 23876 D ar_activity: [TRACKING TransformPointToPose time=2023-04-21 17:02:00.908]
04-21 17:02:00.908 23730 23876 D ar_activity: [TRACKING TransformPointToPose time=2023-04-21 17:02:00.908]
04-21 17:02:00.909 23730 23876 D ar_activity: send stroke to firebase, id=-NT_bv-R--_bECDeMKMI
04-21 17:02:00.909 23730 23876 D ar_activity: [[2d] after update lines time=2023-04-21 17:02:00.909]
04-21 17:02:00.928 23730 23876 D ar_activity: [TRACKING TransformPointToPose time=2023-04-21 17:02:00.928]
04-21 17:02:00.928 23730 23876 D ar_activity: [TRACKING TransformPointToPose time=2023-04-21 17:02:00.928]
04-21 17:02:00.928 23730 23876 D ar_activity: send stroke to firebase, id=-NT_bv-R--_bECDeMKMI
04-21 17:02:00.929 23730 23876 D ar_activity: [[2d] after update lines time=2023-04-21 17:02:00.929]
04-21 17:02:00.947 23730 23876 D ar_activity: [TRACKING TransformPointToPose time=2023-04-21 17:02:00.947]
04-21 17:02:00.948 23730 23876 D ar_activity: send stroke to firebase, id=-NT_bv-R--_bECDeMKMI
04-21 17:02:00.948 23730 23876 D ar_activity: [[2d] after update lines time=2023-04-21 17:02:00.948]
04-21 17:02:00.969 23730 23876 D ar_activity: [TRACKING TransformPointToPose time=2023-04-21 17:02:00.968]
04-21 17:02:00.969 23730 23876 D ar_activity: [TRACKING TransformPointToPose time=2023-04-21 17:02:00.969]
04-21 17:02:00.969 23730 23876 D ar_activity: send stroke to firebase, id=-NT_bv-R--_bECDeMKMI
04-21 17:02:00.970 23730 23876 D ar_activity: [[2d] after update lines time=2023-04-21 17:02:00.970]
04-21 17:02:00.985 23730 23730 D ar_activity: [[2a end - 2d start] onChildChanged stroke id=-NT_bv-R--_bECDeMKMI time=2023-04-21 17:02:00.985]
04-21 17:02:00.990 23730 23876 D ar_activity: [TRACKING TransformPointToPose time=2023-04-21 17:02:00.989]
04-21 17:02:00.991 23730 23876 D ar_activity: [TRACKING TransformPointToPose time=2023-04-21 17:02:00.991]
04-21 17:02:00.992 23730 23876 D ar_activity: send stroke to firebase, id=-NT_bv-R--_bECDeMKMI
04-21 17:02:00.995 23730 23876 D ar_activity: [[2d] after update lines time=2023-04-21 17:02:00.995]
04-21 17:02:01.018 23730 23876 D ar_activity: [TRACKING TransformPointToPose time=2023-04-21 17:02:01.018]
04-21 17:02:01.018 23730 23876 D ar_activity: [TRACKING TransformPointToPose time=2023-04-21 17:02:01.018]
04-21 17:02:01.018 23730 23876 D ar_activity: [TRACKING TransformPointToPose time=2023-04-21 17:02:01.018]
04-21 17:02:01.018 23730 23876 D ar_activity: send stroke to firebase, id=-NT_bv-R--_bECDeMKMI
04-21 17:02:01.019 23730 23876 D ar_activity: [[2d] after update lines time=2023-04-21 17:02:01.019]
04-21 17:02:01.037 23730 23876 D ar_activity: [TRACKING TransformPointToPose time=2023-04-21 17:02:01.037]
04-21 17:02:01.037 23730 23876 D ar_activity: send stroke to firebase, id=-NT_bv-R--_bECDeMKMI
