--------- beginning of main
04-21 17:22:55.470 32498 32625 D ar_activity: [[2d] after update lines time=2023-04-21 17:22:55.431]
04-21 17:22:57.710 32498 32498 D ar_activity: [--- pair start --- time=2023-04-21 17:22:57.709]
04-21 17:22:57.710 32498 32498 D ar_activity: [--- pair session start --- time=2023-04-21 17:22:57.710]
04-21 17:22:57.771 32498 32498 D ar_activity: [create room: Message{namespace='', type='', content=[34 bytes]} time=2023-04-21 17:22:57.771]
04-21 17:22:57.786 32498 32498 D ar_activity: LOOKING: 2023-04-21 17:22:57.786
04-21 17:23:02.052 32498 32498 D ar_activity: [--- pair joined --- time=2023-04-21 17:23:02.052]
04-21 17:23:02.054 32498 32498 D ar_activity: PARTNER FOUND: 2023-04-21 17:23:02.054
04-21 17:23:04.061 32498 32498 D ar_activity: SET ANCHOR: 2023-04-21 17:23:04.060
04-21 17:23:05.127 32498 32498 D ar_activity: [--- sync ready to set anchor --- time=2023-04-21 17:23:05.127]
04-21 17:23:05.237 32498 32498 D ar_activity: [--- sync: sendSetAnchorEvent --- time=2023-04-21 17:23:05.235]
04-21 17:23:05.239 32498 32498 D ar_activity: --- start creating anchor: 2023-04-21 17:23:05.239 ---
04-21 17:23:05.240 32498 32498 D ar_activity: --- anchor: com.google.ar.core.Anchor@b49e60c9 ---
04-21 17:23:05.241 32498 32498 D ar_activity: --- finish creating anchor: 2023-04-21 17:23:05.240 ---
04-21 17:23:05.242 32498 32498 D ar_activity: [hostAnchor start time=2023-04-21 17:23:05.242]
04-21 17:23:05.243 32498 32498 D ar_activity: [hostAnchor end time=2023-04-21 17:23:05.243]
04-21 17:23:05.255 32498 32498 D ar_activity: [anchor resolution changed: null time=2023-04-21 17:23:05.254]
04-21 17:23:05.255 32498 32498 D ar_activity: Start CONNECTING: 2023-04-21 17:23:05.255
04-21 17:23:05.261 32498 32625 D ar_activity: [--- anchor: onUpdate--- time=2023-04-21 17:23:05.261]
04-21 17:23:05.490 32498 32625 D ar_activity: [--- anchor: onUpdate--- time=2023-04-21 17:23:05.489]
04-21 17:23:07.965 32498 32625 D ar_activity: [--- anchor: onUpdate--- time=2023-04-21 17:23:07.964]
04-21 17:23:07.966 32498 32625 D ar_activity: [--- onAnchorHosted [HOSTED]--- time=2023-04-21 17:23:07.965]
04-21 17:23:07.974 32498 32498 D ar_activity: [anchor resolution changed: false time=2023-04-21 17:23:07.973]
04-21 17:24:05.244 32498 32498 D ar_activity: [--- pair TIMEOUT --- time=2023-04-21 17:24:05.244]
04-21 17:24:05.265 32498 32498 D ar_activity: [anchor resolution changed: true time=2023-04-21 17:24:05.265]
04-21 17:24:05.267 32498 32498 D ar_activity: [onAnchorResolutionError: null time=2023-04-21 17:24:05.267]
04-21 17:24:06.469 32498 32498 D ar_activity: SET ANCHOR: 2023-04-21 17:24:06.469
04-21 17:24:07.038 32498 32498 D ar_activity: [anchor resolution changed: null time=2023-04-21 17:24:07.038]
04-21 17:24:08.013 32498 32498 D ar_activity: [--- sync ready to set anchor --- time=2023-04-21 17:24:08.012]
04-21 17:24:08.013 32498 32498 D ar_activity: [--- sync: sendSetAnchorEvent --- time=2023-04-21 17:24:08.013]
04-21 17:24:08.013 32498 32498 D ar_activity: --- start creating anchor: 2023-04-21 17:24:08.013 ---
04-21 17:24:08.013 32498 32498 D ar_activity: --- anchor: com.google.ar.core.Anchor@b49fe669 ---
04-21 17:24:08.013 32498 32498 D ar_activity: --- finish creating anchor: 2023-04-21 17:24:08.013 ---
04-21 17:24:08.014 32498 32498 D ar_activity: [hostAnchor start time=2023-04-21 17:24:08.014]
04-21 17:24:08.014 32498 32498 D ar_activity: [hostAnchor end time=2023-04-21 17:24:08.014]
04-21 17:24:08.014 32498 32498 D ar_activity: Start CONNECTING: 2023-04-21 17:24:08.014
04-21 17:24:08.030 32498 32625 D ar_activity: [--- anchor: onUpdate--- time=2023-04-21 17:24:08.030]
04-21 17:24:11.355 32498 32625 D ar_activity: [--- anchor: onUpdate--- time=2023-04-21 17:24:11.355]
04-21 17:24:11.355 32498 32625 D ar_activity: [--- onAnchorHosted [HOSTED]--- time=2023-04-21 17:24:11.355]
04-21 17:24:11.359 32498 32498 D ar_activity: [anchor resolution changed: false time=2023-04-21 17:24:11.358]
04-21 17:24:12.156 32498 32498 D ar_activity: [--- sync: finish syncing anchor --- time=2023-04-21 17:24:12.156]
04-21 17:24:12.158 32498 32498 D ar_activity: SYNCED: 2023-04-21 17:24:12.158
04-21 17:24:19.065 32498 32498 D ar_activity: [[1a start] touch screen time=2023-04-21 17:24:19.065]
04-21 17:24:19.080 32498 32625 D ar_activity: addStroke at 2023-04-21 17:24:19.078
04-21 17:24:19.088 32498 32625 D ar_activity: stroke (id: -NT_h1EbHudfKdIlcSaD) was added at 2023-04-21 17:24:19.087
04-21 17:24:19.090 32498 32625 D ar_activity: [[1b start] setFirebaseValue stroke id=-NT_h1EbHudfKdIlcSaD time=2023-04-21 17:24:19.090]
04-21 17:24:19.108 32498 32625 D ar_activity: [TRACKING TransformPointToPose time=2023-04-21 17:24:19.107]
04-21 17:24:19.110 32498 32498 D ar_activity: [[2a end - 2d start] onChildAdded stroke id=-NT_h1EbHudfKdIlcSaD time=2023-04-21 17:24:19.110]
04-21 17:24:19.114 32498 32625 D ar_activity: send stroke to firebase, id=-NT_h1EbHudfKdIlcSaD
04-21 17:24:19.115 32498 32625 D ar_activity: [[2d] after update lines time=2023-04-21 17:24:19.114]
04-21 17:24:19.136 32498 32625 D ar_activity: [TRACKING TransformPointToPose time=2023-04-21 17:24:19.136]
04-21 17:24:19.137 32498 32625 D ar_activity: [TRACKING TransformPointToPose time=2023-04-21 17:24:19.137]
04-21 17:24:19.137 32498 32625 D ar_activity: send stroke to firebase, id=-NT_h1EbHudfKdIlcSaD
04-21 17:24:19.138 32498 32625 D ar_activity: [[2d] after update lines time=2023-04-21 17:24:19.138]
04-21 17:24:19.157 32498 32625 D ar_activity: [TRACKING TransformPointToPose time=2023-04-21 17:24:19.156]
04-21 17:24:19.157 32498 32625 D ar_activity: [TRACKING TransformPointToPose time=2023-04-21 17:24:19.157]
04-21 17:24:19.157 32498 32625 D ar_activity: send stroke to firebase, id=-NT_h1EbHudfKdIlcSaD
04-21 17:24:19.157 32498 32625 D ar_activity: [[2d] after update lines time=2023-04-21 17:24:19.157]
04-21 17:24:19.173 32498 32498 D ar_activity: [[1b start] setFirebaseValue stroke id=-NT_h1EbHudfKdIlcSaD time=2023-04-21 17:24:19.172]
04-21 17:24:19.176 32498 32498 D ar_activity: [[2a end - 2d start] onChildChanged stroke id=-NT_h1EbHudfKdIlcSaD time=2023-04-21 17:24:19.176]
04-21 17:24:19.178 32498 32625 D ar_activity: [TRACKING TransformPointToPose time=2023-04-21 17:24:19.177]
04-21 17:24:19.178 32498 32625 D ar_activity: send stroke to firebase, id=-NT_h1EbHudfKdIlcSaD
04-21 17:24:19.179 32498 32625 D ar_activity: [[2d] after update lines time=2023-04-21 17:24:19.179]
04-21 17:24:19.203 32498 32625 D ar_activity: [TRACKING TransformPointToPose time=2023-04-21 17:24:19.203]
04-21 17:24:19.204 32498 32625 D ar_activity: [TRACKING TransformPointToPose time=2023-04-21 17:24:19.204]
04-21 17:24:19.204 32498 32625 D ar_activity: send stroke to firebase, id=-NT_h1EbHudfKdIlcSaD
04-21 17:24:19.206 32498 32625 D ar_activity: [[2d] after update lines time=2023-04-21 17:24:19.205]
04-21 17:24:19.224 32498 32625 D ar_activity: [TRACKING TransformPointToPose time=2023-04-21 17:24:19.224]
04-21 17:24:19.224 32498 32625 D ar_activity: [TRACKING TransformPointToPose time=2023-04-21 17:24:19.224]
04-21 17:24:19.224 32498 32625 D ar_activity: send stroke to firebase, id=-NT_h1EbHudfKdIlcSaD
04-21 17:24:19.225 32498 32625 D ar_activity: [[2d] after update lines time=2023-04-21 17:24:19.225]
04-21 17:24:19.244 32498 32625 D ar_activity: [TRACKING TransformPointToPose time=2023-04-21 17:24:19.244]
04-21 17:24:19.244 32498 32625 D ar_activity: send stroke to firebase, id=-NT_h1EbHudfKdIlcSaD
04-21 17:24:19.245 32498 32625 D ar_activity: [[2d] after update lines time=2023-04-21 17:24:19.244]
04-21 17:24:19.247 32498 32498 D ar_activity: [[2a end - 2d start] onChildChanged stroke id=-NT_h1EbHudfKdIlcSaD time=2023-04-21 17:24:19.247]
04-21 17:24:19.263 32498 32625 D ar_activity: [TRACKING TransformPointToPose time=2023-04-21 17:24:19.263]
04-21 17:24:19.264 32498 32625 D ar_activity: [TRACKING TransformPointToPose time=2023-04-21 17:24:19.264]
04-21 17:24:19.264 32498 32625 D ar_activity: send stroke to firebase, id=-NT_h1EbHudfKdIlcSaD
04-21 17:24:19.264 32498 32625 D ar_activity: [[2d] after update lines time=2023-04-21 17:24:19.264]
04-21 17:24:19.284 32498 32625 D ar_activity: [TRACKING TransformPointToPose time=2023-04-21 17:24:19.283]
04-21 17:24:19.284 32498 32625 D ar_activity: [TRACKING TransformPointToPose time=2023-04-21 17:24:19.284]
04-21 17:24:19.284 32498 32625 D ar_activity: send stroke to firebase, id=-NT_h1EbHudfKdIlcSaD
04-21 17:24:19.285 32498 32625 D ar_activity: [[2d] after update lines time=2023-04-21 17:24:19.284]
04-21 17:24:19.304 32498 32625 D ar_activity: [TRACKING TransformPointToPose time=2023-04-21 17:24:19.304]
04-21 17:24:19.305 32498 32625 D ar_activity: send stroke to firebase, id=-NT_h1EbHudfKdIlcSaD
04-21 17:24:19.305 32498 32625 D ar_activity: [[2d] after update lines time=2023-04-21 17:24:19.305]
04-21 17:24:19.314 32498 32498 D ar_activity: [[2a end - 2d start] onChildChanged stroke id=-NT_h1EbHudfKdIlcSaD time=2023-04-21 17:24:19.314]
04-21 17:24:19.324 32498 32625 D ar_activity: [TRACKING TransformPointToPose time=2023-04-21 17:24:19.323]
04-21 17:24:19.324 32498 32625 D ar_activity: [TRACKING TransformPointToPose time=2023-04-21 17:24:19.324]
04-21 17:24:19.324 32498 32625 D ar_activity: send stroke to firebase, id=-NT_h1EbHudfKdIlcSaD
04-21 17:24:19.325 32498 32625 D ar_activity: [[2d] after update lines time=2023-04-21 17:24:19.325]
04-21 17:24:19.344 32498 32625 D ar_activity: [TRACKING TransformPointToPose time=2023-04-21 17:24:19.344]
04-21 17:24:19.344 32498 32625 D ar_activity: send stroke to firebase, id=-NT_h1EbHudfKdIlcSaD
04-21 17:24:19.345 32498 32625 D ar_activity: [[2d] after update lines time=2023-04-21 17:24:19.345]
04-21 17:24:19.363 32498 32625 D ar_activity: [TRACKING TransformPointToPose time=2023-04-21 17:24:19.363]
04-21 17:24:19.364 32498 32625 D ar_activity: [TRACKING TransformPointToPose time=2023-04-21 17:24:19.364]
04-21 17:24:19.364 32498 32625 D ar_activity: send stroke to firebase, id=-NT_h1EbHudfKdIlcSaD
04-21 17:24:19.364 32498 32625 D ar_activity: [[2d] after update lines time=2023-04-21 17:24:19.364]
04-21 17:24:19.383 32498 32625 D ar_activity: [TRACKING TransformPointToPose time=2023-04-21 17:24:19.382]
04-21 17:24:19.383 32498 32625 D ar_activity: [TRACKING TransformPointToPose time=2023-04-21 17:24:19.383]
04-21 17:24:19.383 32498 32625 D ar_activity: send stroke to firebase, id=-NT_h1EbHudfKdIlcSaD
04-21 17:24:19.384 32498 32625 D ar_activity: [[2d] after update lines time=2023-04-21 17:24:19.383]
04-21 17:24:19.404 32498 32498 D ar_activity: [[2a end - 2d start] onChildChanged stroke id=-NT_h1EbHudfKdIlcSaD time=2023-04-21 17:24:19.404]
04-21 17:24:19.406 32498 32625 D ar_activity: [TRACKING TransformPointToPose time=2023-04-21 17:24:19.406]
04-21 17:24:19.406 32498 32625 D ar_activity: [TRACKING TransformPointToPose time=2023-04-21 17:24:19.406]
04-21 17:24:19.406 32498 32625 D ar_activity: send stroke to firebase, id=-NT_h1EbHudfKdIlcSaD
04-21 17:24:19.407 32498 32625 D ar_activity: [[2d] after update lines time=2023-04-21 17:24:19.407]
04-21 17:24:19.425 32498 32625 D ar_activity: [TRACKING TransformPointToPose time=2023-04-21 17:24:19.425]
04-21 17:24:19.426 32498 32625 D ar_activity: [TRACKING TransformPointToPose time=2023-04-21 17:24:19.426]
04-21 17:24:19.426 32498 32625 D ar_activity: send stroke to firebase, id=-NT_h1EbHudfKdIlcSaD
04-21 17:24:19.426 32498 32625 D ar_activity: [[2d] after update lines time=2023-04-21 17:24:19.426]
04-21 17:24:19.447 32498 32625 D ar_activity: [TRACKING TransformPointToPose time=2023-04-21 17:24:19.447]
04-21 17:24:19.447 32498 32625 D ar_activity: [TRACKING TransformPointToPose time=2023-04-21 17:24:19.447]
04-21 17:24:19.447 32498 32625 D ar_activity: send stroke to firebase, id=-NT_h1EbHudfKdIlcSaD
04-21 17:24:19.448 32498 32625 D ar_activity: [[2d] after update lines time=2023-04-21 17:24:19.448]
04-21 17:24:19.466 32498 32625 D ar_activity: [TRACKING TransformPointToPose time=2023-04-21 17:24:19.466]
04-21 17:24:19.466 32498 32625 D ar_activity: send stroke to firebase, id=-NT_h1EbHudfKdIlcSaD
04-21 17:24:19.467 32498 32625 D ar_activity: [[2d] after update lines time=2023-04-21 17:24:19.467]
04-21 17:24:19.473 32498 32498 D ar_activity: [[2a end - 2d start] onChildChanged stroke id=-NT_h1EbHudfKdIlcSaD time=2023-04-21 17:24:19.472]
04-21 17:24:19.488 32498 32625 D ar_activity: [TRACKING TransformPointToPose time=2023-04-21 17:24:19.488]
04-21 17:24:19.488 32498 32625 D ar_activity: [TRACKING TransformPointToPose time=2023-04-21 17:24:19.488]
04-21 17:24:19.488 32498 32625 D ar_activity: send stroke to firebase, id=-NT_h1EbHudfKdIlcSaD
04-21 17:24:19.489 32498 32625 D ar_activity: [[2d] after update lines time=2023-04-21 17:24:19.489]
04-21 17:24:19.507 32498 32625 D ar_activity: [TRACKING TransformPointToPose time=2023-04-21 17:24:19.507]
04-21 17:24:19.507 32498 32625 D ar_activity: [TRACKING TransformPointToPose time=2023-04-21 17:24:19.507]
04-21 17:24:19.508 32498 32625 D ar_activity: send stroke to firebase, id=-NT_h1EbHudfKdIlcSaD
04-21 17:24:19.508 32498 32625 D ar_activity: [[2d] after update lines time=2023-04-21 17:24:19.508]
04-21 17:24:19.529 32498 32625 D ar_activity: [TRACKING TransformPointToPose time=2023-04-21 17:24:19.529]
04-21 17:24:19.530 32498 32625 D ar_activity: [TRACKING TransformPointToPose time=2023-04-21 17:24:19.529]
04-21 17:24:19.530 32498 32625 D ar_activity: send stroke to firebase, id=-NT_h1EbHudfKdIlcSaD
04-21 17:24:19.532 32498 32625 D ar_activity: [[2d] after update lines time=2023-04-21 17:24:19.531]
04-21 17:24:19.552 32498 32498 D ar_activity: [[2a end - 2d start] onChildChanged stroke id=-NT_h1EbHudfKdIlcSaD time=2023-04-21 17:24:19.551]
04-21 17:24:19.557 32498 32625 D ar_activity: [TRACKING TransformPointToPose time=2023-04-21 17:24:19.556]
04-21 17:24:19.557 32498 32625 D ar_activity: [TRACKING TransformPointToPose time=2023-04-21 17:24:19.557]
04-21 17:24:19.557 32498 32625 D ar_activity: [TRACKING TransformPointToPose time=2023-04-21 17:24:19.557]
04-21 17:24:19.557 32498 32625 D ar_activity: [TRACKING TransformPointToPose time=2023-04-21 17:24:19.557]
04-21 17:24:19.557 32498 32625 D ar_activity: send stroke to firebase, id=-NT_h1EbHudfKdIlcSaD
04-21 17:24:19.558 32498 32625 D ar_activity: [[2d] after update lines time=2023-04-21 17:24:19.558]
04-21 17:24:19.576 32498 32625 D ar_activity: [TRACKING TransformPointToPose time=2023-04-21 17:24:19.576]
04-21 17:24:19.576 32498 32625 D ar_activity: send stroke to firebase, id=-NT_h1EbHudfKdIlcSaD
04-21 17:24:19.577 32498 32625 D ar_activity: [[2d] after update lines time=2023-04-21 17:24:19.577]
04-21 17:24:19.597 32498 32625 D ar_activity: [TRACKING TransformPointToPose time=2023-04-21 17:24:19.597]
04-21 17:24:19.598 32498 32625 D ar_activity: [TRACKING TransformPointToPose time=2023-04-21 17:24:19.598]
04-21 17:24:19.599 32498 32625 D ar_activity: send stroke to firebase, id=-NT_h1EbHudfKdIlcSaD
04-21 17:24:19.601 32498 32625 D ar_activity: [[2d] after update lines time=2023-04-21 17:24:19.600]
04-21 17:24:19.623 32498 32625 D ar_activity: [TRACKING TransformPointToPose time=2023-04-21 17:24:19.622]
04-21 17:24:19.623 32498 32625 D ar_activity: [TRACKING TransformPointToPose time=2023-04-21 17:24:19.623]
04-21 17:24:19.623 32498 32625 D ar_activity: send stroke to firebase, id=-NT_h1EbHudfKdIlcSaD
04-21 17:24:19.624 32498 32625 D ar_activity: [[2d] after update lines time=2023-04-21 17:24:19.623]
04-21 17:24:19.638 32498 32498 D ar_activity: [[2a end - 2d start] onChildChanged stroke id=-NT_h1EbHudfKdIlcSaD time=2023-04-21 17:24:19.638]
04-21 17:24:19.642 32498 32625 D ar_activity: [TRACKING TransformPointToPose time=2023-04-21 17:24:19.642]
04-21 17:24:19.642 32498 32625 D ar_activity: send stroke to firebase, id=-NT_h1EbHudfKdIlcSaD
04-21 17:24:19.642 32498 32625 D ar_activity: [[2d] after update lines time=2023-04-21 17:24:19.642]
04-21 17:24:19.662 32498 32625 D ar_activity: [TRACKING TransformPointToPose time=2023-04-21 17:24:19.662]
04-21 17:24:19.663 32498 32625 D ar_activity: [TRACKING TransformPointToPose time=2023-04-21 17:24:19.662]
04-21 17:24:19.663 32498 32625 D ar_activity: send stroke to firebase, id=-NT_h1EbHudfKdIlcSaD
04-21 17:24:19.664 32498 32625 D ar_activity: [[2d] after update lines time=2023-04-21 17:24:19.664]
04-21 17:24:19.683 32498 32625 D ar_activity: [TRACKING TransformPointToPose time=2023-04-21 17:24:19.683]
04-21 17:24:19.683 32498 32625 D ar_activity: [TRACKING TransformPointToPose time=2023-04-21 17:24:19.683]
04-21 17:24:19.683 32498 32625 D ar_activity: send stroke to firebase, id=-NT_h1EbHudfKdIlcSaD
04-21 17:24:19.684 32498 32625 D ar_activity: [[2d] after update lines time=2023-04-21 17:24:19.684]
04-21 17:24:19.708 32498 32625 D ar_activity: [TRACKING TransformPointToPose time=2023-04-21 17:24:19.708]
04-21 17:24:19.711 32498 32625 D ar_activity: [TRACKING TransformPointToPose time=2023-04-21 17:24:19.711]
04-21 17:24:19.712 32498 32625 D ar_activity: send stroke to firebase, id=-NT_h1EbHudfKdIlcSaD
04-21 17:24:19.714 32498 32625 D ar_activity: [[2d] after update lines time=2023-04-21 17:24:19.713]
04-21 17:24:19.725 32498 32498 D ar_activity: [[2a end - 2d start] onChildChanged stroke id=-NT_h1EbHudfKdIlcSaD time=2023-04-21 17:24:19.724]
04-21 17:24:19.738 32498 32625 D ar_activity: [TRACKING TransformPointToPose time=2023-04-21 17:24:19.738]
04-21 17:24:19.738 32498 32625 D ar_activity: [TRACKING TransformPointToPose time=2023-04-21 17:24:19.738]
04-21 17:24:19.738 32498 32625 D ar_activity: [TRACKING TransformPointToPose time=2023-04-21 17:24:19.738]
04-21 17:24:19.739 32498 32625 D ar_activity: send stroke to firebase, id=-NT_h1EbHudfKdIlcSaD
04-21 17:24:19.739 32498 32625 D ar_activity: [[2d] after update lines time=2023-04-21 17:24:19.739]
04-21 17:24:19.758 32498 32625 D ar_activity: [TRACKING TransformPointToPose time=2023-04-21 17:24:19.757]
04-21 17:24:19.758 32498 32625 D ar_activity: [TRACKING TransformPointToPose time=2023-04-21 17:24:19.758]
04-21 17:24:19.758 32498 32625 D ar_activity: send stroke to firebase, id=-NT_h1EbHudfKdIlcSaD
04-21 17:24:19.761 32498 32625 D ar_activity: [[2d] after update lines time=2023-04-21 17:24:19.761]
04-21 17:24:19.782 32498 32625 D ar_activity: [TRACKING TransformPointToPose time=2023-04-21 17:24:19.781]
04-21 17:24:19.782 32498 32625 D ar_activity: [TRACKING TransformPointToPose time=2023-04-21 17:24:19.782]
04-21 17:24:19.782 32498 32625 D ar_activity: send stroke to firebase, id=-NT_h1EbHudfKdIlcSaD
04-21 17:24:19.784 32498 32498 D ar_activity: [[2a end - 2d start] onChildChanged stroke id=-NT_h1EbHudfKdIlcSaD time=2023-04-21 17:24:19.783]
04-21 17:24:19.784 32498 32625 D ar_activity: [[2d] after update lines time=2023-04-21 17:24:19.783]
04-21 17:24:19.806 32498 32625 D ar_activity: [TRACKING TransformPointToPose time=2023-04-21 17:24:19.806]
04-21 17:24:19.806 32498 32625 D ar_activity: [TRACKING TransformPointToPose time=2023-04-21 17:24:19.806]
04-21 17:24:19.806 32498 32625 D ar_activity: [TRACKING TransformPointToPose time=2023-04-21 17:24:19.806]
04-21 17:24:19.806 32498 32625 D ar_activity: send stroke to firebase, id=-NT_h1EbHudfKdIlcSaD
04-21 17:24:19.807 32498 32625 D ar_activity: [[2d] after update lines time=2023-04-21 17:24:19.807]
04-21 17:24:19.830 32498 32625 D ar_activity: [TRACKING TransformPointToPose time=2023-04-21 17:24:19.830]
04-21 17:24:19.831 32498 32625 D ar_activity: [TRACKING TransformPointToPose time=2023-04-21 17:24:19.831]
04-21 17:24:19.831 32498 32625 D ar_activity: send stroke to firebase, id=-NT_h1EbHudfKdIlcSaD
04-21 17:24:19.832 32498 32625 D ar_activity: [[2d] after update lines time=2023-04-21 17:24:19.831]
04-21 17:24:19.849 32498 32498 D ar_activity: [[2a end - 2d start] onChildChanged stroke id=-NT_h1EbHudfKdIlcSaD time=2023-04-21 17:24:19.848]
04-21 17:24:19.850 32498 32625 D ar_activity: [TRACKING TransformPointToPose time=2023-04-21 17:24:19.850]
04-21 17:24:19.851 32498 32625 D ar_activity: [TRACKING TransformPointToPose time=2023-04-21 17:24:19.851]
04-21 17:24:19.851 32498 32625 D ar_activity: send stroke to firebase, id=-NT_h1EbHudfKdIlcSaD
04-21 17:24:19.852 32498 32625 D ar_activity: [[2d] after update lines time=2023-04-21 17:24:19.851]
04-21 17:24:19.875 32498 32625 D ar_activity: [TRACKING TransformPointToPose time=2023-04-21 17:24:19.874]
04-21 17:24:19.877 32498 32625 D ar_activity: [TRACKING TransformPointToPose time=2023-04-21 17:24:19.876]
04-21 17:24:19.877 32498 32625 D ar_activity: send stroke to firebase, id=-NT_h1EbHudfKdIlcSaD
04-21 17:24:19.881 32498 32625 D ar_activity: [[2d] after update lines time=2023-04-21 17:24:19.880]
04-21 17:24:19.905 32498 32625 D ar_activity: [TRACKING TransformPointToPose time=2023-04-21 17:24:19.905]
04-21 17:24:19.905 32498 32625 D ar_activity: [TRACKING TransformPointToPose time=2023-04-21 17:24:19.905]
04-21 17:24:19.905 32498 32625 D ar_activity: [TRACKING TransformPointToPose time=2023-04-21 17:24:19.905]
04-21 17:24:19.905 32498 32625 D ar_activity: send stroke to firebase, id=-NT_h1EbHudfKdIlcSaD
04-21 17:24:19.906 32498 32625 D ar_activity: [[2d] after update lines time=2023-04-21 17:24:19.906]
04-21 17:24:19.927 32498 32625 D ar_activity: [TRACKING TransformPointToPose time=2023-04-21 17:24:19.927]
04-21 17:24:19.928 32498 32625 D ar_activity: [TRACKING TransformPointToPose time=2023-04-21 17:24:19.927]
04-21 17:24:19.928 32498 32625 D ar_activity: send stroke to firebase, id=-NT_h1EbHudfKdIlcSaD
04-21 17:24:19.930 32498 32625 D ar_activity: [[2d] after update lines time=2023-04-21 17:24:19.930]
04-21 17:24:19.931 32498 32498 D ar_activity: [[2a end - 2d start] onChildChanged stroke id=-NT_h1EbHudfKdIlcSaD time=2023-04-21 17:24:19.931]
04-21 17:24:19.951 32498 32625 D ar_activity: [TRACKING TransformPointToPose time=2023-04-21 17:24:19.951]
04-21 17:24:19.951 32498 32625 D ar_activity: [TRACKING TransformPointToPose time=2023-04-21 17:24:19.951]
04-21 17:24:19.951 32498 32625 D ar_activity: send stroke to firebase, id=-NT_h1EbHudfKdIlcSaD
04-21 17:24:19.953 32498 32625 D ar_activity: [[2d] after update lines time=2023-04-21 17:24:19.952]
04-21 17:24:19.973 32498 32625 D ar_activity: [TRACKING TransformPointToPose time=2023-04-21 17:24:19.972]
04-21 17:24:19.973 32498 32625 D ar_activity: [TRACKING TransformPointToPose time=2023-04-21 17:24:19.973]
04-21 17:24:19.973 32498 32625 D ar_activity: send stroke to firebase, id=-NT_h1EbHudfKdIlcSaD
04-21 17:24:19.973 32498 32625 D ar_activity: [[2d] after update lines time=2023-04-21 17:24:19.973]
04-21 17:24:19.992 32498 32498 D ar_activity: [[2a end - 2d start] onChildChanged stroke id=-NT_h1EbHudfKdIlcSaD time=2023-04-21 17:24:19.991]
04-21 17:24:19.992 32498 32625 D ar_activity: [TRACKING TransformPointToPose time=2023-04-21 17:24:19.992]
04-21 17:24:20.000 32498 32625 D ar_activity: [TRACKING TransformPointToPose time=2023-04-21 17:24:20.000]
04-21 17:24:20.000 32498 32625 D ar_activity: send stroke to firebase, id=-NT_h1EbHudfKdIlcSaD
04-21 17:24:20.001 32498 32625 D ar_activity: [[2d] after update lines time=2023-04-21 17:24:20.001]
04-21 17:24:20.022 32498 32625 D ar_activity: [TRACKING TransformPointToPose time=2023-04-21 17:24:20.022]
04-21 17:24:20.022 32498 32625 D ar_activity: send stroke to firebase, id=-NT_h1EbHudfKdIlcSaD
04-21 17:24:20.023 32498 32625 D ar_activity: [[2d] after update lines time=2023-04-21 17:24:20.023]
04-21 17:24:20.041 32498 32625 D ar_activity: [TRACKING TransformPointToPose time=2023-04-21 17:24:20.041]
04-21 17:24:20.042 32498 32625 D ar_activity: [TRACKING TransformPointToPose time=2023-04-21 17:24:20.042]
04-21 17:24:20.042 32498 32625 D ar_activity: send stroke to firebase, id=-NT_h1EbHudfKdIlcSaD
04-21 17:24:20.043 32498 32625 D ar_activity: [[2d] after update lines time=2023-04-21 17:24:20.043]
04-21 17:24:20.060 32498 32498 D ar_activity: [[2a end - 2d start] onChildChanged stroke id=-NT_h1EbHudfKdIlcSaD time=2023-04-21 17:24:20.060]
04-21 17:24:20.061 32498 32625 D ar_activity: [TRACKING TransformPointToPose time=2023-04-21 17:24:20.061]
04-21 17:24:20.062 32498 32625 D ar_activity: [TRACKING TransformPointToPose time=2023-04-21 17:24:20.061]
04-21 17:24:20.062 32498 32625 D ar_activity: send stroke to firebase, id=-NT_h1EbHudfKdIlcSaD
04-21 17:24:20.063 32498 32625 D ar_activity: [[2d] after update lines time=2023-04-21 17:24:20.063]
04-21 17:24:20.083 32498 32625 D ar_activity: [TRACKING TransformPointToPose time=2023-04-21 17:24:20.083]
04-21 17:24:20.084 32498 32625 D ar_activity: [TRACKING TransformPointToPose time=2023-04-21 17:24:20.083]
04-21 17:24:20.084 32498 32625 D ar_activity: send stroke to firebase, id=-NT_h1EbHudfKdIlcSaD
04-21 17:24:20.084 32498 32625 D ar_activity: [[2d] after update lines time=2023-04-21 17:24:20.084]
04-21 17:24:20.105 32498 32625 D ar_activity: [TRACKING TransformPointToPose time=2023-04-21 17:24:20.105]
04-21 17:24:20.106 32498 32625 D ar_activity: [TRACKING TransformPointToPose time=2023-04-21 17:24:20.105]
04-21 17:24:20.106 32498 32625 D ar_activity: send stroke to firebase, id=-NT_h1EbHudfKdIlcSaD
04-21 17:24:20.106 32498 32625 D ar_activity: [[2d] after update lines time=2023-04-21 17:24:20.106]
04-21 17:24:20.125 32498 32625 D ar_activity: [TRACKING TransformPointToPose time=2023-04-21 17:24:20.124]
04-21 17:24:20.125 32498 32625 D ar_activity: [TRACKING TransformPointToPose time=2023-04-21 17:24:20.125]
04-21 17:24:20.125 32498 32625 D ar_activity: send stroke to firebase, id=-NT_h1EbHudfKdIlcSaD
04-21 17:24:20.130 32498 32625 D ar_activity: [[2d] after update lines time=2023-04-21 17:24:20.130]
04-21 17:24:20.130 32498 32498 D ar_activity: [[2a end - 2d start] onChildChanged stroke id=-NT_h1EbHudfKdIlcSaD time=2023-04-21 17:24:20.130]
04-21 17:24:20.149 32498 32625 D ar_activity: [TRACKING TransformPointToPose time=2023-04-21 17:24:20.148]
04-21 17:24:20.149 32498 32625 D ar_activity: [TRACKING TransformPointToPose time=2023-04-21 17:24:20.149]
04-21 17:24:20.149 32498 32625 D ar_activity: send stroke to firebase, id=-NT_h1EbHudfKdIlcSaD
04-21 17:24:20.150 32498 32625 D ar_activity: [[2d] after update lines time=2023-04-21 17:24:20.149]
04-21 17:24:20.171 32498 32625 D ar_activity: [TRACKING TransformPointToPose time=2023-04-21 17:24:20.171]
04-21 17:24:20.172 32498 32625 D ar_activity: [TRACKING TransformPointToPose time=2023-04-21 17:24:20.171]
04-21 17:24:20.172 32498 32625 D ar_activity: send stroke to firebase, id=-NT_h1EbHudfKdIlcSaD
04-21 17:24:20.172 32498 32625 D ar_activity: [[2d] after update lines time=2023-04-21 17:24:20.172]
04-21 17:24:20.191 32498 32625 D ar_activity: [TRACKING TransformPointToPose time=2023-04-21 17:24:20.191]
04-21 17:24:20.192 32498 32625 D ar_activity: [TRACKING TransformPointToPose time=2023-04-21 17:24:20.192]
04-21 17:24:20.192 32498 32625 D ar_activity: send stroke to firebase, id=-NT_h1EbHudfKdIlcSaD
04-21 17:24:20.195 32498 32625 D ar_activity: [[2d] after update lines time=2023-04-21 17:24:20.195]
04-21 17:24:20.213 32498 32498 D ar_activity: [[2a end - 2d start] onChildChanged stroke id=-NT_h1EbHudfKdIlcSaD time=2023-04-21 17:24:20.213]
04-21 17:24:20.215 32498 32625 D ar_activity: [TRACKING TransformPointToPose time=2023-04-21 17:24:20.215]
04-21 17:24:20.216 32498 32625 D ar_activity: [TRACKING TransformPointToPose time=2023-04-21 17:24:20.216]
04-21 17:24:20.216 32498 32625 D ar_activity: send stroke to firebase, id=-NT_h1EbHudfKdIlcSaD
04-21 17:24:20.218 32498 32625 D ar_activity: [[2d] after update lines time=2023-04-21 17:24:20.217]
04-21 17:24:20.241 32498 32625 D ar_activity: [TRACKING TransformPointToPose time=2023-04-21 17:24:20.241]
04-21 17:24:20.241 32498 32625 D ar_activity: [TRACKING TransformPointToPose time=2023-04-21 17:24:20.241]
04-21 17:24:20.241 32498 32625 D ar_activity: send stroke to firebase, id=-NT_h1EbHudfKdIlcSaD
04-21 17:24:20.241 32498 32625 D ar_activity: [[2d] after update lines time=2023-04-21 17:24:20.241]
04-21 17:24:20.260 32498 32625 D ar_activity: [TRACKING TransformPointToPose time=2023-04-21 17:24:20.260]
04-21 17:24:20.261 32498 32625 D ar_activity: [TRACKING TransformPointToPose time=2023-04-21 17:24:20.261]
04-21 17:24:20.261 32498 32625 D ar_activity: send stroke to firebase, id=-NT_h1EbHudfKdIlcSaD
04-21 17:24:20.261 32498 32625 D ar_activity: [[2d] after update lines time=2023-04-21 17:24:20.261]
04-21 17:24:20.280 32498 32498 D ar_activity: [[2a end - 2d start] onChildChanged stroke id=-NT_h1EbHudfKdIlcSaD time=2023-04-21 17:24:20.280]
04-21 17:24:20.280 32498 32625 D ar_activity: [TRACKING TransformPointToPose time=2023-04-21 17:24:20.280]
04-21 17:24:20.281 32498 32625 D ar_activity: [TRACKING TransformPointToPose time=2023-04-21 17:24:20.281]
04-21 17:24:20.281 32498 32625 D ar_activity: send stroke to firebase, id=-NT_h1EbHudfKdIlcSaD
04-21 17:24:20.281 32498 32625 D ar_activity: [[2d] after update lines time=2023-04-21 17:24:20.281]
04-21 17:24:20.300 32498 32625 D ar_activity: [TRACKING TransformPointToPose time=2023-04-21 17:24:20.300]
04-21 17:24:20.300 32498 32625 D ar_activity: [TRACKING TransformPointToPose time=2023-04-21 17:24:20.300]
04-21 17:24:20.300 32498 32625 D ar_activity: send stroke to firebase, id=-NT_h1EbHudfKdIlcSaD
04-21 17:24:20.302 32498 32625 D ar_activity: [[2d] after update lines time=2023-04-21 17:24:20.301]
04-21 17:24:20.324 32498 32625 D ar_activity: [TRACKING TransformPointToPose time=2023-04-21 17:24:20.324]
04-21 17:24:20.325 32498 32625 D ar_activity: [TRACKING TransformPointToPose time=2023-04-21 17:24:20.324]
04-21 17:24:20.325 32498 32625 D ar_activity: send stroke to firebase, id=-NT_h1EbHudfKdIlcSaD
04-21 17:24:20.326 32498 32625 D ar_activity: [[2d] after update lines time=2023-04-21 17:24:20.326]
04-21 17:24:20.347 32498 32625 D ar_activity: [TRACKING TransformPointToPose time=2023-04-21 17:24:20.347]
04-21 17:24:20.348 32498 32625 D ar_activity: [TRACKING TransformPointToPose time=2023-04-21 17:24:20.348]
04-21 17:24:20.348 32498 32625 D ar_activity: send stroke to firebase, id=-NT_h1EbHudfKdIlcSaD
04-21 17:24:20.350 32498 32625 D ar_activity: [[2d] after update lines time=2023-04-21 17:24:20.349]
04-21 17:24:20.358 32498 32498 D ar_activity: [[2a end - 2d start] onChildChanged stroke id=-NT_h1EbHudfKdIlcSaD time=2023-04-21 17:24:20.358]
04-21 17:24:20.371 32498 32625 D ar_activity: [TRACKING TransformPointToPose time=2023-04-21 17:24:20.371]
04-21 17:24:20.371 32498 32625 D ar_activity: [TRACKING TransformPointToPose time=2023-04-21 17:24:20.371]
04-21 17:24:20.371 32498 32625 D ar_activity: send stroke to firebase, id=-NT_h1EbHudfKdIlcSaD
04-21 17:24:20.372 32498 32625 D ar_activity: [[2d] after update lines time=2023-04-21 17:24:20.372]
04-21 17:24:20.392 32498 32625 D ar_activity: [TRACKING TransformPointToPose time=2023-04-21 17:24:20.391]
04-21 17:24:20.393 32498 32625 D ar_activity: [TRACKING TransformPointToPose time=2023-04-21 17:24:20.392]
04-21 17:24:20.393 32498 32625 D ar_activity: send stroke to firebase, id=-NT_h1EbHudfKdIlcSaD
04-21 17:24:20.396 32498 32625 D ar_activity: [[2d] after update lines time=2023-04-21 17:24:20.395]
04-21 17:24:20.415 32498 32498 D ar_activity: [[2a end - 2d start] onChildChanged stroke id=-NT_h1EbHudfKdIlcSaD time=2023-04-21 17:24:20.415]
04-21 17:24:20.418 32498 32625 D ar_activity: [TRACKING TransformPointToPose time=2023-04-21 17:24:20.418]
04-21 17:24:20.419 32498 32625 D ar_activity: [TRACKING TransformPointToPose time=2023-04-21 17:24:20.419]
04-21 17:24:20.419 32498 32625 D ar_activity: send stroke to firebase, id=-NT_h1EbHudfKdIlcSaD
04-21 17:24:20.424 32498 32625 D ar_activity: [[2d] after update lines time=2023-04-21 17:24:20.424]
04-21 17:24:20.446 32498 32625 D ar_activity: [TRACKING TransformPointToPose time=2023-04-21 17:24:20.446]
04-21 17:24:20.447 32498 32625 D ar_activity: [TRACKING TransformPointToPose time=2023-04-21 17:24:20.446]
04-21 17:24:20.447 32498 32625 D ar_activity: send stroke to firebase, id=-NT_h1EbHudfKdIlcSaD
04-21 17:24:20.448 32498 32625 D ar_activity: [[2d] after update lines time=2023-04-21 17:24:20.448]
04-21 17:24:20.471 32498 32625 D ar_activity: [TRACKING TransformPointToPose time=2023-04-21 17:24:20.470]
04-21 17:24:20.475 32498 32625 D ar_activity: [TRACKING TransformPointToPose time=2023-04-21 17:24:20.475]
04-21 17:24:20.475 32498 32625 D ar_activity: [TRACKING TransformPointToPose time=2023-04-21 17:24:20.475]
04-21 17:24:20.475 32498 32625 D ar_activity: send stroke to firebase, id=-NT_h1EbHudfKdIlcSaD
04-21 17:24:20.478 32498 32498 D ar_activity: [[2a end - 2d start] onChildChanged stroke id=-NT_h1EbHudfKdIlcSaD time=2023-04-21 17:24:20.478]
04-21 17:24:20.479 32498 32625 D ar_activity: [[2d] after update lines time=2023-04-21 17:24:20.479]
04-21 17:24:20.498 32498 32625 D ar_activity: [TRACKING TransformPointToPose time=2023-04-21 17:24:20.497]
04-21 17:24:20.498 32498 32625 D ar_activity: [TRACKING TransformPointToPose time=2023-04-21 17:24:20.498]
04-21 17:24:20.498 32498 32625 D ar_activity: send stroke to firebase, id=-NT_h1EbHudfKdIlcSaD
04-21 17:24:20.499 32498 32625 D ar_activity: [[2d] after update lines time=2023-04-21 17:24:20.499]
04-21 17:24:20.517 32498 32625 D ar_activity: [TRACKING TransformPointToPose time=2023-04-21 17:24:20.517]
04-21 17:24:20.518 32498 32625 D ar_activity: [TRACKING TransformPointToPose time=2023-04-21 17:24:20.517]
04-21 17:24:20.518 32498 32625 D ar_activity: send stroke to firebase, id=-NT_h1EbHudfKdIlcSaD
04-21 17:24:20.519 32498 32625 D ar_activity: [[2d] after update lines time=2023-04-21 17:24:20.519]
04-21 17:24:20.539 32498 32625 D ar_activity: [TRACKING TransformPointToPose time=2023-04-21 17:24:20.539]
04-21 17:24:20.539 32498 32625 D ar_activity: [TRACKING TransformPointToPose time=2023-04-21 17:24:20.539]
04-21 17:24:20.539 32498 32625 D ar_activity: send stroke to firebase, id=-NT_h1EbHudfKdIlcSaD
04-21 17:24:20.543 32498 32625 D ar_activity: [[2d] after update lines time=2023-04-21 17:24:20.543]
04-21 17:24:20.545 32498 32498 D ar_activity: [[2a end - 2d start] onChildChanged stroke id=-NT_h1EbHudfKdIlcSaD time=2023-04-21 17:24:20.545]
04-21 17:24:20.562 32498 32625 D ar_activity: [TRACKING TransformPointToPose time=2023-04-21 17:24:20.561]
04-21 17:24:20.562 32498 32625 D ar_activity: [TRACKING TransformPointToPose time=2023-04-21 17:24:20.562]
04-21 17:24:20.563 32498 32625 D ar_activity: send stroke to firebase, id=-NT_h1EbHudfKdIlcSaD
04-21 17:24:20.563 32498 32625 D ar_activity: [[2d] after update lines time=2023-04-21 17:24:20.563]
04-21 17:24:20.582 32498 32625 D ar_activity: [TRACKING TransformPointToPose time=2023-04-21 17:24:20.581]
04-21 17:24:20.582 32498 32625 D ar_activity: [TRACKING TransformPointToPose time=2023-04-21 17:24:20.582]
04-21 17:24:20.582 32498 32625 D ar_activity: send stroke to firebase, id=-NT_h1EbHudfKdIlcSaD
04-21 17:24:20.583 32498 32625 D ar_activity: [[2d] after update lines time=2023-04-21 17:24:20.582]
04-21 17:24:20.601 32498 32625 D ar_activity: [TRACKING TransformPointToPose time=2023-04-21 17:24:20.601]
04-21 17:24:20.601 32498 32625 D ar_activity: [TRACKING TransformPointToPose time=2023-04-21 17:24:20.601]
04-21 17:24:20.602 32498 32625 D ar_activity: send stroke to firebase, id=-NT_h1EbHudfKdIlcSaD
04-21 17:24:20.604 32498 32625 D ar_activity: [[2d] after update lines time=2023-04-21 17:24:20.604]
04-21 17:24:20.623 32498 32498 D ar_activity: [[2a end - 2d start] onChildChanged stroke id=-NT_h1EbHudfKdIlcSaD time=2023-04-21 17:24:20.621]
04-21 17:24:20.625 32498 32625 D ar_activity: [TRACKING TransformPointToPose time=2023-04-21 17:24:20.625]
04-21 17:24:20.625 32498 32625 D ar_activity: [TRACKING TransformPointToPose time=2023-04-21 17:24:20.625]
04-21 17:24:20.626 32498 32625 D ar_activity: send stroke to firebase, id=-NT_h1EbHudfKdIlcSaD
04-21 17:24:20.626 32498 32625 D ar_activity: [[2d] after update lines time=2023-04-21 17:24:20.626]
04-21 17:24:20.645 32498 32625 D ar_activity: [TRACKING TransformPointToPose time=2023-04-21 17:24:20.644]
04-21 17:24:20.645 32498 32625 D ar_activity: [TRACKING TransformPointToPose time=2023-04-21 17:24:20.645]
04-21 17:24:20.645 32498 32625 D ar_activity: [TRACKING TransformPointToPose time=2023-04-21 17:24:20.645]
04-21 17:24:20.645 32498 32625 D ar_activity: send stroke to firebase, id=-NT_h1EbHudfKdIlcSaD
04-21 17:24:20.646 32498 32625 D ar_activity: [[2d] after update lines time=2023-04-21 17:24:20.646]
04-21 17:24:20.664 32498 32625 D ar_activity: [TRACKING TransformPointToPose time=2023-04-21 17:24:20.664]
04-21 17:24:20.664 32498 32625 D ar_activity: send stroke to firebase, id=-NT_h1EbHudfKdIlcSaD
04-21 17:24:20.665 32498 32625 D ar_activity: [[2d] after update lines time=2023-04-21 17:24:20.665]
04-21 17:24:20.682 32498 32498 D ar_activity: [[2a end - 2d start] onChildChanged stroke id=-NT_h1EbHudfKdIlcSaD time=2023-04-21 17:24:20.682]
04-21 17:24:20.684 32498 32625 D ar_activity: [TRACKING TransformPointToPose time=2023-04-21 17:24:20.684]
04-21 17:24:20.686 32498 32625 D ar_activity: [TRACKING TransformPointToPose time=2023-04-21 17:24:20.685]
04-21 17:24:20.686 32498 32625 D ar_activity: send stroke to firebase, id=-NT_h1EbHudfKdIlcSaD
04-21 17:24:20.689 32498 32625 D ar_activity: [[2d] after update lines time=2023-04-21 17:24:20.689]
04-21 17:24:20.709 32498 32625 D ar_activity: [TRACKING TransformPointToPose time=2023-04-21 17:24:20.709]
04-21 17:24:20.710 32498 32625 D ar_activity: [TRACKING TransformPointToPose time=2023-04-21 17:24:20.710]
04-21 17:24:20.710 32498 32625 D ar_activity: send stroke to firebase, id=-NT_h1EbHudfKdIlcSaD
04-21 17:24:20.711 32498 32625 D ar_activity: [[2d] after update lines time=2023-04-21 17:24:20.710]
04-21 17:24:20.731 32498 32625 D ar_activity: [TRACKING TransformPointToPose time=2023-04-21 17:24:20.731]
04-21 17:24:20.731 32498 32625 D ar_activity: [TRACKING TransformPointToPose time=2023-04-21 17:24:20.731]
04-21 17:24:20.732 32498 32625 D ar_activity: send stroke to firebase, id=-NT_h1EbHudfKdIlcSaD
04-21 17:24:20.733 32498 32625 D ar_activity: [[2d] after update lines time=2023-04-21 17:24:20.733]
04-21 17:24:20.750 32498 32498 D ar_activity: [[2a end - 2d start] onChildChanged stroke id=-NT_h1EbHudfKdIlcSaD time=2023-04-21 17:24:20.750]
04-21 17:24:20.756 32498 32625 D ar_activity: [TRACKING TransformPointToPose time=2023-04-21 17:24:20.756]
04-21 17:24:20.756 32498 32625 D ar_activity: [TRACKING TransformPointToPose time=2023-04-21 17:24:20.756]
04-21 17:24:20.757 32498 32625 D ar_activity: [TRACKING TransformPointToPose time=2023-04-21 17:24:20.757]
04-21 17:24:20.757 32498 32625 D ar_activity: send stroke to firebase, id=-NT_h1EbHudfKdIlcSaD
04-21 17:24:20.759 32498 32625 D ar_activity: [[2d] after update lines time=2023-04-21 17:24:20.759]
04-21 17:24:20.781 32498 32625 D ar_activity: [TRACKING TransformPointToPose time=2023-04-21 17:24:20.780]
04-21 17:24:20.781 32498 32625 D ar_activity: [TRACKING TransformPointToPose time=2023-04-21 17:24:20.781]
04-21 17:24:20.781 32498 32625 D ar_activity: send stroke to firebase, id=-NT_h1EbHudfKdIlcSaD
04-21 17:24:20.783 32498 32625 D ar_activity: [[2d] after update lines time=2023-04-21 17:24:20.783]
04-21 17:24:20.808 32498 32625 D ar_activity: [TRACKING TransformPointToPose time=2023-04-21 17:24:20.807]
04-21 17:24:20.810 32498 32625 D ar_activity: [TRACKING TransformPointToPose time=2023-04-21 17:24:20.809]
04-21 17:24:20.810 32498 32625 D ar_activity: send stroke to firebase, id=-NT_h1EbHudfKdIlcSaD
04-21 17:24:20.812 32498 32625 D ar_activity: [[2d] after update lines time=2023-04-21 17:24:20.811]
04-21 17:24:20.832 32498 32625 D ar_activity: [TRACKING TransformPointToPose time=2023-04-21 17:24:20.831]
04-21 17:24:20.832 32498 32625 D ar_activity: send stroke to firebase, id=-NT_h1EbHudfKdIlcSaD
04-21 17:24:20.832 32498 32498 D ar_activity: [[2a end - 2d start] onChildChanged stroke id=-NT_h1EbHudfKdIlcSaD time=2023-04-21 17:24:20.832]
04-21 17:24:20.832 32498 32625 D ar_activity: [[2d] after update lines time=2023-04-21 17:24:20.832]
04-21 17:24:20.854 32498 32625 D ar_activity: [TRACKING TransformPointToPose time=2023-04-21 17:24:20.853]
04-21 17:24:20.855 32498 32625 D ar_activity: [TRACKING TransformPointToPose time=2023-04-21 17:24:20.854]
04-21 17:24:20.855 32498 32625 D ar_activity: send stroke to firebase, id=-NT_h1EbHudfKdIlcSaD
04-21 17:24:20.856 32498 32625 D ar_activity: [[2d] after update lines time=2023-04-21 17:24:20.856]
04-21 17:24:20.876 32498 32625 D ar_activity: [TRACKING TransformPointToPose time=2023-04-21 17:24:20.875]
04-21 17:24:20.876 32498 32625 D ar_activity: [TRACKING TransformPointToPose time=2023-04-21 17:24:20.876]
04-21 17:24:20.876 32498 32625 D ar_activity: send stroke to firebase, id=-NT_h1EbHudfKdIlcSaD
04-21 17:24:20.877 32498 32625 D ar_activity: [[2d] after update lines time=2023-04-21 17:24:20.877]
04-21 17:24:20.899 32498 32625 D ar_activity: [TRACKING TransformPointToPose time=2023-04-21 17:24:20.899]
04-21 17:24:20.901 32498 32625 D ar_activity: [TRACKING TransformPointToPose time=2023-04-21 17:24:20.899]
04-21 17:24:20.901 32498 32625 D ar_activity: send stroke to firebase, id=-NT_h1EbHudfKdIlcSaD
04-21 17:24:20.905 32498 32625 D ar_activity: [[2d] after update lines time=2023-04-21 17:24:20.905]
04-21 17:24:20.924 32498 32498 D ar_activity: [[2a end - 2d start] onChildChanged stroke id=-NT_h1EbHudfKdIlcSaD time=2023-04-21 17:24:20.924]
04-21 17:24:20.924 32498 32625 D ar_activity: [TRACKING TransformPointToPose time=2023-04-21 17:24:20.924]
04-21 17:24:20.925 32498 32625 D ar_activity: [TRACKING TransformPointToPose time=2023-04-21 17:24:20.925]
04-21 17:24:20.925 32498 32625 D ar_activity: send stroke to firebase, id=-NT_h1EbHudfKdIlcSaD
04-21 17:24:20.926 32498 32625 D ar_activity: [[2d] after update lines time=2023-04-21 17:24:20.925]
04-21 17:24:20.946 32498 32625 D ar_activity: [TRACKING TransformPointToPose time=2023-04-21 17:24:20.945]
04-21 17:24:20.946 32498 32625 D ar_activity: [TRACKING TransformPointToPose time=2023-04-21 17:24:20.946]
04-21 17:24:20.946 32498 32625 D ar_activity: send stroke to firebase, id=-NT_h1EbHudfKdIlcSaD
04-21 17:24:20.947 32498 32625 D ar_activity: [[2d] after update lines time=2023-04-21 17:24:20.947]
04-21 17:24:20.967 32498 32625 D ar_activity: [TRACKING TransformPointToPose time=2023-04-21 17:24:20.967]
04-21 17:24:20.967 32498 32625 D ar_activity: send stroke to firebase, id=-NT_h1EbHudfKdIlcSaD
04-21 17:24:20.967 32498 32625 D ar_activity: [[2d] after update lines time=2023-04-21 17:24:20.967]
04-21 17:24:20.987 32498 32625 D ar_activity: [TRACKING TransformPointToPose time=2023-04-21 17:24:20.987]
04-21 17:24:20.987 32498 32625 D ar_activity: send stroke to firebase, id=-NT_h1EbHudfKdIlcSaD
04-21 17:24:20.988 32498 32625 D ar_activity: [[2d] after update lines time=2023-04-21 17:24:20.988]
04-21 17:24:21.007 32498 32625 D ar_activity: [TRACKING TransformPointToPose time=2023-04-21 17:24:21.007]
04-21 17:24:21.007 32498 32625 D ar_activity: [TRACKING TransformPointToPose time=2023-04-21 17:24:21.007]
04-21 17:24:21.008 32498 32625 D ar_activity: send stroke to firebase, id=-NT_h1EbHudfKdIlcSaD
04-21 17:24:21.009 32498 32625 D ar_activity: [[2d] after update lines time=2023-04-21 17:24:21.008]
04-21 17:24:21.011 32498 32498 D ar_activity: [[2a end - 2d start] onChildChanged stroke id=-NT_h1EbHudfKdIlcSaD time=2023-04-21 17:24:21.005]
04-21 17:24:21.028 32498 32625 D ar_activity: [TRACKING TransformPointToPose time=2023-04-21 17:24:21.027]
04-21 17:24:21.028 32498 32625 D ar_activity: [TRACKING TransformPointToPose time=2023-04-21 17:24:21.028]
04-21 17:24:21.028 32498 32625 D ar_activity: send stroke to firebase, id=-NT_h1EbHudfKdIlcSaD
04-21 17:24:21.029 32498 32625 D ar_activity: [[2d] after update lines time=2023-04-21 17:24:21.028]
04-21 17:24:21.049 32498 32625 D ar_activity: [TRACKING TransformPointToPose time=2023-04-21 17:24:21.049]
04-21 17:24:21.049 32498 32625 D ar_activity: [TRACKING TransformPointToPose time=2023-04-21 17:24:21.049]
04-21 17:24:21.049 32498 32625 D ar_activity: send stroke to firebase, id=-NT_h1EbHudfKdIlcSaD
04-21 17:24:21.050 32498 32625 D ar_activity: [[2d] after update lines time=2023-04-21 17:24:21.050]
04-21 17:24:21.071 32498 32625 D ar_activity: [TRACKING TransformPointToPose time=2023-04-21 17:24:21.070]
04-21 17:24:21.072 32498 32625 D ar_activity: [TRACKING TransformPointToPose time=2023-04-21 17:24:21.072]
04-21 17:24:21.073 32498 32625 D ar_activity: send stroke to firebase, id=-NT_h1EbHudfKdIlcSaD
04-21 17:24:21.076 32498 32625 D ar_activity: [[2d] after update lines time=2023-04-21 17:24:21.076]
04-21 17:24:21.102 32498 32625 D ar_activity: [TRACKING TransformPointToPose time=2023-04-21 17:24:21.101]
04-21 17:24:21.105 32498 32625 D ar_activity: [TRACKING TransformPointToPose time=2023-04-21 17:24:21.103]
04-21 17:24:21.107 32498 32625 D ar_activity: send stroke to firebase, id=-NT_h1EbHudfKdIlcSaD
04-21 17:24:21.108 32498 32498 D ar_activity: [[2a end - 2d start] onChildChanged stroke id=-NT_h1EbHudfKdIlcSaD time=2023-04-21 17:24:21.107]
04-21 17:24:21.112 32498 32625 D ar_activity: [[2d] after update lines time=2023-04-21 17:24:21.111]
04-21 17:24:21.134 32498 32625 D ar_activity: [TRACKING TransformPointToPose time=2023-04-21 17:24:21.134]
04-21 17:24:21.135 32498 32625 D ar_activity: [TRACKING TransformPointToPose time=2023-04-21 17:24:21.134]
04-21 17:24:21.135 32498 32625 D ar_activity: [TRACKING TransformPointToPose time=2023-04-21 17:24:21.135]
04-21 17:24:21.135 32498 32625 D ar_activity: send stroke to firebase, id=-NT_h1EbHudfKdIlcSaD
04-21 17:24:21.140 32498 32625 D ar_activity: [[2d] after update lines time=2023-04-21 17:24:21.137]
04-21 17:24:21.160 32498 32625 D ar_activity: [TRACKING TransformPointToPose time=2023-04-21 17:24:21.159]
04-21 17:24:21.160 32498 32625 D ar_activity: [TRACKING TransformPointToPose time=2023-04-21 17:24:21.160]
04-21 17:24:21.160 32498 32625 D ar_activity: send stroke to firebase, id=-NT_h1EbHudfKdIlcSaD
04-21 17:24:21.161 32498 32625 D ar_activity: [[2d] after update lines time=2023-04-21 17:24:21.161]
04-21 17:24:21.184 32498 32625 D ar_activity: [TRACKING TransformPointToPose time=2023-04-21 17:24:21.183]
04-21 17:24:21.184 32498 32625 D ar_activity: [TRACKING TransformPointToPose time=2023-04-21 17:24:21.184]
04-21 17:24:21.185 32498 32625 D ar_activity: send stroke to firebase, id=-NT_h1EbHudfKdIlcSaD
04-21 17:24:21.187 32498 32625 D ar_activity: [[2d] after update lines time=2023-04-21 17:24:21.186]
04-21 17:24:21.189 32498 32498 D ar_activity: [[2a end - 2d start] onChildChanged stroke id=-NT_h1EbHudfKdIlcSaD time=2023-04-21 17:24:21.189]
04-21 17:24:21.215 32498 32625 D ar_activity: [TRACKING TransformPointToPose time=2023-04-21 17:24:21.215]
04-21 17:24:21.216 32498 32625 D ar_activity: send stroke to firebase, id=-NT_h1EbHudfKdIlcSaD
04-21 17:24:21.216 32498 32625 D ar_activity: [[2d] after update lines time=2023-04-21 17:24:21.216]
04-21 17:24:21.240 32498 32625 D ar_activity: [TRACKING TransformPointToPose time=2023-04-21 17:24:21.239]
04-21 17:24:21.241 32498 32625 D ar_activity: [TRACKING TransformPointToPose time=2023-04-21 17:24:21.241]
04-21 17:24:21.242 32498 32625 D ar_activity: send stroke to firebase, id=-NT_h1EbHudfKdIlcSaD
04-21 17:24:21.242 32498 32625 D ar_activity: [[2d] after update lines time=2023-04-21 17:24:21.242]
04-21 17:24:21.261 32498 32625 D ar_activity: [TRACKING TransformPointToPose time=2023-04-21 17:24:21.261]
04-21 17:24:21.261 32498 32625 D ar_activity: [TRACKING TransformPointToPose time=2023-04-21 17:24:21.261]
04-21 17:24:21.261 32498 32625 D ar_activity: send stroke to firebase, id=-NT_h1EbHudfKdIlcSaD
04-21 17:24:21.263 32498 32625 D ar_activity: [[2d] after update lines time=2023-04-21 17:24:21.263]
04-21 17:24:21.276 32498 32498 D ar_activity: [[2a end - 2d start] onChildChanged stroke id=-NT_h1EbHudfKdIlcSaD time=2023-04-21 17:24:21.276]
04-21 17:24:21.282 32498 32625 D ar_activity: [TRACKING TransformPointToPose time=2023-04-21 17:24:21.281]
04-21 17:24:21.282 32498 32625 D ar_activity: [TRACKING TransformPointToPose time=2023-04-21 17:24:21.282]
04-21 17:24:21.282 32498 32625 D ar_activity: send stroke to firebase, id=-NT_h1EbHudfKdIlcSaD
04-21 17:24:21.283 32498 32625 D ar_activity: [[2d] after update lines time=2023-04-21 17:24:21.283]
04-21 17:24:21.301 32498 32625 D ar_activity: [TRACKING TransformPointToPose time=2023-04-21 17:24:21.301]
04-21 17:24:21.301 32498 32625 D ar_activity: [TRACKING TransformPointToPose time=2023-04-21 17:24:21.301]
04-21 17:24:21.302 32498 32625 D ar_activity: send stroke to firebase, id=-NT_h1EbHudfKdIlcSaD
04-21 17:24:21.302 32498 32625 D ar_activity: [[2d] after update lines time=2023-04-21 17:24:21.302]
04-21 17:24:21.325 32498 32625 D ar_activity: [TRACKING TransformPointToPose time=2023-04-21 17:24:21.324]
04-21 17:24:21.325 32498 32625 D ar_activity: [TRACKING TransformPointToPose time=2023-04-21 17:24:21.325]
04-21 17:24:21.325 32498 32625 D ar_activity: send stroke to firebase, id=-NT_h1EbHudfKdIlcSaD
04-21 17:24:21.326 32498 32625 D ar_activity: [[2d] after update lines time=2023-04-21 17:24:21.326]
04-21 17:24:21.346 32498 32625 D ar_activity: [TRACKING TransformPointToPose time=2023-04-21 17:24:21.346]
04-21 17:24:21.346 32498 32625 D ar_activity: [TRACKING TransformPointToPose time=2023-04-21 17:24:21.346]
04-21 17:24:21.346 32498 32625 D ar_activity: send stroke to firebase, id=-NT_h1EbHudfKdIlcSaD
04-21 17:24:21.347 32498 32625 D ar_activity: [[2d] after update lines time=2023-04-21 17:24:21.347]
04-21 17:24:21.359 32498 32498 D ar_activity: [[2a end - 2d start] onChildChanged stroke id=-NT_h1EbHudfKdIlcSaD time=2023-04-21 17:24:21.359]
04-21 17:24:21.365 32498 32625 D ar_activity: [TRACKING TransformPointToPose time=2023-04-21 17:24:21.365]
04-21 17:24:21.365 32498 32625 D ar_activity: send stroke to firebase, id=-NT_h1EbHudfKdIlcSaD
04-21 17:24:21.366 32498 32625 D ar_activity: [[2d] after update lines time=2023-04-21 17:24:21.366]
