--------- beginning of main
04-21 16:51:14.422 21167 21296 D ar_activity: [[2d] after update lines time=2023-04-21 16:51:14.376]
04-21 16:51:18.447 21167 21167 D ar_activity: [--- pair start --- time=2023-04-21 16:51:18.446]
04-21 16:51:18.447 21167 21167 D ar_activity: [--- pair session start --- time=2023-04-21 16:51:18.447]
04-21 16:51:18.476 21167 21167 D ar_activity: [create room: Message{namespace='', type='', content=[34 bytes]} time=2023-04-21 16:51:18.476]
04-21 16:51:18.485 21167 21167 D ar_activity: LOOKING: 2023-04-21 16:51:18.485
04-21 16:51:22.471 21167 21167 D ar_activity: [--- pair joined --- time=2023-04-21 16:51:22.471]
04-21 16:51:22.473 21167 21167 D ar_activity: PARTNER FOUND: 2023-04-21 16:51:22.473
04-21 16:51:24.476 21167 21167 D ar_activity: SET ANCHOR: 2023-04-21 16:51:24.476
04-21 16:51:26.395 21167 21167 D ar_activity: [anchor resolution changed: null time=2023-04-21 16:51:26.395]
04-21 16:51:26.802 21167 21167 D ar_activity: [--- sync ready to set anchor --- time=2023-04-21 16:51:26.801]
04-21 16:51:26.802 21167 21167 D ar_activity: [--- sync: sendSetAnchorEvent --- time=2023-04-21 16:51:26.802]
04-21 16:51:26.802 21167 21167 D ar_activity: --- start creating anchor: 2023-04-21 16:51:26.802 ---
04-21 16:51:26.803 21167 21167 D ar_activity: --- anchor: com.google.ar.core.Anchor@b49d5dc9 ---
04-21 16:51:26.803 21167 21167 D ar_activity: --- finish creating anchor: 2023-04-21 16:51:26.803 ---
04-21 16:51:26.803 21167 21167 D ar_activity: [hostAnchor start time=2023-04-21 16:51:26.803]
04-21 16:51:26.804 21167 21167 D ar_activity: [hostAnchor end time=2023-04-21 16:51:26.804]
04-21 16:51:26.805 21167 21167 D ar_activity: Start CONNECTING: 2023-04-21 16:51:26.805
04-21 16:51:26.831 21167 21296 D ar_activity: [--- anchor: onUpdate--- time=2023-04-21 16:51:26.831]
04-21 16:51:29.001 21167 21296 D ar_activity: [--- anchor: onUpdate--- time=2023-04-21 16:51:29.001]
04-21 16:51:30.058 21167 21296 D ar_activity: [--- anchor: onUpdate--- time=2023-04-21 16:51:30.058]
04-21 16:51:30.059 21167 21296 D ar_activity: [--- onAnchorHosted [HOSTED]--- time=2023-04-21 16:51:30.058]
04-21 16:51:30.091 21167 21167 D ar_activity: [anchor resolution changed: false time=2023-04-21 16:51:30.091]
04-21 16:51:30.941 21167 21167 D ar_activity: [--- sync: finish syncing anchor --- time=2023-04-21 16:51:30.940]
04-21 16:51:30.943 21167 21167 D ar_activity: SYNCED: 2023-04-21 16:51:30.942
04-21 16:51:39.300 21167 21167 D ar_activity: [[1a start] touch screen time=2023-04-21 16:51:39.300]
04-21 16:51:39.303 21167 21296 D ar_activity: addStroke at 2023-04-21 16:51:39.302
04-21 16:51:39.308 21167 21296 D ar_activity: stroke (id: -NT__YkN6JFAuo3P3vUC) was added at 2023-04-21 16:51:39.307
04-21 16:51:39.309 21167 21296 D ar_activity: [[1b start] setFirebaseValue stroke id=-NT__YkN6JFAuo3P3vUC time=2023-04-21 16:51:39.308]
04-21 16:51:39.317 21167 21296 D ar_activity: [TRACKING TransformPointToPose time=2023-04-21 16:51:39.317]
04-21 16:51:39.318 21167 21167 D ar_activity: [[2a end - 2d start] onChildAdded stroke id=-NT__YkN6JFAuo3P3vUC time=2023-04-21 16:51:39.318]
04-21 16:51:39.325 21167 21296 D ar_activity: send stroke to firebase, id=-NT__YkN6JFAuo3P3vUC
04-21 16:51:39.326 21167 21296 D ar_activity: [[2d] after update lines time=2023-04-21 16:51:39.326]
04-21 16:51:39.345 21167 21296 D ar_activity: [TRACKING TransformPointToPose time=2023-04-21 16:51:39.345]
04-21 16:51:39.345 21167 21296 D ar_activity: send stroke to firebase, id=-NT__YkN6JFAuo3P3vUC
04-21 16:51:39.347 21167 21296 D ar_activity: [[2d] after update lines time=2023-04-21 16:51:39.347]
04-21 16:51:39.366 21167 21296 D ar_activity: [TRACKING TransformPointToPose time=2023-04-21 16:51:39.365]
04-21 16:51:39.366 21167 21296 D ar_activity: send stroke to firebase, id=-NT__YkN6JFAuo3P3vUC
04-21 16:51:39.366 21167 21296 D ar_activity: [[2d] after update lines time=2023-04-21 16:51:39.366]
04-21 16:51:39.385 21167 21296 D ar_activity: [TRACKING TransformPointToPose time=2023-04-21 16:51:39.385]
04-21 16:51:39.385 21167 21296 D ar_activity: [TRACKING TransformPointToPose time=2023-04-21 16:51:39.385]
04-21 16:51:39.385 21167 21296 D ar_activity: [TRACKING TransformPointToPose time=2023-04-21 16:51:39.385]
04-21 16:51:39.385 21167 21296 D ar_activity: send stroke to firebase, id=-NT__YkN6JFAuo3P3vUC
04-21 16:51:39.386 21167 21296 D ar_activity: [[2d] after update lines time=2023-04-21 16:51:39.386]
04-21 16:51:39.393 21167 21167 D ar_activity: [[1b start] setFirebaseValue stroke id=-NT__YkN6JFAuo3P3vUC time=2023-04-21 16:51:39.392]
04-21 16:51:39.407 21167 21167 D ar_activity: [[2a end - 2d start] onChildChanged stroke id=-NT__YkN6JFAuo3P3vUC time=2023-04-21 16:51:39.407]
04-21 16:51:39.409 21167 21296 D ar_activity: [TRACKING TransformPointToPose time=2023-04-21 16:51:39.409]
04-21 16:51:39.410 21167 21296 D ar_activity: [TRACKING TransformPointToPose time=2023-04-21 16:51:39.410]
04-21 16:51:39.410 21167 21296 D ar_activity: send stroke to firebase, id=-NT__YkN6JFAuo3P3vUC
04-21 16:51:39.412 21167 21296 D ar_activity: [[2d] after update lines time=2023-04-21 16:51:39.412]
04-21 16:51:39.431 21167 21296 D ar_activity: [TRACKING TransformPointToPose time=2023-04-21 16:51:39.431]
04-21 16:51:39.431 21167 21296 D ar_activity: [TRACKING TransformPointToPose time=2023-04-21 16:51:39.431]
04-21 16:51:39.431 21167 21296 D ar_activity: send stroke to firebase, id=-NT__YkN6JFAuo3P3vUC
04-21 16:51:39.432 21167 21296 D ar_activity: [[2d] after update lines time=2023-04-21 16:51:39.432]
04-21 16:51:39.450 21167 21167 D ar_activity: [[2a end - 2d start] onChildChanged stroke id=-NT__YkN6JFAuo3P3vUC time=2023-04-21 16:51:39.450]
04-21 16:51:39.451 21167 21296 D ar_activity: [TRACKING TransformPointToPose time=2023-04-21 16:51:39.451]
04-21 16:51:39.452 21167 21296 D ar_activity: [TRACKING TransformPointToPose time=2023-04-21 16:51:39.451]
04-21 16:51:39.452 21167 21296 D ar_activity: send stroke to firebase, id=-NT__YkN6JFAuo3P3vUC
04-21 16:51:39.453 21167 21296 D ar_activity: [[2d] after update lines time=2023-04-21 16:51:39.452]
04-21 16:51:39.475 21167 21296 D ar_activity: [TRACKING TransformPointToPose time=2023-04-21 16:51:39.474]
04-21 16:51:39.475 21167 21296 D ar_activity: [TRACKING TransformPointToPose time=2023-04-21 16:51:39.475]
04-21 16:51:39.475 21167 21296 D ar_activity: send stroke to firebase, id=-NT__YkN6JFAuo3P3vUC
04-21 16:51:39.476 21167 21296 D ar_activity: [[2d] after update lines time=2023-04-21 16:51:39.475]
04-21 16:51:39.494 21167 21296 D ar_activity: [TRACKING TransformPointToPose time=2023-04-21 16:51:39.494]
04-21 16:51:39.494 21167 21296 D ar_activity: [TRACKING TransformPointToPose time=2023-04-21 16:51:39.494]
04-21 16:51:39.494 21167 21296 D ar_activity: send stroke to firebase, id=-NT__YkN6JFAuo3P3vUC
04-21 16:51:39.495 21167 21296 D ar_activity: [[2d] after update lines time=2023-04-21 16:51:39.495]
04-21 16:51:39.513 21167 21296 D ar_activity: [TRACKING TransformPointToPose time=2023-04-21 16:51:39.513]
04-21 16:51:39.514 21167 21296 D ar_activity: [TRACKING TransformPointToPose time=2023-04-21 16:51:39.514]
04-21 16:51:39.514 21167 21296 D ar_activity: send stroke to firebase, id=-NT__YkN6JFAuo3P3vUC
04-21 16:51:39.516 21167 21296 D ar_activity: [[2d] after update lines time=2023-04-21 16:51:39.516]
04-21 16:51:39.517 21167 21167 D ar_activity: [[2a end - 2d start] onChildChanged stroke id=-NT__YkN6JFAuo3P3vUC time=2023-04-21 16:51:39.517]
04-21 16:51:39.536 21167 21296 D ar_activity: [TRACKING TransformPointToPose time=2023-04-21 16:51:39.536]
04-21 16:51:39.537 21167 21296 D ar_activity: [TRACKING TransformPointToPose time=2023-04-21 16:51:39.536]
04-21 16:51:39.537 21167 21296 D ar_activity: send stroke to firebase, id=-NT__YkN6JFAuo3P3vUC
04-21 16:51:39.540 21167 21296 D ar_activity: [[2d] after update lines time=2023-04-21 16:51:39.538]
04-21 16:51:39.559 21167 21296 D ar_activity: [TRACKING TransformPointToPose time=2023-04-21 16:51:39.559]
04-21 16:51:39.560 21167 21296 D ar_activity: [TRACKING TransformPointToPose time=2023-04-21 16:51:39.560]
04-21 16:51:39.560 21167 21296 D ar_activity: send stroke to firebase, id=-NT__YkN6JFAuo3P3vUC
04-21 16:51:39.560 21167 21296 D ar_activity: [[2d] after update lines time=2023-04-21 16:51:39.560]
04-21 16:51:39.579 21167 21296 D ar_activity: [TRACKING TransformPointToPose time=2023-04-21 16:51:39.579]
04-21 16:51:39.582 21167 21296 D ar_activity: send stroke to firebase, id=-NT__YkN6JFAuo3P3vUC
04-21 16:51:39.582 21167 21167 D ar_activity: [[2a end - 2d start] onChildChanged stroke id=-NT__YkN6JFAuo3P3vUC time=2023-04-21 16:51:39.582]
04-21 16:51:39.583 21167 21296 D ar_activity: [[2d] after update lines time=2023-04-21 16:51:39.583]
04-21 16:51:39.601 21167 21296 D ar_activity: [TRACKING TransformPointToPose time=2023-04-21 16:51:39.601]
04-21 16:51:39.602 21167 21296 D ar_activity: [TRACKING TransformPointToPose time=2023-04-21 16:51:39.602]
04-21 16:51:39.602 21167 21296 D ar_activity: send stroke to firebase, id=-NT__YkN6JFAuo3P3vUC
04-21 16:51:39.602 21167 21296 D ar_activity: [[2d] after update lines time=2023-04-21 16:51:39.602]
04-21 16:51:39.622 21167 21296 D ar_activity: [TRACKING TransformPointToPose time=2023-04-21 16:51:39.621]
04-21 16:51:39.622 21167 21296 D ar_activity: send stroke to firebase, id=-NT__YkN6JFAuo3P3vUC
04-21 16:51:39.623 21167 21296 D ar_activity: [[2d] after update lines time=2023-04-21 16:51:39.622]
04-21 16:51:39.642 21167 21296 D ar_activity: [TRACKING TransformPointToPose time=2023-04-21 16:51:39.641]
04-21 16:51:39.642 21167 21296 D ar_activity: [TRACKING TransformPointToPose time=2023-04-21 16:51:39.642]
04-21 16:51:39.642 21167 21296 D ar_activity: send stroke to firebase, id=-NT__YkN6JFAuo3P3vUC
04-21 16:51:39.643 21167 21296 D ar_activity: [[2d] after update lines time=2023-04-21 16:51:39.643]
04-21 16:51:39.653 21167 21167 D ar_activity: [[2a end - 2d start] onChildChanged stroke id=-NT__YkN6JFAuo3P3vUC time=2023-04-21 16:51:39.652]
04-21 16:51:39.664 21167 21296 D ar_activity: [TRACKING TransformPointToPose time=2023-04-21 16:51:39.664]
04-21 16:51:39.666 21167 21296 D ar_activity: [TRACKING TransformPointToPose time=2023-04-21 16:51:39.665]
04-21 16:51:39.666 21167 21296 D ar_activity: send stroke to firebase, id=-NT__YkN6JFAuo3P3vUC
04-21 16:51:39.668 21167 21296 D ar_activity: [[2d] after update lines time=2023-04-21 16:51:39.667]
04-21 16:51:39.690 21167 21296 D ar_activity: [TRACKING TransformPointToPose time=2023-04-21 16:51:39.690]
04-21 16:51:39.690 21167 21296 D ar_activity: [TRACKING TransformPointToPose time=2023-04-21 16:51:39.690]
04-21 16:51:39.690 21167 21296 D ar_activity: send stroke to firebase, id=-NT__YkN6JFAuo3P3vUC
04-21 16:51:39.691 21167 21296 D ar_activity: [[2d] after update lines time=2023-04-21 16:51:39.691]
04-21 16:51:39.710 21167 21296 D ar_activity: [TRACKING TransformPointToPose time=2023-04-21 16:51:39.709]
04-21 16:51:39.710 21167 21296 D ar_activity: send stroke to firebase, id=-NT__YkN6JFAuo3P3vUC
04-21 16:51:39.710 21167 21296 D ar_activity: [[2d] after update lines time=2023-04-21 16:51:39.710]
04-21 16:51:39.729 21167 21296 D ar_activity: [TRACKING TransformPointToPose time=2023-04-21 16:51:39.729]
04-21 16:51:39.729 21167 21296 D ar_activity: [TRACKING TransformPointToPose time=2023-04-21 16:51:39.729]
04-21 16:51:39.730 21167 21296 D ar_activity: [TRACKING TransformPointToPose time=2023-04-21 16:51:39.729]
04-21 16:51:39.730 21167 21296 D ar_activity: send stroke to firebase, id=-NT__YkN6JFAuo3P3vUC
04-21 16:51:39.730 21167 21296 D ar_activity: [[2d] after update lines time=2023-04-21 16:51:39.730]
04-21 16:51:39.743 21167 21167 D ar_activity: [[2a end - 2d start] onChildChanged stroke id=-NT__YkN6JFAuo3P3vUC time=2023-04-21 16:51:39.743]
04-21 16:51:39.750 21167 21296 D ar_activity: [TRACKING TransformPointToPose time=2023-04-21 16:51:39.750]
04-21 16:51:39.750 21167 21296 D ar_activity: send stroke to firebase, id=-NT__YkN6JFAuo3P3vUC
04-21 16:51:39.751 21167 21296 D ar_activity: [[2d] after update lines time=2023-04-21 16:51:39.751]
04-21 16:51:39.773 21167 21296 D ar_activity: [TRACKING TransformPointToPose time=2023-04-21 16:51:39.772]
04-21 16:51:39.778 21167 21296 D ar_activity: [TRACKING TransformPointToPose time=2023-04-21 16:51:39.778]
04-21 16:51:39.779 21167 21296 D ar_activity: send stroke to firebase, id=-NT__YkN6JFAuo3P3vUC
04-21 16:51:39.781 21167 21296 D ar_activity: [[2d] after update lines time=2023-04-21 16:51:39.780]
04-21 16:51:39.803 21167 21296 D ar_activity: [TRACKING TransformPointToPose time=2023-04-21 16:51:39.802]
04-21 16:51:39.803 21167 21296 D ar_activity: send stroke to firebase, id=-NT__YkN6JFAuo3P3vUC
04-21 16:51:39.804 21167 21296 D ar_activity: [[2d] after update lines time=2023-04-21 16:51:39.803]
04-21 16:51:39.826 21167 21296 D ar_activity: [TRACKING TransformPointToPose time=2023-04-21 16:51:39.826]
04-21 16:51:39.827 21167 21296 D ar_activity: send stroke to firebase, id=-NT__YkN6JFAuo3P3vUC
04-21 16:51:39.834 21167 21167 D ar_activity: [[2a end - 2d start] onChildChanged stroke id=-NT__YkN6JFAuo3P3vUC time=2023-04-21 16:51:39.832]
04-21 16:51:39.836 21167 21296 D ar_activity: [[2d] after update lines time=2023-04-21 16:51:39.835]
04-21 16:51:39.874 21167 21296 D ar_activity: [TRACKING TransformPointToPose time=2023-04-21 16:51:39.874]
04-21 16:51:39.877 21167 21296 D ar_activity: [TRACKING TransformPointToPose time=2023-04-21 16:51:39.876]
04-21 16:51:39.879 21167 21296 D ar_activity: [TRACKING TransformPointToPose time=2023-04-21 16:51:39.878]
04-21 16:51:39.879 21167 21296 D ar_activity: [TRACKING TransformPointToPose time=2023-04-21 16:51:39.879]
04-21 16:51:39.880 21167 21296 D ar_activity: [TRACKING TransformPointToPose time=2023-04-21 16:51:39.880]
04-21 16:51:39.880 21167 21296 D ar_activity: send stroke to firebase, id=-NT__YkN6JFAuo3P3vUC
04-21 16:51:39.885 21167 21296 D ar_activity: [[2d] after update lines time=2023-04-21 16:51:39.885]
04-21 16:51:39.909 21167 21296 D ar_activity: [TRACKING TransformPointToPose time=2023-04-21 16:51:39.909]
04-21 16:51:39.909 21167 21296 D ar_activity: [TRACKING TransformPointToPose time=2023-04-21 16:51:39.909]
04-21 16:51:39.910 21167 21296 D ar_activity: [TRACKING TransformPointToPose time=2023-04-21 16:51:39.909]
04-21 16:51:39.910 21167 21296 D ar_activity: send stroke to firebase, id=-NT__YkN6JFAuo3P3vUC
04-21 16:51:39.914 21167 21296 D ar_activity: [[2d] after update lines time=2023-04-21 16:51:39.913]
04-21 16:51:39.916 21167 21167 D ar_activity: [[2a end - 2d start] onChildChanged stroke id=-NT__YkN6JFAuo3P3vUC time=2023-04-21 16:51:39.915]
04-21 16:51:39.935 21167 21296 D ar_activity: [TRACKING TransformPointToPose time=2023-04-21 16:51:39.935]
04-21 16:51:39.935 21167 21296 D ar_activity: [TRACKING TransformPointToPose time=2023-04-21 16:51:39.935]
04-21 16:51:39.935 21167 21296 D ar_activity: [TRACKING TransformPointToPose time=2023-04-21 16:51:39.935]
04-21 16:51:39.935 21167 21296 D ar_activity: send stroke to firebase, id=-NT__YkN6JFAuo3P3vUC
04-21 16:51:39.936 21167 21296 D ar_activity: [[2d] after update lines time=2023-04-21 16:51:39.936]
04-21 16:51:39.954 21167 21296 D ar_activity: [TRACKING TransformPointToPose time=2023-04-21 16:51:39.954]
04-21 16:51:39.954 21167 21296 D ar_activity: send stroke to firebase, id=-NT__YkN6JFAuo3P3vUC
04-21 16:51:39.955 21167 21296 D ar_activity: [[2d] after update lines time=2023-04-21 16:51:39.955]
04-21 16:51:39.975 21167 21296 D ar_activity: [TRACKING TransformPointToPose time=2023-04-21 16:51:39.975]
04-21 16:51:39.975 21167 21296 D ar_activity: [TRACKING TransformPointToPose time=2023-04-21 16:51:39.975]
04-21 16:51:39.975 21167 21296 D ar_activity: send stroke to firebase, id=-NT__YkN6JFAuo3P3vUC
04-21 16:51:39.976 21167 21296 D ar_activity: [[2d] after update lines time=2023-04-21 16:51:39.976]
04-21 16:51:39.994 21167 21167 D ar_activity: [[2a end - 2d start] onChildChanged stroke id=-NT__YkN6JFAuo3P3vUC time=2023-04-21 16:51:39.994]
04-21 16:51:39.998 21167 21296 D ar_activity: [TRACKING TransformPointToPose time=2023-04-21 16:51:39.997]
04-21 16:51:40.003 21167 21296 D ar_activity: [TRACKING TransformPointToPose time=2023-04-21 16:51:39.998]
04-21 16:51:40.004 21167 21296 D ar_activity: send stroke to firebase, id=-NT__YkN6JFAuo3P3vUC
04-21 16:51:40.007 21167 21296 D ar_activity: [[2d] after update lines time=2023-04-21 16:51:40.007]
04-21 16:51:40.029 21167 21296 D ar_activity: [TRACKING TransformPointToPose time=2023-04-21 16:51:40.028]
04-21 16:51:40.029 21167 21296 D ar_activity: [TRACKING TransformPointToPose time=2023-04-21 16:51:40.029]
04-21 16:51:40.029 21167 21296 D ar_activity: [TRACKING TransformPointToPose time=2023-04-21 16:51:40.029]
04-21 16:51:40.029 21167 21296 D ar_activity: send stroke to firebase, id=-NT__YkN6JFAuo3P3vUC
04-21 16:51:40.030 21167 21296 D ar_activity: [[2d] after update lines time=2023-04-21 16:51:40.030]
04-21 16:51:40.049 21167 21296 D ar_activity: [TRACKING TransformPointToPose time=2023-04-21 16:51:40.049]
04-21 16:51:40.049 21167 21296 D ar_activity: [TRACKING TransformPointToPose time=2023-04-21 16:51:40.049]
04-21 16:51:40.049 21167 21296 D ar_activity: send stroke to firebase, id=-NT__YkN6JFAuo3P3vUC
04-21 16:51:40.050 21167 21296 D ar_activity: [[2d] after update lines time=2023-04-21 16:51:40.050]
04-21 16:51:40.061 21167 21167 D ar_activity: [[2a end - 2d start] onChildChanged stroke id=-NT__YkN6JFAuo3P3vUC time=2023-04-21 16:51:40.061]
04-21 16:51:40.068 21167 21296 D ar_activity: [TRACKING TransformPointToPose time=2023-04-21 16:51:40.068]
04-21 16:51:40.069 21167 21296 D ar_activity: [TRACKING TransformPointToPose time=2023-04-21 16:51:40.069]
04-21 16:51:40.069 21167 21296 D ar_activity: send stroke to firebase, id=-NT__YkN6JFAuo3P3vUC
04-21 16:51:40.069 21167 21296 D ar_activity: [[2d] after update lines time=2023-04-21 16:51:40.069]
04-21 16:51:40.088 21167 21296 D ar_activity: [TRACKING TransformPointToPose time=2023-04-21 16:51:40.088]
04-21 16:51:40.089 21167 21296 D ar_activity: send stroke to firebase, id=-NT__YkN6JFAuo3P3vUC
04-21 16:51:40.089 21167 21296 D ar_activity: [[2d] after update lines time=2023-04-21 16:51:40.089]
04-21 16:51:40.110 21167 21296 D ar_activity: [TRACKING TransformPointToPose time=2023-04-21 16:51:40.110]
04-21 16:51:40.111 21167 21296 D ar_activity: [TRACKING TransformPointToPose time=2023-04-21 16:51:40.110]
04-21 16:51:40.111 21167 21296 D ar_activity: send stroke to firebase, id=-NT__YkN6JFAuo3P3vUC
04-21 16:51:40.111 21167 21296 D ar_activity: [[2d] after update lines time=2023-04-21 16:51:40.111]
04-21 16:51:40.128 21167 21167 D ar_activity: [[2a end - 2d start] onChildChanged stroke id=-NT__YkN6JFAuo3P3vUC time=2023-04-21 16:51:40.127]
04-21 16:51:40.130 21167 21296 D ar_activity: [TRACKING TransformPointToPose time=2023-04-21 16:51:40.130]
04-21 16:51:40.131 21167 21296 D ar_activity: [TRACKING TransformPointToPose time=2023-04-21 16:51:40.131]
04-21 16:51:40.131 21167 21296 D ar_activity: send stroke to firebase, id=-NT__YkN6JFAuo3P3vUC
04-21 16:51:40.133 21167 21296 D ar_activity: [[2d] after update lines time=2023-04-21 16:51:40.133]
04-21 16:51:40.152 21167 21296 D ar_activity: [TRACKING TransformPointToPose time=2023-04-21 16:51:40.151]
04-21 16:51:40.152 21167 21296 D ar_activity: [TRACKING TransformPointToPose time=2023-04-21 16:51:40.152]
04-21 16:51:40.152 21167 21296 D ar_activity: send stroke to firebase, id=-NT__YkN6JFAuo3P3vUC
04-21 16:51:40.153 21167 21296 D ar_activity: [[2d] after update lines time=2023-04-21 16:51:40.153]
04-21 16:51:40.174 21167 21296 D ar_activity: [TRACKING TransformPointToPose time=2023-04-21 16:51:40.172]
04-21 16:51:40.175 21167 21296 D ar_activity: [TRACKING TransformPointToPose time=2023-04-21 16:51:40.174]
04-21 16:51:40.175 21167 21296 D ar_activity: send stroke to firebase, id=-NT__YkN6JFAuo3P3vUC
04-21 16:51:40.176 21167 21296 D ar_activity: [[2d] after update lines time=2023-04-21 16:51:40.175]
04-21 16:51:40.187 21167 21167 D ar_activity: [[2a end - 2d start] onChildChanged stroke id=-NT__YkN6JFAuo3P3vUC time=2023-04-21 16:51:40.187]
04-21 16:51:40.194 21167 21296 D ar_activity: [TRACKING TransformPointToPose time=2023-04-21 16:51:40.194]
04-21 16:51:40.194 21167 21296 D ar_activity: send stroke to firebase, id=-NT__YkN6JFAuo3P3vUC
04-21 16:51:40.195 21167 21296 D ar_activity: [[2d] after update lines time=2023-04-21 16:51:40.195]
04-21 16:51:40.214 21167 21296 D ar_activity: [TRACKING TransformPointToPose time=2023-04-21 16:51:40.213]
04-21 16:51:40.214 21167 21296 D ar_activity: [TRACKING TransformPointToPose time=2023-04-21 16:51:40.214]
04-21 16:51:40.214 21167 21296 D ar_activity: [TRACKING TransformPointToPose time=2023-04-21 16:51:40.214]
04-21 16:51:40.214 21167 21296 D ar_activity: send stroke to firebase, id=-NT__YkN6JFAuo3P3vUC
04-21 16:51:40.215 21167 21296 D ar_activity: [[2d] after update lines time=2023-04-21 16:51:40.215]
04-21 16:51:40.235 21167 21296 D ar_activity: [TRACKING TransformPointToPose time=2023-04-21 16:51:40.235]
04-21 16:51:40.236 21167 21296 D ar_activity: send stroke to firebase, id=-NT__YkN6JFAuo3P3vUC
04-21 16:51:40.237 21167 21296 D ar_activity: [[2d] after update lines time=2023-04-21 16:51:40.237]
04-21 16:51:40.261 21167 21296 D ar_activity: [TRACKING TransformPointToPose time=2023-04-21 16:51:40.260]
04-21 16:51:40.261 21167 21296 D ar_activity: [TRACKING TransformPointToPose time=2023-04-21 16:51:40.261]
04-21 16:51:40.261 21167 21296 D ar_activity: send stroke to firebase, id=-NT__YkN6JFAuo3P3vUC
04-21 16:51:40.262 21167 21296 D ar_activity: [[2d] after update lines time=2023-04-21 16:51:40.262]
04-21 16:51:40.284 21167 21167 D ar_activity: [[2a end - 2d start] onChildChanged stroke id=-NT__YkN6JFAuo3P3vUC time=2023-04-21 16:51:40.283]
04-21 16:51:40.286 21167 21296 D ar_activity: [TRACKING TransformPointToPose time=2023-04-21 16:51:40.286]
04-21 16:51:40.286 21167 21296 D ar_activity: send stroke to firebase, id=-NT__YkN6JFAuo3P3vUC
04-21 16:51:40.287 21167 21296 D ar_activity: [[2d] after update lines time=2023-04-21 16:51:40.287]
04-21 16:51:40.309 21167 21296 D ar_activity: [TRACKING TransformPointToPose time=2023-04-21 16:51:40.308]
04-21 16:51:40.310 21167 21296 D ar_activity: send stroke to firebase, id=-NT__YkN6JFAuo3P3vUC
04-21 16:51:40.312 21167 21296 D ar_activity: [[2d] after update lines time=2023-04-21 16:51:40.311]
04-21 16:51:40.333 21167 21296 D ar_activity: [TRACKING TransformPointToPose time=2023-04-21 16:51:40.331]
04-21 16:51:40.333 21167 21296 D ar_activity: [TRACKING TransformPointToPose time=2023-04-21 16:51:40.333]
04-21 16:51:40.333 21167 21296 D ar_activity: send stroke to firebase, id=-NT__YkN6JFAuo3P3vUC
04-21 16:51:40.334 21167 21296 D ar_activity: [[2d] after update lines time=2023-04-21 16:51:40.334]
04-21 16:51:40.347 21167 21167 D ar_activity: [[2a end - 2d start] onChildChanged stroke id=-NT__YkN6JFAuo3P3vUC time=2023-04-21 16:51:40.347]
04-21 16:51:40.352 21167 21296 D ar_activity: [TRACKING TransformPointToPose time=2023-04-21 16:51:40.352]
04-21 16:51:40.352 21167 21296 D ar_activity: send stroke to firebase, id=-NT__YkN6JFAuo3P3vUC
04-21 16:51:40.353 21167 21296 D ar_activity: [[2d] after update lines time=2023-04-21 16:51:40.353]
04-21 16:51:40.372 21167 21296 D ar_activity: [TRACKING TransformPointToPose time=2023-04-21 16:51:40.371]
04-21 16:51:40.372 21167 21296 D ar_activity: [TRACKING TransformPointToPose time=2023-04-21 16:51:40.372]
04-21 16:51:40.372 21167 21296 D ar_activity: send stroke to firebase, id=-NT__YkN6JFAuo3P3vUC
04-21 16:51:40.375 21167 21296 D ar_activity: [[2d] after update lines time=2023-04-21 16:51:40.375]
04-21 16:51:40.394 21167 21296 D ar_activity: [TRACKING TransformPointToPose time=2023-04-21 16:51:40.394]
04-21 16:51:40.394 21167 21296 D ar_activity: [TRACKING TransformPointToPose time=2023-04-21 16:51:40.394]
04-21 16:51:40.394 21167 21296 D ar_activity: send stroke to firebase, id=-NT__YkN6JFAuo3P3vUC
04-21 16:51:40.403 21167 21296 D ar_activity: [[2d] after update lines time=2023-04-21 16:51:40.402]
04-21 16:51:40.405 21167 21167 D ar_activity: [[2a end - 2d start] onChildChanged stroke id=-NT__YkN6JFAuo3P3vUC time=2023-04-21 16:51:40.404]
04-21 16:51:40.424 21167 21296 D ar_activity: [TRACKING TransformPointToPose time=2023-04-21 16:51:40.424]
04-21 16:51:40.425 21167 21296 D ar_activity: [TRACKING TransformPointToPose time=2023-04-21 16:51:40.424]
04-21 16:51:40.425 21167 21296 D ar_activity: send stroke to firebase, id=-NT__YkN6JFAuo3P3vUC
04-21 16:51:40.425 21167 21296 D ar_activity: [[2d] after update lines time=2023-04-21 16:51:40.425]
04-21 16:51:40.444 21167 21296 D ar_activity: [TRACKING TransformPointToPose time=2023-04-21 16:51:40.444]
04-21 16:51:40.444 21167 21296 D ar_activity: send stroke to firebase, id=-NT__YkN6JFAuo3P3vUC
04-21 16:51:40.445 21167 21296 D ar_activity: [[2d] after update lines time=2023-04-21 16:51:40.445]
04-21 16:51:40.463 21167 21296 D ar_activity: [TRACKING TransformPointToPose time=2023-04-21 16:51:40.463]
04-21 16:51:40.464 21167 21296 D ar_activity: [TRACKING TransformPointToPose time=2023-04-21 16:51:40.464]
04-21 16:51:40.464 21167 21296 D ar_activity: send stroke to firebase, id=-NT__YkN6JFAuo3P3vUC
04-21 16:51:40.468 21167 21296 D ar_activity: [[2d] after update lines time=2023-04-21 16:51:40.467]
04-21 16:51:40.469 21167 21167 D ar_activity: [[2a end - 2d start] onChildChanged stroke id=-NT__YkN6JFAuo3P3vUC time=2023-04-21 16:51:40.468]
04-21 16:51:40.489 21167 21296 D ar_activity: [TRACKING TransformPointToPose time=2023-04-21 16:51:40.489]
04-21 16:51:40.490 21167 21296 D ar_activity: [TRACKING TransformPointToPose time=2023-04-21 16:51:40.490]
04-21 16:51:40.491 21167 21296 D ar_activity: send stroke to firebase, id=-NT__YkN6JFAuo3P3vUC
04-21 16:51:40.493 21167 21296 D ar_activity: [[2d] after update lines time=2023-04-21 16:51:40.492]
04-21 16:51:40.517 21167 21296 D ar_activity: [TRACKING TransformPointToPose time=2023-04-21 16:51:40.517]
04-21 16:51:40.518 21167 21296 D ar_activity: [TRACKING TransformPointToPose time=2023-04-21 16:51:40.518]
04-21 16:51:40.518 21167 21296 D ar_activity: [TRACKING TransformPointToPose time=2023-04-21 16:51:40.518]
04-21 16:51:40.518 21167 21296 D ar_activity: send stroke to firebase, id=-NT__YkN6JFAuo3P3vUC
04-21 16:51:40.518 21167 21296 D ar_activity: [[2d] after update lines time=2023-04-21 16:51:40.518]
04-21 16:51:40.535 21167 21167 D ar_activity: [[2a end - 2d start] onChildChanged stroke id=-NT__YkN6JFAuo3P3vUC time=2023-04-21 16:51:40.535]
04-21 16:51:40.538 21167 21296 D ar_activity: [TRACKING TransformPointToPose time=2023-04-21 16:51:40.538]
04-21 16:51:40.539 21167 21296 D ar_activity: [TRACKING TransformPointToPose time=2023-04-21 16:51:40.538]
04-21 16:51:40.540 21167 21296 D ar_activity: send stroke to firebase, id=-NT__YkN6JFAuo3P3vUC
04-21 16:51:40.543 21167 21296 D ar_activity: [[2d] after update lines time=2023-04-21 16:51:40.542]
04-21 16:51:40.565 21167 21296 D ar_activity: [TRACKING TransformPointToPose time=2023-04-21 16:51:40.564]
04-21 16:51:40.565 21167 21296 D ar_activity: [TRACKING TransformPointToPose time=2023-04-21 16:51:40.565]
04-21 16:51:40.565 21167 21296 D ar_activity: send stroke to firebase, id=-NT__YkN6JFAuo3P3vUC
04-21 16:51:40.566 21167 21296 D ar_activity: [[2d] after update lines time=2023-04-21 16:51:40.566]
04-21 16:51:40.586 21167 21296 D ar_activity: [TRACKING TransformPointToPose time=2023-04-21 16:51:40.585]
04-21 16:51:40.586 21167 21296 D ar_activity: [TRACKING TransformPointToPose time=2023-04-21 16:51:40.586]
04-21 16:51:40.587 21167 21296 D ar_activity: send stroke to firebase, id=-NT__YkN6JFAuo3P3vUC
04-21 16:51:40.589 21167 21296 D ar_activity: [[2d] after update lines time=2023-04-21 16:51:40.588]
04-21 16:51:40.603 21167 21167 D ar_activity: [[2a end - 2d start] onChildChanged stroke id=-NT__YkN6JFAuo3P3vUC time=2023-04-21 16:51:40.603]
04-21 16:51:40.610 21167 21296 D ar_activity: [TRACKING TransformPointToPose time=2023-04-21 16:51:40.610]
04-21 16:51:40.611 21167 21296 D ar_activity: [TRACKING TransformPointToPose time=2023-04-21 16:51:40.610]
04-21 16:51:40.611 21167 21296 D ar_activity: send stroke to firebase, id=-NT__YkN6JFAuo3P3vUC
04-21 16:51:40.611 21167 21296 D ar_activity: [[2d] after update lines time=2023-04-21 16:51:40.611]
04-21 16:51:40.630 21167 21296 D ar_activity: [TRACKING TransformPointToPose time=2023-04-21 16:51:40.630]
04-21 16:51:40.630 21167 21296 D ar_activity: [TRACKING TransformPointToPose time=2023-04-21 16:51:40.630]
04-21 16:51:40.630 21167 21296 D ar_activity: send stroke to firebase, id=-NT__YkN6JFAuo3P3vUC
04-21 16:51:40.631 21167 21296 D ar_activity: [[2d] after update lines time=2023-04-21 16:51:40.631]
04-21 16:51:40.650 21167 21296 D ar_activity: [TRACKING TransformPointToPose time=2023-04-21 16:51:40.649]
04-21 16:51:40.650 21167 21296 D ar_activity: [TRACKING TransformPointToPose time=2023-04-21 16:51:40.650]
04-21 16:51:40.650 21167 21296 D ar_activity: send stroke to firebase, id=-NT__YkN6JFAuo3P3vUC
04-21 16:51:40.651 21167 21296 D ar_activity: [[2d] after update lines time=2023-04-21 16:51:40.650]
04-21 16:51:40.660 21167 21167 D ar_activity: [[2a end - 2d start] onChildChanged stroke id=-NT__YkN6JFAuo3P3vUC time=2023-04-21 16:51:40.660]
04-21 16:51:40.670 21167 21296 D ar_activity: [TRACKING TransformPointToPose time=2023-04-21 16:51:40.669]
04-21 16:51:40.670 21167 21296 D ar_activity: [TRACKING TransformPointToPose time=2023-04-21 16:51:40.670]
04-21 16:51:40.670 21167 21296 D ar_activity: send stroke to firebase, id=-NT__YkN6JFAuo3P3vUC
04-21 16:51:40.671 21167 21296 D ar_activity: [[2d] after update lines time=2023-04-21 16:51:40.671]
04-21 16:51:40.689 21167 21296 D ar_activity: [TRACKING TransformPointToPose time=2023-04-21 16:51:40.689]
04-21 16:51:40.689 21167 21296 D ar_activity: [TRACKING TransformPointToPose time=2023-04-21 16:51:40.689]
04-21 16:51:40.689 21167 21296 D ar_activity: send stroke to firebase, id=-NT__YkN6JFAuo3P3vUC
04-21 16:51:40.691 21167 21296 D ar_activity: [[2d] after update lines time=2023-04-21 16:51:40.690]
04-21 16:51:40.711 21167 21296 D ar_activity: [TRACKING TransformPointToPose time=2023-04-21 16:51:40.711]
04-21 16:51:40.711 21167 21296 D ar_activity: send stroke to firebase, id=-NT__YkN6JFAuo3P3vUC
04-21 16:51:40.712 21167 21296 D ar_activity: [[2d] after update lines time=2023-04-21 16:51:40.712]
04-21 16:51:40.729 21167 21167 D ar_activity: [[2a end - 2d start] onChildChanged stroke id=-NT__YkN6JFAuo3P3vUC time=2023-04-21 16:51:40.729]
04-21 16:51:40.731 21167 21296 D ar_activity: [TRACKING TransformPointToPose time=2023-04-21 16:51:40.730]
04-21 16:51:40.731 21167 21296 D ar_activity: send stroke to firebase, id=-NT__YkN6JFAuo3P3vUC
04-21 16:51:40.731 21167 21296 D ar_activity: [[2d] after update lines time=2023-04-21 16:51:40.731]
04-21 16:51:40.752 21167 21296 D ar_activity: [TRACKING TransformPointToPose time=2023-04-21 16:51:40.752]
04-21 16:51:40.752 21167 21296 D ar_activity: [TRACKING TransformPointToPose time=2023-04-21 16:51:40.752]
04-21 16:51:40.752 21167 21296 D ar_activity: send stroke to firebase, id=-NT__YkN6JFAuo3P3vUC
04-21 16:51:40.753 21167 21296 D ar_activity: [[2d] after update lines time=2023-04-21 16:51:40.753]
04-21 16:51:40.771 21167 21296 D ar_activity: [TRACKING TransformPointToPose time=2023-04-21 16:51:40.771]
04-21 16:51:40.772 21167 21296 D ar_activity: [TRACKING TransformPointToPose time=2023-04-21 16:51:40.772]
04-21 16:51:40.772 21167 21296 D ar_activity: send stroke to firebase, id=-NT__YkN6JFAuo3P3vUC
04-21 16:51:40.775 21167 21296 D ar_activity: [[2d] after update lines time=2023-04-21 16:51:40.773]
04-21 16:51:40.794 21167 21296 D ar_activity: [TRACKING TransformPointToPose time=2023-04-21 16:51:40.794]
04-21 16:51:40.794 21167 21296 D ar_activity: [TRACKING TransformPointToPose time=2023-04-21 16:51:40.794]
04-21 16:51:40.795 21167 21296 D ar_activity: send stroke to firebase, id=-NT__YkN6JFAuo3P3vUC
04-21 16:51:40.796 21167 21296 D ar_activity: [[2d] after update lines time=2023-04-21 16:51:40.796]
04-21 16:51:40.796 21167 21167 D ar_activity: [[2a end - 2d start] onChildChanged stroke id=-NT__YkN6JFAuo3P3vUC time=2023-04-21 16:51:40.796]
04-21 16:51:40.817 21167 21296 D ar_activity: [TRACKING TransformPointToPose time=2023-04-21 16:51:40.817]
04-21 16:51:40.818 21167 21296 D ar_activity: [TRACKING TransformPointToPose time=2023-04-21 16:51:40.817]
04-21 16:51:40.818 21167 21296 D ar_activity: send stroke to firebase, id=-NT__YkN6JFAuo3P3vUC
04-21 16:51:40.819 21167 21296 D ar_activity: [[2d] after update lines time=2023-04-21 16:51:40.819]
04-21 16:51:40.843 21167 21296 D ar_activity: [TRACKING TransformPointToPose time=2023-04-21 16:51:40.842]
04-21 16:51:40.843 21167 21296 D ar_activity: [TRACKING TransformPointToPose time=2023-04-21 16:51:40.843]
04-21 16:51:40.843 21167 21296 D ar_activity: send stroke to firebase, id=-NT__YkN6JFAuo3P3vUC
04-21 16:51:40.848 21167 21296 D ar_activity: [[2d] after update lines time=2023-04-21 16:51:40.844]
04-21 16:51:40.859 21167 21167 D ar_activity: [[2a end - 2d start] onChildChanged stroke id=-NT__YkN6JFAuo3P3vUC time=2023-04-21 16:51:40.859]
04-21 16:51:40.867 21167 21296 D ar_activity: [TRACKING TransformPointToPose time=2023-04-21 16:51:40.867]
04-21 16:51:40.868 21167 21296 D ar_activity: [TRACKING TransformPointToPose time=2023-04-21 16:51:40.868]
04-21 16:51:40.868 21167 21296 D ar_activity: send stroke to firebase, id=-NT__YkN6JFAuo3P3vUC
04-21 16:51:40.869 21167 21296 D ar_activity: [[2d] after update lines time=2023-04-21 16:51:40.869]
04-21 16:51:40.887 21167 21296 D ar_activity: [TRACKING TransformPointToPose time=2023-04-21 16:51:40.887]
04-21 16:51:40.888 21167 21296 D ar_activity: send stroke to firebase, id=-NT__YkN6JFAuo3P3vUC
04-21 16:51:40.888 21167 21296 D ar_activity: [[2d] after update lines time=2023-04-21 16:51:40.888]
04-21 16:51:40.910 21167 21296 D ar_activity: [TRACKING TransformPointToPose time=2023-04-21 16:51:40.910]
04-21 16:51:40.910 21167 21296 D ar_activity: [TRACKING TransformPointToPose time=2023-04-21 16:51:40.910]
04-21 16:51:40.910 21167 21296 D ar_activity: send stroke to firebase, id=-NT__YkN6JFAuo3P3vUC
04-21 16:51:40.911 21167 21296 D ar_activity: [[2d] after update lines time=2023-04-21 16:51:40.911]
04-21 16:51:40.929 21167 21167 D ar_activity: [[2a end - 2d start] onChildChanged stroke id=-NT__YkN6JFAuo3P3vUC time=2023-04-21 16:51:40.929]
04-21 16:51:40.929 21167 21296 D ar_activity: [TRACKING TransformPointToPose time=2023-04-21 16:51:40.929]
04-21 16:51:40.930 21167 21296 D ar_activity: [TRACKING TransformPointToPose time=2023-04-21 16:51:40.929]
04-21 16:51:40.930 21167 21296 D ar_activity: send stroke to firebase, id=-NT__YkN6JFAuo3P3vUC
04-21 16:51:40.932 21167 21296 D ar_activity: [[2d] after update lines time=2023-04-21 16:51:40.932]
04-21 16:51:40.952 21167 21296 D ar_activity: [TRACKING TransformPointToPose time=2023-04-21 16:51:40.952]
04-21 16:51:40.952 21167 21296 D ar_activity: [TRACKING TransformPointToPose time=2023-04-21 16:51:40.952]
04-21 16:51:40.952 21167 21296 D ar_activity: send stroke to firebase, id=-NT__YkN6JFAuo3P3vUC
04-21 16:51:40.953 21167 21296 D ar_activity: [[2d] after update lines time=2023-04-21 16:51:40.953]
04-21 16:51:40.971 21167 21296 D ar_activity: [TRACKING TransformPointToPose time=2023-04-21 16:51:40.971]
04-21 16:51:40.971 21167 21296 D ar_activity: [TRACKING TransformPointToPose time=2023-04-21 16:51:40.971]
04-21 16:51:40.972 21167 21296 D ar_activity: send stroke to firebase, id=-NT__YkN6JFAuo3P3vUC
04-21 16:51:40.972 21167 21296 D ar_activity: [[2d] after update lines time=2023-04-21 16:51:40.972]
04-21 16:51:40.995 21167 21296 D ar_activity: [TRACKING TransformPointToPose time=2023-04-21 16:51:40.994]
04-21 16:51:40.995 21167 21296 D ar_activity: [TRACKING TransformPointToPose time=2023-04-21 16:51:40.995]
04-21 16:51:40.995 21167 21296 D ar_activity: send stroke to firebase, id=-NT__YkN6JFAuo3P3vUC
04-21 16:51:40.996 21167 21296 D ar_activity: [[2d] after update lines time=2023-04-21 16:51:40.996]
04-21 16:51:41.010 21167 21167 D ar_activity: [[2a end - 2d start] onChildChanged stroke id=-NT__YkN6JFAuo3P3vUC time=2023-04-21 16:51:41.010]
04-21 16:51:41.014 21167 21296 D ar_activity: [TRACKING TransformPointToPose time=2023-04-21 16:51:41.014]
04-21 16:51:41.015 21167 21296 D ar_activity: send stroke to firebase, id=-NT__YkN6JFAuo3P3vUC
04-21 16:51:41.015 21167 21296 D ar_activity: [[2d] after update lines time=2023-04-21 16:51:41.015]
04-21 16:51:41.035 21167 21296 D ar_activity: [TRACKING TransformPointToPose time=2023-04-21 16:51:41.035]
04-21 16:51:41.035 21167 21296 D ar_activity: [TRACKING TransformPointToPose time=2023-04-21 16:51:41.035]
04-21 16:51:41.035 21167 21296 D ar_activity: [TRACKING TransformPointToPose time=2023-04-21 16:51:41.035]
04-21 16:51:41.035 21167 21296 D ar_activity: send stroke to firebase, id=-NT__YkN6JFAuo3P3vUC
04-21 16:51:41.036 21167 21296 D ar_activity: [[2d] after update lines time=2023-04-21 16:51:41.036]
04-21 16:51:41.054 21167 21296 D ar_activity: [TRACKING TransformPointToPose time=2023-04-21 16:51:41.054]
04-21 16:51:41.055 21167 21296 D ar_activity: send stroke to firebase, id=-NT__YkN6JFAuo3P3vUC
04-21 16:51:41.055 21167 21296 D ar_activity: [[2d] after update lines time=2023-04-21 16:51:41.055]
04-21 16:51:41.078 21167 21296 D ar_activity: [TRACKING TransformPointToPose time=2023-04-21 16:51:41.077]
04-21 16:51:41.078 21167 21296 D ar_activity: [TRACKING TransformPointToPose time=2023-04-21 16:51:41.078]
04-21 16:51:41.078 21167 21296 D ar_activity: send stroke to firebase, id=-NT__YkN6JFAuo3P3vUC
04-21 16:51:41.079 21167 21296 D ar_activity: [[2d] after update lines time=2023-04-21 16:51:41.079]
04-21 16:51:41.094 21167 21167 D ar_activity: [[2a end - 2d start] onChildChanged stroke id=-NT__YkN6JFAuo3P3vUC time=2023-04-21 16:51:41.093]
04-21 16:51:41.100 21167 21296 D ar_activity: [TRACKING TransformPointToPose time=2023-04-21 16:51:41.099]
04-21 16:51:41.100 21167 21296 D ar_activity: send stroke to firebase, id=-NT__YkN6JFAuo3P3vUC
04-21 16:51:41.101 21167 21296 D ar_activity: [[2d] after update lines time=2023-04-21 16:51:41.101]
04-21 16:51:41.121 21167 21296 D ar_activity: [TRACKING TransformPointToPose time=2023-04-21 16:51:41.121]
04-21 16:51:41.122 21167 21296 D ar_activity: send stroke to firebase, id=-NT__YkN6JFAuo3P3vUC
04-21 16:51:41.122 21167 21296 D ar_activity: [[2d] after update lines time=2023-04-21 16:51:41.122]
04-21 16:51:41.144 21167 21296 D ar_activity: [TRACKING TransformPointToPose time=2023-04-21 16:51:41.144]
04-21 16:51:41.145 21167 21296 D ar_activity: [TRACKING TransformPointToPose time=2023-04-21 16:51:41.145]
04-21 16:51:41.145 21167 21296 D ar_activity: send stroke to firebase, id=-NT__YkN6JFAuo3P3vUC
04-21 16:51:41.146 21167 21296 D ar_activity: [[2d] after update lines time=2023-04-21 16:51:41.146]
04-21 16:51:41.164 21167 21167 D ar_activity: [[2a end - 2d start] onChildChanged stroke id=-NT__YkN6JFAuo3P3vUC time=2023-04-21 16:51:41.164]
04-21 16:51:41.165 21167 21296 D ar_activity: [TRACKING TransformPointToPose time=2023-04-21 16:51:41.165]
04-21 16:51:41.165 21167 21296 D ar_activity: send stroke to firebase, id=-NT__YkN6JFAuo3P3vUC
04-21 16:51:41.166 21167 21296 D ar_activity: [[2d] after update lines time=2023-04-21 16:51:41.166]
04-21 16:51:41.187 21167 21296 D ar_activity: [TRACKING TransformPointToPose time=2023-04-21 16:51:41.187]
04-21 16:51:41.187 21167 21296 D ar_activity: [TRACKING TransformPointToPose time=2023-04-21 16:51:41.187]
04-21 16:51:41.187 21167 21296 D ar_activity: send stroke to firebase, id=-NT__YkN6JFAuo3P3vUC
04-21 16:51:41.188 21167 21296 D ar_activity: [[2d] after update lines time=2023-04-21 16:51:41.188]
04-21 16:51:41.207 21167 21296 D ar_activity: [TRACKING TransformPointToPose time=2023-04-21 16:51:41.207]
04-21 16:51:41.211 21167 21296 D ar_activity: [TRACKING TransformPointToPose time=2023-04-21 16:51:41.210]
04-21 16:51:41.211 21167 21296 D ar_activity: send stroke to firebase, id=-NT__YkN6JFAuo3P3vUC
04-21 16:51:41.212 21167 21296 D ar_activity: [[2d] after update lines time=2023-04-21 16:51:41.211]
04-21 16:51:41.230 21167 21296 D ar_activity: [TRACKING TransformPointToPose time=2023-04-21 16:51:41.230]
04-21 16:51:41.231 21167 21296 D ar_activity: [TRACKING TransformPointToPose time=2023-04-21 16:51:41.231]
04-21 16:51:41.231 21167 21296 D ar_activity: send stroke to firebase, id=-NT__YkN6JFAuo3P3vUC
04-21 16:51:41.232 21167 21296 D ar_activity: [[2d] after update lines time=2023-04-21 16:51:41.231]
04-21 16:51:41.250 21167 21296 D ar_activity: [TRACKING TransformPointToPose time=2023-04-21 16:51:41.250]
04-21 16:51:41.250 21167 21167 D ar_activity: [[2a end - 2d start] onChildChanged stroke id=-NT__YkN6JFAuo3P3vUC time=2023-04-21 16:51:41.250]
04-21 16:51:41.250 21167 21296 D ar_activity: [TRACKING TransformPointToPose time=2023-04-21 16:51:41.250]
04-21 16:51:41.250 21167 21296 D ar_activity: send stroke to firebase, id=-NT__YkN6JFAuo3P3vUC
04-21 16:51:41.251 21167 21296 D ar_activity: [[2d] after update lines time=2023-04-21 16:51:41.251]
04-21 16:51:41.272 21167 21296 D ar_activity: [TRACKING TransformPointToPose time=2023-04-21 16:51:41.272]
04-21 16:51:41.272 21167 21296 D ar_activity: [TRACKING TransformPointToPose time=2023-04-21 16:51:41.272]
04-21 16:51:41.273 21167 21296 D ar_activity: send stroke to firebase, id=-NT__YkN6JFAuo3P3vUC
04-21 16:51:41.274 21167 21296 D ar_activity: [[2d] after update lines time=2023-04-21 16:51:41.273]
04-21 16:51:41.295 21167 21296 D ar_activity: [TRACKING TransformPointToPose time=2023-04-21 16:51:41.295]
04-21 16:51:41.296 21167 21296 D ar_activity: [TRACKING TransformPointToPose time=2023-04-21 16:51:41.295]
04-21 16:51:41.296 21167 21296 D ar_activity: send stroke to firebase, id=-NT__YkN6JFAuo3P3vUC
04-21 16:51:41.297 21167 21296 D ar_activity: [[2d] after update lines time=2023-04-21 16:51:41.297]
04-21 16:51:41.317 21167 21296 D ar_activity: [TRACKING TransformPointToPose time=2023-04-21 16:51:41.315]
04-21 16:51:41.317 21167 21296 D ar_activity: [TRACKING TransformPointToPose time=2023-04-21 16:51:41.317]
04-21 16:51:41.317 21167 21296 D ar_activity: send stroke to firebase, id=-NT__YkN6JFAuo3P3vUC
04-21 16:51:41.318 21167 21296 D ar_activity: [[2d] after update lines time=2023-04-21 16:51:41.318]
04-21 16:51:41.324 21167 21167 D ar_activity: [[2a end - 2d start] onChildChanged stroke id=-NT__YkN6JFAuo3P3vUC time=2023-04-21 16:51:41.323]
04-21 16:51:41.337 21167 21296 D ar_activity: [TRACKING TransformPointToPose time=2023-04-21 16:51:41.337]
04-21 16:51:41.338 21167 21296 D ar_activity: [TRACKING TransformPointToPose time=2023-04-21 16:51:41.338]
04-21 16:51:41.338 21167 21296 D ar_activity: send stroke to firebase, id=-NT__YkN6JFAuo3P3vUC
04-21 16:51:41.340 21167 21296 D ar_activity: [[2d] after update lines time=2023-04-21 16:51:41.340]
04-21 16:51:41.365 21167 21296 D ar_activity: [TRACKING TransformPointToPose time=2023-04-21 16:51:41.365]
04-21 16:51:41.365 21167 21296 D ar_activity: [TRACKING TransformPointToPose time=2023-04-21 16:51:41.365]
04-21 16:51:41.387 21167 21296 D ar_activity: [TRACKING TransformPointToPose time=2023-04-21 16:51:41.386]
04-21 16:51:41.387 21167 21296 D ar_activity: send stroke to firebase, id=-NT__YkN6JFAuo3P3vUC
04-21 16:51:41.388 21167 21296 D ar_activity: [[2d] after update lines time=2023-04-21 16:51:41.388]
04-21 16:51:41.414 21167 21296 D ar_activity: [TRACKING TransformPointToPose time=2023-04-21 16:51:41.414]
04-21 16:51:41.415 21167 21296 D ar_activity: [TRACKING TransformPointToPose time=2023-04-21 16:51:41.415]
04-21 16:51:41.415 21167 21167 D ar_activity: [[2a end - 2d start] onChildChanged stroke id=-NT__YkN6JFAuo3P3vUC time=2023-04-21 16:51:41.415]
04-21 16:51:41.415 21167 21296 D ar_activity: [TRACKING TransformPointToPose time=2023-04-21 16:51:41.415]
04-21 16:51:41.416 21167 21296 D ar_activity: send stroke to firebase, id=-NT__YkN6JFAuo3P3vUC
04-21 16:51:41.418 21167 21296 D ar_activity: [[2d] after update lines time=2023-04-21 16:51:41.417]
04-21 16:51:41.437 21167 21296 D ar_activity: [TRACKING TransformPointToPose time=2023-04-21 16:51:41.437]
04-21 16:51:41.437 21167 21296 D ar_activity: [TRACKING TransformPointToPose time=2023-04-21 16:51:41.437]
04-21 16:51:41.438 21167 21296 D ar_activity: send stroke to firebase, id=-NT__YkN6JFAuo3P3vUC
04-21 16:51:41.438 21167 21296 D ar_activity: [[2d] after update lines time=2023-04-21 16:51:41.438]
04-21 16:51:41.457 21167 21296 D ar_activity: [TRACKING TransformPointToPose time=2023-04-21 16:51:41.457]
04-21 16:51:41.457 21167 21296 D ar_activity: [TRACKING TransformPointToPose time=2023-04-21 16:51:41.457]
04-21 16:51:41.457 21167 21296 D ar_activity: send stroke to firebase, id=-NT__YkN6JFAuo3P3vUC
04-21 16:51:41.458 21167 21296 D ar_activity: [[2d] after update lines time=2023-04-21 16:51:41.458]
04-21 16:51:41.481 21167 21296 D ar_activity: [TRACKING TransformPointToPose time=2023-04-21 16:51:41.481]
04-21 16:51:41.482 21167 21296 D ar_activity: [TRACKING TransformPointToPose time=2023-04-21 16:51:41.481]
04-21 16:51:41.482 21167 21296 D ar_activity: send stroke to firebase, id=-NT__YkN6JFAuo3P3vUC
04-21 16:51:41.482 21167 21296 D ar_activity: [[2d] after update lines time=2023-04-21 16:51:41.482]
04-21 16:51:41.501 21167 21296 D ar_activity: [TRACKING TransformPointToPose time=2023-04-21 16:51:41.501]
04-21 16:51:41.501 21167 21167 D ar_activity: [[2a end - 2d start] onChildChanged stroke id=-NT__YkN6JFAuo3P3vUC time=2023-04-21 16:51:41.501]
04-21 16:51:41.501 21167 21296 D ar_activity: [TRACKING TransformPointToPose time=2023-04-21 16:51:41.501]
04-21 16:51:41.501 21167 21296 D ar_activity: send stroke to firebase, id=-NT__YkN6JFAuo3P3vUC
04-21 16:51:41.502 21167 21296 D ar_activity: [[2d] after update lines time=2023-04-21 16:51:41.502]
04-21 16:51:41.521 21167 21296 D ar_activity: [TRACKING TransformPointToPose time=2023-04-21 16:51:41.521]
04-21 16:51:41.521 21167 21296 D ar_activity: send stroke to firebase, id=-NT__YkN6JFAuo3P3vUC
04-21 16:51:41.522 21167 21296 D ar_activity: [[2d] after update lines time=2023-04-21 16:51:41.522]
04-21 16:51:41.541 21167 21296 D ar_activity: [TRACKING TransformPointToPose time=2023-04-21 16:51:41.541]
04-21 16:51:41.541 21167 21296 D ar_activity: send stroke to firebase, id=-NT__YkN6JFAuo3P3vUC
04-21 16:51:41.544 21167 21296 D ar_activity: [[2d] after update lines time=2023-04-21 16:51:41.544]
04-21 16:51:41.563 21167 21296 D ar_activity: [TRACKING TransformPointToPose time=2023-04-21 16:51:41.563]
04-21 16:51:41.564 21167 21296 D ar_activity: [TRACKING TransformPointToPose time=2023-04-21 16:51:41.564]
04-21 16:51:41.564 21167 21296 D ar_activity: send stroke to firebase, id=-NT__YkN6JFAuo3P3vUC
04-21 16:51:41.564 21167 21296 D ar_activity: [[2d] after update lines time=2023-04-21 16:51:41.564]
04-21 16:51:41.585 21167 21296 D ar_activity: [TRACKING TransformPointToPose time=2023-04-21 16:51:41.585]
04-21 16:51:41.586 21167 21296 D ar_activity: [TRACKING TransformPointToPose time=2023-04-21 16:51:41.585]
04-21 16:51:41.586 21167 21296 D ar_activity: send stroke to firebase, id=-NT__YkN6JFAuo3P3vUC
04-21 16:51:41.588 21167 21296 D ar_activity: [[2d] after update lines time=2023-04-21 16:51:41.587]
04-21 16:51:41.597 21167 21167 D ar_activity: [[2a end - 2d start] onChildChanged stroke id=-NT__YkN6JFAuo3P3vUC time=2023-04-21 16:51:41.596]
04-21 16:51:41.609 21167 21296 D ar_activity: [TRACKING TransformPointToPose time=2023-04-21 16:51:41.609]
04-21 16:51:41.610 21167 21296 D ar_activity: send stroke to firebase, id=-NT__YkN6JFAuo3P3vUC
04-21 16:51:41.611 21167 21296 D ar_activity: [[2d] after update lines time=2023-04-21 16:51:41.611]
04-21 16:51:41.630 21167 21296 D ar_activity: [TRACKING TransformPointToPose time=2023-04-21 16:51:41.630]
04-21 16:51:41.630 21167 21296 D ar_activity: [TRACKING TransformPointToPose time=2023-04-21 16:51:41.630]
04-21 16:51:41.630 21167 21296 D ar_activity: send stroke to firebase, id=-NT__YkN6JFAuo3P3vUC
04-21 16:51:41.632 21167 21296 D ar_activity: [[2d] after update lines time=2023-04-21 16:51:41.632]
04-21 16:51:41.651 21167 21296 D ar_activity: [TRACKING TransformPointToPose time=2023-04-21 16:51:41.651]
04-21 16:51:41.651 21167 21296 D ar_activity: [TRACKING TransformPointToPose time=2023-04-21 16:51:41.651]
04-21 16:51:41.651 21167 21296 D ar_activity: send stroke to firebase, id=-NT__YkN6JFAuo3P3vUC
04-21 16:51:41.652 21167 21296 D ar_activity: [[2d] after update lines time=2023-04-21 16:51:41.652]
04-21 16:51:41.670 21167 21296 D ar_activity: [TRACKING TransformPointToPose time=2023-04-21 16:51:41.670]
04-21 16:51:41.671 21167 21296 D ar_activity: [TRACKING TransformPointToPose time=2023-04-21 16:51:41.671]
04-21 16:51:41.671 21167 21296 D ar_activity: send stroke to firebase, id=-NT__YkN6JFAuo3P3vUC
04-21 16:51:41.672 21167 21296 D ar_activity: [[2d] after update lines time=2023-04-21 16:51:41.671]
04-21 16:51:41.681 21167 21167 D ar_activity: [[2a end - 2d start] onChildChanged stroke id=-NT__YkN6JFAuo3P3vUC time=2023-04-21 16:51:41.681]
04-21 16:51:41.690 21167 21296 D ar_activity: [TRACKING TransformPointToPose time=2023-04-21 16:51:41.690]
04-21 16:51:41.690 21167 21296 D ar_activity: [TRACKING TransformPointToPose time=2023-04-21 16:51:41.690]
04-21 16:51:41.690 21167 21296 D ar_activity: send stroke to firebase, id=-NT__YkN6JFAuo3P3vUC
04-21 16:51:41.691 21167 21296 D ar_activity: [[2d] after update lines time=2023-04-21 16:51:41.691]
04-21 16:51:41.711 21167 21296 D ar_activity: [TRACKING TransformPointToPose time=2023-04-21 16:51:41.711]
04-21 16:51:41.711 21167 21296 D ar_activity: [TRACKING TransformPointToPose time=2023-04-21 16:51:41.711]
04-21 16:51:41.712 21167 21296 D ar_activity: send stroke to firebase, id=-NT__YkN6JFAuo3P3vUC
04-21 16:51:41.712 21167 21296 D ar_activity: [[2d] after update lines time=2023-04-21 16:51:41.712]
