--------- beginning of main
04-21 16:57:44.702 22906 23050 D ar_activity: [[2d] after update lines time=2023-04-21 16:57:44.664]
04-21 16:57:46.841 22906 22906 D ar_activity: [--- pair start --- time=2023-04-21 16:57:46.841]
04-21 16:57:46.841 22906 22906 D ar_activity: [--- pair session start --- time=2023-04-21 16:57:46.841]
04-21 16:57:46.875 22906 22906 D ar_activity: [create room: Message{namespace='', type='', content=[34 bytes]} time=2023-04-21 16:57:46.874]
04-21 16:57:46.887 22906 22906 D ar_activity: LOOKING: 2023-04-21 16:57:46.887
04-21 16:57:48.984 22906 22906 D ar_activity: [--- pair joined --- time=2023-04-21 16:57:48.984]
04-21 16:57:48.992 22906 22906 D ar_activity: PARTNER FOUND: 2023-04-21 16:57:48.992
04-21 16:57:50.995 22906 22906 D ar_activity: SET ANCHOR: 2023-04-21 16:57:50.995
04-21 16:57:52.034 22906 22906 D ar_activity: [--- sync ready to set anchor --- time=2023-04-21 16:57:52.033]
04-21 16:57:52.403 22906 22906 D ar_activity: [--- sync: sendSetAnchorEvent --- time=2023-04-21 16:57:52.403]
04-21 16:57:52.404 22906 22906 D ar_activity: --- start creating anchor: 2023-04-21 16:57:52.404 ---
04-21 16:57:52.404 22906 22906 D ar_activity: --- anchor: com.google.ar.core.Anchor@b49f4ec9 ---
04-21 16:57:52.404 22906 22906 D ar_activity: --- finish creating anchor: 2023-04-21 16:57:52.404 ---
04-21 16:57:52.404 22906 22906 D ar_activity: [hostAnchor start time=2023-04-21 16:57:52.404]
04-21 16:57:52.405 22906 22906 D ar_activity: [hostAnchor end time=2023-04-21 16:57:52.405]
04-21 16:57:52.410 22906 22906 D ar_activity: Start CONNECTING: 2023-04-21 16:57:52.409
04-21 16:57:52.413 22906 22906 D ar_activity: [anchor resolution changed: null time=2023-04-21 16:57:52.412]
04-21 16:57:52.420 22906 23050 D ar_activity: [--- anchor: onUpdate--- time=2023-04-21 16:57:52.420]
04-21 16:57:54.329 22906 23050 D ar_activity: [--- anchor: onUpdate--- time=2023-04-21 16:57:54.327]
04-21 16:57:56.041 22906 23050 D ar_activity: [--- anchor: onUpdate--- time=2023-04-21 16:57:56.040]
04-21 16:57:56.041 22906 23050 D ar_activity: [--- onAnchorHosted [HOSTED]--- time=2023-04-21 16:57:56.041]
04-21 16:57:56.045 22906 22906 D ar_activity: [anchor resolution changed: false time=2023-04-21 16:57:56.045]
04-21 16:58:48.627 22906 22906 D ar_activity: [--- sync: finish syncing anchor --- time=2023-04-21 16:58:48.627]
04-21 16:58:48.635 22906 22906 D ar_activity: SYNCED: 2023-04-21 16:58:48.635
04-21 16:58:53.754 22906 22906 D ar_activity: [[1a start] touch screen time=2023-04-21 16:58:53.754]
04-21 16:58:53.760 22906 23050 D ar_activity: addStroke at 2023-04-21 16:58:53.760
04-21 16:58:53.762 22906 23050 D ar_activity: stroke (id: -NT_bCqFpeLF22Ztbom2) was added at 2023-04-21 16:58:53.761
04-21 16:58:53.763 22906 23050 D ar_activity: [[1b start] setFirebaseValue stroke id=-NT_bCqFpeLF22Ztbom2 time=2023-04-21 16:58:53.762]
04-21 16:58:53.770 22906 22906 D ar_activity: [[2a end - 2d start] onChildAdded stroke id=-NT_bCqFpeLF22Ztbom2 time=2023-04-21 16:58:53.770]
04-21 16:58:53.770 22906 23050 D ar_activity: [TRACKING TransformPointToPose time=2023-04-21 16:58:53.770]
04-21 16:58:53.771 22906 23050 D ar_activity: send stroke to firebase, id=-NT_bCqFpeLF22Ztbom2
04-21 16:58:53.772 22906 23050 D ar_activity: [[2d] after update lines time=2023-04-21 16:58:53.772]
04-21 16:58:53.797 22906 23050 D ar_activity: [TRACKING TransformPointToPose time=2023-04-21 16:58:53.797]
04-21 16:58:53.797 22906 23050 D ar_activity: send stroke to firebase, id=-NT_bCqFpeLF22Ztbom2
04-21 16:58:53.798 22906 23050 D ar_activity: [[2d] after update lines time=2023-04-21 16:58:53.798]
04-21 16:58:53.821 22906 23050 D ar_activity: [TRACKING TransformPointToPose time=2023-04-21 16:58:53.821]
04-21 16:58:53.821 22906 23050 D ar_activity: [TRACKING TransformPointToPose time=2023-04-21 16:58:53.821]
04-21 16:58:53.822 22906 23050 D ar_activity: send stroke to firebase, id=-NT_bCqFpeLF22Ztbom2
04-21 16:58:53.822 22906 23050 D ar_activity: [[2d] after update lines time=2023-04-21 16:58:53.822]
04-21 16:58:53.845 22906 23050 D ar_activity: [TRACKING TransformPointToPose time=2023-04-21 16:58:53.845]
04-21 16:58:53.846 22906 23050 D ar_activity: [TRACKING TransformPointToPose time=2023-04-21 16:58:53.846]
04-21 16:58:53.846 22906 23050 D ar_activity: send stroke to firebase, id=-NT_bCqFpeLF22Ztbom2
04-21 16:58:53.846 22906 23050 D ar_activity: [[2d] after update lines time=2023-04-21 16:58:53.846]
04-21 16:58:53.865 22906 22906 D ar_activity: [[1b start] setFirebaseValue stroke id=-NT_bCqFpeLF22Ztbom2 time=2023-04-21 16:58:53.865]
04-21 16:58:53.874 22906 22906 D ar_activity: [[2a end - 2d start] onChildChanged stroke id=-NT_bCqFpeLF22Ztbom2 time=2023-04-21 16:58:53.872]
04-21 16:58:53.876 22906 23050 D ar_activity: [TRACKING TransformPointToPose time=2023-04-21 16:58:53.875]
04-21 16:58:53.878 22906 23050 D ar_activity: [TRACKING TransformPointToPose time=2023-04-21 16:58:53.877]
04-21 16:58:53.879 22906 23050 D ar_activity: [TRACKING TransformPointToPose time=2023-04-21 16:58:53.879]
04-21 16:58:53.879 22906 23050 D ar_activity: send stroke to firebase, id=-NT_bCqFpeLF22Ztbom2
04-21 16:58:53.880 22906 23050 D ar_activity: [[2d] after update lines time=2023-04-21 16:58:53.880]
04-21 16:58:53.902 22906 23050 D ar_activity: [TRACKING TransformPointToPose time=2023-04-21 16:58:53.902]
04-21 16:58:53.903 22906 23050 D ar_activity: [TRACKING TransformPointToPose time=2023-04-21 16:58:53.903]
04-21 16:58:53.903 22906 23050 D ar_activity: send stroke to firebase, id=-NT_bCqFpeLF22Ztbom2
04-21 16:58:53.903 22906 23050 D ar_activity: [[2d] after update lines time=2023-04-21 16:58:53.903]
04-21 16:58:53.922 22906 23050 D ar_activity: [TRACKING TransformPointToPose time=2023-04-21 16:58:53.922]
04-21 16:58:53.922 22906 23050 D ar_activity: send stroke to firebase, id=-NT_bCqFpeLF22Ztbom2
04-21 16:58:53.923 22906 23050 D ar_activity: [[2d] after update lines time=2023-04-21 16:58:53.922]
04-21 16:58:53.944 22906 23050 D ar_activity: [TRACKING TransformPointToPose time=2023-04-21 16:58:53.944]
04-21 16:58:53.944 22906 23050 D ar_activity: send stroke to firebase, id=-NT_bCqFpeLF22Ztbom2
04-21 16:58:53.946 22906 23050 D ar_activity: [[2d] after update lines time=2023-04-21 16:58:53.946]
04-21 16:58:53.965 22906 22906 D ar_activity: [[2a end - 2d start] onChildChanged stroke id=-NT_bCqFpeLF22Ztbom2 time=2023-04-21 16:58:53.964]
04-21 16:58:53.965 22906 23050 D ar_activity: [TRACKING TransformPointToPose time=2023-04-21 16:58:53.965]
04-21 16:58:53.966 22906 23050 D ar_activity: send stroke to firebase, id=-NT_bCqFpeLF22Ztbom2
04-21 16:58:53.966 22906 23050 D ar_activity: [[2d] after update lines time=2023-04-21 16:58:53.966]
04-21 16:58:53.986 22906 23050 D ar_activity: [TRACKING TransformPointToPose time=2023-04-21 16:58:53.986]
04-21 16:58:53.986 22906 23050 D ar_activity: [TRACKING TransformPointToPose time=2023-04-21 16:58:53.986]
04-21 16:58:53.987 22906 23050 D ar_activity: send stroke to firebase, id=-NT_bCqFpeLF22Ztbom2
04-21 16:58:53.987 22906 23050 D ar_activity: [[2d] after update lines time=2023-04-21 16:58:53.987]
04-21 16:58:54.005 22906 23050 D ar_activity: [TRACKING TransformPointToPose time=2023-04-21 16:58:54.005]
04-21 16:58:54.006 22906 23050 D ar_activity: [TRACKING TransformPointToPose time=2023-04-21 16:58:54.006]
04-21 16:58:54.006 22906 23050 D ar_activity: send stroke to firebase, id=-NT_bCqFpeLF22Ztbom2
04-21 16:58:54.006 22906 23050 D ar_activity: [[2d] after update lines time=2023-04-21 16:58:54.006]
04-21 16:58:54.028 22906 23050 D ar_activity: [TRACKING TransformPointToPose time=2023-04-21 16:58:54.028]
04-21 16:58:54.028 22906 23050 D ar_activity: [TRACKING TransformPointToPose time=2023-04-21 16:58:54.028]
04-21 16:58:54.028 22906 23050 D ar_activity: send stroke to firebase, id=-NT_bCqFpeLF22Ztbom2
04-21 16:58:54.029 22906 23050 D ar_activity: [[2d] after update lines time=2023-04-21 16:58:54.029]
04-21 16:58:54.049 22906 23050 D ar_activity: [TRACKING TransformPointToPose time=2023-04-21 16:58:54.049]
04-21 16:58:54.049 22906 23050 D ar_activity: [TRACKING TransformPointToPose time=2023-04-21 16:58:54.049]
04-21 16:58:54.049 22906 23050 D ar_activity: send stroke to firebase, id=-NT_bCqFpeLF22Ztbom2
04-21 16:58:54.050 22906 23050 D ar_activity: [[2d] after update lines time=2023-04-21 16:58:54.050]
04-21 16:58:54.071 22906 23050 D ar_activity: [TRACKING TransformPointToPose time=2023-04-21 16:58:54.071]
04-21 16:58:54.072 22906 23050 D ar_activity: [TRACKING TransformPointToPose time=2023-04-21 16:58:54.072]
04-21 16:58:54.072 22906 23050 D ar_activity: send stroke to firebase, id=-NT_bCqFpeLF22Ztbom2
04-21 16:58:54.074 22906 23050 D ar_activity: [[2d] after update lines time=2023-04-21 16:58:54.074]
04-21 16:58:54.095 22906 22906 D ar_activity: [[2a end - 2d start] onChildChanged stroke id=-NT_bCqFpeLF22Ztbom2 time=2023-04-21 16:58:54.095]
04-21 16:58:54.098 22906 23050 D ar_activity: [TRACKING TransformPointToPose time=2023-04-21 16:58:54.097]
04-21 16:58:54.100 22906 23050 D ar_activity: [TRACKING TransformPointToPose time=2023-04-21 16:58:54.099]
04-21 16:58:54.100 22906 23050 D ar_activity: send stroke to firebase, id=-NT_bCqFpeLF22Ztbom2
04-21 16:58:54.101 22906 23050 D ar_activity: [[2d] after update lines time=2023-04-21 16:58:54.101]
04-21 16:58:54.120 22906 23050 D ar_activity: [TRACKING TransformPointToPose time=2023-04-21 16:58:54.120]
04-21 16:58:54.120 22906 23050 D ar_activity: send stroke to firebase, id=-NT_bCqFpeLF22Ztbom2
04-21 16:58:54.121 22906 23050 D ar_activity: [[2d] after update lines time=2023-04-21 16:58:54.121]
04-21 16:58:54.139 22906 23050 D ar_activity: [TRACKING TransformPointToPose time=2023-04-21 16:58:54.139]
04-21 16:58:54.140 22906 23050 D ar_activity: [TRACKING TransformPointToPose time=2023-04-21 16:58:54.139]
04-21 16:58:54.140 22906 23050 D ar_activity: send stroke to firebase, id=-NT_bCqFpeLF22Ztbom2
04-21 16:58:54.140 22906 23050 D ar_activity: [[2d] after update lines time=2023-04-21 16:58:54.140]
04-21 16:58:54.163 22906 23050 D ar_activity: [TRACKING TransformPointToPose time=2023-04-21 16:58:54.163]
04-21 16:58:54.164 22906 23050 D ar_activity: [TRACKING TransformPointToPose time=2023-04-21 16:58:54.163]
04-21 16:58:54.164 22906 23050 D ar_activity: send stroke to firebase, id=-NT_bCqFpeLF22Ztbom2
04-21 16:58:54.164 22906 23050 D ar_activity: [[2d] after update lines time=2023-04-21 16:58:54.164]
04-21 16:58:54.184 22906 23050 D ar_activity: [TRACKING TransformPointToPose time=2023-04-21 16:58:54.183]
04-21 16:58:54.184 22906 23050 D ar_activity: [TRACKING TransformPointToPose time=2023-04-21 16:58:54.184]
04-21 16:58:54.184 22906 23050 D ar_activity: send stroke to firebase, id=-NT_bCqFpeLF22Ztbom2
04-21 16:58:54.184 22906 23050 D ar_activity: [[2d] after update lines time=2023-04-21 16:58:54.184]
04-21 16:58:54.203 22906 23050 D ar_activity: [TRACKING TransformPointToPose time=2023-04-21 16:58:54.203]
04-21 16:58:54.203 22906 23050 D ar_activity: [TRACKING TransformPointToPose time=2023-04-21 16:58:54.203]
04-21 16:58:54.203 22906 23050 D ar_activity: send stroke to firebase, id=-NT_bCqFpeLF22Ztbom2
04-21 16:58:54.204 22906 23050 D ar_activity: [[2d] after update lines time=2023-04-21 16:58:54.204]
04-21 16:58:54.219 22906 22906 D ar_activity: [[2a end - 2d start] onChildChanged stroke id=-NT_bCqFpeLF22Ztbom2 time=2023-04-21 16:58:54.219]
04-21 16:58:54.222 22906 23050 D ar_activity: [TRACKING TransformPointToPose time=2023-04-21 16:58:54.222]
04-21 16:58:54.223 22906 23050 D ar_activity: [TRACKING TransformPointToPose time=2023-04-21 16:58:54.222]
04-21 16:58:54.223 22906 23050 D ar_activity: send stroke to firebase, id=-NT_bCqFpeLF22Ztbom2
04-21 16:58:54.223 22906 23050 D ar_activity: [[2d] after update lines time=2023-04-21 16:58:54.223]
04-21 16:58:54.244 22906 23050 D ar_activity: [TRACKING TransformPointToPose time=2023-04-21 16:58:54.244]
04-21 16:58:54.244 22906 23050 D ar_activity: send stroke to firebase, id=-NT_bCqFpeLF22Ztbom2
04-21 16:58:54.245 22906 23050 D ar_activity: [[2d] after update lines time=2023-04-21 16:58:54.245]
04-21 16:58:54.264 22906 23050 D ar_activity: [TRACKING TransformPointToPose time=2023-04-21 16:58:54.263]
04-21 16:58:54.264 22906 23050 D ar_activity: [TRACKING TransformPointToPose time=2023-04-21 16:58:54.264]
04-21 16:58:54.264 22906 23050 D ar_activity: send stroke to firebase, id=-NT_bCqFpeLF22Ztbom2
04-21 16:58:54.264 22906 23050 D ar_activity: [[2d] after update lines time=2023-04-21 16:58:54.264]
04-21 16:58:54.283 22906 23050 D ar_activity: [TRACKING TransformPointToPose time=2023-04-21 16:58:54.283]
04-21 16:58:54.283 22906 23050 D ar_activity: [TRACKING TransformPointToPose time=2023-04-21 16:58:54.283]
04-21 16:58:54.285 22906 23050 D ar_activity: send stroke to firebase, id=-NT_bCqFpeLF22Ztbom2
04-21 16:58:54.286 22906 23050 D ar_activity: [[2d] after update lines time=2023-04-21 16:58:54.285]
04-21 16:58:54.304 22906 23050 D ar_activity: [TRACKING TransformPointToPose time=2023-04-21 16:58:54.304]
04-21 16:58:54.305 22906 23050 D ar_activity: [TRACKING TransformPointToPose time=2023-04-21 16:58:54.305]
04-21 16:58:54.305 22906 23050 D ar_activity: send stroke to firebase, id=-NT_bCqFpeLF22Ztbom2
04-21 16:58:54.305 22906 23050 D ar_activity: [[2d] after update lines time=2023-04-21 16:58:54.305]
04-21 16:58:54.318 22906 22906 D ar_activity: [[2a end - 2d start] onChildChanged stroke id=-NT_bCqFpeLF22Ztbom2 time=2023-04-21 16:58:54.318]
04-21 16:58:54.327 22906 23050 D ar_activity: [TRACKING TransformPointToPose time=2023-04-21 16:58:54.326]
04-21 16:58:54.327 22906 23050 D ar_activity: [TRACKING TransformPointToPose time=2023-04-21 16:58:54.327]
04-21 16:58:54.327 22906 23050 D ar_activity: send stroke to firebase, id=-NT_bCqFpeLF22Ztbom2
04-21 16:58:54.327 22906 23050 D ar_activity: [[2d] after update lines time=2023-04-21 16:58:54.327]
04-21 16:58:54.346 22906 23050 D ar_activity: [TRACKING TransformPointToPose time=2023-04-21 16:58:54.346]
04-21 16:58:54.346 22906 23050 D ar_activity: [TRACKING TransformPointToPose time=2023-04-21 16:58:54.346]
04-21 16:58:54.346 22906 23050 D ar_activity: send stroke to firebase, id=-NT_bCqFpeLF22Ztbom2
04-21 16:58:54.346 22906 23050 D ar_activity: [[2d] after update lines time=2023-04-21 16:58:54.346]
04-21 16:58:54.365 22906 23050 D ar_activity: [TRACKING TransformPointToPose time=2023-04-21 16:58:54.365]
04-21 16:58:54.365 22906 23050 D ar_activity: send stroke to firebase, id=-NT_bCqFpeLF22Ztbom2
04-21 16:58:54.366 22906 23050 D ar_activity: [[2d] after update lines time=2023-04-21 16:58:54.366]
04-21 16:58:54.386 22906 23050 D ar_activity: [TRACKING TransformPointToPose time=2023-04-21 16:58:54.386]
04-21 16:58:54.386 22906 23050 D ar_activity: [TRACKING TransformPointToPose time=2023-04-21 16:58:54.386]
04-21 16:58:54.386 22906 23050 D ar_activity: send stroke to firebase, id=-NT_bCqFpeLF22Ztbom2
04-21 16:58:54.387 22906 23050 D ar_activity: [[2d] after update lines time=2023-04-21 16:58:54.386]
04-21 16:58:54.405 22906 23050 D ar_activity: [TRACKING TransformPointToPose time=2023-04-21 16:58:54.405]
04-21 16:58:54.405 22906 23050 D ar_activity: [TRACKING TransformPointToPose time=2023-04-21 16:58:54.405]
04-21 16:58:54.406 22906 23050 D ar_activity: send stroke to firebase, id=-NT_bCqFpeLF22Ztbom2
04-21 16:58:54.406 22906 23050 D ar_activity: [[2d] after update lines time=2023-04-21 16:58:54.406]
04-21 16:58:54.420 22906 22906 D ar_activity: [[2a end - 2d start] onChildChanged stroke id=-NT_bCqFpeLF22Ztbom2 time=2023-04-21 16:58:54.419]
04-21 16:58:54.427 22906 23050 D ar_activity: [TRACKING TransformPointToPose time=2023-04-21 16:58:54.427]
04-21 16:58:54.427 22906 23050 D ar_activity: [TRACKING TransformPointToPose time=2023-04-21 16:58:54.427]
04-21 16:58:54.427 22906 23050 D ar_activity: send stroke to firebase, id=-NT_bCqFpeLF22Ztbom2
04-21 16:58:54.428 22906 23050 D ar_activity: [[2d] after update lines time=2023-04-21 16:58:54.428]
04-21 16:58:54.447 22906 23050 D ar_activity: [TRACKING TransformPointToPose time=2023-04-21 16:58:54.447]
04-21 16:58:54.447 22906 23050 D ar_activity: [TRACKING TransformPointToPose time=2023-04-21 16:58:54.447]
04-21 16:58:54.447 22906 23050 D ar_activity: send stroke to firebase, id=-NT_bCqFpeLF22Ztbom2
04-21 16:58:54.447 22906 23050 D ar_activity: [[2d] after update lines time=2023-04-21 16:58:54.447]
04-21 16:58:54.467 22906 23050 D ar_activity: [TRACKING TransformPointToPose time=2023-04-21 16:58:54.466]
04-21 16:58:54.467 22906 23050 D ar_activity: [TRACKING TransformPointToPose time=2023-04-21 16:58:54.467]
04-21 16:58:54.468 22906 23050 D ar_activity: send stroke to firebase, id=-NT_bCqFpeLF22Ztbom2
04-21 16:58:54.469 22906 23050 D ar_activity: [[2d] after update lines time=2023-04-21 16:58:54.468]
04-21 16:58:54.489 22906 23050 D ar_activity: [TRACKING TransformPointToPose time=2023-04-21 16:58:54.489]
04-21 16:58:54.489 22906 23050 D ar_activity: [TRACKING TransformPointToPose time=2023-04-21 16:58:54.489]
04-21 16:58:54.489 22906 23050 D ar_activity: send stroke to firebase, id=-NT_bCqFpeLF22Ztbom2
04-21 16:58:54.490 22906 23050 D ar_activity: [[2d] after update lines time=2023-04-21 16:58:54.490]
04-21 16:58:54.512 22906 23050 D ar_activity: [TRACKING TransformPointToPose time=2023-04-21 16:58:54.512]
04-21 16:58:54.512 22906 23050 D ar_activity: [TRACKING TransformPointToPose time=2023-04-21 16:58:54.512]
04-21 16:58:54.513 22906 23050 D ar_activity: send stroke to firebase, id=-NT_bCqFpeLF22Ztbom2
04-21 16:58:54.515 22906 23050 D ar_activity: [[2d] after update lines time=2023-04-21 16:58:54.514]
04-21 16:58:54.533 22906 23050 D ar_activity: [TRACKING TransformPointToPose time=2023-04-21 16:58:54.533]
04-21 16:58:54.534 22906 23050 D ar_activity: send stroke to firebase, id=-NT_bCqFpeLF22Ztbom2
04-21 16:58:54.536 22906 23050 D ar_activity: [[2d] after update lines time=2023-04-21 16:58:54.536]
04-21 16:58:54.562 22906 22906 D ar_activity: [[2a end - 2d start] onChildChanged stroke id=-NT_bCqFpeLF22Ztbom2 time=2023-04-21 16:58:54.561]
04-21 16:58:54.567 22906 23050 D ar_activity: [TRACKING TransformPointToPose time=2023-04-21 16:58:54.567]
04-21 16:58:54.567 22906 23050 D ar_activity: [TRACKING TransformPointToPose time=2023-04-21 16:58:54.567]
04-21 16:58:54.568 22906 23050 D ar_activity: send stroke to firebase, id=-NT_bCqFpeLF22Ztbom2
04-21 16:58:54.577 22906 23050 D ar_activity: [[2d] after update lines time=2023-04-21 16:58:54.577]
04-21 16:58:54.599 22906 23050 D ar_activity: [TRACKING TransformPointToPose time=2023-04-21 16:58:54.599]
04-21 16:58:54.599 22906 23050 D ar_activity: [TRACKING TransformPointToPose time=2023-04-21 16:58:54.599]
04-21 16:58:54.600 22906 23050 D ar_activity: [TRACKING TransformPointToPose time=2023-04-21 16:58:54.599]
04-21 16:58:54.600 22906 23050 D ar_activity: send stroke to firebase, id=-NT_bCqFpeLF22Ztbom2
04-21 16:58:54.600 22906 23050 D ar_activity: [[2d] after update lines time=2023-04-21 16:58:54.600]
04-21 16:58:54.620 22906 23050 D ar_activity: [TRACKING TransformPointToPose time=2023-04-21 16:58:54.619]
04-21 16:58:54.620 22906 23050 D ar_activity: send stroke to firebase, id=-NT_bCqFpeLF22Ztbom2
04-21 16:58:54.620 22906 23050 D ar_activity: [[2d] after update lines time=2023-04-21 16:58:54.620]
04-21 16:58:54.639 22906 23050 D ar_activity: [TRACKING TransformPointToPose time=2023-04-21 16:58:54.639]
04-21 16:58:54.639 22906 23050 D ar_activity: [TRACKING TransformPointToPose time=2023-04-21 16:58:54.639]
04-21 16:58:54.639 22906 23050 D ar_activity: send stroke to firebase, id=-NT_bCqFpeLF22Ztbom2
04-21 16:58:54.640 22906 23050 D ar_activity: [[2d] after update lines time=2023-04-21 16:58:54.640]
04-21 16:58:54.662 22906 23050 D ar_activity: [TRACKING TransformPointToPose time=2023-04-21 16:58:54.662]
04-21 16:58:54.662 22906 23050 D ar_activity: [TRACKING TransformPointToPose time=2023-04-21 16:58:54.662]
04-21 16:58:54.662 22906 23050 D ar_activity: send stroke to firebase, id=-NT_bCqFpeLF22Ztbom2
04-21 16:58:54.663 22906 23050 D ar_activity: [[2d] after update lines time=2023-04-21 16:58:54.663]
04-21 16:58:54.681 22906 23050 D ar_activity: [TRACKING TransformPointToPose time=2023-04-21 16:58:54.681]
04-21 16:58:54.682 22906 23050 D ar_activity: [TRACKING TransformPointToPose time=2023-04-21 16:58:54.682]
04-21 16:58:54.682 22906 23050 D ar_activity: send stroke to firebase, id=-NT_bCqFpeLF22Ztbom2
04-21 16:58:54.684 22906 23050 D ar_activity: [[2d] after update lines time=2023-04-21 16:58:54.683]
04-21 16:58:54.704 22906 23050 D ar_activity: [TRACKING TransformPointToPose time=2023-04-21 16:58:54.703]
04-21 16:58:54.704 22906 23050 D ar_activity: [TRACKING TransformPointToPose time=2023-04-21 16:58:54.704]
04-21 16:58:54.704 22906 23050 D ar_activity: send stroke to firebase, id=-NT_bCqFpeLF22Ztbom2
04-21 16:58:54.704 22906 23050 D ar_activity: [[2d] after update lines time=2023-04-21 16:58:54.704]
04-21 16:58:54.714 22906 22906 D ar_activity: [[2a end - 2d start] onChildChanged stroke id=-NT_bCqFpeLF22Ztbom2 time=2023-04-21 16:58:54.714]
04-21 16:58:54.723 22906 23050 D ar_activity: [TRACKING TransformPointToPose time=2023-04-21 16:58:54.723]
04-21 16:58:54.726 22906 23050 D ar_activity: [TRACKING TransformPointToPose time=2023-04-21 16:58:54.724]
04-21 16:58:54.727 22906 23050 D ar_activity: send stroke to firebase, id=-NT_bCqFpeLF22Ztbom2
04-21 16:58:54.728 22906 23050 D ar_activity: [[2d] after update lines time=2023-04-21 16:58:54.727]
04-21 16:58:54.746 22906 23050 D ar_activity: [TRACKING TransformPointToPose time=2023-04-21 16:58:54.746]
04-21 16:58:54.746 22906 23050 D ar_activity: [TRACKING TransformPointToPose time=2023-04-21 16:58:54.746]
04-21 16:58:54.747 22906 23050 D ar_activity: send stroke to firebase, id=-NT_bCqFpeLF22Ztbom2
04-21 16:58:54.747 22906 23050 D ar_activity: [[2d] after update lines time=2023-04-21 16:58:54.747]
04-21 16:58:54.766 22906 23050 D ar_activity: [TRACKING TransformPointToPose time=2023-04-21 16:58:54.766]
04-21 16:58:54.766 22906 23050 D ar_activity: send stroke to firebase, id=-NT_bCqFpeLF22Ztbom2
04-21 16:58:54.770 22906 23050 D ar_activity: [[2d] after update lines time=2023-04-21 16:58:54.770]
04-21 16:58:54.789 22906 23050 D ar_activity: [TRACKING TransformPointToPose time=2023-04-21 16:58:54.789]
04-21 16:58:54.789 22906 23050 D ar_activity: [TRACKING TransformPointToPose time=2023-04-21 16:58:54.789]
04-21 16:58:54.789 22906 23050 D ar_activity: send stroke to firebase, id=-NT_bCqFpeLF22Ztbom2
04-21 16:58:54.790 22906 23050 D ar_activity: [[2d] after update lines time=2023-04-21 16:58:54.789]
04-21 16:58:54.809 22906 23050 D ar_activity: [TRACKING TransformPointToPose time=2023-04-21 16:58:54.808]
04-21 16:58:54.809 22906 23050 D ar_activity: send stroke to firebase, id=-NT_bCqFpeLF22Ztbom2
04-21 16:58:54.810 22906 23050 D ar_activity: [[2d] after update lines time=2023-04-21 16:58:54.810]
04-21 16:58:54.831 22906 23050 D ar_activity: [TRACKING TransformPointToPose time=2023-04-21 16:58:54.831]
04-21 16:58:54.831 22906 23050 D ar_activity: [TRACKING TransformPointToPose time=2023-04-21 16:58:54.831]
04-21 16:58:54.831 22906 23050 D ar_activity: send stroke to firebase, id=-NT_bCqFpeLF22Ztbom2
04-21 16:58:54.832 22906 23050 D ar_activity: [[2d] after update lines time=2023-04-21 16:58:54.831]
04-21 16:58:54.852 22906 22906 D ar_activity: [[2a end - 2d start] onChildChanged stroke id=-NT_bCqFpeLF22Ztbom2 time=2023-04-21 16:58:54.852]
04-21 16:58:54.870 22906 23050 D ar_activity: [TRACKING TransformPointToPose time=2023-04-21 16:58:54.869]
04-21 16:58:54.870 22906 23050 D ar_activity: [TRACKING TransformPointToPose time=2023-04-21 16:58:54.870]
04-21 16:58:54.871 22906 23050 D ar_activity: [TRACKING TransformPointToPose time=2023-04-21 16:58:54.870]
04-21 16:58:54.872 22906 23050 D ar_activity: [TRACKING TransformPointToPose time=2023-04-21 16:58:54.872]
04-21 16:58:54.872 22906 23050 D ar_activity: send stroke to firebase, id=-NT_bCqFpeLF22Ztbom2
04-21 16:58:54.875 22906 23050 D ar_activity: [[2d] after update lines time=2023-04-21 16:58:54.875]
04-21 16:58:54.897 22906 23050 D ar_activity: [TRACKING TransformPointToPose time=2023-04-21 16:58:54.896]
04-21 16:58:54.897 22906 23050 D ar_activity: [TRACKING TransformPointToPose time=2023-04-21 16:58:54.897]
04-21 16:58:54.897 22906 23050 D ar_activity: send stroke to firebase, id=-NT_bCqFpeLF22Ztbom2
04-21 16:58:54.898 22906 23050 D ar_activity: [[2d] after update lines time=2023-04-21 16:58:54.898]
04-21 16:58:54.916 22906 23050 D ar_activity: [TRACKING TransformPointToPose time=2023-04-21 16:58:54.916]
04-21 16:58:54.916 22906 23050 D ar_activity: [TRACKING TransformPointToPose time=2023-04-21 16:58:54.916]
04-21 16:58:54.917 22906 23050 D ar_activity: send stroke to firebase, id=-NT_bCqFpeLF22Ztbom2
04-21 16:58:54.917 22906 23050 D ar_activity: [[2d] after update lines time=2023-04-21 16:58:54.917]
04-21 16:58:54.936 22906 23050 D ar_activity: [TRACKING TransformPointToPose time=2023-04-21 16:58:54.936]
04-21 16:58:54.936 22906 23050 D ar_activity: [TRACKING TransformPointToPose time=2023-04-21 16:58:54.936]
04-21 16:58:54.936 22906 23050 D ar_activity: send stroke to firebase, id=-NT_bCqFpeLF22Ztbom2
04-21 16:58:54.937 22906 23050 D ar_activity: [[2d] after update lines time=2023-04-21 16:58:54.937]
04-21 16:58:54.958 22906 23050 D ar_activity: [TRACKING TransformPointToPose time=2023-04-21 16:58:54.958]
04-21 16:58:54.959 22906 23050 D ar_activity: [TRACKING TransformPointToPose time=2023-04-21 16:58:54.959]
04-21 16:58:54.960 22906 23050 D ar_activity: send stroke to firebase, id=-NT_bCqFpeLF22Ztbom2
04-21 16:58:54.962 22906 23050 D ar_activity: [[2d] after update lines time=2023-04-21 16:58:54.962]
04-21 16:58:54.982 22906 22906 D ar_activity: [[2a end - 2d start] onChildChanged stroke id=-NT_bCqFpeLF22Ztbom2 time=2023-04-21 16:58:54.982]
04-21 16:58:54.987 22906 23050 D ar_activity: [TRACKING TransformPointToPose time=2023-04-21 16:58:54.986]
04-21 16:58:54.987 22906 23050 D ar_activity: [TRACKING TransformPointToPose time=2023-04-21 16:58:54.987]
04-21 16:58:54.987 22906 23050 D ar_activity: send stroke to firebase, id=-NT_bCqFpeLF22Ztbom2
04-21 16:58:54.989 22906 23050 D ar_activity: [[2d] after update lines time=2023-04-21 16:58:54.989]
04-21 16:58:55.012 22906 23050 D ar_activity: [TRACKING TransformPointToPose time=2023-04-21 16:58:55.011]
04-21 16:58:55.012 22906 23050 D ar_activity: [TRACKING TransformPointToPose time=2023-04-21 16:58:55.012]
04-21 16:58:55.012 22906 23050 D ar_activity: send stroke to firebase, id=-NT_bCqFpeLF22Ztbom2
04-21 16:58:55.012 22906 23050 D ar_activity: [[2d] after update lines time=2023-04-21 16:58:55.012]
04-21 16:58:55.031 22906 23050 D ar_activity: [TRACKING TransformPointToPose time=2023-04-21 16:58:55.031]
04-21 16:58:55.031 22906 23050 D ar_activity: send stroke to firebase, id=-NT_bCqFpeLF22Ztbom2
04-21 16:58:55.032 22906 23050 D ar_activity: [[2d] after update lines time=2023-04-21 16:58:55.032]
04-21 16:58:55.053 22906 23050 D ar_activity: [TRACKING TransformPointToPose time=2023-04-21 16:58:55.051]
04-21 16:58:55.053 22906 23050 D ar_activity: [TRACKING TransformPointToPose time=2023-04-21 16:58:55.053]
04-21 16:58:55.053 22906 23050 D ar_activity: send stroke to firebase, id=-NT_bCqFpeLF22Ztbom2
04-21 16:58:55.054 22906 23050 D ar_activity: [[2d] after update lines time=2023-04-21 16:58:55.053]
04-21 16:58:55.072 22906 23050 D ar_activity: [TRACKING TransformPointToPose time=2023-04-21 16:58:55.072]
04-21 16:58:55.072 22906 23050 D ar_activity: [TRACKING TransformPointToPose time=2023-04-21 16:58:55.072]
04-21 16:58:55.072 22906 23050 D ar_activity: send stroke to firebase, id=-NT_bCqFpeLF22Ztbom2
04-21 16:58:55.073 22906 23050 D ar_activity: [[2d] after update lines time=2023-04-21 16:58:55.073]
04-21 16:58:55.095 22906 23050 D ar_activity: [TRACKING TransformPointToPose time=2023-04-21 16:58:55.095]
04-21 16:58:55.096 22906 23050 D ar_activity: [TRACKING TransformPointToPose time=2023-04-21 16:58:55.096]
04-21 16:58:55.096 22906 23050 D ar_activity: send stroke to firebase, id=-NT_bCqFpeLF22Ztbom2
04-21 16:58:55.104 22906 23050 D ar_activity: [[2d] after update lines time=2023-04-21 16:58:55.104]
04-21 16:58:55.113 22906 22906 D ar_activity: [[2a end - 2d start] onChildChanged stroke id=-NT_bCqFpeLF22Ztbom2 time=2023-04-21 16:58:55.112]
04-21 16:58:55.122 22906 23050 D ar_activity: [TRACKING TransformPointToPose time=2023-04-21 16:58:55.122]
04-21 16:58:55.122 22906 23050 D ar_activity: [TRACKING TransformPointToPose time=2023-04-21 16:58:55.122]
04-21 16:58:55.123 22906 23050 D ar_activity: send stroke to firebase, id=-NT_bCqFpeLF22Ztbom2
04-21 16:58:55.123 22906 23050 D ar_activity: [[2d] after update lines time=2023-04-21 16:58:55.123]
04-21 16:58:55.148 22906 23050 D ar_activity: [TRACKING TransformPointToPose time=2023-04-21 16:58:55.147]
04-21 16:58:55.148 22906 23050 D ar_activity: send stroke to firebase, id=-NT_bCqFpeLF22Ztbom2
04-21 16:58:55.151 22906 23050 D ar_activity: [[2d] after update lines time=2023-04-21 16:58:55.150]
04-21 16:58:55.175 22906 23050 D ar_activity: [TRACKING TransformPointToPose time=2023-04-21 16:58:55.174]
04-21 16:58:55.177 22906 23050 D ar_activity: [TRACKING TransformPointToPose time=2023-04-21 16:58:55.175]
04-21 16:58:55.178 22906 23050 D ar_activity: send stroke to firebase, id=-NT_bCqFpeLF22Ztbom2
04-21 16:58:55.179 22906 23050 D ar_activity: [[2d] after update lines time=2023-04-21 16:58:55.179]
04-21 16:58:55.201 22906 23050 D ar_activity: [TRACKING TransformPointToPose time=2023-04-21 16:58:55.200]
04-21 16:58:55.201 22906 23050 D ar_activity: [TRACKING TransformPointToPose time=2023-04-21 16:58:55.201]
04-21 16:58:55.202 22906 23050 D ar_activity: send stroke to firebase, id=-NT_bCqFpeLF22Ztbom2
04-21 16:58:55.203 22906 23050 D ar_activity: [[2d] after update lines time=2023-04-21 16:58:55.202]
04-21 16:58:55.226 22906 23050 D ar_activity: [TRACKING TransformPointToPose time=2023-04-21 16:58:55.225]
04-21 16:58:55.226 22906 23050 D ar_activity: send stroke to firebase, id=-NT_bCqFpeLF22Ztbom2
04-21 16:58:55.233 22906 23050 D ar_activity: [[2d] after update lines time=2023-04-21 16:58:55.229]
04-21 16:58:55.250 22906 22906 D ar_activity: [[2a end - 2d start] onChildChanged stroke id=-NT_bCqFpeLF22Ztbom2 time=2023-04-21 16:58:55.249]
04-21 16:58:55.256 22906 23050 D ar_activity: [TRACKING TransformPointToPose time=2023-04-21 16:58:55.254]
04-21 16:58:55.256 22906 23050 D ar_activity: send stroke to firebase, id=-NT_bCqFpeLF22Ztbom2
04-21 16:58:55.260 22906 23050 D ar_activity: [[2d] after update lines time=2023-04-21 16:58:55.258]
04-21 16:58:55.281 22906 23050 D ar_activity: [TRACKING TransformPointToPose time=2023-04-21 16:58:55.281]
04-21 16:58:55.283 22906 23050 D ar_activity: [TRACKING TransformPointToPose time=2023-04-21 16:58:55.283]
04-21 16:58:55.283 22906 23050 D ar_activity: send stroke to firebase, id=-NT_bCqFpeLF22Ztbom2
04-21 16:58:55.285 22906 23050 D ar_activity: [[2d] after update lines time=2023-04-21 16:58:55.285]
04-21 16:58:55.306 22906 23050 D ar_activity: [TRACKING TransformPointToPose time=2023-04-21 16:58:55.306]
04-21 16:58:55.307 22906 23050 D ar_activity: [TRACKING TransformPointToPose time=2023-04-21 16:58:55.307]
04-21 16:58:55.307 22906 23050 D ar_activity: send stroke to firebase, id=-NT_bCqFpeLF22Ztbom2
04-21 16:58:55.308 22906 23050 D ar_activity: [[2d] after update lines time=2023-04-21 16:58:55.307]
04-21 16:58:55.328 22906 23050 D ar_activity: [TRACKING TransformPointToPose time=2023-04-21 16:58:55.328]
04-21 16:58:55.328 22906 23050 D ar_activity: [TRACKING TransformPointToPose time=2023-04-21 16:58:55.328]
04-21 16:58:55.328 22906 23050 D ar_activity: send stroke to firebase, id=-NT_bCqFpeLF22Ztbom2
04-21 16:58:55.329 22906 23050 D ar_activity: [[2d] after update lines time=2023-04-21 16:58:55.329]
04-21 16:58:55.348 22906 23050 D ar_activity: [TRACKING TransformPointToPose time=2023-04-21 16:58:55.348]
04-21 16:58:55.348 22906 23050 D ar_activity: [TRACKING TransformPointToPose time=2023-04-21 16:58:55.348]
04-21 16:58:55.348 22906 23050 D ar_activity: send stroke to firebase, id=-NT_bCqFpeLF22Ztbom2
04-21 16:58:55.349 22906 23050 D ar_activity: [[2d] after update lines time=2023-04-21 16:58:55.349]
04-21 16:58:55.368 22906 23050 D ar_activity: [TRACKING TransformPointToPose time=2023-04-21 16:58:55.367]
04-21 16:58:55.368 22906 23050 D ar_activity: [TRACKING TransformPointToPose time=2023-04-21 16:58:55.368]
04-21 16:58:55.368 22906 23050 D ar_activity: send stroke to firebase, id=-NT_bCqFpeLF22Ztbom2
04-21 16:58:55.369 22906 23050 D ar_activity: [[2d] after update lines time=2023-04-21 16:58:55.369]
04-21 16:58:55.387 22906 23050 D ar_activity: [TRACKING TransformPointToPose time=2023-04-21 16:58:55.387]
04-21 16:58:55.388 22906 23050 D ar_activity: [TRACKING TransformPointToPose time=2023-04-21 16:58:55.388]
04-21 16:58:55.388 22906 23050 D ar_activity: send stroke to firebase, id=-NT_bCqFpeLF22Ztbom2
04-21 16:58:55.388 22906 23050 D ar_activity: [[2d] after update lines time=2023-04-21 16:58:55.388]
04-21 16:58:55.404 22906 22906 D ar_activity: [[2a end - 2d start] onChildChanged stroke id=-NT_bCqFpeLF22Ztbom2 time=2023-04-21 16:58:55.404]
04-21 16:58:55.409 22906 23050 D ar_activity: [TRACKING TransformPointToPose time=2023-04-21 16:58:55.408]
04-21 16:58:55.410 22906 23050 D ar_activity: send stroke to firebase, id=-NT_bCqFpeLF22Ztbom2
04-21 16:58:55.411 22906 23050 D ar_activity: [[2d] after update lines time=2023-04-21 16:58:55.411]
04-21 16:58:55.431 22906 23050 D ar_activity: [TRACKING TransformPointToPose time=2023-04-21 16:58:55.431]
04-21 16:58:55.431 22906 23050 D ar_activity: send stroke to firebase, id=-NT_bCqFpeLF22Ztbom2
04-21 16:58:55.432 22906 23050 D ar_activity: [[2d] after update lines time=2023-04-21 16:58:55.432]
04-21 16:58:55.451 22906 23050 D ar_activity: [TRACKING TransformPointToPose time=2023-04-21 16:58:55.450]
04-21 16:58:55.451 22906 23050 D ar_activity: send stroke to firebase, id=-NT_bCqFpeLF22Ztbom2
04-21 16:58:55.452 22906 23050 D ar_activity: [[2d] after update lines time=2023-04-21 16:58:55.452]
04-21 16:58:55.476 22906 23050 D ar_activity: [TRACKING TransformPointToPose time=2023-04-21 16:58:55.475]
04-21 16:58:55.476 22906 23050 D ar_activity: [TRACKING TransformPointToPose time=2023-04-21 16:58:55.476]
04-21 16:58:55.476 22906 23050 D ar_activity: send stroke to firebase, id=-NT_bCqFpeLF22Ztbom2
04-21 16:58:55.478 22906 23050 D ar_activity: [[2d] after update lines time=2023-04-21 16:58:55.478]
04-21 16:58:55.497 22906 23050 D ar_activity: [TRACKING TransformPointToPose time=2023-04-21 16:58:55.497]
04-21 16:58:55.497 22906 23050 D ar_activity: send stroke to firebase, id=-NT_bCqFpeLF22Ztbom2
04-21 16:58:55.499 22906 23050 D ar_activity: [[2d] after update lines time=2023-04-21 16:58:55.499]
04-21 16:58:55.519 22906 23050 D ar_activity: [TRACKING TransformPointToPose time=2023-04-21 16:58:55.519]
04-21 16:58:55.520 22906 23050 D ar_activity: [TRACKING TransformPointToPose time=2023-04-21 16:58:55.520]
04-21 16:58:55.520 22906 23050 D ar_activity: send stroke to firebase, id=-NT_bCqFpeLF22Ztbom2
04-21 16:58:55.520 22906 23050 D ar_activity: [[2d] after update lines time=2023-04-21 16:58:55.520]
04-21 16:58:55.545 22906 23050 D ar_activity: [TRACKING TransformPointToPose time=2023-04-21 16:58:55.544]
04-21 16:58:55.552 22906 23050 D ar_activity: [TRACKING TransformPointToPose time=2023-04-21 16:58:55.550]
04-21 16:58:55.554 22906 23050 D ar_activity: send stroke to firebase, id=-NT_bCqFpeLF22Ztbom2
04-21 16:58:55.557 22906 23050 D ar_activity: [[2d] after update lines time=2023-04-21 16:58:55.556]
04-21 16:58:55.557 22906 22906 D ar_activity: [[2a end - 2d start] onChildChanged stroke id=-NT_bCqFpeLF22Ztbom2 time=2023-04-21 16:58:55.551]
04-21 16:58:55.579 22906 23050 D ar_activity: [TRACKING TransformPointToPose time=2023-04-21 16:58:55.579]
04-21 16:58:55.580 22906 23050 D ar_activity: [TRACKING TransformPointToPose time=2023-04-21 16:58:55.580]
04-21 16:58:55.580 22906 23050 D ar_activity: send stroke to firebase, id=-NT_bCqFpeLF22Ztbom2
04-21 16:58:55.581 22906 23050 D ar_activity: [[2d] after update lines time=2023-04-21 16:58:55.581]
04-21 16:58:55.601 22906 23050 D ar_activity: [TRACKING TransformPointToPose time=2023-04-21 16:58:55.600]
04-21 16:58:55.601 22906 23050 D ar_activity: [TRACKING TransformPointToPose time=2023-04-21 16:58:55.601]
04-21 16:58:55.601 22906 23050 D ar_activity: send stroke to firebase, id=-NT_bCqFpeLF22Ztbom2
04-21 16:58:55.602 22906 23050 D ar_activity: [[2d] after update lines time=2023-04-21 16:58:55.602]
04-21 16:58:55.621 22906 23050 D ar_activity: [TRACKING TransformPointToPose time=2023-04-21 16:58:55.621]
04-21 16:58:55.622 22906 23050 D ar_activity: [TRACKING TransformPointToPose time=2023-04-21 16:58:55.622]
04-21 16:58:55.622 22906 23050 D ar_activity: send stroke to firebase, id=-NT_bCqFpeLF22Ztbom2
04-21 16:58:55.622 22906 23050 D ar_activity: [[2d] after update lines time=2023-04-21 16:58:55.622]
04-21 16:58:55.638 22906 22906 D ar_activity: [[2a end - 2d start] onChildChanged stroke id=-NT_bCqFpeLF22Ztbom2 time=2023-04-21 16:58:55.638]
04-21 16:58:55.646 22906 23050 D ar_activity: [TRACKING TransformPointToPose time=2023-04-21 16:58:55.646]
04-21 16:58:55.647 22906 23050 D ar_activity: [TRACKING TransformPointToPose time=2023-04-21 16:58:55.647]
04-21 16:58:55.647 22906 23050 D ar_activity: send stroke to firebase, id=-NT_bCqFpeLF22Ztbom2
04-21 16:58:55.648 22906 23050 D ar_activity: [[2d] after update lines time=2023-04-21 16:58:55.648]
04-21 16:58:55.669 22906 23050 D ar_activity: [TRACKING TransformPointToPose time=2023-04-21 16:58:55.669]
04-21 16:58:55.670 22906 23050 D ar_activity: [TRACKING TransformPointToPose time=2023-04-21 16:58:55.670]
04-21 16:58:55.671 22906 23050 D ar_activity: send stroke to firebase, id=-NT_bCqFpeLF22Ztbom2
04-21 16:58:55.673 22906 23050 D ar_activity: [[2d] after update lines time=2023-04-21 16:58:55.672]
04-21 16:58:55.694 22906 23050 D ar_activity: [TRACKING TransformPointToPose time=2023-04-21 16:58:55.694]
04-21 16:58:55.695 22906 23050 D ar_activity: [TRACKING TransformPointToPose time=2023-04-21 16:58:55.695]
04-21 16:58:55.695 22906 23050 D ar_activity: send stroke to firebase, id=-NT_bCqFpeLF22Ztbom2
04-21 16:58:55.696 22906 23050 D ar_activity: [[2d] after update lines time=2023-04-21 16:58:55.696]
04-21 16:58:55.714 22906 23050 D ar_activity: [TRACKING TransformPointToPose time=2023-04-21 16:58:55.714]
04-21 16:58:55.715 22906 23050 D ar_activity: [TRACKING TransformPointToPose time=2023-04-21 16:58:55.714]
04-21 16:58:55.715 22906 23050 D ar_activity: send stroke to firebase, id=-NT_bCqFpeLF22Ztbom2
04-21 16:58:55.715 22906 23050 D ar_activity: [[2d] after update lines time=2023-04-21 16:58:55.715]
04-21 16:58:55.734 22906 23050 D ar_activity: [TRACKING TransformPointToPose time=2023-04-21 16:58:55.733]
04-21 16:58:55.734 22906 23050 D ar_activity: [TRACKING TransformPointToPose time=2023-04-21 16:58:55.734]
04-21 16:58:55.734 22906 23050 D ar_activity: send stroke to firebase, id=-NT_bCqFpeLF22Ztbom2
04-21 16:58:55.736 22906 23050 D ar_activity: [[2d] after update lines time=2023-04-21 16:58:55.735]
04-21 16:58:55.745 22906 22906 D ar_activity: [[2a end - 2d start] onChildChanged stroke id=-NT_bCqFpeLF22Ztbom2 time=2023-04-21 16:58:55.745]
04-21 16:58:55.755 22906 23050 D ar_activity: [TRACKING TransformPointToPose time=2023-04-21 16:58:55.755]
04-21 16:58:55.755 22906 23050 D ar_activity: [TRACKING TransformPointToPose time=2023-04-21 16:58:55.755]
04-21 16:58:55.756 22906 23050 D ar_activity: send stroke to firebase, id=-NT_bCqFpeLF22Ztbom2
04-21 16:58:55.756 22906 23050 D ar_activity: [[2d] after update lines time=2023-04-21 16:58:55.756]
04-21 16:58:55.775 22906 23050 D ar_activity: [TRACKING TransformPointToPose time=2023-04-21 16:58:55.774]
04-21 16:58:55.775 22906 23050 D ar_activity: send stroke to firebase, id=-NT_bCqFpeLF22Ztbom2
04-21 16:58:55.776 22906 23050 D ar_activity: [[2d] after update lines time=2023-04-21 16:58:55.775]
04-21 16:58:55.795 22906 23050 D ar_activity: [TRACKING TransformPointToPose time=2023-04-21 16:58:55.795]
04-21 16:58:55.796 22906 23050 D ar_activity: [TRACKING TransformPointToPose time=2023-04-21 16:58:55.795]
04-21 16:58:55.796 22906 23050 D ar_activity: send stroke to firebase, id=-NT_bCqFpeLF22Ztbom2
04-21 16:58:55.796 22906 23050 D ar_activity: [[2d] after update lines time=2023-04-21 16:58:55.796]
04-21 16:58:55.815 22906 23050 D ar_activity: [TRACKING TransformPointToPose time=2023-04-21 16:58:55.815]
04-21 16:58:55.815 22906 23050 D ar_activity: [TRACKING TransformPointToPose time=2023-04-21 16:58:55.815]
04-21 16:58:55.815 22906 23050 D ar_activity: send stroke to firebase, id=-NT_bCqFpeLF22Ztbom2
04-21 16:58:55.816 22906 23050 D ar_activity: [[2d] after update lines time=2023-04-21 16:58:55.816]
04-21 16:58:55.837 22906 23050 D ar_activity: [TRACKING TransformPointToPose time=2023-04-21 16:58:55.837]
04-21 16:58:55.838 22906 23050 D ar_activity: [TRACKING TransformPointToPose time=2023-04-21 16:58:55.838]
04-21 16:58:55.838 22906 23050 D ar_activity: send stroke to firebase, id=-NT_bCqFpeLF22Ztbom2
04-21 16:58:55.840 22906 23050 D ar_activity: [[2d] after update lines time=2023-04-21 16:58:55.840]
04-21 16:58:55.863 22906 23050 D ar_activity: [TRACKING TransformPointToPose time=2023-04-21 16:58:55.863]
04-21 16:58:55.864 22906 23050 D ar_activity: [TRACKING TransformPointToPose time=2023-04-21 16:58:55.864]
04-21 16:58:55.864 22906 23050 D ar_activity: send stroke to firebase, id=-NT_bCqFpeLF22Ztbom2
04-21 16:58:55.867 22906 23050 D ar_activity: [[2d] after update lines time=2023-04-21 16:58:55.867]
04-21 16:58:55.878 22906 22906 D ar_activity: [[2a end - 2d start] onChildChanged stroke id=-NT_bCqFpeLF22Ztbom2 time=2023-04-21 16:58:55.878]
04-21 16:58:55.886 22906 23050 D ar_activity: [TRACKING TransformPointToPose time=2023-04-21 16:58:55.886]
04-21 16:58:55.886 22906 23050 D ar_activity: send stroke to firebase, id=-NT_bCqFpeLF22Ztbom2
04-21 16:58:55.887 22906 23050 D ar_activity: [[2d] after update lines time=2023-04-21 16:58:55.887]
04-21 16:58:55.906 22906 23050 D ar_activity: [TRACKING TransformPointToPose time=2023-04-21 16:58:55.905]
04-21 16:58:55.906 22906 23050 D ar_activity: send stroke to firebase, id=-NT_bCqFpeLF22Ztbom2
04-21 16:58:55.907 22906 23050 D ar_activity: [[2d] after update lines time=2023-04-21 16:58:55.907]
04-21 16:58:55.929 22906 23050 D ar_activity: [TRACKING TransformPointToPose time=2023-04-21 16:58:55.928]
04-21 16:58:55.929 22906 23050 D ar_activity: [TRACKING TransformPointToPose time=2023-04-21 16:58:55.929]
04-21 16:58:55.929 22906 23050 D ar_activity: send stroke to firebase, id=-NT_bCqFpeLF22Ztbom2
04-21 16:58:55.930 22906 23050 D ar_activity: [[2d] after update lines time=2023-04-21 16:58:55.930]
04-21 16:58:55.948 22906 23050 D ar_activity: [TRACKING TransformPointToPose time=2023-04-21 16:58:55.948]
04-21 16:58:55.949 22906 23050 D ar_activity: [TRACKING TransformPointToPose time=2023-04-21 16:58:55.949]
04-21 16:58:55.949 22906 23050 D ar_activity: send stroke to firebase, id=-NT_bCqFpeLF22Ztbom2
04-21 16:58:55.949 22906 23050 D ar_activity: [[2d] after update lines time=2023-04-21 16:58:55.949]
04-21 16:58:55.969 22906 23050 D ar_activity: [TRACKING TransformPointToPose time=2023-04-21 16:58:55.968]
04-21 16:58:55.969 22906 23050 D ar_activity: [TRACKING TransformPointToPose time=2023-04-21 16:58:55.969]
04-21 16:58:55.969 22906 23050 D ar_activity: send stroke to firebase, id=-NT_bCqFpeLF22Ztbom2
04-21 16:58:55.971 22906 23050 D ar_activity: [[2d] after update lines time=2023-04-21 16:58:55.971]
04-21 16:58:55.974 22906 22906 D ar_activity: [[2a end - 2d start] onChildChanged stroke id=-NT_bCqFpeLF22Ztbom2 time=2023-04-21 16:58:55.973]
04-21 16:58:55.990 22906 23050 D ar_activity: [TRACKING TransformPointToPose time=2023-04-21 16:58:55.990]
04-21 16:58:55.990 22906 23050 D ar_activity: [TRACKING TransformPointToPose time=2023-04-21 16:58:55.990]
04-21 16:58:55.990 22906 23050 D ar_activity: send stroke to firebase, id=-NT_bCqFpeLF22Ztbom2
04-21 16:58:55.992 22906 23050 D ar_activity: [[2d] after update lines time=2023-04-21 16:58:55.992]
04-21 16:58:56.013 22906 23050 D ar_activity: [TRACKING TransformPointToPose time=2023-04-21 16:58:56.013]
04-21 16:58:56.013 22906 23050 D ar_activity: [TRACKING TransformPointToPose time=2023-04-21 16:58:56.013]
04-21 16:58:56.013 22906 23050 D ar_activity: send stroke to firebase, id=-NT_bCqFpeLF22Ztbom2
04-21 16:58:56.014 22906 23050 D ar_activity: [[2d] after update lines time=2023-04-21 16:58:56.014]
04-21 16:58:56.032 22906 23050 D ar_activity: [TRACKING TransformPointToPose time=2023-04-21 16:58:56.032]
04-21 16:58:56.033 22906 23050 D ar_activity: [TRACKING TransformPointToPose time=2023-04-21 16:58:56.033]
04-21 16:58:56.033 22906 23050 D ar_activity: send stroke to firebase, id=-NT_bCqFpeLF22Ztbom2
04-21 16:58:56.034 22906 23050 D ar_activity: [[2d] after update lines time=2023-04-21 16:58:56.034]
04-21 16:58:56.057 22906 23050 D ar_activity: [TRACKING TransformPointToPose time=2023-04-21 16:58:56.057]
04-21 16:58:56.058 22906 23050 D ar_activity: send stroke to firebase, id=-NT_bCqFpeLF22Ztbom2
04-21 16:58:56.058 22906 23050 D ar_activity: [[2d] after update lines time=2023-04-21 16:58:56.058]
04-21 16:58:56.088 22906 23050 D ar_activity: [TRACKING TransformPointToPose time=2023-04-21 16:58:56.088]
04-21 16:58:56.088 22906 23050 D ar_activity: [TRACKING TransformPointToPose time=2023-04-21 16:58:56.088]
04-21 16:58:56.089 22906 23050 D ar_activity: [TRACKING TransformPointToPose time=2023-04-21 16:58:56.088]
04-21 16:58:56.089 22906 23050 D ar_activity: send stroke to firebase, id=-NT_bCqFpeLF22Ztbom2
04-21 16:58:56.089 22906 22906 D ar_activity: [[2a end - 2d start] onChildChanged stroke id=-NT_bCqFpeLF22Ztbom2 time=2023-04-21 16:58:56.089]
04-21 16:58:56.089 22906 23050 D ar_activity: [[2d] after update lines time=2023-04-21 16:58:56.089]
04-21 16:58:56.108 22906 23050 D ar_activity: [TRACKING TransformPointToPose time=2023-04-21 16:58:56.108]
04-21 16:58:56.108 22906 23050 D ar_activity: send stroke to firebase, id=-NT_bCqFpeLF22Ztbom2
04-21 16:58:56.109 22906 23050 D ar_activity: [[2d] after update lines time=2023-04-21 16:58:56.109]
04-21 16:58:56.130 22906 23050 D ar_activity: [TRACKING TransformPointToPose time=2023-04-21 16:58:56.129]
04-21 16:58:56.130 22906 23050 D ar_activity: [TRACKING TransformPointToPose time=2023-04-21 16:58:56.130]
04-21 16:58:56.130 22906 23050 D ar_activity: send stroke to firebase, id=-NT_bCqFpeLF22Ztbom2
04-21 16:58:56.131 22906 23050 D ar_activity: [[2d] after update lines time=2023-04-21 16:58:56.131]
04-21 16:58:56.150 22906 23050 D ar_activity: [TRACKING TransformPointToPose time=2023-04-21 16:58:56.150]
04-21 16:58:56.150 22906 23050 D ar_activity: send stroke to firebase, id=-NT_bCqFpeLF22Ztbom2
04-21 16:58:56.151 22906 23050 D ar_activity: [[2d] after update lines time=2023-04-21 16:58:56.151]
04-21 16:58:56.170 22906 23050 D ar_activity: [TRACKING TransformPointToPose time=2023-04-21 16:58:56.169]
04-21 16:58:56.170 22906 23050 D ar_activity: [TRACKING TransformPointToPose time=2023-04-21 16:58:56.170]
04-21 16:58:56.170 22906 23050 D ar_activity: send stroke to firebase, id=-NT_bCqFpeLF22Ztbom2
04-21 16:58:56.171 22906 23050 D ar_activity: [[2d] after update lines time=2023-04-21 16:58:56.170]
04-21 16:58:56.189 22906 23050 D ar_activity: [TRACKING TransformPointToPose time=2023-04-21 16:58:56.189]
04-21 16:58:56.189 22906 23050 D ar_activity: [TRACKING TransformPointToPose time=2023-04-21 16:58:56.189]
04-21 16:58:56.190 22906 23050 D ar_activity: send stroke to firebase, id=-NT_bCqFpeLF22Ztbom2
04-21 16:58:56.190 22906 23050 D ar_activity: [[2d] after update lines time=2023-04-21 16:58:56.190]
04-21 16:58:56.210 22906 23050 D ar_activity: [TRACKING TransformPointToPose time=2023-04-21 16:58:56.209]
04-21 16:58:56.210 22906 22906 D ar_activity: [[2a end - 2d start] onChildChanged stroke id=-NT_bCqFpeLF22Ztbom2 time=2023-04-21 16:58:56.210]
04-21 16:58:56.210 22906 23050 D ar_activity: send stroke to firebase, id=-NT_bCqFpeLF22Ztbom2
04-21 16:58:56.210 22906 23050 D ar_activity: [[2d] after update lines time=2023-04-21 16:58:56.210]
04-21 16:58:56.229 22906 23050 D ar_activity: [TRACKING TransformPointToPose time=2023-04-21 16:58:56.229]
04-21 16:58:56.230 22906 23050 D ar_activity: send stroke to firebase, id=-NT_bCqFpeLF22Ztbom2
04-21 16:58:56.230 22906 23050 D ar_activity: [[2d] after update lines time=2023-04-21 16:58:56.230]
04-21 16:58:56.249 22906 23050 D ar_activity: [TRACKING TransformPointToPose time=2023-04-21 16:58:56.248]
04-21 16:58:56.249 22906 23050 D ar_activity: [TRACKING TransformPointToPose time=2023-04-21 16:58:56.249]
04-21 16:58:56.249 22906 23050 D ar_activity: send stroke to firebase, id=-NT_bCqFpeLF22Ztbom2
04-21 16:58:56.250 22906 23050 D ar_activity: [[2d] after update lines time=2023-04-21 16:58:56.250]
04-21 16:58:56.269 22906 23050 D ar_activity: [TRACKING TransformPointToPose time=2023-04-21 16:58:56.269]
04-21 16:58:56.270 22906 23050 D ar_activity: [TRACKING TransformPointToPose time=2023-04-21 16:58:56.270]
04-21 16:58:56.270 22906 23050 D ar_activity: send stroke to firebase, id=-NT_bCqFpeLF22Ztbom2
04-21 16:58:56.272 22906 23050 D ar_activity: [[2d] after update lines time=2023-04-21 16:58:56.272]
04-21 16:58:56.291 22906 23050 D ar_activity: [TRACKING TransformPointToPose time=2023-04-21 16:58:56.291]
04-21 16:58:56.292 22906 23050 D ar_activity: [TRACKING TransformPointToPose time=2023-04-21 16:58:56.292]
04-21 16:58:56.292 22906 23050 D ar_activity: send stroke to firebase, id=-NT_bCqFpeLF22Ztbom2
04-21 16:58:56.297 22906 22906 D ar_activity: [[2a end - 2d start] onChildChanged stroke id=-NT_bCqFpeLF22Ztbom2 time=2023-04-21 16:58:56.297]
