--------- beginning of main
04-07 15:35:06.824 14509 14670 D ar_activity: [Update ARCore frame time=2023-04-07 15:35:06.775]
04-07 15:35:06.893 14509 14670 D ar_activity: [[2d] after update lines time=2023-04-07 15:35:06.893]
04-07 15:35:06.912 14509 14670 D ar_activity: [Update ARCore frame time=2023-04-07 15:35:06.912]
04-07 15:35:06.996 14509 14670 D ar_activity: [Update ARCore frame time=2023-04-07 15:35:06.996]
04-07 15:35:07.080 14509 14670 D ar_activity: [Update ARCore frame time=2023-04-07 15:35:07.080]
04-07 15:35:07.176 14509 14670 D ar_activity: [Update ARCore frame time=2023-04-07 15:35:07.176]
04-07 15:35:07.261 14509 14670 D ar_activity: [Update ARCore frame time=2023-04-07 15:35:07.260]
04-07 15:35:07.344 14509 14670 D ar_activity: [Update ARCore frame time=2023-04-07 15:35:07.344]
04-07 15:35:07.364 14509 14670 D ar_activity: [Update ARCore frame time=2023-04-07 15:35:07.362]
04-07 15:35:07.394 14509 14670 D ar_activity: [Update ARCore frame time=2023-04-07 15:35:07.393]
04-07 15:35:07.412 14509 14670 D ar_activity: [Update ARCore frame time=2023-04-07 15:35:07.412]
04-07 15:35:07.434 14509 14670 D ar_activity: [Update ARCore frame time=2023-04-07 15:35:07.434]
04-07 15:35:07.456 14509 14670 D ar_activity: [Update ARCore frame time=2023-04-07 15:35:07.455]
04-07 15:35:07.485 14509 14670 D ar_activity: [Update ARCore frame time=2023-04-07 15:35:07.485]
04-07 15:35:07.513 14509 14670 D ar_activity: [Update ARCore frame time=2023-04-07 15:35:07.512]
04-07 15:35:07.534 14509 14670 D ar_activity: [Update ARCore frame time=2023-04-07 15:35:07.533]
04-07 15:35:07.558 14509 14670 D ar_activity: [Update ARCore frame time=2023-04-07 15:35:07.558]
04-07 15:35:07.590 14509 14670 D ar_activity: [Update ARCore frame time=2023-04-07 15:35:07.588]
04-07 15:35:07.619 14509 14670 D ar_activity: [Update ARCore frame time=2023-04-07 15:35:07.618]
04-07 15:35:07.661 14509 14670 D ar_activity: [Update ARCore frame time=2023-04-07 15:35:07.661]
04-07 15:35:07.683 14509 14670 D ar_activity: [Update ARCore frame time=2023-04-07 15:35:07.683]
04-07 15:35:07.717 14509 14670 D ar_activity: [Update ARCore frame time=2023-04-07 15:35:07.717]
04-07 15:35:07.743 14509 14670 D ar_activity: [Update ARCore frame time=2023-04-07 15:35:07.743]
04-07 15:35:07.802 14509 14670 D ar_activity: [Update ARCore frame time=2023-04-07 15:35:07.801]
04-07 15:35:07.820 14509 14670 D ar_activity: [Update ARCore frame time=2023-04-07 15:35:07.820]
04-07 15:35:07.840 14509 14670 D ar_activity: [Update ARCore frame time=2023-04-07 15:35:07.839]
04-07 15:35:07.873 14509 14670 D ar_activity: [Update ARCore frame time=2023-04-07 15:35:07.872]
04-07 15:35:07.886 14509 14670 D ar_activity: [[2d end] stroke time=2023-04-07 15:35:07.885]
04-07 15:35:07.915 14509 14670 D ar_activity: [Update ARCore frame time=2023-04-07 15:35:07.915]
04-07 15:35:07.928 14509 14670 D ar_activity: [[2d end] stroke time=2023-04-07 15:35:07.920]
04-07 15:35:07.950 14509 14670 D ar_activity: [Update ARCore frame time=2023-04-07 15:35:07.949]
04-07 15:35:07.954 14509 14670 D ar_activity: [[2d end] stroke time=2023-04-07 15:35:07.953]
04-07 15:35:07.979 14509 14670 D ar_activity: [Update ARCore frame time=2023-04-07 15:35:07.979]
04-07 15:35:07.985 14509 14670 D ar_activity: [[2d end] stroke time=2023-04-07 15:35:07.985]
04-07 15:35:08.002 14509 14670 D ar_activity: [Update ARCore frame time=2023-04-07 15:35:08.002]
04-07 15:35:08.004 14509 14670 D ar_activity: [[2d end] stroke time=2023-04-07 15:35:08.003]
04-07 15:35:08.021 14509 14670 D ar_activity: [Update ARCore frame time=2023-04-07 15:35:08.021]
04-07 15:35:08.025 14509 14670 D ar_activity: [[2d end] stroke time=2023-04-07 15:35:08.024]
04-07 15:35:08.045 14509 14670 D ar_activity: [Update ARCore frame time=2023-04-07 15:35:08.045]
04-07 15:35:08.046 14509 14670 D ar_activity: [[2d end] stroke time=2023-04-07 15:35:08.046]
04-07 15:35:08.065 14509 14670 D ar_activity: [Update ARCore frame time=2023-04-07 15:35:08.064]
04-07 15:35:08.076 14509 14670 D ar_activity: [[2d end] stroke time=2023-04-07 15:35:08.075]
04-07 15:35:08.094 14509 14670 D ar_activity: [Update ARCore frame time=2023-04-07 15:35:08.093]
04-07 15:35:08.096 14509 14670 D ar_activity: [[2d end] stroke time=2023-04-07 15:35:08.095]
04-07 15:35:08.113 14509 14670 D ar_activity: [Update ARCore frame time=2023-04-07 15:35:08.112]
04-07 15:35:08.115 14509 14670 D ar_activity: [[2d end] stroke time=2023-04-07 15:35:08.115]
04-07 15:35:08.133 14509 14670 D ar_activity: [Update ARCore frame time=2023-04-07 15:35:08.133]
04-07 15:35:08.135 14509 14670 D ar_activity: [[2d end] stroke time=2023-04-07 15:35:08.135]
04-07 15:35:08.154 14509 14670 D ar_activity: [Update ARCore frame time=2023-04-07 15:35:08.154]
04-07 15:35:08.158 14509 14670 D ar_activity: [[2d end] stroke time=2023-04-07 15:35:08.155]
04-07 15:35:08.175 14509 14670 D ar_activity: [Update ARCore frame time=2023-04-07 15:35:08.175]
04-07 15:35:08.177 14509 14670 D ar_activity: [[2d end] stroke time=2023-04-07 15:35:08.177]
04-07 15:35:08.194 14509 14670 D ar_activity: [Update ARCore frame time=2023-04-07 15:35:08.194]
04-07 15:35:08.196 14509 14670 D ar_activity: [[2d end] stroke time=2023-04-07 15:35:08.196]
04-07 15:35:08.213 14509 14670 D ar_activity: [Update ARCore frame time=2023-04-07 15:35:08.213]
04-07 15:35:08.215 14509 14670 D ar_activity: [[2d end] stroke time=2023-04-07 15:35:08.214]
04-07 15:35:08.232 14509 14670 D ar_activity: [Update ARCore frame time=2023-04-07 15:35:08.231]
04-07 15:35:08.234 14509 14670 D ar_activity: [[2d end] stroke time=2023-04-07 15:35:08.234]
04-07 15:35:08.252 14509 14670 D ar_activity: [Update ARCore frame time=2023-04-07 15:35:08.251]
04-07 15:35:08.254 14509 14670 D ar_activity: [[2d end] stroke time=2023-04-07 15:35:08.254]
04-07 15:35:08.271 14509 14670 D ar_activity: [Update ARCore frame time=2023-04-07 15:35:08.271]
04-07 15:35:08.274 14509 14670 D ar_activity: [[2d end] stroke time=2023-04-07 15:35:08.274]
04-07 15:35:08.292 14509 14670 D ar_activity: [Update ARCore frame time=2023-04-07 15:35:08.292]
04-07 15:35:08.296 14509 14670 D ar_activity: [[2d end] stroke time=2023-04-07 15:35:08.296]
04-07 15:35:08.313 14509 14670 D ar_activity: [Update ARCore frame time=2023-04-07 15:35:08.313]
04-07 15:35:08.316 14509 14670 D ar_activity: [[2d end] stroke time=2023-04-07 15:35:08.315]
04-07 15:35:08.334 14509 14670 D ar_activity: [Update ARCore frame time=2023-04-07 15:35:08.334]
04-07 15:35:08.336 14509 14670 D ar_activity: [[2d end] stroke time=2023-04-07 15:35:08.336]
04-07 15:35:08.353 14509 14670 D ar_activity: [Update ARCore frame time=2023-04-07 15:35:08.353]
04-07 15:35:08.355 14509 14670 D ar_activity: [[2d end] stroke time=2023-04-07 15:35:08.354]
04-07 15:35:08.372 14509 14670 D ar_activity: [Update ARCore frame time=2023-04-07 15:35:08.371]
04-07 15:35:08.374 14509 14670 D ar_activity: [[2d end] stroke time=2023-04-07 15:35:08.374]
04-07 15:35:08.393 14509 14670 D ar_activity: [Update ARCore frame time=2023-04-07 15:35:08.392]
04-07 15:35:08.394 14509 14670 D ar_activity: [[2d end] stroke time=2023-04-07 15:35:08.394]
04-07 15:35:08.411 14509 14670 D ar_activity: [Update ARCore frame time=2023-04-07 15:35:08.411]
04-07 15:35:08.413 14509 14670 D ar_activity: [[2d end] stroke time=2023-04-07 15:35:08.413]
04-07 15:35:08.430 14509 14670 D ar_activity: [Update ARCore frame time=2023-04-07 15:35:08.430]
04-07 15:35:08.432 14509 14670 D ar_activity: [[2d end] stroke time=2023-04-07 15:35:08.431]
04-07 15:35:08.453 14509 14670 D ar_activity: [Update ARCore frame time=2023-04-07 15:35:08.449]
04-07 15:35:08.460 14509 14670 D ar_activity: [[2d end] stroke time=2023-04-07 15:35:08.459]
04-07 15:35:08.480 14509 14670 D ar_activity: [Update ARCore frame time=2023-04-07 15:35:08.479]
04-07 15:35:08.488 14509 14670 D ar_activity: [[2d end] stroke time=2023-04-07 15:35:08.488]
04-07 15:35:08.509 14509 14670 D ar_activity: [Update ARCore frame time=2023-04-07 15:35:08.508]
04-07 15:35:08.510 14509 14670 D ar_activity: [[2d end] stroke time=2023-04-07 15:35:08.510]
04-07 15:35:08.528 14509 14670 D ar_activity: [Update ARCore frame time=2023-04-07 15:35:08.527]
04-07 15:35:08.532 14509 14670 D ar_activity: [[2d end] stroke time=2023-04-07 15:35:08.532]
04-07 15:35:08.551 14509 14670 D ar_activity: [Update ARCore frame time=2023-04-07 15:35:08.551]
04-07 15:35:08.554 14509 14670 D ar_activity: [[2d end] stroke time=2023-04-07 15:35:08.553]
04-07 15:35:08.571 14509 14670 D ar_activity: [Update ARCore frame time=2023-04-07 15:35:08.571]
04-07 15:35:08.573 14509 14670 D ar_activity: [[2d end] stroke time=2023-04-07 15:35:08.573]
04-07 15:35:08.591 14509 14670 D ar_activity: [Update ARCore frame time=2023-04-07 15:35:08.590]
04-07 15:35:08.598 14509 14670 D ar_activity: [[2d end] stroke time=2023-04-07 15:35:08.598]
04-07 15:35:08.616 14509 14670 D ar_activity: [Update ARCore frame time=2023-04-07 15:35:08.616]
04-07 15:35:08.618 14509 14670 D ar_activity: [[2d end] stroke time=2023-04-07 15:35:08.618]
04-07 15:35:08.635 14509 14670 D ar_activity: [Update ARCore frame time=2023-04-07 15:35:08.635]
04-07 15:35:08.637 14509 14670 D ar_activity: [[2d end] stroke time=2023-04-07 15:35:08.637]
04-07 15:35:08.654 14509 14670 D ar_activity: [Update ARCore frame time=2023-04-07 15:35:08.654]
04-07 15:35:08.656 14509 14670 D ar_activity: [[2d end] stroke time=2023-04-07 15:35:08.655]
04-07 15:35:08.677 14509 14670 D ar_activity: [Update ARCore frame time=2023-04-07 15:35:08.677]
04-07 15:35:08.679 14509 14670 D ar_activity: [[2d end] stroke time=2023-04-07 15:35:08.679]
04-07 15:35:08.697 14509 14670 D ar_activity: [Update ARCore frame time=2023-04-07 15:35:08.696]
04-07 15:35:08.700 14509 14670 D ar_activity: [[2d end] stroke time=2023-04-07 15:35:08.700]
04-07 15:35:08.718 14509 14670 D ar_activity: [Update ARCore frame time=2023-04-07 15:35:08.717]
04-07 15:35:08.722 14509 14670 D ar_activity: [[2d end] stroke time=2023-04-07 15:35:08.722]
04-07 15:35:08.745 14509 14670 D ar_activity: [Update ARCore frame time=2023-04-07 15:35:08.744]
04-07 15:35:08.747 14509 14670 D ar_activity: [[2d end] stroke time=2023-04-07 15:35:08.746]
04-07 15:35:08.764 14509 14670 D ar_activity: [Update ARCore frame time=2023-04-07 15:35:08.764]
04-07 15:35:08.766 14509 14670 D ar_activity: [[2d end] stroke time=2023-04-07 15:35:08.766]
04-07 15:35:08.793 14509 14670 D ar_activity: [Update ARCore frame time=2023-04-07 15:35:08.790]
04-07 15:35:08.795 14509 14670 D ar_activity: [[2d end] stroke time=2023-04-07 15:35:08.795]
04-07 15:35:08.812 14509 14670 D ar_activity: [Update ARCore frame time=2023-04-07 15:35:08.812]
04-07 15:35:08.815 14509 14670 D ar_activity: [[2d end] stroke time=2023-04-07 15:35:08.814]
04-07 15:35:08.831 14509 14670 D ar_activity: [Update ARCore frame time=2023-04-07 15:35:08.831]
04-07 15:35:08.834 14509 14670 D ar_activity: [[2d end] stroke time=2023-04-07 15:35:08.833]
04-07 15:35:08.853 14509 14670 D ar_activity: [Update ARCore frame time=2023-04-07 15:35:08.852]
04-07 15:35:08.855 14509 14670 D ar_activity: [[2d end] stroke time=2023-04-07 15:35:08.854]
04-07 15:35:08.872 14509 14670 D ar_activity: [Update ARCore frame time=2023-04-07 15:35:08.871]
04-07 15:35:08.873 14509 14670 D ar_activity: [[2d end] stroke time=2023-04-07 15:35:08.873]
04-07 15:35:08.894 14509 14670 D ar_activity: [Update ARCore frame time=2023-04-07 15:35:08.892]
04-07 15:35:08.903 14509 14670 D ar_activity: [[2d end] stroke time=2023-04-07 15:35:08.902]
04-07 15:35:08.921 14509 14670 D ar_activity: [Update ARCore frame time=2023-04-07 15:35:08.921]
04-07 15:35:08.923 14509 14670 D ar_activity: [[2d end] stroke time=2023-04-07 15:35:08.923]
04-07 15:35:08.941 14509 14670 D ar_activity: [Update ARCore frame time=2023-04-07 15:35:08.941]
04-07 15:35:08.948 14509 14670 D ar_activity: [[2d end] stroke time=2023-04-07 15:35:08.947]
04-07 15:35:08.965 14509 14670 D ar_activity: [Update ARCore frame time=2023-04-07 15:35:08.965]
04-07 15:35:08.967 14509 14670 D ar_activity: [[2d end] stroke time=2023-04-07 15:35:08.967]
04-07 15:35:08.985 14509 14670 D ar_activity: [Update ARCore frame time=2023-04-07 15:35:08.984]
04-07 15:35:08.988 14509 14670 D ar_activity: [[2d end] stroke time=2023-04-07 15:35:08.988]
04-07 15:35:09.009 14509 14670 D ar_activity: [Update ARCore frame time=2023-04-07 15:35:09.009]
04-07 15:35:09.011 14509 14670 D ar_activity: [[2d end] stroke time=2023-04-07 15:35:09.011]
04-07 15:35:09.028 14509 14670 D ar_activity: [Update ARCore frame time=2023-04-07 15:35:09.028]
04-07 15:35:09.030 14509 14670 D ar_activity: [[2d end] stroke time=2023-04-07 15:35:09.030]
04-07 15:35:09.047 14509 14670 D ar_activity: [Update ARCore frame time=2023-04-07 15:35:09.047]
04-07 15:35:09.049 14509 14670 D ar_activity: [[2d end] stroke time=2023-04-07 15:35:09.048]
04-07 15:35:09.066 14509 14670 D ar_activity: [Update ARCore frame time=2023-04-07 15:35:09.065]
04-07 15:35:09.067 14509 14670 D ar_activity: [[2d end] stroke time=2023-04-07 15:35:09.067]
04-07 15:35:09.085 14509 14670 D ar_activity: [Update ARCore frame time=2023-04-07 15:35:09.084]
04-07 15:35:09.086 14509 14670 D ar_activity: [[2d end] stroke time=2023-04-07 15:35:09.086]
04-07 15:35:09.104 14509 14670 D ar_activity: [Update ARCore frame time=2023-04-07 15:35:09.103]
04-07 15:35:09.107 14509 14670 D ar_activity: [[2d end] stroke time=2023-04-07 15:35:09.106]
04-07 15:35:09.126 14509 14670 D ar_activity: [Update ARCore frame time=2023-04-07 15:35:09.125]
04-07 15:35:09.129 14509 14670 D ar_activity: [[2d end] stroke time=2023-04-07 15:35:09.129]
04-07 15:35:09.146 14509 14670 D ar_activity: [Update ARCore frame time=2023-04-07 15:35:09.146]
04-07 15:35:09.148 14509 14670 D ar_activity: [[2d end] stroke time=2023-04-07 15:35:09.148]
04-07 15:35:09.165 14509 14670 D ar_activity: [Update ARCore frame time=2023-04-07 15:35:09.165]
04-07 15:35:09.167 14509 14670 D ar_activity: [[2d end] stroke time=2023-04-07 15:35:09.167]
04-07 15:35:09.184 14509 14670 D ar_activity: [Update ARCore frame time=2023-04-07 15:35:09.184]
04-07 15:35:09.187 14509 14670 D ar_activity: [[2d end] stroke time=2023-04-07 15:35:09.187]
04-07 15:35:09.204 14509 14670 D ar_activity: [Update ARCore frame time=2023-04-07 15:35:09.204]
04-07 15:35:09.206 14509 14670 D ar_activity: [[2d end] stroke time=2023-04-07 15:35:09.205]
04-07 15:35:09.223 14509 14670 D ar_activity: [Update ARCore frame time=2023-04-07 15:35:09.222]
04-07 15:35:09.226 14509 14670 D ar_activity: [[2d end] stroke time=2023-04-07 15:35:09.225]
04-07 15:35:09.244 14509 14670 D ar_activity: [Update ARCore frame time=2023-04-07 15:35:09.244]
04-07 15:35:09.247 14509 14670 D ar_activity: [[2d end] stroke time=2023-04-07 15:35:09.247]
04-07 15:35:09.264 14509 14670 D ar_activity: [Update ARCore frame time=2023-04-07 15:35:09.264]
04-07 15:35:09.280 14509 14670 D ar_activity: [[2d end] stroke time=2023-04-07 15:35:09.280]
04-07 15:35:09.297 14509 14670 D ar_activity: [Update ARCore frame time=2023-04-07 15:35:09.297]
04-07 15:35:09.299 14509 14670 D ar_activity: [[2d end] stroke time=2023-04-07 15:35:09.299]
04-07 15:35:09.316 14509 14670 D ar_activity: [Update ARCore frame time=2023-04-07 15:35:09.316]
04-07 15:35:09.320 14509 14670 D ar_activity: [[2d end] stroke time=2023-04-07 15:35:09.320]
04-07 15:35:09.337 14509 14670 D ar_activity: [Update ARCore frame time=2023-04-07 15:35:09.337]
04-07 15:35:09.339 14509 14670 D ar_activity: [[2d end] stroke time=2023-04-07 15:35:09.339]
04-07 15:35:09.356 14509 14670 D ar_activity: [Update ARCore frame time=2023-04-07 15:35:09.355]
04-07 15:35:09.358 14509 14670 D ar_activity: [[2d end] stroke time=2023-04-07 15:35:09.357]
04-07 15:35:09.378 14509 14670 D ar_activity: [Update ARCore frame time=2023-04-07 15:35:09.377]
04-07 15:35:09.380 14509 14670 D ar_activity: [[2d end] stroke time=2023-04-07 15:35:09.380]
04-07 15:35:09.397 14509 14670 D ar_activity: [Update ARCore frame time=2023-04-07 15:35:09.396]
04-07 15:35:09.399 14509 14670 D ar_activity: [[2d end] stroke time=2023-04-07 15:35:09.398]
04-07 15:35:09.416 14509 14670 D ar_activity: [Update ARCore frame time=2023-04-07 15:35:09.415]
04-07 15:35:09.417 14509 14670 D ar_activity: [[2d end] stroke time=2023-04-07 15:35:09.417]
04-07 15:35:09.434 14509 14670 D ar_activity: [Update ARCore frame time=2023-04-07 15:35:09.434]
04-07 15:35:09.436 14509 14670 D ar_activity: [[2d end] stroke time=2023-04-07 15:35:09.436]
04-07 15:35:09.453 14509 14670 D ar_activity: [Update ARCore frame time=2023-04-07 15:35:09.453]
04-07 15:35:09.457 14509 14670 D ar_activity: [[2d end] stroke time=2023-04-07 15:35:09.456]
04-07 15:35:09.474 14509 14670 D ar_activity: [Update ARCore frame time=2023-04-07 15:35:09.474]
04-07 15:35:09.476 14509 14670 D ar_activity: [[2d end] stroke time=2023-04-07 15:35:09.476]
04-07 15:35:09.496 14509 14670 D ar_activity: [Update ARCore frame time=2023-04-07 15:35:09.496]
04-07 15:35:09.498 14509 14670 D ar_activity: [[2d end] stroke time=2023-04-07 15:35:09.498]
04-07 15:35:09.515 14509 14670 D ar_activity: [Update ARCore frame time=2023-04-07 15:35:09.515]
04-07 15:35:09.520 14509 14670 D ar_activity: [[2d end] stroke time=2023-04-07 15:35:09.520]
04-07 15:35:09.538 14509 14670 D ar_activity: [Update ARCore frame time=2023-04-07 15:35:09.538]
04-07 15:35:09.540 14509 14670 D ar_activity: [[2d end] stroke time=2023-04-07 15:35:09.540]
04-07 15:35:09.557 14509 14670 D ar_activity: [Update ARCore frame time=2023-04-07 15:35:09.557]
04-07 15:35:09.562 14509 14670 D ar_activity: [[2d end] stroke time=2023-04-07 15:35:09.562]
04-07 15:35:09.584 14509 14670 D ar_activity: [Update ARCore frame time=2023-04-07 15:35:09.583]
04-07 15:35:09.586 14509 14670 D ar_activity: [[2d end] stroke time=2023-04-07 15:35:09.586]
04-07 15:35:09.605 14509 14670 D ar_activity: [Update ARCore frame time=2023-04-07 15:35:09.605]
04-07 15:35:09.607 14509 14670 D ar_activity: [[2d end] stroke time=2023-04-07 15:35:09.606]
04-07 15:35:09.624 14509 14670 D ar_activity: [Update ARCore frame time=2023-04-07 15:35:09.623]
04-07 15:35:09.628 14509 14670 D ar_activity: [[2d end] stroke time=2023-04-07 15:35:09.626]
04-07 15:35:09.646 14509 14670 D ar_activity: [Update ARCore frame time=2023-04-07 15:35:09.645]
04-07 15:35:09.651 14509 14670 D ar_activity: [[2d end] stroke time=2023-04-07 15:35:09.651]
04-07 15:35:09.673 14509 14670 D ar_activity: [Update ARCore frame time=2023-04-07 15:35:09.673]
04-07 15:35:09.675 14509 14670 D ar_activity: [[2d end] stroke time=2023-04-07 15:35:09.675]
04-07 15:35:09.694 14509 14670 D ar_activity: [Update ARCore frame time=2023-04-07 15:35:09.692]
04-07 15:35:09.696 14509 14670 D ar_activity: [[2d end] stroke time=2023-04-07 15:35:09.696]
04-07 15:35:09.713 14509 14670 D ar_activity: [Update ARCore frame time=2023-04-07 15:35:09.713]
04-07 15:35:09.717 14509 14670 D ar_activity: [[2d end] stroke time=2023-04-07 15:35:09.717]
04-07 15:35:09.734 14509 14670 D ar_activity: [Update ARCore frame time=2023-04-07 15:35:09.734]
04-07 15:35:09.737 14509 14670 D ar_activity: [[2d end] stroke time=2023-04-07 15:35:09.737]
04-07 15:35:09.751 14509 14509 D ar_activity: [--- pair start --- time=2023-04-07 15:35:09.750]
04-07 15:35:09.751 14509 14509 D ar_activity: [--- pair session start --- time=2023-04-07 15:35:09.751]
04-07 15:35:09.755 14509 14670 D ar_activity: [Update ARCore frame time=2023-04-07 15:35:09.755]
04-07 15:35:09.757 14509 14670 D ar_activity: [[2d end] stroke time=2023-04-07 15:35:09.757]
04-07 15:35:09.781 14509 14670 D ar_activity: [Update ARCore frame time=2023-04-07 15:35:09.779]
04-07 15:35:09.784 14509 14509 D ar_activity: [create room: Message{namespace='', type='', content=[34 bytes]} time=2023-04-07 15:35:09.783]
04-07 15:35:09.786 14509 14670 D ar_activity: [[2d end] stroke time=2023-04-07 15:35:09.786]
04-07 15:35:09.806 14509 14670 D ar_activity: [Update ARCore frame time=2023-04-07 15:35:09.806]
04-07 15:35:09.808 14509 14670 D ar_activity: [[2d end] stroke time=2023-04-07 15:35:09.807]
04-07 15:35:09.822 14509 14509 D ar_activity: LOOKING: 2023-04-07 15:35:09.822
04-07 15:35:09.828 14509 14670 D ar_activity: [Update ARCore frame time=2023-04-07 15:35:09.827]
04-07 15:35:09.837 14509 14670 D ar_activity: [[2d end] stroke time=2023-04-07 15:35:09.837]
04-07 15:35:09.860 14509 14670 D ar_activity: [Update ARCore frame time=2023-04-07 15:35:09.859]
04-07 15:35:09.865 14509 14670 D ar_activity: [[2d end] stroke time=2023-04-07 15:35:09.864]
04-07 15:35:09.886 14509 14670 D ar_activity: [Update ARCore frame time=2023-04-07 15:35:09.886]
04-07 15:35:09.889 14509 14670 D ar_activity: [[2d end] stroke time=2023-04-07 15:35:09.889]
04-07 15:35:09.906 14509 14670 D ar_activity: [Update ARCore frame time=2023-04-07 15:35:09.906]
04-07 15:35:09.908 14509 14670 D ar_activity: [[2d end] stroke time=2023-04-07 15:35:09.908]
04-07 15:35:09.927 14509 14670 D ar_activity: [Update ARCore frame time=2023-04-07 15:35:09.925]
04-07 15:35:09.936 14509 14670 D ar_activity: [[2d end] stroke time=2023-04-07 15:35:09.933]
04-07 15:35:09.955 14509 14670 D ar_activity: [Update ARCore frame time=2023-04-07 15:35:09.954]
04-07 15:35:09.956 14509 14670 D ar_activity: [[2d end] stroke time=2023-04-07 15:35:09.956]
04-07 15:35:09.974 14509 14670 D ar_activity: [Update ARCore frame time=2023-04-07 15:35:09.973]
04-07 15:35:09.980 14509 14670 D ar_activity: [[2d end] stroke time=2023-04-07 15:35:09.979]
04-07 15:35:09.998 14509 14670 D ar_activity: [Update ARCore frame time=2023-04-07 15:35:09.997]
04-07 15:35:10.000 14509 14670 D ar_activity: [[2d end] stroke time=2023-04-07 15:35:10.000]
04-07 15:35:10.017 14509 14670 D ar_activity: [Update ARCore frame time=2023-04-07 15:35:10.017]
04-07 15:35:10.019 14509 14670 D ar_activity: [[2d end] stroke time=2023-04-07 15:35:10.019]
04-07 15:35:10.036 14509 14670 D ar_activity: [Update ARCore frame time=2023-04-07 15:35:10.036]
04-07 15:35:10.038 14509 14670 D ar_activity: [[2d end] stroke time=2023-04-07 15:35:10.038]
04-07 15:35:10.055 14509 14670 D ar_activity: [Update ARCore frame time=2023-04-07 15:35:10.055]
04-07 15:35:10.057 14509 14670 D ar_activity: [[2d end] stroke time=2023-04-07 15:35:10.057]
04-07 15:35:10.075 14509 14670 D ar_activity: [Update ARCore frame time=2023-04-07 15:35:10.074]
04-07 15:35:10.084 14509 14670 D ar_activity: [[2d end] stroke time=2023-04-07 15:35:10.083]
04-07 15:35:10.104 14509 14670 D ar_activity: [Update ARCore frame time=2023-04-07 15:35:10.103]
04-07 15:35:10.106 14509 14670 D ar_activity: [[2d end] stroke time=2023-04-07 15:35:10.105]
04-07 15:35:10.126 14509 14670 D ar_activity: [Update ARCore frame time=2023-04-07 15:35:10.126]
04-07 15:35:10.131 14509 14670 D ar_activity: [[2d end] stroke time=2023-04-07 15:35:10.130]
04-07 15:35:10.148 14509 14670 D ar_activity: [Update ARCore frame time=2023-04-07 15:35:10.148]
04-07 15:35:10.150 14509 14670 D ar_activity: [[2d end] stroke time=2023-04-07 15:35:10.150]
04-07 15:35:10.167 14509 14670 D ar_activity: [Update ARCore frame time=2023-04-07 15:35:10.167]
04-07 15:35:10.169 14509 14670 D ar_activity: [[2d end] stroke time=2023-04-07 15:35:10.169]
04-07 15:35:10.188 14509 14670 D ar_activity: [Update ARCore frame time=2023-04-07 15:35:10.188]
04-07 15:35:10.190 14509 14670 D ar_activity: [[2d end] stroke time=2023-04-07 15:35:10.190]
04-07 15:35:10.207 14509 14670 D ar_activity: [Update ARCore frame time=2023-04-07 15:35:10.207]
04-07 15:35:10.211 14509 14670 D ar_activity: [[2d end] stroke time=2023-04-07 15:35:10.209]
04-07 15:35:10.229 14509 14670 D ar_activity: [Update ARCore frame time=2023-04-07 15:35:10.229]
04-07 15:35:10.231 14509 14670 D ar_activity: [[2d end] stroke time=2023-04-07 15:35:10.231]
04-07 15:35:10.252 14509 14670 D ar_activity: [Update ARCore frame time=2023-04-07 15:35:10.252]
04-07 15:35:10.255 14509 14670 D ar_activity: [[2d end] stroke time=2023-04-07 15:35:10.255]
04-07 15:35:10.277 14509 14670 D ar_activity: [Update ARCore frame time=2023-04-07 15:35:10.276]
04-07 15:35:10.293 14509 14670 D ar_activity: [[2d end] stroke time=2023-04-07 15:35:10.293]
04-07 15:35:10.313 14509 14670 D ar_activity: [Update ARCore frame time=2023-04-07 15:35:10.313]
04-07 15:35:10.318 14509 14670 D ar_activity: [[2d end] stroke time=2023-04-07 15:35:10.316]
04-07 15:35:10.337 14509 14670 D ar_activity: [Update ARCore frame time=2023-04-07 15:35:10.337]
04-07 15:35:10.339 14509 14670 D ar_activity: [[2d end] stroke time=2023-04-07 15:35:10.339]
04-07 15:35:10.356 14509 14670 D ar_activity: [Update ARCore frame time=2023-04-07 15:35:10.356]
04-07 15:35:10.364 14509 14670 D ar_activity: [[2d end] stroke time=2023-04-07 15:35:10.364]
04-07 15:35:10.384 14509 14670 D ar_activity: [Update ARCore frame time=2023-04-07 15:35:10.384]
04-07 15:35:10.387 14509 14670 D ar_activity: [[2d end] stroke time=2023-04-07 15:35:10.387]
04-07 15:35:10.405 14509 14670 D ar_activity: [Update ARCore frame time=2023-04-07 15:35:10.404]
04-07 15:35:10.410 14509 14670 D ar_activity: [[2d end] stroke time=2023-04-07 15:35:10.410]
04-07 15:35:10.429 14509 14670 D ar_activity: [Update ARCore frame time=2023-04-07 15:35:10.427]
04-07 15:35:10.431 14509 14670 D ar_activity: [[2d end] stroke time=2023-04-07 15:35:10.431]
04-07 15:35:10.448 14509 14670 D ar_activity: [Update ARCore frame time=2023-04-07 15:35:10.448]
04-07 15:35:10.450 14509 14670 D ar_activity: [[2d end] stroke time=2023-04-07 15:35:10.450]
04-07 15:35:10.467 14509 14670 D ar_activity: [Update ARCore frame time=2023-04-07 15:35:10.467]
04-07 15:35:10.471 14509 14670 D ar_activity: [[2d end] stroke time=2023-04-07 15:35:10.471]
04-07 15:35:10.489 14509 14670 D ar_activity: [Update ARCore frame time=2023-04-07 15:35:10.489]
04-07 15:35:10.493 14509 14670 D ar_activity: [[2d end] stroke time=2023-04-07 15:35:10.493]
04-07 15:35:10.513 14509 14670 D ar_activity: [Update ARCore frame time=2023-04-07 15:35:10.513]
04-07 15:35:10.521 14509 14670 D ar_activity: [[2d end] stroke time=2023-04-07 15:35:10.521]
04-07 15:35:10.538 14509 14670 D ar_activity: [Update ARCore frame time=2023-04-07 15:35:10.538]
04-07 15:35:10.540 14509 14670 D ar_activity: [[2d end] stroke time=2023-04-07 15:35:10.540]
04-07 15:35:10.557 14509 14670 D ar_activity: [Update ARCore frame time=2023-04-07 15:35:10.557]
04-07 15:35:10.562 14509 14670 D ar_activity: [[2d end] stroke time=2023-04-07 15:35:10.562]
04-07 15:35:10.581 14509 14670 D ar_activity: [Update ARCore frame time=2023-04-07 15:35:10.581]
04-07 15:35:10.583 14509 14670 D ar_activity: [[2d end] stroke time=2023-04-07 15:35:10.583]
04-07 15:35:10.600 14509 14670 D ar_activity: [Update ARCore frame time=2023-04-07 15:35:10.600]
04-07 15:35:10.603 14509 14670 D ar_activity: [[2d end] stroke time=2023-04-07 15:35:10.603]
04-07 15:35:10.620 14509 14670 D ar_activity: [Update ARCore frame time=2023-04-07 15:35:10.620]
04-07 15:35:10.622 14509 14670 D ar_activity: [[2d end] stroke time=2023-04-07 15:35:10.622]
04-07 15:35:10.643 14509 14670 D ar_activity: [Update ARCore frame time=2023-04-07 15:35:10.642]
04-07 15:35:10.645 14509 14670 D ar_activity: [[2d end] stroke time=2023-04-07 15:35:10.645]
04-07 15:35:10.663 14509 14670 D ar_activity: [Update ARCore frame time=2023-04-07 15:35:10.663]
04-07 15:35:10.665 14509 14670 D ar_activity: [[2d end] stroke time=2023-04-07 15:35:10.665]
04-07 15:35:10.682 14509 14670 D ar_activity: [Update ARCore frame time=2023-04-07 15:35:10.682]
04-07 15:35:10.684 14509 14670 D ar_activity: [[2d end] stroke time=2023-04-07 15:35:10.684]
04-07 15:35:10.702 14509 14670 D ar_activity: [Update ARCore frame time=2023-04-07 15:35:10.701]
04-07 15:35:10.706 14509 14670 D ar_activity: [[2d end] stroke time=2023-04-07 15:35:10.705]
04-07 15:35:10.724 14509 14670 D ar_activity: [Update ARCore frame time=2023-04-07 15:35:10.723]
04-07 15:35:10.725 14509 14670 D ar_activity: [[2d end] stroke time=2023-04-07 15:35:10.725]
04-07 15:35:10.742 14509 14670 D ar_activity: [Update ARCore frame time=2023-04-07 15:35:10.742]
04-07 15:35:10.744 14509 14670 D ar_activity: [[2d end] stroke time=2023-04-07 15:35:10.744]
04-07 15:35:10.763 14509 14670 D ar_activity: [Update ARCore frame time=2023-04-07 15:35:10.763]
04-07 15:35:10.765 14509 14670 D ar_activity: [[2d end] stroke time=2023-04-07 15:35:10.765]
04-07 15:35:10.782 14509 14670 D ar_activity: [Update ARCore frame time=2023-04-07 15:35:10.782]
04-07 15:35:10.784 14509 14670 D ar_activity: [[2d end] stroke time=2023-04-07 15:35:10.784]
04-07 15:35:10.801 14509 14670 D ar_activity: [Update ARCore frame time=2023-04-07 15:35:10.801]
04-07 15:35:10.804 14509 14670 D ar_activity: [[2d end] stroke time=2023-04-07 15:35:10.803]
04-07 15:35:10.821 14509 14670 D ar_activity: [Update ARCore frame time=2023-04-07 15:35:10.821]
04-07 15:35:10.824 14509 14670 D ar_activity: [[2d end] stroke time=2023-04-07 15:35:10.824]
04-07 15:35:10.842 14509 14670 D ar_activity: [Update ARCore frame time=2023-04-07 15:35:10.841]
04-07 15:35:10.843 14509 14670 D ar_activity: [[2d end] stroke time=2023-04-07 15:35:10.843]
04-07 15:35:10.865 14509 14670 D ar_activity: [Update ARCore frame time=2023-04-07 15:35:10.864]
04-07 15:35:10.867 14509 14670 D ar_activity: [[2d end] stroke time=2023-04-07 15:35:10.866]
04-07 15:35:10.887 14509 14670 D ar_activity: [Update ARCore frame time=2023-04-07 15:35:10.887]
04-07 15:35:10.892 14509 14670 D ar_activity: [[2d end] stroke time=2023-04-07 15:35:10.892]
04-07 15:35:10.909 14509 14670 D ar_activity: [Update ARCore frame time=2023-04-07 15:35:10.909]
04-07 15:35:10.912 14509 14670 D ar_activity: [[2d end] stroke time=2023-04-07 15:35:10.912]
04-07 15:35:10.933 14509 14670 D ar_activity: [Update ARCore frame time=2023-04-07 15:35:10.932]
04-07 15:35:10.935 14509 14670 D ar_activity: [[2d end] stroke time=2023-04-07 15:35:10.935]
04-07 15:35:10.956 14509 14670 D ar_activity: [Update ARCore frame time=2023-04-07 15:35:10.954]
04-07 15:35:10.975 14509 14670 D ar_activity: [[2d end] stroke time=2023-04-07 15:35:10.975]
04-07 15:35:10.998 14509 14670 D ar_activity: [Update ARCore frame time=2023-04-07 15:35:10.998]
04-07 15:35:11.000 14509 14670 D ar_activity: [[2d end] stroke time=2023-04-07 15:35:11.000]
04-07 15:35:11.018 14509 14670 D ar_activity: [Update ARCore frame time=2023-04-07 15:35:11.017]
04-07 15:35:11.020 14509 14670 D ar_activity: [[2d end] stroke time=2023-04-07 15:35:11.019]
04-07 15:35:11.037 14509 14670 D ar_activity: [Update ARCore frame time=2023-04-07 15:35:11.037]
04-07 15:35:11.040 14509 14670 D ar_activity: [[2d end] stroke time=2023-04-07 15:35:11.039]
04-07 15:35:11.057 14509 14670 D ar_activity: [Update ARCore frame time=2023-04-07 15:35:11.057]
04-07 15:35:11.058 14509 14670 D ar_activity: [[2d end] stroke time=2023-04-07 15:35:11.058]
04-07 15:35:11.076 14509 14670 D ar_activity: [Update ARCore frame time=2023-04-07 15:35:11.076]
04-07 15:35:11.078 14509 14670 D ar_activity: [[2d end] stroke time=2023-04-07 15:35:11.077]
04-07 15:35:11.097 14509 14670 D ar_activity: [Update ARCore frame time=2023-04-07 15:35:11.097]
04-07 15:35:11.099 14509 14670 D ar_activity: [[2d end] stroke time=2023-04-07 15:35:11.099]
04-07 15:35:11.116 14509 14670 D ar_activity: [Update ARCore frame time=2023-04-07 15:35:11.116]
04-07 15:35:11.118 14509 14670 D ar_activity: [[2d end] stroke time=2023-04-07 15:35:11.118]
04-07 15:35:11.138 14509 14670 D ar_activity: [Update ARCore frame time=2023-04-07 15:35:11.137]
04-07 15:35:11.141 14509 14670 D ar_activity: [[2d end] stroke time=2023-04-07 15:35:11.141]
04-07 15:35:11.159 14509 14670 D ar_activity: [Update ARCore frame time=2023-04-07 15:35:11.159]
04-07 15:35:11.161 14509 14670 D ar_activity: [[2d end] stroke time=2023-04-07 15:35:11.161]
04-07 15:35:11.181 14509 14670 D ar_activity: [Update ARCore frame time=2023-04-07 15:35:11.181]
04-07 15:35:11.191 14509 14670 D ar_activity: [[2d end] stroke time=2023-04-07 15:35:11.191]
04-07 15:35:11.209 14509 14670 D ar_activity: [Update ARCore frame time=2023-04-07 15:35:11.209]
04-07 15:35:11.215 14509 14670 D ar_activity: [[2d end] stroke time=2023-04-07 15:35:11.211]
04-07 15:35:11.232 14509 14670 D ar_activity: [Update ARCore frame time=2023-04-07 15:35:11.232]
04-07 15:35:11.234 14509 14670 D ar_activity: [[2d end] stroke time=2023-04-07 15:35:11.234]
04-07 15:35:11.253 14509 14670 D ar_activity: [Update ARCore frame time=2023-04-07 15:35:11.253]
04-07 15:35:11.257 14509 14670 D ar_activity: [[2d end] stroke time=2023-04-07 15:35:11.256]
04-07 15:35:11.288 14509 14670 D ar_activity: [Update ARCore frame time=2023-04-07 15:35:11.288]
04-07 15:35:11.299 14509 14670 D ar_activity: [[2d end] stroke time=2023-04-07 15:35:11.298]
04-07 15:35:11.317 14509 14670 D ar_activity: [Update ARCore frame time=2023-04-07 15:35:11.317]
04-07 15:35:11.319 14509 14670 D ar_activity: [[2d end] stroke time=2023-04-07 15:35:11.318]
04-07 15:35:11.359 14509 14670 D ar_activity: [Update ARCore frame time=2023-04-07 15:35:11.353]
04-07 15:35:11.376 14509 14670 D ar_activity: [[2d end] stroke time=2023-04-07 15:35:11.376]
04-07 15:35:11.400 14509 14670 D ar_activity: [Update ARCore frame time=2023-04-07 15:35:11.399]
04-07 15:35:11.402 14509 14670 D ar_activity: [[2d end] stroke time=2023-04-07 15:35:11.402]
04-07 15:35:11.419 14509 14670 D ar_activity: [Update ARCore frame time=2023-04-07 15:35:11.419]
04-07 15:35:11.425 14509 14670 D ar_activity: [[2d end] stroke time=2023-04-07 15:35:11.424]
04-07 15:35:11.452 14509 14670 D ar_activity: [Update ARCore frame time=2023-04-07 15:35:11.452]
04-07 15:35:11.459 14509 14670 D ar_activity: [[2d end] stroke time=2023-04-07 15:35:11.455]
04-07 15:35:11.477 14509 14670 D ar_activity: [Update ARCore frame time=2023-04-07 15:35:11.476]
04-07 15:35:11.479 14509 14670 D ar_activity: [[2d end] stroke time=2023-04-07 15:35:11.478]
04-07 15:35:11.496 14509 14670 D ar_activity: [Update ARCore frame time=2023-04-07 15:35:11.496]
04-07 15:35:11.504 14509 14670 D ar_activity: [[2d end] stroke time=2023-04-07 15:35:11.504]
04-07 15:35:11.532 14509 14670 D ar_activity: [Update ARCore frame time=2023-04-07 15:35:11.532]
04-07 15:35:11.539 14509 14670 D ar_activity: [[2d end] stroke time=2023-04-07 15:35:11.538]
04-07 15:35:11.562 14509 14670 D ar_activity: [Update ARCore frame time=2023-04-07 15:35:11.562]
04-07 15:35:11.572 14509 14670 D ar_activity: [[2d end] stroke time=2023-04-07 15:35:11.572]
04-07 15:35:11.593 14509 14670 D ar_activity: [Update ARCore frame time=2023-04-07 15:35:11.589]
04-07 15:35:11.604 14509 14670 D ar_activity: [[2d end] stroke time=2023-04-07 15:35:11.600]
04-07 15:35:11.621 14509 14670 D ar_activity: [Update ARCore frame time=2023-04-07 15:35:11.621]
04-07 15:35:11.626 14509 14670 D ar_activity: [[2d end] stroke time=2023-04-07 15:35:11.626]
04-07 15:35:11.649 14509 14670 D ar_activity: [Update ARCore frame time=2023-04-07 15:35:11.648]
04-07 15:35:11.651 14509 14670 D ar_activity: [[2d end] stroke time=2023-04-07 15:35:11.651]
04-07 15:35:11.670 14509 14670 D ar_activity: [Update ARCore frame time=2023-04-07 15:35:11.670]
04-07 15:35:11.672 14509 14670 D ar_activity: [[2d end] stroke time=2023-04-07 15:35:11.672]
04-07 15:35:11.694 14509 14670 D ar_activity: [Update ARCore frame time=2023-04-07 15:35:11.693]
04-07 15:35:11.720 14509 14670 D ar_activity: [[2d end] stroke time=2023-04-07 15:35:11.720]
04-07 15:35:11.743 14509 14670 D ar_activity: [Update ARCore frame time=2023-04-07 15:35:11.742]
04-07 15:35:11.754 14509 14670 D ar_activity: [[2d end] stroke time=2023-04-07 15:35:11.753]
04-07 15:35:11.777 14509 14670 D ar_activity: [Update ARCore frame time=2023-04-07 15:35:11.775]
04-07 15:35:11.783 14509 14670 D ar_activity: [[2d end] stroke time=2023-04-07 15:35:11.782]
04-07 15:35:11.803 14509 14670 D ar_activity: [Update ARCore frame time=2023-04-07 15:35:11.801]
04-07 15:35:11.808 14509 14670 D ar_activity: [[2d end] stroke time=2023-04-07 15:35:11.808]
04-07 15:35:11.825 14509 14670 D ar_activity: [Update ARCore frame time=2023-04-07 15:35:11.825]
04-07 15:35:11.829 14509 14670 D ar_activity: [[2d end] stroke time=2023-04-07 15:35:11.828]
04-07 15:35:11.847 14509 14670 D ar_activity: [Update ARCore frame time=2023-04-07 15:35:11.847]
04-07 15:35:11.852 14509 14670 D ar_activity: [[2d end] stroke time=2023-04-07 15:35:11.852]
04-07 15:35:11.871 14509 14670 D ar_activity: [Update ARCore frame time=2023-04-07 15:35:11.869]
04-07 15:35:11.880 14509 14670 D ar_activity: [[2d end] stroke time=2023-04-07 15:35:11.878]
04-07 15:35:11.902 14509 14670 D ar_activity: [Update ARCore frame time=2023-04-07 15:35:11.901]
04-07 15:35:11.907 14509 14670 D ar_activity: [[2d end] stroke time=2023-04-07 15:35:11.905]
04-07 15:35:11.928 14509 14670 D ar_activity: [Update ARCore frame time=2023-04-07 15:35:11.928]
04-07 15:35:11.931 14509 14670 D ar_activity: [[2d end] stroke time=2023-04-07 15:35:11.930]
04-07 15:35:11.950 14509 14670 D ar_activity: [Update ARCore frame time=2023-04-07 15:35:11.950]
04-07 15:35:11.952 14509 14670 D ar_activity: [[2d end] stroke time=2023-04-07 15:35:11.952]
04-07 15:35:11.970 14509 14670 D ar_activity: [Update ARCore frame time=2023-04-07 15:35:11.969]
04-07 15:35:11.971 14509 14670 D ar_activity: [[2d end] stroke time=2023-04-07 15:35:11.971]
04-07 15:35:11.991 14509 14670 D ar_activity: [Update ARCore frame time=2023-04-07 15:35:11.989]
04-07 15:35:12.003 14509 14670 D ar_activity: [[2d end] stroke time=2023-04-07 15:35:12.003]
04-07 15:35:12.021 14509 14670 D ar_activity: [Update ARCore frame time=2023-04-07 15:35:12.021]
04-07 15:35:12.023 14509 14670 D ar_activity: [[2d end] stroke time=2023-04-07 15:35:12.023]
04-07 15:35:12.045 14509 14670 D ar_activity: [Update ARCore frame time=2023-04-07 15:35:12.044]
04-07 15:35:12.060 14509 14670 D ar_activity: [[2d end] stroke time=2023-04-07 15:35:12.060]
04-07 15:35:12.083 14509 14670 D ar_activity: [Update ARCore frame time=2023-04-07 15:35:12.083]
04-07 15:35:12.088 14509 14670 D ar_activity: [[2d end] stroke time=2023-04-07 15:35:12.087]
04-07 15:35:12.110 14509 14670 D ar_activity: [Update ARCore frame time=2023-04-07 15:35:12.109]
04-07 15:35:12.112 14509 14670 D ar_activity: [[2d end] stroke time=2023-04-07 15:35:12.111]
04-07 15:35:12.129 14509 14670 D ar_activity: [Update ARCore frame time=2023-04-07 15:35:12.129]
04-07 15:35:12.131 14509 14670 D ar_activity: [[2d end] stroke time=2023-04-07 15:35:12.130]
04-07 15:35:12.150 14509 14670 D ar_activity: [Update ARCore frame time=2023-04-07 15:35:12.150]
04-07 15:35:12.152 14509 14670 D ar_activity: [[2d end] stroke time=2023-04-07 15:35:12.152]
04-07 15:35:12.169 14509 14670 D ar_activity: [Update ARCore frame time=2023-04-07 15:35:12.169]
04-07 15:35:12.171 14509 14670 D ar_activity: [[2d end] stroke time=2023-04-07 15:35:12.170]
04-07 15:35:12.188 14509 14670 D ar_activity: [Update ARCore frame time=2023-04-07 15:35:12.187]
04-07 15:35:12.193 14509 14670 D ar_activity: [[2d end] stroke time=2023-04-07 15:35:12.193]
04-07 15:35:12.213 14509 14670 D ar_activity: [Update ARCore frame time=2023-04-07 15:35:12.210]
04-07 15:35:12.215 14509 14670 D ar_activity: [[2d end] stroke time=2023-04-07 15:35:12.215]
04-07 15:35:12.235 14509 14670 D ar_activity: [Update ARCore frame time=2023-04-07 15:35:12.235]
04-07 15:35:12.237 14509 14670 D ar_activity: [[2d end] stroke time=2023-04-07 15:35:12.237]
04-07 15:35:12.255 14509 14670 D ar_activity: [Update ARCore frame time=2023-04-07 15:35:12.254]
04-07 15:35:12.258 14509 14670 D ar_activity: [[2d end] stroke time=2023-04-07 15:35:12.258]
04-07 15:35:12.275 14509 14670 D ar_activity: [Update ARCore frame time=2023-04-07 15:35:12.275]
04-07 15:35:12.277 14509 14670 D ar_activity: [[2d end] stroke time=2023-04-07 15:35:12.277]
04-07 15:35:12.295 14509 14670 D ar_activity: [Update ARCore frame time=2023-04-07 15:35:12.295]
04-07 15:35:12.301 14509 14670 D ar_activity: [[2d end] stroke time=2023-04-07 15:35:12.298]
04-07 15:35:12.318 14509 14670 D ar_activity: [Update ARCore frame time=2023-04-07 15:35:12.318]
04-07 15:35:12.320 14509 14670 D ar_activity: [[2d end] stroke time=2023-04-07 15:35:12.320]
04-07 15:35:12.337 14509 14670 D ar_activity: [Update ARCore frame time=2023-04-07 15:35:12.337]
04-07 15:35:12.340 14509 14670 D ar_activity: [[2d end] stroke time=2023-04-07 15:35:12.339]
04-07 15:35:12.359 14509 14670 D ar_activity: [Update ARCore frame time=2023-04-07 15:35:12.357]
04-07 15:35:12.361 14509 14670 D ar_activity: [[2d end] stroke time=2023-04-07 15:35:12.361]
04-07 15:35:12.379 14509 14670 D ar_activity: [Update ARCore frame time=2023-04-07 15:35:12.378]
04-07 15:35:12.383 14509 14670 D ar_activity: [[2d end] stroke time=2023-04-07 15:35:12.383]
04-07 15:35:12.401 14509 14670 D ar_activity: [Update ARCore frame time=2023-04-07 15:35:12.401]
04-07 15:35:12.404 14509 14670 D ar_activity: [[2d end] stroke time=2023-04-07 15:35:12.403]
04-07 15:35:12.421 14509 14670 D ar_activity: [Update ARCore frame time=2023-04-07 15:35:12.420]
04-07 15:35:12.424 14509 14670 D ar_activity: [[2d end] stroke time=2023-04-07 15:35:12.423]
04-07 15:35:12.443 14509 14670 D ar_activity: [Update ARCore frame time=2023-04-07 15:35:12.443]
04-07 15:35:12.446 14509 14670 D ar_activity: [[2d end] stroke time=2023-04-07 15:35:12.446]
04-07 15:35:12.464 14509 14670 D ar_activity: [Update ARCore frame time=2023-04-07 15:35:12.464]
04-07 15:35:12.470 14509 14670 D ar_activity: [[2d end] stroke time=2023-04-07 15:35:12.470]
04-07 15:35:12.487 14509 14670 D ar_activity: [Update ARCore frame time=2023-04-07 15:35:12.487]
04-07 15:35:12.492 14509 14670 D ar_activity: [[2d end] stroke time=2023-04-07 15:35:12.491]
04-07 15:35:12.510 14509 14670 D ar_activity: [Update ARCore frame time=2023-04-07 15:35:12.509]
04-07 15:35:12.512 14509 14670 D ar_activity: [[2d end] stroke time=2023-04-07 15:35:12.512]
04-07 15:35:12.530 14509 14670 D ar_activity: [Update ARCore frame time=2023-04-07 15:35:12.529]
04-07 15:35:12.531 14509 14670 D ar_activity: [[2d end] stroke time=2023-04-07 15:35:12.531]
04-07 15:35:12.553 14509 14670 D ar_activity: [Update ARCore frame time=2023-04-07 15:35:12.553]
04-07 15:35:12.555 14509 14670 D ar_activity: [[2d end] stroke time=2023-04-07 15:35:12.555]
04-07 15:35:12.575 14509 14670 D ar_activity: [Update ARCore frame time=2023-04-07 15:35:12.574]
04-07 15:35:12.577 14509 14670 D ar_activity: [[2d end] stroke time=2023-04-07 15:35:12.576]
04-07 15:35:12.594 14509 14670 D ar_activity: [Update ARCore frame time=2023-04-07 15:35:12.594]
04-07 15:35:12.596 14509 14670 D ar_activity: [[2d end] stroke time=2023-04-07 15:35:12.595]
04-07 15:35:12.613 14509 14670 D ar_activity: [Update ARCore frame time=2023-04-07 15:35:12.613]
04-07 15:35:12.615 14509 14670 D ar_activity: [[2d end] stroke time=2023-04-07 15:35:12.615]
04-07 15:35:12.635 14509 14670 D ar_activity: [Update ARCore frame time=2023-04-07 15:35:12.635]
04-07 15:35:12.638 14509 14670 D ar_activity: [[2d end] stroke time=2023-04-07 15:35:12.638]
04-07 15:35:12.657 14509 14670 D ar_activity: [Update ARCore frame time=2023-04-07 15:35:12.655]
04-07 15:35:12.663 14509 14670 D ar_activity: [[2d end] stroke time=2023-04-07 15:35:12.662]
04-07 15:35:12.684 14509 14670 D ar_activity: [Update ARCore frame time=2023-04-07 15:35:12.683]
04-07 15:35:12.686 14509 14670 D ar_activity: [[2d end] stroke time=2023-04-07 15:35:12.686]
04-07 15:35:12.704 14509 14670 D ar_activity: [Update ARCore frame time=2023-04-07 15:35:12.703]
04-07 15:35:12.706 14509 14670 D ar_activity: [[2d end] stroke time=2023-04-07 15:35:12.706]
04-07 15:35:12.724 14509 14670 D ar_activity: [Update ARCore frame time=2023-04-07 15:35:12.724]
04-07 15:35:12.728 14509 14670 D ar_activity: [[2d end] stroke time=2023-04-07 15:35:12.728]
04-07 15:35:12.745 14509 14670 D ar_activity: [Update ARCore frame time=2023-04-07 15:35:12.745]
04-07 15:35:12.747 14509 14670 D ar_activity: [[2d end] stroke time=2023-04-07 15:35:12.747]
04-07 15:35:12.765 14509 14670 D ar_activity: [Update ARCore frame time=2023-04-07 15:35:12.764]
04-07 15:35:12.770 14509 14670 D ar_activity: [[2d end] stroke time=2023-04-07 15:35:12.770]
04-07 15:35:12.787 14509 14670 D ar_activity: [Update ARCore frame time=2023-04-07 15:35:12.787]
04-07 15:35:12.791 14509 14670 D ar_activity: [[2d end] stroke time=2023-04-07 15:35:12.791]
04-07 15:35:12.809 14509 14670 D ar_activity: [Update ARCore frame time=2023-04-07 15:35:12.808]
04-07 15:35:12.811 14509 14670 D ar_activity: [[2d end] stroke time=2023-04-07 15:35:12.810]
04-07 15:35:12.828 14509 14670 D ar_activity: [Update ARCore frame time=2023-04-07 15:35:12.828]
04-07 15:35:12.830 14509 14670 D ar_activity: [[2d end] stroke time=2023-04-07 15:35:12.829]
04-07 15:35:12.847 14509 14670 D ar_activity: [Update ARCore frame time=2023-04-07 15:35:12.846]
04-07 15:35:12.849 14509 14670 D ar_activity: [[2d end] stroke time=2023-04-07 15:35:12.849]
04-07 15:35:12.867 14509 14670 D ar_activity: [Update ARCore frame time=2023-04-07 15:35:12.866]
04-07 15:35:12.870 14509 14670 D ar_activity: [[2d end] stroke time=2023-04-07 15:35:12.870]
04-07 15:35:12.888 14509 14670 D ar_activity: [Update ARCore frame time=2023-04-07 15:35:12.888]
04-07 15:35:12.890 14509 14670 D ar_activity: [[2d end] stroke time=2023-04-07 15:35:12.890]
04-07 15:35:12.907 14509 14670 D ar_activity: [Update ARCore frame time=2023-04-07 15:35:12.907]
04-07 15:35:12.909 14509 14670 D ar_activity: [[2d end] stroke time=2023-04-07 15:35:12.908]
04-07 15:35:12.929 14509 14670 D ar_activity: [Update ARCore frame time=2023-04-07 15:35:12.929]
04-07 15:35:12.929 14509 14509 D ar_activity: [joinRoom: -NSSCmIu6MbZdEsxgB2x time=2023-04-07 15:35:12.929]
04-07 15:35:12.931 14509 14670 D ar_activity: [[2d end] stroke time=2023-04-07 15:35:12.930]
04-07 15:35:12.949 14509 14670 D ar_activity: [Update ARCore frame time=2023-04-07 15:35:12.948]
04-07 15:35:12.951 14509 14670 D ar_activity: [[2d end] stroke time=2023-04-07 15:35:12.951]
04-07 15:35:12.969 14509 14670 D ar_activity: [Update ARCore frame time=2023-04-07 15:35:12.968]
04-07 15:35:12.970 14509 14670 D ar_activity: [[2d end] stroke time=2023-04-07 15:35:12.970]
04-07 15:35:12.988 14509 14670 D ar_activity: [Update ARCore frame time=2023-04-07 15:35:12.988]
04-07 15:35:12.992 14509 14670 D ar_activity: [[2d end] stroke time=2023-04-07 15:35:12.992]
04-07 15:35:13.010 14509 14670 D ar_activity: [Update ARCore frame time=2023-04-07 15:35:13.009]
04-07 15:35:13.012 14509 14670 D ar_activity: [[2d end] stroke time=2023-04-07 15:35:13.012]
04-07 15:35:13.029 14509 14670 D ar_activity: [Update ARCore frame time=2023-04-07 15:35:13.029]
04-07 15:35:13.036 14509 14670 D ar_activity: [[2d end] stroke time=2023-04-07 15:35:13.035]
04-07 15:35:13.041 14509 14509 D ar_activity: [--- pair joined --- time=2023-04-07 15:35:13.040]
04-07 15:35:13.055 14509 14670 D ar_activity: [Update ARCore frame time=2023-04-07 15:35:13.054]
04-07 15:35:13.062 14509 14670 D ar_activity: [[2d end] stroke time=2023-04-07 15:35:13.061]
04-07 15:35:13.063 14509 14509 D ar_activity: PARTNER FOUND: 2023-04-07 15:35:13.062
04-07 15:35:13.079 14509 14670 D ar_activity: [Update ARCore frame time=2023-04-07 15:35:13.079]
04-07 15:35:13.081 14509 14670 D ar_activity: [[2d end] stroke time=2023-04-07 15:35:13.080]
04-07 15:35:13.098 14509 14670 D ar_activity: [Update ARCore frame time=2023-04-07 15:35:13.097]
04-07 15:35:13.102 14509 14670 D ar_activity: [[2d end] stroke time=2023-04-07 15:35:13.102]
04-07 15:35:13.121 14509 14670 D ar_activity: [Update ARCore frame time=2023-04-07 15:35:13.121]
04-07 15:35:13.126 14509 14670 D ar_activity: [[2d end] stroke time=2023-04-07 15:35:13.126]
04-07 15:35:13.144 14509 14670 D ar_activity: [Update ARCore frame time=2023-04-07 15:35:13.143]
04-07 15:35:13.155 14509 14670 D ar_activity: [[2d end] stroke time=2023-04-07 15:35:13.155]
04-07 15:35:13.172 14509 14670 D ar_activity: [Update ARCore frame time=2023-04-07 15:35:13.172]
04-07 15:35:13.174 14509 14670 D ar_activity: [[2d end] stroke time=2023-04-07 15:35:13.174]
04-07 15:35:13.191 14509 14670 D ar_activity: [Update ARCore frame time=2023-04-07 15:35:13.191]
04-07 15:35:13.194 14509 14670 D ar_activity: [[2d end] stroke time=2023-04-07 15:35:13.194]
04-07 15:35:13.211 14509 14670 D ar_activity: [Update ARCore frame time=2023-04-07 15:35:13.211]
04-07 15:35:13.213 14509 14670 D ar_activity: [[2d end] stroke time=2023-04-07 15:35:13.213]
04-07 15:35:13.230 14509 14670 D ar_activity: [Update ARCore frame time=2023-04-07 15:35:13.230]
04-07 15:35:13.236 14509 14670 D ar_activity: [[2d end] stroke time=2023-04-07 15:35:13.236]
04-07 15:35:13.254 14509 14670 D ar_activity: [Update ARCore frame time=2023-04-07 15:35:13.254]
04-07 15:35:13.258 14509 14670 D ar_activity: [[2d end] stroke time=2023-04-07 15:35:13.257]
04-07 15:35:13.275 14509 14670 D ar_activity: [Update ARCore frame time=2023-04-07 15:35:13.274]
04-07 15:35:13.277 14509 14670 D ar_activity: [[2d end] stroke time=2023-04-07 15:35:13.276]
04-07 15:35:13.295 14509 14670 D ar_activity: [Update ARCore frame time=2023-04-07 15:35:13.294]
04-07 15:35:13.296 14509 14670 D ar_activity: [[2d end] stroke time=2023-04-07 15:35:13.296]
04-07 15:35:13.314 14509 14670 D ar_activity: [Update ARCore frame time=2023-04-07 15:35:13.313]
04-07 15:35:13.315 14509 14670 D ar_activity: [[2d end] stroke time=2023-04-07 15:35:13.315]
04-07 15:35:13.332 14509 14670 D ar_activity: [Update ARCore frame time=2023-04-07 15:35:13.332]
04-07 15:35:13.337 14509 14670 D ar_activity: [[2d end] stroke time=2023-04-07 15:35:13.337]
04-07 15:35:13.355 14509 14670 D ar_activity: [Update ARCore frame time=2023-04-07 15:35:13.354]
04-07 15:35:13.358 14509 14670 D ar_activity: [[2d end] stroke time=2023-04-07 15:35:13.358]
04-07 15:35:13.375 14509 14670 D ar_activity: [Update ARCore frame time=2023-04-07 15:35:13.375]
04-07 15:35:13.377 14509 14670 D ar_activity: [[2d end] stroke time=2023-04-07 15:35:13.377]
04-07 15:35:13.396 14509 14670 D ar_activity: [Update ARCore frame time=2023-04-07 15:35:13.394]
