--------- beginning of main
04-21 17:13:50.303 28487 28628 D ar_activity: [[2d] after update lines time=2023-04-21 17:13:50.257]
04-21 17:13:52.977 28487 28487 D ar_activity: [--- pair start --- time=2023-04-21 17:13:52.976]
04-21 17:13:52.977 28487 28487 D ar_activity: [--- pair session start --- time=2023-04-21 17:13:52.977]
04-21 17:13:53.004 28487 28487 D ar_activity: [create room: Message{namespace='', type='', content=[34 bytes]} time=2023-04-21 17:13:53.003]
04-21 17:13:53.013 28487 28487 D ar_activity: LOOKING: 2023-04-21 17:13:53.012
04-21 17:13:58.020 28487 28487 D ar_activity: [--- pair joined --- time=2023-04-21 17:13:58.020]
04-21 17:13:58.022 28487 28487 D ar_activity: PARTNER FOUND: 2023-04-21 17:13:58.022
04-21 17:14:00.030 28487 28487 D ar_activity: SET ANCHOR: 2023-04-21 17:14:00.030
04-21 17:14:02.168 28487 28487 D ar_activity: [--- sync ready to set anchor --- time=2023-04-21 17:14:02.168]
04-21 17:14:02.665 28487 28487 D ar_activity: [--- sync: sendSetAnchorEvent --- time=2023-04-21 17:14:02.664]
04-21 17:14:02.667 28487 28487 D ar_activity: --- start creating anchor: 2023-04-21 17:14:02.666 ---
04-21 17:14:02.668 28487 28487 D ar_activity: --- anchor: com.google.ar.core.Anchor@b49f2729 ---
04-21 17:14:02.668 28487 28487 D ar_activity: --- finish creating anchor: 2023-04-21 17:14:02.668 ---
04-21 17:14:02.669 28487 28487 D ar_activity: [hostAnchor start time=2023-04-21 17:14:02.669]
04-21 17:14:02.669 28487 28487 D ar_activity: [hostAnchor end time=2023-04-21 17:14:02.669]
04-21 17:14:02.678 28487 28487 D ar_activity: Start CONNECTING: 2023-04-21 17:14:02.678
04-21 17:14:02.699 28487 28628 D ar_activity: [--- anchor: onUpdate--- time=2023-04-21 17:14:02.699]
04-21 17:14:02.711 28487 28487 D ar_activity: [anchor resolution changed: null time=2023-04-21 17:14:02.708]
04-21 17:14:04.169 28487 28628 D ar_activity: [--- anchor: onUpdate--- time=2023-04-21 17:14:04.169]
04-21 17:14:06.045 28487 28628 D ar_activity: [--- anchor: onUpdate--- time=2023-04-21 17:14:06.044]
04-21 17:14:06.045 28487 28628 D ar_activity: [--- onAnchorHosted [HOSTED]--- time=2023-04-21 17:14:06.045]
04-21 17:14:06.054 28487 28487 D ar_activity: [anchor resolution changed: false time=2023-04-21 17:14:06.054]
04-21 17:14:06.806 28487 28487 D ar_activity: [--- sync: finish syncing anchor --- time=2023-04-21 17:14:06.805]
04-21 17:14:06.808 28487 28487 D ar_activity: SYNCED: 2023-04-21 17:14:06.807
04-21 17:14:12.630 28487 28487 D ar_activity: [[1a start] touch screen time=2023-04-21 17:14:12.630]
04-21 17:14:12.638 28487 28628 D ar_activity: addStroke at 2023-04-21 17:14:12.638
04-21 17:14:12.645 28487 28628 D ar_activity: stroke (id: -NT_eiBAutp5YSmsNnho) was added at 2023-04-21 17:14:12.644
04-21 17:14:12.647 28487 28628 D ar_activity: [[1b start] setFirebaseValue stroke id=-NT_eiBAutp5YSmsNnho time=2023-04-21 17:14:12.647]
04-21 17:14:12.653 28487 28628 D ar_activity: [TRACKING TransformPointToPose time=2023-04-21 17:14:12.652]
04-21 17:14:12.656 28487 28628 D ar_activity: send stroke to firebase, id=-NT_eiBAutp5YSmsNnho
04-21 17:14:12.665 28487 28487 D ar_activity: [[2a end - 2d start] onChildAdded stroke id=-NT_eiBAutp5YSmsNnho time=2023-04-21 17:14:12.662]
04-21 17:14:12.665 28487 28628 D ar_activity: [[2d] after update lines time=2023-04-21 17:14:12.665]
04-21 17:14:12.686 28487 28628 D ar_activity: [TRACKING TransformPointToPose time=2023-04-21 17:14:12.686]
04-21 17:14:12.686 28487 28628 D ar_activity: [TRACKING TransformPointToPose time=2023-04-21 17:14:12.686]
04-21 17:14:12.686 28487 28628 D ar_activity: send stroke to firebase, id=-NT_eiBAutp5YSmsNnho
04-21 17:14:12.688 28487 28628 D ar_activity: [[2d] after update lines time=2023-04-21 17:14:12.687]
04-21 17:14:12.707 28487 28628 D ar_activity: [TRACKING TransformPointToPose time=2023-04-21 17:14:12.707]
04-21 17:14:12.707 28487 28628 D ar_activity: send stroke to firebase, id=-NT_eiBAutp5YSmsNnho
04-21 17:14:12.708 28487 28628 D ar_activity: [[2d] after update lines time=2023-04-21 17:14:12.708]
04-21 17:14:12.721 28487 28487 D ar_activity: [[1b start] setFirebaseValue stroke id=-NT_eiBAutp5YSmsNnho time=2023-04-21 17:14:12.721]
04-21 17:14:12.730 28487 28628 D ar_activity: [TRACKING TransformPointToPose time=2023-04-21 17:14:12.729]
04-21 17:14:12.730 28487 28628 D ar_activity: send stroke to firebase, id=-NT_eiBAutp5YSmsNnho
04-21 17:14:12.731 28487 28628 D ar_activity: [[2d] after update lines time=2023-04-21 17:14:12.731]
04-21 17:14:12.746 28487 28487 D ar_activity: [[2a end - 2d start] onChildChanged stroke id=-NT_eiBAutp5YSmsNnho time=2023-04-21 17:14:12.745]
04-21 17:14:12.753 28487 28628 D ar_activity: [TRACKING TransformPointToPose time=2023-04-21 17:14:12.752]
04-21 17:14:12.753 28487 28628 D ar_activity: send stroke to firebase, id=-NT_eiBAutp5YSmsNnho
04-21 17:14:12.754 28487 28628 D ar_activity: [[2d] after update lines time=2023-04-21 17:14:12.754]
04-21 17:14:12.779 28487 28628 D ar_activity: [TRACKING TransformPointToPose time=2023-04-21 17:14:12.779]
04-21 17:14:12.779 28487 28628 D ar_activity: send stroke to firebase, id=-NT_eiBAutp5YSmsNnho
04-21 17:14:12.779 28487 28628 D ar_activity: [[2d] after update lines time=2023-04-21 17:14:12.779]
04-21 17:14:12.803 28487 28628 D ar_activity: [TRACKING TransformPointToPose time=2023-04-21 17:14:12.803]
04-21 17:14:12.804 28487 28628 D ar_activity: [TRACKING TransformPointToPose time=2023-04-21 17:14:12.804]
04-21 17:14:12.804 28487 28628 D ar_activity: send stroke to firebase, id=-NT_eiBAutp5YSmsNnho
04-21 17:14:12.806 28487 28628 D ar_activity: [[2d] after update lines time=2023-04-21 17:14:12.806]
04-21 17:14:12.810 28487 28487 D ar_activity: [[2a end - 2d start] onChildChanged stroke id=-NT_eiBAutp5YSmsNnho time=2023-04-21 17:14:12.809]
04-21 17:14:12.831 28487 28628 D ar_activity: [TRACKING TransformPointToPose time=2023-04-21 17:14:12.831]
04-21 17:14:12.831 28487 28628 D ar_activity: send stroke to firebase, id=-NT_eiBAutp5YSmsNnho
04-21 17:14:12.832 28487 28628 D ar_activity: [[2d] after update lines time=2023-04-21 17:14:12.832]
04-21 17:14:12.851 28487 28628 D ar_activity: [TRACKING TransformPointToPose time=2023-04-21 17:14:12.851]
04-21 17:14:12.851 28487 28628 D ar_activity: send stroke to firebase, id=-NT_eiBAutp5YSmsNnho
04-21 17:14:12.853 28487 28628 D ar_activity: [[2d] after update lines time=2023-04-21 17:14:12.851]
04-21 17:14:12.876 28487 28628 D ar_activity: [TRACKING TransformPointToPose time=2023-04-21 17:14:12.874]
04-21 17:14:12.877 28487 28628 D ar_activity: [TRACKING TransformPointToPose time=2023-04-21 17:14:12.876]
04-21 17:14:12.877 28487 28628 D ar_activity: send stroke to firebase, id=-NT_eiBAutp5YSmsNnho
04-21 17:14:12.879 28487 28628 D ar_activity: [[2d] after update lines time=2023-04-21 17:14:12.878]
04-21 17:14:12.883 28487 28487 D ar_activity: [[2a end - 2d start] onChildChanged stroke id=-NT_eiBAutp5YSmsNnho time=2023-04-21 17:14:12.883]
04-21 17:14:12.898 28487 28628 D ar_activity: [TRACKING TransformPointToPose time=2023-04-21 17:14:12.898]
04-21 17:14:12.898 28487 28628 D ar_activity: send stroke to firebase, id=-NT_eiBAutp5YSmsNnho
04-21 17:14:12.900 28487 28628 D ar_activity: [[2d] after update lines time=2023-04-21 17:14:12.899]
04-21 17:14:12.919 28487 28628 D ar_activity: [TRACKING TransformPointToPose time=2023-04-21 17:14:12.919]
04-21 17:14:12.919 28487 28628 D ar_activity: [TRACKING TransformPointToPose time=2023-04-21 17:14:12.919]
04-21 17:14:12.919 28487 28628 D ar_activity: send stroke to firebase, id=-NT_eiBAutp5YSmsNnho
04-21 17:14:12.920 28487 28628 D ar_activity: [[2d] after update lines time=2023-04-21 17:14:12.919]
04-21 17:14:12.939 28487 28628 D ar_activity: [TRACKING TransformPointToPose time=2023-04-21 17:14:12.939]
04-21 17:14:12.939 28487 28628 D ar_activity: send stroke to firebase, id=-NT_eiBAutp5YSmsNnho
04-21 17:14:12.943 28487 28628 D ar_activity: [[2d] after update lines time=2023-04-21 17:14:12.941]
04-21 17:14:12.953 28487 28487 D ar_activity: [[2a end - 2d start] onChildChanged stroke id=-NT_eiBAutp5YSmsNnho time=2023-04-21 17:14:12.953]
04-21 17:14:12.965 28487 28628 D ar_activity: [TRACKING TransformPointToPose time=2023-04-21 17:14:12.965]
04-21 17:14:12.966 28487 28628 D ar_activity: send stroke to firebase, id=-NT_eiBAutp5YSmsNnho
04-21 17:14:12.966 28487 28628 D ar_activity: [[2d] after update lines time=2023-04-21 17:14:12.966]
04-21 17:14:12.984 28487 28628 D ar_activity: [TRACKING TransformPointToPose time=2023-04-21 17:14:12.984]
04-21 17:14:12.984 28487 28628 D ar_activity: send stroke to firebase, id=-NT_eiBAutp5YSmsNnho
04-21 17:14:12.985 28487 28628 D ar_activity: [[2d] after update lines time=2023-04-21 17:14:12.985]
04-21 17:14:13.003 28487 28628 D ar_activity: [TRACKING TransformPointToPose time=2023-04-21 17:14:13.003]
04-21 17:14:13.004 28487 28628 D ar_activity: [TRACKING TransformPointToPose time=2023-04-21 17:14:13.003]
04-21 17:14:13.004 28487 28628 D ar_activity: send stroke to firebase, id=-NT_eiBAutp5YSmsNnho
04-21 17:14:13.006 28487 28628 D ar_activity: [[2d] after update lines time=2023-04-21 17:14:13.005]
04-21 17:14:13.022 28487 28487 D ar_activity: [[2a end - 2d start] onChildChanged stroke id=-NT_eiBAutp5YSmsNnho time=2023-04-21 17:14:13.022]
04-21 17:14:13.029 28487 28628 D ar_activity: [TRACKING TransformPointToPose time=2023-04-21 17:14:13.029]
04-21 17:14:13.030 28487 28628 D ar_activity: send stroke to firebase, id=-NT_eiBAutp5YSmsNnho
04-21 17:14:13.030 28487 28628 D ar_activity: [[2d] after update lines time=2023-04-21 17:14:13.030]
04-21 17:14:13.049 28487 28628 D ar_activity: [TRACKING TransformPointToPose time=2023-04-21 17:14:13.049]
04-21 17:14:13.050 28487 28628 D ar_activity: send stroke to firebase, id=-NT_eiBAutp5YSmsNnho
04-21 17:14:13.061 28487 28628 D ar_activity: [[2d] after update lines time=2023-04-21 17:14:13.060]
04-21 17:14:13.085 28487 28628 D ar_activity: [TRACKING TransformPointToPose time=2023-04-21 17:14:13.084]
04-21 17:14:13.085 28487 28628 D ar_activity: [TRACKING TransformPointToPose time=2023-04-21 17:14:13.085]
04-21 17:14:13.085 28487 28628 D ar_activity: send stroke to firebase, id=-NT_eiBAutp5YSmsNnho
04-21 17:14:13.088 28487 28628 D ar_activity: [[2d] after update lines time=2023-04-21 17:14:13.087]
04-21 17:14:13.109 28487 28628 D ar_activity: [TRACKING TransformPointToPose time=2023-04-21 17:14:13.107]
04-21 17:14:13.109 28487 28628 D ar_activity: send stroke to firebase, id=-NT_eiBAutp5YSmsNnho
04-21 17:14:13.110 28487 28628 D ar_activity: [[2d] after update lines time=2023-04-21 17:14:13.110]
04-21 17:14:13.114 28487 28487 D ar_activity: [[2a end - 2d start] onChildChanged stroke id=-NT_eiBAutp5YSmsNnho time=2023-04-21 17:14:13.114]
04-21 17:14:13.130 28487 28628 D ar_activity: [TRACKING TransformPointToPose time=2023-04-21 17:14:13.130]
04-21 17:14:13.131 28487 28628 D ar_activity: send stroke to firebase, id=-NT_eiBAutp5YSmsNnho
04-21 17:14:13.131 28487 28628 D ar_activity: [[2d] after update lines time=2023-04-21 17:14:13.131]
04-21 17:14:13.150 28487 28628 D ar_activity: [TRACKING TransformPointToPose time=2023-04-21 17:14:13.150]
04-21 17:14:13.150 28487 28628 D ar_activity: send stroke to firebase, id=-NT_eiBAutp5YSmsNnho
04-21 17:14:13.151 28487 28628 D ar_activity: [[2d] after update lines time=2023-04-21 17:14:13.151]
04-21 17:14:13.170 28487 28628 D ar_activity: [TRACKING TransformPointToPose time=2023-04-21 17:14:13.170]
04-21 17:14:13.170 28487 28628 D ar_activity: [TRACKING TransformPointToPose time=2023-04-21 17:14:13.170]
04-21 17:14:13.170 28487 28628 D ar_activity: send stroke to firebase, id=-NT_eiBAutp5YSmsNnho
04-21 17:14:13.172 28487 28628 D ar_activity: [[2d] after update lines time=2023-04-21 17:14:13.172]
04-21 17:14:13.172 28487 28487 D ar_activity: [[2a end - 2d start] onChildChanged stroke id=-NT_eiBAutp5YSmsNnho time=2023-04-21 17:14:13.172]
04-21 17:14:13.191 28487 28628 D ar_activity: [TRACKING TransformPointToPose time=2023-04-21 17:14:13.191]
04-21 17:14:13.192 28487 28628 D ar_activity: send stroke to firebase, id=-NT_eiBAutp5YSmsNnho
04-21 17:14:13.192 28487 28628 D ar_activity: [[2d] after update lines time=2023-04-21 17:14:13.192]
04-21 17:14:13.213 28487 28628 D ar_activity: [TRACKING TransformPointToPose time=2023-04-21 17:14:13.213]
04-21 17:14:13.213 28487 28628 D ar_activity: send stroke to firebase, id=-NT_eiBAutp5YSmsNnho
04-21 17:14:13.214 28487 28628 D ar_activity: [[2d] after update lines time=2023-04-21 17:14:13.214]
04-21 17:14:13.233 28487 28628 D ar_activity: [TRACKING TransformPointToPose time=2023-04-21 17:14:13.233]
04-21 17:14:13.234 28487 28628 D ar_activity: send stroke to firebase, id=-NT_eiBAutp5YSmsNnho
04-21 17:14:13.234 28487 28487 D ar_activity: [[2a end - 2d start] onChildChanged stroke id=-NT_eiBAutp5YSmsNnho time=2023-04-21 17:14:13.234]
04-21 17:14:13.235 28487 28628 D ar_activity: [[2d] after update lines time=2023-04-21 17:14:13.235]
04-21 17:14:13.257 28487 28628 D ar_activity: [TRACKING TransformPointToPose time=2023-04-21 17:14:13.256]
04-21 17:14:13.257 28487 28628 D ar_activity: [TRACKING TransformPointToPose time=2023-04-21 17:14:13.257]
04-21 17:14:13.257 28487 28628 D ar_activity: send stroke to firebase, id=-NT_eiBAutp5YSmsNnho
04-21 17:14:13.257 28487 28628 D ar_activity: [[2d] after update lines time=2023-04-21 17:14:13.257]
04-21 17:14:13.277 28487 28628 D ar_activity: [TRACKING TransformPointToPose time=2023-04-21 17:14:13.277]
04-21 17:14:13.277 28487 28628 D ar_activity: send stroke to firebase, id=-NT_eiBAutp5YSmsNnho
04-21 17:14:13.278 28487 28628 D ar_activity: [[2d] after update lines time=2023-04-21 17:14:13.278]
04-21 17:14:13.297 28487 28628 D ar_activity: [TRACKING TransformPointToPose time=2023-04-21 17:14:13.297]
04-21 17:14:13.297 28487 28628 D ar_activity: send stroke to firebase, id=-NT_eiBAutp5YSmsNnho
04-21 17:14:13.298 28487 28628 D ar_activity: [[2d] after update lines time=2023-04-21 17:14:13.297]
04-21 17:14:13.317 28487 28628 D ar_activity: [TRACKING TransformPointToPose time=2023-04-21 17:14:13.316]
04-21 17:14:13.317 28487 28628 D ar_activity: send stroke to firebase, id=-NT_eiBAutp5YSmsNnho
04-21 17:14:13.318 28487 28628 D ar_activity: [[2d] after update lines time=2023-04-21 17:14:13.317]
04-21 17:14:13.321 28487 28487 D ar_activity: [[2a end - 2d start] onChildChanged stroke id=-NT_eiBAutp5YSmsNnho time=2023-04-21 17:14:13.321]
04-21 17:14:13.338 28487 28628 D ar_activity: [TRACKING TransformPointToPose time=2023-04-21 17:14:13.338]
04-21 17:14:13.338 28487 28628 D ar_activity: [TRACKING TransformPointToPose time=2023-04-21 17:14:13.338]
04-21 17:14:13.339 28487 28628 D ar_activity: send stroke to firebase, id=-NT_eiBAutp5YSmsNnho
04-21 17:14:13.339 28487 28628 D ar_activity: [[2d] after update lines time=2023-04-21 17:14:13.339]
04-21 17:14:13.362 28487 28628 D ar_activity: [TRACKING TransformPointToPose time=2023-04-21 17:14:13.362]
04-21 17:14:13.363 28487 28628 D ar_activity: send stroke to firebase, id=-NT_eiBAutp5YSmsNnho
04-21 17:14:13.363 28487 28628 D ar_activity: [[2d] after update lines time=2023-04-21 17:14:13.363]
04-21 17:14:13.373 28487 28487 D ar_activity: [[2a end - 2d start] onChildChanged stroke id=-NT_eiBAutp5YSmsNnho time=2023-04-21 17:14:13.372]
04-21 17:14:13.382 28487 28628 D ar_activity: [TRACKING TransformPointToPose time=2023-04-21 17:14:13.382]
04-21 17:14:13.383 28487 28628 D ar_activity: send stroke to firebase, id=-NT_eiBAutp5YSmsNnho
04-21 17:14:13.383 28487 28628 D ar_activity: [[2d] after update lines time=2023-04-21 17:14:13.383]
04-21 17:14:13.406 28487 28628 D ar_activity: [TRACKING TransformPointToPose time=2023-04-21 17:14:13.406]
04-21 17:14:13.408 28487 28628 D ar_activity: [TRACKING TransformPointToPose time=2023-04-21 17:14:13.407]
04-21 17:14:13.408 28487 28628 D ar_activity: send stroke to firebase, id=-NT_eiBAutp5YSmsNnho
04-21 17:14:13.408 28487 28628 D ar_activity: [[2d] after update lines time=2023-04-21 17:14:13.408]
04-21 17:14:13.429 28487 28628 D ar_activity: [TRACKING TransformPointToPose time=2023-04-21 17:14:13.429]
04-21 17:14:13.430 28487 28628 D ar_activity: send stroke to firebase, id=-NT_eiBAutp5YSmsNnho
04-21 17:14:13.432 28487 28628 D ar_activity: [[2d] after update lines time=2023-04-21 17:14:13.431]
04-21 17:14:13.432 28487 28487 D ar_activity: [[2a end - 2d start] onChildChanged stroke id=-NT_eiBAutp5YSmsNnho time=2023-04-21 17:14:13.432]
04-21 17:14:13.456 28487 28628 D ar_activity: [TRACKING TransformPointToPose time=2023-04-21 17:14:13.456]
04-21 17:14:13.457 28487 28628 D ar_activity: [TRACKING TransformPointToPose time=2023-04-21 17:14:13.456]
04-21 17:14:13.458 28487 28628 D ar_activity: send stroke to firebase, id=-NT_eiBAutp5YSmsNnho
04-21 17:14:13.458 28487 28628 D ar_activity: [[2d] after update lines time=2023-04-21 17:14:13.458]
04-21 17:14:13.480 28487 28628 D ar_activity: [TRACKING TransformPointToPose time=2023-04-21 17:14:13.480]
04-21 17:14:13.481 28487 28628 D ar_activity: send stroke to firebase, id=-NT_eiBAutp5YSmsNnho
04-21 17:14:13.481 28487 28628 D ar_activity: [[2d] after update lines time=2023-04-21 17:14:13.481]
04-21 17:14:13.498 28487 28487 D ar_activity: [[2a end - 2d start] onChildChanged stroke id=-NT_eiBAutp5YSmsNnho time=2023-04-21 17:14:13.498]
04-21 17:14:13.501 28487 28628 D ar_activity: [TRACKING TransformPointToPose time=2023-04-21 17:14:13.501]
04-21 17:14:13.502 28487 28628 D ar_activity: send stroke to firebase, id=-NT_eiBAutp5YSmsNnho
04-21 17:14:13.504 28487 28628 D ar_activity: [[2d] after update lines time=2023-04-21 17:14:13.503]
04-21 17:14:13.525 28487 28628 D ar_activity: [TRACKING TransformPointToPose time=2023-04-21 17:14:13.524]
04-21 17:14:13.525 28487 28628 D ar_activity: send stroke to firebase, id=-NT_eiBAutp5YSmsNnho
04-21 17:14:13.527 28487 28628 D ar_activity: [[2d] after update lines time=2023-04-21 17:14:13.526]
04-21 17:14:13.547 28487 28628 D ar_activity: [TRACKING TransformPointToPose time=2023-04-21 17:14:13.547]
04-21 17:14:13.548 28487 28628 D ar_activity: send stroke to firebase, id=-NT_eiBAutp5YSmsNnho
04-21 17:14:13.548 28487 28628 D ar_activity: [[2d] after update lines time=2023-04-21 17:14:13.548]
04-21 17:14:13.567 28487 28628 D ar_activity: [TRACKING TransformPointToPose time=2023-04-21 17:14:13.567]
04-21 17:14:13.567 28487 28628 D ar_activity: send stroke to firebase, id=-NT_eiBAutp5YSmsNnho
04-21 17:14:13.568 28487 28628 D ar_activity: [[2d] after update lines time=2023-04-21 17:14:13.568]
04-21 17:14:13.587 28487 28628 D ar_activity: [TRACKING TransformPointToPose time=2023-04-21 17:14:13.587]
04-21 17:14:13.587 28487 28628 D ar_activity: [TRACKING TransformPointToPose time=2023-04-21 17:14:13.587]
04-21 17:14:13.587 28487 28628 D ar_activity: send stroke to firebase, id=-NT_eiBAutp5YSmsNnho
04-21 17:14:13.588 28487 28628 D ar_activity: [[2d] after update lines time=2023-04-21 17:14:13.588]
04-21 17:14:13.588 28487 28487 D ar_activity: [[2a end - 2d start] onChildChanged stroke id=-NT_eiBAutp5YSmsNnho time=2023-04-21 17:14:13.588]
04-21 17:14:13.606 28487 28628 D ar_activity: [TRACKING TransformPointToPose time=2023-04-21 17:14:13.606]
04-21 17:14:13.607 28487 28628 D ar_activity: send stroke to firebase, id=-NT_eiBAutp5YSmsNnho
04-21 17:14:13.607 28487 28628 D ar_activity: [[2d] after update lines time=2023-04-21 17:14:13.607]
04-21 17:14:13.626 28487 28628 D ar_activity: [TRACKING TransformPointToPose time=2023-04-21 17:14:13.626]
04-21 17:14:13.628 28487 28628 D ar_activity: send stroke to firebase, id=-NT_eiBAutp5YSmsNnho
04-21 17:14:13.629 28487 28628 D ar_activity: [[2d] after update lines time=2023-04-21 17:14:13.629]
04-21 17:14:13.648 28487 28628 D ar_activity: [TRACKING TransformPointToPose time=2023-04-21 17:14:13.648]
04-21 17:14:13.648 28487 28628 D ar_activity: send stroke to firebase, id=-NT_eiBAutp5YSmsNnho
04-21 17:14:13.649 28487 28628 D ar_activity: [[2d] after update lines time=2023-04-21 17:14:13.649]
04-21 17:14:13.660 28487 28487 D ar_activity: [[2a end - 2d start] onChildChanged stroke id=-NT_eiBAutp5YSmsNnho time=2023-04-21 17:14:13.659]
04-21 17:14:13.668 28487 28628 D ar_activity: [TRACKING TransformPointToPose time=2023-04-21 17:14:13.667]
04-21 17:14:13.668 28487 28628 D ar_activity: [TRACKING TransformPointToPose time=2023-04-21 17:14:13.668]
04-21 17:14:13.668 28487 28628 D ar_activity: send stroke to firebase, id=-NT_eiBAutp5YSmsNnho
04-21 17:14:13.669 28487 28628 D ar_activity: [[2d] after update lines time=2023-04-21 17:14:13.669]
04-21 17:14:13.689 28487 28628 D ar_activity: [TRACKING TransformPointToPose time=2023-04-21 17:14:13.689]
04-21 17:14:13.689 28487 28628 D ar_activity: send stroke to firebase, id=-NT_eiBAutp5YSmsNnho
04-21 17:14:13.690 28487 28628 D ar_activity: [[2d] after update lines time=2023-04-21 17:14:13.690]
04-21 17:14:13.708 28487 28628 D ar_activity: [TRACKING TransformPointToPose time=2023-04-21 17:14:13.708]
04-21 17:14:13.708 28487 28628 D ar_activity: send stroke to firebase, id=-NT_eiBAutp5YSmsNnho
04-21 17:14:13.709 28487 28487 D ar_activity: [[2a end - 2d start] onChildChanged stroke id=-NT_eiBAutp5YSmsNnho time=2023-04-21 17:14:13.709]
04-21 17:14:13.709 28487 28628 D ar_activity: [[2d] after update lines time=2023-04-21 17:14:13.709]
04-21 17:14:13.729 28487 28628 D ar_activity: [TRACKING TransformPointToPose time=2023-04-21 17:14:13.729]
04-21 17:14:13.730 28487 28628 D ar_activity: send stroke to firebase, id=-NT_eiBAutp5YSmsNnho
04-21 17:14:13.730 28487 28628 D ar_activity: [[2d] after update lines time=2023-04-21 17:14:13.730]
04-21 17:14:13.750 28487 28628 D ar_activity: [TRACKING TransformPointToPose time=2023-04-21 17:14:13.750]
04-21 17:14:13.750 28487 28628 D ar_activity: send stroke to firebase, id=-NT_eiBAutp5YSmsNnho
04-21 17:14:13.751 28487 28628 D ar_activity: [[2d] after update lines time=2023-04-21 17:14:13.751]
04-21 17:14:13.770 28487 28628 D ar_activity: [TRACKING TransformPointToPose time=2023-04-21 17:14:13.769]
04-21 17:14:13.770 28487 28628 D ar_activity: [TRACKING TransformPointToPose time=2023-04-21 17:14:13.770]
04-21 17:14:13.770 28487 28628 D ar_activity: send stroke to firebase, id=-NT_eiBAutp5YSmsNnho
04-21 17:14:13.772 28487 28628 D ar_activity: [[2d] after update lines time=2023-04-21 17:14:13.772]
04-21 17:14:13.773 28487 28487 D ar_activity: [[2a end - 2d start] onChildChanged stroke id=-NT_eiBAutp5YSmsNnho time=2023-04-21 17:14:13.772]
04-21 17:14:13.796 28487 28628 D ar_activity: [TRACKING TransformPointToPose time=2023-04-21 17:14:13.794]
04-21 17:14:13.799 28487 28628 D ar_activity: send stroke to firebase, id=-NT_eiBAutp5YSmsNnho
04-21 17:14:13.800 28487 28628 D ar_activity: [[2d] after update lines time=2023-04-21 17:14:13.800]
04-21 17:14:13.825 28487 28628 D ar_activity: [TRACKING TransformPointToPose time=2023-04-21 17:14:13.824]
04-21 17:14:13.829 28487 28628 D ar_activity: [TRACKING TransformPointToPose time=2023-04-21 17:14:13.828]
04-21 17:14:13.830 28487 28628 D ar_activity: send stroke to firebase, id=-NT_eiBAutp5YSmsNnho
04-21 17:14:13.831 28487 28487 D ar_activity: [[2a end - 2d start] onChildChanged stroke id=-NT_eiBAutp5YSmsNnho time=2023-04-21 17:14:13.831]
04-21 17:14:13.832 28487 28628 D ar_activity: [[2d] after update lines time=2023-04-21 17:14:13.832]
04-21 17:14:13.855 28487 28628 D ar_activity: [TRACKING TransformPointToPose time=2023-04-21 17:14:13.855]
04-21 17:14:13.855 28487 28628 D ar_activity: [TRACKING TransformPointToPose time=2023-04-21 17:14:13.855]
04-21 17:14:13.855 28487 28628 D ar_activity: send stroke to firebase, id=-NT_eiBAutp5YSmsNnho
04-21 17:14:13.856 28487 28628 D ar_activity: [[2d] after update lines time=2023-04-21 17:14:13.856]
04-21 17:14:13.875 28487 28628 D ar_activity: [TRACKING TransformPointToPose time=2023-04-21 17:14:13.875]
04-21 17:14:13.876 28487 28628 D ar_activity: send stroke to firebase, id=-NT_eiBAutp5YSmsNnho
04-21 17:14:13.876 28487 28628 D ar_activity: [[2d] after update lines time=2023-04-21 17:14:13.876]
04-21 17:14:13.897 28487 28628 D ar_activity: [TRACKING TransformPointToPose time=2023-04-21 17:14:13.896]
04-21 17:14:13.897 28487 28628 D ar_activity: send stroke to firebase, id=-NT_eiBAutp5YSmsNnho
04-21 17:14:13.897 28487 28628 D ar_activity: [[2d] after update lines time=2023-04-21 17:14:13.897]
04-21 17:14:13.909 28487 28487 D ar_activity: [[2a end - 2d start] onChildChanged stroke id=-NT_eiBAutp5YSmsNnho time=2023-04-21 17:14:13.909]
04-21 17:14:13.916 28487 28628 D ar_activity: [TRACKING TransformPointToPose time=2023-04-21 17:14:13.916]
04-21 17:14:13.916 28487 28628 D ar_activity: send stroke to firebase, id=-NT_eiBAutp5YSmsNnho
04-21 17:14:13.917 28487 28628 D ar_activity: [[2d] after update lines time=2023-04-21 17:14:13.917]
04-21 17:14:13.937 28487 28628 D ar_activity: [TRACKING TransformPointToPose time=2023-04-21 17:14:13.936]
04-21 17:14:13.938 28487 28628 D ar_activity: [TRACKING TransformPointToPose time=2023-04-21 17:14:13.937]
04-21 17:14:13.938 28487 28628 D ar_activity: send stroke to firebase, id=-NT_eiBAutp5YSmsNnho
04-21 17:14:13.939 28487 28628 D ar_activity: [[2d] after update lines time=2023-04-21 17:14:13.939]
04-21 17:14:13.959 28487 28628 D ar_activity: [TRACKING TransformPointToPose time=2023-04-21 17:14:13.959]
04-21 17:14:13.959 28487 28628 D ar_activity: send stroke to firebase, id=-NT_eiBAutp5YSmsNnho
04-21 17:14:13.960 28487 28628 D ar_activity: [[2d] after update lines time=2023-04-21 17:14:13.959]
04-21 17:14:13.981 28487 28628 D ar_activity: [TRACKING TransformPointToPose time=2023-04-21 17:14:13.980]
04-21 17:14:13.981 28487 28628 D ar_activity: send stroke to firebase, id=-NT_eiBAutp5YSmsNnho
04-21 17:14:13.981 28487 28628 D ar_activity: [[2d] after update lines time=2023-04-21 17:14:13.981]
04-21 17:14:13.986 28487 28487 D ar_activity: [[2a end - 2d start] onChildChanged stroke id=-NT_eiBAutp5YSmsNnho time=2023-04-21 17:14:13.986]
04-21 17:14:14.000 28487 28628 D ar_activity: [TRACKING TransformPointToPose time=2023-04-21 17:14:14.000]
04-21 17:14:14.000 28487 28628 D ar_activity: send stroke to firebase, id=-NT_eiBAutp5YSmsNnho
04-21 17:14:14.001 28487 28628 D ar_activity: [[2d] after update lines time=2023-04-21 17:14:14.001]
04-21 17:14:14.021 28487 28628 D ar_activity: [TRACKING TransformPointToPose time=2023-04-21 17:14:14.021]
04-21 17:14:14.022 28487 28628 D ar_activity: send stroke to firebase, id=-NT_eiBAutp5YSmsNnho
04-21 17:14:14.023 28487 28628 D ar_activity: [[2d] after update lines time=2023-04-21 17:14:14.023]
04-21 17:14:14.043 28487 28628 D ar_activity: [TRACKING TransformPointToPose time=2023-04-21 17:14:14.042]
04-21 17:14:14.043 28487 28628 D ar_activity: send stroke to firebase, id=-NT_eiBAutp5YSmsNnho
04-21 17:14:14.044 28487 28628 D ar_activity: [[2d] after update lines time=2023-04-21 17:14:14.044]
04-21 17:14:14.047 28487 28487 D ar_activity: [[2a end - 2d start] onChildChanged stroke id=-NT_eiBAutp5YSmsNnho time=2023-04-21 17:14:14.047]
04-21 17:14:14.067 28487 28628 D ar_activity: [TRACKING TransformPointToPose time=2023-04-21 17:14:14.066]
04-21 17:14:14.067 28487 28628 D ar_activity: send stroke to firebase, id=-NT_eiBAutp5YSmsNnho
04-21 17:14:14.069 28487 28628 D ar_activity: [[2d] after update lines time=2023-04-21 17:14:14.069]
04-21 17:14:14.092 28487 28628 D ar_activity: [TRACKING TransformPointToPose time=2023-04-21 17:14:14.092]
04-21 17:14:14.093 28487 28628 D ar_activity: send stroke to firebase, id=-NT_eiBAutp5YSmsNnho
04-21 17:14:14.099 28487 28628 D ar_activity: [[2d] after update lines time=2023-04-21 17:14:14.097]
04-21 17:14:14.125 28487 28628 D ar_activity: [TRACKING TransformPointToPose time=2023-04-21 17:14:14.124]
04-21 17:14:14.125 28487 28628 D ar_activity: [TRACKING TransformPointToPose time=2023-04-21 17:14:14.125]
04-21 17:14:14.127 28487 28628 D ar_activity: send stroke to firebase, id=-NT_eiBAutp5YSmsNnho
04-21 17:14:14.131 28487 28487 D ar_activity: [[2a end - 2d start] onChildChanged stroke id=-NT_eiBAutp5YSmsNnho time=2023-04-21 17:14:14.131]
04-21 17:14:14.131 28487 28628 D ar_activity: [[2d] after update lines time=2023-04-21 17:14:14.131]
04-21 17:14:14.153 28487 28628 D ar_activity: [TRACKING TransformPointToPose time=2023-04-21 17:14:14.152]
04-21 17:14:14.154 28487 28628 D ar_activity: [TRACKING TransformPointToPose time=2023-04-21 17:14:14.154]
04-21 17:14:14.156 28487 28628 D ar_activity: send stroke to firebase, id=-NT_eiBAutp5YSmsNnho
04-21 17:14:14.158 28487 28628 D ar_activity: [[2d] after update lines time=2023-04-21 17:14:14.158]
04-21 17:14:14.182 28487 28628 D ar_activity: [TRACKING TransformPointToPose time=2023-04-21 17:14:14.182]
04-21 17:14:14.182 28487 28628 D ar_activity: send stroke to firebase, id=-NT_eiBAutp5YSmsNnho
04-21 17:14:14.183 28487 28628 D ar_activity: [[2d] after update lines time=2023-04-21 17:14:14.183]
04-21 17:14:14.202 28487 28628 D ar_activity: [TRACKING TransformPointToPose time=2023-04-21 17:14:14.201]
04-21 17:14:14.202 28487 28628 D ar_activity: [TRACKING TransformPointToPose time=2023-04-21 17:14:14.202]
04-21 17:14:14.202 28487 28628 D ar_activity: send stroke to firebase, id=-NT_eiBAutp5YSmsNnho
04-21 17:14:14.203 28487 28628 D ar_activity: [[2d] after update lines time=2023-04-21 17:14:14.203]
04-21 17:14:14.219 28487 28487 D ar_activity: [[2a end - 2d start] onChildChanged stroke id=-NT_eiBAutp5YSmsNnho time=2023-04-21 17:14:14.219]
04-21 17:14:14.222 28487 28628 D ar_activity: [TRACKING TransformPointToPose time=2023-04-21 17:14:14.221]
04-21 17:14:14.222 28487 28628 D ar_activity: send stroke to firebase, id=-NT_eiBAutp5YSmsNnho
04-21 17:14:14.223 28487 28628 D ar_activity: [[2d] after update lines time=2023-04-21 17:14:14.222]
04-21 17:14:14.242 28487 28628 D ar_activity: [TRACKING TransformPointToPose time=2023-04-21 17:14:14.242]
04-21 17:14:14.243 28487 28628 D ar_activity: send stroke to firebase, id=-NT_eiBAutp5YSmsNnho
04-21 17:14:14.243 28487 28628 D ar_activity: [[2d] after update lines time=2023-04-21 17:14:14.243]
04-21 17:14:14.264 28487 28628 D ar_activity: [TRACKING TransformPointToPose time=2023-04-21 17:14:14.264]
04-21 17:14:14.265 28487 28628 D ar_activity: send stroke to firebase, id=-NT_eiBAutp5YSmsNnho
04-21 17:14:14.265 28487 28628 D ar_activity: [[2d] after update lines time=2023-04-21 17:14:14.265]
04-21 17:14:14.284 28487 28628 D ar_activity: [TRACKING TransformPointToPose time=2023-04-21 17:14:14.284]
04-21 17:14:14.284 28487 28628 D ar_activity: [TRACKING TransformPointToPose time=2023-04-21 17:14:14.284]
04-21 17:14:14.284 28487 28628 D ar_activity: send stroke to firebase, id=-NT_eiBAutp5YSmsNnho
04-21 17:14:14.285 28487 28628 D ar_activity: [[2d] after update lines time=2023-04-21 17:14:14.285]
04-21 17:14:14.304 28487 28628 D ar_activity: [TRACKING TransformPointToPose time=2023-04-21 17:14:14.304]
04-21 17:14:14.304 28487 28628 D ar_activity: send stroke to firebase, id=-NT_eiBAutp5YSmsNnho
04-21 17:14:14.305 28487 28628 D ar_activity: [[2d] after update lines time=2023-04-21 17:14:14.305]
04-21 17:14:14.324 28487 28628 D ar_activity: [TRACKING TransformPointToPose time=2023-04-21 17:14:14.324]
04-21 17:14:14.324 28487 28628 D ar_activity: send stroke to firebase, id=-NT_eiBAutp5YSmsNnho
04-21 17:14:14.325 28487 28628 D ar_activity: [[2d] after update lines time=2023-04-21 17:14:14.325]
04-21 17:14:14.344 28487 28628 D ar_activity: [TRACKING TransformPointToPose time=2023-04-21 17:14:14.343]
04-21 17:14:14.344 28487 28628 D ar_activity: send stroke to firebase, id=-NT_eiBAutp5YSmsNnho
04-21 17:14:14.344 28487 28628 D ar_activity: [[2d] after update lines time=2023-04-21 17:14:14.344]
04-21 17:14:14.368 28487 28628 D ar_activity: [TRACKING TransformPointToPose time=2023-04-21 17:14:14.367]
04-21 17:14:14.371 28487 28628 D ar_activity: [TRACKING TransformPointToPose time=2023-04-21 17:14:14.369]
04-21 17:14:14.371 28487 28628 D ar_activity: send stroke to firebase, id=-NT_eiBAutp5YSmsNnho
04-21 17:14:14.373 28487 28628 D ar_activity: [[2d] after update lines time=2023-04-21 17:14:14.373]
04-21 17:14:14.398 28487 28628 D ar_activity: [TRACKING TransformPointToPose time=2023-04-21 17:14:14.398]
04-21 17:14:14.398 28487 28628 D ar_activity: send stroke to firebase, id=-NT_eiBAutp5YSmsNnho
04-21 17:14:14.399 28487 28628 D ar_activity: [[2d] after update lines time=2023-04-21 17:14:14.399]
04-21 17:14:14.424 28487 28628 D ar_activity: [TRACKING TransformPointToPose time=2023-04-21 17:14:14.424]
04-21 17:14:14.425 28487 28628 D ar_activity: [TRACKING TransformPointToPose time=2023-04-21 17:14:14.424]
04-21 17:14:14.425 28487 28628 D ar_activity: send stroke to firebase, id=-NT_eiBAutp5YSmsNnho
04-21 17:14:14.426 28487 28628 D ar_activity: [[2d] after update lines time=2023-04-21 17:14:14.426]
04-21 17:14:14.448 28487 28628 D ar_activity: [TRACKING TransformPointToPose time=2023-04-21 17:14:14.448]
04-21 17:14:14.448 28487 28628 D ar_activity: send stroke to firebase, id=-NT_eiBAutp5YSmsNnho
04-21 17:14:14.449 28487 28628 D ar_activity: [[2d] after update lines time=2023-04-21 17:14:14.449]
04-21 17:14:14.468 28487 28628 D ar_activity: [TRACKING TransformPointToPose time=2023-04-21 17:14:14.467]
04-21 17:14:14.468 28487 28628 D ar_activity: [TRACKING TransformPointToPose time=2023-04-21 17:14:14.468]
04-21 17:14:14.468 28487 28628 D ar_activity: send stroke to firebase, id=-NT_eiBAutp5YSmsNnho
04-21 17:14:14.469 28487 28628 D ar_activity: [[2d] after update lines time=2023-04-21 17:14:14.468]
04-21 17:14:14.487 28487 28628 D ar_activity: [TRACKING TransformPointToPose time=2023-04-21 17:14:14.487]
04-21 17:14:14.488 28487 28628 D ar_activity: send stroke to firebase, id=-NT_eiBAutp5YSmsNnho
04-21 17:14:14.488 28487 28628 D ar_activity: [[2d] after update lines time=2023-04-21 17:14:14.488]
04-21 17:14:14.507 28487 28628 D ar_activity: [TRACKING TransformPointToPose time=2023-04-21 17:14:14.507]
04-21 17:14:14.507 28487 28628 D ar_activity: send stroke to firebase, id=-NT_eiBAutp5YSmsNnho
04-21 17:14:14.508 28487 28628 D ar_activity: [[2d] after update lines time=2023-04-21 17:14:14.508]
04-21 17:14:14.526 28487 28628 D ar_activity: [TRACKING TransformPointToPose time=2023-04-21 17:14:14.526]
04-21 17:14:14.526 28487 28628 D ar_activity: send stroke to firebase, id=-NT_eiBAutp5YSmsNnho
04-21 17:14:14.530 28487 28628 D ar_activity: [[2d] after update lines time=2023-04-21 17:14:14.527]
04-21 17:14:14.550 28487 28628 D ar_activity: [TRACKING TransformPointToPose time=2023-04-21 17:14:14.549]
04-21 17:14:14.550 28487 28628 D ar_activity: send stroke to firebase, id=-NT_eiBAutp5YSmsNnho
04-21 17:14:14.550 28487 28628 D ar_activity: [[2d] after update lines time=2023-04-21 17:14:14.550]
04-21 17:14:14.570 28487 28628 D ar_activity: [TRACKING TransformPointToPose time=2023-04-21 17:14:14.570]
04-21 17:14:14.571 28487 28628 D ar_activity: send stroke to firebase, id=-NT_eiBAutp5YSmsNnho
04-21 17:14:14.573 28487 28628 D ar_activity: [[2d] after update lines time=2023-04-21 17:14:14.572]
04-21 17:14:14.592 28487 28628 D ar_activity: [TRACKING TransformPointToPose time=2023-04-21 17:14:14.592]
04-21 17:14:14.593 28487 28628 D ar_activity: send stroke to firebase, id=-NT_eiBAutp5YSmsNnho
04-21 17:14:14.594 28487 28628 D ar_activity: [[2d] after update lines time=2023-04-21 17:14:14.593]
04-21 17:14:14.615 28487 28628 D ar_activity: [TRACKING TransformPointToPose time=2023-04-21 17:14:14.615]
04-21 17:14:14.615 28487 28628 D ar_activity: send stroke to firebase, id=-NT_eiBAutp5YSmsNnho
04-21 17:14:14.615 28487 28628 D ar_activity: [[2d] after update lines time=2023-04-21 17:14:14.615]
04-21 17:14:14.634 28487 28628 D ar_activity: [TRACKING TransformPointToPose time=2023-04-21 17:14:14.634]
04-21 17:14:14.634 28487 28628 D ar_activity: [TRACKING TransformPointToPose time=2023-04-21 17:14:14.634]
04-21 17:14:14.635 28487 28628 D ar_activity: send stroke to firebase, id=-NT_eiBAutp5YSmsNnho
04-21 17:14:14.635 28487 28628 D ar_activity: [[2d] after update lines time=2023-04-21 17:14:14.635]
04-21 17:14:14.654 28487 28628 D ar_activity: [TRACKING TransformPointToPose time=2023-04-21 17:14:14.654]
04-21 17:14:14.654 28487 28628 D ar_activity: send stroke to firebase, id=-NT_eiBAutp5YSmsNnho
04-21 17:14:14.655 28487 28628 D ar_activity: [[2d] after update lines time=2023-04-21 17:14:14.655]
04-21 17:14:14.674 28487 28628 D ar_activity: [TRACKING TransformPointToPose time=2023-04-21 17:14:14.673]
04-21 17:14:14.674 28487 28628 D ar_activity: send stroke to firebase, id=-NT_eiBAutp5YSmsNnho
04-21 17:14:14.674 28487 28628 D ar_activity: [[2d] after update lines time=2023-04-21 17:14:14.674]
04-21 17:14:14.693 28487 28628 D ar_activity: [TRACKING TransformPointToPose time=2023-04-21 17:14:14.693]
04-21 17:14:14.693 28487 28628 D ar_activity: send stroke to firebase, id=-NT_eiBAutp5YSmsNnho
04-21 17:14:14.695 28487 28628 D ar_activity: [[2d] after update lines time=2023-04-21 17:14:14.694]
04-21 17:14:14.715 28487 28628 D ar_activity: [TRACKING TransformPointToPose time=2023-04-21 17:14:14.715]
04-21 17:14:14.715 28487 28628 D ar_activity: send stroke to firebase, id=-NT_eiBAutp5YSmsNnho
04-21 17:14:14.716 28487 28628 D ar_activity: [[2d] after update lines time=2023-04-21 17:14:14.716]
04-21 17:14:14.735 28487 28628 D ar_activity: [TRACKING TransformPointToPose time=2023-04-21 17:14:14.735]
04-21 17:14:14.735 28487 28628 D ar_activity: [TRACKING TransformPointToPose time=2023-04-21 17:14:14.735]
04-21 17:14:14.736 28487 28628 D ar_activity: send stroke to firebase, id=-NT_eiBAutp5YSmsNnho
04-21 17:14:14.737 28487 28628 D ar_activity: [[2d] after update lines time=2023-04-21 17:14:14.736]
04-21 17:14:14.756 28487 28628 D ar_activity: [TRACKING TransformPointToPose time=2023-04-21 17:14:14.756]
04-21 17:14:14.756 28487 28628 D ar_activity: send stroke to firebase, id=-NT_eiBAutp5YSmsNnho
04-21 17:14:14.757 28487 28628 D ar_activity: [[2d] after update lines time=2023-04-21 17:14:14.756]
04-21 17:14:14.775 28487 28628 D ar_activity: [TRACKING TransformPointToPose time=2023-04-21 17:14:14.775]
04-21 17:14:14.775 28487 28628 D ar_activity: send stroke to firebase, id=-NT_eiBAutp5YSmsNnho
04-21 17:14:14.776 28487 28628 D ar_activity: [[2d] after update lines time=2023-04-21 17:14:14.776]
04-21 17:14:14.797 28487 28628 D ar_activity: [TRACKING TransformPointToPose time=2023-04-21 17:14:14.795]
04-21 17:14:14.797 28487 28628 D ar_activity: send stroke to firebase, id=-NT_eiBAutp5YSmsNnho
04-21 17:14:14.798 28487 28628 D ar_activity: [[2d] after update lines time=2023-04-21 17:14:14.798]
04-21 17:14:14.823 28487 28628 D ar_activity: [TRACKING TransformPointToPose time=2023-04-21 17:14:14.818]
04-21 17:14:14.824 28487 28628 D ar_activity: [TRACKING TransformPointToPose time=2023-04-21 17:14:14.824]
04-21 17:14:14.825 28487 28628 D ar_activity: send stroke to firebase, id=-NT_eiBAutp5YSmsNnho
04-21 17:14:14.827 28487 28628 D ar_activity: [[2d] after update lines time=2023-04-21 17:14:14.826]
04-21 17:14:14.849 28487 28487 D ar_activity: [[2a end - 2d start] onChildChanged stroke id=-NT_eiBAutp5YSmsNnho time=2023-04-21 17:14:14.848]
04-21 17:14:14.853 28487 28628 D ar_activity: [TRACKING TransformPointToPose time=2023-04-21 17:14:14.853]
04-21 17:14:14.854 28487 28628 D ar_activity: send stroke to firebase, id=-NT_eiBAutp5YSmsNnho
04-21 17:14:14.855 28487 28628 D ar_activity: [[2d] after update lines time=2023-04-21 17:14:14.854]
04-21 17:14:14.874 28487 28628 D ar_activity: [TRACKING TransformPointToPose time=2023-04-21 17:14:14.874]
04-21 17:14:14.875 28487 28628 D ar_activity: [TRACKING TransformPointToPose time=2023-04-21 17:14:14.874]
04-21 17:14:14.875 28487 28628 D ar_activity: send stroke to firebase, id=-NT_eiBAutp5YSmsNnho
04-21 17:14:14.876 28487 28628 D ar_activity: [[2d] after update lines time=2023-04-21 17:14:14.875]
04-21 17:14:14.897 28487 28628 D ar_activity: [TRACKING TransformPointToPose time=2023-04-21 17:14:14.897]
04-21 17:14:14.897 28487 28628 D ar_activity: send stroke to firebase, id=-NT_eiBAutp5YSmsNnho
04-21 17:14:14.898 28487 28628 D ar_activity: [[2d] after update lines time=2023-04-21 17:14:14.898]
04-21 17:14:14.917 28487 28628 D ar_activity: [TRACKING TransformPointToPose time=2023-04-21 17:14:14.916]
04-21 17:14:14.917 28487 28628 D ar_activity: [TRACKING TransformPointToPose time=2023-04-21 17:14:14.917]
04-21 17:14:14.917 28487 28628 D ar_activity: send stroke to firebase, id=-NT_eiBAutp5YSmsNnho
04-21 17:14:14.918 28487 28628 D ar_activity: [[2d] after update lines time=2023-04-21 17:14:14.917]
04-21 17:14:14.936 28487 28628 D ar_activity: [TRACKING TransformPointToPose time=2023-04-21 17:14:14.936]
04-21 17:14:14.936 28487 28628 D ar_activity: send stroke to firebase, id=-NT_eiBAutp5YSmsNnho
04-21 17:14:14.937 28487 28628 D ar_activity: [[2d] after update lines time=2023-04-21 17:14:14.937]
04-21 17:14:14.950 28487 28487 D ar_activity: [[2a end - 2d start] onChildChanged stroke id=-NT_eiBAutp5YSmsNnho time=2023-04-21 17:14:14.950]
04-21 17:14:14.958 28487 28628 D ar_activity: [TRACKING TransformPointToPose time=2023-04-21 17:14:14.958]
04-21 17:14:14.959 28487 28628 D ar_activity: send stroke to firebase, id=-NT_eiBAutp5YSmsNnho
04-21 17:14:14.961 28487 28628 D ar_activity: [[2d] after update lines time=2023-04-21 17:14:14.960]
04-21 17:14:14.983 28487 28628 D ar_activity: [TRACKING TransformPointToPose time=2023-04-21 17:14:14.983]
04-21 17:14:14.983 28487 28628 D ar_activity: [TRACKING TransformPointToPose time=2023-04-21 17:14:14.983]
04-21 17:14:14.984 28487 28628 D ar_activity: send stroke to firebase, id=-NT_eiBAutp5YSmsNnho
04-21 17:14:14.986 28487 28628 D ar_activity: [[2d] after update lines time=2023-04-21 17:14:14.984]
04-21 17:14:15.004 28487 28487 D ar_activity: [[2a end - 2d start] onChildChanged stroke id=-NT_eiBAutp5YSmsNnho time=2023-04-21 17:14:15.004]
04-21 17:14:15.009 28487 28628 D ar_activity: [TRACKING TransformPointToPose time=2023-04-21 17:14:15.009]
04-21 17:14:15.009 28487 28628 D ar_activity: send stroke to firebase, id=-NT_eiBAutp5YSmsNnho
04-21 17:14:15.010 28487 28628 D ar_activity: [[2d] after update lines time=2023-04-21 17:14:15.010]
04-21 17:14:15.031 28487 28628 D ar_activity: [TRACKING TransformPointToPose time=2023-04-21 17:14:15.030]
04-21 17:14:15.031 28487 28628 D ar_activity: send stroke to firebase, id=-NT_eiBAutp5YSmsNnho
04-21 17:14:15.032 28487 28628 D ar_activity: [[2d] after update lines time=2023-04-21 17:14:15.031]
04-21 17:14:15.050 28487 28628 D ar_activity: [TRACKING TransformPointToPose time=2023-04-21 17:14:15.050]
04-21 17:14:15.050 28487 28628 D ar_activity: [TRACKING TransformPointToPose time=2023-04-21 17:14:15.050]
04-21 17:14:15.050 28487 28628 D ar_activity: send stroke to firebase, id=-NT_eiBAutp5YSmsNnho
04-21 17:14:15.051 28487 28628 D ar_activity: [[2d] after update lines time=2023-04-21 17:14:15.051]
04-21 17:14:15.070 28487 28628 D ar_activity: [TRACKING TransformPointToPose time=2023-04-21 17:14:15.070]
04-21 17:14:15.070 28487 28628 D ar_activity: send stroke to firebase, id=-NT_eiBAutp5YSmsNnho
04-21 17:14:15.073 28487 28487 D ar_activity: [[2a end - 2d start] onChildChanged stroke id=-NT_eiBAutp5YSmsNnho time=2023-04-21 17:14:15.073]
04-21 17:14:15.073 28487 28628 D ar_activity: [[2d] after update lines time=2023-04-21 17:14:15.073]
04-21 17:14:15.092 28487 28628 D ar_activity: [TRACKING TransformPointToPose time=2023-04-21 17:14:15.092]
04-21 17:14:15.093 28487 28628 D ar_activity: send stroke to firebase, id=-NT_eiBAutp5YSmsNnho
04-21 17:14:15.093 28487 28628 D ar_activity: [[2d] after update lines time=2023-04-21 17:14:15.093]
04-21 17:14:15.112 28487 28628 D ar_activity: [TRACKING TransformPointToPose time=2023-04-21 17:14:15.112]
04-21 17:14:15.112 28487 28628 D ar_activity: send stroke to firebase, id=-NT_eiBAutp5YSmsNnho
04-21 17:14:15.113 28487 28628 D ar_activity: [[2d] after update lines time=2023-04-21 17:14:15.113]
04-21 17:14:15.132 28487 28628 D ar_activity: [TRACKING TransformPointToPose time=2023-04-21 17:14:15.132]
04-21 17:14:15.132 28487 28628 D ar_activity: send stroke to firebase, id=-NT_eiBAutp5YSmsNnho
04-21 17:14:15.138 28487 28628 D ar_activity: [[2d] after update lines time=2023-04-21 17:14:15.138]
04-21 17:14:15.142 28487 28487 D ar_activity: [[2a end - 2d start] onChildChanged stroke id=-NT_eiBAutp5YSmsNnho time=2023-04-21 17:14:15.142]
04-21 17:14:15.158 28487 28628 D ar_activity: [TRACKING TransformPointToPose time=2023-04-21 17:14:15.158]
04-21 17:14:15.159 28487 28628 D ar_activity: [TRACKING TransformPointToPose time=2023-04-21 17:14:15.159]
04-21 17:14:15.160 28487 28628 D ar_activity: send stroke to firebase, id=-NT_eiBAutp5YSmsNnho
04-21 17:14:15.166 28487 28628 D ar_activity: [[2d] after update lines time=2023-04-21 17:14:15.162]
04-21 17:14:15.187 28487 28628 D ar_activity: [TRACKING TransformPointToPose time=2023-04-21 17:14:15.187]
04-21 17:14:15.188 28487 28628 D ar_activity: [TRACKING TransformPointToPose time=2023-04-21 17:14:15.187]
04-21 17:14:15.188 28487 28628 D ar_activity: send stroke to firebase, id=-NT_eiBAutp5YSmsNnho
04-21 17:14:15.190 28487 28628 D ar_activity: [[2d] after update lines time=2023-04-21 17:14:15.190]
04-21 17:14:15.208 28487 28628 D ar_activity: [TRACKING TransformPointToPose time=2023-04-21 17:14:15.208]
04-21 17:14:15.209 28487 28628 D ar_activity: send stroke to firebase, id=-NT_eiBAutp5YSmsNnho
04-21 17:14:15.209 28487 28628 D ar_activity: [[2d] after update lines time=2023-04-21 17:14:15.209]
04-21 17:14:15.218 28487 28487 D ar_activity: [[2a end - 2d start] onChildChanged stroke id=-NT_eiBAutp5YSmsNnho time=2023-04-21 17:14:15.218]
04-21 17:14:15.228 28487 28628 D ar_activity: [TRACKING TransformPointToPose time=2023-04-21 17:14:15.228]
04-21 17:14:15.231 28487 28628 D ar_activity: send stroke to firebase, id=-NT_eiBAutp5YSmsNnho
04-21 17:14:15.232 28487 28628 D ar_activity: [[2d] after update lines time=2023-04-21 17:14:15.232]
04-21 17:14:15.255 28487 28628 D ar_activity: [TRACKING TransformPointToPose time=2023-04-21 17:14:15.254]
04-21 17:14:15.257 28487 28628 D ar_activity: [TRACKING TransformPointToPose time=2023-04-21 17:14:15.256]
04-21 17:14:15.257 28487 28628 D ar_activity: send stroke to firebase, id=-NT_eiBAutp5YSmsNnho
04-21 17:14:15.259 28487 28628 D ar_activity: [[2d] after update lines time=2023-04-21 17:14:15.259]
04-21 17:14:15.283 28487 28628 D ar_activity: [TRACKING TransformPointToPose time=2023-04-21 17:14:15.283]
04-21 17:14:15.286 28487 28628 D ar_activity: [TRACKING TransformPointToPose time=2023-04-21 17:14:15.283]
04-21 17:14:15.286 28487 28628 D ar_activity: send stroke to firebase, id=-NT_eiBAutp5YSmsNnho
04-21 17:14:15.288 28487 28628 D ar_activity: [[2d] after update lines time=2023-04-21 17:14:15.288]
04-21 17:14:15.309 28487 28628 D ar_activity: [TRACKING TransformPointToPose time=2023-04-21 17:14:15.309]
04-21 17:14:15.309 28487 28628 D ar_activity: send stroke to firebase, id=-NT_eiBAutp5YSmsNnho
04-21 17:14:15.310 28487 28628 D ar_activity: [[2d] after update lines time=2023-04-21 17:14:15.309]
04-21 17:14:15.318 28487 28487 D ar_activity: [[2a end - 2d start] onChildChanged stroke id=-NT_eiBAutp5YSmsNnho time=2023-04-21 17:14:15.318]
04-21 17:14:15.328 28487 28628 D ar_activity: [TRACKING TransformPointToPose time=2023-04-21 17:14:15.328]
04-21 17:14:15.328 28487 28628 D ar_activity: send stroke to firebase, id=-NT_eiBAutp5YSmsNnho
04-21 17:14:15.331 28487 28628 D ar_activity: [[2d] after update lines time=2023-04-21 17:14:15.331]
04-21 17:14:15.351 28487 28628 D ar_activity: [TRACKING TransformPointToPose time=2023-04-21 17:14:15.351]
04-21 17:14:15.352 28487 28628 D ar_activity: [TRACKING TransformPointToPose time=2023-04-21 17:14:15.351]
04-21 17:14:15.352 28487 28628 D ar_activity: send stroke to firebase, id=-NT_eiBAutp5YSmsNnho
04-21 17:14:15.354 28487 28628 D ar_activity: [[2d] after update lines time=2023-04-21 17:14:15.354]
04-21 17:14:15.377 28487 28628 D ar_activity: [TRACKING TransformPointToPose time=2023-04-21 17:14:15.376]
04-21 17:14:15.377 28487 28628 D ar_activity: send stroke to firebase, id=-NT_eiBAutp5YSmsNnho
04-21 17:14:15.377 28487 28487 D ar_activity: [[2a end - 2d start] onChildChanged stroke id=-NT_eiBAutp5YSmsNnho time=2023-04-21 17:14:15.377]
04-21 17:14:15.383 28487 28628 D ar_activity: [[2d] after update lines time=2023-04-21 17:14:15.383]
04-21 17:14:15.403 28487 28628 D ar_activity: [TRACKING TransformPointToPose time=2023-04-21 17:14:15.403]
04-21 17:14:15.404 28487 28628 D ar_activity: [TRACKING TransformPointToPose time=2023-04-21 17:14:15.404]
04-21 17:14:15.404 28487 28628 D ar_activity: send stroke to firebase, id=-NT_eiBAutp5YSmsNnho
04-21 17:14:15.404 28487 28628 D ar_activity: [[2d] after update lines time=2023-04-21 17:14:15.404]
04-21 17:14:15.423 28487 28628 D ar_activity: [TRACKING TransformPointToPose time=2023-04-21 17:14:15.423]
04-21 17:14:15.424 28487 28628 D ar_activity: send stroke to firebase, id=-NT_eiBAutp5YSmsNnho
04-21 17:14:15.424 28487 28628 D ar_activity: [[2d] after update lines time=2023-04-21 17:14:15.424]
04-21 17:14:15.438 28487 28487 D ar_activity: [[2a end - 2d start] onChildChanged stroke id=-NT_eiBAutp5YSmsNnho time=2023-04-21 17:14:15.438]
04-21 17:14:15.444 28487 28628 D ar_activity: [TRACKING TransformPointToPose time=2023-04-21 17:14:15.443]
04-21 17:14:15.444 28487 28628 D ar_activity: send stroke to firebase, id=-NT_eiBAutp5YSmsNnho
04-21 17:14:15.445 28487 28628 D ar_activity: [[2d] after update lines time=2023-04-21 17:14:15.444]
04-21 17:14:15.465 28487 28628 D ar_activity: [TRACKING TransformPointToPose time=2023-04-21 17:14:15.465]
04-21 17:14:15.465 28487 28628 D ar_activity: send stroke to firebase, id=-NT_eiBAutp5YSmsNnho
04-21 17:14:15.466 28487 28628 D ar_activity: [[2d] after update lines time=2023-04-21 17:14:15.466]
04-21 17:14:15.485 28487 28628 D ar_activity: [TRACKING TransformPointToPose time=2023-04-21 17:14:15.485]
04-21 17:14:15.485 28487 28628 D ar_activity: send stroke to firebase, id=-NT_eiBAutp5YSmsNnho
