--------- beginning of main
04-21 17:13:49.052 22409 22559 D ar_activity: [[2d] after update lines time=2023-04-21 17:13:49.014]
04-21 17:13:53.870 22409 22409 D ar_activity: [--- pair start --- time=2023-04-21 17:13:53.870]
04-21 17:13:53.871 22409 22409 D ar_activity: [--- pair session start --- time=2023-04-21 17:13:53.870]
04-21 17:13:53.924 22409 22409 D ar_activity: [create room: Message{namespace='', type='', content=[34 bytes]} time=2023-04-21 17:13:53.924]
04-21 17:13:53.939 22409 22409 D ar_activity: LOOKING: 2023-04-21 17:13:53.939
04-21 17:13:57.898 22409 22409 D ar_activity: [joinRoom: -NT_edO95w7h4YghEyD9 time=2023-04-21 17:13:57.898]
04-21 17:13:57.995 22409 22409 D ar_activity: [--- pair joined --- time=2023-04-21 17:13:57.995]
04-21 17:13:57.997 22409 22409 D ar_activity: PARTNER FOUND: 2023-04-21 17:13:57.997
04-21 17:14:00.001 22409 22409 D ar_activity: SET ANCHOR: 2023-04-21 17:14:00.001
04-21 17:14:02.054 22409 22409 D ar_activity: [anchor resolution changed: null time=2023-04-21 17:14:02.054]
04-21 17:14:02.840 22409 22409 D ar_activity: [--- sync ready to set anchor --- time=2023-04-21 17:14:02.839]
04-21 17:14:02.840 22409 22409 D ar_activity: Start CONNECTING: 2023-04-21 17:14:02.840
04-21 17:14:06.105 22409 22409 D ar_activity: [anchor resolution changed: false time=2023-04-21 17:14:06.104]
04-21 17:14:06.111 22409 22559 D ar_activity: [--- anchor: onUpdate: resolveHostedAnchor: pending resolve--- time=2023-04-21 17:14:06.111]
04-21 17:14:06.112 22409 22559 D ar_activity: [resolveHostedAnchor: TASK_IN_PROGRESS time=2023-04-21 17:14:06.111]
04-21 17:14:06.137 22409 22559 D ar_activity: [--- anchor: onUpdate: resolveHostedAnchor: pending resolve--- time=2023-04-21 17:14:06.131]
04-21 17:14:06.137 22409 22559 D ar_activity: [resolveHostedAnchor: TASK_IN_PROGRESS time=2023-04-21 17:14:06.137]
04-21 17:14:06.161 22409 22559 D ar_activity: [--- anchor: onUpdate: resolveHostedAnchor: pending resolve--- time=2023-04-21 17:14:06.160]
04-21 17:14:06.162 22409 22559 D ar_activity: [resolveHostedAnchor: TASK_IN_PROGRESS time=2023-04-21 17:14:06.161]
04-21 17:14:06.200 22409 22559 D ar_activity: [--- anchor: onUpdate: resolveHostedAnchor: pending resolve--- time=2023-04-21 17:14:06.200]
04-21 17:14:06.204 22409 22559 D ar_activity: [resolveHostedAnchor: TASK_IN_PROGRESS time=2023-04-21 17:14:06.203]
04-21 17:14:06.228 22409 22559 D ar_activity: [--- anchor: onUpdate: resolveHostedAnchor: pending resolve--- time=2023-04-21 17:14:06.228]
04-21 17:14:06.229 22409 22559 D ar_activity: [resolveHostedAnchor: TASK_IN_PROGRESS time=2023-04-21 17:14:06.228]
04-21 17:14:06.262 22409 22559 D ar_activity: [--- anchor: onUpdate: resolveHostedAnchor: pending resolve--- time=2023-04-21 17:14:06.262]
04-21 17:14:06.263 22409 22559 D ar_activity: [resolveHostedAnchor: TASK_IN_PROGRESS time=2023-04-21 17:14:06.262]
04-21 17:14:06.285 22409 22559 D ar_activity: [--- anchor: onUpdate: resolveHostedAnchor: pending resolve--- time=2023-04-21 17:14:06.285]
04-21 17:14:06.285 22409 22559 D ar_activity: [resolveHostedAnchor: TASK_IN_PROGRESS time=2023-04-21 17:14:06.285]
04-21 17:14:06.306 22409 22559 D ar_activity: [--- anchor: onUpdate: resolveHostedAnchor: pending resolve--- time=2023-04-21 17:14:06.306]
04-21 17:14:06.306 22409 22559 D ar_activity: [resolveHostedAnchor: TASK_IN_PROGRESS time=2023-04-21 17:14:06.306]
04-21 17:14:06.325 22409 22559 D ar_activity: [--- anchor: onUpdate: resolveHostedAnchor: pending resolve--- time=2023-04-21 17:14:06.325]
04-21 17:14:06.326 22409 22559 D ar_activity: [resolveHostedAnchor: TASK_IN_PROGRESS time=2023-04-21 17:14:06.325]
04-21 17:14:06.348 22409 22559 D ar_activity: [--- anchor: onUpdate: resolveHostedAnchor: pending resolve--- time=2023-04-21 17:14:06.347]
04-21 17:14:06.349 22409 22559 D ar_activity: [resolveHostedAnchor: TASK_IN_PROGRESS time=2023-04-21 17:14:06.349]
04-21 17:14:06.370 22409 22559 D ar_activity: [--- anchor: onUpdate: resolveHostedAnchor: pending resolve--- time=2023-04-21 17:14:06.370]
04-21 17:14:06.371 22409 22559 D ar_activity: [resolveHostedAnchor: TASK_IN_PROGRESS time=2023-04-21 17:14:06.371]
04-21 17:14:06.393 22409 22559 D ar_activity: [--- anchor: onUpdate: resolveHostedAnchor: pending resolve--- time=2023-04-21 17:14:06.392]
04-21 17:14:06.394 22409 22559 D ar_activity: [resolveHostedAnchor: TASK_IN_PROGRESS time=2023-04-21 17:14:06.393]
04-21 17:14:06.412 22409 22559 D ar_activity: [--- anchor: onUpdate: resolveHostedAnchor: pending resolve--- time=2023-04-21 17:14:06.412]
04-21 17:14:06.413 22409 22559 D ar_activity: [resolveHostedAnchor: TASK_IN_PROGRESS time=2023-04-21 17:14:06.412]
04-21 17:14:06.431 22409 22559 D ar_activity: [--- anchor: onUpdate: resolveHostedAnchor: pending resolve--- time=2023-04-21 17:14:06.431]
04-21 17:14:06.432 22409 22559 D ar_activity: [resolveHostedAnchor: TASK_IN_PROGRESS time=2023-04-21 17:14:06.432]
04-21 17:14:06.454 22409 22559 D ar_activity: [--- anchor: onUpdate: resolveHostedAnchor: pending resolve--- time=2023-04-21 17:14:06.454]
04-21 17:14:06.454 22409 22559 D ar_activity: [resolveHostedAnchor: TASK_IN_PROGRESS time=2023-04-21 17:14:06.454]
04-21 17:14:06.474 22409 22559 D ar_activity: [--- anchor: onUpdate: resolveHostedAnchor: pending resolve--- time=2023-04-21 17:14:06.473]
04-21 17:14:06.474 22409 22559 D ar_activity: [resolveHostedAnchor: TASK_IN_PROGRESS time=2023-04-21 17:14:06.474]
04-21 17:14:06.495 22409 22559 D ar_activity: [--- anchor: onUpdate: resolveHostedAnchor: pending resolve--- time=2023-04-21 17:14:06.495]
04-21 17:14:06.495 22409 22559 D ar_activity: [resolveHostedAnchor: TASK_IN_PROGRESS time=2023-04-21 17:14:06.495]
04-21 17:14:06.516 22409 22559 D ar_activity: [--- anchor: onUpdate: resolveHostedAnchor: pending resolve--- time=2023-04-21 17:14:06.516]
04-21 17:14:06.516 22409 22559 D ar_activity: [resolveHostedAnchor: TASK_IN_PROGRESS time=2023-04-21 17:14:06.516]
04-21 17:14:06.539 22409 22559 D ar_activity: [--- anchor: onUpdate: resolveHostedAnchor: pending resolve--- time=2023-04-21 17:14:06.538]
04-21 17:14:06.539 22409 22559 D ar_activity: [resolveHostedAnchor: TASK_IN_PROGRESS time=2023-04-21 17:14:06.539]
04-21 17:14:06.558 22409 22559 D ar_activity: [--- anchor: onUpdate: resolveHostedAnchor: pending resolve--- time=2023-04-21 17:14:06.558]
04-21 17:14:06.559 22409 22559 D ar_activity: [resolveHostedAnchor: TASK_IN_PROGRESS time=2023-04-21 17:14:06.559]
04-21 17:14:06.579 22409 22559 D ar_activity: [--- anchor: onUpdate: resolveHostedAnchor: pending resolve--- time=2023-04-21 17:14:06.579]
04-21 17:14:06.580 22409 22559 D ar_activity: [resolveHostedAnchor: TASK_IN_PROGRESS time=2023-04-21 17:14:06.580]
04-21 17:14:06.602 22409 22559 D ar_activity: [--- anchor: onUpdate: resolveHostedAnchor: pending resolve--- time=2023-04-21 17:14:06.602]
04-21 17:14:06.602 22409 22559 D ar_activity: [resolveHostedAnchor: TASK_IN_PROGRESS time=2023-04-21 17:14:06.602]
04-21 17:14:06.622 22409 22559 D ar_activity: [--- anchor: onUpdate: resolveHostedAnchor: pending resolve--- time=2023-04-21 17:14:06.621]
04-21 17:14:06.622 22409 22559 D ar_activity: [resolveHostedAnchor: TASK_IN_PROGRESS time=2023-04-21 17:14:06.622]
04-21 17:14:06.640 22409 22559 D ar_activity: [--- anchor: onUpdate: resolveHostedAnchor: pending resolve--- time=2023-04-21 17:14:06.640]
04-21 17:14:06.641 22409 22559 D ar_activity: [resolveHostedAnchor: TASK_IN_PROGRESS time=2023-04-21 17:14:06.641]
04-21 17:14:06.661 22409 22559 D ar_activity: [--- anchor: onUpdate: resolveHostedAnchor: pending resolve--- time=2023-04-21 17:14:06.661]
04-21 17:14:06.661 22409 22559 D ar_activity: [resolveHostedAnchor: TASK_IN_PROGRESS time=2023-04-21 17:14:06.661]
04-21 17:14:06.682 22409 22559 D ar_activity: [--- anchor: onUpdate: resolveHostedAnchor: pending resolve--- time=2023-04-21 17:14:06.681]
04-21 17:14:06.685 22409 22559 D ar_activity: [resolveHostedAnchor: TASK_IN_PROGRESS time=2023-04-21 17:14:06.683]
04-21 17:14:06.707 22409 22559 D ar_activity: [--- anchor: onUpdate: resolveHostedAnchor: pending resolve--- time=2023-04-21 17:14:06.706]
04-21 17:14:06.707 22409 22559 D ar_activity: [resolveHostedAnchor: SUCCESS time=2023-04-21 17:14:06.707]
04-21 17:14:06.709 22409 22559 D ar_activity: [[2d] after update lines time=2023-04-21 17:14:06.708]
04-21 17:14:06.711 22409 22409 D ar_activity: SYNCED: 2023-04-21 17:14:06.711
04-21 17:14:12.714 22409 22409 D ar_activity: [[2a end - 2d start] onChildAdded stroke id=-NT_eiBAutp5YSmsNnho time=2023-04-21 17:14:12.712]
04-21 17:14:12.716 22409 22409 D ar_activity: stroke (id: -NT_eiBAutp5YSmsNnho) was resolved at 2023-04-21 17:14:12.716
04-21 17:14:12.716 22409 22409 D ar_activity: [[2a end or 2d start] onLineAdded stroke id=-NT_eiBAutp5YSmsNnho time=2023-04-21 17:14:12.716]
04-21 17:14:12.722 22409 22559 D ar_activity: [[2d] after update lines time=2023-04-21 17:14:12.722]
04-21 17:14:12.785 22409 22409 D ar_activity: [[2a end - 2d start] onChildChanged stroke id=-NT_eiBAutp5YSmsNnho time=2023-04-21 17:14:12.784]
04-21 17:14:12.807 22409 22559 D ar_activity: [[2d] after update lines time=2023-04-21 17:14:12.807]
04-21 17:14:12.857 22409 22409 D ar_activity: [[2a end - 2d start] onChildChanged stroke id=-NT_eiBAutp5YSmsNnho time=2023-04-21 17:14:12.857]
04-21 17:14:12.863 22409 22559 D ar_activity: [[2d] after update lines time=2023-04-21 17:14:12.863]
04-21 17:14:12.921 22409 22409 D ar_activity: [[2a end - 2d start] onChildChanged stroke id=-NT_eiBAutp5YSmsNnho time=2023-04-21 17:14:12.920]
04-21 17:14:12.925 22409 22559 D ar_activity: [[2d] after update lines time=2023-04-21 17:14:12.924]
04-21 17:14:12.983 22409 22559 D ar_activity: [[2d] after update lines time=2023-04-21 17:14:12.982]
04-21 17:14:12.993 22409 22409 D ar_activity: [[2a end - 2d start] onChildChanged stroke id=-NT_eiBAutp5YSmsNnho time=2023-04-21 17:14:12.992]
04-21 17:14:13.002 22409 22559 D ar_activity: [[2d] after update lines time=2023-04-21 17:14:13.002]
04-21 17:14:13.021 22409 22559 D ar_activity: [[2d] after update lines time=2023-04-21 17:14:13.021]
04-21 17:14:13.040 22409 22559 D ar_activity: [[2d] after update lines time=2023-04-21 17:14:13.040]
04-21 17:14:13.058 22409 22409 D ar_activity: [[2a end - 2d start] onChildChanged stroke id=-NT_eiBAutp5YSmsNnho time=2023-04-21 17:14:13.057]
04-21 17:14:13.059 22409 22559 D ar_activity: [[2d] after update lines time=2023-04-21 17:14:13.059]
04-21 17:14:13.081 22409 22559 D ar_activity: [[2d] after update lines time=2023-04-21 17:14:13.081]
04-21 17:14:13.100 22409 22559 D ar_activity: [[2d] after update lines time=2023-04-21 17:14:13.100]
04-21 17:14:13.120 22409 22559 D ar_activity: [[2d] after update lines time=2023-04-21 17:14:13.119]
04-21 17:14:13.138 22409 22559 D ar_activity: [[2d] after update lines time=2023-04-21 17:14:13.138]
04-21 17:14:13.156 22409 22409 D ar_activity: [[2a end - 2d start] onChildChanged stroke id=-NT_eiBAutp5YSmsNnho time=2023-04-21 17:14:13.156]
04-21 17:14:13.159 22409 22559 D ar_activity: [[2d] after update lines time=2023-04-21 17:14:13.159]
04-21 17:14:13.183 22409 22559 D ar_activity: [[2d] after update lines time=2023-04-21 17:14:13.183]
04-21 17:14:13.202 22409 22559 D ar_activity: [[2d] after update lines time=2023-04-21 17:14:13.202]
04-21 17:14:13.221 22409 22559 D ar_activity: [[2d] after update lines time=2023-04-21 17:14:13.221]
04-21 17:14:13.222 22409 22409 D ar_activity: [[2a end - 2d start] onChildChanged stroke id=-NT_eiBAutp5YSmsNnho time=2023-04-21 17:14:13.221]
04-21 17:14:13.243 22409 22559 D ar_activity: [[2d] after update lines time=2023-04-21 17:14:13.243]
04-21 17:14:13.262 22409 22559 D ar_activity: [[2d] after update lines time=2023-04-21 17:14:13.262]
04-21 17:14:13.284 22409 22409 D ar_activity: [[2a end - 2d start] onChildChanged stroke id=-NT_eiBAutp5YSmsNnho time=2023-04-21 17:14:13.283]
04-21 17:14:13.284 22409 22559 D ar_activity: [[2d] after update lines time=2023-04-21 17:14:13.283]
04-21 17:14:13.308 22409 22559 D ar_activity: [[2d] after update lines time=2023-04-21 17:14:13.308]
04-21 17:14:13.328 22409 22559 D ar_activity: [[2d] after update lines time=2023-04-21 17:14:13.327]
04-21 17:14:13.349 22409 22559 D ar_activity: [[2d] after update lines time=2023-04-21 17:14:13.348]
04-21 17:14:13.367 22409 22409 D ar_activity: [[2a end - 2d start] onChildChanged stroke id=-NT_eiBAutp5YSmsNnho time=2023-04-21 17:14:13.367]
04-21 17:14:13.368 22409 22559 D ar_activity: [[2d] after update lines time=2023-04-21 17:14:13.368]
04-21 17:14:13.387 22409 22559 D ar_activity: [[2d] after update lines time=2023-04-21 17:14:13.387]
04-21 17:14:13.407 22409 22559 D ar_activity: [[2d] after update lines time=2023-04-21 17:14:13.407]
04-21 17:14:13.422 22409 22409 D ar_activity: [[2a end - 2d start] onChildChanged stroke id=-NT_eiBAutp5YSmsNnho time=2023-04-21 17:14:13.422]
04-21 17:14:13.426 22409 22559 D ar_activity: [[2d] after update lines time=2023-04-21 17:14:13.426]
04-21 17:14:13.445 22409 22559 D ar_activity: [[2d] after update lines time=2023-04-21 17:14:13.444]
04-21 17:14:13.468 22409 22559 D ar_activity: [[2d] after update lines time=2023-04-21 17:14:13.468]
04-21 17:14:13.490 22409 22409 D ar_activity: [[2a end - 2d start] onChildChanged stroke id=-NT_eiBAutp5YSmsNnho time=2023-04-21 17:14:13.490]
04-21 17:14:13.491 22409 22559 D ar_activity: [[2d] after update lines time=2023-04-21 17:14:13.491]
04-21 17:14:13.511 22409 22559 D ar_activity: [[2d] after update lines time=2023-04-21 17:14:13.511]
04-21 17:14:13.534 22409 22559 D ar_activity: [[2d] after update lines time=2023-04-21 17:14:13.533]
04-21 17:14:13.549 22409 22409 D ar_activity: [[2a end - 2d start] onChildChanged stroke id=-NT_eiBAutp5YSmsNnho time=2023-04-21 17:14:13.549]
04-21 17:14:13.559 22409 22559 D ar_activity: [[2d] after update lines time=2023-04-21 17:14:13.559]
04-21 17:14:13.578 22409 22559 D ar_activity: [[2d] after update lines time=2023-04-21 17:14:13.577]
04-21 17:14:13.598 22409 22559 D ar_activity: [[2d] after update lines time=2023-04-21 17:14:13.598]
04-21 17:14:13.618 22409 22559 D ar_activity: [[2d] after update lines time=2023-04-21 17:14:13.618]
04-21 17:14:13.626 22409 22409 D ar_activity: [[2a end - 2d start] onChildChanged stroke id=-NT_eiBAutp5YSmsNnho time=2023-04-21 17:14:13.626]
04-21 17:14:13.638 22409 22559 D ar_activity: [[2d] after update lines time=2023-04-21 17:14:13.638]
04-21 17:14:13.660 22409 22559 D ar_activity: [[2d] after update lines time=2023-04-21 17:14:13.660]
04-21 17:14:13.679 22409 22559 D ar_activity: [[2d] after update lines time=2023-04-21 17:14:13.679]
04-21 17:14:13.696 22409 22409 D ar_activity: [[2a end - 2d start] onChildChanged stroke id=-NT_eiBAutp5YSmsNnho time=2023-04-21 17:14:13.696]
04-21 17:14:13.702 22409 22559 D ar_activity: [[2d] after update lines time=2023-04-21 17:14:13.702]
04-21 17:14:13.723 22409 22559 D ar_activity: [[2d] after update lines time=2023-04-21 17:14:13.723]
04-21 17:14:13.742 22409 22559 D ar_activity: [[2d] after update lines time=2023-04-21 17:14:13.742]
04-21 17:14:13.761 22409 22559 D ar_activity: [[2d] after update lines time=2023-04-21 17:14:13.760]
04-21 17:14:13.761 22409 22409 D ar_activity: [[2a end - 2d start] onChildChanged stroke id=-NT_eiBAutp5YSmsNnho time=2023-04-21 17:14:13.760]
04-21 17:14:13.787 22409 22559 D ar_activity: [[2d] after update lines time=2023-04-21 17:14:13.787]
04-21 17:14:13.807 22409 22559 D ar_activity: [[2d] after update lines time=2023-04-21 17:14:13.806]
04-21 17:14:13.821 22409 22409 D ar_activity: [[2a end - 2d start] onChildChanged stroke id=-NT_eiBAutp5YSmsNnho time=2023-04-21 17:14:13.821]
04-21 17:14:13.826 22409 22559 D ar_activity: [[2d] after update lines time=2023-04-21 17:14:13.826]
04-21 17:14:13.846 22409 22559 D ar_activity: [[2d] after update lines time=2023-04-21 17:14:13.845]
04-21 17:14:13.868 22409 22559 D ar_activity: [[2d] after update lines time=2023-04-21 17:14:13.867]
04-21 17:14:13.883 22409 22409 D ar_activity: [[2a end - 2d start] onChildChanged stroke id=-NT_eiBAutp5YSmsNnho time=2023-04-21 17:14:13.883]
04-21 17:14:13.889 22409 22559 D ar_activity: [[2d] after update lines time=2023-04-21 17:14:13.889]
04-21 17:14:13.913 22409 22559 D ar_activity: [[2d] after update lines time=2023-04-21 17:14:13.913]
04-21 17:14:13.934 22409 22559 D ar_activity: [[2d] after update lines time=2023-04-21 17:14:13.934]
04-21 17:14:13.954 22409 22559 D ar_activity: [[2d] after update lines time=2023-04-21 17:14:13.954]
04-21 17:14:13.954 22409 22409 D ar_activity: [[2a end - 2d start] onChildChanged stroke id=-NT_eiBAutp5YSmsNnho time=2023-04-21 17:14:13.954]
04-21 17:14:13.974 22409 22559 D ar_activity: [[2d] after update lines time=2023-04-21 17:14:13.974]
04-21 17:14:13.993 22409 22559 D ar_activity: [[2d] after update lines time=2023-04-21 17:14:13.993]
04-21 17:14:14.012 22409 22559 D ar_activity: [[2d] after update lines time=2023-04-21 17:14:14.012]
04-21 17:14:14.024 22409 22409 D ar_activity: [[2a end - 2d start] onChildChanged stroke id=-NT_eiBAutp5YSmsNnho time=2023-04-21 17:14:14.024]
04-21 17:14:14.035 22409 22559 D ar_activity: [[2d] after update lines time=2023-04-21 17:14:14.034]
04-21 17:14:14.053 22409 22559 D ar_activity: [[2d] after update lines time=2023-04-21 17:14:14.053]
04-21 17:14:14.074 22409 22559 D ar_activity: [[2d] after update lines time=2023-04-21 17:14:14.074]
04-21 17:14:14.092 22409 22409 D ar_activity: [[2a end - 2d start] onChildChanged stroke id=-NT_eiBAutp5YSmsNnho time=2023-04-21 17:14:14.092]
04-21 17:14:14.094 22409 22559 D ar_activity: [[2d] after update lines time=2023-04-21 17:14:14.094]
04-21 17:14:14.116 22409 22559 D ar_activity: [[2d] after update lines time=2023-04-21 17:14:14.116]
04-21 17:14:14.136 22409 22559 D ar_activity: [[2d] after update lines time=2023-04-21 17:14:14.135]
04-21 17:14:14.157 22409 22559 D ar_activity: [[2d] after update lines time=2023-04-21 17:14:14.156]
04-21 17:14:14.182 22409 22559 D ar_activity: [[2d] after update lines time=2023-04-21 17:14:14.181]
04-21 17:14:14.187 22409 22409 D ar_activity: [[2a end - 2d start] onChildChanged stroke id=-NT_eiBAutp5YSmsNnho time=2023-04-21 17:14:14.187]
04-21 17:14:14.203 22409 22559 D ar_activity: [[2d] after update lines time=2023-04-21 17:14:14.203]
04-21 17:14:14.222 22409 22559 D ar_activity: [[2d] after update lines time=2023-04-21 17:14:14.222]
04-21 17:14:14.243 22409 22559 D ar_activity: [[2d] after update lines time=2023-04-21 17:14:14.242]
04-21 17:14:14.262 22409 22559 D ar_activity: [[2d] after update lines time=2023-04-21 17:14:14.262]
04-21 17:14:14.284 22409 22559 D ar_activity: [[2d] after update lines time=2023-04-21 17:14:14.284]
04-21 17:14:14.303 22409 22559 D ar_activity: [[2d] after update lines time=2023-04-21 17:14:14.303]
04-21 17:14:14.323 22409 22559 D ar_activity: [[2d] after update lines time=2023-04-21 17:14:14.323]
04-21 17:14:14.343 22409 22559 D ar_activity: [[2d] after update lines time=2023-04-21 17:14:14.343]
04-21 17:14:14.362 22409 22559 D ar_activity: [[2d] after update lines time=2023-04-21 17:14:14.362]
04-21 17:14:14.384 22409 22559 D ar_activity: [[2d] after update lines time=2023-04-21 17:14:14.384]
04-21 17:14:14.403 22409 22559 D ar_activity: [[2d] after update lines time=2023-04-21 17:14:14.403]
04-21 17:14:14.422 22409 22559 D ar_activity: [[2d] after update lines time=2023-04-21 17:14:14.422]
04-21 17:14:14.442 22409 22559 D ar_activity: [[2d] after update lines time=2023-04-21 17:14:14.441]
04-21 17:14:14.843 22409 22409 D ar_activity: [[2a end - 2d start] onChildChanged stroke id=-NT_eiBAutp5YSmsNnho time=2023-04-21 17:14:14.843]
04-21 17:14:14.851 22409 22559 D ar_activity: [[2d] after update lines time=2023-04-21 17:14:14.851]
04-21 17:14:14.894 22409 22559 D ar_activity: [[2d] after update lines time=2023-04-21 17:14:14.894]
04-21 17:14:14.913 22409 22409 D ar_activity: [[2a end - 2d start] onChildChanged stroke id=-NT_eiBAutp5YSmsNnho time=2023-04-21 17:14:14.912]
04-21 17:14:14.915 22409 22559 D ar_activity: [[2d] after update lines time=2023-04-21 17:14:14.914]
04-21 17:14:14.941 22409 22559 D ar_activity: [[2d] after update lines time=2023-04-21 17:14:14.940]
04-21 17:14:14.962 22409 22559 D ar_activity: [[2d] after update lines time=2023-04-21 17:14:14.961]
04-21 17:14:14.991 22409 22409 D ar_activity: [[2a end - 2d start] onChildChanged stroke id=-NT_eiBAutp5YSmsNnho time=2023-04-21 17:14:14.991]
04-21 17:14:14.991 22409 22559 D ar_activity: [[2d] after update lines time=2023-04-21 17:14:14.991]
04-21 17:14:15.011 22409 22559 D ar_activity: [[2d] after update lines time=2023-04-21 17:14:15.011]
04-21 17:14:15.029 22409 22559 D ar_activity: [[2d] after update lines time=2023-04-21 17:14:15.029]
04-21 17:14:15.047 22409 22409 D ar_activity: [[2a end - 2d start] onChildChanged stroke id=-NT_eiBAutp5YSmsNnho time=2023-04-21 17:14:15.047]
04-21 17:14:15.051 22409 22559 D ar_activity: [[2d] after update lines time=2023-04-21 17:14:15.050]
04-21 17:14:15.076 22409 22559 D ar_activity: [[2d] after update lines time=2023-04-21 17:14:15.075]
04-21 17:14:15.095 22409 22559 D ar_activity: [[2d] after update lines time=2023-04-21 17:14:15.095]
04-21 17:14:15.114 22409 22559 D ar_activity: [[2d] after update lines time=2023-04-21 17:14:15.114]
04-21 17:14:15.135 22409 22409 D ar_activity: [[2a end - 2d start] onChildChanged stroke id=-NT_eiBAutp5YSmsNnho time=2023-04-21 17:14:15.135]
04-21 17:14:15.140 22409 22559 D ar_activity: [[2d] after update lines time=2023-04-21 17:14:15.139]
04-21 17:14:15.179 22409 22559 D ar_activity: [[2d] after update lines time=2023-04-21 17:14:15.178]
04-21 17:14:15.184 22409 22409 D ar_activity: [[2a end - 2d start] onChildChanged stroke id=-NT_eiBAutp5YSmsNnho time=2023-04-21 17:14:15.183]
04-21 17:14:15.210 22409 22559 D ar_activity: [[2d] after update lines time=2023-04-21 17:14:15.210]
04-21 17:14:15.233 22409 22559 D ar_activity: [[2d] after update lines time=2023-04-21 17:14:15.233]
04-21 17:14:15.256 22409 22559 D ar_activity: [[2d] after update lines time=2023-04-21 17:14:15.256]
04-21 17:14:15.267 22409 22409 D ar_activity: [[2a end - 2d start] onChildChanged stroke id=-NT_eiBAutp5YSmsNnho time=2023-04-21 17:14:15.267]
04-21 17:14:15.278 22409 22559 D ar_activity: [[2d] after update lines time=2023-04-21 17:14:15.278]
04-21 17:14:15.299 22409 22559 D ar_activity: [[2d] after update lines time=2023-04-21 17:14:15.299]
04-21 17:14:15.320 22409 22559 D ar_activity: [[2d] after update lines time=2023-04-21 17:14:15.319]
04-21 17:14:15.338 22409 22559 D ar_activity: [[2d] after update lines time=2023-04-21 17:14:15.338]
04-21 17:14:15.353 22409 22409 D ar_activity: [[2a end - 2d start] onChildChanged stroke id=-NT_eiBAutp5YSmsNnho time=2023-04-21 17:14:15.352]
04-21 17:14:15.359 22409 22559 D ar_activity: [[2d] after update lines time=2023-04-21 17:14:15.358]
04-21 17:14:15.386 22409 22559 D ar_activity: [[2d] after update lines time=2023-04-21 17:14:15.385]
04-21 17:14:15.405 22409 22559 D ar_activity: [[2d] after update lines time=2023-04-21 17:14:15.405]
04-21 17:14:15.422 22409 22409 D ar_activity: [[2a end - 2d start] onChildChanged stroke id=-NT_eiBAutp5YSmsNnho time=2023-04-21 17:14:15.422]
04-21 17:14:15.424 22409 22559 D ar_activity: [[2d] after update lines time=2023-04-21 17:14:15.424]
04-21 17:14:15.443 22409 22559 D ar_activity: [[2d] after update lines time=2023-04-21 17:14:15.443]
04-21 17:14:15.462 22409 22559 D ar_activity: [[2d] after update lines time=2023-04-21 17:14:15.462]
04-21 17:14:15.487 22409 22559 D ar_activity: [[2d] after update lines time=2023-04-21 17:14:15.485]
04-21 17:14:15.499 22409 22409 D ar_activity: [[2a end - 2d start] onChildChanged stroke id=-NT_eiBAutp5YSmsNnho time=2023-04-21 17:14:15.499]
04-21 17:14:15.513 22409 22559 D ar_activity: [[2d] after update lines time=2023-04-21 17:14:15.512]
04-21 17:14:15.534 22409 22559 D ar_activity: [[2d] after update lines time=2023-04-21 17:14:15.533]
04-21 17:14:15.555 22409 22409 D ar_activity: [[2a end - 2d start] onChildChanged stroke id=-NT_eiBAutp5YSmsNnho time=2023-04-21 17:14:15.555]
04-21 17:14:15.557 22409 22559 D ar_activity: [[2d] after update lines time=2023-04-21 17:14:15.556]
04-21 17:14:15.576 22409 22559 D ar_activity: [[2d] after update lines time=2023-04-21 17:14:15.576]
04-21 17:14:15.595 22409 22559 D ar_activity: [[2d] after update lines time=2023-04-21 17:14:15.595]
04-21 17:14:15.619 22409 22559 D ar_activity: [[2d] after update lines time=2023-04-21 17:14:15.617]
04-21 17:14:15.633 22409 22409 D ar_activity: [[2a end - 2d start] onChildChanged stroke id=-NT_eiBAutp5YSmsNnho time=2023-04-21 17:14:15.633]
04-21 17:14:15.641 22409 22559 D ar_activity: [[2d] after update lines time=2023-04-21 17:14:15.641]
04-21 17:14:15.660 22409 22559 D ar_activity: [[2d] after update lines time=2023-04-21 17:14:15.660]
04-21 17:14:15.679 22409 22559 D ar_activity: [[2d] after update lines time=2023-04-21 17:14:15.679]
04-21 17:14:15.690 22409 22409 D ar_activity: [[2a end - 2d start] onChildChanged stroke id=-NT_eiBAutp5YSmsNnho time=2023-04-21 17:14:15.690]
04-21 17:14:15.702 22409 22559 D ar_activity: [[2d] after update lines time=2023-04-21 17:14:15.701]
04-21 17:14:15.724 22409 22559 D ar_activity: [[2d] after update lines time=2023-04-21 17:14:15.724]
04-21 17:14:15.747 22409 22559 D ar_activity: [[2d] after update lines time=2023-04-21 17:14:15.747]
04-21 17:14:15.763 22409 22409 D ar_activity: [[2a end - 2d start] onChildChanged stroke id=-NT_eiBAutp5YSmsNnho time=2023-04-21 17:14:15.763]
04-21 17:14:15.771 22409 22559 D ar_activity: [[2d] after update lines time=2023-04-21 17:14:15.771]
04-21 17:14:15.793 22409 22559 D ar_activity: [[2d] after update lines time=2023-04-21 17:14:15.793]
04-21 17:14:15.813 22409 22559 D ar_activity: [[2d] after update lines time=2023-04-21 17:14:15.813]
04-21 17:14:15.829 22409 22409 D ar_activity: [[2a end - 2d start] onChildChanged stroke id=-NT_eiBAutp5YSmsNnho time=2023-04-21 17:14:15.829]
04-21 17:14:15.835 22409 22559 D ar_activity: [[2d] after update lines time=2023-04-21 17:14:15.834]
04-21 17:14:15.856 22409 22559 D ar_activity: [[2d] after update lines time=2023-04-21 17:14:15.856]
04-21 17:14:15.880 22409 22559 D ar_activity: [[2d] after update lines time=2023-04-21 17:14:15.879]
04-21 17:14:15.892 22409 22409 D ar_activity: [[2a end - 2d start] onChildChanged stroke id=-NT_eiBAutp5YSmsNnho time=2023-04-21 17:14:15.892]
04-21 17:14:15.903 22409 22559 D ar_activity: [[2d] after update lines time=2023-04-21 17:14:15.903]
04-21 17:14:15.922 22409 22559 D ar_activity: [[2d] after update lines time=2023-04-21 17:14:15.922]
04-21 17:14:15.941 22409 22559 D ar_activity: [[2d] after update lines time=2023-04-21 17:14:15.941]
04-21 17:14:15.956 22409 22409 D ar_activity: [[2a end - 2d start] onChildChanged stroke id=-NT_eiBAutp5YSmsNnho time=2023-04-21 17:14:15.956]
04-21 17:14:15.962 22409 22559 D ar_activity: [[2d] after update lines time=2023-04-21 17:14:15.961]
04-21 17:14:15.982 22409 22559 D ar_activity: [[2d] after update lines time=2023-04-21 17:14:15.982]
04-21 17:14:16.002 22409 22559 D ar_activity: [[2d] after update lines time=2023-04-21 17:14:16.001]
04-21 17:14:16.024 22409 22559 D ar_activity: [[2d] after update lines time=2023-04-21 17:14:16.023]
04-21 17:14:16.039 22409 22409 D ar_activity: [[2a end - 2d start] onChildChanged stroke id=-NT_eiBAutp5YSmsNnho time=2023-04-21 17:14:16.039]
04-21 17:14:16.048 22409 22559 D ar_activity: [[2d] after update lines time=2023-04-21 17:14:16.048]
04-21 17:14:16.068 22409 22559 D ar_activity: [[2d] after update lines time=2023-04-21 17:14:16.067]
04-21 17:14:16.089 22409 22559 D ar_activity: [[2d] after update lines time=2023-04-21 17:14:16.088]
04-21 17:14:16.108 22409 22559 D ar_activity: [[2d] after update lines time=2023-04-21 17:14:16.108]
04-21 17:14:16.128 22409 22559 D ar_activity: [[2d] after update lines time=2023-04-21 17:14:16.127]
04-21 17:14:16.128 22409 22409 D ar_activity: [[2a end - 2d start] onChildChanged stroke id=-NT_eiBAutp5YSmsNnho time=2023-04-21 17:14:16.127]
04-21 17:14:16.146 22409 22559 D ar_activity: [[2d] after update lines time=2023-04-21 17:14:16.146]
04-21 17:14:16.172 22409 22559 D ar_activity: [[2d] after update lines time=2023-04-21 17:14:16.169]
04-21 17:14:16.195 22409 22409 D ar_activity: [[2a end - 2d start] onChildChanged stroke id=-NT_eiBAutp5YSmsNnho time=2023-04-21 17:14:16.195]
04-21 17:14:16.198 22409 22559 D ar_activity: [[2d] after update lines time=2023-04-21 17:14:16.198]
04-21 17:14:16.222 22409 22559 D ar_activity: [[2d] after update lines time=2023-04-21 17:14:16.222]
04-21 17:14:16.242 22409 22559 D ar_activity: [[2d] after update lines time=2023-04-21 17:14:16.241]
04-21 17:14:16.259 22409 22409 D ar_activity: [[2a end - 2d start] onChildChanged stroke id=-NT_eiBAutp5YSmsNnho time=2023-04-21 17:14:16.259]
04-21 17:14:16.262 22409 22559 D ar_activity: [[2d] after update lines time=2023-04-21 17:14:16.262]
04-21 17:14:16.282 22409 22559 D ar_activity: [[2d] after update lines time=2023-04-21 17:14:16.281]
04-21 17:14:16.301 22409 22559 D ar_activity: [[2d] after update lines time=2023-04-21 17:14:16.301]
04-21 17:14:16.322 22409 22559 D ar_activity: [[2d] after update lines time=2023-04-21 17:14:16.321]
04-21 17:14:16.336 22409 22409 D ar_activity: [[2a end - 2d start] onChildChanged stroke id=-NT_eiBAutp5YSmsNnho time=2023-04-21 17:14:16.336]
04-21 17:14:16.341 22409 22559 D ar_activity: [[2d] after update lines time=2023-04-21 17:14:16.341]
04-21 17:14:16.362 22409 22559 D ar_activity: [[2d] after update lines time=2023-04-21 17:14:16.361]
04-21 17:14:16.381 22409 22559 D ar_activity: [[2d] after update lines time=2023-04-21 17:14:16.380]
04-21 17:14:16.400 22409 22559 D ar_activity: [[2d] after update lines time=2023-04-21 17:14:16.400]
04-21 17:14:16.421 22409 22559 D ar_activity: [[2d] after update lines time=2023-04-21 17:14:16.421]
04-21 17:14:16.423 22409 22409 D ar_activity: [[2a end - 2d start] onChildChanged stroke id=-NT_eiBAutp5YSmsNnho time=2023-04-21 17:14:16.423]
04-21 17:14:16.441 22409 22559 D ar_activity: [[2d] after update lines time=2023-04-21 17:14:16.441]
04-21 17:14:16.460 22409 22559 D ar_activity: [[2d] after update lines time=2023-04-21 17:14:16.460]
04-21 17:14:16.480 22409 22559 D ar_activity: [[2d] after update lines time=2023-04-21 17:14:16.480]
04-21 17:14:16.499 22409 22559 D ar_activity: [[2d] after update lines time=2023-04-21 17:14:16.499]
04-21 17:14:16.514 22409 22409 D ar_activity: [[2a end - 2d start] onChildChanged stroke id=-NT_eiBAutp5YSmsNnho time=2023-04-21 17:14:16.513]
04-21 17:14:16.518 22409 22559 D ar_activity: [[2d] after update lines time=2023-04-21 17:14:16.518]
04-21 17:14:16.539 22409 22559 D ar_activity: [[2d] after update lines time=2023-04-21 17:14:16.539]
04-21 17:14:16.558 22409 22559 D ar_activity: [[2d] after update lines time=2023-04-21 17:14:16.558]
04-21 17:14:16.567 22409 22409 D ar_activity: [[2a end - 2d start] onChildChanged stroke id=-NT_eiBAutp5YSmsNnho time=2023-04-21 17:14:16.567]
04-21 17:14:16.577 22409 22559 D ar_activity: [[2d] after update lines time=2023-04-21 17:14:16.577]
04-21 17:14:16.596 22409 22559 D ar_activity: [[2d] after update lines time=2023-04-21 17:14:16.596]
04-21 17:14:16.615 22409 22559 D ar_activity: [[2d] after update lines time=2023-04-21 17:14:16.615]
04-21 17:14:16.633 22409 22559 D ar_activity: [[2d] after update lines time=2023-04-21 17:14:16.633]
04-21 17:14:16.652 22409 22409 D ar_activity: [[2a end - 2d start] onChildChanged stroke id=-NT_eiBAutp5YSmsNnho time=2023-04-21 17:14:16.651]
04-21 17:14:16.655 22409 22559 D ar_activity: [[2d] after update lines time=2023-04-21 17:14:16.655]
04-21 17:14:16.675 22409 22559 D ar_activity: [[2d] after update lines time=2023-04-21 17:14:16.674]
04-21 17:14:16.694 22409 22559 D ar_activity: [[2d] after update lines time=2023-04-21 17:14:16.693]
04-21 17:14:16.713 22409 22559 D ar_activity: [[2d] after update lines time=2023-04-21 17:14:16.713]
04-21 17:14:16.726 22409 22409 D ar_activity: [[2a end - 2d start] onChildChanged stroke id=-NT_eiBAutp5YSmsNnho time=2023-04-21 17:14:16.726]
04-21 17:14:16.732 22409 22559 D ar_activity: [[2d] after update lines time=2023-04-21 17:14:16.732]
04-21 17:14:16.754 22409 22559 D ar_activity: [[2d] after update lines time=2023-04-21 17:14:16.753]
04-21 17:14:16.774 22409 22559 D ar_activity: [[2d] after update lines time=2023-04-21 17:14:16.773]
04-21 17:14:16.798 22409 22409 D ar_activity: [[2a end - 2d start] onChildChanged stroke id=-NT_eiBAutp5YSmsNnho time=2023-04-21 17:14:16.797]
04-21 17:14:16.799 22409 22559 D ar_activity: [[2d] after update lines time=2023-04-21 17:14:16.799]
04-21 17:14:16.823 22409 22559 D ar_activity: [[2d] after update lines time=2023-04-21 17:14:16.823]
04-21 17:14:16.846 22409 22559 D ar_activity: [[2d] after update lines time=2023-04-21 17:14:16.846]
04-21 17:14:16.877 22409 22409 D ar_activity: [[2a end - 2d start] onChildChanged stroke id=-NT_eiBAutp5YSmsNnho time=2023-04-21 17:14:16.877]
04-21 17:14:16.884 22409 22559 D ar_activity: [[2d] after update lines time=2023-04-21 17:14:16.883]
04-21 17:14:16.914 22409 22559 D ar_activity: [[2d] after update lines time=2023-04-21 17:14:16.913]
04-21 17:14:16.938 22409 22559 D ar_activity: [[2d] after update lines time=2023-04-21 17:14:16.937]
04-21 17:14:16.941 22409 22409 D ar_activity: [[2a end - 2d start] onChildChanged stroke id=-NT_eiBAutp5YSmsNnho time=2023-04-21 17:14:16.940]
04-21 17:14:16.963 22409 22559 D ar_activity: [[2d] after update lines time=2023-04-21 17:14:16.962]
04-21 17:14:16.983 22409 22559 D ar_activity: [[2d] after update lines time=2023-04-21 17:14:16.983]
04-21 17:14:17.002 22409 22559 D ar_activity: [[2d] after update lines time=2023-04-21 17:14:17.002]
04-21 17:14:17.013 22409 22409 D ar_activity: [[2a end - 2d start] onChildChanged stroke id=-NT_eiBAutp5YSmsNnho time=2023-04-21 17:14:17.012]
04-21 17:14:17.023 22409 22559 D ar_activity: [[2d] after update lines time=2023-04-21 17:14:17.023]
04-21 17:14:17.043 22409 22559 D ar_activity: [[2d] after update lines time=2023-04-21 17:14:17.043]
04-21 17:14:17.064 22409 22559 D ar_activity: [[2d] after update lines time=2023-04-21 17:14:17.064]
04-21 17:14:17.077 22409 22409 D ar_activity: [[2a end - 2d start] onChildChanged stroke id=-NT_eiBAutp5YSmsNnho time=2023-04-21 17:14:17.076]
04-21 17:14:17.089 22409 22559 D ar_activity: [[2d] after update lines time=2023-04-21 17:14:17.088]
04-21 17:14:17.112 22409 22559 D ar_activity: [[2d] after update lines time=2023-04-21 17:14:17.111]
04-21 17:14:17.133 22409 22559 D ar_activity: [[2d] after update lines time=2023-04-21 17:14:17.132]
04-21 17:14:17.143 22409 22409 D ar_activity: [[2a end - 2d start] onChildChanged stroke id=-NT_eiBAutp5YSmsNnho time=2023-04-21 17:14:17.143]
04-21 17:14:17.180 22409 22559 D ar_activity: [[2d] after update lines time=2023-04-21 17:14:17.179]
04-21 17:14:17.203 22409 22559 D ar_activity: [[2d] after update lines time=2023-04-21 17:14:17.203]
04-21 17:14:17.226 22409 22409 D ar_activity: [[2a end - 2d start] onChildChanged stroke id=-NT_eiBAutp5YSmsNnho time=2023-04-21 17:14:17.226]
04-21 17:14:17.226 22409 22559 D ar_activity: [[2d] after update lines time=2023-04-21 17:14:17.226]
04-21 17:14:17.250 22409 22559 D ar_activity: [[2d] after update lines time=2023-04-21 17:14:17.250]
04-21 17:14:17.272 22409 22559 D ar_activity: [[2d] after update lines time=2023-04-21 17:14:17.271]
04-21 17:14:17.294 22409 22409 D ar_activity: [[2a end - 2d start] onChildChanged stroke id=-NT_eiBAutp5YSmsNnho time=2023-04-21 17:14:17.293]
04-21 17:14:17.316 22409 22559 D ar_activity: [[2d] after update lines time=2023-04-21 17:14:17.316]
04-21 17:14:17.335 22409 22559 D ar_activity: [[2d] after update lines time=2023-04-21 17:14:17.335]
04-21 17:14:17.358 22409 22559 D ar_activity: [[2d] after update lines time=2023-04-21 17:14:17.357]
04-21 17:14:17.358 22409 22409 D ar_activity: [[2a end - 2d start] onChildChanged stroke id=-NT_eiBAutp5YSmsNnho time=2023-04-21 17:14:17.358]
04-21 17:14:17.382 22409 22559 D ar_activity: [[2d] after update lines time=2023-04-21 17:14:17.382]
04-21 17:14:17.401 22409 22559 D ar_activity: [[2d] after update lines time=2023-04-21 17:14:17.401]
04-21 17:14:17.423 22409 22559 D ar_activity: [[2d] after update lines time=2023-04-21 17:14:17.423]
04-21 17:14:17.434 22409 22409 D ar_activity: [[2a end - 2d start] onChildChanged stroke id=-NT_eiBAutp5YSmsNnho time=2023-04-21 17:14:17.434]
04-21 17:14:17.443 22409 22559 D ar_activity: [[2d] after update lines time=2023-04-21 17:14:17.443]
04-21 17:14:17.463 22409 22559 D ar_activity: [[2d] after update lines time=2023-04-21 17:14:17.462]
04-21 17:14:17.482 22409 22409 D ar_activity: [[2a end - 2d start] onChildChanged stroke id=-NT_eiBAutp5YSmsNnho time=2023-04-21 17:14:17.481]
04-21 17:14:17.494 22409 22559 D ar_activity: [[2d] after update lines time=2023-04-21 17:14:17.494]
04-21 17:14:17.513 22409 22559 D ar_activity: [[2d] after update lines time=2023-04-21 17:14:17.512]
04-21 17:14:17.531 22409 22559 D ar_activity: [[2d] after update lines time=2023-04-21 17:14:17.531]
04-21 17:14:17.550 22409 22559 D ar_activity: [[2d] after update lines time=2023-04-21 17:14:17.550]
04-21 17:14:17.564 22409 22409 D ar_activity: [[2a end - 2d start] onChildChanged stroke id=-NT_eiBAutp5YSmsNnho time=2023-04-21 17:14:17.563]
04-21 17:14:17.569 22409 22559 D ar_activity: [[2d] after update lines time=2023-04-21 17:14:17.569]
04-21 17:14:17.592 22409 22559 D ar_activity: [[2d] after update lines time=2023-04-21 17:14:17.592]
04-21 17:14:17.611 22409 22559 D ar_activity: [[2d] after update lines time=2023-04-21 17:14:17.611]
04-21 17:14:17.631 22409 22559 D ar_activity: [[2d] after update lines time=2023-04-21 17:14:17.630]
04-21 17:14:17.632 22409 22409 D ar_activity: [[2a end - 2d start] onChildChanged stroke id=-NT_eiBAutp5YSmsNnho time=2023-04-21 17:14:17.631]
04-21 17:14:17.650 22409 22559 D ar_activity: [[2d] after update lines time=2023-04-21 17:14:17.650]
04-21 17:14:17.669 22409 22559 D ar_activity: [[2d] after update lines time=2023-04-21 17:14:17.669]
04-21 17:14:17.693 22409 22559 D ar_activity: [[2d] after update lines time=2023-04-21 17:14:17.692]
04-21 17:14:17.706 22409 22409 D ar_activity: [[2a end - 2d start] onChildChanged stroke id=-NT_eiBAutp5YSmsNnho time=2023-04-21 17:14:17.706]
04-21 17:14:17.717 22409 22559 D ar_activity: [[2d] after update lines time=2023-04-21 17:14:17.717]
04-21 17:14:17.735 22409 22559 D ar_activity: [[2d] after update lines time=2023-04-21 17:14:17.735]
04-21 17:14:17.751 22409 22409 D ar_activity: [[2a end - 2d start] onChildChanged stroke id=-NT_eiBAutp5YSmsNnho time=2023-04-21 17:14:17.751]
04-21 17:14:17.757 22409 22559 D ar_activity: [[2d] after update lines time=2023-04-21 17:14:17.757]
04-21 17:14:17.777 22409 22559 D ar_activity: [[2d] after update lines time=2023-04-21 17:14:17.777]
04-21 17:14:17.796 22409 22559 D ar_activity: [[2d] after update lines time=2023-04-21 17:14:17.796]
04-21 17:14:17.817 22409 22559 D ar_activity: [[2d] after update lines time=2023-04-21 17:14:17.817]
04-21 17:14:17.839 22409 22409 D ar_activity: [[2a end - 2d start] onChildChanged stroke id=-NT_eiBAutp5YSmsNnho time=2023-04-21 17:14:17.839]
04-21 17:14:17.844 22409 22559 D ar_activity: [[2d] after update lines time=2023-04-21 17:14:17.844]
04-21 17:14:17.868 22409 22559 D ar_activity: [[2d] after update lines time=2023-04-21 17:14:17.868]
04-21 17:14:17.898 22409 22559 D ar_activity: [[2d] after update lines time=2023-04-21 17:14:17.897]
04-21 17:14:17.909 22409 22409 D ar_activity: [[2a end - 2d start] onChildChanged stroke id=-NT_eiBAutp5YSmsNnho time=2023-04-21 17:14:17.909]
04-21 17:14:17.919 22409 22559 D ar_activity: [[2d] after update lines time=2023-04-21 17:14:17.919]
04-21 17:14:17.938 22409 22559 D ar_activity: [[2d] after update lines time=2023-04-21 17:14:17.937]
04-21 17:14:17.959 22409 22559 D ar_activity: [[2d] after update lines time=2023-04-21 17:14:17.958]
04-21 17:14:17.966 22409 22409 D ar_activity: [[2a end - 2d start] onChildChanged stroke id=-NT_eiBAutp5YSmsNnho time=2023-04-21 17:14:17.966]
04-21 17:14:17.978 22409 22559 D ar_activity: [[2d] after update lines time=2023-04-21 17:14:17.977]
04-21 17:14:18.001 22409 22559 D ar_activity: [[2d] after update lines time=2023-04-21 17:14:18.000]
04-21 17:14:18.021 22409 22559 D ar_activity: [[2d] after update lines time=2023-04-21 17:14:18.021]
04-21 17:14:18.033 22409 22409 D ar_activity: [[2a end - 2d start] onChildChanged stroke id=-NT_eiBAutp5YSmsNnho time=2023-04-21 17:14:18.033]
04-21 17:14:18.043 22409 22559 D ar_activity: [[2d] after update lines time=2023-04-21 17:14:18.042]
04-21 17:14:18.061 22409 22559 D ar_activity: [[2d] after update lines time=2023-04-21 17:14:18.061]
04-21 17:14:18.081 22409 22559 D ar_activity: [[2d] after update lines time=2023-04-21 17:14:18.080]
04-21 17:14:18.094 22409 22409 D ar_activity: [[2a end - 2d start] onChildChanged stroke id=-NT_eiBAutp5YSmsNnho time=2023-04-21 17:14:18.094]
04-21 17:14:18.101 22409 22559 D ar_activity: [[2d] after update lines time=2023-04-21 17:14:18.100]
04-21 17:14:18.126 22409 22559 D ar_activity: [[2d] after update lines time=2023-04-21 17:14:18.126]
04-21 17:14:18.148 22409 22559 D ar_activity: [[2d] after update lines time=2023-04-21 17:14:18.147]
04-21 17:14:18.167 22409 22559 D ar_activity: [[2d] after update lines time=2023-04-21 17:14:18.167]
04-21 17:14:18.184 22409 22409 D ar_activity: [[2a end - 2d start] onChildChanged stroke id=-NT_eiBAutp5YSmsNnho time=2023-04-21 17:14:18.183]
04-21 17:14:18.191 22409 22559 D ar_activity: [[2d] after update lines time=2023-04-21 17:14:18.191]
04-21 17:14:18.223 22409 22559 D ar_activity: [[2d] after update lines time=2023-04-21 17:14:18.222]
04-21 17:14:18.242 22409 22409 D ar_activity: [[2a end - 2d start] onChildChanged stroke id=-NT_eiBAutp5YSmsNnho time=2023-04-21 17:14:18.242]
04-21 17:14:18.246 22409 22559 D ar_activity: [[2d] after update lines time=2023-04-21 17:14:18.245]
04-21 17:14:18.266 22409 22559 D ar_activity: [[2d] after update lines time=2023-04-21 17:14:18.266]
04-21 17:14:18.284 22409 22559 D ar_activity: [[2d] after update lines time=2023-04-21 17:14:18.284]
04-21 17:14:18.303 22409 22559 D ar_activity: [[2d] after update lines time=2023-04-21 17:14:18.303]
04-21 17:14:18.313 22409 22409 D ar_activity: [[2a end - 2d start] onChildChanged stroke id=-NT_eiBAutp5YSmsNnho time=2023-04-21 17:14:18.313]
04-21 17:14:18.325 22409 22559 D ar_activity: [[2d] after update lines time=2023-04-21 17:14:18.325]
04-21 17:14:18.344 22409 22559 D ar_activity: [[2d] after update lines time=2023-04-21 17:14:18.344]
04-21 17:14:18.364 22409 22559 D ar_activity: [[2d] after update lines time=2023-04-21 17:14:18.363]
04-21 17:14:18.382 22409 22559 D ar_activity: [[2d] after update lines time=2023-04-21 17:14:18.382]
04-21 17:14:18.402 22409 22559 D ar_activity: [[2d] after update lines time=2023-04-21 17:14:18.401]
04-21 17:14:18.423 22409 22559 D ar_activity: [[2d] after update lines time=2023-04-21 17:14:18.422]
04-21 17:14:18.435 22409 22409 D ar_activity: [[2a end - 2d start] onChildChanged stroke id=-NT_eiBAutp5YSmsNnho time=2023-04-21 17:14:18.434]
04-21 17:14:18.445 22409 22559 D ar_activity: [[2d] after update lines time=2023-04-21 17:14:18.445]
04-21 17:14:18.465 22409 22559 D ar_activity: [[2d] after update lines time=2023-04-21 17:14:18.465]
04-21 17:14:18.475 22409 22409 D ar_activity: [[2a end - 2d start] onChildChanged stroke id=-NT_eiBAutp5YSmsNnho time=2023-04-21 17:14:18.475]
04-21 17:14:18.486 22409 22559 D ar_activity: [[2d] after update lines time=2023-04-21 17:14:18.485]
04-21 17:14:18.504 22409 22559 D ar_activity: [[2d] after update lines time=2023-04-21 17:14:18.504]
04-21 17:14:18.525 22409 22559 D ar_activity: [[2d] after update lines time=2023-04-21 17:14:18.525]
04-21 17:14:18.534 22409 22409 D ar_activity: [[2a end - 2d start] onChildChanged stroke id=-NT_eiBAutp5YSmsNnho time=2023-04-21 17:14:18.534]
04-21 17:14:18.545 22409 22559 D ar_activity: [[2d] after update lines time=2023-04-21 17:14:18.545]
04-21 17:14:18.564 22409 22559 D ar_activity: [[2d] after update lines time=2023-04-21 17:14:18.564]
04-21 17:14:18.584 22409 22559 D ar_activity: [[2d] after update lines time=2023-04-21 17:14:18.584]
04-21 17:14:18.601 22409 22409 D ar_activity: [[2a end - 2d start] onChildChanged stroke id=-NT_eiBAutp5YSmsNnho time=2023-04-21 17:14:18.601]
04-21 17:14:18.603 22409 22559 D ar_activity: [[2d] after update lines time=2023-04-21 17:14:18.603]
04-21 17:14:18.626 22409 22559 D ar_activity: [[2d] after update lines time=2023-04-21 17:14:18.626]
04-21 17:14:18.645 22409 22559 D ar_activity: [[2d] after update lines time=2023-04-21 17:14:18.645]
04-21 17:14:18.663 22409 22409 D ar_activity: [[2a end - 2d start] onChildChanged stroke id=-NT_eiBAutp5YSmsNnho time=2023-04-21 17:14:18.663]
04-21 17:14:18.667 22409 22559 D ar_activity: [[2d] after update lines time=2023-04-21 17:14:18.666]
04-21 17:14:18.687 22409 22559 D ar_activity: [[2d] after update lines time=2023-04-21 17:14:18.687]
04-21 17:14:18.707 22409 22559 D ar_activity: [[2d] after update lines time=2023-04-21 17:14:18.707]
04-21 17:14:18.727 22409 22559 D ar_activity: [[2d] after update lines time=2023-04-21 17:14:18.727]
04-21 17:14:18.746 22409 22559 D ar_activity: [[2d] after update lines time=2023-04-21 17:14:18.746]
04-21 17:14:18.747 22409 22409 D ar_activity: [[2a end - 2d start] onChildChanged stroke id=-NT_eiBAutp5YSmsNnho time=2023-04-21 17:14:18.746]
04-21 17:14:18.765 22409 22559 D ar_activity: [[2d] after update lines time=2023-04-21 17:14:18.765]
04-21 17:14:18.787 22409 22559 D ar_activity: [[2d] after update lines time=2023-04-21 17:14:18.787]
04-21 17:14:18.810 22409 22559 D ar_activity: [[2d] after update lines time=2023-04-21 17:14:18.810]
04-21 17:14:18.832 22409 22409 D ar_activity: [[2a end - 2d start] onChildChanged stroke id=-NT_eiBAutp5YSmsNnho time=2023-04-21 17:14:18.832]
04-21 17:14:18.837 22409 22559 D ar_activity: [[2d] after update lines time=2023-04-21 17:14:18.836]
04-21 17:14:18.864 22409 22559 D ar_activity: [[2d] after update lines time=2023-04-21 17:14:18.864]
04-21 17:14:18.888 22409 22559 D ar_activity: [[2d] after update lines time=2023-04-21 17:14:18.888]
04-21 17:14:18.901 22409 22409 D ar_activity: [[2a end - 2d start] onChildChanged stroke id=-NT_eiBAutp5YSmsNnho time=2023-04-21 17:14:18.901]
04-21 17:14:18.908 22409 22559 D ar_activity: [[2d] after update lines time=2023-04-21 17:14:18.908]
04-21 17:14:18.933 22409 22559 D ar_activity: [[2d] after update lines time=2023-04-21 17:14:18.932]
04-21 17:14:18.955 22409 22559 D ar_activity: [[2d] after update lines time=2023-04-21 17:14:18.954]
04-21 17:14:18.967 22409 22409 D ar_activity: [[2a end - 2d start] onChildChanged stroke id=-NT_eiBAutp5YSmsNnho time=2023-04-21 17:14:18.967]
04-21 17:14:18.974 22409 22559 D ar_activity: [[2d] after update lines time=2023-04-21 17:14:18.974]
04-21 17:14:18.998 22409 22559 D ar_activity: [[2d] after update lines time=2023-04-21 17:14:18.997]
04-21 17:14:19.020 22409 22559 D ar_activity: [[2d] after update lines time=2023-04-21 17:14:19.020]
04-21 17:14:19.033 22409 22409 D ar_activity: [[2a end - 2d start] onChildChanged stroke id=-NT_eiBAutp5YSmsNnho time=2023-04-21 17:14:19.033]
04-21 17:14:19.041 22409 22559 D ar_activity: [[2d] after update lines time=2023-04-21 17:14:19.041]
04-21 17:14:19.065 22409 22559 D ar_activity: [[2d] after update lines time=2023-04-21 17:14:19.065]
04-21 17:14:19.094 22409 22409 D ar_activity: [[2a end - 2d start] onChildChanged stroke id=-NT_eiBAutp5YSmsNnho time=2023-04-21 17:14:19.094]
04-21 17:14:19.095 22409 22559 D ar_activity: [[2d] after update lines time=2023-04-21 17:14:19.095]
04-21 17:14:19.117 22409 22559 D ar_activity: [[2d] after update lines time=2023-04-21 17:14:19.117]
04-21 17:14:19.137 22409 22559 D ar_activity: [[2d] after update lines time=2023-04-21 17:14:19.137]
04-21 17:14:19.160 22409 22559 D ar_activity: [[2d] after update lines time=2023-04-21 17:14:19.160]
04-21 17:14:19.161 22409 22409 D ar_activity: [[2a end - 2d start] onChildChanged stroke id=-NT_eiBAutp5YSmsNnho time=2023-04-21 17:14:19.160]
04-21 17:14:19.183 22409 22559 D ar_activity: [[2d] after update lines time=2023-04-21 17:14:19.183]
04-21 17:14:19.202 22409 22559 D ar_activity: [[2d] after update lines time=2023-04-21 17:14:19.202]
04-21 17:14:19.217 22409 22409 D ar_activity: [[2a end - 2d start] onChildChanged stroke id=-NT_eiBAutp5YSmsNnho time=2023-04-21 17:14:19.217]
04-21 17:14:19.223 22409 22559 D ar_activity: [[2d] after update lines time=2023-04-21 17:14:19.223]
04-21 17:14:19.246 22409 22559 D ar_activity: [[2d] after update lines time=2023-04-21 17:14:19.245]
04-21 17:14:19.264 22409 22559 D ar_activity: [[2d] after update lines time=2023-04-21 17:14:19.264]
04-21 17:14:19.283 22409 22409 D ar_activity: [[2a end - 2d start] onChildChanged stroke id=-NT_eiBAutp5YSmsNnho time=2023-04-21 17:14:19.283]
04-21 17:14:19.305 22409 22559 D ar_activity: [[2d] after update lines time=2023-04-21 17:14:19.305]
04-21 17:14:19.327 22409 22559 D ar_activity: [[2d] after update lines time=2023-04-21 17:14:19.325]
04-21 17:14:19.347 22409 22559 D ar_activity: [[2d] after update lines time=2023-04-21 17:14:19.347]
04-21 17:14:19.357 22409 22409 D ar_activity: [[2a end - 2d start] onChildChanged stroke id=-NT_eiBAutp5YSmsNnho time=2023-04-21 17:14:19.357]
04-21 17:14:19.368 22409 22559 D ar_activity: [[2d] after update lines time=2023-04-21 17:14:19.368]
04-21 17:14:19.388 22409 22559 D ar_activity: [[2d] after update lines time=2023-04-21 17:14:19.388]
04-21 17:14:19.410 22409 22559 D ar_activity: [[2d] after update lines time=2023-04-21 17:14:19.410]
04-21 17:14:19.428 22409 22409 D ar_activity: [[2a end - 2d start] onChildChanged stroke id=-NT_eiBAutp5YSmsNnho time=2023-04-21 17:14:19.427]
04-21 17:14:19.430 22409 22559 D ar_activity: [[2d] after update lines time=2023-04-21 17:14:19.430]
