--------- beginning of main
04-22 01:52:25.182  2404  2702 D ar_activity: [[2d] after update lines time=2023-04-22 01:52:25.149]
04-22 01:52:29.046  2404  2404 D ar_activity: [--- pair start --- time=2023-04-22 01:52:29.045]
04-22 01:52:29.046  2404  2404 D ar_activity: [--- pair session start --- time=2023-04-22 01:52:29.046]
04-22 01:52:29.070  2404  2404 D ar_activity: [create room: Message{namespace='', type='', content=[34 bytes]} time=2023-04-22 01:52:29.070]
04-22 01:52:29.083  2404  2404 D ar_activity: LOOKING: 2023-04-22 01:52:29.082
04-22 01:52:39.072  2404  2404 D ar_activity: [--- pair discovery TIMEOUT --- time=2023-04-22 01:52:39.071]
04-22 01:52:40.673  2404  2404 D ar_activity: [--- pair session start --- time=2023-04-22 01:52:40.672]
04-22 01:52:40.678  2404  2404 D ar_activity: [create room: Message{namespace='', type='', content=[34 bytes]} time=2023-04-22 01:52:40.678]
04-22 01:52:40.680  2404  2404 D ar_activity: LOOKING: 2023-04-22 01:52:40.680
04-22 01:52:41.766  2404  2404 D ar_activity: [joinRoom: -NTbWMjWb2ZH9hHyg943 time=2023-04-22 01:52:41.766]
04-22 01:52:41.843  2404  2404 D ar_activity: [--- pair joined --- time=2023-04-22 01:52:41.843]
04-22 01:52:41.848  2404  2404 D ar_activity: PARTNER FOUND: 2023-04-22 01:52:41.848
04-22 01:52:43.852  2404  2404 D ar_activity: SET ANCHOR: 2023-04-22 01:52:43.852
04-22 01:52:45.182  2404  2404 D ar_activity: [anchor resolution changed: null time=2023-04-22 01:52:45.181]
04-22 01:52:45.230  2404  2404 D ar_activity: [--- sync ready to set anchor --- time=2023-04-22 01:52:45.229]
04-22 01:52:45.231  2404  2404 D ar_activity: [--- sync: sendSetAnchorEvent --- time=2023-04-22 01:52:45.230]
04-22 01:52:45.250  2404  2404 D ar_activity: --- start creating anchor: 2023-04-22 01:52:45.250 ---
04-22 01:52:45.252  2404  2404 D ar_activity: --- anchor: com.google.ar.core.Anchor@b49d0769 ---
04-22 01:52:45.253  2404  2404 D ar_activity: --- finish creating anchor: 2023-04-22 01:52:45.252 ---
04-22 01:52:45.253  2404  2404 D ar_activity: [hostAnchor start time=2023-04-22 01:52:45.253]
04-22 01:52:45.254  2404  2404 D ar_activity: [hostAnchor end time=2023-04-22 01:52:45.254]
04-22 01:52:45.257  2404  2404 D ar_activity: Start CONNECTING: 2023-04-22 01:52:45.254
04-22 01:52:45.272  2404  2702 D ar_activity: [--- anchor: onUpdate--- time=2023-04-22 01:52:45.272]
04-22 01:52:48.588  2404  2702 D ar_activity: [--- anchor: onUpdate--- time=2023-04-22 01:52:48.587]
04-22 01:52:48.671  2404  2702 D ar_activity: [--- anchor: onUpdate--- time=2023-04-22 01:52:48.671]
04-22 01:52:48.672  2404  2702 D ar_activity: [--- onAnchorHosted [HOSTED]--- time=2023-04-22 01:52:48.672]
04-22 01:52:48.682  2404  2404 D ar_activity: [anchor resolution changed: false time=2023-04-22 01:52:48.682]
04-22 01:52:51.464  2404  2404 D ar_activity: [--- sync: finish syncing anchor --- time=2023-04-22 01:52:51.464]
04-22 01:52:51.472  2404  2404 D ar_activity: SYNCED: 2023-04-22 01:52:51.472
04-22 01:52:55.527  2404  2404 D ar_activity: [[1a start] touch screen time=2023-04-22 01:52:55.527]
04-22 01:52:55.540  2404  2702 D ar_activity: addStroke at 2023-04-22 01:52:55.539
04-22 01:52:55.544  2404  2702 D ar_activity: stroke (id: -NTbWRXsPPdSDMKPR5hq) was added at 2023-04-22 01:52:55.543
04-22 01:52:55.546  2404  2702 D ar_activity: [[1b start] setFirebaseValue stroke id=-NTbWRXsPPdSDMKPR5hq time=2023-04-22 01:52:55.545]
04-22 01:52:55.554  2404  2404 D ar_activity: [[2a end - 2d start] onChildAdded stroke id=-NTbWRXsPPdSDMKPR5hq time=2023-04-22 01:52:55.552]
04-22 01:52:55.558  2404  2702 D ar_activity: [TRACKING TransformPointToPose time=2023-04-22 01:52:55.556]
04-22 01:52:55.563  2404  2702 D ar_activity: send stroke to firebase, id=-NTbWRXsPPdSDMKPR5hq
04-22 01:52:55.565  2404  2702 D ar_activity: [[2d] after update lines time=2023-04-22 01:52:55.565]
04-22 01:52:55.589  2404  2702 D ar_activity: [TRACKING TransformPointToPose time=2023-04-22 01:52:55.588]
04-22 01:52:55.590  2404  2702 D ar_activity: send stroke to firebase, id=-NTbWRXsPPdSDMKPR5hq
04-22 01:52:55.590  2404  2702 D ar_activity: [[2d] after update lines time=2023-04-22 01:52:55.590]
04-22 01:52:55.612  2404  2702 D ar_activity: [TRACKING TransformPointToPose time=2023-04-22 01:52:55.611]
04-22 01:52:55.612  2404  2702 D ar_activity: [TRACKING TransformPointToPose time=2023-04-22 01:52:55.612]
04-22 01:52:55.612  2404  2702 D ar_activity: send stroke to firebase, id=-NTbWRXsPPdSDMKPR5hq
04-22 01:52:55.614  2404  2702 D ar_activity: [[2d] after update lines time=2023-04-22 01:52:55.613]
04-22 01:52:55.626  2404  2404 D ar_activity: [[1b start] setFirebaseValue stroke id=-NTbWRXsPPdSDMKPR5hq time=2023-04-22 01:52:55.625]
04-22 01:52:55.629  2404  2404 D ar_activity: [[2a end - 2d start] onChildChanged stroke id=-NTbWRXsPPdSDMKPR5hq time=2023-04-22 01:52:55.628]
04-22 01:52:55.634  2404  2702 D ar_activity: [TRACKING TransformPointToPose time=2023-04-22 01:52:55.634]
04-22 01:52:55.634  2404  2702 D ar_activity: [TRACKING TransformPointToPose time=2023-04-22 01:52:55.634]
04-22 01:52:55.634  2404  2702 D ar_activity: send stroke to firebase, id=-NTbWRXsPPdSDMKPR5hq
04-22 01:52:55.635  2404  2702 D ar_activity: [[2d] after update lines time=2023-04-22 01:52:55.635]
04-22 01:52:55.657  2404  2702 D ar_activity: [TRACKING TransformPointToPose time=2023-04-22 01:52:55.657]
04-22 01:52:55.657  2404  2702 D ar_activity: [TRACKING TransformPointToPose time=2023-04-22 01:52:55.657]
04-22 01:52:55.657  2404  2702 D ar_activity: send stroke to firebase, id=-NTbWRXsPPdSDMKPR5hq
04-22 01:52:55.658  2404  2702 D ar_activity: [[2d] after update lines time=2023-04-22 01:52:55.658]
04-22 01:52:55.679  2404  2702 D ar_activity: [TRACKING TransformPointToPose time=2023-04-22 01:52:55.678]
04-22 01:52:55.681  2404  2702 D ar_activity: [TRACKING TransformPointToPose time=2023-04-22 01:52:55.679]
04-22 01:52:55.682  2404  2702 D ar_activity: send stroke to firebase, id=-NTbWRXsPPdSDMKPR5hq
04-22 01:52:55.683  2404  2702 D ar_activity: [[2d] after update lines time=2023-04-22 01:52:55.683]
04-22 01:52:55.699  2404  2404 D ar_activity: [[2a end - 2d start] onChildChanged stroke id=-NTbWRXsPPdSDMKPR5hq time=2023-04-22 01:52:55.699]
04-22 01:52:55.708  2404  2702 D ar_activity: [TRACKING TransformPointToPose time=2023-04-22 01:52:55.708]
04-22 01:52:55.708  2404  2702 D ar_activity: [TRACKING TransformPointToPose time=2023-04-22 01:52:55.708]
04-22 01:52:55.709  2404  2702 D ar_activity: [TRACKING TransformPointToPose time=2023-04-22 01:52:55.708]
04-22 01:52:55.709  2404  2702 D ar_activity: send stroke to firebase, id=-NTbWRXsPPdSDMKPR5hq
04-22 01:52:55.709  2404  2702 D ar_activity: [[2d] after update lines time=2023-04-22 01:52:55.709]
04-22 01:52:55.728  2404  2702 D ar_activity: [TRACKING TransformPointToPose time=2023-04-22 01:52:55.728]
04-22 01:52:55.729  2404  2702 D ar_activity: send stroke to firebase, id=-NTbWRXsPPdSDMKPR5hq
04-22 01:52:55.729  2404  2702 D ar_activity: [[2d] after update lines time=2023-04-22 01:52:55.729]
04-22 01:52:55.750  2404  2702 D ar_activity: [TRACKING TransformPointToPose time=2023-04-22 01:52:55.749]
04-22 01:52:55.750  2404  2702 D ar_activity: [TRACKING TransformPointToPose time=2023-04-22 01:52:55.750]
04-22 01:52:55.750  2404  2702 D ar_activity: send stroke to firebase, id=-NTbWRXsPPdSDMKPR5hq
04-22 01:52:55.751  2404  2702 D ar_activity: [[2d] after update lines time=2023-04-22 01:52:55.751]
04-22 01:52:55.770  2404  2702 D ar_activity: [TRACKING TransformPointToPose time=2023-04-22 01:52:55.770]
04-22 01:52:55.770  2404  2702 D ar_activity: [TRACKING TransformPointToPose time=2023-04-22 01:52:55.770]
04-22 01:52:55.770  2404  2702 D ar_activity: send stroke to firebase, id=-NTbWRXsPPdSDMKPR5hq
04-22 01:52:55.771  2404  2702 D ar_activity: [[2d] after update lines time=2023-04-22 01:52:55.771]
04-22 01:52:55.790  2404  2404 D ar_activity: [[2a end - 2d start] onChildChanged stroke id=-NTbWRXsPPdSDMKPR5hq time=2023-04-22 01:52:55.789]
04-22 01:52:55.794  2404  2702 D ar_activity: [TRACKING TransformPointToPose time=2023-04-22 01:52:55.794]
04-22 01:52:55.797  2404  2702 D ar_activity: [TRACKING TransformPointToPose time=2023-04-22 01:52:55.797]
04-22 01:52:55.797  2404  2702 D ar_activity: send stroke to firebase, id=-NTbWRXsPPdSDMKPR5hq
04-22 01:52:55.799  2404  2702 D ar_activity: [[2d] after update lines time=2023-04-22 01:52:55.798]
04-22 01:52:55.819  2404  2702 D ar_activity: [TRACKING TransformPointToPose time=2023-04-22 01:52:55.819]
04-22 01:52:55.820  2404  2702 D ar_activity: [TRACKING TransformPointToPose time=2023-04-22 01:52:55.820]
04-22 01:52:55.820  2404  2702 D ar_activity: send stroke to firebase, id=-NTbWRXsPPdSDMKPR5hq
04-22 01:52:55.823  2404  2702 D ar_activity: [[2d] after update lines time=2023-04-22 01:52:55.823]
04-22 01:52:55.842  2404  2702 D ar_activity: [TRACKING TransformPointToPose time=2023-04-22 01:52:55.842]
04-22 01:52:55.843  2404  2702 D ar_activity: [TRACKING TransformPointToPose time=2023-04-22 01:52:55.843]
04-22 01:52:55.843  2404  2702 D ar_activity: send stroke to firebase, id=-NTbWRXsPPdSDMKPR5hq
04-22 01:52:55.843  2404  2702 D ar_activity: [[2d] after update lines time=2023-04-22 01:52:55.843]
04-22 01:52:55.863  2404  2702 D ar_activity: [TRACKING TransformPointToPose time=2023-04-22 01:52:55.862]
04-22 01:52:55.863  2404  2702 D ar_activity: send stroke to firebase, id=-NTbWRXsPPdSDMKPR5hq
04-22 01:52:55.864  2404  2702 D ar_activity: [[2d] after update lines time=2023-04-22 01:52:55.864]
04-22 01:52:55.879  2404  2404 D ar_activity: [[2a end - 2d start] onChildChanged stroke id=-NTbWRXsPPdSDMKPR5hq time=2023-04-22 01:52:55.879]
04-22 01:52:55.883  2404  2702 D ar_activity: [TRACKING TransformPointToPose time=2023-04-22 01:52:55.883]
04-22 01:52:55.884  2404  2702 D ar_activity: send stroke to firebase, id=-NTbWRXsPPdSDMKPR5hq
04-22 01:52:55.884  2404  2702 D ar_activity: [[2d] after update lines time=2023-04-22 01:52:55.884]
04-22 01:52:55.903  2404  2702 D ar_activity: [TRACKING TransformPointToPose time=2023-04-22 01:52:55.903]
04-22 01:52:55.904  2404  2702 D ar_activity: [TRACKING TransformPointToPose time=2023-04-22 01:52:55.903]
04-22 01:52:55.904  2404  2702 D ar_activity: send stroke to firebase, id=-NTbWRXsPPdSDMKPR5hq
04-22 01:52:55.904  2404  2702 D ar_activity: [[2d] after update lines time=2023-04-22 01:52:55.904]
04-22 01:52:55.924  2404  2702 D ar_activity: [TRACKING TransformPointToPose time=2023-04-22 01:52:55.924]
04-22 01:52:55.925  2404  2702 D ar_activity: [TRACKING TransformPointToPose time=2023-04-22 01:52:55.925]
04-22 01:52:55.925  2404  2702 D ar_activity: send stroke to firebase, id=-NTbWRXsPPdSDMKPR5hq
04-22 01:52:55.926  2404  2702 D ar_activity: [[2d] after update lines time=2023-04-22 01:52:55.926]
04-22 01:52:55.944  2404  2404 D ar_activity: [[2a end - 2d start] onChildChanged stroke id=-NTbWRXsPPdSDMKPR5hq time=2023-04-22 01:52:55.944]
04-22 01:52:55.945  2404  2702 D ar_activity: [TRACKING TransformPointToPose time=2023-04-22 01:52:55.945]
04-22 01:52:55.945  2404  2702 D ar_activity: [TRACKING TransformPointToPose time=2023-04-22 01:52:55.945]
04-22 01:52:55.945  2404  2702 D ar_activity: send stroke to firebase, id=-NTbWRXsPPdSDMKPR5hq
04-22 01:52:55.946  2404  2702 D ar_activity: [[2d] after update lines time=2023-04-22 01:52:55.946]
04-22 01:52:55.966  2404  2702 D ar_activity: [TRACKING TransformPointToPose time=2023-04-22 01:52:55.966]
04-22 01:52:55.966  2404  2702 D ar_activity: [TRACKING TransformPointToPose time=2023-04-22 01:52:55.966]
04-22 01:52:55.966  2404  2702 D ar_activity: send stroke to firebase, id=-NTbWRXsPPdSDMKPR5hq
04-22 01:52:55.967  2404  2702 D ar_activity: [[2d] after update lines time=2023-04-22 01:52:55.966]
04-22 01:52:55.985  2404  2702 D ar_activity: [TRACKING TransformPointToPose time=2023-04-22 01:52:55.985]
04-22 01:52:55.986  2404  2702 D ar_activity: [TRACKING TransformPointToPose time=2023-04-22 01:52:55.986]
04-22 01:52:55.986  2404  2702 D ar_activity: send stroke to firebase, id=-NTbWRXsPPdSDMKPR5hq
04-22 01:52:55.987  2404  2702 D ar_activity: [[2d] after update lines time=2023-04-22 01:52:55.987]
04-22 01:52:56.001  2404  2404 D ar_activity: [[2a end - 2d start] onChildChanged stroke id=-NTbWRXsPPdSDMKPR5hq time=2023-04-22 01:52:56.001]
04-22 01:52:56.009  2404  2702 D ar_activity: [TRACKING TransformPointToPose time=2023-04-22 01:52:56.009]
04-22 01:52:56.009  2404  2702 D ar_activity: [TRACKING TransformPointToPose time=2023-04-22 01:52:56.009]
04-22 01:52:56.009  2404  2702 D ar_activity: send stroke to firebase, id=-NTbWRXsPPdSDMKPR5hq
04-22 01:52:56.010  2404  2702 D ar_activity: [[2d] after update lines time=2023-04-22 01:52:56.010]
04-22 01:52:56.028  2404  2702 D ar_activity: [TRACKING TransformPointToPose time=2023-04-22 01:52:56.028]
04-22 01:52:56.029  2404  2702 D ar_activity: send stroke to firebase, id=-NTbWRXsPPdSDMKPR5hq
04-22 01:52:56.030  2404  2702 D ar_activity: [[2d] after update lines time=2023-04-22 01:52:56.030]
04-22 01:52:56.050  2404  2702 D ar_activity: [TRACKING TransformPointToPose time=2023-04-22 01:52:56.050]
04-22 01:52:56.050  2404  2702 D ar_activity: [TRACKING TransformPointToPose time=2023-04-22 01:52:56.050]
04-22 01:52:56.050  2404  2702 D ar_activity: send stroke to firebase, id=-NTbWRXsPPdSDMKPR5hq
04-22 01:52:56.051  2404  2702 D ar_activity: [[2d] after update lines time=2023-04-22 01:52:56.051]
04-22 01:52:56.072  2404  2702 D ar_activity: [TRACKING TransformPointToPose time=2023-04-22 01:52:56.071]
04-22 01:52:56.073  2404  2702 D ar_activity: [TRACKING TransformPointToPose time=2023-04-22 01:52:56.072]
04-22 01:52:56.073  2404  2702 D ar_activity: send stroke to firebase, id=-NTbWRXsPPdSDMKPR5hq
04-22 01:52:56.075  2404  2404 D ar_activity: [[2a end - 2d start] onChildChanged stroke id=-NTbWRXsPPdSDMKPR5hq time=2023-04-22 01:52:56.075]
04-22 01:52:56.076  2404  2702 D ar_activity: [[2d] after update lines time=2023-04-22 01:52:56.074]
04-22 01:52:56.096  2404  2702 D ar_activity: [TRACKING TransformPointToPose time=2023-04-22 01:52:56.096]
04-22 01:52:56.097  2404  2702 D ar_activity: [TRACKING TransformPointToPose time=2023-04-22 01:52:56.097]
04-22 01:52:56.097  2404  2702 D ar_activity: send stroke to firebase, id=-NTbWRXsPPdSDMKPR5hq
04-22 01:52:56.098  2404  2702 D ar_activity: [[2d] after update lines time=2023-04-22 01:52:56.098]
04-22 01:52:56.117  2404  2702 D ar_activity: [TRACKING TransformPointToPose time=2023-04-22 01:52:56.117]
04-22 01:52:56.117  2404  2702 D ar_activity: send stroke to firebase, id=-NTbWRXsPPdSDMKPR5hq
04-22 01:52:56.117  2404  2702 D ar_activity: [[2d] after update lines time=2023-04-22 01:52:56.117]
04-22 01:52:56.138  2404  2702 D ar_activity: [TRACKING TransformPointToPose time=2023-04-22 01:52:56.137]
04-22 01:52:56.138  2404  2702 D ar_activity: [TRACKING TransformPointToPose time=2023-04-22 01:52:56.138]
04-22 01:52:56.138  2404  2702 D ar_activity: send stroke to firebase, id=-NTbWRXsPPdSDMKPR5hq
04-22 01:52:56.139  2404  2702 D ar_activity: [[2d] after update lines time=2023-04-22 01:52:56.139]
04-22 01:52:56.144  2404  2404 D ar_activity: [[2a end - 2d start] onChildChanged stroke id=-NTbWRXsPPdSDMKPR5hq time=2023-04-22 01:52:56.144]
04-22 01:52:56.158  2404  2702 D ar_activity: [TRACKING TransformPointToPose time=2023-04-22 01:52:56.158]
04-22 01:52:56.158  2404  2702 D ar_activity: [TRACKING TransformPointToPose time=2023-04-22 01:52:56.158]
04-22 01:52:56.159  2404  2702 D ar_activity: send stroke to firebase, id=-NTbWRXsPPdSDMKPR5hq
04-22 01:52:56.159  2404  2702 D ar_activity: [[2d] after update lines time=2023-04-22 01:52:56.159]
04-22 01:52:56.178  2404  2702 D ar_activity: [TRACKING TransformPointToPose time=2023-04-22 01:52:56.178]
04-22 01:52:56.178  2404  2702 D ar_activity: [TRACKING TransformPointToPose time=2023-04-22 01:52:56.178]
04-22 01:52:56.178  2404  2702 D ar_activity: send stroke to firebase, id=-NTbWRXsPPdSDMKPR5hq
04-22 01:52:56.179  2404  2702 D ar_activity: [[2d] after update lines time=2023-04-22 01:52:56.179]
04-22 01:52:56.200  2404  2702 D ar_activity: [TRACKING TransformPointToPose time=2023-04-22 01:52:56.200]
04-22 01:52:56.200  2404  2702 D ar_activity: [TRACKING TransformPointToPose time=2023-04-22 01:52:56.200]
04-22 01:52:56.201  2404  2702 D ar_activity: send stroke to firebase, id=-NTbWRXsPPdSDMKPR5hq
04-22 01:52:56.201  2404  2702 D ar_activity: [[2d] after update lines time=2023-04-22 01:52:56.201]
04-22 01:52:56.202  2404  2404 D ar_activity: [[2a end - 2d start] onChildChanged stroke id=-NTbWRXsPPdSDMKPR5hq time=2023-04-22 01:52:56.202]
04-22 01:52:56.220  2404  2702 D ar_activity: [TRACKING TransformPointToPose time=2023-04-22 01:52:56.220]
04-22 01:52:56.223  2404  2702 D ar_activity: [TRACKING TransformPointToPose time=2023-04-22 01:52:56.222]
04-22 01:52:56.223  2404  2702 D ar_activity: send stroke to firebase, id=-NTbWRXsPPdSDMKPR5hq
04-22 01:52:56.224  2404  2702 D ar_activity: [[2d] after update lines time=2023-04-22 01:52:56.224]
04-22 01:52:56.245  2404  2702 D ar_activity: [TRACKING TransformPointToPose time=2023-04-22 01:52:56.244]
04-22 01:52:56.245  2404  2702 D ar_activity: [TRACKING TransformPointToPose time=2023-04-22 01:52:56.245]
04-22 01:52:56.246  2404  2702 D ar_activity: send stroke to firebase, id=-NTbWRXsPPdSDMKPR5hq
04-22 01:52:56.248  2404  2702 D ar_activity: [[2d] after update lines time=2023-04-22 01:52:56.247]
04-22 01:52:56.268  2404  2702 D ar_activity: [TRACKING TransformPointToPose time=2023-04-22 01:52:56.268]
04-22 01:52:56.268  2404  2702 D ar_activity: [TRACKING TransformPointToPose time=2023-04-22 01:52:56.268]
04-22 01:52:56.268  2404  2702 D ar_activity: send stroke to firebase, id=-NTbWRXsPPdSDMKPR5hq
04-22 01:52:56.269  2404  2702 D ar_activity: [[2d] after update lines time=2023-04-22 01:52:56.269]
04-22 01:52:56.269  2404  2404 D ar_activity: [[2a end - 2d start] onChildChanged stroke id=-NTbWRXsPPdSDMKPR5hq time=2023-04-22 01:52:56.269]
04-22 01:52:56.290  2404  2702 D ar_activity: [TRACKING TransformPointToPose time=2023-04-22 01:52:56.290]
04-22 01:52:56.291  2404  2702 D ar_activity: [TRACKING TransformPointToPose time=2023-04-22 01:52:56.291]
04-22 01:52:56.291  2404  2702 D ar_activity: send stroke to firebase, id=-NTbWRXsPPdSDMKPR5hq
04-22 01:52:56.292  2404  2702 D ar_activity: [[2d] after update lines time=2023-04-22 01:52:56.292]
04-22 01:52:56.311  2404  2702 D ar_activity: [TRACKING TransformPointToPose time=2023-04-22 01:52:56.311]
04-22 01:52:56.311  2404  2702 D ar_activity: [TRACKING TransformPointToPose time=2023-04-22 01:52:56.311]
04-22 01:52:56.311  2404  2702 D ar_activity: send stroke to firebase, id=-NTbWRXsPPdSDMKPR5hq
04-22 01:52:56.312  2404  2702 D ar_activity: [[2d] after update lines time=2023-04-22 01:52:56.312]
04-22 01:52:56.328  2404  2404 D ar_activity: [[2a end - 2d start] onChildChanged stroke id=-NTbWRXsPPdSDMKPR5hq time=2023-04-22 01:52:56.328]
04-22 01:52:56.333  2404  2702 D ar_activity: [TRACKING TransformPointToPose time=2023-04-22 01:52:56.333]
04-22 01:52:56.333  2404  2702 D ar_activity: [TRACKING TransformPointToPose time=2023-04-22 01:52:56.333]
04-22 01:52:56.333  2404  2702 D ar_activity: send stroke to firebase, id=-NTbWRXsPPdSDMKPR5hq
04-22 01:52:56.334  2404  2702 D ar_activity: [[2d] after update lines time=2023-04-22 01:52:56.334]
04-22 01:52:56.353  2404  2702 D ar_activity: [TRACKING TransformPointToPose time=2023-04-22 01:52:56.352]
04-22 01:52:56.353  2404  2702 D ar_activity: [TRACKING TransformPointToPose time=2023-04-22 01:52:56.353]
04-22 01:52:56.353  2404  2702 D ar_activity: send stroke to firebase, id=-NTbWRXsPPdSDMKPR5hq
04-22 01:52:56.354  2404  2702 D ar_activity: [[2d] after update lines time=2023-04-22 01:52:56.353]
04-22 01:52:56.376  2404  2702 D ar_activity: [TRACKING TransformPointToPose time=2023-04-22 01:52:56.375]
04-22 01:52:56.376  2404  2702 D ar_activity: [TRACKING TransformPointToPose time=2023-04-22 01:52:56.376]
04-22 01:52:56.376  2404  2702 D ar_activity: send stroke to firebase, id=-NTbWRXsPPdSDMKPR5hq
04-22 01:52:56.377  2404  2702 D ar_activity: [[2d] after update lines time=2023-04-22 01:52:56.377]
04-22 01:52:56.395  2404  2404 D ar_activity: [[2a end - 2d start] onChildChanged stroke id=-NTbWRXsPPdSDMKPR5hq time=2023-04-22 01:52:56.395]
04-22 01:52:56.398  2404  2702 D ar_activity: [TRACKING TransformPointToPose time=2023-04-22 01:52:56.398]
04-22 01:52:56.399  2404  2702 D ar_activity: send stroke to firebase, id=-NTbWRXsPPdSDMKPR5hq
04-22 01:52:56.400  2404  2702 D ar_activity: [[2d] after update lines time=2023-04-22 01:52:56.400]
04-22 01:52:56.421  2404  2702 D ar_activity: [TRACKING TransformPointToPose time=2023-04-22 01:52:56.420]
04-22 01:52:56.423  2404  2702 D ar_activity: [TRACKING TransformPointToPose time=2023-04-22 01:52:56.423]
04-22 01:52:56.424  2404  2702 D ar_activity: [TRACKING TransformPointToPose time=2023-04-22 01:52:56.424]
04-22 01:52:56.424  2404  2702 D ar_activity: send stroke to firebase, id=-NTbWRXsPPdSDMKPR5hq
04-22 01:52:56.425  2404  2702 D ar_activity: [[2d] after update lines time=2023-04-22 01:52:56.424]
04-22 01:52:56.444  2404  2702 D ar_activity: [TRACKING TransformPointToPose time=2023-04-22 01:52:56.443]
04-22 01:52:56.444  2404  2702 D ar_activity: [TRACKING TransformPointToPose time=2023-04-22 01:52:56.444]
04-22 01:52:56.444  2404  2702 D ar_activity: send stroke to firebase, id=-NTbWRXsPPdSDMKPR5hq
04-22 01:52:56.445  2404  2702 D ar_activity: [[2d] after update lines time=2023-04-22 01:52:56.444]
04-22 01:52:56.464  2404  2702 D ar_activity: [TRACKING TransformPointToPose time=2023-04-22 01:52:56.464]
04-22 01:52:56.465  2404  2702 D ar_activity: [TRACKING TransformPointToPose time=2023-04-22 01:52:56.464]
04-22 01:52:56.465  2404  2702 D ar_activity: send stroke to firebase, id=-NTbWRXsPPdSDMKPR5hq
04-22 01:52:56.465  2404  2702 D ar_activity: [[2d] after update lines time=2023-04-22 01:52:56.465]
04-22 01:52:56.466  2404  2404 D ar_activity: [[2a end - 2d start] onChildChanged stroke id=-NTbWRXsPPdSDMKPR5hq time=2023-04-22 01:52:56.466]
04-22 01:52:56.484  2404  2702 D ar_activity: [TRACKING TransformPointToPose time=2023-04-22 01:52:56.484]
04-22 01:52:56.484  2404  2702 D ar_activity: send stroke to firebase, id=-NTbWRXsPPdSDMKPR5hq
04-22 01:52:56.485  2404  2702 D ar_activity: [[2d] after update lines time=2023-04-22 01:52:56.485]
04-22 01:52:56.504  2404  2702 D ar_activity: [TRACKING TransformPointToPose time=2023-04-22 01:52:56.504]
04-22 01:52:56.505  2404  2702 D ar_activity: [TRACKING TransformPointToPose time=2023-04-22 01:52:56.504]
04-22 01:52:56.505  2404  2702 D ar_activity: send stroke to firebase, id=-NTbWRXsPPdSDMKPR5hq
04-22 01:52:56.506  2404  2702 D ar_activity: [[2d] after update lines time=2023-04-22 01:52:56.506]
04-22 01:52:56.526  2404  2404 D ar_activity: [[2a end - 2d start] onChildChanged stroke id=-NTbWRXsPPdSDMKPR5hq time=2023-04-22 01:52:56.526]
04-22 01:52:56.534  2404  2702 D ar_activity: [TRACKING TransformPointToPose time=2023-04-22 01:52:56.534]
04-22 01:52:56.535  2404  2702 D ar_activity: [TRACKING TransformPointToPose time=2023-04-22 01:52:56.534]
04-22 01:52:56.535  2404  2702 D ar_activity: [TRACKING TransformPointToPose time=2023-04-22 01:52:56.535]
04-22 01:52:56.535  2404  2702 D ar_activity: send stroke to firebase, id=-NTbWRXsPPdSDMKPR5hq
04-22 01:52:56.538  2404  2702 D ar_activity: [[2d] after update lines time=2023-04-22 01:52:56.537]
04-22 01:52:56.563  2404  2702 D ar_activity: [TRACKING TransformPointToPose time=2023-04-22 01:52:56.562]
04-22 01:52:56.563  2404  2702 D ar_activity: [TRACKING TransformPointToPose time=2023-04-22 01:52:56.563]
04-22 01:52:56.563  2404  2702 D ar_activity: send stroke to firebase, id=-NTbWRXsPPdSDMKPR5hq
04-22 01:52:56.564  2404  2702 D ar_activity: [[2d] after update lines time=2023-04-22 01:52:56.564]
04-22 01:52:56.584  2404  2702 D ar_activity: [TRACKING TransformPointToPose time=2023-04-22 01:52:56.584]
04-22 01:52:56.586  2404  2702 D ar_activity: send stroke to firebase, id=-NTbWRXsPPdSDMKPR5hq
04-22 01:52:56.588  2404  2702 D ar_activity: [[2d] after update lines time=2023-04-22 01:52:56.587]
04-22 01:52:56.609  2404  2404 D ar_activity: [[2a end - 2d start] onChildChanged stroke id=-NTbWRXsPPdSDMKPR5hq time=2023-04-22 01:52:56.609]
04-22 01:52:56.609  2404  2702 D ar_activity: [TRACKING TransformPointToPose time=2023-04-22 01:52:56.609]
04-22 01:52:56.610  2404  2702 D ar_activity: [TRACKING TransformPointToPose time=2023-04-22 01:52:56.610]
04-22 01:52:56.610  2404  2702 D ar_activity: send stroke to firebase, id=-NTbWRXsPPdSDMKPR5hq
04-22 01:52:56.612  2404  2702 D ar_activity: [[2d] after update lines time=2023-04-22 01:52:56.611]
04-22 01:52:56.631  2404  2702 D ar_activity: [TRACKING TransformPointToPose time=2023-04-22 01:52:56.631]
04-22 01:52:56.631  2404  2702 D ar_activity: [TRACKING TransformPointToPose time=2023-04-22 01:52:56.631]
04-22 01:52:56.631  2404  2702 D ar_activity: send stroke to firebase, id=-NTbWRXsPPdSDMKPR5hq
04-22 01:52:56.632  2404  2702 D ar_activity: [[2d] after update lines time=2023-04-22 01:52:56.632]
04-22 01:52:56.653  2404  2702 D ar_activity: [TRACKING TransformPointToPose time=2023-04-22 01:52:56.652]
04-22 01:52:56.653  2404  2702 D ar_activity: send stroke to firebase, id=-NTbWRXsPPdSDMKPR5hq
04-22 01:52:56.655  2404  2702 D ar_activity: [[2d] after update lines time=2023-04-22 01:52:56.655]
04-22 01:52:56.676  2404  2404 D ar_activity: [[2a end - 2d start] onChildChanged stroke id=-NTbWRXsPPdSDMKPR5hq time=2023-04-22 01:52:56.675]
04-22 01:52:56.680  2404  2702 D ar_activity: [TRACKING TransformPointToPose time=2023-04-22 01:52:56.679]
04-22 01:52:56.680  2404  2702 D ar_activity: [TRACKING TransformPointToPose time=2023-04-22 01:52:56.680]
04-22 01:52:56.680  2404  2702 D ar_activity: send stroke to firebase, id=-NTbWRXsPPdSDMKPR5hq
04-22 01:52:56.682  2404  2702 D ar_activity: [[2d] after update lines time=2023-04-22 01:52:56.681]
04-22 01:52:56.702  2404  2702 D ar_activity: [TRACKING TransformPointToPose time=2023-04-22 01:52:56.702]
04-22 01:52:56.702  2404  2702 D ar_activity: [TRACKING TransformPointToPose time=2023-04-22 01:52:56.702]
04-22 01:52:56.702  2404  2702 D ar_activity: send stroke to firebase, id=-NTbWRXsPPdSDMKPR5hq
04-22 01:52:56.703  2404  2702 D ar_activity: [[2d] after update lines time=2023-04-22 01:52:56.703]
04-22 01:52:56.724  2404  2702 D ar_activity: [TRACKING TransformPointToPose time=2023-04-22 01:52:56.724]
04-22 01:52:56.725  2404  2702 D ar_activity: [TRACKING TransformPointToPose time=2023-04-22 01:52:56.725]
04-22 01:52:56.725  2404  2702 D ar_activity: send stroke to firebase, id=-NTbWRXsPPdSDMKPR5hq
04-22 01:52:56.726  2404  2702 D ar_activity: [[2d] after update lines time=2023-04-22 01:52:56.726]
04-22 01:52:56.743  2404  2404 D ar_activity: [[2a end - 2d start] onChildChanged stroke id=-NTbWRXsPPdSDMKPR5hq time=2023-04-22 01:52:56.743]
04-22 01:52:56.746  2404  2702 D ar_activity: [TRACKING TransformPointToPose time=2023-04-22 01:52:56.746]
04-22 01:52:56.747  2404  2702 D ar_activity: [TRACKING TransformPointToPose time=2023-04-22 01:52:56.746]
04-22 01:52:56.747  2404  2702 D ar_activity: send stroke to firebase, id=-NTbWRXsPPdSDMKPR5hq
04-22 01:52:56.748  2404  2702 D ar_activity: [[2d] after update lines time=2023-04-22 01:52:56.748]
04-22 01:52:56.769  2404  2702 D ar_activity: [TRACKING TransformPointToPose time=2023-04-22 01:52:56.768]
04-22 01:52:56.769  2404  2702 D ar_activity: [TRACKING TransformPointToPose time=2023-04-22 01:52:56.769]
04-22 01:52:56.769  2404  2702 D ar_activity: [TRACKING TransformPointToPose time=2023-04-22 01:52:56.769]
04-22 01:52:56.769  2404  2702 D ar_activity: send stroke to firebase, id=-NTbWRXsPPdSDMKPR5hq
04-22 01:52:56.770  2404  2702 D ar_activity: [[2d] after update lines time=2023-04-22 01:52:56.770]
04-22 01:52:56.791  2404  2702 D ar_activity: [TRACKING TransformPointToPose time=2023-04-22 01:52:56.791]
04-22 01:52:56.791  2404  2702 D ar_activity: send stroke to firebase, id=-NTbWRXsPPdSDMKPR5hq
04-22 01:52:56.792  2404  2702 D ar_activity: [[2d] after update lines time=2023-04-22 01:52:56.792]
04-22 01:52:56.811  2404  2702 D ar_activity: [TRACKING TransformPointToPose time=2023-04-22 01:52:56.811]
04-22 01:52:56.811  2404  2702 D ar_activity: [TRACKING TransformPointToPose time=2023-04-22 01:52:56.811]
04-22 01:52:56.811  2404  2702 D ar_activity: send stroke to firebase, id=-NTbWRXsPPdSDMKPR5hq
04-22 01:52:56.812  2404  2702 D ar_activity: [[2d] after update lines time=2023-04-22 01:52:56.812]
04-22 01:52:56.826  2404  2404 D ar_activity: [[2a end - 2d start] onChildChanged stroke id=-NTbWRXsPPdSDMKPR5hq time=2023-04-22 01:52:56.826]
04-22 01:52:56.833  2404  2702 D ar_activity: [TRACKING TransformPointToPose time=2023-04-22 01:52:56.833]
04-22 01:52:56.834  2404  2702 D ar_activity: [TRACKING TransformPointToPose time=2023-04-22 01:52:56.834]
04-22 01:52:56.834  2404  2702 D ar_activity: send stroke to firebase, id=-NTbWRXsPPdSDMKPR5hq
04-22 01:52:56.835  2404  2702 D ar_activity: [[2d] after update lines time=2023-04-22 01:52:56.834]
04-22 01:52:56.853  2404  2702 D ar_activity: [TRACKING TransformPointToPose time=2023-04-22 01:52:56.853]
04-22 01:52:56.856  2404  2702 D ar_activity: [TRACKING TransformPointToPose time=2023-04-22 01:52:56.854]
04-22 01:52:56.857  2404  2702 D ar_activity: send stroke to firebase, id=-NTbWRXsPPdSDMKPR5hq
04-22 01:52:56.858  2404  2702 D ar_activity: [[2d] after update lines time=2023-04-22 01:52:56.857]
04-22 01:52:56.876  2404  2404 D ar_activity: [[2a end - 2d start] onChildChanged stroke id=-NTbWRXsPPdSDMKPR5hq time=2023-04-22 01:52:56.876]
04-22 01:52:56.882  2404  2702 D ar_activity: [TRACKING TransformPointToPose time=2023-04-22 01:52:56.881]
04-22 01:52:56.884  2404  2702 D ar_activity: [TRACKING TransformPointToPose time=2023-04-22 01:52:56.884]
04-22 01:52:56.884  2404  2702 D ar_activity: send stroke to firebase, id=-NTbWRXsPPdSDMKPR5hq
04-22 01:52:56.886  2404  2702 D ar_activity: [[2d] after update lines time=2023-04-22 01:52:56.885]
04-22 01:52:56.908  2404  2702 D ar_activity: [TRACKING TransformPointToPose time=2023-04-22 01:52:56.907]
04-22 01:52:56.908  2404  2702 D ar_activity: [TRACKING TransformPointToPose time=2023-04-22 01:52:56.908]
04-22 01:52:56.908  2404  2702 D ar_activity: send stroke to firebase, id=-NTbWRXsPPdSDMKPR5hq
04-22 01:52:56.909  2404  2702 D ar_activity: [[2d] after update lines time=2023-04-22 01:52:56.908]
04-22 01:52:56.934  2404  2702 D ar_activity: [TRACKING TransformPointToPose time=2023-04-22 01:52:56.928]
04-22 01:52:56.934  2404  2702 D ar_activity: send stroke to firebase, id=-NTbWRXsPPdSDMKPR5hq
04-22 01:52:56.935  2404  2702 D ar_activity: [[2d] after update lines time=2023-04-22 01:52:56.934]
04-22 01:52:56.953  2404  2404 D ar_activity: [[2a end - 2d start] onChildChanged stroke id=-NTbWRXsPPdSDMKPR5hq time=2023-04-22 01:52:56.953]
04-22 01:52:56.958  2404  2702 D ar_activity: [TRACKING TransformPointToPose time=2023-04-22 01:52:56.957]
04-22 01:52:56.959  2404  2702 D ar_activity: [TRACKING TransformPointToPose time=2023-04-22 01:52:56.959]
04-22 01:52:56.960  2404  2702 D ar_activity: send stroke to firebase, id=-NTbWRXsPPdSDMKPR5hq
04-22 01:52:56.961  2404  2702 D ar_activity: [[2d] after update lines time=2023-04-22 01:52:56.961]
04-22 01:52:56.983  2404  2702 D ar_activity: [TRACKING TransformPointToPose time=2023-04-22 01:52:56.983]
04-22 01:52:56.983  2404  2702 D ar_activity: [TRACKING TransformPointToPose time=2023-04-22 01:52:56.983]
04-22 01:52:56.984  2404  2702 D ar_activity: send stroke to firebase, id=-NTbWRXsPPdSDMKPR5hq
04-22 01:52:56.984  2404  2702 D ar_activity: [[2d] after update lines time=2023-04-22 01:52:56.984]
04-22 01:52:57.003  2404  2702 D ar_activity: [TRACKING TransformPointToPose time=2023-04-22 01:52:57.003]
04-22 01:52:57.003  2404  2702 D ar_activity: [TRACKING TransformPointToPose time=2023-04-22 01:52:57.003]
04-22 01:52:57.003  2404  2702 D ar_activity: send stroke to firebase, id=-NTbWRXsPPdSDMKPR5hq
04-22 01:52:57.004  2404  2702 D ar_activity: [[2d] after update lines time=2023-04-22 01:52:57.004]
04-22 01:52:57.025  2404  2404 D ar_activity: [[2a end - 2d start] onChildChanged stroke id=-NTbWRXsPPdSDMKPR5hq time=2023-04-22 01:52:57.024]
04-22 01:52:57.027  2404  2702 D ar_activity: [TRACKING TransformPointToPose time=2023-04-22 01:52:57.027]
04-22 01:52:57.027  2404  2702 D ar_activity: [TRACKING TransformPointToPose time=2023-04-22 01:52:57.027]
04-22 01:52:57.028  2404  2702 D ar_activity: send stroke to firebase, id=-NTbWRXsPPdSDMKPR5hq
04-22 01:52:57.028  2404  2702 D ar_activity: [[2d] after update lines time=2023-04-22 01:52:57.028]
04-22 01:52:57.047  2404  2702 D ar_activity: [TRACKING TransformPointToPose time=2023-04-22 01:52:57.047]
04-22 01:52:57.049  2404  2702 D ar_activity: [TRACKING TransformPointToPose time=2023-04-22 01:52:57.047]
04-22 01:52:57.049  2404  2702 D ar_activity: send stroke to firebase, id=-NTbWRXsPPdSDMKPR5hq
04-22 01:52:57.050  2404  2702 D ar_activity: [[2d] after update lines time=2023-04-22 01:52:57.050]
04-22 01:52:57.069  2404  2702 D ar_activity: [TRACKING TransformPointToPose time=2023-04-22 01:52:57.069]
04-22 01:52:57.069  2404  2702 D ar_activity: [TRACKING TransformPointToPose time=2023-04-22 01:52:57.069]
04-22 01:52:57.070  2404  2702 D ar_activity: send stroke to firebase, id=-NTbWRXsPPdSDMKPR5hq
04-22 01:52:57.070  2404  2702 D ar_activity: [[2d] after update lines time=2023-04-22 01:52:57.070]
04-22 01:52:57.092  2404  2702 D ar_activity: [TRACKING TransformPointToPose time=2023-04-22 01:52:57.092]
04-22 01:52:57.092  2404  2404 D ar_activity: [[2a end - 2d start] onChildChanged stroke id=-NTbWRXsPPdSDMKPR5hq time=2023-04-22 01:52:57.092]
04-22 01:52:57.092  2404  2702 D ar_activity: [TRACKING TransformPointToPose time=2023-04-22 01:52:57.092]
04-22 01:52:57.092  2404  2702 D ar_activity: send stroke to firebase, id=-NTbWRXsPPdSDMKPR5hq
04-22 01:52:57.093  2404  2702 D ar_activity: [[2d] after update lines time=2023-04-22 01:52:57.093]
04-22 01:52:57.112  2404  2702 D ar_activity: [TRACKING TransformPointToPose time=2023-04-22 01:52:57.112]
04-22 01:52:57.112  2404  2702 D ar_activity: [TRACKING TransformPointToPose time=2023-04-22 01:52:57.112]
04-22 01:52:57.112  2404  2702 D ar_activity: send stroke to firebase, id=-NTbWRXsPPdSDMKPR5hq
04-22 01:52:57.113  2404  2702 D ar_activity: [[2d] after update lines time=2023-04-22 01:52:57.113]
04-22 01:52:57.132  2404  2702 D ar_activity: [TRACKING TransformPointToPose time=2023-04-22 01:52:57.131]
04-22 01:52:57.132  2404  2702 D ar_activity: [TRACKING TransformPointToPose time=2023-04-22 01:52:57.132]
04-22 01:52:57.132  2404  2702 D ar_activity: send stroke to firebase, id=-NTbWRXsPPdSDMKPR5hq
04-22 01:52:57.132  2404  2702 D ar_activity: [[2d] after update lines time=2023-04-22 01:52:57.132]
04-22 01:52:57.151  2404  2702 D ar_activity: [TRACKING TransformPointToPose time=2023-04-22 01:52:57.151]
04-22 01:52:57.151  2404  2702 D ar_activity: send stroke to firebase, id=-NTbWRXsPPdSDMKPR5hq
04-22 01:52:57.152  2404  2702 D ar_activity: [[2d] after update lines time=2023-04-22 01:52:57.152]
04-22 01:52:57.172  2404  2702 D ar_activity: [TRACKING TransformPointToPose time=2023-04-22 01:52:57.171]
04-22 01:52:57.172  2404  2702 D ar_activity: [TRACKING TransformPointToPose time=2023-04-22 01:52:57.172]
04-22 01:52:57.172  2404  2702 D ar_activity: send stroke to firebase, id=-NTbWRXsPPdSDMKPR5hq
04-22 01:52:57.173  2404  2702 D ar_activity: [[2d] after update lines time=2023-04-22 01:52:57.173]
04-22 01:52:57.178  2404  2404 D ar_activity: [[2a end - 2d start] onChildChanged stroke id=-NTbWRXsPPdSDMKPR5hq time=2023-04-22 01:52:57.178]
04-22 01:52:57.192  2404  2702 D ar_activity: [TRACKING TransformPointToPose time=2023-04-22 01:52:57.192]
04-22 01:52:57.193  2404  2702 D ar_activity: [TRACKING TransformPointToPose time=2023-04-22 01:52:57.193]
04-22 01:52:57.193  2404  2702 D ar_activity: send stroke to firebase, id=-NTbWRXsPPdSDMKPR5hq
04-22 01:52:57.193  2404  2702 D ar_activity: [[2d] after update lines time=2023-04-22 01:52:57.193]
04-22 01:52:57.212  2404  2702 D ar_activity: [TRACKING TransformPointToPose time=2023-04-22 01:52:57.212]
04-22 01:52:57.212  2404  2702 D ar_activity: [TRACKING TransformPointToPose time=2023-04-22 01:52:57.212]
04-22 01:52:57.213  2404  2702 D ar_activity: send stroke to firebase, id=-NTbWRXsPPdSDMKPR5hq
04-22 01:52:57.213  2404  2702 D ar_activity: [[2d] after update lines time=2023-04-22 01:52:57.213]
04-22 01:52:57.234  2404  2702 D ar_activity: [TRACKING TransformPointToPose time=2023-04-22 01:52:57.234]
04-22 01:52:57.235  2404  2702 D ar_activity: [TRACKING TransformPointToPose time=2023-04-22 01:52:57.235]
04-22 01:52:57.235  2404  2702 D ar_activity: send stroke to firebase, id=-NTbWRXsPPdSDMKPR5hq
04-22 01:52:57.236  2404  2702 D ar_activity: [[2d] after update lines time=2023-04-22 01:52:57.236]
04-22 01:52:57.250  2404  2404 D ar_activity: [[2a end - 2d start] onChildChanged stroke id=-NTbWRXsPPdSDMKPR5hq time=2023-04-22 01:52:57.250]
04-22 01:52:57.257  2404  2702 D ar_activity: [TRACKING TransformPointToPose time=2023-04-22 01:52:57.255]
04-22 01:52:57.258  2404  2702 D ar_activity: send stroke to firebase, id=-NTbWRXsPPdSDMKPR5hq
04-22 01:52:57.259  2404  2702 D ar_activity: [[2d] after update lines time=2023-04-22 01:52:57.259]
04-22 01:52:57.278  2404  2702 D ar_activity: [TRACKING TransformPointToPose time=2023-04-22 01:52:57.277]
04-22 01:52:57.278  2404  2702 D ar_activity: [TRACKING TransformPointToPose time=2023-04-22 01:52:57.278]
04-22 01:52:57.278  2404  2702 D ar_activity: [TRACKING TransformPointToPose time=2023-04-22 01:52:57.278]
04-22 01:52:57.278  2404  2702 D ar_activity: send stroke to firebase, id=-NTbWRXsPPdSDMKPR5hq
04-22 01:52:57.279  2404  2702 D ar_activity: [[2d] after update lines time=2023-04-22 01:52:57.279]
04-22 01:52:57.299  2404  2702 D ar_activity: [TRACKING TransformPointToPose time=2023-04-22 01:52:57.299]
04-22 01:52:57.300  2404  2702 D ar_activity: [TRACKING TransformPointToPose time=2023-04-22 01:52:57.300]
04-22 01:52:57.300  2404  2702 D ar_activity: send stroke to firebase, id=-NTbWRXsPPdSDMKPR5hq
04-22 01:52:57.302  2404  2702 D ar_activity: [[2d] after update lines time=2023-04-22 01:52:57.301]
04-22 01:52:57.311  2404  2404 D ar_activity: [[2a end - 2d start] onChildChanged stroke id=-NTbWRXsPPdSDMKPR5hq time=2023-04-22 01:52:57.311]
04-22 01:52:57.327  2404  2702 D ar_activity: [TRACKING TransformPointToPose time=2023-04-22 01:52:57.327]
04-22 01:52:57.327  2404  2702 D ar_activity: [TRACKING TransformPointToPose time=2023-04-22 01:52:57.327]
04-22 01:52:57.328  2404  2702 D ar_activity: send stroke to firebase, id=-NTbWRXsPPdSDMKPR5hq
04-22 01:52:57.329  2404  2702 D ar_activity: [[2d] after update lines time=2023-04-22 01:52:57.329]
04-22 01:52:57.352  2404  2702 D ar_activity: [TRACKING TransformPointToPose time=2023-04-22 01:52:57.351]
04-22 01:52:57.352  2404  2702 D ar_activity: [TRACKING TransformPointToPose time=2023-04-22 01:52:57.352]
04-22 01:52:57.353  2404  2702 D ar_activity: send stroke to firebase, id=-NTbWRXsPPdSDMKPR5hq
04-22 01:52:57.356  2404  2702 D ar_activity: [[2d] after update lines time=2023-04-22 01:52:57.356]
04-22 01:52:57.380  2404  2702 D ar_activity: [TRACKING TransformPointToPose time=2023-04-22 01:52:57.379]
04-22 01:52:57.380  2404  2702 D ar_activity: [TRACKING TransformPointToPose time=2023-04-22 01:52:57.380]
04-22 01:52:57.380  2404  2702 D ar_activity: send stroke to firebase, id=-NTbWRXsPPdSDMKPR5hq
04-22 01:52:57.380  2404  2702 D ar_activity: [[2d] after update lines time=2023-04-22 01:52:57.380]
04-22 01:52:57.394  2404  2404 D ar_activity: [[2a end - 2d start] onChildChanged stroke id=-NTbWRXsPPdSDMKPR5hq time=2023-04-22 01:52:57.394]
04-22 01:52:57.400  2404  2702 D ar_activity: [TRACKING TransformPointToPose time=2023-04-22 01:52:57.400]
04-22 01:52:57.400  2404  2702 D ar_activity: [TRACKING TransformPointToPose time=2023-04-22 01:52:57.400]
04-22 01:52:57.400  2404  2702 D ar_activity: send stroke to firebase, id=-NTbWRXsPPdSDMKPR5hq
04-22 01:52:57.401  2404  2702 D ar_activity: [[2d] after update lines time=2023-04-22 01:52:57.401]
04-22 01:52:57.419  2404  2702 D ar_activity: [TRACKING TransformPointToPose time=2023-04-22 01:52:57.419]
04-22 01:52:57.420  2404  2702 D ar_activity: [TRACKING TransformPointToPose time=2023-04-22 01:52:57.420]
04-22 01:52:57.420  2404  2702 D ar_activity: send stroke to firebase, id=-NTbWRXsPPdSDMKPR5hq
04-22 01:52:57.420  2404  2702 D ar_activity: [[2d] after update lines time=2023-04-22 01:52:57.420]
04-22 01:52:57.443  2404  2702 D ar_activity: [TRACKING TransformPointToPose time=2023-04-22 01:52:57.443]
04-22 01:52:57.443  2404  2702 D ar_activity: [TRACKING TransformPointToPose time=2023-04-22 01:52:57.443]
04-22 01:52:57.443  2404  2702 D ar_activity: send stroke to firebase, id=-NTbWRXsPPdSDMKPR5hq
04-22 01:52:57.444  2404  2702 D ar_activity: [[2d] after update lines time=2023-04-22 01:52:57.444]
04-22 01:52:57.462  2404  2702 D ar_activity: [TRACKING TransformPointToPose time=2023-04-22 01:52:57.462]
04-22 01:52:57.465  2404  2702 D ar_activity: send stroke to firebase, id=-NTbWRXsPPdSDMKPR5hq
04-22 01:52:57.465  2404  2404 D ar_activity: [[2a end - 2d start] onChildChanged stroke id=-NTbWRXsPPdSDMKPR5hq time=2023-04-22 01:52:57.464]
04-22 01:52:57.466  2404  2702 D ar_activity: [[2d] after update lines time=2023-04-22 01:52:57.466]
04-22 01:52:57.485  2404  2702 D ar_activity: [TRACKING TransformPointToPose time=2023-04-22 01:52:57.485]
04-22 01:52:57.485  2404  2702 D ar_activity: send stroke to firebase, id=-NTbWRXsPPdSDMKPR5hq
04-22 01:52:57.486  2404  2702 D ar_activity: [[2d] after update lines time=2023-04-22 01:52:57.486]
04-22 01:52:57.505  2404  2702 D ar_activity: [TRACKING TransformPointToPose time=2023-04-22 01:52:57.505]
04-22 01:52:57.505  2404  2702 D ar_activity: [TRACKING TransformPointToPose time=2023-04-22 01:52:57.505]
04-22 01:52:57.505  2404  2702 D ar_activity: send stroke to firebase, id=-NTbWRXsPPdSDMKPR5hq
04-22 01:52:57.506  2404  2702 D ar_activity: [[2d] after update lines time=2023-04-22 01:52:57.506]
04-22 01:52:57.526  2404  2702 D ar_activity: [TRACKING TransformPointToPose time=2023-04-22 01:52:57.526]
04-22 01:52:57.526  2404  2702 D ar_activity: [TRACKING TransformPointToPose time=2023-04-22 01:52:57.526]
04-22 01:52:57.527  2404  2702 D ar_activity: send stroke to firebase, id=-NTbWRXsPPdSDMKPR5hq
04-22 01:52:57.528  2404  2702 D ar_activity: [[2d] after update lines time=2023-04-22 01:52:57.528]
04-22 01:52:57.547  2404  2702 D ar_activity: [TRACKING TransformPointToPose time=2023-04-22 01:52:57.547]
04-22 01:52:57.549  2404  2702 D ar_activity: [TRACKING TransformPointToPose time=2023-04-22 01:52:57.549]
04-22 01:52:57.550  2404  2702 D ar_activity: send stroke to firebase, id=-NTbWRXsPPdSDMKPR5hq
04-22 01:52:57.550  2404  2702 D ar_activity: [[2d] after update lines time=2023-04-22 01:52:57.550]
04-22 01:52:57.572  2404  2404 D ar_activity: [[2a end - 2d start] onChildChanged stroke id=-NTbWRXsPPdSDMKPR5hq time=2023-04-22 01:52:57.570]
04-22 01:52:57.573  2404  2702 D ar_activity: [TRACKING TransformPointToPose time=2023-04-22 01:52:57.573]
04-22 01:52:57.574  2404  2702 D ar_activity: [TRACKING TransformPointToPose time=2023-04-22 01:52:57.574]
04-22 01:52:57.575  2404  2702 D ar_activity: send stroke to firebase, id=-NTbWRXsPPdSDMKPR5hq
04-22 01:52:57.577  2404  2702 D ar_activity: [[2d] after update lines time=2023-04-22 01:52:57.576]
04-22 01:52:57.604  2404  2702 D ar_activity: [TRACKING TransformPointToPose time=2023-04-22 01:52:57.603]
04-22 01:52:57.606  2404  2702 D ar_activity: [TRACKING TransformPointToPose time=2023-04-22 01:52:57.605]
04-22 01:52:57.607  2404  2702 D ar_activity: [TRACKING TransformPointToPose time=2023-04-22 01:52:57.607]
04-22 01:52:57.608  2404  2702 D ar_activity: send stroke to firebase, id=-NTbWRXsPPdSDMKPR5hq
04-22 01:52:57.611  2404  2702 D ar_activity: [[2d] after update lines time=2023-04-22 01:52:57.610]
04-22 01:52:57.631  2404  2702 D ar_activity: [TRACKING TransformPointToPose time=2023-04-22 01:52:57.631]
04-22 01:52:57.636  2404  2702 D ar_activity: [TRACKING TransformPointToPose time=2023-04-22 01:52:57.632]
04-22 01:52:57.636  2404  2702 D ar_activity: send stroke to firebase, id=-NTbWRXsPPdSDMKPR5hq
04-22 01:52:57.637  2404  2702 D ar_activity: [[2d] after update lines time=2023-04-22 01:52:57.637]
04-22 01:52:57.664  2404  2702 D ar_activity: [TRACKING TransformPointToPose time=2023-04-22 01:52:57.664]
04-22 01:52:57.666  2404  2702 D ar_activity: [TRACKING TransformPointToPose time=2023-04-22 01:52:57.665]
04-22 01:52:57.666  2404  2702 D ar_activity: send stroke to firebase, id=-NTbWRXsPPdSDMKPR5hq
04-22 01:52:57.670  2404  2702 D ar_activity: [[2d] after update lines time=2023-04-22 01:52:57.670]
04-22 01:52:57.687  2404  2404 D ar_activity: [[2a end - 2d start] onChildChanged stroke id=-NTbWRXsPPdSDMKPR5hq time=2023-04-22 01:52:57.686]
04-22 01:52:57.693  2404  2702 D ar_activity: [TRACKING TransformPointToPose time=2023-04-22 01:52:57.693]
04-22 01:52:57.694  2404  2702 D ar_activity: send stroke to firebase, id=-NTbWRXsPPdSDMKPR5hq
04-22 01:52:57.696  2404  2702 D ar_activity: [[2d] after update lines time=2023-04-22 01:52:57.695]
04-22 01:52:57.719  2404  2702 D ar_activity: [TRACKING TransformPointToPose time=2023-04-22 01:52:57.719]
04-22 01:52:57.721  2404  2702 D ar_activity: [TRACKING TransformPointToPose time=2023-04-22 01:52:57.720]
04-22 01:52:57.721  2404  2702 D ar_activity: send stroke to firebase, id=-NTbWRXsPPdSDMKPR5hq
04-22 01:52:57.726  2404  2702 D ar_activity: [[2d] after update lines time=2023-04-22 01:52:57.723]
04-22 01:52:57.747  2404  2702 D ar_activity: [TRACKING TransformPointToPose time=2023-04-22 01:52:57.747]
04-22 01:52:57.748  2404  2702 D ar_activity: [TRACKING TransformPointToPose time=2023-04-22 01:52:57.748]
04-22 01:52:57.748  2404  2702 D ar_activity: send stroke to firebase, id=-NTbWRXsPPdSDMKPR5hq
04-22 01:52:57.749  2404  2702 D ar_activity: [[2d] after update lines time=2023-04-22 01:52:57.748]
04-22 01:52:57.768  2404  2702 D ar_activity: [TRACKING TransformPointToPose time=2023-04-22 01:52:57.768]
04-22 01:52:57.768  2404  2702 D ar_activity: [TRACKING TransformPointToPose time=2023-04-22 01:52:57.768]
04-22 01:52:57.768  2404  2702 D ar_activity: send stroke to firebase, id=-NTbWRXsPPdSDMKPR5hq
04-22 01:52:57.769  2404  2702 D ar_activity: [[2d] after update lines time=2023-04-22 01:52:57.769]
04-22 01:52:57.784  2404  2404 D ar_activity: [[2a end - 2d start] onChildChanged stroke id=-NTbWRXsPPdSDMKPR5hq time=2023-04-22 01:52:57.784]
04-22 01:52:57.788  2404  2702 D ar_activity: [TRACKING TransformPointToPose time=2023-04-22 01:52:57.788]
04-22 01:52:57.789  2404  2702 D ar_activity: [TRACKING TransformPointToPose time=2023-04-22 01:52:57.789]
04-22 01:52:57.791  2404  2702 D ar_activity: send stroke to firebase, id=-NTbWRXsPPdSDMKPR5hq
04-22 01:52:57.792  2404  2702 D ar_activity: [[2d] after update lines time=2023-04-22 01:52:57.792]
04-22 01:52:57.811  2404  2702 D ar_activity: [TRACKING TransformPointToPose time=2023-04-22 01:52:57.811]
04-22 01:52:57.812  2404  2702 D ar_activity: [TRACKING TransformPointToPose time=2023-04-22 01:52:57.812]
04-22 01:52:57.812  2404  2702 D ar_activity: send stroke to firebase, id=-NTbWRXsPPdSDMKPR5hq
04-22 01:52:57.813  2404  2702 D ar_activity: [[2d] after update lines time=2023-04-22 01:52:57.813]
04-22 01:52:57.832  2404  2702 D ar_activity: [TRACKING TransformPointToPose time=2023-04-22 01:52:57.831]
04-22 01:52:57.832  2404  2702 D ar_activity: [TRACKING TransformPointToPose time=2023-04-22 01:52:57.832]
04-22 01:52:57.832  2404  2702 D ar_activity: send stroke to firebase, id=-NTbWRXsPPdSDMKPR5hq
04-22 01:52:57.833  2404  2702 D ar_activity: [[2d] after update lines time=2023-04-22 01:52:57.833]
04-22 01:52:57.852  2404  2702 D ar_activity: [TRACKING TransformPointToPose time=2023-04-22 01:52:57.852]
04-22 01:52:57.853  2404  2702 D ar_activity: send stroke to firebase, id=-NTbWRXsPPdSDMKPR5hq
04-22 01:52:57.853  2404  2702 D ar_activity: [[2d] after update lines time=2023-04-22 01:52:57.853]
04-22 01:52:57.872  2404  2702 D ar_activity: [TRACKING TransformPointToPose time=2023-04-22 01:52:57.872]
04-22 01:52:57.873  2404  2702 D ar_activity: send stroke to firebase, id=-NTbWRXsPPdSDMKPR5hq
04-22 01:52:57.873  2404  2702 D ar_activity: [[2d] after update lines time=2023-04-22 01:52:57.873]
04-22 01:52:57.896  2404  2702 D ar_activity: [TRACKING TransformPointToPose time=2023-04-22 01:52:57.896]
04-22 01:52:57.897  2404  2702 D ar_activity: [TRACKING TransformPointToPose time=2023-04-22 01:52:57.896]
04-22 01:52:57.897  2404  2702 D ar_activity: send stroke to firebase, id=-NTbWRXsPPdSDMKPR5hq
04-22 01:52:57.899  2404  2702 D ar_activity: [[2d] after update lines time=2023-04-22 01:52:57.898]
04-22 01:52:57.920  2404  2702 D ar_activity: [TRACKING TransformPointToPose time=2023-04-22 01:52:57.920]
04-22 01:52:57.921  2404  2702 D ar_activity: [TRACKING TransformPointToPose time=2023-04-22 01:52:57.921]
04-22 01:52:57.921  2404  2702 D ar_activity: send stroke to firebase, id=-NTbWRXsPPdSDMKPR5hq
04-22 01:52:57.925  2404  2702 D ar_activity: [[2d] after update lines time=2023-04-22 01:52:57.924]
04-22 01:52:57.944  2404  2404 D ar_activity: [[2a end - 2d start] onChildChanged stroke id=-NTbWRXsPPdSDMKPR5hq time=2023-04-22 01:52:57.944]
04-22 01:52:57.950  2404  2702 D ar_activity: [TRACKING TransformPointToPose time=2023-04-22 01:52:57.949]
04-22 01:52:57.951  2404  2702 D ar_activity: [TRACKING TransformPointToPose time=2023-04-22 01:52:57.950]
04-22 01:52:57.951  2404  2702 D ar_activity: send stroke to firebase, id=-NTbWRXsPPdSDMKPR5hq
