04-07 15:35:31.029 10854 11002 D ar_activity: [Update ARCore frame time=2023-04-07 15:35:31.029]
04-07 15:35:31.032 10854 11002 D ar_activity: [[2d end] stroke time=2023-04-07 15:35:31.032]
04-07 15:35:31.050 10854 11002 D ar_activity: [Update ARCore frame time=2023-04-07 15:35:31.049]
04-07 15:35:31.058 10854 11002 D ar_activity: [[2d end] stroke time=2023-04-07 15:35:31.058]
04-07 15:35:31.076 10854 11002 D ar_activity: [Update ARCore frame time=2023-04-07 15:35:31.076]
04-07 15:35:31.078 10854 11002 D ar_activity: [[2d end] stroke time=2023-04-07 15:35:31.077]
04-07 15:35:31.094 10854 11002 D ar_activity: [Update ARCore frame time=2023-04-07 15:35:31.094]
04-07 15:35:31.096 10854 11002 D ar_activity: [[2d end] stroke time=2023-04-07 15:35:31.096]
04-07 15:35:31.113 10854 11002 D ar_activity: [Update ARCore frame time=2023-04-07 15:35:31.113]
04-07 15:35:31.117 10854 11002 D ar_activity: [[2d end] stroke time=2023-04-07 15:35:31.117]
04-07 15:35:31.135 10854 11002 D ar_activity: [Update ARCore frame time=2023-04-07 15:35:31.135]
04-07 15:35:31.137 10854 11002 D ar_activity: [[2d end] stroke time=2023-04-07 15:35:31.137]
04-07 15:35:31.154 10854 11002 D ar_activity: [Update ARCore frame time=2023-04-07 15:35:31.154]
04-07 15:35:31.158 10854 11002 D ar_activity: [[2d end] stroke time=2023-04-07 15:35:31.158]
04-07 15:35:31.179 10854 11002 D ar_activity: [Update ARCore frame time=2023-04-07 15:35:31.178]
04-07 15:35:31.183 10854 11002 D ar_activity: [[2d end] stroke time=2023-04-07 15:35:31.183]
04-07 15:35:31.200 10854 11002 D ar_activity: [Update ARCore frame time=2023-04-07 15:35:31.200]
04-07 15:35:31.202 10854 11002 D ar_activity: [[2d end] stroke time=2023-04-07 15:35:31.202]
04-07 15:35:31.219 10854 11002 D ar_activity: [Update ARCore frame time=2023-04-07 15:35:31.219]
04-07 15:35:31.221 10854 11002 D ar_activity: [[2d end] stroke time=2023-04-07 15:35:31.220]
04-07 15:35:31.238 10854 11002 D ar_activity: [Update ARCore frame time=2023-04-07 15:35:31.238]
04-07 15:35:31.242 10854 11002 D ar_activity: [[2d end] stroke time=2023-04-07 15:35:31.242]
04-07 15:35:31.260 10854 11002 D ar_activity: [Update ARCore frame time=2023-04-07 15:35:31.260]
04-07 15:35:31.262 10854 11002 D ar_activity: [[2d end] stroke time=2023-04-07 15:35:31.262]
04-07 15:35:31.279 10854 11002 D ar_activity: [Update ARCore frame time=2023-04-07 15:35:31.279]
04-07 15:35:31.284 10854 11002 D ar_activity: [[2d end] stroke time=2023-04-07 15:35:31.284]
04-07 15:35:31.301 10854 11002 D ar_activity: [Update ARCore frame time=2023-04-07 15:35:31.301]
04-07 15:35:31.303 10854 11002 D ar_activity: [[2d end] stroke time=2023-04-07 15:35:31.303]
04-07 15:35:31.320 10854 11002 D ar_activity: [Update ARCore frame time=2023-04-07 15:35:31.319]
04-07 15:35:31.321 10854 11002 D ar_activity: [[2d end] stroke time=2023-04-07 15:35:31.321]
04-07 15:35:31.339 10854 11002 D ar_activity: [Update ARCore frame time=2023-04-07 15:35:31.338]
04-07 15:35:31.342 10854 11002 D ar_activity: [[2d end] stroke time=2023-04-07 15:35:31.342]
04-07 15:35:31.359 10854 11002 D ar_activity: [Update ARCore frame time=2023-04-07 15:35:31.359]
04-07 15:35:31.361 10854 11002 D ar_activity: [[2d end] stroke time=2023-04-07 15:35:31.361]
04-07 15:35:31.378 10854 11002 D ar_activity: [Update ARCore frame time=2023-04-07 15:35:31.378]
04-07 15:35:31.384 10854 11002 D ar_activity: [[2d end] stroke time=2023-04-07 15:35:31.384]
04-07 15:35:31.401 10854 11002 D ar_activity: [Update ARCore frame time=2023-04-07 15:35:31.401]
04-07 15:35:31.403 10854 11002 D ar_activity: [[2d end] stroke time=2023-04-07 15:35:31.402]
04-07 15:35:31.420 10854 11002 D ar_activity: [Update ARCore frame time=2023-04-07 15:35:31.419]
04-07 15:35:31.426 10854 11002 D ar_activity: [[2d end] stroke time=2023-04-07 15:35:31.425]
04-07 15:35:31.444 10854 11002 D ar_activity: [Update ARCore frame time=2023-04-07 15:35:31.444]
04-07 15:35:31.446 10854 11002 D ar_activity: [[2d end] stroke time=2023-04-07 15:35:31.446]
04-07 15:35:31.463 10854 11002 D ar_activity: [Update ARCore frame time=2023-04-07 15:35:31.463]
04-07 15:35:31.465 10854 11002 D ar_activity: [[2d end] stroke time=2023-04-07 15:35:31.465]
04-07 15:35:31.483 10854 11002 D ar_activity: [Update ARCore frame time=2023-04-07 15:35:31.482]
04-07 15:35:31.487 10854 11002 D ar_activity: [[2d end] stroke time=2023-04-07 15:35:31.487]
04-07 15:35:31.504 10854 11002 D ar_activity: [Update ARCore frame time=2023-04-07 15:35:31.504]
04-07 15:35:31.506 10854 11002 D ar_activity: [[2d end] stroke time=2023-04-07 15:35:31.506]
04-07 15:35:31.523 10854 11002 D ar_activity: [Update ARCore frame time=2023-04-07 15:35:31.523]
04-07 15:35:31.525 10854 11002 D ar_activity: [[2d end] stroke time=2023-04-07 15:35:31.525]
04-07 15:35:31.542 10854 11002 D ar_activity: [Update ARCore frame time=2023-04-07 15:35:31.542]
04-07 15:35:31.546 10854 11002 D ar_activity: [[2d end] stroke time=2023-04-07 15:35:31.546]
04-07 15:35:31.565 10854 11002 D ar_activity: [Update ARCore frame time=2023-04-07 15:35:31.565]
04-07 15:35:31.567 10854 11002 D ar_activity: [[2d end] stroke time=2023-04-07 15:35:31.567]
04-07 15:35:31.585 10854 11002 D ar_activity: [Update ARCore frame time=2023-04-07 15:35:31.584]
04-07 15:35:31.587 10854 11002 D ar_activity: [[2d end] stroke time=2023-04-07 15:35:31.586]
04-07 15:35:31.604 10854 11002 D ar_activity: [Update ARCore frame time=2023-04-07 15:35:31.604]
04-07 15:35:31.606 10854 11002 D ar_activity: [[2d end] stroke time=2023-04-07 15:35:31.606]
04-07 15:35:31.622 10854 11002 D ar_activity: [Update ARCore frame time=2023-04-07 15:35:31.622]
04-07 15:35:31.625 10854 11002 D ar_activity: [[2d end] stroke time=2023-04-07 15:35:31.625]
04-07 15:35:31.657 10854 11002 D ar_activity: [Update ARCore frame time=2023-04-07 15:35:31.657]
04-07 15:35:31.659 10854 11002 D ar_activity: [[2d end] stroke time=2023-04-07 15:35:31.659]
04-07 15:35:31.676 10854 11002 D ar_activity: [Update ARCore frame time=2023-04-07 15:35:31.676]
04-07 15:35:31.680 10854 11002 D ar_activity: [[2d end] stroke time=2023-04-07 15:35:31.680]
04-07 15:35:31.704 10854 11002 D ar_activity: [Update ARCore frame time=2023-04-07 15:35:31.703]
04-07 15:35:31.708 10854 11002 D ar_activity: [[2d end] stroke time=2023-04-07 15:35:31.708]
04-07 15:35:31.727 10854 11002 D ar_activity: [Update ARCore frame time=2023-04-07 15:35:31.727]
04-07 15:35:31.731 10854 11002 D ar_activity: [[2d end] stroke time=2023-04-07 15:35:31.730]
04-07 15:35:31.752 10854 11002 D ar_activity: [Update ARCore frame time=2023-04-07 15:35:31.749]
04-07 15:35:31.756 10854 11002 D ar_activity: [[2d end] stroke time=2023-04-07 15:35:31.756]
04-07 15:35:31.773 10854 11002 D ar_activity: [Update ARCore frame time=2023-04-07 15:35:31.773]
04-07 15:35:31.775 10854 11002 D ar_activity: [[2d end] stroke time=2023-04-07 15:35:31.774]
04-07 15:35:31.791 10854 11002 D ar_activity: [Update ARCore frame time=2023-04-07 15:35:31.791]
04-07 15:35:31.793 10854 11002 D ar_activity: [[2d end] stroke time=2023-04-07 15:35:31.793]
04-07 15:35:31.810 10854 11002 D ar_activity: [Update ARCore frame time=2023-04-07 15:35:31.810]
04-07 15:35:31.812 10854 11002 D ar_activity: [[2d end] stroke time=2023-04-07 15:35:31.812]
04-07 15:35:31.829 10854 11002 D ar_activity: [Update ARCore frame time=2023-04-07 15:35:31.829]
04-07 15:35:31.831 10854 11002 D ar_activity: [[2d end] stroke time=2023-04-07 15:35:31.831]
04-07 15:35:31.848 10854 11002 D ar_activity: [Update ARCore frame time=2023-04-07 15:35:31.848]
04-07 15:35:31.853 10854 11002 D ar_activity: [[2d end] stroke time=2023-04-07 15:35:31.852]
04-07 15:35:31.872 10854 11002 D ar_activity: [Update ARCore frame time=2023-04-07 15:35:31.872]
04-07 15:35:31.877 10854 11002 D ar_activity: [[2d end] stroke time=2023-04-07 15:35:31.877]
04-07 15:35:31.896 10854 11002 D ar_activity: [Update ARCore frame time=2023-04-07 15:35:31.895]
04-07 15:35:31.898 10854 11002 D ar_activity: [[2d end] stroke time=2023-04-07 15:35:31.898]
04-07 15:35:31.915 10854 11002 D ar_activity: [Update ARCore frame time=2023-04-07 15:35:31.915]
04-07 15:35:31.921 10854 11002 D ar_activity: [[2d end] stroke time=2023-04-07 15:35:31.920]
04-07 15:35:31.939 10854 11002 D ar_activity: [Update ARCore frame time=2023-04-07 15:35:31.938]
04-07 15:35:31.942 10854 11002 D ar_activity: [[2d end] stroke time=2023-04-07 15:35:31.942]
04-07 15:35:31.960 10854 11002 D ar_activity: [Update ARCore frame time=2023-04-07 15:35:31.960]
04-07 15:35:31.962 10854 11002 D ar_activity: [[2d end] stroke time=2023-04-07 15:35:31.962]
04-07 15:35:31.979 10854 11002 D ar_activity: [Update ARCore frame time=2023-04-07 15:35:31.979]
04-07 15:35:31.985 10854 11002 D ar_activity: [[2d end] stroke time=2023-04-07 15:35:31.985]
04-07 15:35:32.003 10854 11002 D ar_activity: [Update ARCore frame time=2023-04-07 15:35:32.002]
04-07 15:35:32.005 10854 11002 D ar_activity: [[2d end] stroke time=2023-04-07 15:35:32.005]
04-07 15:35:32.022 10854 11002 D ar_activity: [Update ARCore frame time=2023-04-07 15:35:32.022]
04-07 15:35:32.024 10854 11002 D ar_activity: [[2d end] stroke time=2023-04-07 15:35:32.024]
04-07 15:35:32.042 10854 11002 D ar_activity: [Update ARCore frame time=2023-04-07 15:35:32.042]
04-07 15:35:32.046 10854 11002 D ar_activity: [[2d end] stroke time=2023-04-07 15:35:32.045]
04-07 15:35:32.065 10854 11002 D ar_activity: [Update ARCore frame time=2023-04-07 15:35:32.065]
04-07 15:35:32.067 10854 11002 D ar_activity: [[2d end] stroke time=2023-04-07 15:35:32.067]
04-07 15:35:32.086 10854 11002 D ar_activity: [Update ARCore frame time=2023-04-07 15:35:32.084]
04-07 15:35:32.088 10854 11002 D ar_activity: [[2d end] stroke time=2023-04-07 15:35:32.088]
04-07 15:35:32.105 10854 11002 D ar_activity: [Update ARCore frame time=2023-04-07 15:35:32.105]
04-07 15:35:32.107 10854 11002 D ar_activity: [[2d end] stroke time=2023-04-07 15:35:32.107]
04-07 15:35:32.124 10854 11002 D ar_activity: [Update ARCore frame time=2023-04-07 15:35:32.124]
04-07 15:35:32.128 10854 11002 D ar_activity: [[2d end] stroke time=2023-04-07 15:35:32.128]
04-07 15:35:32.146 10854 11002 D ar_activity: [Update ARCore frame time=2023-04-07 15:35:32.146]
04-07 15:35:32.153 10854 11002 D ar_activity: [[2d end] stroke time=2023-04-07 15:35:32.153]
04-07 15:35:32.172 10854 11002 D ar_activity: [Update ARCore frame time=2023-04-07 15:35:32.172]
04-07 15:35:32.174 10854 11002 D ar_activity: [[2d end] stroke time=2023-04-07 15:35:32.174]
04-07 15:35:32.191 10854 11002 D ar_activity: [Update ARCore frame time=2023-04-07 15:35:32.191]
04-07 15:35:32.196 10854 11002 D ar_activity: [[2d end] stroke time=2023-04-07 15:35:32.196]
04-07 15:35:32.213 10854 11002 D ar_activity: [Update ARCore frame time=2023-04-07 15:35:32.213]
04-07 15:35:32.219 10854 11002 D ar_activity: [[2d end] stroke time=2023-04-07 15:35:32.218]
04-07 15:35:32.237 10854 11002 D ar_activity: [Update ARCore frame time=2023-04-07 15:35:32.237]
04-07 15:35:32.242 10854 11002 D ar_activity: [[2d end] stroke time=2023-04-07 15:35:32.242]
04-07 15:35:32.262 10854 11002 D ar_activity: [Update ARCore frame time=2023-04-07 15:35:32.261]
04-07 15:35:32.273 10854 11002 D ar_activity: [[2d end] stroke time=2023-04-07 15:35:32.273]
04-07 15:35:32.293 10854 11002 D ar_activity: [Update ARCore frame time=2023-04-07 15:35:32.292]
04-07 15:35:32.298 10854 11002 D ar_activity: [[2d end] stroke time=2023-04-07 15:35:32.297]
04-07 15:35:32.318 10854 11002 D ar_activity: [Update ARCore frame time=2023-04-07 15:35:32.316]
04-07 15:35:32.319 10854 11002 D ar_activity: [[2d end] stroke time=2023-04-07 15:35:32.319]
04-07 15:35:32.336 10854 11002 D ar_activity: [Update ARCore frame time=2023-04-07 15:35:32.336]
04-07 15:35:32.338 10854 11002 D ar_activity: [[2d end] stroke time=2023-04-07 15:35:32.338]
04-07 15:35:32.355 10854 11002 D ar_activity: [Update ARCore frame time=2023-04-07 15:35:32.355]
04-07 15:35:32.359 10854 11002 D ar_activity: [[2d end] stroke time=2023-04-07 15:35:32.359]
04-07 15:35:32.381 10854 11002 D ar_activity: [Update ARCore frame time=2023-04-07 15:35:32.380]
04-07 15:35:32.385 10854 11002 D ar_activity: [[2d end] stroke time=2023-04-07 15:35:32.385]
04-07 15:35:32.402 10854 11002 D ar_activity: [Update ARCore frame time=2023-04-07 15:35:32.402]
04-07 15:35:32.404 10854 11002 D ar_activity: [[2d end] stroke time=2023-04-07 15:35:32.404]
04-07 15:35:32.421 10854 11002 D ar_activity: [Update ARCore frame time=2023-04-07 15:35:32.421]
04-07 15:35:32.423 10854 11002 D ar_activity: [[2d end] stroke time=2023-04-07 15:35:32.423]
04-07 15:35:32.440 10854 11002 D ar_activity: [Update ARCore frame time=2023-04-07 15:35:32.440]
04-07 15:35:32.446 10854 11002 D ar_activity: [[2d end] stroke time=2023-04-07 15:35:32.445]
04-07 15:35:32.463 10854 11002 D ar_activity: [Update ARCore frame time=2023-04-07 15:35:32.463]
04-07 15:35:32.465 10854 11002 D ar_activity: [[2d end] stroke time=2023-04-07 15:35:32.465]
04-07 15:35:32.482 10854 11002 D ar_activity: [Update ARCore frame time=2023-04-07 15:35:32.482]
04-07 15:35:32.486 10854 11002 D ar_activity: [[2d end] stroke time=2023-04-07 15:35:32.486]
04-07 15:35:32.504 10854 11002 D ar_activity: [Update ARCore frame time=2023-04-07 15:35:32.503]
04-07 15:35:32.507 10854 11002 D ar_activity: [[2d end] stroke time=2023-04-07 15:35:32.507]
04-07 15:35:32.524 10854 11002 D ar_activity: [Update ARCore frame time=2023-04-07 15:35:32.524]
04-07 15:35:32.526 10854 11002 D ar_activity: [[2d end] stroke time=2023-04-07 15:35:32.526]
04-07 15:35:32.543 10854 11002 D ar_activity: [Update ARCore frame time=2023-04-07 15:35:32.543]
04-07 15:35:32.548 10854 11002 D ar_activity: [[2d end] stroke time=2023-04-07 15:35:32.547]
04-07 15:35:32.567 10854 11002 D ar_activity: [Update ARCore frame time=2023-04-07 15:35:32.567]
04-07 15:35:32.569 10854 11002 D ar_activity: [[2d end] stroke time=2023-04-07 15:35:32.569]
04-07 15:35:32.586 10854 11002 D ar_activity: [Update ARCore frame time=2023-04-07 15:35:32.586]
04-07 15:35:32.588 10854 11002 D ar_activity: [[2d end] stroke time=2023-04-07 15:35:32.588]
04-07 15:35:32.605 10854 11002 D ar_activity: [Update ARCore frame time=2023-04-07 15:35:32.605]
04-07 15:35:32.606 10854 11002 D ar_activity: [[2d end] stroke time=2023-04-07 15:35:32.606]
04-07 15:35:32.623 10854 11002 D ar_activity: [Update ARCore frame time=2023-04-07 15:35:32.623]
04-07 15:35:32.625 10854 11002 D ar_activity: [[2d end] stroke time=2023-04-07 15:35:32.625]
04-07 15:35:32.642 10854 11002 D ar_activity: [Update ARCore frame time=2023-04-07 15:35:32.642]
04-07 15:35:32.645 10854 11002 D ar_activity: [[2d end] stroke time=2023-04-07 15:35:32.645]
04-07 15:35:32.662 10854 11002 D ar_activity: [Update ARCore frame time=2023-04-07 15:35:32.662]
04-07 15:35:32.666 10854 11002 D ar_activity: [[2d end] stroke time=2023-04-07 15:35:32.666]
04-07 15:35:32.687 10854 11002 D ar_activity: [Update ARCore frame time=2023-04-07 15:35:32.686]
04-07 15:35:32.689 10854 11002 D ar_activity: [[2d end] stroke time=2023-04-07 15:35:32.689]
04-07 15:35:32.706 10854 11002 D ar_activity: [Update ARCore frame time=2023-04-07 15:35:32.706]
04-07 15:35:32.711 10854 11002 D ar_activity: [[2d end] stroke time=2023-04-07 15:35:32.709]
04-07 15:35:32.729 10854 11002 D ar_activity: [Update ARCore frame time=2023-04-07 15:35:32.729]
04-07 15:35:32.730 10854 11002 D ar_activity: [[2d end] stroke time=2023-04-07 15:35:32.730]
04-07 15:35:32.748 10854 11002 D ar_activity: [Update ARCore frame time=2023-04-07 15:35:32.747]
04-07 15:35:32.755 10854 11002 D ar_activity: [[2d end] stroke time=2023-04-07 15:35:32.755]
04-07 15:35:32.773 10854 11002 D ar_activity: [Update ARCore frame time=2023-04-07 15:35:32.772]
04-07 15:35:32.777 10854 11002 D ar_activity: [[2d end] stroke time=2023-04-07 15:35:32.776]
04-07 15:35:32.794 10854 11002 D ar_activity: [Update ARCore frame time=2023-04-07 15:35:32.794]
04-07 15:35:32.796 10854 11002 D ar_activity: [[2d end] stroke time=2023-04-07 15:35:32.796]
04-07 15:35:32.813 10854 11002 D ar_activity: [Update ARCore frame time=2023-04-07 15:35:32.813]
04-07 15:35:32.815 10854 11002 D ar_activity: [[2d end] stroke time=2023-04-07 15:35:32.815]
04-07 15:35:32.835 10854 11002 D ar_activity: [Update ARCore frame time=2023-04-07 15:35:32.835]
04-07 15:35:32.839 10854 11002 D ar_activity: [[2d end] stroke time=2023-04-07 15:35:32.838]
04-07 15:35:32.856 10854 11002 D ar_activity: [Update ARCore frame time=2023-04-07 15:35:32.856]
04-07 15:35:32.858 10854 11002 D ar_activity: [[2d end] stroke time=2023-04-07 15:35:32.858]
04-07 15:35:32.875 10854 11002 D ar_activity: [Update ARCore frame time=2023-04-07 15:35:32.875]
04-07 15:35:32.878 10854 11002 D ar_activity: [[2d end] stroke time=2023-04-07 15:35:32.878]
04-07 15:35:32.895 10854 11002 D ar_activity: [Update ARCore frame time=2023-04-07 15:35:32.895]
04-07 15:35:32.897 10854 11002 D ar_activity: [[2d end] stroke time=2023-04-07 15:35:32.896]
04-07 15:35:32.914 10854 11002 D ar_activity: [Update ARCore frame time=2023-04-07 15:35:32.913]
04-07 15:35:32.920 10854 11002 D ar_activity: [[2d end] stroke time=2023-04-07 15:35:32.920]
04-07 15:35:32.937 10854 11002 D ar_activity: [Update ARCore frame time=2023-04-07 15:35:32.937]
04-07 15:35:32.940 10854 11002 D ar_activity: [[2d end] stroke time=2023-04-07 15:35:32.940]
04-07 15:35:32.959 10854 11002 D ar_activity: [Update ARCore frame time=2023-04-07 15:35:32.958]
04-07 15:35:32.962 10854 11002 D ar_activity: [[2d end] stroke time=2023-04-07 15:35:32.962]
04-07 15:35:32.979 10854 11002 D ar_activity: [Update ARCore frame time=2023-04-07 15:35:32.979]
04-07 15:35:32.981 10854 11002 D ar_activity: [[2d end] stroke time=2023-04-07 15:35:32.981]
04-07 15:35:32.998 10854 11002 D ar_activity: [Update ARCore frame time=2023-04-07 15:35:32.998]
04-07 15:35:33.000 10854 11002 D ar_activity: [[2d end] stroke time=2023-04-07 15:35:33.000]
04-07 15:35:33.019 10854 11002 D ar_activity: [Update ARCore frame time=2023-04-07 15:35:33.018]
04-07 15:35:33.020 10854 11002 D ar_activity: [[2d end] stroke time=2023-04-07 15:35:33.020]
04-07 15:35:33.037 10854 11002 D ar_activity: [Update ARCore frame time=2023-04-07 15:35:33.037]
04-07 15:35:33.039 10854 11002 D ar_activity: [[2d end] stroke time=2023-04-07 15:35:33.038]
04-07 15:35:33.055 10854 11002 D ar_activity: [Update ARCore frame time=2023-04-07 15:35:33.055]
04-07 15:35:33.057 10854 11002 D ar_activity: [[2d end] stroke time=2023-04-07 15:35:33.057]
04-07 15:35:33.074 10854 11002 D ar_activity: [Update ARCore frame time=2023-04-07 15:35:33.074]
04-07 15:35:33.078 10854 11002 D ar_activity: [[2d end] stroke time=2023-04-07 15:35:33.077]
04-07 15:35:33.095 10854 11002 D ar_activity: [Update ARCore frame time=2023-04-07 15:35:33.094]
04-07 15:35:33.096 10854 11002 D ar_activity: [[2d end] stroke time=2023-04-07 15:35:33.096]
04-07 15:35:33.113 10854 11002 D ar_activity: [Update ARCore frame time=2023-04-07 15:35:33.113]
04-07 15:35:33.115 10854 11002 D ar_activity: [[2d end] stroke time=2023-04-07 15:35:33.115]
04-07 15:35:33.133 10854 11002 D ar_activity: [Update ARCore frame time=2023-04-07 15:35:33.133]
04-07 15:35:33.135 10854 11002 D ar_activity: [[2d end] stroke time=2023-04-07 15:35:33.135]
04-07 15:35:33.155 10854 11002 D ar_activity: [Update ARCore frame time=2023-04-07 15:35:33.155]
04-07 15:35:33.162 10854 11002 D ar_activity: [[2d end] stroke time=2023-04-07 15:35:33.162]
04-07 15:35:33.180 10854 11002 D ar_activity: [Update ARCore frame time=2023-04-07 15:35:33.179]
04-07 15:35:33.181 10854 11002 D ar_activity: [[2d end] stroke time=2023-04-07 15:35:33.181]
04-07 15:35:33.200 10854 11002 D ar_activity: [Update ARCore frame time=2023-04-07 15:35:33.200]
04-07 15:35:33.202 10854 11002 D ar_activity: [[2d end] stroke time=2023-04-07 15:35:33.202]
04-07 15:35:33.220 10854 11002 D ar_activity: [Update ARCore frame time=2023-04-07 15:35:33.219]
04-07 15:35:33.222 10854 11002 D ar_activity: [[2d end] stroke time=2023-04-07 15:35:33.222]
04-07 15:35:33.239 10854 11002 D ar_activity: [Update ARCore frame time=2023-04-07 15:35:33.239]
04-07 15:35:33.241 10854 11002 D ar_activity: [[2d end] stroke time=2023-04-07 15:35:33.240]
04-07 15:35:33.258 10854 11002 D ar_activity: [Update ARCore frame time=2023-04-07 15:35:33.257]
04-07 15:35:33.260 10854 11002 D ar_activity: [[2d end] stroke time=2023-04-07 15:35:33.260]
04-07 15:35:33.278 10854 11002 D ar_activity: [Update ARCore frame time=2023-04-07 15:35:33.277]
04-07 15:35:33.279 10854 11002 D ar_activity: [[2d end] stroke time=2023-04-07 15:35:33.279]
04-07 15:35:33.296 10854 11002 D ar_activity: [Update ARCore frame time=2023-04-07 15:35:33.296]
04-07 15:35:33.298 10854 11002 D ar_activity: [[2d end] stroke time=2023-04-07 15:35:33.298]
04-07 15:35:33.316 10854 11002 D ar_activity: [Update ARCore frame time=2023-04-07 15:35:33.316]
04-07 15:35:33.321 10854 11002 D ar_activity: [[2d end] stroke time=2023-04-07 15:35:33.321]
04-07 15:35:33.338 10854 11002 D ar_activity: [Update ARCore frame time=2023-04-07 15:35:33.338]
04-07 15:35:33.340 10854 11002 D ar_activity: [[2d end] stroke time=2023-04-07 15:35:33.340]
04-07 15:35:33.357 10854 11002 D ar_activity: [Update ARCore frame time=2023-04-07 15:35:33.357]
04-07 15:35:33.360 10854 11002 D ar_activity: [[2d end] stroke time=2023-04-07 15:35:33.360]
04-07 15:35:33.378 10854 11002 D ar_activity: [Update ARCore frame time=2023-04-07 15:35:33.378]
04-07 15:35:33.381 10854 11002 D ar_activity: [[2d end] stroke time=2023-04-07 15:35:33.381]
04-07 15:35:33.398 10854 11002 D ar_activity: [Update ARCore frame time=2023-04-07 15:35:33.398]
04-07 15:35:33.400 10854 11002 D ar_activity: [[2d end] stroke time=2023-04-07 15:35:33.400]
04-07 15:35:33.418 10854 11002 D ar_activity: [Update ARCore frame time=2023-04-07 15:35:33.418]
04-07 15:35:33.421 10854 11002 D ar_activity: [[2d end] stroke time=2023-04-07 15:35:33.420]
04-07 15:35:33.438 10854 11002 D ar_activity: [Update ARCore frame time=2023-04-07 15:35:33.437]
04-07 15:35:33.440 10854 11002 D ar_activity: [[2d end] stroke time=2023-04-07 15:35:33.440]
04-07 15:35:33.457 10854 11002 D ar_activity: [Update ARCore frame time=2023-04-07 15:35:33.457]
04-07 15:35:33.458 10854 11002 D ar_activity: [[2d end] stroke time=2023-04-07 15:35:33.458]
04-07 15:35:33.475 10854 11002 D ar_activity: [Update ARCore frame time=2023-04-07 15:35:33.475]
04-07 15:35:33.478 10854 11002 D ar_activity: [[2d end] stroke time=2023-04-07 15:35:33.478]
04-07 15:35:33.495 10854 11002 D ar_activity: [Update ARCore frame time=2023-04-07 15:35:33.495]
04-07 15:35:33.497 10854 11002 D ar_activity: [[2d end] stroke time=2023-04-07 15:35:33.497]
04-07 15:35:33.514 10854 11002 D ar_activity: [Update ARCore frame time=2023-04-07 15:35:33.514]
04-07 15:35:33.516 10854 11002 D ar_activity: [[2d end] stroke time=2023-04-07 15:35:33.516]
04-07 15:35:33.536 10854 11002 D ar_activity: [Update ARCore frame time=2023-04-07 15:35:33.536]
04-07 15:35:33.544 10854 11002 D ar_activity: [[2d end] stroke time=2023-04-07 15:35:33.544]
04-07 15:35:33.566 10854 11002 D ar_activity: [Update ARCore frame time=2023-04-07 15:35:33.565]
04-07 15:35:33.567 10854 11002 D ar_activity: [[2d end] stroke time=2023-04-07 15:35:33.567]
04-07 15:35:33.585 10854 11002 D ar_activity: [Update ARCore frame time=2023-04-07 15:35:33.584]
04-07 15:35:33.590 10854 11002 D ar_activity: [[2d end] stroke time=2023-04-07 15:35:33.589]
04-07 15:35:33.609 10854 11002 D ar_activity: [Update ARCore frame time=2023-04-07 15:35:33.609]
04-07 15:35:33.612 10854 11002 D ar_activity: [[2d end] stroke time=2023-04-07 15:35:33.612]
04-07 15:35:33.629 10854 11002 D ar_activity: [Update ARCore frame time=2023-04-07 15:35:33.629]
04-07 15:35:33.631 10854 11002 D ar_activity: [[2d end] stroke time=2023-04-07 15:35:33.631]
04-07 15:35:33.648 10854 11002 D ar_activity: [Update ARCore frame time=2023-04-07 15:35:33.648]
04-07 15:35:33.653 10854 11002 D ar_activity: [[2d end] stroke time=2023-04-07 15:35:33.653]
04-07 15:35:33.670 10854 11002 D ar_activity: [Update ARCore frame time=2023-04-07 15:35:33.670]
04-07 15:35:33.672 10854 11002 D ar_activity: [[2d end] stroke time=2023-04-07 15:35:33.672]
04-07 15:35:33.689 10854 11002 D ar_activity: [Update ARCore frame time=2023-04-07 15:35:33.689]
04-07 15:35:33.692 10854 11002 D ar_activity: [[2d end] stroke time=2023-04-07 15:35:33.692]
04-07 15:35:33.710 10854 11002 D ar_activity: [Update ARCore frame time=2023-04-07 15:35:33.710]
04-07 15:35:33.714 10854 11002 D ar_activity: [[2d end] stroke time=2023-04-07 15:35:33.713]
04-07 15:35:33.731 10854 11002 D ar_activity: [Update ARCore frame time=2023-04-07 15:35:33.731]
04-07 15:35:33.733 10854 11002 D ar_activity: [[2d end] stroke time=2023-04-07 15:35:33.733]
04-07 15:35:33.751 10854 11002 D ar_activity: [Update ARCore frame time=2023-04-07 15:35:33.750]
04-07 15:35:33.757 10854 11002 D ar_activity: [[2d end] stroke time=2023-04-07 15:35:33.756]
04-07 15:35:33.775 10854 11002 D ar_activity: [Update ARCore frame time=2023-04-07 15:35:33.775]
04-07 15:35:33.779 10854 11002 D ar_activity: [[2d end] stroke time=2023-04-07 15:35:33.779]
04-07 15:35:33.797 10854 11002 D ar_activity: [Update ARCore frame time=2023-04-07 15:35:33.797]
04-07 15:35:33.800 10854 11002 D ar_activity: [[2d end] stroke time=2023-04-07 15:35:33.799]
04-07 15:35:33.818 10854 11002 D ar_activity: [Update ARCore frame time=2023-04-07 15:35:33.817]
04-07 15:35:33.823 10854 11002 D ar_activity: [[2d end] stroke time=2023-04-07 15:35:33.823]
04-07 15:35:33.840 10854 11002 D ar_activity: [Update ARCore frame time=2023-04-07 15:35:33.839]
04-07 15:35:33.842 10854 11002 D ar_activity: [[2d end] stroke time=2023-04-07 15:35:33.841]
04-07 15:35:33.859 10854 11002 D ar_activity: [Update ARCore frame time=2023-04-07 15:35:33.858]
04-07 15:35:33.861 10854 11002 D ar_activity: [[2d end] stroke time=2023-04-07 15:35:33.861]
04-07 15:35:33.878 10854 11002 D ar_activity: [Update ARCore frame time=2023-04-07 15:35:33.877]
04-07 15:35:33.879 10854 11002 D ar_activity: [[2d end] stroke time=2023-04-07 15:35:33.879]
04-07 15:35:33.896 10854 11002 D ar_activity: [Update ARCore frame time=2023-04-07 15:35:33.896]
04-07 15:35:33.898 10854 11002 D ar_activity: [[2d end] stroke time=2023-04-07 15:35:33.898]
04-07 15:35:33.915 10854 11002 D ar_activity: [Update ARCore frame time=2023-04-07 15:35:33.915]
04-07 15:35:33.920 10854 11002 D ar_activity: [[2d end] stroke time=2023-04-07 15:35:33.919]
04-07 15:35:33.937 10854 11002 D ar_activity: [Update ARCore frame time=2023-04-07 15:35:33.937]
04-07 15:35:33.938 10854 11002 D ar_activity: [[2d end] stroke time=2023-04-07 15:35:33.938]
04-07 15:35:33.955 10854 11002 D ar_activity: [Update ARCore frame time=2023-04-07 15:35:33.955]
04-07 15:35:33.957 10854 11002 D ar_activity: [[2d end] stroke time=2023-04-07 15:35:33.957]
04-07 15:35:33.975 10854 11002 D ar_activity: [Update ARCore frame time=2023-04-07 15:35:33.974]
04-07 15:35:33.977 10854 11002 D ar_activity: [[2d end] stroke time=2023-04-07 15:35:33.977]
04-07 15:35:33.994 10854 11002 D ar_activity: [Update ARCore frame time=2023-04-07 15:35:33.994]
04-07 15:35:33.996 10854 11002 D ar_activity: [[2d end] stroke time=2023-04-07 15:35:33.996]
04-07 15:35:34.013 10854 11002 D ar_activity: [Update ARCore frame time=2023-04-07 15:35:34.013]
04-07 15:35:34.016 10854 11002 D ar_activity: [[2d end] stroke time=2023-04-07 15:35:34.015]
04-07 15:35:34.034 10854 11002 D ar_activity: [Update ARCore frame time=2023-04-07 15:35:34.034]
04-07 15:35:34.036 10854 11002 D ar_activity: [[2d end] stroke time=2023-04-07 15:35:34.035]
04-07 15:35:34.053 10854 11002 D ar_activity: [Update ARCore frame time=2023-04-07 15:35:34.053]
04-07 15:35:34.059 10854 11002 D ar_activity: [[2d end] stroke time=2023-04-07 15:35:34.059]
04-07 15:35:34.077 10854 11002 D ar_activity: [Update ARCore frame time=2023-04-07 15:35:34.076]
04-07 15:35:34.079 10854 11002 D ar_activity: [[2d end] stroke time=2023-04-07 15:35:34.079]
04-07 15:35:34.096 10854 11002 D ar_activity: [Update ARCore frame time=2023-04-07 15:35:34.096]
04-07 15:35:34.098 10854 11002 D ar_activity: [[2d end] stroke time=2023-04-07 15:35:34.097]
04-07 15:35:34.115 10854 11002 D ar_activity: [Update ARCore frame time=2023-04-07 15:35:34.114]
04-07 15:35:34.120 10854 11002 D ar_activity: [[2d end] stroke time=2023-04-07 15:35:34.119]
04-07 15:35:34.137 10854 11002 D ar_activity: [Update ARCore frame time=2023-04-07 15:35:34.137]
04-07 15:35:34.140 10854 11002 D ar_activity: [[2d end] stroke time=2023-04-07 15:35:34.140]
04-07 15:35:34.158 10854 11002 D ar_activity: [Update ARCore frame time=2023-04-07 15:35:34.157]
04-07 15:35:34.161 10854 11002 D ar_activity: [[2d end] stroke time=2023-04-07 15:35:34.161]
04-07 15:35:34.178 10854 11002 D ar_activity: [Update ARCore frame time=2023-04-07 15:35:34.178]
04-07 15:35:34.180 10854 11002 D ar_activity: [[2d end] stroke time=2023-04-07 15:35:34.180]
04-07 15:35:34.197 10854 11002 D ar_activity: [Update ARCore frame time=2023-04-07 15:35:34.197]
04-07 15:35:34.199 10854 11002 D ar_activity: [[2d end] stroke time=2023-04-07 15:35:34.199]
04-07 15:35:34.208 10854 10854 D ar_activity: [[1a start] touch screen time=2023-04-07 15:35:34.208]
04-07 15:35:34.216 10854 11002 D ar_activity: [Update ARCore frame time=2023-04-07 15:35:34.216]
04-07 15:35:34.220 10854 11002 D ar_activity: addStroke at 2023-04-07 15:35:34.220
04-07 15:35:34.221 10854 11002 D ar_activity: stroke (id: -NSSCsksd3t6Qrxa0fqY) was added at 2023-04-07 15:35:34.221
04-07 15:35:34.221 10854 11002 D ar_activity: [[1b start] setFirebaseValue stroke id=-NSSCsksd3t6Qrxa0fqY time=2023-04-07 15:35:34.221]
04-07 15:35:34.223 10854 11002 D ar_activity: [TRACKING TransformPointToPose time=2023-04-07 15:35:34.223]
04-07 15:35:34.224 10854 11002 D ar_activity: send stroke to firebase
04-07 15:35:34.225 10854 11002 D ar_activity: [[2d] after update lines time=2023-04-07 15:35:34.224]
04-07 15:35:34.225 10854 11002 D ar_activity: [[2d end] stroke time=2023-04-07 15:35:34.225]
04-07 15:35:34.233 10854 10854 D ar_activity: [[2a end - 2d start] onChildAdded stroke id=-NSSCsksd3t6Qrxa0fqY time=2023-04-07 15:35:34.233]
04-07 15:35:34.242 10854 11002 D ar_activity: [Update ARCore frame time=2023-04-07 15:35:34.242]
04-07 15:35:34.244 10854 11002 D ar_activity: [TRACKING TransformPointToPose time=2023-04-07 15:35:34.244]
04-07 15:35:34.244 10854 11002 D ar_activity: send stroke to firebase
04-07 15:35:34.245 10854 11002 D ar_activity: [[2d] after update lines time=2023-04-07 15:35:34.245]
04-07 15:35:34.245 10854 11002 D ar_activity: [[2d end] stroke time=2023-04-07 15:35:34.245]
04-07 15:35:34.262 10854 11002 D ar_activity: [Update ARCore frame time=2023-04-07 15:35:34.262]
04-07 15:35:34.264 10854 11002 D ar_activity: [TRACKING TransformPointToPose time=2023-04-07 15:35:34.263]
04-07 15:35:34.264 10854 11002 D ar_activity: [TRACKING TransformPointToPose time=2023-04-07 15:35:34.264]
04-07 15:35:34.264 10854 11002 D ar_activity: send stroke to firebase
04-07 15:35:34.264 10854 11002 D ar_activity: [[2d] after update lines time=2023-04-07 15:35:34.264]
04-07 15:35:34.265 10854 11002 D ar_activity: [[2d end] stroke time=2023-04-07 15:35:34.265]
04-07 15:35:34.283 10854 11002 D ar_activity: [Update ARCore frame time=2023-04-07 15:35:34.282]
04-07 15:35:34.287 10854 11002 D ar_activity: [TRACKING TransformPointToPose time=2023-04-07 15:35:34.287]
04-07 15:35:34.287 10854 11002 D ar_activity: [TRACKING TransformPointToPose time=2023-04-07 15:35:34.287]
04-07 15:35:34.287 10854 11002 D ar_activity: send stroke to firebase
04-07 15:35:34.288 10854 11002 D ar_activity: [[2d] after update lines time=2023-04-07 15:35:34.288]
04-07 15:35:34.289 10854 11002 D ar_activity: [[2d end] stroke time=2023-04-07 15:35:34.289]
04-07 15:35:34.301 10854 10854 D ar_activity: [[1b start] setFirebaseValue stroke id=-NSSCsksd3t6Qrxa0fqY time=2023-04-07 15:35:34.300]
04-07 15:35:34.304 10854 10854 D ar_activity: [[2a end - 2d start] onChildChanged stroke id=-NSSCsksd3t6Qrxa0fqY time=2023-04-07 15:35:34.303]
04-07 15:35:34.306 10854 11002 D ar_activity: [Update ARCore frame time=2023-04-07 15:35:34.306]
04-07 15:35:34.307 10854 11002 D ar_activity: [TRACKING TransformPointToPose time=2023-04-07 15:35:34.307]
04-07 15:35:34.307 10854 11002 D ar_activity: [TRACKING TransformPointToPose time=2023-04-07 15:35:34.307]
04-07 15:35:34.307 10854 11002 D ar_activity: send stroke to firebase
04-07 15:35:34.308 10854 11002 D ar_activity: [[2d] after update lines time=2023-04-07 15:35:34.308]
04-07 15:35:34.308 10854 11002 D ar_activity: [[2d end] stroke time=2023-04-07 15:35:34.308]
04-07 15:35:34.325 10854 11002 D ar_activity: [Update ARCore frame time=2023-04-07 15:35:34.325]
04-07 15:35:34.327 10854 11002 D ar_activity: [TRACKING TransformPointToPose time=2023-04-07 15:35:34.327]
04-07 15:35:34.327 10854 11002 D ar_activity: [TRACKING TransformPointToPose time=2023-04-07 15:35:34.327]
04-07 15:35:34.327 10854 11002 D ar_activity: send stroke to firebase
04-07 15:35:34.328 10854 11002 D ar_activity: [[2d] after update lines time=2023-04-07 15:35:34.328]
04-07 15:35:34.329 10854 11002 D ar_activity: [[2d end] stroke time=2023-04-07 15:35:34.329]
04-07 15:35:34.349 10854 11002 D ar_activity: [Update ARCore frame time=2023-04-07 15:35:34.348]
04-07 15:35:34.353 10854 11002 D ar_activity: [TRACKING TransformPointToPose time=2023-04-07 15:35:34.353]
04-07 15:35:34.353 10854 11002 D ar_activity: [TRACKING TransformPointToPose time=2023-04-07 15:35:34.353]
04-07 15:35:34.353 10854 11002 D ar_activity: send stroke to firebase
04-07 15:35:34.354 10854 11002 D ar_activity: [[2d] after update lines time=2023-04-07 15:35:34.354]
04-07 15:35:34.355 10854 11002 D ar_activity: [[2d end] stroke time=2023-04-07 15:35:34.355]
04-07 15:35:34.372 10854 11002 D ar_activity: [Update ARCore frame time=2023-04-07 15:35:34.372]
04-07 15:35:34.373 10854 11002 D ar_activity: [TRACKING TransformPointToPose time=2023-04-07 15:35:34.373]
04-07 15:35:34.373 10854 11002 D ar_activity: [TRACKING TransformPointToPose time=2023-04-07 15:35:34.373]
04-07 15:35:34.373 10854 11002 D ar_activity: send stroke to firebase
04-07 15:35:34.374 10854 11002 D ar_activity: [[2d] after update lines time=2023-04-07 15:35:34.373]
04-07 15:35:34.374 10854 10854 D ar_activity: [[2a end - 2d start] onChildChanged stroke id=-NSSCsksd3t6Qrxa0fqY time=2023-04-07 15:35:34.373]
04-07 15:35:34.375 10854 11002 D ar_activity: [[2d end] stroke time=2023-04-07 15:35:34.375]
04-07 15:35:34.392 10854 11002 D ar_activity: [Update ARCore frame time=2023-04-07 15:35:34.392]
04-07 15:35:34.393 10854 11002 D ar_activity: [TRACKING TransformPointToPose time=2023-04-07 15:35:34.393]
04-07 15:35:34.393 10854 11002 D ar_activity: [TRACKING TransformPointToPose time=2023-04-07 15:35:34.393]
04-07 15:35:34.393 10854 11002 D ar_activity: send stroke to firebase
04-07 15:35:34.394 10854 11002 D ar_activity: [[2d] after update lines time=2023-04-07 15:35:34.393]
04-07 15:35:34.394 10854 11002 D ar_activity: [[2d end] stroke time=2023-04-07 15:35:34.394]
04-07 15:35:34.411 10854 11002 D ar_activity: [Update ARCore frame time=2023-04-07 15:35:34.411]
04-07 15:35:34.412 10854 11002 D ar_activity: [TRACKING TransformPointToPose time=2023-04-07 15:35:34.412]
04-07 15:35:34.413 10854 11002 D ar_activity: send stroke to firebase
04-07 15:35:34.413 10854 11002 D ar_activity: [[2d] after update lines time=2023-04-07 15:35:34.413]
04-07 15:35:34.414 10854 11002 D ar_activity: [[2d end] stroke time=2023-04-07 15:35:34.414]
04-07 15:35:34.431 10854 11002 D ar_activity: [Update ARCore frame time=2023-04-07 15:35:34.431]
04-07 15:35:34.437 10854 10854 D ar_activity: [[2a end - 2d start] onChildChanged stroke id=-NSSCsksd3t6Qrxa0fqY time=2023-04-07 15:35:34.437]
04-07 15:35:34.438 10854 11002 D ar_activity: [TRACKING TransformPointToPose time=2023-04-07 15:35:34.438]
04-07 15:35:34.438 10854 11002 D ar_activity: [TRACKING TransformPointToPose time=2023-04-07 15:35:34.438]
04-07 15:35:34.438 10854 11002 D ar_activity: send stroke to firebase
04-07 15:35:34.440 10854 11002 D ar_activity: [[2d] after update lines time=2023-04-07 15:35:34.439]
04-07 15:35:34.441 10854 11002 D ar_activity: [[2d end] stroke time=2023-04-07 15:35:34.441]
04-07 15:35:34.459 10854 11002 D ar_activity: [Update ARCore frame time=2023-04-07 15:35:34.458]
04-07 15:35:34.460 10854 11002 D ar_activity: [TRACKING TransformPointToPose time=2023-04-07 15:35:34.460]
04-07 15:35:34.460 10854 11002 D ar_activity: [TRACKING TransformPointToPose time=2023-04-07 15:35:34.460]
04-07 15:35:34.460 10854 11002 D ar_activity: send stroke to firebase
04-07 15:35:34.461 10854 11002 D ar_activity: [[2d] after update lines time=2023-04-07 15:35:34.461]
04-07 15:35:34.462 10854 11002 D ar_activity: [[2d end] stroke time=2023-04-07 15:35:34.461]
04-07 15:35:34.478 10854 11002 D ar_activity: [Update ARCore frame time=2023-04-07 15:35:34.478]
04-07 15:35:34.480 10854 11002 D ar_activity: [TRACKING TransformPointToPose time=2023-04-07 15:35:34.480]
04-07 15:35:34.480 10854 11002 D ar_activity: send stroke to firebase
04-07 15:35:34.480 10854 11002 D ar_activity: [[2d] after update lines time=2023-04-07 15:35:34.480]
04-07 15:35:34.481 10854 11002 D ar_activity: [[2d end] stroke time=2023-04-07 15:35:34.481]
04-07 15:35:34.498 10854 11002 D ar_activity: [Update ARCore frame time=2023-04-07 15:35:34.498]
04-07 15:35:34.499 10854 11002 D ar_activity: [TRACKING TransformPointToPose time=2023-04-07 15:35:34.499]
04-07 15:35:34.500 10854 11002 D ar_activity: send stroke to firebase
04-07 15:35:34.500 10854 11002 D ar_activity: [[2d] after update lines time=2023-04-07 15:35:34.500]
04-07 15:35:34.501 10854 11002 D ar_activity: [[2d end] stroke time=2023-04-07 15:35:34.501]
04-07 15:35:34.505 10854 10854 D ar_activity: [[2a end - 2d start] onChildChanged stroke id=-NSSCsksd3t6Qrxa0fqY time=2023-04-07 15:35:34.504]
04-07 15:35:34.519 10854 11002 D ar_activity: [Update ARCore frame time=2023-04-07 15:35:34.518]
04-07 15:35:34.520 10854 11002 D ar_activity: [TRACKING TransformPointToPose time=2023-04-07 15:35:34.520]
04-07 15:35:34.521 10854 11002 D ar_activity: [TRACKING TransformPointToPose time=2023-04-07 15:35:34.521]
04-07 15:35:34.521 10854 11002 D ar_activity: send stroke to firebase
04-07 15:35:34.521 10854 11002 D ar_activity: [[2d] after update lines time=2023-04-07 15:35:34.521]
04-07 15:35:34.522 10854 11002 D ar_activity: [[2d end] stroke time=2023-04-07 15:35:34.522]
04-07 15:35:34.539 10854 11002 D ar_activity: [Update ARCore frame time=2023-04-07 15:35:34.538]
04-07 15:35:34.540 10854 11002 D ar_activity: [TRACKING TransformPointToPose time=2023-04-07 15:35:34.540]
04-07 15:35:34.540 10854 11002 D ar_activity: [TRACKING TransformPointToPose time=2023-04-07 15:35:34.540]
04-07 15:35:34.540 10854 11002 D ar_activity: send stroke to firebase
04-07 15:35:34.540 10854 11002 D ar_activity: [[2d] after update lines time=2023-04-07 15:35:34.540]
04-07 15:35:34.541 10854 11002 D ar_activity: [[2d end] stroke time=2023-04-07 15:35:34.541]
04-07 15:35:34.558 10854 11002 D ar_activity: [Update ARCore frame time=2023-04-07 15:35:34.558]
04-07 15:35:34.559 10854 11002 D ar_activity: [TRACKING TransformPointToPose time=2023-04-07 15:35:34.559]
04-07 15:35:34.560 10854 11002 D ar_activity: [TRACKING TransformPointToPose time=2023-04-07 15:35:34.560]
04-07 15:35:34.560 10854 11002 D ar_activity: send stroke to firebase
04-07 15:35:34.561 10854 10854 D ar_activity: [[2a end - 2d start] onChildChanged stroke id=-NSSCsksd3t6Qrxa0fqY time=2023-04-07 15:35:34.560]
04-07 15:35:34.566 10854 11002 D ar_activity: [[2d] after update lines time=2023-04-07 15:35:34.565]
04-07 15:35:34.567 10854 11002 D ar_activity: [[2d end] stroke time=2023-04-07 15:35:34.566]
04-07 15:35:34.586 10854 11002 D ar_activity: [Update ARCore frame time=2023-04-07 15:35:34.585]
04-07 15:35:34.587 10854 11002 D ar_activity: [TRACKING TransformPointToPose time=2023-04-07 15:35:34.587]
04-07 15:35:34.587 10854 11002 D ar_activity: [TRACKING TransformPointToPose time=2023-04-07 15:35:34.587]
04-07 15:35:34.587 10854 11002 D ar_activity: send stroke to firebase
04-07 15:35:34.588 10854 11002 D ar_activity: [[2d] after update lines time=2023-04-07 15:35:34.588]
04-07 15:35:34.588 10854 11002 D ar_activity: [[2d end] stroke time=2023-04-07 15:35:34.588]
04-07 15:35:34.605 10854 11002 D ar_activity: [Update ARCore frame time=2023-04-07 15:35:34.605]
04-07 15:35:34.606 10854 11002 D ar_activity: [TRACKING TransformPointToPose time=2023-04-07 15:35:34.606]
04-07 15:35:34.606 10854 11002 D ar_activity: [TRACKING TransformPointToPose time=2023-04-07 15:35:34.606]
04-07 15:35:34.606 10854 11002 D ar_activity: send stroke to firebase
04-07 15:35:34.607 10854 11002 D ar_activity: [[2d] after update lines time=2023-04-07 15:35:34.607]
04-07 15:35:34.607 10854 11002 D ar_activity: [[2d end] stroke time=2023-04-07 15:35:34.607]
04-07 15:35:34.624 10854 11002 D ar_activity: [Update ARCore frame time=2023-04-07 15:35:34.624]
04-07 15:35:34.626 10854 11002 D ar_activity: [TRACKING TransformPointToPose time=2023-04-07 15:35:34.625]
04-07 15:35:34.626 10854 11002 D ar_activity: [TRACKING TransformPointToPose time=2023-04-07 15:35:34.626]
04-07 15:35:34.626 10854 11002 D ar_activity: send stroke to firebase
04-07 15:35:34.627 10854 11002 D ar_activity: [[2d] after update lines time=2023-04-07 15:35:34.626]
04-07 15:35:34.627 10854 11002 D ar_activity: [[2d end] stroke time=2023-04-07 15:35:34.627]
04-07 15:35:34.637 10854 10854 D ar_activity: [[2a end - 2d start] onChildChanged stroke id=-NSSCsksd3t6Qrxa0fqY time=2023-04-07 15:35:34.637]
04-07 15:35:34.644 10854 11002 D ar_activity: [Update ARCore frame time=2023-04-07 15:35:34.644]
04-07 15:35:34.645 10854 11002 D ar_activity: [TRACKING TransformPointToPose time=2023-04-07 15:35:34.645]
04-07 15:35:34.645 10854 11002 D ar_activity: send stroke to firebase
04-07 15:35:34.646 10854 11002 D ar_activity: [[2d] after update lines time=2023-04-07 15:35:34.646]
04-07 15:35:34.646 10854 11002 D ar_activity: [[2d end] stroke time=2023-04-07 15:35:34.646]
04-07 15:35:34.663 10854 11002 D ar_activity: [Update ARCore frame time=2023-04-07 15:35:34.663]
04-07 15:35:34.665 10854 11002 D ar_activity: [TRACKING TransformPointToPose time=2023-04-07 15:35:34.664]
04-07 15:35:34.665 10854 11002 D ar_activity: [TRACKING TransformPointToPose time=2023-04-07 15:35:34.665]
04-07 15:35:34.665 10854 11002 D ar_activity: send stroke to firebase
04-07 15:35:34.665 10854 11002 D ar_activity: [[2d] after update lines time=2023-04-07 15:35:34.665]
04-07 15:35:34.666 10854 11002 D ar_activity: [[2d end] stroke time=2023-04-07 15:35:34.666]
04-07 15:35:34.683 10854 11002 D ar_activity: [Update ARCore frame time=2023-04-07 15:35:34.683]
04-07 15:35:34.687 10854 11002 D ar_activity: [TRACKING TransformPointToPose time=2023-04-07 15:35:34.686]
04-07 15:35:34.687 10854 11002 D ar_activity: [TRACKING TransformPointToPose time=2023-04-07 15:35:34.687]
04-07 15:35:34.687 10854 11002 D ar_activity: send stroke to firebase
04-07 15:35:34.687 10854 11002 D ar_activity: [[2d] after update lines time=2023-04-07 15:35:34.687]
04-07 15:35:34.688 10854 11002 D ar_activity: [[2d end] stroke time=2023-04-07 15:35:34.688]
04-07 15:35:34.704 10854 10854 D ar_activity: [[2a end - 2d start] onChildChanged stroke id=-NSSCsksd3t6Qrxa0fqY time=2023-04-07 15:35:34.703]
04-07 15:35:34.705 10854 11002 D ar_activity: [Update ARCore frame time=2023-04-07 15:35:34.705]
04-07 15:35:34.708 10854 11002 D ar_activity: [TRACKING TransformPointToPose time=2023-04-07 15:35:34.707]
04-07 15:35:34.708 10854 11002 D ar_activity: [TRACKING TransformPointToPose time=2023-04-07 15:35:34.708]
04-07 15:35:34.709 10854 11002 D ar_activity: send stroke to firebase
04-07 15:35:34.710 10854 11002 D ar_activity: [[2d] after update lines time=2023-04-07 15:35:34.709]
04-07 15:35:34.712 10854 11002 D ar_activity: [[2d end] stroke time=2023-04-07 15:35:34.712]
04-07 15:35:34.729 10854 11002 D ar_activity: [Update ARCore frame time=2023-04-07 15:35:34.729]
04-07 15:35:34.731 10854 11002 D ar_activity: [TRACKING TransformPointToPose time=2023-04-07 15:35:34.731]
04-07 15:35:34.731 10854 11002 D ar_activity: [TRACKING TransformPointToPose time=2023-04-07 15:35:34.731]
04-07 15:35:34.731 10854 11002 D ar_activity: send stroke to firebase
04-07 15:35:34.731 10854 11002 D ar_activity: [[2d] after update lines time=2023-04-07 15:35:34.731]
04-07 15:35:34.732 10854 11002 D ar_activity: [[2d end] stroke time=2023-04-07 15:35:34.732]
04-07 15:35:34.749 10854 11002 D ar_activity: [Update ARCore frame time=2023-04-07 15:35:34.749]
04-07 15:35:34.753 10854 11002 D ar_activity: [TRACKING TransformPointToPose time=2023-04-07 15:35:34.752]
04-07 15:35:34.753 10854 11002 D ar_activity: send stroke to firebase
04-07 15:35:34.753 10854 11002 D ar_activity: [[2d] after update lines time=2023-04-07 15:35:34.753]
04-07 15:35:34.754 10854 11002 D ar_activity: [[2d end] stroke time=2023-04-07 15:35:34.754]
04-07 15:35:34.759 10854 10854 D ar_activity: [[2a end - 2d start] onChildChanged stroke id=-NSSCsksd3t6Qrxa0fqY time=2023-04-07 15:35:34.758]
04-07 15:35:34.772 10854 11002 D ar_activity: [Update ARCore frame time=2023-04-07 15:35:34.771]
04-07 15:35:34.775 10854 11002 D ar_activity: [TRACKING TransformPointToPose time=2023-04-07 15:35:34.774]
04-07 15:35:34.776 10854 11002 D ar_activity: [TRACKING TransformPointToPose time=2023-04-07 15:35:34.776]
04-07 15:35:34.777 10854 11002 D ar_activity: [TRACKING TransformPointToPose time=2023-04-07 15:35:34.777]
04-07 15:35:34.777 10854 11002 D ar_activity: send stroke to firebase
04-07 15:35:34.778 10854 11002 D ar_activity: [[2d] after update lines time=2023-04-07 15:35:34.778]
04-07 15:35:34.781 10854 11002 D ar_activity: [[2d end] stroke time=2023-04-07 15:35:34.780]
04-07 15:35:34.799 10854 11002 D ar_activity: [Update ARCore frame time=2023-04-07 15:35:34.799]
04-07 15:35:34.801 10854 11002 D ar_activity: [TRACKING TransformPointToPose time=2023-04-07 15:35:34.800]
04-07 15:35:34.801 10854 11002 D ar_activity: [TRACKING TransformPointToPose time=2023-04-07 15:35:34.801]
04-07 15:35:34.801 10854 11002 D ar_activity: send stroke to firebase
04-07 15:35:34.802 10854 11002 D ar_activity: [[2d] after update lines time=2023-04-07 15:35:34.801]
04-07 15:35:34.802 10854 11002 D ar_activity: [[2d end] stroke time=2023-04-07 15:35:34.802]
04-07 15:35:34.820 10854 11002 D ar_activity: [Update ARCore frame time=2023-04-07 15:35:34.819]
04-07 15:35:34.825 10854 10854 D ar_activity: [[2a end - 2d start] onChildChanged stroke id=-NSSCsksd3t6Qrxa0fqY time=2023-04-07 15:35:34.825]
04-07 15:35:34.825 10854 11002 D ar_activity: [TRACKING TransformPointToPose time=2023-04-07 15:35:34.825]
04-07 15:35:34.826 10854 11002 D ar_activity: [TRACKING TransformPointToPose time=2023-04-07 15:35:34.826]
04-07 15:35:34.827 10854 11002 D ar_activity: [TRACKING TransformPointToPose time=2023-04-07 15:35:34.826]
04-07 15:35:34.827 10854 11002 D ar_activity: send stroke to firebase
04-07 15:35:34.828 10854 11002 D ar_activity: [[2d] after update lines time=2023-04-07 15:35:34.828]
04-07 15:35:34.830 10854 11002 D ar_activity: [[2d end] stroke time=2023-04-07 15:35:34.830]
04-07 15:35:34.848 10854 11002 D ar_activity: [Update ARCore frame time=2023-04-07 15:35:34.848]
04-07 15:35:34.850 10854 11002 D ar_activity: [TRACKING TransformPointToPose time=2023-04-07 15:35:34.850]
04-07 15:35:34.851 10854 11002 D ar_activity: [TRACKING TransformPointToPose time=2023-04-07 15:35:34.850]
04-07 15:35:34.853 10854 11002 D ar_activity: send stroke to firebase
04-07 15:35:34.853 10854 11002 D ar_activity: [[2d] after update lines time=2023-04-07 15:35:34.853]
04-07 15:35:34.854 10854 11002 D ar_activity: [[2d end] stroke time=2023-04-07 15:35:34.854]
04-07 15:35:34.871 10854 11002 D ar_activity: [Update ARCore frame time=2023-04-07 15:35:34.871]
04-07 15:35:34.876 10854 11002 D ar_activity: [TRACKING TransformPointToPose time=2023-04-07 15:35:34.875]
04-07 15:35:34.877 10854 11002 D ar_activity: [TRACKING TransformPointToPose time=2023-04-07 15:35:34.876]
04-07 15:35:34.877 10854 11002 D ar_activity: send stroke to firebase
04-07 15:35:34.878 10854 10854 D ar_activity: [[2a end - 2d start] onChildChanged stroke id=-NSSCsksd3t6Qrxa0fqY time=2023-04-07 15:35:34.877]
04-07 15:35:34.879 10854 11002 D ar_activity: [[2d] after update lines time=2023-04-07 15:35:34.878]
04-07 15:35:34.881 10854 11002 D ar_activity: [[2d end] stroke time=2023-04-07 15:35:34.881]
04-07 15:35:34.903 10854 11002 D ar_activity: [Update ARCore frame time=2023-04-07 15:35:34.902]
04-07 15:35:34.904 10854 11002 D ar_activity: [TRACKING TransformPointToPose time=2023-04-07 15:35:34.904]
04-07 15:35:34.904 10854 11002 D ar_activity: [TRACKING TransformPointToPose time=2023-04-07 15:35:34.904]
04-07 15:35:34.905 10854 11002 D ar_activity: send stroke to firebase
04-07 15:35:34.905 10854 11002 D ar_activity: [[2d] after update lines time=2023-04-07 15:35:34.905]
04-07 15:35:34.906 10854 11002 D ar_activity: [[2d end] stroke time=2023-04-07 15:35:34.906]
04-07 15:35:34.924 10854 11002 D ar_activity: [Update ARCore frame time=2023-04-07 15:35:34.923]
04-07 15:35:34.925 10854 11002 D ar_activity: [TRACKING TransformPointToPose time=2023-04-07 15:35:34.925]
04-07 15:35:34.925 10854 11002 D ar_activity: [TRACKING TransformPointToPose time=2023-04-07 15:35:34.925]
04-07 15:35:34.925 10854 11002 D ar_activity: [TRACKING TransformPointToPose time=2023-04-07 15:35:34.925]
04-07 15:35:34.925 10854 11002 D ar_activity: send stroke to firebase
04-07 15:35:34.928 10854 11002 D ar_activity: [[2d] after update lines time=2023-04-07 15:35:34.926]
04-07 15:35:34.929 10854 11002 D ar_activity: [[2d end] stroke time=2023-04-07 15:35:34.929]
04-07 15:35:34.948 10854 11002 D ar_activity: [Update ARCore frame time=2023-04-07 15:35:34.948]
04-07 15:35:34.953 10854 11002 D ar_activity: [TRACKING TransformPointToPose time=2023-04-07 15:35:34.950]
