--------- beginning of main
04-21 17:10:09.393 26958 27088 D ar_activity: [[2d] after update lines time=2023-04-21 17:10:09.354]
04-21 17:10:12.519 26958 26958 D ar_activity: [--- pair start --- time=2023-04-21 17:10:12.519]
04-21 17:10:12.519 26958 26958 D ar_activity: [--- pair session start --- time=2023-04-21 17:10:12.519]
04-21 17:10:12.548 26958 26958 D ar_activity: [create room: Message{namespace='', type='', content=[34 bytes]} time=2023-04-21 17:10:12.546]
04-21 17:10:12.577 26958 26958 D ar_activity: LOOKING: 2023-04-21 17:10:12.577
04-21 17:10:16.116 26958 26958 D ar_activity: [--- pair joined --- time=2023-04-21 17:10:16.116]
04-21 17:10:16.118 26958 26958 D ar_activity: PARTNER FOUND: 2023-04-21 17:10:16.118
04-21 17:10:18.121 26958 26958 D ar_activity: SET ANCHOR: 2023-04-21 17:10:18.121
04-21 17:10:19.177 26958 26958 D ar_activity: [anchor resolution changed: null time=2023-04-21 17:10:19.177]
04-21 17:10:19.689 26958 26958 D ar_activity: [--- sync ready to set anchor --- time=2023-04-21 17:10:19.688]
04-21 17:10:19.689 26958 26958 D ar_activity: [--- sync: sendSetAnchorEvent --- time=2023-04-21 17:10:19.689]
04-21 17:10:19.692 26958 26958 D ar_activity: --- start creating anchor: 2023-04-21 17:10:19.692 ---
04-21 17:10:19.693 26958 26958 D ar_activity: --- anchor: com.google.ar.core.Anchor@b49d64c9 ---
04-21 17:10:19.693 26958 26958 D ar_activity: --- finish creating anchor: 2023-04-21 17:10:19.693 ---
04-21 17:10:19.693 26958 26958 D ar_activity: [hostAnchor start time=2023-04-21 17:10:19.693]
04-21 17:10:19.694 26958 26958 D ar_activity: [hostAnchor end time=2023-04-21 17:10:19.693]
04-21 17:10:19.694 26958 26958 D ar_activity: Start CONNECTING: 2023-04-21 17:10:19.694
04-21 17:10:19.725 26958 27088 D ar_activity: [--- anchor: onUpdate--- time=2023-04-21 17:10:19.724]
04-21 17:10:22.810 26958 27088 D ar_activity: [--- anchor: onUpdate--- time=2023-04-21 17:10:22.810]
04-21 17:10:22.810 26958 27088 D ar_activity: [--- onAnchorHosted [HOSTED]--- time=2023-04-21 17:10:22.810]
04-21 17:10:22.825 26958 26958 D ar_activity: [anchor resolution changed: false time=2023-04-21 17:10:22.825]
04-21 17:10:33.826 26958 26958 D ar_activity: [--- sync: finish syncing anchor --- time=2023-04-21 17:10:33.825]
04-21 17:10:33.828 26958 26958 D ar_activity: SYNCED: 2023-04-21 17:10:33.827
04-21 17:10:41.004 26958 26958 D ar_activity: [[1a start] touch screen time=2023-04-21 17:10:41.004]
04-21 17:10:41.013 26958 27088 D ar_activity: addStroke at 2023-04-21 17:10:41.013
04-21 17:10:41.015 26958 27088 D ar_activity: stroke (id: -NT_duW22hmwJOyRd7hv) was added at 2023-04-21 17:10:41.015
04-21 17:10:41.015 26958 27088 D ar_activity: [[1b start] setFirebaseValue stroke id=-NT_duW22hmwJOyRd7hv time=2023-04-21 17:10:41.015]
04-21 17:10:41.018 26958 27088 D ar_activity: [TRACKING TransformPointToPose time=2023-04-21 17:10:41.018]
04-21 17:10:41.020 26958 27088 D ar_activity: send stroke to firebase, id=-NT_duW22hmwJOyRd7hv
04-21 17:10:41.020 26958 27088 D ar_activity: [[2d] after update lines time=2023-04-21 17:10:41.020]
04-21 17:10:41.026 26958 26958 D ar_activity: [[2a end - 2d start] onChildAdded stroke id=-NT_duW22hmwJOyRd7hv time=2023-04-21 17:10:41.025]
04-21 17:10:41.042 26958 27088 D ar_activity: [TRACKING TransformPointToPose time=2023-04-21 17:10:41.042]
04-21 17:10:41.042 26958 27088 D ar_activity: send stroke to firebase, id=-NT_duW22hmwJOyRd7hv
04-21 17:10:41.043 26958 27088 D ar_activity: [[2d] after update lines time=2023-04-21 17:10:41.042]
04-21 17:10:41.061 26958 27088 D ar_activity: [TRACKING TransformPointToPose time=2023-04-21 17:10:41.061]
04-21 17:10:41.061 26958 27088 D ar_activity: send stroke to firebase, id=-NT_duW22hmwJOyRd7hv
04-21 17:10:41.062 26958 27088 D ar_activity: [[2d] after update lines time=2023-04-21 17:10:41.062]
04-21 17:10:41.074 26958 26958 D ar_activity: [[1b start] setFirebaseValue stroke id=-NT_duW22hmwJOyRd7hv time=2023-04-21 17:10:41.074]
04-21 17:10:41.076 26958 26958 D ar_activity: [[2a end - 2d start] onChildChanged stroke id=-NT_duW22hmwJOyRd7hv time=2023-04-21 17:10:41.076]
04-21 17:10:41.081 26958 27088 D ar_activity: [TRACKING TransformPointToPose time=2023-04-21 17:10:41.080]
04-21 17:10:41.081 26958 27088 D ar_activity: send stroke to firebase, id=-NT_duW22hmwJOyRd7hv
04-21 17:10:41.082 26958 27088 D ar_activity: [[2d] after update lines time=2023-04-21 17:10:41.081]
04-21 17:10:41.100 26958 27088 D ar_activity: [TRACKING TransformPointToPose time=2023-04-21 17:10:41.100]
04-21 17:10:41.100 26958 27088 D ar_activity: send stroke to firebase, id=-NT_duW22hmwJOyRd7hv
04-21 17:10:41.101 26958 27088 D ar_activity: [[2d] after update lines time=2023-04-21 17:10:41.101]
04-21 17:10:41.119 26958 27088 D ar_activity: [TRACKING TransformPointToPose time=2023-04-21 17:10:41.119]
04-21 17:10:41.119 26958 27088 D ar_activity: send stroke to firebase, id=-NT_duW22hmwJOyRd7hv
04-21 17:10:41.120 26958 27088 D ar_activity: [[2d] after update lines time=2023-04-21 17:10:41.120]
04-21 17:10:41.141 26958 27088 D ar_activity: [TRACKING TransformPointToPose time=2023-04-21 17:10:41.141]
04-21 17:10:41.141 26958 26958 D ar_activity: [[2a end - 2d start] onChildChanged stroke id=-NT_duW22hmwJOyRd7hv time=2023-04-21 17:10:41.141]
04-21 17:10:41.141 26958 27088 D ar_activity: send stroke to firebase, id=-NT_duW22hmwJOyRd7hv
04-21 17:10:41.141 26958 27088 D ar_activity: [[2d] after update lines time=2023-04-21 17:10:41.141]
04-21 17:10:41.161 26958 27088 D ar_activity: [TRACKING TransformPointToPose time=2023-04-21 17:10:41.161]
04-21 17:10:41.161 26958 27088 D ar_activity: send stroke to firebase, id=-NT_duW22hmwJOyRd7hv
04-21 17:10:41.161 26958 27088 D ar_activity: [[2d] after update lines time=2023-04-21 17:10:41.161]
04-21 17:10:41.183 26958 27088 D ar_activity: [TRACKING TransformPointToPose time=2023-04-21 17:10:41.183]
04-21 17:10:41.183 26958 27088 D ar_activity: send stroke to firebase, id=-NT_duW22hmwJOyRd7hv
04-21 17:10:41.185 26958 27088 D ar_activity: [[2d] after update lines time=2023-04-21 17:10:41.184]
04-21 17:10:41.208 26958 26958 D ar_activity: [[2a end - 2d start] onChildChanged stroke id=-NT_duW22hmwJOyRd7hv time=2023-04-21 17:10:41.208]
04-21 17:10:41.213 26958 27088 D ar_activity: [TRACKING TransformPointToPose time=2023-04-21 17:10:41.211]
04-21 17:10:41.213 26958 27088 D ar_activity: [TRACKING TransformPointToPose time=2023-04-21 17:10:41.213]
04-21 17:10:41.213 26958 27088 D ar_activity: [TRACKING TransformPointToPose time=2023-04-21 17:10:41.213]
04-21 17:10:41.213 26958 27088 D ar_activity: send stroke to firebase, id=-NT_duW22hmwJOyRd7hv
04-21 17:10:41.214 26958 27088 D ar_activity: [[2d] after update lines time=2023-04-21 17:10:41.214]
04-21 17:10:41.233 26958 27088 D ar_activity: [TRACKING TransformPointToPose time=2023-04-21 17:10:41.233]
04-21 17:10:41.233 26958 27088 D ar_activity: send stroke to firebase, id=-NT_duW22hmwJOyRd7hv
04-21 17:10:41.234 26958 27088 D ar_activity: [[2d] after update lines time=2023-04-21 17:10:41.233]
04-21 17:10:41.253 26958 27088 D ar_activity: [TRACKING TransformPointToPose time=2023-04-21 17:10:41.253]
04-21 17:10:41.253 26958 27088 D ar_activity: [TRACKING TransformPointToPose time=2023-04-21 17:10:41.253]
04-21 17:10:41.253 26958 27088 D ar_activity: send stroke to firebase, id=-NT_duW22hmwJOyRd7hv
04-21 17:10:41.254 26958 27088 D ar_activity: [[2d] after update lines time=2023-04-21 17:10:41.254]
04-21 17:10:41.275 26958 27088 D ar_activity: [TRACKING TransformPointToPose time=2023-04-21 17:10:41.275]
04-21 17:10:41.276 26958 27088 D ar_activity: [TRACKING TransformPointToPose time=2023-04-21 17:10:41.275]
04-21 17:10:41.276 26958 27088 D ar_activity: send stroke to firebase, id=-NT_duW22hmwJOyRd7hv
04-21 17:10:41.276 26958 27088 D ar_activity: [[2d] after update lines time=2023-04-21 17:10:41.276]
04-21 17:10:41.277 26958 26958 D ar_activity: [[2a end - 2d start] onChildChanged stroke id=-NT_duW22hmwJOyRd7hv time=2023-04-21 17:10:41.277]
04-21 17:10:41.295 26958 27088 D ar_activity: [TRACKING TransformPointToPose time=2023-04-21 17:10:41.295]
04-21 17:10:41.295 26958 27088 D ar_activity: [TRACKING TransformPointToPose time=2023-04-21 17:10:41.295]
04-21 17:10:41.295 26958 27088 D ar_activity: send stroke to firebase, id=-NT_duW22hmwJOyRd7hv
04-21 17:10:41.296 26958 27088 D ar_activity: [[2d] after update lines time=2023-04-21 17:10:41.295]
04-21 17:10:41.315 26958 27088 D ar_activity: [TRACKING TransformPointToPose time=2023-04-21 17:10:41.314]
04-21 17:10:41.315 26958 27088 D ar_activity: [TRACKING TransformPointToPose time=2023-04-21 17:10:41.315]
04-21 17:10:41.315 26958 27088 D ar_activity: send stroke to firebase, id=-NT_duW22hmwJOyRd7hv
04-21 17:10:41.316 26958 27088 D ar_activity: [[2d] after update lines time=2023-04-21 17:10:41.315]
04-21 17:10:41.335 26958 27088 D ar_activity: [TRACKING TransformPointToPose time=2023-04-21 17:10:41.335]
04-21 17:10:41.335 26958 27088 D ar_activity: [TRACKING TransformPointToPose time=2023-04-21 17:10:41.335]
04-21 17:10:41.335 26958 27088 D ar_activity: send stroke to firebase, id=-NT_duW22hmwJOyRd7hv
04-21 17:10:41.336 26958 27088 D ar_activity: [[2d] after update lines time=2023-04-21 17:10:41.336]
04-21 17:10:41.347 26958 26958 D ar_activity: [[2a end - 2d start] onChildChanged stroke id=-NT_duW22hmwJOyRd7hv time=2023-04-21 17:10:41.347]
04-21 17:10:41.355 26958 27088 D ar_activity: [TRACKING TransformPointToPose time=2023-04-21 17:10:41.354]
04-21 17:10:41.355 26958 27088 D ar_activity: send stroke to firebase, id=-NT_duW22hmwJOyRd7hv
04-21 17:10:41.355 26958 27088 D ar_activity: [[2d] after update lines time=2023-04-21 17:10:41.355]
04-21 17:10:41.375 26958 27088 D ar_activity: [TRACKING TransformPointToPose time=2023-04-21 17:10:41.375]
04-21 17:10:41.376 26958 27088 D ar_activity: send stroke to firebase, id=-NT_duW22hmwJOyRd7hv
04-21 17:10:41.376 26958 27088 D ar_activity: [[2d] after update lines time=2023-04-21 17:10:41.376]
04-21 17:10:41.395 26958 27088 D ar_activity: [TRACKING TransformPointToPose time=2023-04-21 17:10:41.395]
04-21 17:10:41.395 26958 27088 D ar_activity: [TRACKING TransformPointToPose time=2023-04-21 17:10:41.395]
04-21 17:10:41.395 26958 27088 D ar_activity: send stroke to firebase, id=-NT_duW22hmwJOyRd7hv
04-21 17:10:41.396 26958 27088 D ar_activity: [[2d] after update lines time=2023-04-21 17:10:41.395]
04-21 17:10:41.415 26958 27088 D ar_activity: [TRACKING TransformPointToPose time=2023-04-21 17:10:41.415]
04-21 17:10:41.415 26958 27088 D ar_activity: [TRACKING TransformPointToPose time=2023-04-21 17:10:41.415]
04-21 17:10:41.415 26958 27088 D ar_activity: send stroke to firebase, id=-NT_duW22hmwJOyRd7hv
04-21 17:10:41.416 26958 26958 D ar_activity: [[2a end - 2d start] onChildChanged stroke id=-NT_duW22hmwJOyRd7hv time=2023-04-21 17:10:41.415]
04-21 17:10:41.416 26958 27088 D ar_activity: [[2d] after update lines time=2023-04-21 17:10:41.416]
04-21 17:10:41.435 26958 27088 D ar_activity: [TRACKING TransformPointToPose time=2023-04-21 17:10:41.435]
04-21 17:10:41.435 26958 27088 D ar_activity: [TRACKING TransformPointToPose time=2023-04-21 17:10:41.435]
04-21 17:10:41.435 26958 27088 D ar_activity: send stroke to firebase, id=-NT_duW22hmwJOyRd7hv
04-21 17:10:41.436 26958 27088 D ar_activity: [[2d] after update lines time=2023-04-21 17:10:41.436]
04-21 17:10:41.456 26958 27088 D ar_activity: [TRACKING TransformPointToPose time=2023-04-21 17:10:41.456]
04-21 17:10:41.457 26958 27088 D ar_activity: send stroke to firebase, id=-NT_duW22hmwJOyRd7hv
04-21 17:10:41.458 26958 27088 D ar_activity: [[2d] after update lines time=2023-04-21 17:10:41.457]
04-21 17:10:41.476 26958 27088 D ar_activity: [TRACKING TransformPointToPose time=2023-04-21 17:10:41.476]
04-21 17:10:41.477 26958 27088 D ar_activity: send stroke to firebase, id=-NT_duW22hmwJOyRd7hv
04-21 17:10:41.480 26958 27088 D ar_activity: [[2d] after update lines time=2023-04-21 17:10:41.480]
04-21 17:10:41.501 26958 27088 D ar_activity: [TRACKING TransformPointToPose time=2023-04-21 17:10:41.501]
04-21 17:10:41.501 26958 26958 D ar_activity: [[2a end - 2d start] onChildChanged stroke id=-NT_duW22hmwJOyRd7hv time=2023-04-21 17:10:41.501]
04-21 17:10:41.502 26958 27088 D ar_activity: [TRACKING TransformPointToPose time=2023-04-21 17:10:41.502]
04-21 17:10:41.502 26958 27088 D ar_activity: send stroke to firebase, id=-NT_duW22hmwJOyRd7hv
04-21 17:10:41.502 26958 27088 D ar_activity: [[2d] after update lines time=2023-04-21 17:10:41.502]
04-21 17:10:41.530 26958 27088 D ar_activity: [TRACKING TransformPointToPose time=2023-04-21 17:10:41.530]
04-21 17:10:41.531 26958 27088 D ar_activity: send stroke to firebase, id=-NT_duW22hmwJOyRd7hv
04-21 17:10:41.535 26958 27088 D ar_activity: [[2d] after update lines time=2023-04-21 17:10:41.535]
04-21 17:10:41.562 26958 27088 D ar_activity: [TRACKING TransformPointToPose time=2023-04-21 17:10:41.562]
04-21 17:10:41.563 26958 27088 D ar_activity: [TRACKING TransformPointToPose time=2023-04-21 17:10:41.562]
04-21 17:10:41.563 26958 27088 D ar_activity: send stroke to firebase, id=-NT_duW22hmwJOyRd7hv
04-21 17:10:41.564 26958 27088 D ar_activity: [[2d] after update lines time=2023-04-21 17:10:41.564]
04-21 17:10:41.567 26958 26958 D ar_activity: [[2a end - 2d start] onChildChanged stroke id=-NT_duW22hmwJOyRd7hv time=2023-04-21 17:10:41.566]
04-21 17:10:41.584 26958 27088 D ar_activity: [TRACKING TransformPointToPose time=2023-04-21 17:10:41.584]
04-21 17:10:41.585 26958 27088 D ar_activity: [TRACKING TransformPointToPose time=2023-04-21 17:10:41.584]
04-21 17:10:41.585 26958 27088 D ar_activity: send stroke to firebase, id=-NT_duW22hmwJOyRd7hv
04-21 17:10:41.585 26958 27088 D ar_activity: [[2d] after update lines time=2023-04-21 17:10:41.585]
04-21 17:10:41.604 26958 27088 D ar_activity: [TRACKING TransformPointToPose time=2023-04-21 17:10:41.604]
04-21 17:10:41.604 26958 27088 D ar_activity: [TRACKING TransformPointToPose time=2023-04-21 17:10:41.604]
04-21 17:10:41.604 26958 27088 D ar_activity: send stroke to firebase, id=-NT_duW22hmwJOyRd7hv
04-21 17:10:41.606 26958 27088 D ar_activity: [[2d] after update lines time=2023-04-21 17:10:41.605]
04-21 17:10:41.627 26958 26958 D ar_activity: [[2a end - 2d start] onChildChanged stroke id=-NT_duW22hmwJOyRd7hv time=2023-04-21 17:10:41.627]
04-21 17:10:41.629 26958 27088 D ar_activity: [TRACKING TransformPointToPose time=2023-04-21 17:10:41.628]
04-21 17:10:41.629 26958 27088 D ar_activity: [TRACKING TransformPointToPose time=2023-04-21 17:10:41.629]
04-21 17:10:41.630 26958 27088 D ar_activity: send stroke to firebase, id=-NT_duW22hmwJOyRd7hv
04-21 17:10:41.631 26958 27088 D ar_activity: [[2d] after update lines time=2023-04-21 17:10:41.631]
04-21 17:10:41.667 26958 27088 D ar_activity: [TRACKING TransformPointToPose time=2023-04-21 17:10:41.667]
04-21 17:10:41.668 26958 27088 D ar_activity: [TRACKING TransformPointToPose time=2023-04-21 17:10:41.667]
04-21 17:10:41.668 26958 27088 D ar_activity: [TRACKING TransformPointToPose time=2023-04-21 17:10:41.668]
04-21 17:10:41.668 26958 27088 D ar_activity: [TRACKING TransformPointToPose time=2023-04-21 17:10:41.668]
04-21 17:10:41.668 26958 27088 D ar_activity: send stroke to firebase, id=-NT_duW22hmwJOyRd7hv
04-21 17:10:41.668 26958 27088 D ar_activity: [[2d] after update lines time=2023-04-21 17:10:41.668]
04-21 17:10:41.687 26958 27088 D ar_activity: [TRACKING TransformPointToPose time=2023-04-21 17:10:41.687]
04-21 17:10:41.687 26958 27088 D ar_activity: send stroke to firebase, id=-NT_duW22hmwJOyRd7hv
04-21 17:10:41.687 26958 27088 D ar_activity: [[2d] after update lines time=2023-04-21 17:10:41.687]
04-21 17:10:41.702 26958 26958 D ar_activity: [[2a end - 2d start] onChildChanged stroke id=-NT_duW22hmwJOyRd7hv time=2023-04-21 17:10:41.702]
04-21 17:10:41.709 26958 27088 D ar_activity: [TRACKING TransformPointToPose time=2023-04-21 17:10:41.708]
04-21 17:10:41.709 26958 27088 D ar_activity: [TRACKING TransformPointToPose time=2023-04-21 17:10:41.709]
04-21 17:10:41.709 26958 27088 D ar_activity: send stroke to firebase, id=-NT_duW22hmwJOyRd7hv
04-21 17:10:41.710 26958 27088 D ar_activity: [[2d] after update lines time=2023-04-21 17:10:41.710]
04-21 17:10:41.729 26958 27088 D ar_activity: [TRACKING TransformPointToPose time=2023-04-21 17:10:41.729]
04-21 17:10:41.729 26958 27088 D ar_activity: [TRACKING TransformPointToPose time=2023-04-21 17:10:41.729]
04-21 17:10:41.729 26958 27088 D ar_activity: send stroke to firebase, id=-NT_duW22hmwJOyRd7hv
04-21 17:10:41.730 26958 27088 D ar_activity: [[2d] after update lines time=2023-04-21 17:10:41.730]
04-21 17:10:41.753 26958 27088 D ar_activity: [TRACKING TransformPointToPose time=2023-04-21 17:10:41.752]
04-21 17:10:41.754 26958 27088 D ar_activity: [TRACKING TransformPointToPose time=2023-04-21 17:10:41.753]
04-21 17:10:41.754 26958 27088 D ar_activity: send stroke to firebase, id=-NT_duW22hmwJOyRd7hv
04-21 17:10:41.756 26958 27088 D ar_activity: [[2d] after update lines time=2023-04-21 17:10:41.756]
04-21 17:10:41.779 26958 27088 D ar_activity: [TRACKING TransformPointToPose time=2023-04-21 17:10:41.779]
04-21 17:10:41.779 26958 27088 D ar_activity: [TRACKING TransformPointToPose time=2023-04-21 17:10:41.779]
04-21 17:10:41.780 26958 27088 D ar_activity: send stroke to firebase, id=-NT_duW22hmwJOyRd7hv
04-21 17:10:41.780 26958 27088 D ar_activity: [[2d] after update lines time=2023-04-21 17:10:41.780]
04-21 17:10:41.780 26958 26958 D ar_activity: [[2a end - 2d start] onChildChanged stroke id=-NT_duW22hmwJOyRd7hv time=2023-04-21 17:10:41.780]
04-21 17:10:41.801 26958 27088 D ar_activity: [TRACKING TransformPointToPose time=2023-04-21 17:10:41.801]
04-21 17:10:41.802 26958 27088 D ar_activity: [TRACKING TransformPointToPose time=2023-04-21 17:10:41.802]
04-21 17:10:41.802 26958 27088 D ar_activity: send stroke to firebase, id=-NT_duW22hmwJOyRd7hv
04-21 17:10:41.803 26958 27088 D ar_activity: [[2d] after update lines time=2023-04-21 17:10:41.803]
04-21 17:10:41.823 26958 27088 D ar_activity: [TRACKING TransformPointToPose time=2023-04-21 17:10:41.823]
04-21 17:10:41.824 26958 27088 D ar_activity: [TRACKING TransformPointToPose time=2023-04-21 17:10:41.823]
04-21 17:10:41.824 26958 27088 D ar_activity: send stroke to firebase, id=-NT_duW22hmwJOyRd7hv
04-21 17:10:41.825 26958 27088 D ar_activity: [[2d] after update lines time=2023-04-21 17:10:41.825]
04-21 17:10:41.844 26958 27088 D ar_activity: [TRACKING TransformPointToPose time=2023-04-21 17:10:41.844]
04-21 17:10:41.845 26958 27088 D ar_activity: [TRACKING TransformPointToPose time=2023-04-21 17:10:41.845]
04-21 17:10:41.845 26958 27088 D ar_activity: send stroke to firebase, id=-NT_duW22hmwJOyRd7hv
04-21 17:10:41.845 26958 27088 D ar_activity: [[2d] after update lines time=2023-04-21 17:10:41.845]
04-21 17:10:41.858 26958 26958 D ar_activity: [[2a end - 2d start] onChildChanged stroke id=-NT_duW22hmwJOyRd7hv time=2023-04-21 17:10:41.858]
04-21 17:10:41.864 26958 27088 D ar_activity: [TRACKING TransformPointToPose time=2023-04-21 17:10:41.864]
04-21 17:10:41.864 26958 27088 D ar_activity: send stroke to firebase, id=-NT_duW22hmwJOyRd7hv
04-21 17:10:41.865 26958 27088 D ar_activity: [[2d] after update lines time=2023-04-21 17:10:41.865]
04-21 17:10:41.883 26958 27088 D ar_activity: [TRACKING TransformPointToPose time=2023-04-21 17:10:41.883]
04-21 17:10:41.884 26958 27088 D ar_activity: [TRACKING TransformPointToPose time=2023-04-21 17:10:41.884]
04-21 17:10:41.884 26958 27088 D ar_activity: send stroke to firebase, id=-NT_duW22hmwJOyRd7hv
04-21 17:10:41.884 26958 27088 D ar_activity: [[2d] after update lines time=2023-04-21 17:10:41.884]
04-21 17:10:41.903 26958 27088 D ar_activity: [TRACKING TransformPointToPose time=2023-04-21 17:10:41.903]
04-21 17:10:41.903 26958 27088 D ar_activity: [TRACKING TransformPointToPose time=2023-04-21 17:10:41.903]
04-21 17:10:41.903 26958 27088 D ar_activity: send stroke to firebase, id=-NT_duW22hmwJOyRd7hv
04-21 17:10:41.904 26958 27088 D ar_activity: [[2d] after update lines time=2023-04-21 17:10:41.904]
04-21 17:10:41.924 26958 27088 D ar_activity: [TRACKING TransformPointToPose time=2023-04-21 17:10:41.924]
04-21 17:10:41.926 26958 27088 D ar_activity: [TRACKING TransformPointToPose time=2023-04-21 17:10:41.925]
04-21 17:10:41.926 26958 27088 D ar_activity: send stroke to firebase, id=-NT_duW22hmwJOyRd7hv
04-21 17:10:41.927 26958 26958 D ar_activity: [[2a end - 2d start] onChildChanged stroke id=-NT_duW22hmwJOyRd7hv time=2023-04-21 17:10:41.926]
04-21 17:10:41.927 26958 27088 D ar_activity: [[2d] after update lines time=2023-04-21 17:10:41.927]
04-21 17:10:41.946 26958 27088 D ar_activity: [TRACKING TransformPointToPose time=2023-04-21 17:10:41.946]
04-21 17:10:41.947 26958 27088 D ar_activity: [TRACKING TransformPointToPose time=2023-04-21 17:10:41.946]
04-21 17:10:41.947 26958 27088 D ar_activity: send stroke to firebase, id=-NT_duW22hmwJOyRd7hv
04-21 17:10:41.947 26958 27088 D ar_activity: [[2d] after update lines time=2023-04-21 17:10:41.947]
04-21 17:10:41.966 26958 27088 D ar_activity: [TRACKING TransformPointToPose time=2023-04-21 17:10:41.966]
04-21 17:10:41.967 26958 27088 D ar_activity: [TRACKING TransformPointToPose time=2023-04-21 17:10:41.967]
04-21 17:10:41.967 26958 27088 D ar_activity: send stroke to firebase, id=-NT_duW22hmwJOyRd7hv
04-21 17:10:41.968 26958 27088 D ar_activity: [[2d] after update lines time=2023-04-21 17:10:41.968]
04-21 17:10:41.987 26958 27088 D ar_activity: [TRACKING TransformPointToPose time=2023-04-21 17:10:41.986]
04-21 17:10:41.987 26958 27088 D ar_activity: send stroke to firebase, id=-NT_duW22hmwJOyRd7hv
04-21 17:10:41.987 26958 27088 D ar_activity: [[2d] after update lines time=2023-04-21 17:10:41.987]
04-21 17:10:42.009 26958 27088 D ar_activity: [TRACKING TransformPointToPose time=2023-04-21 17:10:42.007]
04-21 17:10:42.009 26958 26958 D ar_activity: [[2a end - 2d start] onChildChanged stroke id=-NT_duW22hmwJOyRd7hv time=2023-04-21 17:10:42.009]
04-21 17:10:42.009 26958 27088 D ar_activity: [TRACKING TransformPointToPose time=2023-04-21 17:10:42.009]
04-21 17:10:42.009 26958 27088 D ar_activity: send stroke to firebase, id=-NT_duW22hmwJOyRd7hv
04-21 17:10:42.010 26958 27088 D ar_activity: [[2d] after update lines time=2023-04-21 17:10:42.010]
04-21 17:10:42.029 26958 27088 D ar_activity: [TRACKING TransformPointToPose time=2023-04-21 17:10:42.029]
04-21 17:10:42.029 26958 27088 D ar_activity: [TRACKING TransformPointToPose time=2023-04-21 17:10:42.029]
04-21 17:10:42.029 26958 27088 D ar_activity: send stroke to firebase, id=-NT_duW22hmwJOyRd7hv
04-21 17:10:42.030 26958 27088 D ar_activity: [[2d] after update lines time=2023-04-21 17:10:42.030]
04-21 17:10:42.050 26958 27088 D ar_activity: [TRACKING TransformPointToPose time=2023-04-21 17:10:42.050]
04-21 17:10:42.051 26958 27088 D ar_activity: [TRACKING TransformPointToPose time=2023-04-21 17:10:42.050]
04-21 17:10:42.051 26958 27088 D ar_activity: send stroke to firebase, id=-NT_duW22hmwJOyRd7hv
04-21 17:10:42.053 26958 27088 D ar_activity: [[2d] after update lines time=2023-04-21 17:10:42.053]
04-21 17:10:42.077 26958 27088 D ar_activity: [TRACKING TransformPointToPose time=2023-04-21 17:10:42.076]
04-21 17:10:42.077 26958 27088 D ar_activity: [TRACKING TransformPointToPose time=2023-04-21 17:10:42.077]
04-21 17:10:42.077 26958 27088 D ar_activity: send stroke to firebase, id=-NT_duW22hmwJOyRd7hv
04-21 17:10:42.078 26958 27088 D ar_activity: [[2d] after update lines time=2023-04-21 17:10:42.077]
04-21 17:10:42.094 26958 26958 D ar_activity: [[2a end - 2d start] onChildChanged stroke id=-NT_duW22hmwJOyRd7hv time=2023-04-21 17:10:42.094]
04-21 17:10:42.097 26958 27088 D ar_activity: [TRACKING TransformPointToPose time=2023-04-21 17:10:42.097]
04-21 17:10:42.098 26958 27088 D ar_activity: send stroke to firebase, id=-NT_duW22hmwJOyRd7hv
04-21 17:10:42.099 26958 27088 D ar_activity: [[2d] after update lines time=2023-04-21 17:10:42.099]
04-21 17:10:42.120 26958 27088 D ar_activity: [TRACKING TransformPointToPose time=2023-04-21 17:10:42.120]
04-21 17:10:42.120 26958 27088 D ar_activity: [TRACKING TransformPointToPose time=2023-04-21 17:10:42.120]
04-21 17:10:42.120 26958 27088 D ar_activity: send stroke to firebase, id=-NT_duW22hmwJOyRd7hv
04-21 17:10:42.121 26958 27088 D ar_activity: [[2d] after update lines time=2023-04-21 17:10:42.121]
04-21 17:10:42.145 26958 27088 D ar_activity: [TRACKING TransformPointToPose time=2023-04-21 17:10:42.145]
04-21 17:10:42.147 26958 27088 D ar_activity: [TRACKING TransformPointToPose time=2023-04-21 17:10:42.146]
04-21 17:10:42.148 26958 27088 D ar_activity: send stroke to firebase, id=-NT_duW22hmwJOyRd7hv
04-21 17:10:42.149 26958 27088 D ar_activity: [[2d] after update lines time=2023-04-21 17:10:42.149]
04-21 17:10:42.171 26958 27088 D ar_activity: [TRACKING TransformPointToPose time=2023-04-21 17:10:42.170]
04-21 17:10:42.171 26958 27088 D ar_activity: send stroke to firebase, id=-NT_duW22hmwJOyRd7hv
04-21 17:10:42.178 26958 26958 D ar_activity: [[2a end - 2d start] onChildChanged stroke id=-NT_duW22hmwJOyRd7hv time=2023-04-21 17:10:42.177]
04-21 17:10:42.178 26958 27088 D ar_activity: [[2d] after update lines time=2023-04-21 17:10:42.178]
04-21 17:10:42.202 26958 27088 D ar_activity: [TRACKING TransformPointToPose time=2023-04-21 17:10:42.201]
04-21 17:10:42.203 26958 27088 D ar_activity: [TRACKING TransformPointToPose time=2023-04-21 17:10:42.202]
04-21 17:10:42.203 26958 27088 D ar_activity: [TRACKING TransformPointToPose time=2023-04-21 17:10:42.203]
04-21 17:10:42.204 26958 27088 D ar_activity: [TRACKING TransformPointToPose time=2023-04-21 17:10:42.203]
04-21 17:10:42.204 26958 27088 D ar_activity: send stroke to firebase, id=-NT_duW22hmwJOyRd7hv
04-21 17:10:42.205 26958 27088 D ar_activity: [[2d] after update lines time=2023-04-21 17:10:42.205]
04-21 17:10:42.230 26958 27088 D ar_activity: [TRACKING TransformPointToPose time=2023-04-21 17:10:42.230]
04-21 17:10:42.230 26958 27088 D ar_activity: [TRACKING TransformPointToPose time=2023-04-21 17:10:42.230]
04-21 17:10:42.230 26958 27088 D ar_activity: send stroke to firebase, id=-NT_duW22hmwJOyRd7hv
04-21 17:10:42.231 26958 27088 D ar_activity: [[2d] after update lines time=2023-04-21 17:10:42.231]
04-21 17:10:42.258 26958 27088 D ar_activity: [TRACKING TransformPointToPose time=2023-04-21 17:10:42.257]
04-21 17:10:42.259 26958 27088 D ar_activity: [TRACKING TransformPointToPose time=2023-04-21 17:10:42.259]
04-21 17:10:42.260 26958 27088 D ar_activity: send stroke to firebase, id=-NT_duW22hmwJOyRd7hv
04-21 17:10:42.262 26958 27088 D ar_activity: [[2d] after update lines time=2023-04-21 17:10:42.262]
04-21 17:10:42.263 26958 26958 D ar_activity: [[2a end - 2d start] onChildChanged stroke id=-NT_duW22hmwJOyRd7hv time=2023-04-21 17:10:42.263]
04-21 17:10:42.286 26958 27088 D ar_activity: [TRACKING TransformPointToPose time=2023-04-21 17:10:42.286]
04-21 17:10:42.287 26958 27088 D ar_activity: [TRACKING TransformPointToPose time=2023-04-21 17:10:42.287]
04-21 17:10:42.287 26958 27088 D ar_activity: send stroke to firebase, id=-NT_duW22hmwJOyRd7hv
04-21 17:10:42.287 26958 27088 D ar_activity: [[2d] after update lines time=2023-04-21 17:10:42.287]
04-21 17:10:42.309 26958 27088 D ar_activity: [TRACKING TransformPointToPose time=2023-04-21 17:10:42.308]
04-21 17:10:42.310 26958 27088 D ar_activity: [TRACKING TransformPointToPose time=2023-04-21 17:10:42.309]
04-21 17:10:42.311 26958 27088 D ar_activity: send stroke to firebase, id=-NT_duW22hmwJOyRd7hv
04-21 17:10:42.313 26958 27088 D ar_activity: [[2d] after update lines time=2023-04-21 17:10:42.312]
04-21 17:10:42.333 26958 27088 D ar_activity: [TRACKING TransformPointToPose time=2023-04-21 17:10:42.333]
04-21 17:10:42.335 26958 27088 D ar_activity: [TRACKING TransformPointToPose time=2023-04-21 17:10:42.333]
04-21 17:10:42.335 26958 27088 D ar_activity: send stroke to firebase, id=-NT_duW22hmwJOyRd7hv
04-21 17:10:42.336 26958 27088 D ar_activity: [[2d] after update lines time=2023-04-21 17:10:42.336]
04-21 17:10:42.355 26958 27088 D ar_activity: [TRACKING TransformPointToPose time=2023-04-21 17:10:42.354]
04-21 17:10:42.355 26958 27088 D ar_activity: [TRACKING TransformPointToPose time=2023-04-21 17:10:42.355]
04-21 17:10:42.355 26958 27088 D ar_activity: send stroke to firebase, id=-NT_duW22hmwJOyRd7hv
04-21 17:10:42.356 26958 27088 D ar_activity: [[2d] after update lines time=2023-04-21 17:10:42.355]
04-21 17:10:42.368 26958 26958 D ar_activity: [[2a end - 2d start] onChildChanged stroke id=-NT_duW22hmwJOyRd7hv time=2023-04-21 17:10:42.368]
04-21 17:10:42.379 26958 27088 D ar_activity: [TRACKING TransformPointToPose time=2023-04-21 17:10:42.378]
04-21 17:10:42.379 26958 27088 D ar_activity: send stroke to firebase, id=-NT_duW22hmwJOyRd7hv
04-21 17:10:42.380 26958 27088 D ar_activity: [[2d] after update lines time=2023-04-21 17:10:42.380]
04-21 17:10:42.413 26958 27088 D ar_activity: [TRACKING TransformPointToPose time=2023-04-21 17:10:42.412]
04-21 17:10:42.414 26958 27088 D ar_activity: [TRACKING TransformPointToPose time=2023-04-21 17:10:42.413]
04-21 17:10:42.414 26958 27088 D ar_activity: send stroke to firebase, id=-NT_duW22hmwJOyRd7hv
04-21 17:10:42.417 26958 27088 D ar_activity: [[2d] after update lines time=2023-04-21 17:10:42.416]
04-21 17:10:42.438 26958 27088 D ar_activity: [TRACKING TransformPointToPose time=2023-04-21 17:10:42.437]
04-21 17:10:42.438 26958 27088 D ar_activity: [TRACKING TransformPointToPose time=2023-04-21 17:10:42.438]
04-21 17:10:42.439 26958 27088 D ar_activity: send stroke to firebase, id=-NT_duW22hmwJOyRd7hv
04-21 17:10:42.442 26958 27088 D ar_activity: [[2d] after update lines time=2023-04-21 17:10:42.442]
04-21 17:10:42.468 26958 27088 D ar_activity: [TRACKING TransformPointToPose time=2023-04-21 17:10:42.467]
04-21 17:10:42.468 26958 26958 D ar_activity: [[2a end - 2d start] onChildChanged stroke id=-NT_duW22hmwJOyRd7hv time=2023-04-21 17:10:42.467]
04-21 17:10:42.468 26958 27088 D ar_activity: [TRACKING TransformPointToPose time=2023-04-21 17:10:42.468]
04-21 17:10:42.468 26958 27088 D ar_activity: send stroke to firebase, id=-NT_duW22hmwJOyRd7hv
04-21 17:10:42.471 26958 27088 D ar_activity: [[2d] after update lines time=2023-04-21 17:10:42.470]
04-21 17:10:42.491 26958 27088 D ar_activity: [TRACKING TransformPointToPose time=2023-04-21 17:10:42.491]
04-21 17:10:42.492 26958 27088 D ar_activity: [TRACKING TransformPointToPose time=2023-04-21 17:10:42.492]
04-21 17:10:42.494 26958 27088 D ar_activity: send stroke to firebase, id=-NT_duW22hmwJOyRd7hv
04-21 17:10:42.495 26958 27088 D ar_activity: [[2d] after update lines time=2023-04-21 17:10:42.495]
04-21 17:10:42.517 26958 27088 D ar_activity: [TRACKING TransformPointToPose time=2023-04-21 17:10:42.517]
04-21 17:10:42.518 26958 27088 D ar_activity: [TRACKING TransformPointToPose time=2023-04-21 17:10:42.517]
04-21 17:10:42.518 26958 27088 D ar_activity: send stroke to firebase, id=-NT_duW22hmwJOyRd7hv
04-21 17:10:42.518 26958 27088 D ar_activity: [[2d] after update lines time=2023-04-21 17:10:42.518]
04-21 17:10:42.540 26958 27088 D ar_activity: [TRACKING TransformPointToPose time=2023-04-21 17:10:42.539]
04-21 17:10:42.544 26958 27088 D ar_activity: send stroke to firebase, id=-NT_duW22hmwJOyRd7hv
04-21 17:10:42.548 26958 27088 D ar_activity: [[2d] after update lines time=2023-04-21 17:10:42.547]
04-21 17:10:42.552 26958 26958 D ar_activity: [[2a end - 2d start] onChildChanged stroke id=-NT_duW22hmwJOyRd7hv time=2023-04-21 17:10:42.550]
04-21 17:10:42.572 26958 27088 D ar_activity: [TRACKING TransformPointToPose time=2023-04-21 17:10:42.572]
04-21 17:10:42.572 26958 27088 D ar_activity: send stroke to firebase, id=-NT_duW22hmwJOyRd7hv
04-21 17:10:42.577 26958 27088 D ar_activity: [[2d] after update lines time=2023-04-21 17:10:42.576]
04-21 17:10:42.602 26958 27088 D ar_activity: [TRACKING TransformPointToPose time=2023-04-21 17:10:42.602]
04-21 17:10:42.603 26958 27088 D ar_activity: [TRACKING TransformPointToPose time=2023-04-21 17:10:42.603]
04-21 17:10:42.605 26958 27088 D ar_activity: [TRACKING TransformPointToPose time=2023-04-21 17:10:42.604]
04-21 17:10:42.605 26958 27088 D ar_activity: send stroke to firebase, id=-NT_duW22hmwJOyRd7hv
04-21 17:10:42.610 26958 27088 D ar_activity: [[2d] after update lines time=2023-04-21 17:10:42.608]
04-21 17:10:42.635 26958 27088 D ar_activity: [TRACKING TransformPointToPose time=2023-04-21 17:10:42.634]
04-21 17:10:42.635 26958 27088 D ar_activity: [TRACKING TransformPointToPose time=2023-04-21 17:10:42.635]
04-21 17:10:42.635 26958 27088 D ar_activity: send stroke to firebase, id=-NT_duW22hmwJOyRd7hv
04-21 17:10:42.636 26958 27088 D ar_activity: [[2d] after update lines time=2023-04-21 17:10:42.636]
04-21 17:10:42.656 26958 27088 D ar_activity: [TRACKING TransformPointToPose time=2023-04-21 17:10:42.655]
04-21 17:10:42.658 26958 27088 D ar_activity: [TRACKING TransformPointToPose time=2023-04-21 17:10:42.656]
04-21 17:10:42.659 26958 27088 D ar_activity: [TRACKING TransformPointToPose time=2023-04-21 17:10:42.659]
04-21 17:10:42.660 26958 27088 D ar_activity: send stroke to firebase, id=-NT_duW22hmwJOyRd7hv
04-21 17:10:42.663 26958 26958 D ar_activity: [[2a end - 2d start] onChildChanged stroke id=-NT_duW22hmwJOyRd7hv time=2023-04-21 17:10:42.663]
04-21 17:10:42.664 26958 27088 D ar_activity: [[2d] after update lines time=2023-04-21 17:10:42.663]
04-21 17:10:42.685 26958 27088 D ar_activity: [TRACKING TransformPointToPose time=2023-04-21 17:10:42.685]
04-21 17:10:42.686 26958 27088 D ar_activity: send stroke to firebase, id=-NT_duW22hmwJOyRd7hv
04-21 17:10:42.687 26958 27088 D ar_activity: [[2d] after update lines time=2023-04-21 17:10:42.687]
04-21 17:10:42.714 26958 27088 D ar_activity: [TRACKING TransformPointToPose time=2023-04-21 17:10:42.714]
04-21 17:10:42.715 26958 27088 D ar_activity: [TRACKING TransformPointToPose time=2023-04-21 17:10:42.714]
04-21 17:10:42.715 26958 27088 D ar_activity: [TRACKING TransformPointToPose time=2023-04-21 17:10:42.715]
04-21 17:10:42.716 26958 27088 D ar_activity: [TRACKING TransformPointToPose time=2023-04-21 17:10:42.716]
04-21 17:10:42.716 26958 27088 D ar_activity: send stroke to firebase, id=-NT_duW22hmwJOyRd7hv
04-21 17:10:42.721 26958 27088 D ar_activity: [[2d] after update lines time=2023-04-21 17:10:42.721]
04-21 17:10:42.739 26958 26958 D ar_activity: [[2a end - 2d start] onChildChanged stroke id=-NT_duW22hmwJOyRd7hv time=2023-04-21 17:10:42.739]
04-21 17:10:42.744 26958 27088 D ar_activity: [TRACKING TransformPointToPose time=2023-04-21 17:10:42.744]
04-21 17:10:42.746 26958 27088 D ar_activity: [TRACKING TransformPointToPose time=2023-04-21 17:10:42.746]
04-21 17:10:42.746 26958 27088 D ar_activity: send stroke to firebase, id=-NT_duW22hmwJOyRd7hv
04-21 17:10:42.747 26958 27088 D ar_activity: [[2d] after update lines time=2023-04-21 17:10:42.747]
04-21 17:10:42.766 26958 27088 D ar_activity: [TRACKING TransformPointToPose time=2023-04-21 17:10:42.766]
04-21 17:10:42.766 26958 27088 D ar_activity: [TRACKING TransformPointToPose time=2023-04-21 17:10:42.766]
04-21 17:10:42.766 26958 27088 D ar_activity: send stroke to firebase, id=-NT_duW22hmwJOyRd7hv
04-21 17:10:42.767 26958 27088 D ar_activity: [[2d] after update lines time=2023-04-21 17:10:42.767]
04-21 17:10:42.785 26958 27088 D ar_activity: [TRACKING TransformPointToPose time=2023-04-21 17:10:42.785]
04-21 17:10:42.785 26958 27088 D ar_activity: send stroke to firebase, id=-NT_duW22hmwJOyRd7hv
04-21 17:10:42.786 26958 27088 D ar_activity: [[2d] after update lines time=2023-04-21 17:10:42.786]
04-21 17:10:42.807 26958 27088 D ar_activity: [TRACKING TransformPointToPose time=2023-04-21 17:10:42.806]
04-21 17:10:42.807 26958 27088 D ar_activity: [TRACKING TransformPointToPose time=2023-04-21 17:10:42.807]
04-21 17:10:42.808 26958 27088 D ar_activity: send stroke to firebase, id=-NT_duW22hmwJOyRd7hv
04-21 17:10:42.813 26958 27088 D ar_activity: [[2d] after update lines time=2023-04-21 17:10:42.813]
04-21 17:10:42.828 26958 26958 D ar_activity: [[2a end - 2d start] onChildChanged stroke id=-NT_duW22hmwJOyRd7hv time=2023-04-21 17:10:42.828]
04-21 17:10:42.834 26958 27088 D ar_activity: [TRACKING TransformPointToPose time=2023-04-21 17:10:42.833]
04-21 17:10:42.835 26958 27088 D ar_activity: [TRACKING TransformPointToPose time=2023-04-21 17:10:42.835]
04-21 17:10:42.835 26958 27088 D ar_activity: [TRACKING TransformPointToPose time=2023-04-21 17:10:42.835]
04-21 17:10:42.835 26958 27088 D ar_activity: send stroke to firebase, id=-NT_duW22hmwJOyRd7hv
04-21 17:10:42.836 26958 27088 D ar_activity: [[2d] after update lines time=2023-04-21 17:10:42.836]
04-21 17:10:42.854 26958 27088 D ar_activity: [TRACKING TransformPointToPose time=2023-04-21 17:10:42.854]
04-21 17:10:42.855 26958 27088 D ar_activity: [TRACKING TransformPointToPose time=2023-04-21 17:10:42.855]
04-21 17:10:42.855 26958 27088 D ar_activity: send stroke to firebase, id=-NT_duW22hmwJOyRd7hv
04-21 17:10:42.855 26958 27088 D ar_activity: [[2d] after update lines time=2023-04-21 17:10:42.855]
04-21 17:10:42.877 26958 27088 D ar_activity: [TRACKING TransformPointToPose time=2023-04-21 17:10:42.877]
04-21 17:10:42.877 26958 27088 D ar_activity: [TRACKING TransformPointToPose time=2023-04-21 17:10:42.877]
04-21 17:10:42.878 26958 27088 D ar_activity: send stroke to firebase, id=-NT_duW22hmwJOyRd7hv
04-21 17:10:42.879 26958 27088 D ar_activity: [[2d] after update lines time=2023-04-21 17:10:42.878]
04-21 17:10:42.898 26958 27088 D ar_activity: [TRACKING TransformPointToPose time=2023-04-21 17:10:42.898]
04-21 17:10:42.898 26958 26958 D ar_activity: [[2a end - 2d start] onChildChanged stroke id=-NT_duW22hmwJOyRd7hv time=2023-04-21 17:10:42.898]
04-21 17:10:42.900 26958 27088 D ar_activity: [TRACKING TransformPointToPose time=2023-04-21 17:10:42.900]
04-21 17:10:42.900 26958 27088 D ar_activity: send stroke to firebase, id=-NT_duW22hmwJOyRd7hv
04-21 17:10:42.904 26958 27088 D ar_activity: [[2d] after update lines time=2023-04-21 17:10:42.904]
04-21 17:10:42.923 26958 27088 D ar_activity: [TRACKING TransformPointToPose time=2023-04-21 17:10:42.923]
04-21 17:10:42.923 26958 27088 D ar_activity: [TRACKING TransformPointToPose time=2023-04-21 17:10:42.923]
04-21 17:10:42.924 26958 27088 D ar_activity: send stroke to firebase, id=-NT_duW22hmwJOyRd7hv
04-21 17:10:42.925 26958 27088 D ar_activity: [[2d] after update lines time=2023-04-21 17:10:42.924]
04-21 17:10:42.944 26958 27088 D ar_activity: [TRACKING TransformPointToPose time=2023-04-21 17:10:42.944]
04-21 17:10:42.945 26958 27088 D ar_activity: [TRACKING TransformPointToPose time=2023-04-21 17:10:42.944]
04-21 17:10:42.945 26958 27088 D ar_activity: send stroke to firebase, id=-NT_duW22hmwJOyRd7hv
04-21 17:10:42.946 26958 27088 D ar_activity: [[2d] after update lines time=2023-04-21 17:10:42.945]
04-21 17:10:42.965 26958 27088 D ar_activity: [TRACKING TransformPointToPose time=2023-04-21 17:10:42.964]
04-21 17:10:42.965 26958 27088 D ar_activity: send stroke to firebase, id=-NT_duW22hmwJOyRd7hv
04-21 17:10:42.967 26958 27088 D ar_activity: [[2d] after update lines time=2023-04-21 17:10:42.966]
04-21 17:10:42.987 26958 27088 D ar_activity: [TRACKING TransformPointToPose time=2023-04-21 17:10:42.986]
04-21 17:10:42.987 26958 27088 D ar_activity: send stroke to firebase, id=-NT_duW22hmwJOyRd7hv
04-21 17:10:42.988 26958 27088 D ar_activity: [[2d] after update lines time=2023-04-21 17:10:42.988]
04-21 17:10:43.000 26958 26958 D ar_activity: [[2a end - 2d start] onChildChanged stroke id=-NT_duW22hmwJOyRd7hv time=2023-04-21 17:10:43.000]
04-21 17:10:43.011 26958 27088 D ar_activity: [TRACKING TransformPointToPose time=2023-04-21 17:10:43.011]
04-21 17:10:43.011 26958 27088 D ar_activity: send stroke to firebase, id=-NT_duW22hmwJOyRd7hv
04-21 17:10:43.011 26958 27088 D ar_activity: [[2d] after update lines time=2023-04-21 17:10:43.011]
04-21 17:10:43.030 26958 27088 D ar_activity: [TRACKING TransformPointToPose time=2023-04-21 17:10:43.030]
04-21 17:10:43.031 26958 27088 D ar_activity: [TRACKING TransformPointToPose time=2023-04-21 17:10:43.030]
04-21 17:10:43.031 26958 27088 D ar_activity: send stroke to firebase, id=-NT_duW22hmwJOyRd7hv
04-21 17:10:43.031 26958 27088 D ar_activity: [[2d] after update lines time=2023-04-21 17:10:43.031]
04-21 17:10:43.050 26958 27088 D ar_activity: [TRACKING TransformPointToPose time=2023-04-21 17:10:43.049]
04-21 17:10:43.050 26958 27088 D ar_activity: [TRACKING TransformPointToPose time=2023-04-21 17:10:43.050]
04-21 17:10:43.050 26958 27088 D ar_activity: send stroke to firebase, id=-NT_duW22hmwJOyRd7hv
04-21 17:10:43.051 26958 27088 D ar_activity: [[2d] after update lines time=2023-04-21 17:10:43.051]
04-21 17:10:43.070 26958 27088 D ar_activity: [TRACKING TransformPointToPose time=2023-04-21 17:10:43.070]
04-21 17:10:43.070 26958 27088 D ar_activity: [TRACKING TransformPointToPose time=2023-04-21 17:10:43.070]
04-21 17:10:43.070 26958 27088 D ar_activity: send stroke to firebase, id=-NT_duW22hmwJOyRd7hv
04-21 17:10:43.071 26958 27088 D ar_activity: [[2d] after update lines time=2023-04-21 17:10:43.071]
04-21 17:10:43.089 26958 27088 D ar_activity: [TRACKING TransformPointToPose time=2023-04-21 17:10:43.089]
04-21 17:10:43.089 26958 27088 D ar_activity: [TRACKING TransformPointToPose time=2023-04-21 17:10:43.089]
04-21 17:10:43.090 26958 27088 D ar_activity: send stroke to firebase, id=-NT_duW22hmwJOyRd7hv
04-21 17:10:43.092 26958 27088 D ar_activity: [[2d] after update lines time=2023-04-21 17:10:43.091]
04-21 17:10:43.092 26958 26958 D ar_activity: [[2a end - 2d start] onChildChanged stroke id=-NT_duW22hmwJOyRd7hv time=2023-04-21 17:10:43.092]
04-21 17:10:43.112 26958 27088 D ar_activity: [TRACKING TransformPointToPose time=2023-04-21 17:10:43.112]
04-21 17:10:43.113 26958 27088 D ar_activity: [TRACKING TransformPointToPose time=2023-04-21 17:10:43.112]
04-21 17:10:43.113 26958 27088 D ar_activity: send stroke to firebase, id=-NT_duW22hmwJOyRd7hv
04-21 17:10:43.113 26958 27088 D ar_activity: [[2d] after update lines time=2023-04-21 17:10:43.113]
04-21 17:10:43.134 26958 27088 D ar_activity: [TRACKING TransformPointToPose time=2023-04-21 17:10:43.134]
04-21 17:10:43.135 26958 27088 D ar_activity: [TRACKING TransformPointToPose time=2023-04-21 17:10:43.135]
04-21 17:10:43.135 26958 27088 D ar_activity: send stroke to firebase, id=-NT_duW22hmwJOyRd7hv
04-21 17:10:43.136 26958 27088 D ar_activity: [[2d] after update lines time=2023-04-21 17:10:43.136]
04-21 17:10:43.156 26958 27088 D ar_activity: [TRACKING TransformPointToPose time=2023-04-21 17:10:43.156]
04-21 17:10:43.156 26958 27088 D ar_activity: [TRACKING TransformPointToPose time=2023-04-21 17:10:43.156]
04-21 17:10:43.156 26958 27088 D ar_activity: send stroke to firebase, id=-NT_duW22hmwJOyRd7hv
04-21 17:10:43.161 26958 27088 D ar_activity: [[2d] after update lines time=2023-04-21 17:10:43.161]
04-21 17:10:43.162 26958 26958 D ar_activity: [[2a end - 2d start] onChildChanged stroke id=-NT_duW22hmwJOyRd7hv time=2023-04-21 17:10:43.161]
04-21 17:10:43.180 26958 27088 D ar_activity: [TRACKING TransformPointToPose time=2023-04-21 17:10:43.179]
04-21 17:10:43.180 26958 27088 D ar_activity: [TRACKING TransformPointToPose time=2023-04-21 17:10:43.180]
04-21 17:10:43.180 26958 27088 D ar_activity: send stroke to firebase, id=-NT_duW22hmwJOyRd7hv
04-21 17:10:43.181 26958 27088 D ar_activity: [[2d] after update lines time=2023-04-21 17:10:43.181]
04-21 17:10:43.202 26958 27088 D ar_activity: [TRACKING TransformPointToPose time=2023-04-21 17:10:43.202]
04-21 17:10:43.202 26958 27088 D ar_activity: [TRACKING TransformPointToPose time=2023-04-21 17:10:43.202]
04-21 17:10:43.203 26958 27088 D ar_activity: send stroke to firebase, id=-NT_duW22hmwJOyRd7hv
04-21 17:10:43.204 26958 27088 D ar_activity: [[2d] after update lines time=2023-04-21 17:10:43.204]
04-21 17:10:43.224 26958 27088 D ar_activity: [TRACKING TransformPointToPose time=2023-04-21 17:10:43.224]
04-21 17:10:43.224 26958 27088 D ar_activity: [TRACKING TransformPointToPose time=2023-04-21 17:10:43.224]
04-21 17:10:43.225 26958 27088 D ar_activity: send stroke to firebase, id=-NT_duW22hmwJOyRd7hv
04-21 17:10:43.225 26958 27088 D ar_activity: [[2d] after update lines time=2023-04-21 17:10:43.225]
04-21 17:10:43.240 26958 26958 D ar_activity: [[2a end - 2d start] onChildChanged stroke id=-NT_duW22hmwJOyRd7hv time=2023-04-21 17:10:43.240]
04-21 17:10:43.245 26958 27088 D ar_activity: [TRACKING TransformPointToPose time=2023-04-21 17:10:43.245]
04-21 17:10:43.245 26958 27088 D ar_activity: send stroke to firebase, id=-NT_duW22hmwJOyRd7hv
04-21 17:10:43.246 26958 27088 D ar_activity: [[2d] after update lines time=2023-04-21 17:10:43.246]
04-21 17:10:43.265 26958 27088 D ar_activity: [TRACKING TransformPointToPose time=2023-04-21 17:10:43.264]
04-21 17:10:43.266 26958 27088 D ar_activity: [TRACKING TransformPointToPose time=2023-04-21 17:10:43.266]
04-21 17:10:43.266 26958 27088 D ar_activity: send stroke to firebase, id=-NT_duW22hmwJOyRd7hv
04-21 17:10:43.267 26958 27088 D ar_activity: [[2d] after update lines time=2023-04-21 17:10:43.267]
04-21 17:10:43.287 26958 27088 D ar_activity: [TRACKING TransformPointToPose time=2023-04-21 17:10:43.287]
04-21 17:10:43.287 26958 27088 D ar_activity: [TRACKING TransformPointToPose time=2023-04-21 17:10:43.287]
04-21 17:10:43.287 26958 27088 D ar_activity: send stroke to firebase, id=-NT_duW22hmwJOyRd7hv
04-21 17:10:43.288 26958 27088 D ar_activity: [[2d] after update lines time=2023-04-21 17:10:43.288]
04-21 17:10:43.306 26958 27088 D ar_activity: [TRACKING TransformPointToPose time=2023-04-21 17:10:43.306]
04-21 17:10:43.306 26958 27088 D ar_activity: send stroke to firebase, id=-NT_duW22hmwJOyRd7hv
04-21 17:10:43.307 26958 27088 D ar_activity: [[2d] after update lines time=2023-04-21 17:10:43.307]
04-21 17:10:43.328 26958 27088 D ar_activity: [TRACKING TransformPointToPose time=2023-04-21 17:10:43.328]
04-21 17:10:43.328 26958 27088 D ar_activity: [TRACKING TransformPointToPose time=2023-04-21 17:10:43.328]
04-21 17:10:43.329 26958 27088 D ar_activity: send stroke to firebase, id=-NT_duW22hmwJOyRd7hv
04-21 17:10:43.329 26958 27088 D ar_activity: [[2d] after update lines time=2023-04-21 17:10:43.329]
04-21 17:10:43.331 26958 26958 D ar_activity: [[2a end - 2d start] onChildChanged stroke id=-NT_duW22hmwJOyRd7hv time=2023-04-21 17:10:43.331]
04-21 17:10:43.348 26958 27088 D ar_activity: [TRACKING TransformPointToPose time=2023-04-21 17:10:43.347]
04-21 17:10:43.348 26958 27088 D ar_activity: send stroke to firebase, id=-NT_duW22hmwJOyRd7hv
04-21 17:10:43.348 26958 27088 D ar_activity: [[2d] after update lines time=2023-04-21 17:10:43.348]
04-21 17:10:43.367 26958 27088 D ar_activity: [TRACKING TransformPointToPose time=2023-04-21 17:10:43.367]
04-21 17:10:43.369 26958 27088 D ar_activity: [TRACKING TransformPointToPose time=2023-04-21 17:10:43.369]
04-21 17:10:43.369 26958 27088 D ar_activity: [TRACKING TransformPointToPose time=2023-04-21 17:10:43.369]
04-21 17:10:43.369 26958 27088 D ar_activity: send stroke to firebase, id=-NT_duW22hmwJOyRd7hv
04-21 17:10:43.370 26958 27088 D ar_activity: [[2d] after update lines time=2023-04-21 17:10:43.370]
04-21 17:10:43.388 26958 27088 D ar_activity: [TRACKING TransformPointToPose time=2023-04-21 17:10:43.388]
04-21 17:10:43.389 26958 27088 D ar_activity: [TRACKING TransformPointToPose time=2023-04-21 17:10:43.388]
04-21 17:10:43.389 26958 27088 D ar_activity: send stroke to firebase, id=-NT_duW22hmwJOyRd7hv
04-21 17:10:43.389 26958 27088 D ar_activity: [[2d] after update lines time=2023-04-21 17:10:43.389]
04-21 17:10:43.411 26958 27088 D ar_activity: [TRACKING TransformPointToPose time=2023-04-21 17:10:43.411]
04-21 17:10:43.411 26958 27088 D ar_activity: [TRACKING TransformPointToPose time=2023-04-21 17:10:43.411]
04-21 17:10:43.412 26958 27088 D ar_activity: send stroke to firebase, id=-NT_duW22hmwJOyRd7hv
04-21 17:10:43.412 26958 27088 D ar_activity: [[2d] after update lines time=2023-04-21 17:10:43.412]
04-21 17:10:43.435 26958 27088 D ar_activity: [TRACKING TransformPointToPose time=2023-04-21 17:10:43.432]
04-21 17:10:43.435 26958 26958 D ar_activity: [[2a end - 2d start] onChildChanged stroke id=-NT_duW22hmwJOyRd7hv time=2023-04-21 17:10:43.434]
04-21 17:10:43.435 26958 27088 D ar_activity: send stroke to firebase, id=-NT_duW22hmwJOyRd7hv
04-21 17:10:43.438 26958 27088 D ar_activity: [[2d] after update lines time=2023-04-21 17:10:43.436]
04-21 17:10:43.457 26958 27088 D ar_activity: [TRACKING TransformPointToPose time=2023-04-21 17:10:43.457]
04-21 17:10:43.458 26958 27088 D ar_activity: [TRACKING TransformPointToPose time=2023-04-21 17:10:43.457]
04-21 17:10:43.458 26958 27088 D ar_activity: send stroke to firebase, id=-NT_duW22hmwJOyRd7hv
04-21 17:10:43.458 26958 27088 D ar_activity: [[2d] after update lines time=2023-04-21 17:10:43.458]
04-21 17:10:43.481 26958 27088 D ar_activity: [TRACKING TransformPointToPose time=2023-04-21 17:10:43.479]
04-21 17:10:43.482 26958 27088 D ar_activity: [TRACKING TransformPointToPose time=2023-04-21 17:10:43.482]
04-21 17:10:43.483 26958 27088 D ar_activity: send stroke to firebase, id=-NT_duW22hmwJOyRd7hv
04-21 17:10:43.484 26958 27088 D ar_activity: [[2d] after update lines time=2023-04-21 17:10:43.484]
04-21 17:10:43.505 26958 27088 D ar_activity: [TRACKING TransformPointToPose time=2023-04-21 17:10:43.505]
04-21 17:10:43.505 26958 27088 D ar_activity: [TRACKING TransformPointToPose time=2023-04-21 17:10:43.505]
04-21 17:10:43.505 26958 27088 D ar_activity: send stroke to firebase, id=-NT_duW22hmwJOyRd7hv
04-21 17:10:43.506 26958 27088 D ar_activity: [[2d] after update lines time=2023-04-21 17:10:43.506]
04-21 17:10:43.509 26958 26958 D ar_activity: [[2a end - 2d start] onChildChanged stroke id=-NT_duW22hmwJOyRd7hv time=2023-04-21 17:10:43.508]
