04-21 17:01:51.276 17431 17575 D ar_activity: [resolveHostedAnchor: TASK_IN_PROGRESS time=2023-04-21 17:01:51.275]
04-21 17:01:51.299 17431 17575 D ar_activity: [--- anchor: onUpdate: resolveHostedAnchor: pending resolve--- time=2023-04-21 17:01:51.298]
04-21 17:01:51.300 17431 17575 D ar_activity: [resolveHostedAnchor: TASK_IN_PROGRESS time=2023-04-21 17:01:51.300]
04-21 17:01:51.321 17431 17575 D ar_activity: [--- anchor: onUpdate: resolveHostedAnchor: pending resolve--- time=2023-04-21 17:01:51.321]
04-21 17:01:51.321 17431 17575 D ar_activity: [resolveHostedAnchor: TASK_IN_PROGRESS time=2023-04-21 17:01:51.321]
04-21 17:01:51.342 17431 17575 D ar_activity: [--- anchor: onUpdate: resolveHostedAnchor: pending resolve--- time=2023-04-21 17:01:51.342]
04-21 17:01:51.342 17431 17575 D ar_activity: [resolveHostedAnchor: TASK_IN_PROGRESS time=2023-04-21 17:01:51.342]
04-21 17:01:51.362 17431 17575 D ar_activity: [--- anchor: onUpdate: resolveHostedAnchor: pending resolve--- time=2023-04-21 17:01:51.362]
04-21 17:01:51.362 17431 17575 D ar_activity: [resolveHostedAnchor: TASK_IN_PROGRESS time=2023-04-21 17:01:51.362]
04-21 17:01:51.381 17431 17575 D ar_activity: [--- anchor: onUpdate: resolveHostedAnchor: pending resolve--- time=2023-04-21 17:01:51.381]
04-21 17:01:51.381 17431 17575 D ar_activity: [resolveHostedAnchor: TASK_IN_PROGRESS time=2023-04-21 17:01:51.381]
04-21 17:01:51.401 17431 17575 D ar_activity: [--- anchor: onUpdate: resolveHostedAnchor: pending resolve--- time=2023-04-21 17:01:51.400]
04-21 17:01:51.401 17431 17575 D ar_activity: [resolveHostedAnchor: TASK_IN_PROGRESS time=2023-04-21 17:01:51.401]
04-21 17:01:51.420 17431 17575 D ar_activity: [--- anchor: onUpdate: resolveHostedAnchor: pending resolve--- time=2023-04-21 17:01:51.420]
04-21 17:01:51.421 17431 17575 D ar_activity: [resolveHostedAnchor: TASK_IN_PROGRESS time=2023-04-21 17:01:51.420]
04-21 17:01:51.444 17431 17575 D ar_activity: [--- anchor: onUpdate: resolveHostedAnchor: pending resolve--- time=2023-04-21 17:01:51.444]
04-21 17:01:51.444 17431 17575 D ar_activity: [resolveHostedAnchor: TASK_IN_PROGRESS time=2023-04-21 17:01:51.444]
04-21 17:01:51.463 17431 17575 D ar_activity: [--- anchor: onUpdate: resolveHostedAnchor: pending resolve--- time=2023-04-21 17:01:51.463]
04-21 17:01:51.463 17431 17575 D ar_activity: [resolveHostedAnchor: TASK_IN_PROGRESS time=2023-04-21 17:01:51.463]
04-21 17:01:51.481 17431 17575 D ar_activity: [--- anchor: onUpdate: resolveHostedAnchor: pending resolve--- time=2023-04-21 17:01:51.481]
04-21 17:01:51.482 17431 17575 D ar_activity: [resolveHostedAnchor: TASK_IN_PROGRESS time=2023-04-21 17:01:51.482]
04-21 17:01:51.500 17431 17575 D ar_activity: [--- anchor: onUpdate: resolveHostedAnchor: pending resolve--- time=2023-04-21 17:01:51.500]
04-21 17:01:51.500 17431 17575 D ar_activity: [resolveHostedAnchor: TASK_IN_PROGRESS time=2023-04-21 17:01:51.500]
04-21 17:01:51.520 17431 17575 D ar_activity: [--- anchor: onUpdate: resolveHostedAnchor: pending resolve--- time=2023-04-21 17:01:51.520]
04-21 17:01:51.520 17431 17575 D ar_activity: [resolveHostedAnchor: TASK_IN_PROGRESS time=2023-04-21 17:01:51.520]
04-21 17:01:51.541 17431 17575 D ar_activity: [--- anchor: onUpdate: resolveHostedAnchor: pending resolve--- time=2023-04-21 17:01:51.541]
04-21 17:01:51.541 17431 17575 D ar_activity: [resolveHostedAnchor: TASK_IN_PROGRESS time=2023-04-21 17:01:51.541]
04-21 17:01:51.565 17431 17575 D ar_activity: [--- anchor: onUpdate: resolveHostedAnchor: pending resolve--- time=2023-04-21 17:01:51.565]
04-21 17:01:51.566 17431 17575 D ar_activity: [resolveHostedAnchor: TASK_IN_PROGRESS time=2023-04-21 17:01:51.565]
04-21 17:01:51.587 17431 17575 D ar_activity: [--- anchor: onUpdate: resolveHostedAnchor: pending resolve--- time=2023-04-21 17:01:51.586]
04-21 17:01:51.587 17431 17575 D ar_activity: [resolveHostedAnchor: TASK_IN_PROGRESS time=2023-04-21 17:01:51.587]
04-21 17:01:51.605 17431 17575 D ar_activity: [--- anchor: onUpdate: resolveHostedAnchor: pending resolve--- time=2023-04-21 17:01:51.605]
04-21 17:01:51.605 17431 17575 D ar_activity: [resolveHostedAnchor: TASK_IN_PROGRESS time=2023-04-21 17:01:51.605]
04-21 17:01:51.624 17431 17575 D ar_activity: [--- anchor: onUpdate: resolveHostedAnchor: pending resolve--- time=2023-04-21 17:01:51.624]
04-21 17:01:51.624 17431 17575 D ar_activity: [resolveHostedAnchor: TASK_IN_PROGRESS time=2023-04-21 17:01:51.624]
04-21 17:01:51.645 17431 17575 D ar_activity: [--- anchor: onUpdate: resolveHostedAnchor: pending resolve--- time=2023-04-21 17:01:51.645]
04-21 17:01:51.645 17431 17575 D ar_activity: [resolveHostedAnchor: TASK_IN_PROGRESS time=2023-04-21 17:01:51.645]
04-21 17:01:51.664 17431 17575 D ar_activity: [--- anchor: onUpdate: resolveHostedAnchor: pending resolve--- time=2023-04-21 17:01:51.664]
04-21 17:01:51.664 17431 17575 D ar_activity: [resolveHostedAnchor: TASK_IN_PROGRESS time=2023-04-21 17:01:51.664]
04-21 17:01:51.684 17431 17575 D ar_activity: [--- anchor: onUpdate: resolveHostedAnchor: pending resolve--- time=2023-04-21 17:01:51.684]
04-21 17:01:51.684 17431 17575 D ar_activity: [resolveHostedAnchor: TASK_IN_PROGRESS time=2023-04-21 17:01:51.684]
04-21 17:01:51.705 17431 17575 D ar_activity: [--- anchor: onUpdate: resolveHostedAnchor: pending resolve--- time=2023-04-21 17:01:51.704]
04-21 17:01:51.705 17431 17575 D ar_activity: [resolveHostedAnchor: TASK_IN_PROGRESS time=2023-04-21 17:01:51.705]
04-21 17:01:51.731 17431 17575 D ar_activity: [--- anchor: onUpdate: resolveHostedAnchor: pending resolve--- time=2023-04-21 17:01:51.731]
04-21 17:01:51.732 17431 17575 D ar_activity: [resolveHostedAnchor: TASK_IN_PROGRESS time=2023-04-21 17:01:51.732]
04-21 17:01:51.755 17431 17575 D ar_activity: [--- anchor: onUpdate: resolveHostedAnchor: pending resolve--- time=2023-04-21 17:01:51.754]
04-21 17:01:51.755 17431 17575 D ar_activity: [resolveHostedAnchor: TASK_IN_PROGRESS time=2023-04-21 17:01:51.755]
04-21 17:01:51.779 17431 17575 D ar_activity: [--- anchor: onUpdate: resolveHostedAnchor: pending resolve--- time=2023-04-21 17:01:51.779]
04-21 17:01:51.779 17431 17575 D ar_activity: [resolveHostedAnchor: TASK_IN_PROGRESS time=2023-04-21 17:01:51.779]
04-21 17:01:51.799 17431 17575 D ar_activity: [--- anchor: onUpdate: resolveHostedAnchor: pending resolve--- time=2023-04-21 17:01:51.798]
04-21 17:01:51.799 17431 17575 D ar_activity: [resolveHostedAnchor: TASK_IN_PROGRESS time=2023-04-21 17:01:51.799]
04-21 17:01:51.819 17431 17575 D ar_activity: [--- anchor: onUpdate: resolveHostedAnchor: pending resolve--- time=2023-04-21 17:01:51.819]
04-21 17:01:51.819 17431 17575 D ar_activity: [resolveHostedAnchor: TASK_IN_PROGRESS time=2023-04-21 17:01:51.819]
04-21 17:01:51.842 17431 17575 D ar_activity: [--- anchor: onUpdate: resolveHostedAnchor: pending resolve--- time=2023-04-21 17:01:51.839]
04-21 17:01:51.842 17431 17575 D ar_activity: [resolveHostedAnchor: TASK_IN_PROGRESS time=2023-04-21 17:01:51.842]
04-21 17:01:51.867 17431 17575 D ar_activity: [--- anchor: onUpdate: resolveHostedAnchor: pending resolve--- time=2023-04-21 17:01:51.866]
04-21 17:01:51.867 17431 17575 D ar_activity: [resolveHostedAnchor: TASK_IN_PROGRESS time=2023-04-21 17:01:51.867]
04-21 17:01:51.888 17431 17575 D ar_activity: [--- anchor: onUpdate: resolveHostedAnchor: pending resolve--- time=2023-04-21 17:01:51.887]
04-21 17:01:51.888 17431 17575 D ar_activity: [resolveHostedAnchor: TASK_IN_PROGRESS time=2023-04-21 17:01:51.888]
04-21 17:01:51.907 17431 17575 D ar_activity: [--- anchor: onUpdate: resolveHostedAnchor: pending resolve--- time=2023-04-21 17:01:51.906]
04-21 17:01:51.907 17431 17575 D ar_activity: [resolveHostedAnchor: TASK_IN_PROGRESS time=2023-04-21 17:01:51.907]
04-21 17:01:51.932 17431 17575 D ar_activity: [--- anchor: onUpdate: resolveHostedAnchor: pending resolve--- time=2023-04-21 17:01:51.932]
04-21 17:01:51.932 17431 17575 D ar_activity: [resolveHostedAnchor: TASK_IN_PROGRESS time=2023-04-21 17:01:51.932]
04-21 17:01:51.956 17431 17575 D ar_activity: [--- anchor: onUpdate: resolveHostedAnchor: pending resolve--- time=2023-04-21 17:01:51.956]
04-21 17:01:51.958 17431 17575 D ar_activity: [resolveHostedAnchor: TASK_IN_PROGRESS time=2023-04-21 17:01:51.957]
04-21 17:01:51.986 17431 17575 D ar_activity: [--- anchor: onUpdate: resolveHostedAnchor: pending resolve--- time=2023-04-21 17:01:51.986]
04-21 17:01:51.986 17431 17575 D ar_activity: [resolveHostedAnchor: TASK_IN_PROGRESS time=2023-04-21 17:01:51.986]
04-21 17:01:52.008 17431 17575 D ar_activity: [--- anchor: onUpdate: resolveHostedAnchor: pending resolve--- time=2023-04-21 17:01:52.007]
04-21 17:01:52.008 17431 17575 D ar_activity: [resolveHostedAnchor: TASK_IN_PROGRESS time=2023-04-21 17:01:52.008]
04-21 17:01:52.030 17431 17575 D ar_activity: [--- anchor: onUpdate: resolveHostedAnchor: pending resolve--- time=2023-04-21 17:01:52.030]
04-21 17:01:52.030 17431 17575 D ar_activity: [resolveHostedAnchor: TASK_IN_PROGRESS time=2023-04-21 17:01:52.030]
04-21 17:01:52.049 17431 17575 D ar_activity: [--- anchor: onUpdate: resolveHostedAnchor: pending resolve--- time=2023-04-21 17:01:52.048]
04-21 17:01:52.049 17431 17575 D ar_activity: [resolveHostedAnchor: TASK_IN_PROGRESS time=2023-04-21 17:01:52.049]
04-21 17:01:52.067 17431 17575 D ar_activity: [--- anchor: onUpdate: resolveHostedAnchor: pending resolve--- time=2023-04-21 17:01:52.067]
04-21 17:01:52.067 17431 17575 D ar_activity: [resolveHostedAnchor: TASK_IN_PROGRESS time=2023-04-21 17:01:52.067]
04-21 17:01:52.088 17431 17575 D ar_activity: [--- anchor: onUpdate: resolveHostedAnchor: pending resolve--- time=2023-04-21 17:01:52.087]
04-21 17:01:52.088 17431 17575 D ar_activity: [resolveHostedAnchor: TASK_IN_PROGRESS time=2023-04-21 17:01:52.088]
04-21 17:01:52.114 17431 17575 D ar_activity: [--- anchor: onUpdate: resolveHostedAnchor: pending resolve--- time=2023-04-21 17:01:52.113]
04-21 17:01:52.114 17431 17575 D ar_activity: [resolveHostedAnchor: TASK_IN_PROGRESS time=2023-04-21 17:01:52.114]
04-21 17:01:52.133 17431 17575 D ar_activity: [--- anchor: onUpdate: resolveHostedAnchor: pending resolve--- time=2023-04-21 17:01:52.133]
04-21 17:01:52.134 17431 17575 D ar_activity: [resolveHostedAnchor: TASK_IN_PROGRESS time=2023-04-21 17:01:52.134]
04-21 17:01:52.152 17431 17575 D ar_activity: [--- anchor: onUpdate: resolveHostedAnchor: pending resolve--- time=2023-04-21 17:01:52.152]
04-21 17:01:52.152 17431 17575 D ar_activity: [resolveHostedAnchor: TASK_IN_PROGRESS time=2023-04-21 17:01:52.152]
04-21 17:01:52.171 17431 17575 D ar_activity: [--- anchor: onUpdate: resolveHostedAnchor: pending resolve--- time=2023-04-21 17:01:52.171]
04-21 17:01:52.171 17431 17575 D ar_activity: [resolveHostedAnchor: TASK_IN_PROGRESS time=2023-04-21 17:01:52.171]
04-21 17:01:52.190 17431 17575 D ar_activity: [--- anchor: onUpdate: resolveHostedAnchor: pending resolve--- time=2023-04-21 17:01:52.190]
04-21 17:01:52.190 17431 17575 D ar_activity: [resolveHostedAnchor: TASK_IN_PROGRESS time=2023-04-21 17:01:52.190]
04-21 17:01:52.209 17431 17575 D ar_activity: [--- anchor: onUpdate: resolveHostedAnchor: pending resolve--- time=2023-04-21 17:01:52.209]
04-21 17:01:52.209 17431 17575 D ar_activity: [resolveHostedAnchor: TASK_IN_PROGRESS time=2023-04-21 17:01:52.209]
04-21 17:01:52.232 17431 17575 D ar_activity: [--- anchor: onUpdate: resolveHostedAnchor: pending resolve--- time=2023-04-21 17:01:52.231]
04-21 17:01:52.232 17431 17575 D ar_activity: [resolveHostedAnchor: TASK_IN_PROGRESS time=2023-04-21 17:01:52.232]
04-21 17:01:52.250 17431 17575 D ar_activity: [--- anchor: onUpdate: resolveHostedAnchor: pending resolve--- time=2023-04-21 17:01:52.250]
04-21 17:01:52.250 17431 17575 D ar_activity: [resolveHostedAnchor: TASK_IN_PROGRESS time=2023-04-21 17:01:52.250]
04-21 17:01:52.270 17431 17575 D ar_activity: [--- anchor: onUpdate: resolveHostedAnchor: pending resolve--- time=2023-04-21 17:01:52.270]
04-21 17:01:52.270 17431 17575 D ar_activity: [resolveHostedAnchor: TASK_IN_PROGRESS time=2023-04-21 17:01:52.270]
04-21 17:01:52.291 17431 17575 D ar_activity: [--- anchor: onUpdate: resolveHostedAnchor: pending resolve--- time=2023-04-21 17:01:52.291]
04-21 17:01:52.291 17431 17575 D ar_activity: [resolveHostedAnchor: TASK_IN_PROGRESS time=2023-04-21 17:01:52.291]
04-21 17:01:52.316 17431 17575 D ar_activity: [--- anchor: onUpdate: resolveHostedAnchor: pending resolve--- time=2023-04-21 17:01:52.316]
04-21 17:01:52.316 17431 17575 D ar_activity: [resolveHostedAnchor: TASK_IN_PROGRESS time=2023-04-21 17:01:52.316]
04-21 17:01:52.337 17431 17575 D ar_activity: [--- anchor: onUpdate: resolveHostedAnchor: pending resolve--- time=2023-04-21 17:01:52.337]
04-21 17:01:52.337 17431 17575 D ar_activity: [resolveHostedAnchor: TASK_IN_PROGRESS time=2023-04-21 17:01:52.337]
04-21 17:01:52.355 17431 17575 D ar_activity: [--- anchor: onUpdate: resolveHostedAnchor: pending resolve--- time=2023-04-21 17:01:52.355]
04-21 17:01:52.356 17431 17575 D ar_activity: [resolveHostedAnchor: TASK_IN_PROGRESS time=2023-04-21 17:01:52.355]
04-21 17:01:52.374 17431 17575 D ar_activity: [--- anchor: onUpdate: resolveHostedAnchor: pending resolve--- time=2023-04-21 17:01:52.374]
04-21 17:01:52.374 17431 17575 D ar_activity: [resolveHostedAnchor: TASK_IN_PROGRESS time=2023-04-21 17:01:52.374]
04-21 17:01:52.395 17431 17575 D ar_activity: [--- anchor: onUpdate: resolveHostedAnchor: pending resolve--- time=2023-04-21 17:01:52.394]
04-21 17:01:52.396 17431 17575 D ar_activity: [resolveHostedAnchor: TASK_IN_PROGRESS time=2023-04-21 17:01:52.395]
04-21 17:01:52.415 17431 17575 D ar_activity: [--- anchor: onUpdate: resolveHostedAnchor: pending resolve--- time=2023-04-21 17:01:52.415]
04-21 17:01:52.415 17431 17575 D ar_activity: [resolveHostedAnchor: TASK_IN_PROGRESS time=2023-04-21 17:01:52.415]
04-21 17:01:52.435 17431 17575 D ar_activity: [--- anchor: onUpdate: resolveHostedAnchor: pending resolve--- time=2023-04-21 17:01:52.434]
04-21 17:01:52.435 17431 17575 D ar_activity: [resolveHostedAnchor: TASK_IN_PROGRESS time=2023-04-21 17:01:52.435]
04-21 17:01:52.453 17431 17575 D ar_activity: [--- anchor: onUpdate: resolveHostedAnchor: pending resolve--- time=2023-04-21 17:01:52.453]
04-21 17:01:52.453 17431 17575 D ar_activity: [resolveHostedAnchor: TASK_IN_PROGRESS time=2023-04-21 17:01:52.453]
04-21 17:01:52.473 17431 17575 D ar_activity: [--- anchor: onUpdate: resolveHostedAnchor: pending resolve--- time=2023-04-21 17:01:52.473]
04-21 17:01:52.473 17431 17575 D ar_activity: [resolveHostedAnchor: TASK_IN_PROGRESS time=2023-04-21 17:01:52.473]
04-21 17:01:52.492 17431 17575 D ar_activity: [--- anchor: onUpdate: resolveHostedAnchor: pending resolve--- time=2023-04-21 17:01:52.492]
04-21 17:01:52.492 17431 17575 D ar_activity: [resolveHostedAnchor: TASK_IN_PROGRESS time=2023-04-21 17:01:52.492]
04-21 17:01:52.516 17431 17575 D ar_activity: [--- anchor: onUpdate: resolveHostedAnchor: pending resolve--- time=2023-04-21 17:01:52.516]
04-21 17:01:52.516 17431 17575 D ar_activity: [resolveHostedAnchor: TASK_IN_PROGRESS time=2023-04-21 17:01:52.516]
04-21 17:01:52.537 17431 17575 D ar_activity: [--- anchor: onUpdate: resolveHostedAnchor: pending resolve--- time=2023-04-21 17:01:52.537]
04-21 17:01:52.537 17431 17575 D ar_activity: [resolveHostedAnchor: TASK_IN_PROGRESS time=2023-04-21 17:01:52.537]
04-21 17:01:52.556 17431 17575 D ar_activity: [--- anchor: onUpdate: resolveHostedAnchor: pending resolve--- time=2023-04-21 17:01:52.556]
04-21 17:01:52.556 17431 17575 D ar_activity: [resolveHostedAnchor: TASK_IN_PROGRESS time=2023-04-21 17:01:52.556]
04-21 17:01:52.575 17431 17575 D ar_activity: [--- anchor: onUpdate: resolveHostedAnchor: pending resolve--- time=2023-04-21 17:01:52.575]
04-21 17:01:52.576 17431 17575 D ar_activity: [resolveHostedAnchor: TASK_IN_PROGRESS time=2023-04-21 17:01:52.575]
04-21 17:01:52.597 17431 17575 D ar_activity: [--- anchor: onUpdate: resolveHostedAnchor: pending resolve--- time=2023-04-21 17:01:52.597]
04-21 17:01:52.598 17431 17575 D ar_activity: [resolveHostedAnchor: TASK_IN_PROGRESS time=2023-04-21 17:01:52.598]
04-21 17:01:52.617 17431 17575 D ar_activity: [--- anchor: onUpdate: resolveHostedAnchor: pending resolve--- time=2023-04-21 17:01:52.617]
04-21 17:01:52.617 17431 17575 D ar_activity: [resolveHostedAnchor: TASK_IN_PROGRESS time=2023-04-21 17:01:52.617]
04-21 17:01:52.639 17431 17575 D ar_activity: [--- anchor: onUpdate: resolveHostedAnchor: pending resolve--- time=2023-04-21 17:01:52.638]
04-21 17:01:52.639 17431 17575 D ar_activity: [resolveHostedAnchor: TASK_IN_PROGRESS time=2023-04-21 17:01:52.639]
04-21 17:01:52.664 17431 17575 D ar_activity: [--- anchor: onUpdate: resolveHostedAnchor: pending resolve--- time=2023-04-21 17:01:52.663]
04-21 17:01:52.664 17431 17575 D ar_activity: [resolveHostedAnchor: TASK_IN_PROGRESS time=2023-04-21 17:01:52.664]
04-21 17:01:52.683 17431 17575 D ar_activity: [--- anchor: onUpdate: resolveHostedAnchor: pending resolve--- time=2023-04-21 17:01:52.683]
04-21 17:01:52.684 17431 17575 D ar_activity: [resolveHostedAnchor: TASK_IN_PROGRESS time=2023-04-21 17:01:52.683]
04-21 17:01:52.702 17431 17575 D ar_activity: [--- anchor: onUpdate: resolveHostedAnchor: pending resolve--- time=2023-04-21 17:01:52.702]
04-21 17:01:52.703 17431 17575 D ar_activity: [resolveHostedAnchor: TASK_IN_PROGRESS time=2023-04-21 17:01:52.703]
04-21 17:01:52.724 17431 17575 D ar_activity: [--- anchor: onUpdate: resolveHostedAnchor: pending resolve--- time=2023-04-21 17:01:52.724]
04-21 17:01:52.725 17431 17575 D ar_activity: [resolveHostedAnchor: TASK_IN_PROGRESS time=2023-04-21 17:01:52.725]
04-21 17:01:52.749 17431 17575 D ar_activity: [--- anchor: onUpdate: resolveHostedAnchor: pending resolve--- time=2023-04-21 17:01:52.749]
04-21 17:01:52.749 17431 17575 D ar_activity: [resolveHostedAnchor: TASK_IN_PROGRESS time=2023-04-21 17:01:52.749]
04-21 17:01:52.771 17431 17575 D ar_activity: [--- anchor: onUpdate: resolveHostedAnchor: pending resolve--- time=2023-04-21 17:01:52.771]
04-21 17:01:52.771 17431 17575 D ar_activity: [resolveHostedAnchor: TASK_IN_PROGRESS time=2023-04-21 17:01:52.771]
04-21 17:01:52.790 17431 17575 D ar_activity: [--- anchor: onUpdate: resolveHostedAnchor: pending resolve--- time=2023-04-21 17:01:52.790]
04-21 17:01:52.790 17431 17575 D ar_activity: [resolveHostedAnchor: TASK_IN_PROGRESS time=2023-04-21 17:01:52.790]
04-21 17:01:52.809 17431 17575 D ar_activity: [--- anchor: onUpdate: resolveHostedAnchor: pending resolve--- time=2023-04-21 17:01:52.809]
04-21 17:01:52.809 17431 17575 D ar_activity: [resolveHostedAnchor: TASK_IN_PROGRESS time=2023-04-21 17:01:52.809]
04-21 17:01:52.831 17431 17575 D ar_activity: [--- anchor: onUpdate: resolveHostedAnchor: pending resolve--- time=2023-04-21 17:01:52.830]
04-21 17:01:52.831 17431 17575 D ar_activity: [resolveHostedAnchor: TASK_IN_PROGRESS time=2023-04-21 17:01:52.831]
04-21 17:01:52.851 17431 17575 D ar_activity: [--- anchor: onUpdate: resolveHostedAnchor: pending resolve--- time=2023-04-21 17:01:52.851]
04-21 17:01:52.853 17431 17575 D ar_activity: [resolveHostedAnchor: TASK_IN_PROGRESS time=2023-04-21 17:01:52.851]
04-21 17:01:52.876 17431 17575 D ar_activity: [--- anchor: onUpdate: resolveHostedAnchor: pending resolve--- time=2023-04-21 17:01:52.876]
04-21 17:01:52.876 17431 17575 D ar_activity: [resolveHostedAnchor: TASK_IN_PROGRESS time=2023-04-21 17:01:52.876]
04-21 17:01:52.898 17431 17575 D ar_activity: [--- anchor: onUpdate: resolveHostedAnchor: pending resolve--- time=2023-04-21 17:01:52.897]
04-21 17:01:52.898 17431 17575 D ar_activity: [resolveHostedAnchor: TASK_IN_PROGRESS time=2023-04-21 17:01:52.898]
04-21 17:01:52.918 17431 17575 D ar_activity: [--- anchor: onUpdate: resolveHostedAnchor: pending resolve--- time=2023-04-21 17:01:52.917]
04-21 17:01:52.918 17431 17575 D ar_activity: [resolveHostedAnchor: TASK_IN_PROGRESS time=2023-04-21 17:01:52.918]
04-21 17:01:52.951 17431 17575 D ar_activity: [--- anchor: onUpdate: resolveHostedAnchor: pending resolve--- time=2023-04-21 17:01:52.948]
04-21 17:01:52.953 17431 17575 D ar_activity: [resolveHostedAnchor: TASK_IN_PROGRESS time=2023-04-21 17:01:52.952]
04-21 17:01:52.981 17431 17575 D ar_activity: [--- anchor: onUpdate: resolveHostedAnchor: pending resolve--- time=2023-04-21 17:01:52.981]
04-21 17:01:52.981 17431 17575 D ar_activity: [resolveHostedAnchor: TASK_IN_PROGRESS time=2023-04-21 17:01:52.981]
04-21 17:01:53.000 17431 17575 D ar_activity: [--- anchor: onUpdate: resolveHostedAnchor: pending resolve--- time=2023-04-21 17:01:53.000]
04-21 17:01:53.000 17431 17575 D ar_activity: [resolveHostedAnchor: TASK_IN_PROGRESS time=2023-04-21 17:01:53.000]
04-21 17:01:53.019 17431 17575 D ar_activity: [--- anchor: onUpdate: resolveHostedAnchor: pending resolve--- time=2023-04-21 17:01:53.019]
04-21 17:01:53.019 17431 17575 D ar_activity: [resolveHostedAnchor: TASK_IN_PROGRESS time=2023-04-21 17:01:53.019]
04-21 17:01:53.039 17431 17575 D ar_activity: [--- anchor: onUpdate: resolveHostedAnchor: pending resolve--- time=2023-04-21 17:01:53.039]
04-21 17:01:53.040 17431 17575 D ar_activity: [resolveHostedAnchor: TASK_IN_PROGRESS time=2023-04-21 17:01:53.039]
04-21 17:01:53.066 17431 17575 D ar_activity: [--- anchor: onUpdate: resolveHostedAnchor: pending resolve--- time=2023-04-21 17:01:53.064]
04-21 17:01:53.067 17431 17575 D ar_activity: [resolveHostedAnchor: TASK_IN_PROGRESS time=2023-04-21 17:01:53.067]
04-21 17:01:53.089 17431 17575 D ar_activity: [--- anchor: onUpdate: resolveHostedAnchor: pending resolve--- time=2023-04-21 17:01:53.089]
04-21 17:01:53.089 17431 17575 D ar_activity: [resolveHostedAnchor: TASK_IN_PROGRESS time=2023-04-21 17:01:53.089]
04-21 17:01:53.115 17431 17575 D ar_activity: [--- anchor: onUpdate: resolveHostedAnchor: pending resolve--- time=2023-04-21 17:01:53.115]
04-21 17:01:53.116 17431 17575 D ar_activity: [resolveHostedAnchor: TASK_IN_PROGRESS time=2023-04-21 17:01:53.115]
04-21 17:01:53.137 17431 17575 D ar_activity: [--- anchor: onUpdate: resolveHostedAnchor: pending resolve--- time=2023-04-21 17:01:53.137]
04-21 17:01:53.137 17431 17575 D ar_activity: [resolveHostedAnchor: TASK_IN_PROGRESS time=2023-04-21 17:01:53.137]
04-21 17:01:53.156 17431 17575 D ar_activity: [--- anchor: onUpdate: resolveHostedAnchor: pending resolve--- time=2023-04-21 17:01:53.156]
04-21 17:01:53.156 17431 17575 D ar_activity: [resolveHostedAnchor: TASK_IN_PROGRESS time=2023-04-21 17:01:53.156]
04-21 17:01:53.175 17431 17575 D ar_activity: [--- anchor: onUpdate: resolveHostedAnchor: pending resolve--- time=2023-04-21 17:01:53.175]
04-21 17:01:53.175 17431 17575 D ar_activity: [resolveHostedAnchor: TASK_IN_PROGRESS time=2023-04-21 17:01:53.175]
04-21 17:01:53.197 17431 17575 D ar_activity: [--- anchor: onUpdate: resolveHostedAnchor: pending resolve--- time=2023-04-21 17:01:53.197]
04-21 17:01:53.198 17431 17575 D ar_activity: [resolveHostedAnchor: TASK_IN_PROGRESS time=2023-04-21 17:01:53.197]
04-21 17:01:53.217 17431 17575 D ar_activity: [--- anchor: onUpdate: resolveHostedAnchor: pending resolve--- time=2023-04-21 17:01:53.217]
04-21 17:01:53.217 17431 17575 D ar_activity: [resolveHostedAnchor: TASK_IN_PROGRESS time=2023-04-21 17:01:53.217]
04-21 17:01:53.236 17431 17575 D ar_activity: [--- anchor: onUpdate: resolveHostedAnchor: pending resolve--- time=2023-04-21 17:01:53.236]
04-21 17:01:53.236 17431 17575 D ar_activity: [resolveHostedAnchor: TASK_IN_PROGRESS time=2023-04-21 17:01:53.236]
04-21 17:01:53.258 17431 17575 D ar_activity: [--- anchor: onUpdate: resolveHostedAnchor: pending resolve--- time=2023-04-21 17:01:53.257]
04-21 17:01:53.258 17431 17575 D ar_activity: [resolveHostedAnchor: TASK_IN_PROGRESS time=2023-04-21 17:01:53.258]
04-21 17:01:53.281 17431 17575 D ar_activity: [--- anchor: onUpdate: resolveHostedAnchor: pending resolve--- time=2023-04-21 17:01:53.281]
04-21 17:01:53.281 17431 17575 D ar_activity: [resolveHostedAnchor: TASK_IN_PROGRESS time=2023-04-21 17:01:53.281]
04-21 17:01:53.299 17431 17575 D ar_activity: [--- anchor: onUpdate: resolveHostedAnchor: pending resolve--- time=2023-04-21 17:01:53.299]
04-21 17:01:53.299 17431 17575 D ar_activity: [resolveHostedAnchor: TASK_IN_PROGRESS time=2023-04-21 17:01:53.299]
04-21 17:01:53.320 17431 17575 D ar_activity: [--- anchor: onUpdate: resolveHostedAnchor: pending resolve--- time=2023-04-21 17:01:53.319]
04-21 17:01:53.320 17431 17575 D ar_activity: [resolveHostedAnchor: TASK_IN_PROGRESS time=2023-04-21 17:01:53.320]
04-21 17:01:53.342 17431 17575 D ar_activity: [--- anchor: onUpdate: resolveHostedAnchor: pending resolve--- time=2023-04-21 17:01:53.341]
04-21 17:01:53.342 17431 17575 D ar_activity: [resolveHostedAnchor: TASK_IN_PROGRESS time=2023-04-21 17:01:53.342]
04-21 17:01:53.364 17431 17575 D ar_activity: [--- anchor: onUpdate: resolveHostedAnchor: pending resolve--- time=2023-04-21 17:01:53.363]
04-21 17:01:53.365 17431 17575 D ar_activity: [resolveHostedAnchor: TASK_IN_PROGRESS time=2023-04-21 17:01:53.365]
04-21 17:01:53.384 17431 17575 D ar_activity: [--- anchor: onUpdate: resolveHostedAnchor: pending resolve--- time=2023-04-21 17:01:53.384]
04-21 17:01:53.384 17431 17575 D ar_activity: [resolveHostedAnchor: TASK_IN_PROGRESS time=2023-04-21 17:01:53.384]
04-21 17:01:53.403 17431 17575 D ar_activity: [--- anchor: onUpdate: resolveHostedAnchor: pending resolve--- time=2023-04-21 17:01:53.402]
04-21 17:01:53.403 17431 17575 D ar_activity: [resolveHostedAnchor: TASK_IN_PROGRESS time=2023-04-21 17:01:53.403]
04-21 17:01:53.426 17431 17575 D ar_activity: [--- anchor: onUpdate: resolveHostedAnchor: pending resolve--- time=2023-04-21 17:01:53.426]
04-21 17:01:53.427 17431 17575 D ar_activity: [resolveHostedAnchor: TASK_IN_PROGRESS time=2023-04-21 17:01:53.426]
04-21 17:01:53.450 17431 17575 D ar_activity: [--- anchor: onUpdate: resolveHostedAnchor: pending resolve--- time=2023-04-21 17:01:53.450]
04-21 17:01:53.450 17431 17575 D ar_activity: [resolveHostedAnchor: TASK_IN_PROGRESS time=2023-04-21 17:01:53.450]
04-21 17:01:53.472 17431 17575 D ar_activity: [--- anchor: onUpdate: resolveHostedAnchor: pending resolve--- time=2023-04-21 17:01:53.471]
04-21 17:01:53.472 17431 17575 D ar_activity: [resolveHostedAnchor: TASK_IN_PROGRESS time=2023-04-21 17:01:53.472]
04-21 17:01:53.492 17431 17575 D ar_activity: [--- anchor: onUpdate: resolveHostedAnchor: pending resolve--- time=2023-04-21 17:01:53.492]
04-21 17:01:53.492 17431 17575 D ar_activity: [resolveHostedAnchor: SUCCESS time=2023-04-21 17:01:53.492]
04-21 17:01:53.493 17431 17575 D ar_activity: [[2d] after update lines time=2023-04-21 17:01:53.493]
04-21 17:01:53.512 17431 17431 D ar_activity: SYNCED: 2023-04-21 17:01:53.512
04-21 17:01:53.631 17431 17431 D ar_activity: [[2a end - 2d start] onChildAdded stroke id=-NT_bpG8VPAj5kRXPi0h time=2023-04-21 17:01:53.631]
04-21 17:01:53.635 17431 17431 D ar_activity: stroke (id: -NT_bpG8VPAj5kRXPi0h) was resolved at 2023-04-21 17:01:53.634
04-21 17:01:53.635 17431 17431 D ar_activity: [[2a end or 2d start] onLineAdded stroke id=-NT_bpG8VPAj5kRXPi0h time=2023-04-21 17:01:53.635]
04-21 17:01:53.635 17431 17431 D ar_activity: [[2a end - 2d start] onChildAdded stroke id=-NT_bpGD6xTE_gRPZY4m time=2023-04-21 17:01:53.635]
04-21 17:01:53.636 17431 17431 D ar_activity: stroke (id: -NT_bpGD6xTE_gRPZY4m) was resolved at 2023-04-21 17:01:53.636
04-21 17:01:53.636 17431 17431 D ar_activity: [[2a end or 2d start] onLineAdded stroke id=-NT_bpGD6xTE_gRPZY4m time=2023-04-21 17:01:53.636]
04-21 17:01:53.638 17431 17575 D ar_activity: [[2d] after update lines time=2023-04-21 17:01:53.638]
04-21 17:01:58.813 17431 17431 D ar_activity: [[2a end - 2d start] onChildAdded stroke id=-NT_bv-R--_bECDeMKMI time=2023-04-21 17:01:58.813]
04-21 17:01:58.813 17431 17431 D ar_activity: stroke (id: -NT_bv-R--_bECDeMKMI) was resolved at 2023-04-21 17:01:58.813
04-21 17:01:58.813 17431 17431 D ar_activity: [[2a end or 2d start] onLineAdded stroke id=-NT_bv-R--_bECDeMKMI time=2023-04-21 17:01:58.813]
04-21 17:01:58.825 17431 17575 D ar_activity: [[2d] after update lines time=2023-04-21 17:01:58.825]
04-21 17:01:58.908 17431 17431 D ar_activity: [[2a end - 2d start] onChildChanged stroke id=-NT_bv-R--_bECDeMKMI time=2023-04-21 17:01:58.908]
04-21 17:01:58.930 17431 17575 D ar_activity: [[2d] after update lines time=2023-04-21 17:01:58.929]
04-21 17:01:58.996 17431 17431 D ar_activity: [[2a end - 2d start] onChildChanged stroke id=-NT_bv-R--_bECDeMKMI time=2023-04-21 17:01:58.995]
04-21 17:01:58.997 17431 17575 D ar_activity: [[2d] after update lines time=2023-04-21 17:01:58.997]
04-21 17:01:59.016 17431 17575 D ar_activity: [[2d] after update lines time=2023-04-21 17:01:59.016]
04-21 17:01:59.037 17431 17575 D ar_activity: [[2d] after update lines time=2023-04-21 17:01:59.037]
04-21 17:01:59.056 17431 17575 D ar_activity: [[2d] after update lines time=2023-04-21 17:01:59.056]
04-21 17:01:59.075 17431 17575 D ar_activity: [[2d] after update lines time=2023-04-21 17:01:59.075]
04-21 17:01:59.081 17431 17431 D ar_activity: [[2a end - 2d start] onChildChanged stroke id=-NT_bv-R--_bECDeMKMI time=2023-04-21 17:01:59.081]
04-21 17:01:59.094 17431 17575 D ar_activity: [[2d] after update lines time=2023-04-21 17:01:59.094]
04-21 17:01:59.115 17431 17575 D ar_activity: [[2d] after update lines time=2023-04-21 17:01:59.114]
04-21 17:01:59.136 17431 17575 D ar_activity: [[2d] after update lines time=2023-04-21 17:01:59.135]
04-21 17:01:59.159 17431 17575 D ar_activity: [[2d] after update lines time=2023-04-21 17:01:59.159]
04-21 17:01:59.178 17431 17575 D ar_activity: [[2d] after update lines time=2023-04-21 17:01:59.178]
04-21 17:01:59.194 17431 17431 D ar_activity: [[2a end - 2d start] onChildChanged stroke id=-NT_bv-R--_bECDeMKMI time=2023-04-21 17:01:59.193]
04-21 17:01:59.197 17431 17575 D ar_activity: [[2d] after update lines time=2023-04-21 17:01:59.197]
04-21 17:01:59.216 17431 17575 D ar_activity: [[2d] after update lines time=2023-04-21 17:01:59.216]
04-21 17:01:59.235 17431 17575 D ar_activity: [[2d] after update lines time=2023-04-21 17:01:59.235]
04-21 17:01:59.260 17431 17575 D ar_activity: [[2d] after update lines time=2023-04-21 17:01:59.259]
04-21 17:01:59.283 17431 17575 D ar_activity: [[2d] after update lines time=2023-04-21 17:01:59.283]
04-21 17:01:59.306 17431 17575 D ar_activity: [[2d] after update lines time=2023-04-21 17:01:59.306]
04-21 17:01:59.306 17431 17431 D ar_activity: [[2a end - 2d start] onChildChanged stroke id=-NT_bv-R--_bECDeMKMI time=2023-04-21 17:01:59.306]
04-21 17:01:59.328 17431 17575 D ar_activity: [[2d] after update lines time=2023-04-21 17:01:59.327]
04-21 17:01:59.348 17431 17575 D ar_activity: [[2d] after update lines time=2023-04-21 17:01:59.348]
04-21 17:01:59.367 17431 17575 D ar_activity: [[2d] after update lines time=2023-04-21 17:01:59.367]
04-21 17:01:59.385 17431 17431 D ar_activity: [[2a end - 2d start] onChildChanged stroke id=-NT_bv-R--_bECDeMKMI time=2023-04-21 17:01:59.385]
04-21 17:01:59.386 17431 17575 D ar_activity: [[2d] after update lines time=2023-04-21 17:01:59.386]
04-21 17:01:59.407 17431 17575 D ar_activity: [[2d] after update lines time=2023-04-21 17:01:59.407]
04-21 17:01:59.425 17431 17575 D ar_activity: [[2d] after update lines time=2023-04-21 17:01:59.425]
04-21 17:01:59.445 17431 17575 D ar_activity: [[2d] after update lines time=2023-04-21 17:01:59.444]
04-21 17:01:59.464 17431 17575 D ar_activity: [[2d] after update lines time=2023-04-21 17:01:59.464]
04-21 17:01:59.483 17431 17575 D ar_activity: [[2d] after update lines time=2023-04-21 17:01:59.482]
04-21 17:01:59.483 17431 17431 D ar_activity: [[2a end - 2d start] onChildChanged stroke id=-NT_bv-R--_bECDeMKMI time=2023-04-21 17:01:59.483]
04-21 17:01:59.502 17431 17575 D ar_activity: [[2d] after update lines time=2023-04-21 17:01:59.501]
04-21 17:01:59.524 17431 17575 D ar_activity: [[2d] after update lines time=2023-04-21 17:01:59.523]
04-21 17:01:59.543 17431 17575 D ar_activity: [[2d] after update lines time=2023-04-21 17:01:59.543]
04-21 17:01:59.563 17431 17575 D ar_activity: [[2d] after update lines time=2023-04-21 17:01:59.563]
04-21 17:01:59.574 17431 17431 D ar_activity: [[2a end - 2d start] onChildChanged stroke id=-NT_bv-R--_bECDeMKMI time=2023-04-21 17:01:59.574]
04-21 17:01:59.582 17431 17575 D ar_activity: [[2d] after update lines time=2023-04-21 17:01:59.582]
04-21 17:01:59.601 17431 17575 D ar_activity: [[2d] after update lines time=2023-04-21 17:01:59.601]
04-21 17:01:59.624 17431 17575 D ar_activity: [[2d] after update lines time=2023-04-21 17:01:59.624]
04-21 17:01:59.644 17431 17575 D ar_activity: [[2d] after update lines time=2023-04-21 17:01:59.644]
04-21 17:01:59.664 17431 17575 D ar_activity: [[2d] after update lines time=2023-04-21 17:01:59.664]
04-21 17:01:59.681 17431 17431 D ar_activity: [[2a end - 2d start] onChildChanged stroke id=-NT_bv-R--_bECDeMKMI time=2023-04-21 17:01:59.681]
04-21 17:01:59.685 17431 17575 D ar_activity: [[2d] after update lines time=2023-04-21 17:01:59.685]
04-21 17:01:59.709 17431 17575 D ar_activity: [[2d] after update lines time=2023-04-21 17:01:59.708]
04-21 17:01:59.729 17431 17575 D ar_activity: [[2d] after update lines time=2023-04-21 17:01:59.729]
04-21 17:01:59.748 17431 17575 D ar_activity: [[2d] after update lines time=2023-04-21 17:01:59.748]
04-21 17:01:59.767 17431 17431 D ar_activity: [[2a end - 2d start] onChildChanged stroke id=-NT_bv-R--_bECDeMKMI time=2023-04-21 17:01:59.767]
04-21 17:01:59.773 17431 17575 D ar_activity: [[2d] after update lines time=2023-04-21 17:01:59.772]
04-21 17:01:59.793 17431 17575 D ar_activity: [[2d] after update lines time=2023-04-21 17:01:59.792]
04-21 17:01:59.813 17431 17575 D ar_activity: [[2d] after update lines time=2023-04-21 17:01:59.812]
04-21 17:01:59.833 17431 17575 D ar_activity: [[2d] after update lines time=2023-04-21 17:01:59.833]
04-21 17:01:59.857 17431 17575 D ar_activity: [[2d] after update lines time=2023-04-21 17:01:59.857]
04-21 17:01:59.880 17431 17575 D ar_activity: [[2d] after update lines time=2023-04-21 17:01:59.880]
04-21 17:01:59.894 17431 17431 D ar_activity: [[2a end - 2d start] onChildChanged stroke id=-NT_bv-R--_bECDeMKMI time=2023-04-21 17:01:59.894]
04-21 17:01:59.901 17431 17575 D ar_activity: [[2d] after update lines time=2023-04-21 17:01:59.901]
04-21 17:01:59.932 17431 17575 D ar_activity: [[2d] after update lines time=2023-04-21 17:01:59.930]
04-21 17:01:59.958 17431 17575 D ar_activity: [[2d] after update lines time=2023-04-21 17:01:59.957]
04-21 17:01:59.983 17431 17575 D ar_activity: [[2d] after update lines time=2023-04-21 17:01:59.983]
04-21 17:02:00.005 17431 17431 D ar_activity: [[2a end - 2d start] onChildChanged stroke id=-NT_bv-R--_bECDeMKMI time=2023-04-21 17:02:00.005]
04-21 17:02:00.006 17431 17575 D ar_activity: [[2d] after update lines time=2023-04-21 17:02:00.006]
04-21 17:02:00.025 17431 17575 D ar_activity: [[2d] after update lines time=2023-04-21 17:02:00.025]
04-21 17:02:00.051 17431 17575 D ar_activity: [[2d] after update lines time=2023-04-21 17:02:00.048]
04-21 17:02:00.082 17431 17575 D ar_activity: [[2d] after update lines time=2023-04-21 17:02:00.082]
04-21 17:02:00.101 17431 17575 D ar_activity: [[2d] after update lines time=2023-04-21 17:02:00.101]
04-21 17:02:00.113 17431 17431 D ar_activity: [[2a end - 2d start] onChildChanged stroke id=-NT_bv-R--_bECDeMKMI time=2023-04-21 17:02:00.112]
04-21 17:02:00.123 17431 17575 D ar_activity: [[2d] after update lines time=2023-04-21 17:02:00.122]
04-21 17:02:00.156 17431 17575 D ar_activity: [[2d] after update lines time=2023-04-21 17:02:00.155]
04-21 17:02:00.180 17431 17575 D ar_activity: [[2d] after update lines time=2023-04-21 17:02:00.180]
04-21 17:02:00.194 17431 17431 D ar_activity: [[2a end - 2d start] onChildChanged stroke id=-NT_bv-R--_bECDeMKMI time=2023-04-21 17:02:00.194]
04-21 17:02:00.201 17431 17575 D ar_activity: [[2d] after update lines time=2023-04-21 17:02:00.201]
04-21 17:02:00.220 17431 17575 D ar_activity: [[2d] after update lines time=2023-04-21 17:02:00.220]
04-21 17:02:00.250 17431 17575 D ar_activity: [[2d] after update lines time=2023-04-21 17:02:00.249]
04-21 17:02:00.274 17431 17575 D ar_activity: [[2d] after update lines time=2023-04-21 17:02:00.274]
04-21 17:02:00.284 17431 17431 D ar_activity: [[2a end - 2d start] onChildChanged stroke id=-NT_bv-R--_bECDeMKMI time=2023-04-21 17:02:00.284]
04-21 17:02:00.298 17431 17575 D ar_activity: [[2d] after update lines time=2023-04-21 17:02:00.297]
04-21 17:02:00.320 17431 17575 D ar_activity: [[2d] after update lines time=2023-04-21 17:02:00.320]
04-21 17:02:00.346 17431 17575 D ar_activity: [[2d] after update lines time=2023-04-21 17:02:00.345]
04-21 17:02:00.370 17431 17575 D ar_activity: [[2d] after update lines time=2023-04-21 17:02:00.370]
04-21 17:02:00.391 17431 17575 D ar_activity: [[2d] after update lines time=2023-04-21 17:02:00.391]
04-21 17:02:00.402 17431 17431 D ar_activity: [[2a end - 2d start] onChildChanged stroke id=-NT_bv-R--_bECDeMKMI time=2023-04-21 17:02:00.402]
04-21 17:02:00.410 17431 17575 D ar_activity: [[2d] after update lines time=2023-04-21 17:02:00.410]
04-21 17:02:00.429 17431 17575 D ar_activity: [[2d] after update lines time=2023-04-21 17:02:00.429]
04-21 17:02:00.448 17431 17575 D ar_activity: [[2d] after update lines time=2023-04-21 17:02:00.448]
04-21 17:02:00.467 17431 17575 D ar_activity: [[2d] after update lines time=2023-04-21 17:02:00.467]
04-21 17:02:00.488 17431 17575 D ar_activity: [[2d] after update lines time=2023-04-21 17:02:00.488]
04-21 17:02:00.501 17431 17431 D ar_activity: [[2a end - 2d start] onChildChanged stroke id=-NT_bv-R--_bECDeMKMI time=2023-04-21 17:02:00.501]
04-21 17:02:00.510 17431 17575 D ar_activity: [[2d] after update lines time=2023-04-21 17:02:00.509]
04-21 17:02:00.529 17431 17575 D ar_activity: [[2d] after update lines time=2023-04-21 17:02:00.529]
04-21 17:02:00.549 17431 17575 D ar_activity: [[2d] after update lines time=2023-04-21 17:02:00.549]
04-21 17:02:00.569 17431 17575 D ar_activity: [[2d] after update lines time=2023-04-21 17:02:00.568]
04-21 17:02:00.585 17431 17431 D ar_activity: [[2a end - 2d start] onChildChanged stroke id=-NT_bv-R--_bECDeMKMI time=2023-04-21 17:02:00.585]
04-21 17:02:00.587 17431 17575 D ar_activity: [[2d] after update lines time=2023-04-21 17:02:00.587]
04-21 17:02:00.611 17431 17575 D ar_activity: [[2d] after update lines time=2023-04-21 17:02:00.611]
04-21 17:02:00.632 17431 17575 D ar_activity: [[2d] after update lines time=2023-04-21 17:02:00.631]
04-21 17:02:00.651 17431 17575 D ar_activity: [[2d] after update lines time=2023-04-21 17:02:00.651]
04-21 17:02:00.670 17431 17575 D ar_activity: [[2d] after update lines time=2023-04-21 17:02:00.670]
04-21 17:02:00.693 17431 17575 D ar_activity: [[2d] after update lines time=2023-04-21 17:02:00.692]
04-21 17:02:00.701 17431 17431 D ar_activity: [[2a end - 2d start] onChildChanged stroke id=-NT_bv-R--_bECDeMKMI time=2023-04-21 17:02:00.700]
04-21 17:02:00.713 17431 17575 D ar_activity: [[2d] after update lines time=2023-04-21 17:02:00.713]
04-21 17:02:00.733 17431 17575 D ar_activity: [[2d] after update lines time=2023-04-21 17:02:00.733]
04-21 17:02:00.756 17431 17575 D ar_activity: [[2d] after update lines time=2023-04-21 17:02:00.755]
04-21 17:02:00.781 17431 17575 D ar_activity: [[2d] after update lines time=2023-04-21 17:02:00.780]
04-21 17:02:00.803 17431 17575 D ar_activity: [[2d] after update lines time=2023-04-21 17:02:00.802]
04-21 17:02:00.816 17431 17431 D ar_activity: [[2a end - 2d start] onChildChanged stroke id=-NT_bv-R--_bECDeMKMI time=2023-04-21 17:02:00.816]
04-21 17:02:00.826 17431 17575 D ar_activity: [[2d] after update lines time=2023-04-21 17:02:00.826]
04-21 17:02:00.845 17431 17575 D ar_activity: [[2d] after update lines time=2023-04-21 17:02:00.845]
04-21 17:02:00.864 17431 17575 D ar_activity: [[2d] after update lines time=2023-04-21 17:02:00.864]
04-21 17:02:00.883 17431 17575 D ar_activity: [[2d] after update lines time=2023-04-21 17:02:00.883]
04-21 17:02:00.902 17431 17575 D ar_activity: [[2d] after update lines time=2023-04-21 17:02:00.902]
04-21 17:02:00.920 17431 17575 D ar_activity: [[2d] after update lines time=2023-04-21 17:02:00.920]
04-21 17:02:00.935 17431 17431 D ar_activity: [[2a end - 2d start] onChildChanged stroke id=-NT_bv-R--_bECDeMKMI time=2023-04-21 17:02:00.934]
04-21 17:02:00.944 17431 17575 D ar_activity: [[2d] after update lines time=2023-04-21 17:02:00.942]
04-21 17:02:00.967 17431 17575 D ar_activity: [[2d] after update lines time=2023-04-21 17:02:00.965]
04-21 17:02:00.997 17431 17575 D ar_activity: [[2d] after update lines time=2023-04-21 17:02:00.997]
04-21 17:02:01.018 17431 17575 D ar_activity: [[2d] after update lines time=2023-04-21 17:02:01.018]
04-21 17:02:01.041 17431 17575 D ar_activity: [[2d] after update lines time=2023-04-21 17:02:01.040]
04-21 17:02:01.061 17431 17431 D ar_activity: [[2a end - 2d start] onChildChanged stroke id=-NT_bv-R--_bECDeMKMI time=2023-04-21 17:02:01.061]
04-21 17:02:01.066 17431 17575 D ar_activity: [[2d] after update lines time=2023-04-21 17:02:01.066]
04-21 17:02:01.085 17431 17575 D ar_activity: [[2d] after update lines time=2023-04-21 17:02:01.085]
04-21 17:02:01.104 17431 17575 D ar_activity: [[2d] after update lines time=2023-04-21 17:02:01.104]
04-21 17:02:01.126 17431 17575 D ar_activity: [[2d] after update lines time=2023-04-21 17:02:01.125]
04-21 17:02:01.145 17431 17575 D ar_activity: [[2d] after update lines time=2023-04-21 17:02:01.144]
04-21 17:02:01.156 17431 17431 D ar_activity: [[2a end - 2d start] onChildChanged stroke id=-NT_bv-R--_bECDeMKMI time=2023-04-21 17:02:01.155]
04-21 17:02:01.163 17431 17575 D ar_activity: [[2d] after update lines time=2023-04-21 17:02:01.163]
04-21 17:02:01.183 17431 17575 D ar_activity: [[2d] after update lines time=2023-04-21 17:02:01.183]
04-21 17:02:01.203 17431 17575 D ar_activity: [[2d] after update lines time=2023-04-21 17:02:01.203]
04-21 17:02:01.223 17431 17575 D ar_activity: [[2d] after update lines time=2023-04-21 17:02:01.223]
04-21 17:02:01.245 17431 17575 D ar_activity: [[2d] after update lines time=2023-04-21 17:02:01.245]
04-21 17:02:01.255 17431 17431 D ar_activity: [[2a end - 2d start] onChildChanged stroke id=-NT_bv-R--_bECDeMKMI time=2023-04-21 17:02:01.255]
04-21 17:02:01.264 17431 17575 D ar_activity: [[2d] after update lines time=2023-04-21 17:02:01.264]
04-21 17:02:01.287 17431 17575 D ar_activity: [[2d] after update lines time=2023-04-21 17:02:01.286]
04-21 17:02:01.315 17431 17575 D ar_activity: [[2d] after update lines time=2023-04-21 17:02:01.314]
04-21 17:02:01.340 17431 17575 D ar_activity: [[2d] after update lines time=2023-04-21 17:02:01.340]
04-21 17:02:01.371 17431 17431 D ar_activity: [[2a end - 2d start] onChildChanged stroke id=-NT_bv-R--_bECDeMKMI time=2023-04-21 17:02:01.371]
04-21 17:02:01.372 17431 17575 D ar_activity: [[2d] after update lines time=2023-04-21 17:02:01.371]
04-21 17:02:01.396 17431 17575 D ar_activity: [[2d] after update lines time=2023-04-21 17:02:01.396]
04-21 17:02:01.415 17431 17575 D ar_activity: [[2d] after update lines time=2023-04-21 17:02:01.414]
04-21 17:02:01.434 17431 17575 D ar_activity: [[2d] after update lines time=2023-04-21 17:02:01.434]
04-21 17:02:01.454 17431 17431 D ar_activity: [[2a end - 2d start] onChildChanged stroke id=-NT_bv-R--_bECDeMKMI time=2023-04-21 17:02:01.454]
04-21 17:02:01.454 17431 17575 D ar_activity: [[2d] after update lines time=2023-04-21 17:02:01.454]
04-21 17:02:01.480 17431 17575 D ar_activity: [[2d] after update lines time=2023-04-21 17:02:01.480]
04-21 17:02:01.502 17431 17575 D ar_activity: [[2d] after update lines time=2023-04-21 17:02:01.502]
04-21 17:02:01.521 17431 17575 D ar_activity: [[2d] after update lines time=2023-04-21 17:02:01.521]
04-21 17:02:01.544 17431 17575 D ar_activity: [[2d] after update lines time=2023-04-21 17:02:01.544]
04-21 17:02:01.558 17431 17431 D ar_activity: [[2a end - 2d start] onChildChanged stroke id=-NT_bv-R--_bECDeMKMI time=2023-04-21 17:02:01.558]
04-21 17:02:01.563 17431 17575 D ar_activity: [[2d] after update lines time=2023-04-21 17:02:01.562]
04-21 17:02:01.582 17431 17575 D ar_activity: [[2d] after update lines time=2023-04-21 17:02:01.582]
04-21 17:02:01.604 17431 17575 D ar_activity: [[2d] after update lines time=2023-04-21 17:02:01.603]
04-21 17:02:01.625 17431 17575 D ar_activity: [[2d] after update lines time=2023-04-21 17:02:01.625]
04-21 17:02:01.649 17431 17575 D ar_activity: [[2d] after update lines time=2023-04-21 17:02:01.648]
04-21 17:02:01.666 17431 17431 D ar_activity: [[2a end - 2d start] onChildChanged stroke id=-NT_bv-R--_bECDeMKMI time=2023-04-21 17:02:01.666]
04-21 17:02:01.672 17431 17575 D ar_activity: [[2d] after update lines time=2023-04-21 17:02:01.672]
04-21 17:02:01.694 17431 17575 D ar_activity: [[2d] after update lines time=2023-04-21 17:02:01.693]
04-21 17:02:01.713 17431 17575 D ar_activity: [[2d] after update lines time=2023-04-21 17:02:01.713]
04-21 17:02:01.733 17431 17575 D ar_activity: [[2d] after update lines time=2023-04-21 17:02:01.733]
04-21 17:02:01.753 17431 17575 D ar_activity: [[2d] after update lines time=2023-04-21 17:02:01.752]
04-21 17:02:01.767 17431 17431 D ar_activity: [[2a end - 2d start] onChildChanged stroke id=-NT_bv-R--_bECDeMKMI time=2023-04-21 17:02:01.766]
04-21 17:02:01.773 17431 17575 D ar_activity: [[2d] after update lines time=2023-04-21 17:02:01.773]
04-21 17:02:01.794 17431 17575 D ar_activity: [[2d] after update lines time=2023-04-21 17:02:01.794]
04-21 17:02:01.816 17431 17575 D ar_activity: [[2d] after update lines time=2023-04-21 17:02:01.815]
04-21 17:02:01.838 17431 17575 D ar_activity: [[2d] after update lines time=2023-04-21 17:02:01.838]
04-21 17:02:01.861 17431 17431 D ar_activity: [[2a end - 2d start] onChildChanged stroke id=-NT_bv-R--_bECDeMKMI time=2023-04-21 17:02:01.861]
04-21 17:02:01.865 17431 17575 D ar_activity: [[2d] after update lines time=2023-04-21 17:02:01.864]
04-21 17:02:01.889 17431 17575 D ar_activity: [[2d] after update lines time=2023-04-21 17:02:01.888]
04-21 17:02:01.914 17431 17575 D ar_activity: [[2d] after update lines time=2023-04-21 17:02:01.913]
04-21 17:02:01.936 17431 17575 D ar_activity: [[2d] after update lines time=2023-04-21 17:02:01.936]
04-21 17:02:01.959 17431 17575 D ar_activity: [[2d] after update lines time=2023-04-21 17:02:01.958]
04-21 17:02:01.983 17431 17575 D ar_activity: [[2d] after update lines time=2023-04-21 17:02:01.983]
04-21 17:02:01.996 17431 17431 D ar_activity: [[2a end - 2d start] onChildChanged stroke id=-NT_bv-R--_bECDeMKMI time=2023-04-21 17:02:01.996]
04-21 17:02:02.003 17431 17575 D ar_activity: [[2d] after update lines time=2023-04-21 17:02:02.003]
04-21 17:02:02.024 17431 17575 D ar_activity: [[2d] after update lines time=2023-04-21 17:02:02.023]
04-21 17:02:02.051 17431 17575 D ar_activity: [[2d] after update lines time=2023-04-21 17:02:02.049]
04-21 17:02:02.070 17431 17575 D ar_activity: [[2d] after update lines time=2023-04-21 17:02:02.070]
04-21 17:02:02.083 17431 17431 D ar_activity: [[2a end - 2d start] onChildChanged stroke id=-NT_bv-R--_bECDeMKMI time=2023-04-21 17:02:02.083]
04-21 17:02:02.089 17431 17575 D ar_activity: [[2d] after update lines time=2023-04-21 17:02:02.089]
04-21 17:02:02.111 17431 17575 D ar_activity: [[2d] after update lines time=2023-04-21 17:02:02.110]
04-21 17:02:02.131 17431 17575 D ar_activity: [[2d] after update lines time=2023-04-21 17:02:02.131]
04-21 17:02:02.150 17431 17575 D ar_activity: [[2d] after update lines time=2023-04-21 17:02:02.150]
04-21 17:02:02.173 17431 17575 D ar_activity: [[2d] after update lines time=2023-04-21 17:02:02.173]
04-21 17:02:02.196 17431 17575 D ar_activity: [[2d] after update lines time=2023-04-21 17:02:02.196]
04-21 17:02:02.216 17431 17575 D ar_activity: [[2d] after update lines time=2023-04-21 17:02:02.215]
04-21 17:02:02.217 17431 17431 D ar_activity: [[2a end - 2d start] onChildChanged stroke id=-NT_bv-R--_bECDeMKMI time=2023-04-21 17:02:02.217]
04-21 17:02:02.235 17431 17575 D ar_activity: [[2d] after update lines time=2023-04-21 17:02:02.235]
04-21 17:02:02.258 17431 17575 D ar_activity: [[2d] after update lines time=2023-04-21 17:02:02.257]
04-21 17:02:02.280 17431 17575 D ar_activity: [[2d] after update lines time=2023-04-21 17:02:02.280]
04-21 17:02:02.299 17431 17575 D ar_activity: [[2d] after update lines time=2023-04-21 17:02:02.299]
04-21 17:02:02.319 17431 17431 D ar_activity: [[2a end - 2d start] onChildChanged stroke id=-NT_bv-R--_bECDeMKMI time=2023-04-21 17:02:02.318]
04-21 17:02:02.319 17431 17575 D ar_activity: [[2d] after update lines time=2023-04-21 17:02:02.319]
04-21 17:02:02.343 17431 17575 D ar_activity: [[2d] after update lines time=2023-04-21 17:02:02.341]
04-21 17:02:02.368 17431 17575 D ar_activity: [[2d] after update lines time=2023-04-21 17:02:02.367]
04-21 17:02:02.390 17431 17575 D ar_activity: [[2d] after update lines time=2023-04-21 17:02:02.390]
04-21 17:02:02.419 17431 17575 D ar_activity: [[2d] after update lines time=2023-04-21 17:02:02.418]
04-21 17:02:02.419 17431 17431 D ar_activity: [[2a end - 2d start] onChildChanged stroke id=-NT_bv-R--_bECDeMKMI time=2023-04-21 17:02:02.419]
04-21 17:02:02.449 17431 17575 D ar_activity: [[2d] after update lines time=2023-04-21 17:02:02.449]
04-21 17:02:02.468 17431 17575 D ar_activity: [[2d] after update lines time=2023-04-21 17:02:02.468]
04-21 17:02:02.487 17431 17575 D ar_activity: [[2d] after update lines time=2023-04-21 17:02:02.487]
04-21 17:02:02.505 17431 17575 D ar_activity: [[2d] after update lines time=2023-04-21 17:02:02.505]
04-21 17:02:02.524 17431 17575 D ar_activity: [[2d] after update lines time=2023-04-21 17:02:02.524]
04-21 17:02:02.534 17431 17431 D ar_activity: [[2a end - 2d start] onChildChanged stroke id=-NT_bv-R--_bECDeMKMI time=2023-04-21 17:02:02.534]
