--------- beginning of main
04-21 16:56:04.352 22512 22648 D ar_activity: [[2d] after update lines time=2023-04-21 16:56:04.304]
04-21 16:56:08.108 22512 22512 D ar_activity: [--- pair start --- time=2023-04-21 16:56:08.108]
04-21 16:56:08.108 22512 22512 D ar_activity: [--- pair session start --- time=2023-04-21 16:56:08.108]
04-21 16:56:08.140 22512 22512 D ar_activity: [create room: Message{namespace='', type='', content=[34 bytes]} time=2023-04-21 16:56:08.139]
04-21 16:56:08.151 22512 22512 D ar_activity: LOOKING: 2023-04-21 16:56:08.151
04-21 16:56:13.296 22512 22512 D ar_activity: [--- pair joined --- time=2023-04-21 16:56:13.296]
04-21 16:56:13.298 22512 22512 D ar_activity: PARTNER FOUND: 2023-04-21 16:56:13.298
04-21 16:56:15.304 22512 22512 D ar_activity: SET ANCHOR: 2023-04-21 16:56:15.304
04-21 16:56:16.601 22512 22512 D ar_activity: [anchor resolution changed: null time=2023-04-21 16:56:16.601]
04-21 16:56:16.669 22512 22512 D ar_activity: [--- sync ready to set anchor --- time=2023-04-21 16:56:16.668]
04-21 16:56:16.669 22512 22512 D ar_activity: [--- sync: sendSetAnchorEvent --- time=2023-04-21 16:56:16.669]
04-21 16:56:16.670 22512 22512 D ar_activity: --- start creating anchor: 2023-04-21 16:56:16.670 ---
04-21 16:56:16.670 22512 22512 D ar_activity: --- anchor: com.google.ar.core.Anchor@b49e8f89 ---
04-21 16:56:16.670 22512 22512 D ar_activity: --- finish creating anchor: 2023-04-21 16:56:16.670 ---
04-21 16:56:16.671 22512 22512 D ar_activity: [hostAnchor start time=2023-04-21 16:56:16.670]
04-21 16:56:16.671 22512 22512 D ar_activity: [hostAnchor end time=2023-04-21 16:56:16.671]
04-21 16:56:16.672 22512 22512 D ar_activity: Start CONNECTING: 2023-04-21 16:56:16.671
04-21 16:56:16.677 22512 22648 D ar_activity: [--- anchor: onUpdate--- time=2023-04-21 16:56:16.677]
04-21 16:56:18.806 22512 22648 D ar_activity: [--- anchor: onUpdate--- time=2023-04-21 16:56:18.805]
04-21 16:56:19.980 22512 22648 D ar_activity: [--- anchor: onUpdate--- time=2023-04-21 16:56:19.979]
04-21 16:56:19.980 22512 22648 D ar_activity: [--- onAnchorHosted [HOSTED]--- time=2023-04-21 16:56:19.980]
04-21 16:56:19.993 22512 22512 D ar_activity: [anchor resolution changed: false time=2023-04-21 16:56:19.993]
04-21 16:57:06.275 22512 22512 D ar_activity: [--- sync: finish syncing anchor --- time=2023-04-21 16:57:06.275]
04-21 16:57:06.278 22512 22512 D ar_activity: SYNCED: 2023-04-21 16:57:06.277
04-21 16:57:14.350 22512 22512 D ar_activity: [[1a start] touch screen time=2023-04-21 16:57:14.350]
04-21 16:57:14.362 22512 22648 D ar_activity: addStroke at 2023-04-21 16:57:14.362
04-21 16:57:14.363 22512 22648 D ar_activity: stroke (id: -NT_ap_NMLeZM_kdYqIy) was added at 2023-04-21 16:57:14.363
04-21 16:57:14.363 22512 22648 D ar_activity: [[1b start] setFirebaseValue stroke id=-NT_ap_NMLeZM_kdYqIy time=2023-04-21 16:57:14.363]
04-21 16:57:14.366 22512 22648 D ar_activity: [TRACKING TransformPointToPose time=2023-04-21 16:57:14.365]
04-21 16:57:14.367 22512 22648 D ar_activity: [TRACKING TransformPointToPose time=2023-04-21 16:57:14.367]
04-21 16:57:14.367 22512 22648 D ar_activity: send stroke to firebase, id=-NT_ap_NMLeZM_kdYqIy
04-21 16:57:14.367 22512 22648 D ar_activity: [[2d] after update lines time=2023-04-21 16:57:14.367]
04-21 16:57:14.378 22512 22512 D ar_activity: [[2a end - 2d start] onChildAdded stroke id=-NT_ap_NMLeZM_kdYqIy time=2023-04-21 16:57:14.378]
04-21 16:57:14.392 22512 22648 D ar_activity: [TRACKING TransformPointToPose time=2023-04-21 16:57:14.390]
04-21 16:57:14.392 22512 22648 D ar_activity: [TRACKING TransformPointToPose time=2023-04-21 16:57:14.392]
04-21 16:57:14.393 22512 22648 D ar_activity: send stroke to firebase, id=-NT_ap_NMLeZM_kdYqIy
04-21 16:57:14.395 22512 22648 D ar_activity: [[2d] after update lines time=2023-04-21 16:57:14.395]
04-21 16:57:14.416 22512 22648 D ar_activity: [TRACKING TransformPointToPose time=2023-04-21 16:57:14.416]
04-21 16:57:14.417 22512 22648 D ar_activity: [TRACKING TransformPointToPose time=2023-04-21 16:57:14.417]
04-21 16:57:14.418 22512 22648 D ar_activity: send stroke to firebase, id=-NT_ap_NMLeZM_kdYqIy
04-21 16:57:14.420 22512 22648 D ar_activity: [[2d] after update lines time=2023-04-21 16:57:14.419]
04-21 16:57:14.440 22512 22648 D ar_activity: [TRACKING TransformPointToPose time=2023-04-21 16:57:14.439]
04-21 16:57:14.440 22512 22648 D ar_activity: [TRACKING TransformPointToPose time=2023-04-21 16:57:14.440]
04-21 16:57:14.440 22512 22648 D ar_activity: send stroke to firebase, id=-NT_ap_NMLeZM_kdYqIy
04-21 16:57:14.441 22512 22648 D ar_activity: [[2d] after update lines time=2023-04-21 16:57:14.440]
04-21 16:57:14.453 22512 22512 D ar_activity: [[1b start] setFirebaseValue stroke id=-NT_ap_NMLeZM_kdYqIy time=2023-04-21 16:57:14.453]
04-21 16:57:14.455 22512 22512 D ar_activity: [[2a end - 2d start] onChildChanged stroke id=-NT_ap_NMLeZM_kdYqIy time=2023-04-21 16:57:14.454]
04-21 16:57:14.462 22512 22648 D ar_activity: [TRACKING TransformPointToPose time=2023-04-21 16:57:14.462]
04-21 16:57:14.462 22512 22648 D ar_activity: [TRACKING TransformPointToPose time=2023-04-21 16:57:14.462]
04-21 16:57:14.462 22512 22648 D ar_activity: send stroke to firebase, id=-NT_ap_NMLeZM_kdYqIy
04-21 16:57:14.463 22512 22648 D ar_activity: [[2d] after update lines time=2023-04-21 16:57:14.462]
04-21 16:57:14.484 22512 22648 D ar_activity: [TRACKING TransformPointToPose time=2023-04-21 16:57:14.483]
04-21 16:57:14.484 22512 22648 D ar_activity: [TRACKING TransformPointToPose time=2023-04-21 16:57:14.484]
04-21 16:57:14.484 22512 22648 D ar_activity: send stroke to firebase, id=-NT_ap_NMLeZM_kdYqIy
04-21 16:57:14.486 22512 22648 D ar_activity: [[2d] after update lines time=2023-04-21 16:57:14.486]
04-21 16:57:14.511 22512 22648 D ar_activity: [TRACKING TransformPointToPose time=2023-04-21 16:57:14.511]
04-21 16:57:14.512 22512 22648 D ar_activity: [TRACKING TransformPointToPose time=2023-04-21 16:57:14.511]
04-21 16:57:14.512 22512 22648 D ar_activity: send stroke to firebase, id=-NT_ap_NMLeZM_kdYqIy
04-21 16:57:14.514 22512 22648 D ar_activity: [[2d] after update lines time=2023-04-21 16:57:14.513]
04-21 16:57:14.538 22512 22648 D ar_activity: [TRACKING TransformPointToPose time=2023-04-21 16:57:14.537]
04-21 16:57:14.539 22512 22648 D ar_activity: [TRACKING TransformPointToPose time=2023-04-21 16:57:14.539]
04-21 16:57:14.540 22512 22648 D ar_activity: send stroke to firebase, id=-NT_ap_NMLeZM_kdYqIy
04-21 16:57:14.541 22512 22648 D ar_activity: [[2d] after update lines time=2023-04-21 16:57:14.540]
04-21 16:57:14.563 22512 22512 D ar_activity: [[2a end - 2d start] onChildChanged stroke id=-NT_ap_NMLeZM_kdYqIy time=2023-04-21 16:57:14.563]
04-21 16:57:14.566 22512 22648 D ar_activity: [TRACKING TransformPointToPose time=2023-04-21 16:57:14.566]
04-21 16:57:14.567 22512 22648 D ar_activity: [TRACKING TransformPointToPose time=2023-04-21 16:57:14.566]
04-21 16:57:14.567 22512 22648 D ar_activity: send stroke to firebase, id=-NT_ap_NMLeZM_kdYqIy
04-21 16:57:14.569 22512 22648 D ar_activity: [[2d] after update lines time=2023-04-21 16:57:14.568]
04-21 16:57:14.589 22512 22648 D ar_activity: [TRACKING TransformPointToPose time=2023-04-21 16:57:14.589]
04-21 16:57:14.589 22512 22648 D ar_activity: [TRACKING TransformPointToPose time=2023-04-21 16:57:14.589]
04-21 16:57:14.589 22512 22648 D ar_activity: send stroke to firebase, id=-NT_ap_NMLeZM_kdYqIy
04-21 16:57:14.589 22512 22648 D ar_activity: [[2d] after update lines time=2023-04-21 16:57:14.589]
04-21 16:57:14.611 22512 22648 D ar_activity: [TRACKING TransformPointToPose time=2023-04-21 16:57:14.611]
04-21 16:57:14.611 22512 22648 D ar_activity: [TRACKING TransformPointToPose time=2023-04-21 16:57:14.611]
04-21 16:57:14.612 22512 22648 D ar_activity: send stroke to firebase, id=-NT_ap_NMLeZM_kdYqIy
04-21 16:57:14.612 22512 22648 D ar_activity: [[2d] after update lines time=2023-04-21 16:57:14.612]
04-21 16:57:14.631 22512 22648 D ar_activity: [TRACKING TransformPointToPose time=2023-04-21 16:57:14.630]
04-21 16:57:14.631 22512 22648 D ar_activity: [TRACKING TransformPointToPose time=2023-04-21 16:57:14.631]
04-21 16:57:14.631 22512 22648 D ar_activity: send stroke to firebase, id=-NT_ap_NMLeZM_kdYqIy
04-21 16:57:14.631 22512 22648 D ar_activity: [[2d] after update lines time=2023-04-21 16:57:14.631]
04-21 16:57:14.651 22512 22648 D ar_activity: [TRACKING TransformPointToPose time=2023-04-21 16:57:14.651]
04-21 16:57:14.651 22512 22648 D ar_activity: [TRACKING TransformPointToPose time=2023-04-21 16:57:14.651]
04-21 16:57:14.651 22512 22648 D ar_activity: send stroke to firebase, id=-NT_ap_NMLeZM_kdYqIy
04-21 16:57:14.652 22512 22648 D ar_activity: [[2d] after update lines time=2023-04-21 16:57:14.652]
04-21 16:57:14.663 22512 22512 D ar_activity: [[2a end - 2d start] onChildChanged stroke id=-NT_ap_NMLeZM_kdYqIy time=2023-04-21 16:57:14.663]
04-21 16:57:14.671 22512 22648 D ar_activity: [TRACKING TransformPointToPose time=2023-04-21 16:57:14.671]
04-21 16:57:14.672 22512 22648 D ar_activity: [TRACKING TransformPointToPose time=2023-04-21 16:57:14.671]
04-21 16:57:14.672 22512 22648 D ar_activity: send stroke to firebase, id=-NT_ap_NMLeZM_kdYqIy
04-21 16:57:14.672 22512 22648 D ar_activity: [[2d] after update lines time=2023-04-21 16:57:14.672]
04-21 16:57:14.691 22512 22648 D ar_activity: [TRACKING TransformPointToPose time=2023-04-21 16:57:14.691]
04-21 16:57:14.691 22512 22648 D ar_activity: [TRACKING TransformPointToPose time=2023-04-21 16:57:14.691]
04-21 16:57:14.691 22512 22648 D ar_activity: send stroke to firebase, id=-NT_ap_NMLeZM_kdYqIy
04-21 16:57:14.692 22512 22648 D ar_activity: [[2d] after update lines time=2023-04-21 16:57:14.692]
04-21 16:57:14.712 22512 22648 D ar_activity: [TRACKING TransformPointToPose time=2023-04-21 16:57:14.712]
04-21 16:57:14.712 22512 22648 D ar_activity: send stroke to firebase, id=-NT_ap_NMLeZM_kdYqIy
04-21 16:57:14.713 22512 22648 D ar_activity: [[2d] after update lines time=2023-04-21 16:57:14.713]
04-21 16:57:14.732 22512 22648 D ar_activity: [TRACKING TransformPointToPose time=2023-04-21 16:57:14.732]
04-21 16:57:14.732 22512 22648 D ar_activity: send stroke to firebase, id=-NT_ap_NMLeZM_kdYqIy
04-21 16:57:14.733 22512 22648 D ar_activity: [[2d] after update lines time=2023-04-21 16:57:14.733]
04-21 16:57:14.754 22512 22512 D ar_activity: [[2a end - 2d start] onChildChanged stroke id=-NT_ap_NMLeZM_kdYqIy time=2023-04-21 16:57:14.754]
04-21 16:57:14.758 22512 22648 D ar_activity: [TRACKING TransformPointToPose time=2023-04-21 16:57:14.757]
04-21 16:57:14.758 22512 22648 D ar_activity: [TRACKING TransformPointToPose time=2023-04-21 16:57:14.758]
04-21 16:57:14.758 22512 22648 D ar_activity: [TRACKING TransformPointToPose time=2023-04-21 16:57:14.758]
04-21 16:57:14.758 22512 22648 D ar_activity: send stroke to firebase, id=-NT_ap_NMLeZM_kdYqIy
04-21 16:57:14.759 22512 22648 D ar_activity: [[2d] after update lines time=2023-04-21 16:57:14.759]
04-21 16:57:14.779 22512 22648 D ar_activity: [TRACKING TransformPointToPose time=2023-04-21 16:57:14.778]
04-21 16:57:14.779 22512 22648 D ar_activity: send stroke to firebase, id=-NT_ap_NMLeZM_kdYqIy
04-21 16:57:14.779 22512 22648 D ar_activity: [[2d] after update lines time=2023-04-21 16:57:14.779]
04-21 16:57:14.798 22512 22648 D ar_activity: [TRACKING TransformPointToPose time=2023-04-21 16:57:14.798]
04-21 16:57:14.798 22512 22648 D ar_activity: [TRACKING TransformPointToPose time=2023-04-21 16:57:14.798]
04-21 16:57:14.798 22512 22648 D ar_activity: send stroke to firebase, id=-NT_ap_NMLeZM_kdYqIy
04-21 16:57:14.799 22512 22648 D ar_activity: [[2d] after update lines time=2023-04-21 16:57:14.799]
04-21 16:57:14.818 22512 22648 D ar_activity: [TRACKING TransformPointToPose time=2023-04-21 16:57:14.818]
04-21 16:57:14.818 22512 22648 D ar_activity: [TRACKING TransformPointToPose time=2023-04-21 16:57:14.818]
04-21 16:57:14.819 22512 22648 D ar_activity: send stroke to firebase, id=-NT_ap_NMLeZM_kdYqIy
04-21 16:57:14.819 22512 22648 D ar_activity: [[2d] after update lines time=2023-04-21 16:57:14.819]
04-21 16:57:14.838 22512 22648 D ar_activity: [TRACKING TransformPointToPose time=2023-04-21 16:57:14.838]
04-21 16:57:14.839 22512 22648 D ar_activity: [TRACKING TransformPointToPose time=2023-04-21 16:57:14.839]
04-21 16:57:14.839 22512 22648 D ar_activity: send stroke to firebase, id=-NT_ap_NMLeZM_kdYqIy
04-21 16:57:14.840 22512 22648 D ar_activity: [[2d] after update lines time=2023-04-21 16:57:14.840]
04-21 16:57:14.872 22512 22648 D ar_activity: [TRACKING TransformPointToPose time=2023-04-21 16:57:14.870]
04-21 16:57:14.873 22512 22648 D ar_activity: [TRACKING TransformPointToPose time=2023-04-21 16:57:14.872]
04-21 16:57:14.873 22512 22512 D ar_activity: [[2a end - 2d start] onChildChanged stroke id=-NT_ap_NMLeZM_kdYqIy time=2023-04-21 16:57:14.873]
04-21 16:57:14.873 22512 22648 D ar_activity: [TRACKING TransformPointToPose time=2023-04-21 16:57:14.873]
04-21 16:57:14.873 22512 22648 D ar_activity: send stroke to firebase, id=-NT_ap_NMLeZM_kdYqIy
04-21 16:57:14.876 22512 22648 D ar_activity: [[2d] after update lines time=2023-04-21 16:57:14.875]
04-21 16:57:14.899 22512 22648 D ar_activity: [TRACKING TransformPointToPose time=2023-04-21 16:57:14.898]
04-21 16:57:14.899 22512 22648 D ar_activity: [TRACKING TransformPointToPose time=2023-04-21 16:57:14.899]
04-21 16:57:14.899 22512 22648 D ar_activity: send stroke to firebase, id=-NT_ap_NMLeZM_kdYqIy
04-21 16:57:14.900 22512 22648 D ar_activity: [[2d] after update lines time=2023-04-21 16:57:14.900]
04-21 16:57:14.921 22512 22648 D ar_activity: [TRACKING TransformPointToPose time=2023-04-21 16:57:14.920]
04-21 16:57:14.921 22512 22648 D ar_activity: send stroke to firebase, id=-NT_ap_NMLeZM_kdYqIy
04-21 16:57:14.922 22512 22648 D ar_activity: [[2d] after update lines time=2023-04-21 16:57:14.922]
04-21 16:57:14.944 22512 22648 D ar_activity: [TRACKING TransformPointToPose time=2023-04-21 16:57:14.944]
04-21 16:57:14.945 22512 22648 D ar_activity: [TRACKING TransformPointToPose time=2023-04-21 16:57:14.944]
04-21 16:57:14.945 22512 22648 D ar_activity: send stroke to firebase, id=-NT_ap_NMLeZM_kdYqIy
04-21 16:57:14.945 22512 22648 D ar_activity: [[2d] after update lines time=2023-04-21 16:57:14.945]
04-21 16:57:14.963 22512 22512 D ar_activity: [[2a end - 2d start] onChildChanged stroke id=-NT_ap_NMLeZM_kdYqIy time=2023-04-21 16:57:14.962]
04-21 16:57:14.965 22512 22648 D ar_activity: [TRACKING TransformPointToPose time=2023-04-21 16:57:14.965]
04-21 16:57:14.966 22512 22648 D ar_activity: [TRACKING TransformPointToPose time=2023-04-21 16:57:14.966]
04-21 16:57:14.966 22512 22648 D ar_activity: send stroke to firebase, id=-NT_ap_NMLeZM_kdYqIy
04-21 16:57:14.968 22512 22648 D ar_activity: [[2d] after update lines time=2023-04-21 16:57:14.967]
04-21 16:57:14.988 22512 22648 D ar_activity: [TRACKING TransformPointToPose time=2023-04-21 16:57:14.987]
04-21 16:57:14.988 22512 22648 D ar_activity: [TRACKING TransformPointToPose time=2023-04-21 16:57:14.988]
04-21 16:57:14.988 22512 22648 D ar_activity: send stroke to firebase, id=-NT_ap_NMLeZM_kdYqIy
04-21 16:57:14.988 22512 22648 D ar_activity: [[2d] after update lines time=2023-04-21 16:57:14.988]
04-21 16:57:15.007 22512 22648 D ar_activity: [TRACKING TransformPointToPose time=2023-04-21 16:57:15.007]
04-21 16:57:15.007 22512 22648 D ar_activity: [TRACKING TransformPointToPose time=2023-04-21 16:57:15.007]
04-21 16:57:15.007 22512 22648 D ar_activity: send stroke to firebase, id=-NT_ap_NMLeZM_kdYqIy
04-21 16:57:15.008 22512 22648 D ar_activity: [[2d] after update lines time=2023-04-21 16:57:15.008]
04-21 16:57:15.028 22512 22648 D ar_activity: [TRACKING TransformPointToPose time=2023-04-21 16:57:15.028]
04-21 16:57:15.029 22512 22648 D ar_activity: [TRACKING TransformPointToPose time=2023-04-21 16:57:15.029]
04-21 16:57:15.029 22512 22648 D ar_activity: send stroke to firebase, id=-NT_ap_NMLeZM_kdYqIy
04-21 16:57:15.030 22512 22648 D ar_activity: [[2d] after update lines time=2023-04-21 16:57:15.029]
04-21 16:57:15.048 22512 22648 D ar_activity: [TRACKING TransformPointToPose time=2023-04-21 16:57:15.048]
04-21 16:57:15.048 22512 22648 D ar_activity: [TRACKING TransformPointToPose time=2023-04-21 16:57:15.048]
04-21 16:57:15.049 22512 22648 D ar_activity: send stroke to firebase, id=-NT_ap_NMLeZM_kdYqIy
04-21 16:57:15.049 22512 22648 D ar_activity: [[2d] after update lines time=2023-04-21 16:57:15.049]
04-21 16:57:15.061 22512 22512 D ar_activity: [[2a end - 2d start] onChildChanged stroke id=-NT_ap_NMLeZM_kdYqIy time=2023-04-21 16:57:15.061]
04-21 16:57:15.068 22512 22648 D ar_activity: [TRACKING TransformPointToPose time=2023-04-21 16:57:15.068]
04-21 16:57:15.068 22512 22648 D ar_activity: [TRACKING TransformPointToPose time=2023-04-21 16:57:15.068]
04-21 16:57:15.070 22512 22648 D ar_activity: send stroke to firebase, id=-NT_ap_NMLeZM_kdYqIy
04-21 16:57:15.071 22512 22648 D ar_activity: [[2d] after update lines time=2023-04-21 16:57:15.071]
04-21 16:57:15.089 22512 22648 D ar_activity: [TRACKING TransformPointToPose time=2023-04-21 16:57:15.089]
04-21 16:57:15.089 22512 22648 D ar_activity: send stroke to firebase, id=-NT_ap_NMLeZM_kdYqIy
04-21 16:57:15.090 22512 22648 D ar_activity: [[2d] after update lines time=2023-04-21 16:57:15.090]
04-21 16:57:15.108 22512 22648 D ar_activity: [TRACKING TransformPointToPose time=2023-04-21 16:57:15.108]
04-21 16:57:15.109 22512 22648 D ar_activity: send stroke to firebase, id=-NT_ap_NMLeZM_kdYqIy
04-21 16:57:15.112 22512 22648 D ar_activity: [[2d] after update lines time=2023-04-21 16:57:15.111]
04-21 16:57:15.131 22512 22648 D ar_activity: [TRACKING TransformPointToPose time=2023-04-21 16:57:15.131]
04-21 16:57:15.131 22512 22648 D ar_activity: [TRACKING TransformPointToPose time=2023-04-21 16:57:15.131]
04-21 16:57:15.131 22512 22648 D ar_activity: send stroke to firebase, id=-NT_ap_NMLeZM_kdYqIy
04-21 16:57:15.132 22512 22648 D ar_activity: [[2d] after update lines time=2023-04-21 16:57:15.132]
04-21 16:57:15.152 22512 22648 D ar_activity: [TRACKING TransformPointToPose time=2023-04-21 16:57:15.152]
04-21 16:57:15.152 22512 22648 D ar_activity: [TRACKING TransformPointToPose time=2023-04-21 16:57:15.152]
04-21 16:57:15.158 22512 22648 D ar_activity: send stroke to firebase, id=-NT_ap_NMLeZM_kdYqIy
04-21 16:57:15.160 22512 22648 D ar_activity: [[2d] after update lines time=2023-04-21 16:57:15.159]
04-21 16:57:15.183 22512 22648 D ar_activity: [TRACKING TransformPointToPose time=2023-04-21 16:57:15.182]
04-21 16:57:15.185 22512 22648 D ar_activity: [TRACKING TransformPointToPose time=2023-04-21 16:57:15.184]
04-21 16:57:15.185 22512 22512 D ar_activity: [[2a end - 2d start] onChildChanged stroke id=-NT_ap_NMLeZM_kdYqIy time=2023-04-21 16:57:15.185]
04-21 16:57:15.185 22512 22648 D ar_activity: send stroke to firebase, id=-NT_ap_NMLeZM_kdYqIy
04-21 16:57:15.186 22512 22648 D ar_activity: [[2d] after update lines time=2023-04-21 16:57:15.186]
04-21 16:57:15.215 22512 22648 D ar_activity: [TRACKING TransformPointToPose time=2023-04-21 16:57:15.215]
04-21 16:57:15.216 22512 22648 D ar_activity: [TRACKING TransformPointToPose time=2023-04-21 16:57:15.216]
04-21 16:57:15.216 22512 22648 D ar_activity: [TRACKING TransformPointToPose time=2023-04-21 16:57:15.216]
04-21 16:57:15.216 22512 22648 D ar_activity: send stroke to firebase, id=-NT_ap_NMLeZM_kdYqIy
04-21 16:57:15.219 22512 22648 D ar_activity: [[2d] after update lines time=2023-04-21 16:57:15.219]
04-21 16:57:15.239 22512 22648 D ar_activity: [TRACKING TransformPointToPose time=2023-04-21 16:57:15.238]
04-21 16:57:15.239 22512 22648 D ar_activity: [TRACKING TransformPointToPose time=2023-04-21 16:57:15.239]
04-21 16:57:15.239 22512 22648 D ar_activity: send stroke to firebase, id=-NT_ap_NMLeZM_kdYqIy
04-21 16:57:15.239 22512 22648 D ar_activity: [[2d] after update lines time=2023-04-21 16:57:15.239]
04-21 16:57:15.258 22512 22648 D ar_activity: [TRACKING TransformPointToPose time=2023-04-21 16:57:15.258]
04-21 16:57:15.258 22512 22648 D ar_activity: [TRACKING TransformPointToPose time=2023-04-21 16:57:15.258]
04-21 16:57:15.258 22512 22648 D ar_activity: send stroke to firebase, id=-NT_ap_NMLeZM_kdYqIy
04-21 16:57:15.259 22512 22648 D ar_activity: [[2d] after update lines time=2023-04-21 16:57:15.259]
04-21 16:57:15.279 22512 22512 D ar_activity: [[2a end - 2d start] onChildChanged stroke id=-NT_ap_NMLeZM_kdYqIy time=2023-04-21 16:57:15.279]
04-21 16:57:15.283 22512 22648 D ar_activity: [TRACKING TransformPointToPose time=2023-04-21 16:57:15.282]
04-21 16:57:15.283 22512 22648 D ar_activity: [TRACKING TransformPointToPose time=2023-04-21 16:57:15.283]
04-21 16:57:15.284 22512 22648 D ar_activity: send stroke to firebase, id=-NT_ap_NMLeZM_kdYqIy
04-21 16:57:15.286 22512 22648 D ar_activity: [[2d] after update lines time=2023-04-21 16:57:15.286]
04-21 16:57:15.304 22512 22648 D ar_activity: [TRACKING TransformPointToPose time=2023-04-21 16:57:15.304]
04-21 16:57:15.305 22512 22648 D ar_activity: [TRACKING TransformPointToPose time=2023-04-21 16:57:15.305]
04-21 16:57:15.305 22512 22648 D ar_activity: send stroke to firebase, id=-NT_ap_NMLeZM_kdYqIy
04-21 16:57:15.305 22512 22648 D ar_activity: [[2d] after update lines time=2023-04-21 16:57:15.305]
04-21 16:57:15.324 22512 22648 D ar_activity: [TRACKING TransformPointToPose time=2023-04-21 16:57:15.324]
04-21 16:57:15.324 22512 22648 D ar_activity: [TRACKING TransformPointToPose time=2023-04-21 16:57:15.324]
04-21 16:57:15.324 22512 22648 D ar_activity: send stroke to firebase, id=-NT_ap_NMLeZM_kdYqIy
04-21 16:57:15.325 22512 22648 D ar_activity: [[2d] after update lines time=2023-04-21 16:57:15.325]
04-21 16:57:15.347 22512 22648 D ar_activity: [TRACKING TransformPointToPose time=2023-04-21 16:57:15.347]
04-21 16:57:15.348 22512 22648 D ar_activity: send stroke to firebase, id=-NT_ap_NMLeZM_kdYqIy
04-21 16:57:15.349 22512 22648 D ar_activity: [[2d] after update lines time=2023-04-21 16:57:15.349]
04-21 16:57:15.371 22512 22648 D ar_activity: [TRACKING TransformPointToPose time=2023-04-21 16:57:15.371]
04-21 16:57:15.371 22512 22648 D ar_activity: [TRACKING TransformPointToPose time=2023-04-21 16:57:15.371]
04-21 16:57:15.371 22512 22648 D ar_activity: send stroke to firebase, id=-NT_ap_NMLeZM_kdYqIy
04-21 16:57:15.372 22512 22648 D ar_activity: [[2d] after update lines time=2023-04-21 16:57:15.372]
04-21 16:57:15.373 22512 22512 D ar_activity: [[2a end - 2d start] onChildChanged stroke id=-NT_ap_NMLeZM_kdYqIy time=2023-04-21 16:57:15.373]
04-21 16:57:15.391 22512 22648 D ar_activity: [TRACKING TransformPointToPose time=2023-04-21 16:57:15.391]
04-21 16:57:15.391 22512 22648 D ar_activity: [TRACKING TransformPointToPose time=2023-04-21 16:57:15.391]
04-21 16:57:15.391 22512 22648 D ar_activity: send stroke to firebase, id=-NT_ap_NMLeZM_kdYqIy
04-21 16:57:15.392 22512 22648 D ar_activity: [[2d] after update lines time=2023-04-21 16:57:15.392]
04-21 16:57:15.415 22512 22648 D ar_activity: [TRACKING TransformPointToPose time=2023-04-21 16:57:15.415]
04-21 16:57:15.416 22512 22648 D ar_activity: [TRACKING TransformPointToPose time=2023-04-21 16:57:15.415]
04-21 16:57:15.416 22512 22648 D ar_activity: send stroke to firebase, id=-NT_ap_NMLeZM_kdYqIy
04-21 16:57:15.419 22512 22648 D ar_activity: [[2d] after update lines time=2023-04-21 16:57:15.418]
04-21 16:57:15.440 22512 22648 D ar_activity: [TRACKING TransformPointToPose time=2023-04-21 16:57:15.440]
04-21 16:57:15.440 22512 22648 D ar_activity: [TRACKING TransformPointToPose time=2023-04-21 16:57:15.440]
04-21 16:57:15.440 22512 22648 D ar_activity: send stroke to firebase, id=-NT_ap_NMLeZM_kdYqIy
04-21 16:57:15.441 22512 22648 D ar_activity: [[2d] after update lines time=2023-04-21 16:57:15.441]
04-21 16:57:15.459 22512 22512 D ar_activity: [[2a end - 2d start] onChildChanged stroke id=-NT_ap_NMLeZM_kdYqIy time=2023-04-21 16:57:15.458]
04-21 16:57:15.463 22512 22648 D ar_activity: [TRACKING TransformPointToPose time=2023-04-21 16:57:15.463]
04-21 16:57:15.464 22512 22648 D ar_activity: [TRACKING TransformPointToPose time=2023-04-21 16:57:15.464]
04-21 16:57:15.465 22512 22648 D ar_activity: send stroke to firebase, id=-NT_ap_NMLeZM_kdYqIy
04-21 16:57:15.468 22512 22648 D ar_activity: [[2d] after update lines time=2023-04-21 16:57:15.466]
04-21 16:57:15.489 22512 22648 D ar_activity: [TRACKING TransformPointToPose time=2023-04-21 16:57:15.489]
04-21 16:57:15.490 22512 22648 D ar_activity: [TRACKING TransformPointToPose time=2023-04-21 16:57:15.490]
04-21 16:57:15.490 22512 22648 D ar_activity: [TRACKING TransformPointToPose time=2023-04-21 16:57:15.490]
04-21 16:57:15.490 22512 22648 D ar_activity: send stroke to firebase, id=-NT_ap_NMLeZM_kdYqIy
04-21 16:57:15.490 22512 22648 D ar_activity: [[2d] after update lines time=2023-04-21 16:57:15.490]
04-21 16:57:15.509 22512 22648 D ar_activity: [TRACKING TransformPointToPose time=2023-04-21 16:57:15.509]
04-21 16:57:15.509 22512 22648 D ar_activity: send stroke to firebase, id=-NT_ap_NMLeZM_kdYqIy
04-21 16:57:15.512 22512 22648 D ar_activity: [[2d] after update lines time=2023-04-21 16:57:15.510]
04-21 16:57:15.531 22512 22648 D ar_activity: [TRACKING TransformPointToPose time=2023-04-21 16:57:15.531]
04-21 16:57:15.531 22512 22648 D ar_activity: [TRACKING TransformPointToPose time=2023-04-21 16:57:15.531]
04-21 16:57:15.531 22512 22648 D ar_activity: send stroke to firebase, id=-NT_ap_NMLeZM_kdYqIy
04-21 16:57:15.532 22512 22648 D ar_activity: [[2d] after update lines time=2023-04-21 16:57:15.532]
04-21 16:57:15.554 22512 22648 D ar_activity: [TRACKING TransformPointToPose time=2023-04-21 16:57:15.552]
04-21 16:57:15.557 22512 22648 D ar_activity: [TRACKING TransformPointToPose time=2023-04-21 16:57:15.556]
04-21 16:57:15.557 22512 22648 D ar_activity: send stroke to firebase, id=-NT_ap_NMLeZM_kdYqIy
04-21 16:57:15.562 22512 22648 D ar_activity: [[2d] after update lines time=2023-04-21 16:57:15.561]
04-21 16:57:15.566 22512 22512 D ar_activity: [[2a end - 2d start] onChildChanged stroke id=-NT_ap_NMLeZM_kdYqIy time=2023-04-21 16:57:15.566]
04-21 16:57:15.585 22512 22648 D ar_activity: [TRACKING TransformPointToPose time=2023-04-21 16:57:15.585]
04-21 16:57:15.586 22512 22648 D ar_activity: [TRACKING TransformPointToPose time=2023-04-21 16:57:15.586]
04-21 16:57:15.586 22512 22648 D ar_activity: send stroke to firebase, id=-NT_ap_NMLeZM_kdYqIy
04-21 16:57:15.587 22512 22648 D ar_activity: [[2d] after update lines time=2023-04-21 16:57:15.587]
04-21 16:57:15.605 22512 22648 D ar_activity: [TRACKING TransformPointToPose time=2023-04-21 16:57:15.605]
04-21 16:57:15.606 22512 22648 D ar_activity: [TRACKING TransformPointToPose time=2023-04-21 16:57:15.606]
04-21 16:57:15.606 22512 22648 D ar_activity: send stroke to firebase, id=-NT_ap_NMLeZM_kdYqIy
04-21 16:57:15.606 22512 22648 D ar_activity: [[2d] after update lines time=2023-04-21 16:57:15.606]
04-21 16:57:15.625 22512 22648 D ar_activity: [TRACKING TransformPointToPose time=2023-04-21 16:57:15.625]
04-21 16:57:15.625 22512 22648 D ar_activity: [TRACKING TransformPointToPose time=2023-04-21 16:57:15.625]
04-21 16:57:15.625 22512 22648 D ar_activity: send stroke to firebase, id=-NT_ap_NMLeZM_kdYqIy
04-21 16:57:15.626 22512 22648 D ar_activity: [[2d] after update lines time=2023-04-21 16:57:15.626]
04-21 16:57:15.646 22512 22648 D ar_activity: [TRACKING TransformPointToPose time=2023-04-21 16:57:15.646]
04-21 16:57:15.647 22512 22648 D ar_activity: [TRACKING TransformPointToPose time=2023-04-21 16:57:15.647]
04-21 16:57:15.647 22512 22648 D ar_activity: send stroke to firebase, id=-NT_ap_NMLeZM_kdYqIy
04-21 16:57:15.647 22512 22648 D ar_activity: [[2d] after update lines time=2023-04-21 16:57:15.647]
04-21 16:57:15.662 22512 22512 D ar_activity: [[2a end - 2d start] onChildChanged stroke id=-NT_ap_NMLeZM_kdYqIy time=2023-04-21 16:57:15.662]
04-21 16:57:15.666 22512 22648 D ar_activity: [TRACKING TransformPointToPose time=2023-04-21 16:57:15.666]
04-21 16:57:15.666 22512 22648 D ar_activity: send stroke to firebase, id=-NT_ap_NMLeZM_kdYqIy
04-21 16:57:15.667 22512 22648 D ar_activity: [[2d] after update lines time=2023-04-21 16:57:15.667]
04-21 16:57:15.685 22512 22648 D ar_activity: [TRACKING TransformPointToPose time=2023-04-21 16:57:15.685]
04-21 16:57:15.685 22512 22648 D ar_activity: [TRACKING TransformPointToPose time=2023-04-21 16:57:15.685]
04-21 16:57:15.686 22512 22648 D ar_activity: send stroke to firebase, id=-NT_ap_NMLeZM_kdYqIy
04-21 16:57:15.686 22512 22648 D ar_activity: [[2d] after update lines time=2023-04-21 16:57:15.686]
04-21 16:57:15.705 22512 22648 D ar_activity: [TRACKING TransformPointToPose time=2023-04-21 16:57:15.705]
04-21 16:57:15.705 22512 22648 D ar_activity: [TRACKING TransformPointToPose time=2023-04-21 16:57:15.705]
04-21 16:57:15.706 22512 22648 D ar_activity: send stroke to firebase, id=-NT_ap_NMLeZM_kdYqIy
04-21 16:57:15.706 22512 22648 D ar_activity: [[2d] after update lines time=2023-04-21 16:57:15.706]
04-21 16:57:15.725 22512 22648 D ar_activity: [TRACKING TransformPointToPose time=2023-04-21 16:57:15.725]
04-21 16:57:15.725 22512 22648 D ar_activity: [TRACKING TransformPointToPose time=2023-04-21 16:57:15.725]
04-21 16:57:15.725 22512 22648 D ar_activity: send stroke to firebase, id=-NT_ap_NMLeZM_kdYqIy
04-21 16:57:15.726 22512 22648 D ar_activity: [[2d] after update lines time=2023-04-21 16:57:15.726]
04-21 16:57:15.747 22512 22648 D ar_activity: [TRACKING TransformPointToPose time=2023-04-21 16:57:15.747]
04-21 16:57:15.747 22512 22648 D ar_activity: [TRACKING TransformPointToPose time=2023-04-21 16:57:15.747]
04-21 16:57:15.747 22512 22648 D ar_activity: send stroke to firebase, id=-NT_ap_NMLeZM_kdYqIy
04-21 16:57:15.748 22512 22648 D ar_activity: [[2d] after update lines time=2023-04-21 16:57:15.748]
04-21 16:57:15.758 22512 22512 D ar_activity: [[2a end - 2d start] onChildChanged stroke id=-NT_ap_NMLeZM_kdYqIy time=2023-04-21 16:57:15.758]
04-21 16:57:15.766 22512 22648 D ar_activity: [TRACKING TransformPointToPose time=2023-04-21 16:57:15.766]
04-21 16:57:15.767 22512 22648 D ar_activity: send stroke to firebase, id=-NT_ap_NMLeZM_kdYqIy
04-21 16:57:15.768 22512 22648 D ar_activity: [[2d] after update lines time=2023-04-21 16:57:15.768]
04-21 16:57:15.788 22512 22648 D ar_activity: [TRACKING TransformPointToPose time=2023-04-21 16:57:15.787]
04-21 16:57:15.788 22512 22648 D ar_activity: send stroke to firebase, id=-NT_ap_NMLeZM_kdYqIy
04-21 16:57:15.788 22512 22648 D ar_activity: [[2d] after update lines time=2023-04-21 16:57:15.788]
04-21 16:57:15.807 22512 22648 D ar_activity: [TRACKING TransformPointToPose time=2023-04-21 16:57:15.807]
04-21 16:57:15.808 22512 22648 D ar_activity: [TRACKING TransformPointToPose time=2023-04-21 16:57:15.808]
04-21 16:57:15.808 22512 22648 D ar_activity: send stroke to firebase, id=-NT_ap_NMLeZM_kdYqIy
04-21 16:57:15.808 22512 22648 D ar_activity: [[2d] after update lines time=2023-04-21 16:57:15.808]
04-21 16:57:15.828 22512 22648 D ar_activity: [TRACKING TransformPointToPose time=2023-04-21 16:57:15.827]
04-21 16:57:15.828 22512 22648 D ar_activity: [TRACKING TransformPointToPose time=2023-04-21 16:57:15.828]
04-21 16:57:15.829 22512 22648 D ar_activity: send stroke to firebase, id=-NT_ap_NMLeZM_kdYqIy
04-21 16:57:15.830 22512 22648 D ar_activity: [[2d] after update lines time=2023-04-21 16:57:15.829]
04-21 16:57:15.842 22512 22512 D ar_activity: [[2a end - 2d start] onChildChanged stroke id=-NT_ap_NMLeZM_kdYqIy time=2023-04-21 16:57:15.842]
04-21 16:57:15.848 22512 22648 D ar_activity: [TRACKING TransformPointToPose time=2023-04-21 16:57:15.848]
04-21 16:57:15.849 22512 22648 D ar_activity: send stroke to firebase, id=-NT_ap_NMLeZM_kdYqIy
04-21 16:57:15.849 22512 22648 D ar_activity: [[2d] after update lines time=2023-04-21 16:57:15.849]
04-21 16:57:15.869 22512 22648 D ar_activity: [TRACKING TransformPointToPose time=2023-04-21 16:57:15.869]
04-21 16:57:15.869 22512 22648 D ar_activity: [TRACKING TransformPointToPose time=2023-04-21 16:57:15.869]
04-21 16:57:15.870 22512 22648 D ar_activity: send stroke to firebase, id=-NT_ap_NMLeZM_kdYqIy
04-21 16:57:15.872 22512 22648 D ar_activity: [[2d] after update lines time=2023-04-21 16:57:15.871]
04-21 16:57:15.890 22512 22648 D ar_activity: [TRACKING TransformPointToPose time=2023-04-21 16:57:15.890]
04-21 16:57:15.890 22512 22648 D ar_activity: [TRACKING TransformPointToPose time=2023-04-21 16:57:15.890]
04-21 16:57:15.890 22512 22648 D ar_activity: send stroke to firebase, id=-NT_ap_NMLeZM_kdYqIy
04-21 16:57:15.891 22512 22648 D ar_activity: [[2d] after update lines time=2023-04-21 16:57:15.891]
04-21 16:57:15.910 22512 22648 D ar_activity: [TRACKING TransformPointToPose time=2023-04-21 16:57:15.910]
04-21 16:57:15.913 22512 22648 D ar_activity: send stroke to firebase, id=-NT_ap_NMLeZM_kdYqIy
04-21 16:57:15.913 22512 22648 D ar_activity: [[2d] after update lines time=2023-04-21 16:57:15.913]
04-21 16:57:15.928 22512 22512 D ar_activity: [[2a end - 2d start] onChildChanged stroke id=-NT_ap_NMLeZM_kdYqIy time=2023-04-21 16:57:15.928]
04-21 16:57:15.932 22512 22648 D ar_activity: [TRACKING TransformPointToPose time=2023-04-21 16:57:15.932]
04-21 16:57:15.932 22512 22648 D ar_activity: send stroke to firebase, id=-NT_ap_NMLeZM_kdYqIy
04-21 16:57:15.933 22512 22648 D ar_activity: [[2d] after update lines time=2023-04-21 16:57:15.933]
04-21 16:57:15.954 22512 22648 D ar_activity: [TRACKING TransformPointToPose time=2023-04-21 16:57:15.953]
04-21 16:57:15.954 22512 22648 D ar_activity: [TRACKING TransformPointToPose time=2023-04-21 16:57:15.954]
04-21 16:57:15.955 22512 22648 D ar_activity: send stroke to firebase, id=-NT_ap_NMLeZM_kdYqIy
04-21 16:57:15.956 22512 22648 D ar_activity: [[2d] after update lines time=2023-04-21 16:57:15.956]
04-21 16:57:15.975 22512 22648 D ar_activity: [TRACKING TransformPointToPose time=2023-04-21 16:57:15.974]
04-21 16:57:15.975 22512 22648 D ar_activity: [TRACKING TransformPointToPose time=2023-04-21 16:57:15.975]
04-21 16:57:15.975 22512 22648 D ar_activity: send stroke to firebase, id=-NT_ap_NMLeZM_kdYqIy
04-21 16:57:15.976 22512 22648 D ar_activity: [[2d] after update lines time=2023-04-21 16:57:15.975]
04-21 16:57:15.998 22512 22648 D ar_activity: [TRACKING TransformPointToPose time=2023-04-21 16:57:15.998]
04-21 16:57:15.998 22512 22648 D ar_activity: [TRACKING TransformPointToPose time=2023-04-21 16:57:15.998]
04-21 16:57:15.998 22512 22648 D ar_activity: send stroke to firebase, id=-NT_ap_NMLeZM_kdYqIy
04-21 16:57:15.999 22512 22648 D ar_activity: [[2d] after update lines time=2023-04-21 16:57:15.999]
04-21 16:57:16.018 22512 22648 D ar_activity: [TRACKING TransformPointToPose time=2023-04-21 16:57:16.018]
04-21 16:57:16.019 22512 22648 D ar_activity: send stroke to firebase, id=-NT_ap_NMLeZM_kdYqIy
04-21 16:57:16.022 22512 22648 D ar_activity: [[2d] after update lines time=2023-04-21 16:57:16.021]
04-21 16:57:16.036 22512 22512 D ar_activity: [[2a end - 2d start] onChildChanged stroke id=-NT_ap_NMLeZM_kdYqIy time=2023-04-21 16:57:16.035]
04-21 16:57:16.041 22512 22648 D ar_activity: [TRACKING TransformPointToPose time=2023-04-21 16:57:16.041]
04-21 16:57:16.041 22512 22648 D ar_activity: [TRACKING TransformPointToPose time=2023-04-21 16:57:16.041]
04-21 16:57:16.041 22512 22648 D ar_activity: send stroke to firebase, id=-NT_ap_NMLeZM_kdYqIy
04-21 16:57:16.042 22512 22648 D ar_activity: [[2d] after update lines time=2023-04-21 16:57:16.042]
04-21 16:57:16.061 22512 22648 D ar_activity: [TRACKING TransformPointToPose time=2023-04-21 16:57:16.061]
04-21 16:57:16.062 22512 22648 D ar_activity: [TRACKING TransformPointToPose time=2023-04-21 16:57:16.062]
04-21 16:57:16.062 22512 22648 D ar_activity: send stroke to firebase, id=-NT_ap_NMLeZM_kdYqIy
04-21 16:57:16.063 22512 22648 D ar_activity: [[2d] after update lines time=2023-04-21 16:57:16.063]
04-21 16:57:16.082 22512 22648 D ar_activity: [TRACKING TransformPointToPose time=2023-04-21 16:57:16.082]
04-21 16:57:16.083 22512 22648 D ar_activity: [TRACKING TransformPointToPose time=2023-04-21 16:57:16.083]
04-21 16:57:16.083 22512 22648 D ar_activity: send stroke to firebase, id=-NT_ap_NMLeZM_kdYqIy
04-21 16:57:16.084 22512 22648 D ar_activity: [[2d] after update lines time=2023-04-21 16:57:16.083]
04-21 16:57:16.103 22512 22648 D ar_activity: [TRACKING TransformPointToPose time=2023-04-21 16:57:16.103]
04-21 16:57:16.103 22512 22648 D ar_activity: [TRACKING TransformPointToPose time=2023-04-21 16:57:16.103]
04-21 16:57:16.103 22512 22648 D ar_activity: send stroke to firebase, id=-NT_ap_NMLeZM_kdYqIy
04-21 16:57:16.105 22512 22648 D ar_activity: [[2d] after update lines time=2023-04-21 16:57:16.105]
04-21 16:57:16.124 22512 22648 D ar_activity: [TRACKING TransformPointToPose time=2023-04-21 16:57:16.124]
04-21 16:57:16.124 22512 22648 D ar_activity: [TRACKING TransformPointToPose time=2023-04-21 16:57:16.124]
04-21 16:57:16.124 22512 22648 D ar_activity: send stroke to firebase, id=-NT_ap_NMLeZM_kdYqIy
04-21 16:57:16.125 22512 22512 D ar_activity: [[2a end - 2d start] onChildChanged stroke id=-NT_ap_NMLeZM_kdYqIy time=2023-04-21 16:57:16.124]
04-21 16:57:16.126 22512 22648 D ar_activity: [[2d] after update lines time=2023-04-21 16:57:16.126]
04-21 16:57:16.149 22512 22648 D ar_activity: [TRACKING TransformPointToPose time=2023-04-21 16:57:16.149]
04-21 16:57:16.151 22512 22648 D ar_activity: [TRACKING TransformPointToPose time=2023-04-21 16:57:16.150]
04-21 16:57:16.151 22512 22648 D ar_activity: send stroke to firebase, id=-NT_ap_NMLeZM_kdYqIy
04-21 16:57:16.155 22512 22648 D ar_activity: [[2d] after update lines time=2023-04-21 16:57:16.153]
04-21 16:57:16.180 22512 22648 D ar_activity: [TRACKING TransformPointToPose time=2023-04-21 16:57:16.180]
04-21 16:57:16.180 22512 22648 D ar_activity: [TRACKING TransformPointToPose time=2023-04-21 16:57:16.180]
04-21 16:57:16.181 22512 22648 D ar_activity: [TRACKING TransformPointToPose time=2023-04-21 16:57:16.181]
04-21 16:57:16.181 22512 22648 D ar_activity: send stroke to firebase, id=-NT_ap_NMLeZM_kdYqIy
04-21 16:57:16.182 22512 22648 D ar_activity: [[2d] after update lines time=2023-04-21 16:57:16.181]
04-21 16:57:16.204 22512 22648 D ar_activity: [TRACKING TransformPointToPose time=2023-04-21 16:57:16.203]
04-21 16:57:16.204 22512 22648 D ar_activity: [TRACKING TransformPointToPose time=2023-04-21 16:57:16.204]
04-21 16:57:16.204 22512 22648 D ar_activity: send stroke to firebase, id=-NT_ap_NMLeZM_kdYqIy
04-21 16:57:16.207 22512 22648 D ar_activity: [[2d] after update lines time=2023-04-21 16:57:16.207]
04-21 16:57:16.234 22512 22648 D ar_activity: [TRACKING TransformPointToPose time=2023-04-21 16:57:16.234]
04-21 16:57:16.235 22512 22648 D ar_activity: [TRACKING TransformPointToPose time=2023-04-21 16:57:16.234]
04-21 16:57:16.235 22512 22648 D ar_activity: send stroke to firebase, id=-NT_ap_NMLeZM_kdYqIy
04-21 16:57:16.235 22512 22648 D ar_activity: [[2d] after update lines time=2023-04-21 16:57:16.235]
04-21 16:57:16.254 22512 22512 D ar_activity: [[2a end - 2d start] onChildChanged stroke id=-NT_ap_NMLeZM_kdYqIy time=2023-04-21 16:57:16.254]
04-21 16:57:16.255 22512 22648 D ar_activity: [TRACKING TransformPointToPose time=2023-04-21 16:57:16.255]
04-21 16:57:16.255 22512 22648 D ar_activity: [TRACKING TransformPointToPose time=2023-04-21 16:57:16.255]
04-21 16:57:16.255 22512 22648 D ar_activity: send stroke to firebase, id=-NT_ap_NMLeZM_kdYqIy
04-21 16:57:16.256 22512 22648 D ar_activity: [[2d] after update lines time=2023-04-21 16:57:16.256]
04-21 16:57:16.274 22512 22648 D ar_activity: [TRACKING TransformPointToPose time=2023-04-21 16:57:16.274]
04-21 16:57:16.274 22512 22648 D ar_activity: [TRACKING TransformPointToPose time=2023-04-21 16:57:16.274]
04-21 16:57:16.274 22512 22648 D ar_activity: send stroke to firebase, id=-NT_ap_NMLeZM_kdYqIy
04-21 16:57:16.275 22512 22648 D ar_activity: [[2d] after update lines time=2023-04-21 16:57:16.275]
04-21 16:57:16.294 22512 22648 D ar_activity: [TRACKING TransformPointToPose time=2023-04-21 16:57:16.294]
04-21 16:57:16.294 22512 22648 D ar_activity: [TRACKING TransformPointToPose time=2023-04-21 16:57:16.294]
04-21 16:57:16.294 22512 22648 D ar_activity: send stroke to firebase, id=-NT_ap_NMLeZM_kdYqIy
04-21 16:57:16.295 22512 22648 D ar_activity: [[2d] after update lines time=2023-04-21 16:57:16.295]
04-21 16:57:16.322 22512 22648 D ar_activity: [TRACKING TransformPointToPose time=2023-04-21 16:57:16.322]
04-21 16:57:16.322 22512 22648 D ar_activity: [TRACKING TransformPointToPose time=2023-04-21 16:57:16.322]
04-21 16:57:16.322 22512 22648 D ar_activity: send stroke to firebase, id=-NT_ap_NMLeZM_kdYqIy
04-21 16:57:16.323 22512 22648 D ar_activity: [[2d] after update lines time=2023-04-21 16:57:16.323]
04-21 16:57:16.342 22512 22648 D ar_activity: [TRACKING TransformPointToPose time=2023-04-21 16:57:16.341]
04-21 16:57:16.342 22512 22648 D ar_activity: send stroke to firebase, id=-NT_ap_NMLeZM_kdYqIy
04-21 16:57:16.343 22512 22648 D ar_activity: [[2d] after update lines time=2023-04-21 16:57:16.343]
04-21 16:57:16.357 22512 22512 D ar_activity: [[2a end - 2d start] onChildChanged stroke id=-NT_ap_NMLeZM_kdYqIy time=2023-04-21 16:57:16.357]
04-21 16:57:16.365 22512 22648 D ar_activity: [TRACKING TransformPointToPose time=2023-04-21 16:57:16.365]
04-21 16:57:16.365 22512 22648 D ar_activity: [TRACKING TransformPointToPose time=2023-04-21 16:57:16.365]
04-21 16:57:16.365 22512 22648 D ar_activity: send stroke to firebase, id=-NT_ap_NMLeZM_kdYqIy
04-21 16:57:16.366 22512 22648 D ar_activity: [[2d] after update lines time=2023-04-21 16:57:16.366]
04-21 16:57:16.388 22512 22648 D ar_activity: [TRACKING TransformPointToPose time=2023-04-21 16:57:16.388]
04-21 16:57:16.389 22512 22648 D ar_activity: [TRACKING TransformPointToPose time=2023-04-21 16:57:16.389]
04-21 16:57:16.390 22512 22648 D ar_activity: send stroke to firebase, id=-NT_ap_NMLeZM_kdYqIy
04-21 16:57:16.392 22512 22648 D ar_activity: [[2d] after update lines time=2023-04-21 16:57:16.391]
04-21 16:57:16.415 22512 22648 D ar_activity: [TRACKING TransformPointToPose time=2023-04-21 16:57:16.414]
04-21 16:57:16.415 22512 22648 D ar_activity: [TRACKING TransformPointToPose time=2023-04-21 16:57:16.415]
04-21 16:57:16.415 22512 22648 D ar_activity: send stroke to firebase, id=-NT_ap_NMLeZM_kdYqIy
04-21 16:57:16.416 22512 22648 D ar_activity: [[2d] after update lines time=2023-04-21 16:57:16.415]
04-21 16:57:16.435 22512 22648 D ar_activity: [TRACKING TransformPointToPose time=2023-04-21 16:57:16.435]
04-21 16:57:16.435 22512 22648 D ar_activity: [TRACKING TransformPointToPose time=2023-04-21 16:57:16.435]
04-21 16:57:16.436 22512 22648 D ar_activity: send stroke to firebase, id=-NT_ap_NMLeZM_kdYqIy
04-21 16:57:16.437 22512 22648 D ar_activity: [[2d] after update lines time=2023-04-21 16:57:16.436]
04-21 16:57:16.458 22512 22648 D ar_activity: [TRACKING TransformPointToPose time=2023-04-21 16:57:16.457]
04-21 16:57:16.458 22512 22648 D ar_activity: send stroke to firebase, id=-NT_ap_NMLeZM_kdYqIy
04-21 16:57:16.463 22512 22648 D ar_activity: [[2d] after update lines time=2023-04-21 16:57:16.463]
04-21 16:57:16.465 22512 22512 D ar_activity: [[2a end - 2d start] onChildChanged stroke id=-NT_ap_NMLeZM_kdYqIy time=2023-04-21 16:57:16.465]
04-21 16:57:16.482 22512 22648 D ar_activity: [TRACKING TransformPointToPose time=2023-04-21 16:57:16.482]
04-21 16:57:16.482 22512 22648 D ar_activity: [TRACKING TransformPointToPose time=2023-04-21 16:57:16.482]
04-21 16:57:16.482 22512 22648 D ar_activity: [TRACKING TransformPointToPose time=2023-04-21 16:57:16.482]
04-21 16:57:16.482 22512 22648 D ar_activity: send stroke to firebase, id=-NT_ap_NMLeZM_kdYqIy
04-21 16:57:16.483 22512 22648 D ar_activity: [[2d] after update lines time=2023-04-21 16:57:16.483]
04-21 16:57:16.501 22512 22648 D ar_activity: [TRACKING TransformPointToPose time=2023-04-21 16:57:16.501]
04-21 16:57:16.502 22512 22648 D ar_activity: [TRACKING TransformPointToPose time=2023-04-21 16:57:16.502]
04-21 16:57:16.502 22512 22648 D ar_activity: send stroke to firebase, id=-NT_ap_NMLeZM_kdYqIy
04-21 16:57:16.503 22512 22648 D ar_activity: [[2d] after update lines time=2023-04-21 16:57:16.502]
04-21 16:57:16.522 22512 22648 D ar_activity: [TRACKING TransformPointToPose time=2023-04-21 16:57:16.522]
04-21 16:57:16.522 22512 22648 D ar_activity: [TRACKING TransformPointToPose time=2023-04-21 16:57:16.522]
04-21 16:57:16.522 22512 22648 D ar_activity: send stroke to firebase, id=-NT_ap_NMLeZM_kdYqIy
04-21 16:57:16.523 22512 22648 D ar_activity: [[2d] after update lines time=2023-04-21 16:57:16.523]
04-21 16:57:16.541 22512 22648 D ar_activity: [TRACKING TransformPointToPose time=2023-04-21 16:57:16.541]
04-21 16:57:16.541 22512 22648 D ar_activity: send stroke to firebase, id=-NT_ap_NMLeZM_kdYqIy
04-21 16:57:16.542 22512 22648 D ar_activity: [[2d] after update lines time=2023-04-21 16:57:16.542]
04-21 16:57:16.561 22512 22648 D ar_activity: [TRACKING TransformPointToPose time=2023-04-21 16:57:16.560]
04-21 16:57:16.561 22512 22648 D ar_activity: [TRACKING TransformPointToPose time=2023-04-21 16:57:16.561]
04-21 16:57:16.561 22512 22648 D ar_activity: send stroke to firebase, id=-NT_ap_NMLeZM_kdYqIy
04-21 16:57:16.562 22512 22648 D ar_activity: [[2d] after update lines time=2023-04-21 16:57:16.562]
04-21 16:57:16.578 22512 22512 D ar_activity: [[2a end - 2d start] onChildChanged stroke id=-NT_ap_NMLeZM_kdYqIy time=2023-04-21 16:57:16.577]
04-21 16:57:16.584 22512 22648 D ar_activity: [TRACKING TransformPointToPose time=2023-04-21 16:57:16.584]
04-21 16:57:16.588 22512 22648 D ar_activity: [TRACKING TransformPointToPose time=2023-04-21 16:57:16.585]
04-21 16:57:16.590 22512 22648 D ar_activity: send stroke to firebase, id=-NT_ap_NMLeZM_kdYqIy
04-21 16:57:16.593 22512 22648 D ar_activity: [[2d] after update lines time=2023-04-21 16:57:16.593]
04-21 16:57:16.616 22512 22648 D ar_activity: [TRACKING TransformPointToPose time=2023-04-21 16:57:16.616]
04-21 16:57:16.617 22512 22648 D ar_activity: [TRACKING TransformPointToPose time=2023-04-21 16:57:16.617]
04-21 16:57:16.617 22512 22648 D ar_activity: send stroke to firebase, id=-NT_ap_NMLeZM_kdYqIy
04-21 16:57:16.618 22512 22648 D ar_activity: [[2d] after update lines time=2023-04-21 16:57:16.617]
04-21 16:57:16.636 22512 22648 D ar_activity: [TRACKING TransformPointToPose time=2023-04-21 16:57:16.636]
04-21 16:57:16.636 22512 22648 D ar_activity: [TRACKING TransformPointToPose time=2023-04-21 16:57:16.636]
04-21 16:57:16.637 22512 22648 D ar_activity: send stroke to firebase, id=-NT_ap_NMLeZM_kdYqIy
04-21 16:57:16.637 22512 22648 D ar_activity: [[2d] after update lines time=2023-04-21 16:57:16.637]
04-21 16:57:16.658 22512 22648 D ar_activity: [TRACKING TransformPointToPose time=2023-04-21 16:57:16.657]
04-21 16:57:16.658 22512 22648 D ar_activity: [TRACKING TransformPointToPose time=2023-04-21 16:57:16.658]
04-21 16:57:16.658 22512 22648 D ar_activity: send stroke to firebase, id=-NT_ap_NMLeZM_kdYqIy
04-21 16:57:16.659 22512 22648 D ar_activity: [[2d] after update lines time=2023-04-21 16:57:16.658]
04-21 16:57:16.674 22512 22512 D ar_activity: [[2a end - 2d start] onChildChanged stroke id=-NT_ap_NMLeZM_kdYqIy time=2023-04-21 16:57:16.674]
04-21 16:57:16.678 22512 22648 D ar_activity: [TRACKING TransformPointToPose time=2023-04-21 16:57:16.677]
04-21 16:57:16.680 22512 22648 D ar_activity: send stroke to firebase, id=-NT_ap_NMLeZM_kdYqIy
04-21 16:57:16.681 22512 22648 D ar_activity: [[2d] after update lines time=2023-04-21 16:57:16.681]
04-21 16:57:16.701 22512 22648 D ar_activity: [TRACKING TransformPointToPose time=2023-04-21 16:57:16.701]
04-21 16:57:16.701 22512 22648 D ar_activity: [TRACKING TransformPointToPose time=2023-04-21 16:57:16.701]
04-21 16:57:16.701 22512 22648 D ar_activity: [TRACKING TransformPointToPose time=2023-04-21 16:57:16.701]
04-21 16:57:16.701 22512 22648 D ar_activity: send stroke to firebase, id=-NT_ap_NMLeZM_kdYqIy
04-21 16:57:16.702 22512 22648 D ar_activity: [[2d] after update lines time=2023-04-21 16:57:16.702]
04-21 16:57:16.721 22512 22648 D ar_activity: [TRACKING TransformPointToPose time=2023-04-21 16:57:16.721]
04-21 16:57:16.722 22512 22648 D ar_activity: send stroke to firebase, id=-NT_ap_NMLeZM_kdYqIy
04-21 16:57:16.722 22512 22648 D ar_activity: [[2d] after update lines time=2023-04-21 16:57:16.722]
04-21 16:57:16.741 22512 22648 D ar_activity: [TRACKING TransformPointToPose time=2023-04-21 16:57:16.740]
04-21 16:57:16.741 22512 22648 D ar_activity: send stroke to firebase, id=-NT_ap_NMLeZM_kdYqIy
04-21 16:57:16.742 22512 22648 D ar_activity: [[2d] after update lines time=2023-04-21 16:57:16.741]
04-21 16:57:16.760 22512 22648 D ar_activity: [TRACKING TransformPointToPose time=2023-04-21 16:57:16.760]
04-21 16:57:16.761 22512 22648 D ar_activity: [TRACKING TransformPointToPose time=2023-04-21 16:57:16.761]
04-21 16:57:16.761 22512 22648 D ar_activity: send stroke to firebase, id=-NT_ap_NMLeZM_kdYqIy
04-21 16:57:16.762 22512 22648 D ar_activity: [[2d] after update lines time=2023-04-21 16:57:16.762]
04-21 16:57:16.783 22512 22648 D ar_activity: [TRACKING TransformPointToPose time=2023-04-21 16:57:16.782]
04-21 16:57:16.783 22512 22648 D ar_activity: [TRACKING TransformPointToPose time=2023-04-21 16:57:16.783]
04-21 16:57:16.783 22512 22648 D ar_activity: send stroke to firebase, id=-NT_ap_NMLeZM_kdYqIy
04-21 16:57:16.784 22512 22648 D ar_activity: [[2d] after update lines time=2023-04-21 16:57:16.784]
04-21 16:57:16.791 22512 22512 D ar_activity: [[2a end - 2d start] onChildChanged stroke id=-NT_ap_NMLeZM_kdYqIy time=2023-04-21 16:57:16.791]
04-21 16:57:16.804 22512 22648 D ar_activity: [TRACKING TransformPointToPose time=2023-04-21 16:57:16.804]
04-21 16:57:16.806 22512 22648 D ar_activity: [TRACKING TransformPointToPose time=2023-04-21 16:57:16.806]
