--------- beginning of main
04-22 01:55:02.597  4443  4571 D ar_activity: [[2d] after update lines time=2023-04-22 01:55:02.555]
04-22 01:55:05.976  4443  4443 D ar_activity: [--- pair start --- time=2023-04-22 01:55:05.975]
04-22 01:55:05.976  4443  4443 D ar_activity: [--- pair session start --- time=2023-04-22 01:55:05.976]
04-22 01:55:06.008  4443  4443 D ar_activity: [create room: Message{namespace='', type='', content=[34 bytes]} time=2023-04-22 01:55:06.008]
04-22 01:55:06.018  4443  4443 D ar_activity: LOOKING: 2023-04-22 01:55:06.017
04-22 01:55:08.441  4443  4443 D ar_activity: [--- pair joined --- time=2023-04-22 01:55:08.441]
04-22 01:55:08.444  4443  4443 D ar_activity: PARTNER FOUND: 2023-04-22 01:55:08.443
04-22 01:55:10.448  4443  4443 D ar_activity: SET ANCHOR: 2023-04-22 01:55:10.448
04-22 01:55:11.878  4443  4443 D ar_activity: [anchor resolution changed: null time=2023-04-22 01:55:11.878]
04-22 01:55:11.942  4443  4443 D ar_activity: [--- sync ready to set anchor --- time=2023-04-22 01:55:11.942]
04-22 01:55:11.942  4443  4443 D ar_activity: [--- sync: sendSetAnchorEvent --- time=2023-04-22 01:55:11.942]
04-22 01:55:11.943  4443  4443 D ar_activity: --- start creating anchor: 2023-04-22 01:55:11.943 ---
04-22 01:55:11.943  4443  4443 D ar_activity: --- anchor: com.google.ar.core.Anchor@b49edc69 ---
04-22 01:55:11.943  4443  4443 D ar_activity: --- finish creating anchor: 2023-04-22 01:55:11.943 ---
04-22 01:55:11.944  4443  4443 D ar_activity: [hostAnchor start time=2023-04-22 01:55:11.943]
04-22 01:55:11.944  4443  4443 D ar_activity: [hostAnchor end time=2023-04-22 01:55:11.944]
04-22 01:55:11.944  4443  4443 D ar_activity: Start CONNECTING: 2023-04-22 01:55:11.944
04-22 01:55:11.954  4443  4571 D ar_activity: [--- anchor: onUpdate--- time=2023-04-22 01:55:11.953]
04-22 01:55:13.497  4443  4571 D ar_activity: [--- anchor: onUpdate--- time=2023-04-22 01:55:13.497]
04-22 01:55:14.884  4443  4571 D ar_activity: [--- anchor: onUpdate--- time=2023-04-22 01:55:14.884]
04-22 01:55:14.884  4443  4571 D ar_activity: [--- onAnchorHosted [NOT HOSTED]--- time=2023-04-22 01:55:14.884]
04-22 01:55:14.897  4443  4443 D ar_activity: [anchor resolution changed: true time=2023-04-22 01:55:14.897]
04-22 01:55:14.898  4443  4443 D ar_activity: [onAnchorResolutionError: null time=2023-04-22 01:55:14.898]
04-22 01:55:16.755  4443  4443 D ar_activity: SET ANCHOR: 2023-04-22 01:55:16.755
04-22 01:55:17.956  4443  4443 D ar_activity: [anchor resolution changed: null time=2023-04-22 01:55:17.956]
04-22 01:55:18.010  4443  4443 D ar_activity: [--- sync ready to set anchor --- time=2023-04-22 01:55:18.010]
04-22 01:55:18.010  4443  4443 D ar_activity: [--- sync: sendSetAnchorEvent --- time=2023-04-22 01:55:18.010]
04-22 01:55:18.011  4443  4443 D ar_activity: --- start creating anchor: 2023-04-22 01:55:18.011 ---
04-22 01:55:18.011  4443  4443 D ar_activity: --- anchor: com.google.ar.core.Anchor@b49eb989 ---
04-22 01:55:18.011  4443  4443 D ar_activity: --- finish creating anchor: 2023-04-22 01:55:18.011 ---
04-22 01:55:18.011  4443  4443 D ar_activity: [hostAnchor start time=2023-04-22 01:55:18.011]
04-22 01:55:18.011  4443  4443 D ar_activity: [hostAnchor end time=2023-04-22 01:55:18.011]
04-22 01:55:18.011  4443  4443 D ar_activity: Start CONNECTING: 2023-04-22 01:55:18.011
04-22 01:55:18.016  4443  4571 D ar_activity: [--- anchor: onUpdate--- time=2023-04-22 01:55:18.016]
04-22 01:55:20.500  4443  4571 D ar_activity: [--- anchor: onUpdate--- time=2023-04-22 01:55:20.500]
04-22 01:55:20.501  4443  4571 D ar_activity: [--- onAnchorHosted [NOT HOSTED]--- time=2023-04-22 01:55:20.500]
04-22 01:55:20.513  4443  4443 D ar_activity: [anchor resolution changed: true time=2023-04-22 01:55:20.512]
04-22 01:55:20.514  4443  4443 D ar_activity: [onAnchorResolutionError: null time=2023-04-22 01:55:20.514]
04-22 01:55:22.262  4443  4443 D ar_activity: SET ANCHOR: 2023-04-22 01:55:22.261
04-22 01:55:26.000  4443  4443 D ar_activity: [anchor resolution changed: null time=2023-04-22 01:55:26.000]
04-22 01:55:26.050  4443  4443 D ar_activity: [--- sync ready to set anchor --- time=2023-04-22 01:55:26.050]
04-22 01:55:26.051  4443  4443 D ar_activity: [--- sync: sendSetAnchorEvent --- time=2023-04-22 01:55:26.050]
04-22 01:55:26.052  4443  4443 D ar_activity: --- start creating anchor: 2023-04-22 01:55:26.051 ---
04-22 01:55:26.052  4443  4443 D ar_activity: --- anchor: com.google.ar.core.Anchor@b4a03f29 ---
04-22 01:55:26.052  4443  4443 D ar_activity: --- finish creating anchor: 2023-04-22 01:55:26.052 ---
04-22 01:55:26.052  4443  4443 D ar_activity: [hostAnchor start time=2023-04-22 01:55:26.052]
04-22 01:55:26.053  4443  4443 D ar_activity: [hostAnchor end time=2023-04-22 01:55:26.053]
04-22 01:55:26.054  4443  4443 D ar_activity: Start CONNECTING: 2023-04-22 01:55:26.054
04-22 01:55:26.072  4443  4571 D ar_activity: [--- anchor: onUpdate--- time=2023-04-22 01:55:26.072]
04-22 01:55:28.592  4443  4571 D ar_activity: [--- anchor: onUpdate--- time=2023-04-22 01:55:28.591]
04-22 01:55:28.598  4443  4571 D ar_activity: [--- onAnchorHosted [HOSTED]--- time=2023-04-22 01:55:28.592]
04-22 01:55:28.618  4443  4443 D ar_activity: [anchor resolution changed: false time=2023-04-22 01:55:28.618]
04-22 01:56:26.055  4443  4443 D ar_activity: [--- pair TIMEOUT --- time=2023-04-22 01:56:26.054]
04-22 01:56:26.065  4443  4443 D ar_activity: [anchor resolution changed: true time=2023-04-22 01:56:26.065]
04-22 01:56:26.072  4443  4443 D ar_activity: [onAnchorResolutionError: null time=2023-04-22 01:56:26.072]
04-22 01:56:27.706  4443  4443 D ar_activity: SET ANCHOR: 2023-04-22 01:56:27.706
04-22 01:56:28.492  4443  4443 D ar_activity: [anchor resolution changed: null time=2023-04-22 01:56:28.492]
04-22 01:56:28.502  4443  4443 D ar_activity: [--- sync ready to set anchor --- time=2023-04-22 01:56:28.502]
04-22 01:56:28.502  4443  4443 D ar_activity: [--- sync: sendSetAnchorEvent --- time=2023-04-22 01:56:28.502]
04-22 01:56:28.502  4443  4443 D ar_activity: --- start creating anchor: 2023-04-22 01:56:28.502 ---
04-22 01:56:28.503  4443  4443 D ar_activity: --- anchor: com.google.ar.core.Anchor@b4a01c29 ---
04-22 01:56:28.503  4443  4443 D ar_activity: --- finish creating anchor: 2023-04-22 01:56:28.503 ---
04-22 01:56:28.503  4443  4443 D ar_activity: [hostAnchor start time=2023-04-22 01:56:28.503]
04-22 01:56:28.503  4443  4443 D ar_activity: [hostAnchor end time=2023-04-22 01:56:28.503]
04-22 01:56:28.503  4443  4443 D ar_activity: Start CONNECTING: 2023-04-22 01:56:28.503
04-22 01:56:28.516  4443  4571 D ar_activity: [--- anchor: onUpdate--- time=2023-04-22 01:56:28.516]
04-22 01:56:30.949  4443  4571 D ar_activity: [--- anchor: onUpdate--- time=2023-04-22 01:56:30.948]
04-22 01:56:30.951  4443  4571 D ar_activity: [--- onAnchorHosted [HOSTED]--- time=2023-04-22 01:56:30.949]
04-22 01:56:30.954  4443  4443 D ar_activity: [anchor resolution changed: false time=2023-04-22 01:56:30.954]
04-22 01:56:35.223  4443  4443 D ar_activity: [--- sync: finish syncing anchor --- time=2023-04-22 01:56:35.223]
04-22 01:56:35.227  4443  4443 D ar_activity: SYNCED: 2023-04-22 01:56:35.227
04-22 01:56:38.493  4443  4443 D ar_activity: [[1a start] touch screen time=2023-04-22 01:56:38.492]
04-22 01:56:38.498  4443  4571 D ar_activity: addStroke at 2023-04-22 01:56:38.498
04-22 01:56:38.501  4443  4571 D ar_activity: stroke (id: -NTbXHyO5_3ZNtYs_CTK) was added at 2023-04-22 01:56:38.500
04-22 01:56:38.501  4443  4571 D ar_activity: [[1b start] setFirebaseValue stroke id=-NTbXHyO5_3ZNtYs_CTK time=2023-04-22 01:56:38.501]
04-22 01:56:38.504  4443  4571 D ar_activity: [TRACKING TransformPointToPose time=2023-04-22 01:56:38.504]
04-22 01:56:38.505  4443  4571 D ar_activity: send stroke to firebase, id=-NTbXHyO5_3ZNtYs_CTK
04-22 01:56:38.506  4443  4571 D ar_activity: [[2d] after update lines time=2023-04-22 01:56:38.505]
04-22 01:56:38.514  4443  4443 D ar_activity: [[2a end - 2d start] onChildAdded stroke id=-NTbXHyO5_3ZNtYs_CTK time=2023-04-22 01:56:38.514]
04-22 01:56:38.530  4443  4571 D ar_activity: [TRACKING TransformPointToPose time=2023-04-22 01:56:38.529]
04-22 01:56:38.533  4443  4571 D ar_activity: [TRACKING TransformPointToPose time=2023-04-22 01:56:38.532]
04-22 01:56:38.533  4443  4571 D ar_activity: send stroke to firebase, id=-NTbXHyO5_3ZNtYs_CTK
04-22 01:56:38.535  4443  4571 D ar_activity: [[2d] after update lines time=2023-04-22 01:56:38.534]
04-22 01:56:38.557  4443  4571 D ar_activity: [TRACKING TransformPointToPose time=2023-04-22 01:56:38.557]
04-22 01:56:38.557  4443  4571 D ar_activity: [TRACKING TransformPointToPose time=2023-04-22 01:56:38.557]
04-22 01:56:38.557  4443  4571 D ar_activity: send stroke to firebase, id=-NTbXHyO5_3ZNtYs_CTK
04-22 01:56:38.558  4443  4571 D ar_activity: [[2d] after update lines time=2023-04-22 01:56:38.558]
04-22 01:56:38.578  4443  4571 D ar_activity: [TRACKING TransformPointToPose time=2023-04-22 01:56:38.578]
04-22 01:56:38.578  4443  4571 D ar_activity: send stroke to firebase, id=-NTbXHyO5_3ZNtYs_CTK
04-22 01:56:38.592  4443  4443 D ar_activity: [[1b start] setFirebaseValue stroke id=-NTbXHyO5_3ZNtYs_CTK time=2023-04-22 01:56:38.591]
04-22 01:56:38.596  4443  4571 D ar_activity: [[2d] after update lines time=2023-04-22 01:56:38.596]
04-22 01:56:38.597  4443  4443 D ar_activity: [[2a end - 2d start] onChildChanged stroke id=-NTbXHyO5_3ZNtYs_CTK time=2023-04-22 01:56:38.597]
04-22 01:56:38.618  4443  4571 D ar_activity: [TRACKING TransformPointToPose time=2023-04-22 01:56:38.618]
04-22 01:56:38.618  4443  4571 D ar_activity: [TRACKING TransformPointToPose time=2023-04-22 01:56:38.618]
04-22 01:56:38.619  4443  4571 D ar_activity: [TRACKING TransformPointToPose time=2023-04-22 01:56:38.618]
04-22 01:56:38.619  4443  4571 D ar_activity: send stroke to firebase, id=-NTbXHyO5_3ZNtYs_CTK
04-22 01:56:38.619  4443  4571 D ar_activity: [[2d] after update lines time=2023-04-22 01:56:38.619]
04-22 01:56:38.638  4443  4571 D ar_activity: [TRACKING TransformPointToPose time=2023-04-22 01:56:38.638]
04-22 01:56:38.639  4443  4571 D ar_activity: [TRACKING TransformPointToPose time=2023-04-22 01:56:38.638]
04-22 01:56:38.639  4443  4571 D ar_activity: send stroke to firebase, id=-NTbXHyO5_3ZNtYs_CTK
04-22 01:56:38.639  4443  4571 D ar_activity: [[2d] after update lines time=2023-04-22 01:56:38.639]
04-22 01:56:38.657  4443  4443 D ar_activity: [[2a end - 2d start] onChildChanged stroke id=-NTbXHyO5_3ZNtYs_CTK time=2023-04-22 01:56:38.657]
04-22 01:56:38.660  4443  4571 D ar_activity: [TRACKING TransformPointToPose time=2023-04-22 01:56:38.660]
04-22 01:56:38.661  4443  4571 D ar_activity: [TRACKING TransformPointToPose time=2023-04-22 01:56:38.660]
04-22 01:56:38.661  4443  4571 D ar_activity: send stroke to firebase, id=-NTbXHyO5_3ZNtYs_CTK
04-22 01:56:38.665  4443  4571 D ar_activity: [[2d] after update lines time=2023-04-22 01:56:38.663]
04-22 01:56:38.686  4443  4571 D ar_activity: [TRACKING TransformPointToPose time=2023-04-22 01:56:38.686]
04-22 01:56:38.686  4443  4571 D ar_activity: [TRACKING TransformPointToPose time=2023-04-22 01:56:38.686]
04-22 01:56:38.686  4443  4571 D ar_activity: send stroke to firebase, id=-NTbXHyO5_3ZNtYs_CTK
04-22 01:56:38.688  4443  4571 D ar_activity: [[2d] after update lines time=2023-04-22 01:56:38.688]
04-22 01:56:38.708  4443  4571 D ar_activity: [TRACKING TransformPointToPose time=2023-04-22 01:56:38.708]
04-22 01:56:38.709  4443  4571 D ar_activity: [TRACKING TransformPointToPose time=2023-04-22 01:56:38.709]
04-22 01:56:38.709  4443  4571 D ar_activity: send stroke to firebase, id=-NTbXHyO5_3ZNtYs_CTK
04-22 01:56:38.711  4443  4443 D ar_activity: [[2a end - 2d start] onChildChanged stroke id=-NTbXHyO5_3ZNtYs_CTK time=2023-04-22 01:56:38.711]
04-22 01:56:38.711  4443  4571 D ar_activity: [[2d] after update lines time=2023-04-22 01:56:38.711]
04-22 01:56:38.732  4443  4571 D ar_activity: [TRACKING TransformPointToPose time=2023-04-22 01:56:38.732]
04-22 01:56:38.733  4443  4571 D ar_activity: [TRACKING TransformPointToPose time=2023-04-22 01:56:38.733]
04-22 01:56:38.733  4443  4571 D ar_activity: send stroke to firebase, id=-NTbXHyO5_3ZNtYs_CTK
04-22 01:56:38.733  4443  4571 D ar_activity: [[2d] after update lines time=2023-04-22 01:56:38.733]
04-22 01:56:38.752  4443  4571 D ar_activity: [TRACKING TransformPointToPose time=2023-04-22 01:56:38.752]
04-22 01:56:38.752  4443  4571 D ar_activity: send stroke to firebase, id=-NTbXHyO5_3ZNtYs_CTK
04-22 01:56:38.753  4443  4571 D ar_activity: [[2d] after update lines time=2023-04-22 01:56:38.753]
04-22 01:56:38.775  4443  4571 D ar_activity: [TRACKING TransformPointToPose time=2023-04-22 01:56:38.775]
04-22 01:56:38.776  4443  4571 D ar_activity: [TRACKING TransformPointToPose time=2023-04-22 01:56:38.775]
04-22 01:56:38.778  4443  4571 D ar_activity: send stroke to firebase, id=-NTbXHyO5_3ZNtYs_CTK
04-22 01:56:38.780  4443  4571 D ar_activity: [[2d] after update lines time=2023-04-22 01:56:38.779]
04-22 01:56:38.780  4443  4443 D ar_activity: [[2a end - 2d start] onChildChanged stroke id=-NTbXHyO5_3ZNtYs_CTK time=2023-04-22 01:56:38.780]
04-22 01:56:38.802  4443  4571 D ar_activity: [TRACKING TransformPointToPose time=2023-04-22 01:56:38.801]
04-22 01:56:38.802  4443  4571 D ar_activity: [TRACKING TransformPointToPose time=2023-04-22 01:56:38.802]
04-22 01:56:38.802  4443  4571 D ar_activity: [TRACKING TransformPointToPose time=2023-04-22 01:56:38.802]
04-22 01:56:38.802  4443  4571 D ar_activity: [TRACKING TransformPointToPose time=2023-04-22 01:56:38.802]
04-22 01:56:38.802  4443  4571 D ar_activity: send stroke to firebase, id=-NTbXHyO5_3ZNtYs_CTK
04-22 01:56:38.803  4443  4571 D ar_activity: [[2d] after update lines time=2023-04-22 01:56:38.803]
04-22 01:56:38.822  4443  4571 D ar_activity: [TRACKING TransformPointToPose time=2023-04-22 01:56:38.822]
04-22 01:56:38.822  4443  4571 D ar_activity: [TRACKING TransformPointToPose time=2023-04-22 01:56:38.822]
04-22 01:56:38.822  4443  4571 D ar_activity: send stroke to firebase, id=-NTbXHyO5_3ZNtYs_CTK
04-22 01:56:38.823  4443  4571 D ar_activity: [[2d] after update lines time=2023-04-22 01:56:38.823]
04-22 01:56:38.838  4443  4443 D ar_activity: [[2a end - 2d start] onChildChanged stroke id=-NTbXHyO5_3ZNtYs_CTK time=2023-04-22 01:56:38.837]
04-22 01:56:38.842  4443  4571 D ar_activity: [TRACKING TransformPointToPose time=2023-04-22 01:56:38.841]
04-22 01:56:38.842  4443  4571 D ar_activity: send stroke to firebase, id=-NTbXHyO5_3ZNtYs_CTK
04-22 01:56:38.842  4443  4571 D ar_activity: [[2d] after update lines time=2023-04-22 01:56:38.842]
04-22 01:56:38.863  4443  4571 D ar_activity: [TRACKING TransformPointToPose time=2023-04-22 01:56:38.863]
04-22 01:56:38.864  4443  4571 D ar_activity: [TRACKING TransformPointToPose time=2023-04-22 01:56:38.864]
04-22 01:56:38.864  4443  4571 D ar_activity: send stroke to firebase, id=-NTbXHyO5_3ZNtYs_CTK
04-22 01:56:38.864  4443  4571 D ar_activity: [[2d] after update lines time=2023-04-22 01:56:38.864]
04-22 01:56:38.883  4443  4571 D ar_activity: [TRACKING TransformPointToPose time=2023-04-22 01:56:38.883]
04-22 01:56:38.884  4443  4571 D ar_activity: [TRACKING TransformPointToPose time=2023-04-22 01:56:38.884]
04-22 01:56:38.884  4443  4571 D ar_activity: send stroke to firebase, id=-NTbXHyO5_3ZNtYs_CTK
04-22 01:56:38.884  4443  4571 D ar_activity: [[2d] after update lines time=2023-04-22 01:56:38.884]
04-22 01:56:38.905  4443  4571 D ar_activity: [TRACKING TransformPointToPose time=2023-04-22 01:56:38.904]
04-22 01:56:38.906  4443  4571 D ar_activity: [TRACKING TransformPointToPose time=2023-04-22 01:56:38.906]
04-22 01:56:38.906  4443  4443 D ar_activity: [[2a end - 2d start] onChildChanged stroke id=-NTbXHyO5_3ZNtYs_CTK time=2023-04-22 01:56:38.906]
04-22 01:56:38.906  4443  4571 D ar_activity: send stroke to firebase, id=-NTbXHyO5_3ZNtYs_CTK
04-22 01:56:38.908  4443  4571 D ar_activity: [[2d] after update lines time=2023-04-22 01:56:38.907]
04-22 01:56:38.931  4443  4571 D ar_activity: [TRACKING TransformPointToPose time=2023-04-22 01:56:38.931]
04-22 01:56:38.931  4443  4571 D ar_activity: [TRACKING TransformPointToPose time=2023-04-22 01:56:38.931]
04-22 01:56:38.931  4443  4571 D ar_activity: send stroke to firebase, id=-NTbXHyO5_3ZNtYs_CTK
04-22 01:56:38.932  4443  4571 D ar_activity: [[2d] after update lines time=2023-04-22 01:56:38.932]
04-22 01:56:38.951  4443  4571 D ar_activity: [TRACKING TransformPointToPose time=2023-04-22 01:56:38.951]
04-22 01:56:38.951  4443  4571 D ar_activity: [TRACKING TransformPointToPose time=2023-04-22 01:56:38.951]
04-22 01:56:38.951  4443  4571 D ar_activity: send stroke to firebase, id=-NTbXHyO5_3ZNtYs_CTK
04-22 01:56:38.952  4443  4571 D ar_activity: [[2d] after update lines time=2023-04-22 01:56:38.952]
04-22 01:56:38.968  4443  4443 D ar_activity: [[2a end - 2d start] onChildChanged stroke id=-NTbXHyO5_3ZNtYs_CTK time=2023-04-22 01:56:38.968]
04-22 01:56:38.971  4443  4571 D ar_activity: [TRACKING TransformPointToPose time=2023-04-22 01:56:38.971]
04-22 01:56:38.972  4443  4571 D ar_activity: [TRACKING TransformPointToPose time=2023-04-22 01:56:38.972]
04-22 01:56:38.972  4443  4571 D ar_activity: send stroke to firebase, id=-NTbXHyO5_3ZNtYs_CTK
04-22 01:56:38.973  4443  4571 D ar_activity: [[2d] after update lines time=2023-04-22 01:56:38.973]
04-22 01:56:38.999  4443  4571 D ar_activity: [TRACKING TransformPointToPose time=2023-04-22 01:56:38.999]
04-22 01:56:39.000  4443  4571 D ar_activity: [TRACKING TransformPointToPose time=2023-04-22 01:56:39.000]
04-22 01:56:39.000  4443  4571 D ar_activity: send stroke to firebase, id=-NTbXHyO5_3ZNtYs_CTK
04-22 01:56:39.000  4443  4571 D ar_activity: [[2d] after update lines time=2023-04-22 01:56:39.000]
04-22 01:56:39.019  4443  4571 D ar_activity: [TRACKING TransformPointToPose time=2023-04-22 01:56:39.019]
04-22 01:56:39.019  4443  4571 D ar_activity: send stroke to firebase, id=-NTbXHyO5_3ZNtYs_CTK
04-22 01:56:39.020  4443  4571 D ar_activity: [[2d] after update lines time=2023-04-22 01:56:39.020]
04-22 01:56:39.040  4443  4571 D ar_activity: [TRACKING TransformPointToPose time=2023-04-22 01:56:39.040]
04-22 01:56:39.040  4443  4443 D ar_activity: [[2a end - 2d start] onChildChanged stroke id=-NTbXHyO5_3ZNtYs_CTK time=2023-04-22 01:56:39.040]
04-22 01:56:39.040  4443  4571 D ar_activity: [TRACKING TransformPointToPose time=2023-04-22 01:56:39.040]
04-22 01:56:39.040  4443  4571 D ar_activity: [TRACKING TransformPointToPose time=2023-04-22 01:56:39.040]
04-22 01:56:39.041  4443  4571 D ar_activity: send stroke to firebase, id=-NTbXHyO5_3ZNtYs_CTK
04-22 01:56:39.042  4443  4571 D ar_activity: [[2d] after update lines time=2023-04-22 01:56:39.041]
04-22 01:56:39.060  4443  4571 D ar_activity: [TRACKING TransformPointToPose time=2023-04-22 01:56:39.060]
04-22 01:56:39.061  4443  4571 D ar_activity: [TRACKING TransformPointToPose time=2023-04-22 01:56:39.061]
04-22 01:56:39.061  4443  4571 D ar_activity: send stroke to firebase, id=-NTbXHyO5_3ZNtYs_CTK
04-22 01:56:39.064  4443  4571 D ar_activity: [[2d] after update lines time=2023-04-22 01:56:39.064]
04-22 01:56:39.083  4443  4571 D ar_activity: [TRACKING TransformPointToPose time=2023-04-22 01:56:39.083]
04-22 01:56:39.083  4443  4571 D ar_activity: [TRACKING TransformPointToPose time=2023-04-22 01:56:39.083]
04-22 01:56:39.083  4443  4571 D ar_activity: send stroke to firebase, id=-NTbXHyO5_3ZNtYs_CTK
04-22 01:56:39.084  4443  4571 D ar_activity: [[2d] after update lines time=2023-04-22 01:56:39.084]
04-22 01:56:39.103  4443  4571 D ar_activity: [TRACKING TransformPointToPose time=2023-04-22 01:56:39.102]
04-22 01:56:39.103  4443  4571 D ar_activity: [TRACKING TransformPointToPose time=2023-04-22 01:56:39.103]
04-22 01:56:39.103  4443  4571 D ar_activity: send stroke to firebase, id=-NTbXHyO5_3ZNtYs_CTK
04-22 01:56:39.103  4443  4571 D ar_activity: [[2d] after update lines time=2023-04-22 01:56:39.103]
04-22 01:56:39.124  4443  4571 D ar_activity: [TRACKING TransformPointToPose time=2023-04-22 01:56:39.124]
04-22 01:56:39.124  4443  4571 D ar_activity: send stroke to firebase, id=-NTbXHyO5_3ZNtYs_CTK
04-22 01:56:39.129  4443  4571 D ar_activity: [[2d] after update lines time=2023-04-22 01:56:39.127]
04-22 01:56:39.137  4443  4443 D ar_activity: [[2a end - 2d start] onChildChanged stroke id=-NTbXHyO5_3ZNtYs_CTK time=2023-04-22 01:56:39.137]
04-22 01:56:39.152  4443  4571 D ar_activity: [TRACKING TransformPointToPose time=2023-04-22 01:56:39.152]
04-22 01:56:39.152  4443  4571 D ar_activity: [TRACKING TransformPointToPose time=2023-04-22 01:56:39.152]
04-22 01:56:39.152  4443  4571 D ar_activity: [TRACKING TransformPointToPose time=2023-04-22 01:56:39.152]
04-22 01:56:39.152  4443  4571 D ar_activity: send stroke to firebase, id=-NTbXHyO5_3ZNtYs_CTK
04-22 01:56:39.153  4443  4571 D ar_activity: [[2d] after update lines time=2023-04-22 01:56:39.153]
04-22 01:56:39.180  4443  4571 D ar_activity: [TRACKING TransformPointToPose time=2023-04-22 01:56:39.180]
04-22 01:56:39.181  4443  4571 D ar_activity: [TRACKING TransformPointToPose time=2023-04-22 01:56:39.180]
04-22 01:56:39.181  4443  4571 D ar_activity: [TRACKING TransformPointToPose time=2023-04-22 01:56:39.181]
04-22 01:56:39.182  4443  4571 D ar_activity: send stroke to firebase, id=-NTbXHyO5_3ZNtYs_CTK
04-22 01:56:39.183  4443  4571 D ar_activity: [[2d] after update lines time=2023-04-22 01:56:39.182]
04-22 01:56:39.202  4443  4571 D ar_activity: [TRACKING TransformPointToPose time=2023-04-22 01:56:39.202]
04-22 01:56:39.202  4443  4571 D ar_activity: send stroke to firebase, id=-NTbXHyO5_3ZNtYs_CTK
04-22 01:56:39.203  4443  4571 D ar_activity: [[2d] after update lines time=2023-04-22 01:56:39.203]
04-22 01:56:39.223  4443  4571 D ar_activity: [TRACKING TransformPointToPose time=2023-04-22 01:56:39.223]
04-22 01:56:39.223  4443  4571 D ar_activity: [TRACKING TransformPointToPose time=2023-04-22 01:56:39.223]
04-22 01:56:39.223  4443  4571 D ar_activity: [TRACKING TransformPointToPose time=2023-04-22 01:56:39.223]
04-22 01:56:39.223  4443  4571 D ar_activity: send stroke to firebase, id=-NTbXHyO5_3ZNtYs_CTK
04-22 01:56:39.224  4443  4571 D ar_activity: [[2d] after update lines time=2023-04-22 01:56:39.224]
04-22 01:56:39.237  4443  4443 D ar_activity: [[2a end - 2d start] onChildChanged stroke id=-NTbXHyO5_3ZNtYs_CTK time=2023-04-22 01:56:39.237]
04-22 01:56:39.244  4443  4571 D ar_activity: [TRACKING TransformPointToPose time=2023-04-22 01:56:39.244]
04-22 01:56:39.245  4443  4571 D ar_activity: [TRACKING TransformPointToPose time=2023-04-22 01:56:39.245]
04-22 01:56:39.245  4443  4571 D ar_activity: send stroke to firebase, id=-NTbXHyO5_3ZNtYs_CTK
04-22 01:56:39.245  4443  4571 D ar_activity: [[2d] after update lines time=2023-04-22 01:56:39.245]
04-22 01:56:39.266  4443  4571 D ar_activity: [TRACKING TransformPointToPose time=2023-04-22 01:56:39.266]
04-22 01:56:39.266  4443  4571 D ar_activity: send stroke to firebase, id=-NTbXHyO5_3ZNtYs_CTK
04-22 01:56:39.267  4443  4571 D ar_activity: [[2d] after update lines time=2023-04-22 01:56:39.267]
04-22 01:56:39.287  4443  4571 D ar_activity: [TRACKING TransformPointToPose time=2023-04-22 01:56:39.286]
04-22 01:56:39.287  4443  4571 D ar_activity: send stroke to firebase, id=-NTbXHyO5_3ZNtYs_CTK
04-22 01:56:39.287  4443  4571 D ar_activity: [[2d] after update lines time=2023-04-22 01:56:39.287]
04-22 01:56:39.306  4443  4571 D ar_activity: [TRACKING TransformPointToPose time=2023-04-22 01:56:39.306]
04-22 01:56:39.306  4443  4571 D ar_activity: [TRACKING TransformPointToPose time=2023-04-22 01:56:39.306]
04-22 01:56:39.307  4443  4571 D ar_activity: send stroke to firebase, id=-NTbXHyO5_3ZNtYs_CTK
04-22 01:56:39.309  4443  4571 D ar_activity: [[2d] after update lines time=2023-04-22 01:56:39.308]
04-22 01:56:39.309  4443  4443 D ar_activity: [[2a end - 2d start] onChildChanged stroke id=-NTbXHyO5_3ZNtYs_CTK time=2023-04-22 01:56:39.309]
04-22 01:56:39.333  4443  4571 D ar_activity: [TRACKING TransformPointToPose time=2023-04-22 01:56:39.333]
04-22 01:56:39.333  4443  4571 D ar_activity: [TRACKING TransformPointToPose time=2023-04-22 01:56:39.333]
04-22 01:56:39.333  4443  4571 D ar_activity: send stroke to firebase, id=-NTbXHyO5_3ZNtYs_CTK
04-22 01:56:39.334  4443  4571 D ar_activity: [[2d] after update lines time=2023-04-22 01:56:39.334]
04-22 01:56:39.353  4443  4571 D ar_activity: [TRACKING TransformPointToPose time=2023-04-22 01:56:39.353]
04-22 01:56:39.353  4443  4571 D ar_activity: send stroke to firebase, id=-NTbXHyO5_3ZNtYs_CTK
04-22 01:56:39.354  4443  4571 D ar_activity: [[2d] after update lines time=2023-04-22 01:56:39.354]
04-22 01:56:39.372  4443  4443 D ar_activity: [[2a end - 2d start] onChildChanged stroke id=-NTbXHyO5_3ZNtYs_CTK time=2023-04-22 01:56:39.372]
04-22 01:56:39.374  4443  4571 D ar_activity: [TRACKING TransformPointToPose time=2023-04-22 01:56:39.374]
04-22 01:56:39.375  4443  4571 D ar_activity: [TRACKING TransformPointToPose time=2023-04-22 01:56:39.374]
04-22 01:56:39.375  4443  4571 D ar_activity: send stroke to firebase, id=-NTbXHyO5_3ZNtYs_CTK
04-22 01:56:39.379  4443  4571 D ar_activity: [[2d] after update lines time=2023-04-22 01:56:39.378]
04-22 01:56:39.401  4443  4571 D ar_activity: [TRACKING TransformPointToPose time=2023-04-22 01:56:39.400]
04-22 01:56:39.402  4443  4571 D ar_activity: [TRACKING TransformPointToPose time=2023-04-22 01:56:39.401]
04-22 01:56:39.402  4443  4571 D ar_activity: [TRACKING TransformPointToPose time=2023-04-22 01:56:39.402]
04-22 01:56:39.402  4443  4571 D ar_activity: send stroke to firebase, id=-NTbXHyO5_3ZNtYs_CTK
04-22 01:56:39.403  4443  4571 D ar_activity: [[2d] after update lines time=2023-04-22 01:56:39.402]
04-22 01:56:39.423  4443  4571 D ar_activity: [TRACKING TransformPointToPose time=2023-04-22 01:56:39.423]
04-22 01:56:39.423  4443  4571 D ar_activity: [TRACKING TransformPointToPose time=2023-04-22 01:56:39.423]
04-22 01:56:39.424  4443  4571 D ar_activity: send stroke to firebase, id=-NTbXHyO5_3ZNtYs_CTK
04-22 01:56:39.425  4443  4571 D ar_activity: [[2d] after update lines time=2023-04-22 01:56:39.424]
04-22 01:56:39.438  4443  4443 D ar_activity: [[2a end - 2d start] onChildChanged stroke id=-NTbXHyO5_3ZNtYs_CTK time=2023-04-22 01:56:39.437]
04-22 01:56:39.444  4443  4571 D ar_activity: [TRACKING TransformPointToPose time=2023-04-22 01:56:39.444]
04-22 01:56:39.444  4443  4571 D ar_activity: send stroke to firebase, id=-NTbXHyO5_3ZNtYs_CTK
04-22 01:56:39.446  4443  4571 D ar_activity: [[2d] after update lines time=2023-04-22 01:56:39.446]
04-22 01:56:39.469  4443  4571 D ar_activity: [TRACKING TransformPointToPose time=2023-04-22 01:56:39.468]
04-22 01:56:39.470  4443  4571 D ar_activity: [TRACKING TransformPointToPose time=2023-04-22 01:56:39.469]
04-22 01:56:39.471  4443  4571 D ar_activity: send stroke to firebase, id=-NTbXHyO5_3ZNtYs_CTK
04-22 01:56:39.473  4443  4571 D ar_activity: [[2d] after update lines time=2023-04-22 01:56:39.473]
04-22 01:56:39.492  4443  4443 D ar_activity: [[2a end - 2d start] onChildChanged stroke id=-NTbXHyO5_3ZNtYs_CTK time=2023-04-22 01:56:39.492]
04-22 01:56:39.495  4443  4571 D ar_activity: [TRACKING TransformPointToPose time=2023-04-22 01:56:39.495]
04-22 01:56:39.498  4443  4571 D ar_activity: [TRACKING TransformPointToPose time=2023-04-22 01:56:39.497]
04-22 01:56:39.498  4443  4571 D ar_activity: send stroke to firebase, id=-NTbXHyO5_3ZNtYs_CTK
04-22 01:56:39.499  4443  4571 D ar_activity: [[2d] after update lines time=2023-04-22 01:56:39.498]
04-22 01:56:39.517  4443  4571 D ar_activity: [TRACKING TransformPointToPose time=2023-04-22 01:56:39.517]
04-22 01:56:39.518  4443  4571 D ar_activity: [TRACKING TransformPointToPose time=2023-04-22 01:56:39.517]
04-22 01:56:39.518  4443  4571 D ar_activity: send stroke to firebase, id=-NTbXHyO5_3ZNtYs_CTK
04-22 01:56:39.518  4443  4571 D ar_activity: [[2d] after update lines time=2023-04-22 01:56:39.518]
04-22 01:56:39.537  4443  4571 D ar_activity: [TRACKING TransformPointToPose time=2023-04-22 01:56:39.537]
04-22 01:56:39.537  4443  4571 D ar_activity: send stroke to firebase, id=-NTbXHyO5_3ZNtYs_CTK
04-22 01:56:39.538  4443  4571 D ar_activity: [[2d] after update lines time=2023-04-22 01:56:39.538]
04-22 01:56:39.556  4443  4443 D ar_activity: [[2a end - 2d start] onChildChanged stroke id=-NTbXHyO5_3ZNtYs_CTK time=2023-04-22 01:56:39.554]
04-22 01:56:39.558  4443  4571 D ar_activity: [TRACKING TransformPointToPose time=2023-04-22 01:56:39.558]
04-22 01:56:39.558  4443  4571 D ar_activity: send stroke to firebase, id=-NTbXHyO5_3ZNtYs_CTK
04-22 01:56:39.560  4443  4571 D ar_activity: [[2d] after update lines time=2023-04-22 01:56:39.559]
04-22 01:56:39.581  4443  4571 D ar_activity: [TRACKING TransformPointToPose time=2023-04-22 01:56:39.581]
04-22 01:56:39.581  4443  4571 D ar_activity: [TRACKING TransformPointToPose time=2023-04-22 01:56:39.581]
04-22 01:56:39.581  4443  4571 D ar_activity: send stroke to firebase, id=-NTbXHyO5_3ZNtYs_CTK
04-22 01:56:39.582  4443  4571 D ar_activity: [[2d] after update lines time=2023-04-22 01:56:39.582]
04-22 01:56:39.600  4443  4571 D ar_activity: [TRACKING TransformPointToPose time=2023-04-22 01:56:39.600]
04-22 01:56:39.601  4443  4571 D ar_activity: send stroke to firebase, id=-NTbXHyO5_3ZNtYs_CTK
04-22 01:56:39.601  4443  4571 D ar_activity: [[2d] after update lines time=2023-04-22 01:56:39.601]
04-22 01:56:39.619  4443  4443 D ar_activity: [[2a end - 2d start] onChildChanged stroke id=-NTbXHyO5_3ZNtYs_CTK time=2023-04-22 01:56:39.618]
04-22 01:56:39.623  4443  4571 D ar_activity: [TRACKING TransformPointToPose time=2023-04-22 01:56:39.622]
04-22 01:56:39.623  4443  4571 D ar_activity: send stroke to firebase, id=-NTbXHyO5_3ZNtYs_CTK
04-22 01:56:39.624  4443  4571 D ar_activity: [[2d] after update lines time=2023-04-22 01:56:39.624]
04-22 01:56:39.648  4443  4571 D ar_activity: [TRACKING TransformPointToPose time=2023-04-22 01:56:39.648]
04-22 01:56:39.648  4443  4571 D ar_activity: [TRACKING TransformPointToPose time=2023-04-22 01:56:39.648]
04-22 01:56:39.648  4443  4571 D ar_activity: [TRACKING TransformPointToPose time=2023-04-22 01:56:39.648]
04-22 01:56:39.648  4443  4571 D ar_activity: send stroke to firebase, id=-NTbXHyO5_3ZNtYs_CTK
04-22 01:56:39.649  4443  4571 D ar_activity: [[2d] after update lines time=2023-04-22 01:56:39.649]
04-22 01:56:39.669  4443  4571 D ar_activity: [TRACKING TransformPointToPose time=2023-04-22 01:56:39.668]
04-22 01:56:39.670  4443  4571 D ar_activity: [TRACKING TransformPointToPose time=2023-04-22 01:56:39.670]
04-22 01:56:39.670  4443  4571 D ar_activity: send stroke to firebase, id=-NTbXHyO5_3ZNtYs_CTK
04-22 01:56:39.671  4443  4571 D ar_activity: [[2d] after update lines time=2023-04-22 01:56:39.670]
04-22 01:56:39.684  4443  4443 D ar_activity: [[2a end - 2d start] onChildChanged stroke id=-NTbXHyO5_3ZNtYs_CTK time=2023-04-22 01:56:39.683]
04-22 01:56:39.690  4443  4571 D ar_activity: [TRACKING TransformPointToPose time=2023-04-22 01:56:39.690]
04-22 01:56:39.690  4443  4571 D ar_activity: send stroke to firebase, id=-NTbXHyO5_3ZNtYs_CTK
04-22 01:56:39.691  4443  4571 D ar_activity: [[2d] after update lines time=2023-04-22 01:56:39.690]
04-22 01:56:39.709  4443  4571 D ar_activity: [TRACKING TransformPointToPose time=2023-04-22 01:56:39.709]
04-22 01:56:39.710  4443  4571 D ar_activity: [TRACKING TransformPointToPose time=2023-04-22 01:56:39.710]
04-22 01:56:39.710  4443  4571 D ar_activity: send stroke to firebase, id=-NTbXHyO5_3ZNtYs_CTK
04-22 01:56:39.710  4443  4571 D ar_activity: [[2d] after update lines time=2023-04-22 01:56:39.710]
04-22 01:56:39.732  4443  4571 D ar_activity: [TRACKING TransformPointToPose time=2023-04-22 01:56:39.732]
04-22 01:56:39.733  4443  4571 D ar_activity: [TRACKING TransformPointToPose time=2023-04-22 01:56:39.732]
04-22 01:56:39.733  4443  4571 D ar_activity: send stroke to firebase, id=-NTbXHyO5_3ZNtYs_CTK
04-22 01:56:39.733  4443  4571 D ar_activity: [[2d] after update lines time=2023-04-22 01:56:39.733]
04-22 01:56:39.752  4443  4443 D ar_activity: [[2a end - 2d start] onChildChanged stroke id=-NTbXHyO5_3ZNtYs_CTK time=2023-04-22 01:56:39.752]
04-22 01:56:39.755  4443  4571 D ar_activity: [TRACKING TransformPointToPose time=2023-04-22 01:56:39.755]
04-22 01:56:39.756  4443  4571 D ar_activity: [TRACKING TransformPointToPose time=2023-04-22 01:56:39.756]
04-22 01:56:39.757  4443  4571 D ar_activity: [TRACKING TransformPointToPose time=2023-04-22 01:56:39.756]
04-22 01:56:39.757  4443  4571 D ar_activity: send stroke to firebase, id=-NTbXHyO5_3ZNtYs_CTK
04-22 01:56:39.759  4443  4571 D ar_activity: [[2d] after update lines time=2023-04-22 01:56:39.759]
04-22 01:56:39.783  4443  4571 D ar_activity: [TRACKING TransformPointToPose time=2023-04-22 01:56:39.782]
04-22 01:56:39.783  4443  4571 D ar_activity: [TRACKING TransformPointToPose time=2023-04-22 01:56:39.783]
04-22 01:56:39.784  4443  4571 D ar_activity: [TRACKING TransformPointToPose time=2023-04-22 01:56:39.783]
04-22 01:56:39.784  4443  4571 D ar_activity: send stroke to firebase, id=-NTbXHyO5_3ZNtYs_CTK
04-22 01:56:39.785  4443  4571 D ar_activity: [[2d] after update lines time=2023-04-22 01:56:39.785]
04-22 01:56:39.810  4443  4571 D ar_activity: [TRACKING TransformPointToPose time=2023-04-22 01:56:39.809]
04-22 01:56:39.810  4443  4571 D ar_activity: [TRACKING TransformPointToPose time=2023-04-22 01:56:39.810]
04-22 01:56:39.810  4443  4571 D ar_activity: send stroke to firebase, id=-NTbXHyO5_3ZNtYs_CTK
04-22 01:56:39.823  4443  4571 D ar_activity: [[2d] after update lines time=2023-04-22 01:56:39.821]
04-22 01:56:39.838  4443  4443 D ar_activity: [[2a end - 2d start] onChildChanged stroke id=-NTbXHyO5_3ZNtYs_CTK time=2023-04-22 01:56:39.838]
04-22 01:56:39.852  4443  4571 D ar_activity: [TRACKING TransformPointToPose time=2023-04-22 01:56:39.852]
04-22 01:56:39.853  4443  4571 D ar_activity: [TRACKING TransformPointToPose time=2023-04-22 01:56:39.852]
04-22 01:56:39.853  4443  4571 D ar_activity: [TRACKING TransformPointToPose time=2023-04-22 01:56:39.853]
04-22 01:56:39.854  4443  4571 D ar_activity: [TRACKING TransformPointToPose time=2023-04-22 01:56:39.853]
04-22 01:56:39.854  4443  4571 D ar_activity: send stroke to firebase, id=-NTbXHyO5_3ZNtYs_CTK
04-22 01:56:39.855  4443  4571 D ar_activity: [[2d] after update lines time=2023-04-22 01:56:39.855]
04-22 01:56:39.875  4443  4571 D ar_activity: [TRACKING TransformPointToPose time=2023-04-22 01:56:39.875]
04-22 01:56:39.876  4443  4571 D ar_activity: [TRACKING TransformPointToPose time=2023-04-22 01:56:39.876]
04-22 01:56:39.876  4443  4571 D ar_activity: send stroke to firebase, id=-NTbXHyO5_3ZNtYs_CTK
04-22 01:56:39.877  4443  4571 D ar_activity: [[2d] after update lines time=2023-04-22 01:56:39.877]
04-22 01:56:39.900  4443  4571 D ar_activity: [TRACKING TransformPointToPose time=2023-04-22 01:56:39.899]
04-22 01:56:39.900  4443  4571 D ar_activity: [TRACKING TransformPointToPose time=2023-04-22 01:56:39.900]
04-22 01:56:39.900  4443  4571 D ar_activity: send stroke to firebase, id=-NTbXHyO5_3ZNtYs_CTK
04-22 01:56:39.901  4443  4571 D ar_activity: [[2d] after update lines time=2023-04-22 01:56:39.901]
04-22 01:56:39.920  4443  4571 D ar_activity: [TRACKING TransformPointToPose time=2023-04-22 01:56:39.920]
04-22 01:56:39.921  4443  4571 D ar_activity: [TRACKING TransformPointToPose time=2023-04-22 01:56:39.921]
04-22 01:56:39.921  4443  4571 D ar_activity: send stroke to firebase, id=-NTbXHyO5_3ZNtYs_CTK
04-22 01:56:39.922  4443  4443 D ar_activity: [[2a end - 2d start] onChildChanged stroke id=-NTbXHyO5_3ZNtYs_CTK time=2023-04-22 01:56:39.922]
04-22 01:56:39.923  4443  4571 D ar_activity: [[2d] after update lines time=2023-04-22 01:56:39.922]
04-22 01:56:39.942  4443  4571 D ar_activity: [TRACKING TransformPointToPose time=2023-04-22 01:56:39.942]
04-22 01:56:39.942  4443  4571 D ar_activity: send stroke to firebase, id=-NTbXHyO5_3ZNtYs_CTK
04-22 01:56:39.943  4443  4571 D ar_activity: [[2d] after update lines time=2023-04-22 01:56:39.943]
04-22 01:56:39.967  4443  4571 D ar_activity: [TRACKING TransformPointToPose time=2023-04-22 01:56:39.965]
04-22 01:56:39.968  4443  4571 D ar_activity: [TRACKING TransformPointToPose time=2023-04-22 01:56:39.968]
04-22 01:56:39.968  4443  4571 D ar_activity: send stroke to firebase, id=-NTbXHyO5_3ZNtYs_CTK
04-22 01:56:39.969  4443  4571 D ar_activity: [[2d] after update lines time=2023-04-22 01:56:39.969]
04-22 01:56:39.985  4443  4443 D ar_activity: [[2a end - 2d start] onChildChanged stroke id=-NTbXHyO5_3ZNtYs_CTK time=2023-04-22 01:56:39.985]
04-22 01:56:39.991  4443  4571 D ar_activity: [TRACKING TransformPointToPose time=2023-04-22 01:56:39.990]
04-22 01:56:39.991  4443  4571 D ar_activity: send stroke to firebase, id=-NTbXHyO5_3ZNtYs_CTK
04-22 01:56:39.993  4443  4571 D ar_activity: [[2d] after update lines time=2023-04-22 01:56:39.992]
04-22 01:56:40.016  4443  4571 D ar_activity: [TRACKING TransformPointToPose time=2023-04-22 01:56:40.016]
04-22 01:56:40.017  4443  4571 D ar_activity: [TRACKING TransformPointToPose time=2023-04-22 01:56:40.016]
04-22 01:56:40.017  4443  4571 D ar_activity: send stroke to firebase, id=-NTbXHyO5_3ZNtYs_CTK
04-22 01:56:40.017  4443  4571 D ar_activity: [[2d] after update lines time=2023-04-22 01:56:40.017]
04-22 01:56:40.036  4443  4571 D ar_activity: [TRACKING TransformPointToPose time=2023-04-22 01:56:40.036]
04-22 01:56:40.036  4443  4571 D ar_activity: send stroke to firebase, id=-NTbXHyO5_3ZNtYs_CTK
04-22 01:56:40.038  4443  4571 D ar_activity: [[2d] after update lines time=2023-04-22 01:56:40.037]
04-22 01:56:40.057  4443  4571 D ar_activity: [TRACKING TransformPointToPose time=2023-04-22 01:56:40.057]
04-22 01:56:40.057  4443  4571 D ar_activity: [TRACKING TransformPointToPose time=2023-04-22 01:56:40.057]
04-22 01:56:40.057  4443  4571 D ar_activity: send stroke to firebase, id=-NTbXHyO5_3ZNtYs_CTK
04-22 01:56:40.059  4443  4443 D ar_activity: [[2a end - 2d start] onChildChanged stroke id=-NTbXHyO5_3ZNtYs_CTK time=2023-04-22 01:56:40.059]
04-22 01:56:40.060  4443  4571 D ar_activity: [[2d] after update lines time=2023-04-22 01:56:40.060]
04-22 01:56:40.085  4443  4571 D ar_activity: [TRACKING TransformPointToPose time=2023-04-22 01:56:40.085]
04-22 01:56:40.085  4443  4571 D ar_activity: [TRACKING TransformPointToPose time=2023-04-22 01:56:40.085]
04-22 01:56:40.086  4443  4571 D ar_activity: send stroke to firebase, id=-NTbXHyO5_3ZNtYs_CTK
04-22 01:56:40.086  4443  4571 D ar_activity: [[2d] after update lines time=2023-04-22 01:56:40.086]
04-22 01:56:40.105  4443  4571 D ar_activity: [TRACKING TransformPointToPose time=2023-04-22 01:56:40.105]
04-22 01:56:40.106  4443  4571 D ar_activity: [TRACKING TransformPointToPose time=2023-04-22 01:56:40.105]
04-22 01:56:40.106  4443  4571 D ar_activity: send stroke to firebase, id=-NTbXHyO5_3ZNtYs_CTK
04-22 01:56:40.107  4443  4571 D ar_activity: [[2d] after update lines time=2023-04-22 01:56:40.107]
04-22 01:56:40.134  4443  4443 D ar_activity: [[2a end - 2d start] onChildChanged stroke id=-NTbXHyO5_3ZNtYs_CTK time=2023-04-22 01:56:40.134]
04-22 01:56:40.134  4443  4571 D ar_activity: [TRACKING TransformPointToPose time=2023-04-22 01:56:40.134]
04-22 01:56:40.135  4443  4571 D ar_activity: [TRACKING TransformPointToPose time=2023-04-22 01:56:40.135]
04-22 01:56:40.136  4443  4571 D ar_activity: send stroke to firebase, id=-NTbXHyO5_3ZNtYs_CTK
04-22 01:56:40.137  4443  4571 D ar_activity: [[2d] after update lines time=2023-04-22 01:56:40.137]
04-22 01:56:40.170  4443  4571 D ar_activity: [TRACKING TransformPointToPose time=2023-04-22 01:56:40.165]
04-22 01:56:40.172  4443  4571 D ar_activity: [TRACKING TransformPointToPose time=2023-04-22 01:56:40.171]
04-22 01:56:40.173  4443  4571 D ar_activity: [TRACKING TransformPointToPose time=2023-04-22 01:56:40.173]
04-22 01:56:40.174  4443  4571 D ar_activity: send stroke to firebase, id=-NTbXHyO5_3ZNtYs_CTK
04-22 01:56:40.176  4443  4571 D ar_activity: [[2d] after update lines time=2023-04-22 01:56:40.175]
04-22 01:56:40.200  4443  4571 D ar_activity: [TRACKING TransformPointToPose time=2023-04-22 01:56:40.200]
04-22 01:56:40.201  4443  4571 D ar_activity: [TRACKING TransformPointToPose time=2023-04-22 01:56:40.200]
04-22 01:56:40.203  4443  4571 D ar_activity: send stroke to firebase, id=-NTbXHyO5_3ZNtYs_CTK
04-22 01:56:40.203  4443  4571 D ar_activity: [[2d] after update lines time=2023-04-22 01:56:40.203]
04-22 01:56:40.204  4443  4443 D ar_activity: [[2a end - 2d start] onChildChanged stroke id=-NTbXHyO5_3ZNtYs_CTK time=2023-04-22 01:56:40.204]
04-22 01:56:40.223  4443  4571 D ar_activity: [TRACKING TransformPointToPose time=2023-04-22 01:56:40.223]
04-22 01:56:40.223  4443  4571 D ar_activity: send stroke to firebase, id=-NTbXHyO5_3ZNtYs_CTK
04-22 01:56:40.224  4443  4571 D ar_activity: [[2d] after update lines time=2023-04-22 01:56:40.224]
04-22 01:56:40.243  4443  4571 D ar_activity: [TRACKING TransformPointToPose time=2023-04-22 01:56:40.243]
04-22 01:56:40.244  4443  4571 D ar_activity: [TRACKING TransformPointToPose time=2023-04-22 01:56:40.243]
04-22 01:56:40.244  4443  4571 D ar_activity: [TRACKING TransformPointToPose time=2023-04-22 01:56:40.244]
04-22 01:56:40.244  4443  4571 D ar_activity: send stroke to firebase, id=-NTbXHyO5_3ZNtYs_CTK
04-22 01:56:40.244  4443  4571 D ar_activity: [[2d] after update lines time=2023-04-22 01:56:40.244]
04-22 01:56:40.266  4443  4571 D ar_activity: [TRACKING TransformPointToPose time=2023-04-22 01:56:40.265]
04-22 01:56:40.266  4443  4571 D ar_activity: [TRACKING TransformPointToPose time=2023-04-22 01:56:40.266]
04-22 01:56:40.266  4443  4571 D ar_activity: send stroke to firebase, id=-NTbXHyO5_3ZNtYs_CTK
04-22 01:56:40.267  4443  4571 D ar_activity: [[2d] after update lines time=2023-04-22 01:56:40.266]
04-22 01:56:40.285  4443  4571 D ar_activity: [TRACKING TransformPointToPose time=2023-04-22 01:56:40.285]
04-22 01:56:40.285  4443  4571 D ar_activity: [TRACKING TransformPointToPose time=2023-04-22 01:56:40.285]
04-22 01:56:40.286  4443  4571 D ar_activity: send stroke to firebase, id=-NTbXHyO5_3ZNtYs_CTK
04-22 01:56:40.286  4443  4571 D ar_activity: [[2d] after update lines time=2023-04-22 01:56:40.286]
04-22 01:56:40.305  4443  4571 D ar_activity: [TRACKING TransformPointToPose time=2023-04-22 01:56:40.304]
04-22 01:56:40.305  4443  4571 D ar_activity: [TRACKING TransformPointToPose time=2023-04-22 01:56:40.305]
04-22 01:56:40.305  4443  4571 D ar_activity: send stroke to firebase, id=-NTbXHyO5_3ZNtYs_CTK
04-22 01:56:40.305  4443  4571 D ar_activity: [[2d] after update lines time=2023-04-22 01:56:40.305]
04-22 01:56:40.324  4443  4571 D ar_activity: [TRACKING TransformPointToPose time=2023-04-22 01:56:40.324]
04-22 01:56:40.325  4443  4571 D ar_activity: send stroke to firebase, id=-NTbXHyO5_3ZNtYs_CTK
04-22 01:56:40.327  4443  4571 D ar_activity: [[2d] after update lines time=2023-04-22 01:56:40.326]
04-22 01:56:40.349  4443  4571 D ar_activity: [TRACKING TransformPointToPose time=2023-04-22 01:56:40.349]
04-22 01:56:40.350  4443  4571 D ar_activity: [TRACKING TransformPointToPose time=2023-04-22 01:56:40.349]
04-22 01:56:40.350  4443  4571 D ar_activity: send stroke to firebase, id=-NTbXHyO5_3ZNtYs_CTK
04-22 01:56:40.350  4443  4571 D ar_activity: [[2d] after update lines time=2023-04-22 01:56:40.350]
04-22 01:56:40.369  4443  4571 D ar_activity: [TRACKING TransformPointToPose time=2023-04-22 01:56:40.369]
04-22 01:56:40.369  4443  4571 D ar_activity: [TRACKING TransformPointToPose time=2023-04-22 01:56:40.369]
04-22 01:56:40.369  4443  4571 D ar_activity: send stroke to firebase, id=-NTbXHyO5_3ZNtYs_CTK
04-22 01:56:40.370  4443  4571 D ar_activity: [[2d] after update lines time=2023-04-22 01:56:40.370]
04-22 01:56:40.388  4443  4571 D ar_activity: [TRACKING TransformPointToPose time=2023-04-22 01:56:40.388]
04-22 01:56:40.388  4443  4571 D ar_activity: send stroke to firebase, id=-NTbXHyO5_3ZNtYs_CTK
04-22 01:56:40.390  4443  4571 D ar_activity: [[2d] after update lines time=2023-04-22 01:56:40.389]
04-22 01:56:40.409  4443  4571 D ar_activity: [TRACKING TransformPointToPose time=2023-04-22 01:56:40.409]
04-22 01:56:40.409  4443  4571 D ar_activity: [TRACKING TransformPointToPose time=2023-04-22 01:56:40.409]
04-22 01:56:40.409  4443  4571 D ar_activity: send stroke to firebase, id=-NTbXHyO5_3ZNtYs_CTK
04-22 01:56:40.410  4443  4571 D ar_activity: [[2d] after update lines time=2023-04-22 01:56:40.409]
04-22 01:56:40.428  4443  4571 D ar_activity: [TRACKING TransformPointToPose time=2023-04-22 01:56:40.428]
04-22 01:56:40.428  4443  4571 D ar_activity: [TRACKING TransformPointToPose time=2023-04-22 01:56:40.428]
04-22 01:56:40.428  4443  4571 D ar_activity: send stroke to firebase, id=-NTbXHyO5_3ZNtYs_CTK
04-22 01:56:40.429  4443  4571 D ar_activity: [[2d] after update lines time=2023-04-22 01:56:40.429]
04-22 01:56:40.451  4443  4571 D ar_activity: [TRACKING TransformPointToPose time=2023-04-22 01:56:40.451]
04-22 01:56:40.451  4443  4571 D ar_activity: [TRACKING TransformPointToPose time=2023-04-22 01:56:40.451]
04-22 01:56:40.451  4443  4571 D ar_activity: send stroke to firebase, id=-NTbXHyO5_3ZNtYs_CTK
04-22 01:56:40.452  4443  4571 D ar_activity: [[2d] after update lines time=2023-04-22 01:56:40.452]
04-22 01:56:40.475  4443  4571 D ar_activity: [TRACKING TransformPointToPose time=2023-04-22 01:56:40.474]
04-22 01:56:40.475  4443  4571 D ar_activity: [TRACKING TransformPointToPose time=2023-04-22 01:56:40.475]
04-22 01:56:40.475  4443  4571 D ar_activity: send stroke to firebase, id=-NTbXHyO5_3ZNtYs_CTK
04-22 01:56:40.482  4443  4571 D ar_activity: [[2d] after update lines time=2023-04-22 01:56:40.481]
04-22 01:56:40.484  4443  4443 D ar_activity: [[2a end - 2d start] onChildChanged stroke id=-NTbXHyO5_3ZNtYs_CTK time=2023-04-22 01:56:40.483]
04-22 01:56:40.503  4443  4571 D ar_activity: [TRACKING TransformPointToPose time=2023-04-22 01:56:40.502]
04-22 01:56:40.504  4443  4571 D ar_activity: [TRACKING TransformPointToPose time=2023-04-22 01:56:40.503]
04-22 01:56:40.504  4443  4571 D ar_activity: send stroke to firebase, id=-NTbXHyO5_3ZNtYs_CTK
04-22 01:56:40.504  4443  4571 D ar_activity: [[2d] after update lines time=2023-04-22 01:56:40.504]
04-22 01:56:40.524  4443  4571 D ar_activity: [TRACKING TransformPointToPose time=2023-04-22 01:56:40.523]
04-22 01:56:40.524  4443  4571 D ar_activity: send stroke to firebase, id=-NTbXHyO5_3ZNtYs_CTK
04-22 01:56:40.524  4443  4571 D ar_activity: [[2d] after update lines time=2023-04-22 01:56:40.524]
04-22 01:56:40.543  4443  4571 D ar_activity: [TRACKING TransformPointToPose time=2023-04-22 01:56:40.543]
04-22 01:56:40.543  4443  4571 D ar_activity: [TRACKING TransformPointToPose time=2023-04-22 01:56:40.543]
04-22 01:56:40.543  4443  4571 D ar_activity: send stroke to firebase, id=-NTbXHyO5_3ZNtYs_CTK
04-22 01:56:40.544  4443  4571 D ar_activity: [[2d] after update lines time=2023-04-22 01:56:40.544]
04-22 01:56:40.566  4443  4571 D ar_activity: [TRACKING TransformPointToPose time=2023-04-22 01:56:40.563]
04-22 01:56:40.566  4443  4571 D ar_activity: [TRACKING TransformPointToPose time=2023-04-22 01:56:40.566]
04-22 01:56:40.567  4443  4571 D ar_activity: send stroke to firebase, id=-NTbXHyO5_3ZNtYs_CTK
04-22 01:56:40.567  4443  4571 D ar_activity: [[2d] after update lines time=2023-04-22 01:56:40.567]
04-22 01:56:40.586  4443  4571 D ar_activity: [TRACKING TransformPointToPose time=2023-04-22 01:56:40.586]
04-22 01:56:40.586  4443  4571 D ar_activity: [TRACKING TransformPointToPose time=2023-04-22 01:56:40.586]
04-22 01:56:40.586  4443  4571 D ar_activity: send stroke to firebase, id=-NTbXHyO5_3ZNtYs_CTK
04-22 01:56:40.587  4443  4571 D ar_activity: [[2d] after update lines time=2023-04-22 01:56:40.587]
04-22 01:56:40.606  4443  4571 D ar_activity: [TRACKING TransformPointToPose time=2023-04-22 01:56:40.605]
04-22 01:56:40.606  4443  4571 D ar_activity: [TRACKING TransformPointToPose time=2023-04-22 01:56:40.606]
04-22 01:56:40.606  4443  4571 D ar_activity: send stroke to firebase, id=-NTbXHyO5_3ZNtYs_CTK
04-22 01:56:40.606  4443  4571 D ar_activity: [[2d] after update lines time=2023-04-22 01:56:40.606]
04-22 01:56:40.626  4443  4571 D ar_activity: [TRACKING TransformPointToPose time=2023-04-22 01:56:40.625]
04-22 01:56:40.626  4443  4571 D ar_activity: send stroke to firebase, id=-NTbXHyO5_3ZNtYs_CTK
04-22 01:56:40.626  4443  4571 D ar_activity: [[2d] after update lines time=2023-04-22 01:56:40.626]
04-22 01:56:40.645  4443  4571 D ar_activity: [TRACKING TransformPointToPose time=2023-04-22 01:56:40.645]
04-22 01:56:40.645  4443  4571 D ar_activity: [TRACKING TransformPointToPose time=2023-04-22 01:56:40.645]
04-22 01:56:40.646  4443  4571 D ar_activity: send stroke to firebase, id=-NTbXHyO5_3ZNtYs_CTK
04-22 01:56:40.646  4443  4571 D ar_activity: [[2d] after update lines time=2023-04-22 01:56:40.646]
04-22 01:56:40.648  4443  4443 D ar_activity: [[2a end - 2d start] onChildChanged stroke id=-NTbXHyO5_3ZNtYs_CTK time=2023-04-22 01:56:40.648]
04-22 01:56:40.667  4443  4571 D ar_activity: [TRACKING TransformPointToPose time=2023-04-22 01:56:40.666]
04-22 01:56:40.667  4443  4571 D ar_activity: [TRACKING TransformPointToPose time=2023-04-22 01:56:40.667]
04-22 01:56:40.667  4443  4571 D ar_activity: send stroke to firebase, id=-NTbXHyO5_3ZNtYs_CTK
04-22 01:56:40.668  4443  4571 D ar_activity: [[2d] after update lines time=2023-04-22 01:56:40.668]
04-22 01:56:40.687  4443  4571 D ar_activity: [TRACKING TransformPointToPose time=2023-04-22 01:56:40.687]
04-22 01:56:40.689  4443  4571 D ar_activity: [TRACKING TransformPointToPose time=2023-04-22 01:56:40.688]
04-22 01:56:40.690  4443  4571 D ar_activity: send stroke to firebase, id=-NTbXHyO5_3ZNtYs_CTK
