04-07 15:34:08.070 10456 10592 D ar_activity: [Update ARCore frame time=2023-04-07 15:34:08.070]
04-07 15:34:08.073 10456 10592 D ar_activity: [[2d end] stroke time=2023-04-07 15:34:08.073]
04-07 15:34:08.090 10456 10592 D ar_activity: [Update ARCore frame time=2023-04-07 15:34:08.090]
04-07 15:34:08.092 10456 10592 D ar_activity: [[2d end] stroke time=2023-04-07 15:34:08.092]
04-07 15:34:08.111 10456 10592 D ar_activity: [Update ARCore frame time=2023-04-07 15:34:08.111]
04-07 15:34:08.112 10456 10592 D ar_activity: [[2d end] stroke time=2023-04-07 15:34:08.112]
04-07 15:34:08.129 10456 10592 D ar_activity: [Update ARCore frame time=2023-04-07 15:34:08.129]
04-07 15:34:08.131 10456 10592 D ar_activity: [[2d end] stroke time=2023-04-07 15:34:08.131]
04-07 15:34:08.153 10456 10592 D ar_activity: [Update ARCore frame time=2023-04-07 15:34:08.152]
04-07 15:34:08.154 10456 10592 D ar_activity: [[2d end] stroke time=2023-04-07 15:34:08.154]
04-07 15:34:08.171 10456 10592 D ar_activity: [Update ARCore frame time=2023-04-07 15:34:08.171]
04-07 15:34:08.173 10456 10592 D ar_activity: [[2d end] stroke time=2023-04-07 15:34:08.173]
04-07 15:34:08.190 10456 10592 D ar_activity: [Update ARCore frame time=2023-04-07 15:34:08.190]
04-07 15:34:08.193 10456 10592 D ar_activity: [[2d end] stroke time=2023-04-07 15:34:08.193]
04-07 15:34:08.210 10456 10592 D ar_activity: [Update ARCore frame time=2023-04-07 15:34:08.210]
04-07 15:34:08.212 10456 10592 D ar_activity: [[2d end] stroke time=2023-04-07 15:34:08.212]
04-07 15:34:08.230 10456 10592 D ar_activity: [Update ARCore frame time=2023-04-07 15:34:08.228]
04-07 15:34:08.232 10456 10592 D ar_activity: [[2d end] stroke time=2023-04-07 15:34:08.232]
04-07 15:34:08.253 10456 10592 D ar_activity: [Update ARCore frame time=2023-04-07 15:34:08.252]
04-07 15:34:08.254 10456 10592 D ar_activity: [[2d end] stroke time=2023-04-07 15:34:08.254]
04-07 15:34:08.271 10456 10592 D ar_activity: [Update ARCore frame time=2023-04-07 15:34:08.271]
04-07 15:34:08.273 10456 10592 D ar_activity: [[2d end] stroke time=2023-04-07 15:34:08.273]
04-07 15:34:08.290 10456 10592 D ar_activity: [Update ARCore frame time=2023-04-07 15:34:08.290]
04-07 15:34:08.292 10456 10592 D ar_activity: [[2d end] stroke time=2023-04-07 15:34:08.292]
04-07 15:34:08.311 10456 10592 D ar_activity: [Update ARCore frame time=2023-04-07 15:34:08.310]
04-07 15:34:08.312 10456 10592 D ar_activity: [[2d end] stroke time=2023-04-07 15:34:08.312]
04-07 15:34:08.330 10456 10592 D ar_activity: [Update ARCore frame time=2023-04-07 15:34:08.329]
04-07 15:34:08.332 10456 10592 D ar_activity: [[2d end] stroke time=2023-04-07 15:34:08.331]
04-07 15:34:08.349 10456 10592 D ar_activity: [Update ARCore frame time=2023-04-07 15:34:08.349]
04-07 15:34:08.351 10456 10592 D ar_activity: [[2d end] stroke time=2023-04-07 15:34:08.351]
04-07 15:34:08.371 10456 10592 D ar_activity: [Update ARCore frame time=2023-04-07 15:34:08.368]
04-07 15:34:08.374 10456 10592 D ar_activity: [[2d end] stroke time=2023-04-07 15:34:08.374]
04-07 15:34:08.394 10456 10592 D ar_activity: [Update ARCore frame time=2023-04-07 15:34:08.394]
04-07 15:34:08.396 10456 10592 D ar_activity: [[2d end] stroke time=2023-04-07 15:34:08.396]
04-07 15:34:08.413 10456 10592 D ar_activity: [Update ARCore frame time=2023-04-07 15:34:08.413]
04-07 15:34:08.415 10456 10592 D ar_activity: [[2d end] stroke time=2023-04-07 15:34:08.414]
04-07 15:34:08.432 10456 10592 D ar_activity: [Update ARCore frame time=2023-04-07 15:34:08.432]
04-07 15:34:08.436 10456 10592 D ar_activity: [[2d end] stroke time=2023-04-07 15:34:08.436]
04-07 15:34:08.453 10456 10592 D ar_activity: [Update ARCore frame time=2023-04-07 15:34:08.453]
04-07 15:34:08.457 10456 10592 D ar_activity: [[2d end] stroke time=2023-04-07 15:34:08.456]
04-07 15:34:08.475 10456 10592 D ar_activity: [Update ARCore frame time=2023-04-07 15:34:08.475]
04-07 15:34:08.478 10456 10592 D ar_activity: [[2d end] stroke time=2023-04-07 15:34:08.478]
04-07 15:34:08.495 10456 10592 D ar_activity: [Update ARCore frame time=2023-04-07 15:34:08.495]
04-07 15:34:08.498 10456 10592 D ar_activity: [[2d end] stroke time=2023-04-07 15:34:08.498]
04-07 15:34:08.522 10456 10592 D ar_activity: [Update ARCore frame time=2023-04-07 15:34:08.522]
04-07 15:34:08.524 10456 10592 D ar_activity: [[2d end] stroke time=2023-04-07 15:34:08.523]
04-07 15:34:08.541 10456 10592 D ar_activity: [Update ARCore frame time=2023-04-07 15:34:08.541]
04-07 15:34:08.542 10456 10592 D ar_activity: [[2d end] stroke time=2023-04-07 15:34:08.542]
04-07 15:34:08.559 10456 10592 D ar_activity: [Update ARCore frame time=2023-04-07 15:34:08.559]
04-07 15:34:08.561 10456 10592 D ar_activity: [[2d end] stroke time=2023-04-07 15:34:08.561]
04-07 15:34:08.578 10456 10592 D ar_activity: [Update ARCore frame time=2023-04-07 15:34:08.578]
04-07 15:34:08.580 10456 10592 D ar_activity: [[2d end] stroke time=2023-04-07 15:34:08.579]
04-07 15:34:08.596 10456 10592 D ar_activity: [Update ARCore frame time=2023-04-07 15:34:08.596]
04-07 15:34:08.598 10456 10592 D ar_activity: [[2d end] stroke time=2023-04-07 15:34:08.598]
04-07 15:34:08.615 10456 10592 D ar_activity: [Update ARCore frame time=2023-04-07 15:34:08.615]
04-07 15:34:08.617 10456 10592 D ar_activity: [[2d end] stroke time=2023-04-07 15:34:08.617]
04-07 15:34:08.635 10456 10592 D ar_activity: [Update ARCore frame time=2023-04-07 15:34:08.634]
04-07 15:34:08.642 10456 10592 D ar_activity: [[2d end] stroke time=2023-04-07 15:34:08.641]
04-07 15:34:08.660 10456 10592 D ar_activity: [Update ARCore frame time=2023-04-07 15:34:08.660]
04-07 15:34:08.662 10456 10592 D ar_activity: [[2d end] stroke time=2023-04-07 15:34:08.662]
04-07 15:34:08.679 10456 10592 D ar_activity: [Update ARCore frame time=2023-04-07 15:34:08.678]
04-07 15:34:08.680 10456 10592 D ar_activity: [[2d end] stroke time=2023-04-07 15:34:08.680]
04-07 15:34:08.697 10456 10592 D ar_activity: [Update ARCore frame time=2023-04-07 15:34:08.697]
04-07 15:34:08.700 10456 10592 D ar_activity: [[2d end] stroke time=2023-04-07 15:34:08.699]
04-07 15:34:08.719 10456 10592 D ar_activity: [Update ARCore frame time=2023-04-07 15:34:08.719]
04-07 15:34:08.722 10456 10592 D ar_activity: [[2d end] stroke time=2023-04-07 15:34:08.721]
04-07 15:34:08.739 10456 10592 D ar_activity: [Update ARCore frame time=2023-04-07 15:34:08.738]
04-07 15:34:08.745 10456 10592 D ar_activity: [[2d end] stroke time=2023-04-07 15:34:08.744]
04-07 15:34:08.762 10456 10592 D ar_activity: [Update ARCore frame time=2023-04-07 15:34:08.762]
04-07 15:34:08.764 10456 10592 D ar_activity: [[2d end] stroke time=2023-04-07 15:34:08.764]
04-07 15:34:08.781 10456 10592 D ar_activity: [Update ARCore frame time=2023-04-07 15:34:08.780]
04-07 15:34:08.787 10456 10592 D ar_activity: [[2d end] stroke time=2023-04-07 15:34:08.787]
04-07 15:34:08.804 10456 10592 D ar_activity: [Update ARCore frame time=2023-04-07 15:34:08.804]
04-07 15:34:08.806 10456 10592 D ar_activity: [[2d end] stroke time=2023-04-07 15:34:08.806]
04-07 15:34:08.823 10456 10592 D ar_activity: [Update ARCore frame time=2023-04-07 15:34:08.823]
04-07 15:34:08.825 10456 10592 D ar_activity: [[2d end] stroke time=2023-04-07 15:34:08.825]
04-07 15:34:08.842 10456 10592 D ar_activity: [Update ARCore frame time=2023-04-07 15:34:08.842]
04-07 15:34:08.843 10456 10592 D ar_activity: [[2d end] stroke time=2023-04-07 15:34:08.843]
04-07 15:34:08.860 10456 10592 D ar_activity: [Update ARCore frame time=2023-04-07 15:34:08.860]
04-07 15:34:08.862 10456 10592 D ar_activity: [[2d end] stroke time=2023-04-07 15:34:08.862]
04-07 15:34:08.879 10456 10592 D ar_activity: [Update ARCore frame time=2023-04-07 15:34:08.879]
04-07 15:34:08.881 10456 10592 D ar_activity: [[2d end] stroke time=2023-04-07 15:34:08.880]
04-07 15:34:08.897 10456 10592 D ar_activity: [Update ARCore frame time=2023-04-07 15:34:08.897]
04-07 15:34:08.904 10456 10592 D ar_activity: [[2d end] stroke time=2023-04-07 15:34:08.904]
04-07 15:34:08.921 10456 10592 D ar_activity: [Update ARCore frame time=2023-04-07 15:34:08.921]
04-07 15:34:08.923 10456 10592 D ar_activity: [[2d end] stroke time=2023-04-07 15:34:08.923]
04-07 15:34:08.940 10456 10592 D ar_activity: [Update ARCore frame time=2023-04-07 15:34:08.940]
04-07 15:34:08.942 10456 10592 D ar_activity: [[2d end] stroke time=2023-04-07 15:34:08.942]
04-07 15:34:08.959 10456 10592 D ar_activity: [Update ARCore frame time=2023-04-07 15:34:08.959]
04-07 15:34:08.962 10456 10592 D ar_activity: [[2d end] stroke time=2023-04-07 15:34:08.962]
04-07 15:34:08.980 10456 10592 D ar_activity: [Update ARCore frame time=2023-04-07 15:34:08.979]
04-07 15:34:08.989 10456 10592 D ar_activity: [[2d end] stroke time=2023-04-07 15:34:08.988]
04-07 15:34:09.009 10456 10592 D ar_activity: [Update ARCore frame time=2023-04-07 15:34:09.008]
04-07 15:34:09.010 10456 10592 D ar_activity: [[2d end] stroke time=2023-04-07 15:34:09.010]
04-07 15:34:09.027 10456 10592 D ar_activity: [Update ARCore frame time=2023-04-07 15:34:09.027]
04-07 15:34:09.029 10456 10592 D ar_activity: [[2d end] stroke time=2023-04-07 15:34:09.029]
04-07 15:34:09.047 10456 10592 D ar_activity: [Update ARCore frame time=2023-04-07 15:34:09.047]
04-07 15:34:09.048 10456 10592 D ar_activity: [[2d end] stroke time=2023-04-07 15:34:09.048]
04-07 15:34:09.066 10456 10592 D ar_activity: [Update ARCore frame time=2023-04-07 15:34:09.066]
04-07 15:34:09.069 10456 10592 D ar_activity: [[2d end] stroke time=2023-04-07 15:34:09.069]
04-07 15:34:09.089 10456 10592 D ar_activity: [Update ARCore frame time=2023-04-07 15:34:09.089]
04-07 15:34:09.091 10456 10592 D ar_activity: [[2d end] stroke time=2023-04-07 15:34:09.091]
04-07 15:34:09.108 10456 10592 D ar_activity: [Update ARCore frame time=2023-04-07 15:34:09.108]
04-07 15:34:09.122 10456 10592 D ar_activity: [[2d end] stroke time=2023-04-07 15:34:09.121]
04-07 15:34:09.139 10456 10592 D ar_activity: [Update ARCore frame time=2023-04-07 15:34:09.139]
04-07 15:34:09.145 10456 10592 D ar_activity: [[2d end] stroke time=2023-04-07 15:34:09.145]
04-07 15:34:09.163 10456 10592 D ar_activity: [Update ARCore frame time=2023-04-07 15:34:09.163]
04-07 15:34:09.165 10456 10592 D ar_activity: [[2d end] stroke time=2023-04-07 15:34:09.165]
04-07 15:34:09.183 10456 10592 D ar_activity: [Update ARCore frame time=2023-04-07 15:34:09.182]
04-07 15:34:09.185 10456 10592 D ar_activity: [[2d end] stroke time=2023-04-07 15:34:09.185]
04-07 15:34:09.203 10456 10592 D ar_activity: [Update ARCore frame time=2023-04-07 15:34:09.202]
04-07 15:34:09.208 10456 10592 D ar_activity: [[2d end] stroke time=2023-04-07 15:34:09.208]
04-07 15:34:09.228 10456 10592 D ar_activity: [Update ARCore frame time=2023-04-07 15:34:09.227]
04-07 15:34:09.234 10456 10592 D ar_activity: [[2d end] stroke time=2023-04-07 15:34:09.233]
04-07 15:34:09.252 10456 10592 D ar_activity: [Update ARCore frame time=2023-04-07 15:34:09.252]
04-07 15:34:09.256 10456 10592 D ar_activity: [[2d end] stroke time=2023-04-07 15:34:09.256]
04-07 15:34:09.274 10456 10592 D ar_activity: [Update ARCore frame time=2023-04-07 15:34:09.273]
04-07 15:34:09.276 10456 10592 D ar_activity: [[2d end] stroke time=2023-04-07 15:34:09.275]
04-07 15:34:09.293 10456 10592 D ar_activity: [Update ARCore frame time=2023-04-07 15:34:09.292]
04-07 15:34:09.295 10456 10592 D ar_activity: [[2d end] stroke time=2023-04-07 15:34:09.295]
04-07 15:34:09.313 10456 10592 D ar_activity: [Update ARCore frame time=2023-04-07 15:34:09.312]
04-07 15:34:09.315 10456 10592 D ar_activity: [[2d end] stroke time=2023-04-07 15:34:09.315]
04-07 15:34:09.335 10456 10592 D ar_activity: [Update ARCore frame time=2023-04-07 15:34:09.334]
04-07 15:34:09.341 10456 10592 D ar_activity: [[2d end] stroke time=2023-04-07 15:34:09.341]
04-07 15:34:09.361 10456 10592 D ar_activity: [Update ARCore frame time=2023-04-07 15:34:09.361]
04-07 15:34:09.362 10456 10592 D ar_activity: [[2d end] stroke time=2023-04-07 15:34:09.362]
04-07 15:34:09.379 10456 10592 D ar_activity: [Update ARCore frame time=2023-04-07 15:34:09.379]
04-07 15:34:09.381 10456 10592 D ar_activity: [[2d end] stroke time=2023-04-07 15:34:09.381]
04-07 15:34:09.398 10456 10592 D ar_activity: [Update ARCore frame time=2023-04-07 15:34:09.398]
04-07 15:34:09.400 10456 10592 D ar_activity: [[2d end] stroke time=2023-04-07 15:34:09.399]
04-07 15:34:09.417 10456 10592 D ar_activity: [Update ARCore frame time=2023-04-07 15:34:09.417]
04-07 15:34:09.419 10456 10592 D ar_activity: [[2d end] stroke time=2023-04-07 15:34:09.419]
04-07 15:34:09.439 10456 10592 D ar_activity: [Update ARCore frame time=2023-04-07 15:34:09.436]
04-07 15:34:09.443 10456 10592 D ar_activity: [[2d end] stroke time=2023-04-07 15:34:09.443]
04-07 15:34:09.461 10456 10592 D ar_activity: [Update ARCore frame time=2023-04-07 15:34:09.461]
04-07 15:34:09.464 10456 10592 D ar_activity: [[2d end] stroke time=2023-04-07 15:34:09.464]
04-07 15:34:09.482 10456 10592 D ar_activity: [Update ARCore frame time=2023-04-07 15:34:09.482]
04-07 15:34:09.484 10456 10592 D ar_activity: [[2d end] stroke time=2023-04-07 15:34:09.484]
04-07 15:34:09.502 10456 10592 D ar_activity: [Update ARCore frame time=2023-04-07 15:34:09.501]
04-07 15:34:09.506 10456 10592 D ar_activity: [[2d end] stroke time=2023-04-07 15:34:09.506]
04-07 15:34:09.524 10456 10592 D ar_activity: [Update ARCore frame time=2023-04-07 15:34:09.523]
04-07 15:34:09.529 10456 10592 D ar_activity: [[2d end] stroke time=2023-04-07 15:34:09.529]
04-07 15:34:09.547 10456 10592 D ar_activity: [Update ARCore frame time=2023-04-07 15:34:09.547]
04-07 15:34:09.548 10456 10592 D ar_activity: [[2d end] stroke time=2023-04-07 15:34:09.548]
04-07 15:34:09.565 10456 10592 D ar_activity: [Update ARCore frame time=2023-04-07 15:34:09.565]
04-07 15:34:09.571 10456 10592 D ar_activity: [[2d end] stroke time=2023-04-07 15:34:09.571]
04-07 15:34:09.590 10456 10592 D ar_activity: [Update ARCore frame time=2023-04-07 15:34:09.590]
04-07 15:34:09.592 10456 10592 D ar_activity: [[2d end] stroke time=2023-04-07 15:34:09.592]
04-07 15:34:09.609 10456 10592 D ar_activity: [Update ARCore frame time=2023-04-07 15:34:09.608]
04-07 15:34:09.613 10456 10592 D ar_activity: [[2d end] stroke time=2023-04-07 15:34:09.613]
04-07 15:34:09.634 10456 10592 D ar_activity: [Update ARCore frame time=2023-04-07 15:34:09.633]
04-07 15:34:09.648 10456 10592 D ar_activity: [[2d end] stroke time=2023-04-07 15:34:09.647]
04-07 15:34:09.666 10456 10592 D ar_activity: [Update ARCore frame time=2023-04-07 15:34:09.665]
04-07 15:34:09.670 10456 10592 D ar_activity: [[2d end] stroke time=2023-04-07 15:34:09.670]
04-07 15:34:09.687 10456 10592 D ar_activity: [Update ARCore frame time=2023-04-07 15:34:09.687]
04-07 15:34:09.689 10456 10592 D ar_activity: [[2d end] stroke time=2023-04-07 15:34:09.689]
04-07 15:34:09.706 10456 10592 D ar_activity: [Update ARCore frame time=2023-04-07 15:34:09.706]
04-07 15:34:09.708 10456 10592 D ar_activity: [[2d end] stroke time=2023-04-07 15:34:09.708]
04-07 15:34:09.725 10456 10592 D ar_activity: [Update ARCore frame time=2023-04-07 15:34:09.724]
04-07 15:34:09.726 10456 10592 D ar_activity: [[2d end] stroke time=2023-04-07 15:34:09.726]
04-07 15:34:09.743 10456 10592 D ar_activity: [Update ARCore frame time=2023-04-07 15:34:09.743]
04-07 15:34:09.745 10456 10592 D ar_activity: [[2d end] stroke time=2023-04-07 15:34:09.745]
04-07 15:34:09.762 10456 10592 D ar_activity: [Update ARCore frame time=2023-04-07 15:34:09.762]
04-07 15:34:09.766 10456 10592 D ar_activity: [[2d end] stroke time=2023-04-07 15:34:09.765]
04-07 15:34:09.783 10456 10592 D ar_activity: [Update ARCore frame time=2023-04-07 15:34:09.783]
04-07 15:34:09.785 10456 10592 D ar_activity: [[2d end] stroke time=2023-04-07 15:34:09.785]
04-07 15:34:09.803 10456 10592 D ar_activity: [Update ARCore frame time=2023-04-07 15:34:09.802]
04-07 15:34:09.810 10456 10592 D ar_activity: [[2d end] stroke time=2023-04-07 15:34:09.810]
04-07 15:34:09.829 10456 10592 D ar_activity: [Update ARCore frame time=2023-04-07 15:34:09.829]
04-07 15:34:09.835 10456 10592 D ar_activity: [[2d end] stroke time=2023-04-07 15:34:09.834]
04-07 15:34:09.855 10456 10592 D ar_activity: [Update ARCore frame time=2023-04-07 15:34:09.855]
04-07 15:34:09.857 10456 10592 D ar_activity: [[2d end] stroke time=2023-04-07 15:34:09.857]
04-07 15:34:09.874 10456 10592 D ar_activity: [Update ARCore frame time=2023-04-07 15:34:09.874]
04-07 15:34:09.876 10456 10592 D ar_activity: [[2d end] stroke time=2023-04-07 15:34:09.876]
04-07 15:34:09.893 10456 10592 D ar_activity: [Update ARCore frame time=2023-04-07 15:34:09.893]
04-07 15:34:09.896 10456 10592 D ar_activity: [[2d end] stroke time=2023-04-07 15:34:09.896]
04-07 15:34:09.913 10456 10592 D ar_activity: [Update ARCore frame time=2023-04-07 15:34:09.913]
04-07 15:34:09.915 10456 10592 D ar_activity: [[2d end] stroke time=2023-04-07 15:34:09.915]
04-07 15:34:09.932 10456 10592 D ar_activity: [Update ARCore frame time=2023-04-07 15:34:09.932]
04-07 15:34:09.935 10456 10592 D ar_activity: [[2d end] stroke time=2023-04-07 15:34:09.935]
04-07 15:34:09.955 10456 10592 D ar_activity: [Update ARCore frame time=2023-04-07 15:34:09.955]
04-07 15:34:09.958 10456 10592 D ar_activity: [[2d end] stroke time=2023-04-07 15:34:09.957]
04-07 15:34:09.975 10456 10592 D ar_activity: [Update ARCore frame time=2023-04-07 15:34:09.975]
04-07 15:34:09.977 10456 10592 D ar_activity: [[2d end] stroke time=2023-04-07 15:34:09.977]
04-07 15:34:09.994 10456 10592 D ar_activity: [Update ARCore frame time=2023-04-07 15:34:09.994]
04-07 15:34:09.997 10456 10592 D ar_activity: [[2d end] stroke time=2023-04-07 15:34:09.997]
04-07 15:34:10.014 10456 10592 D ar_activity: [Update ARCore frame time=2023-04-07 15:34:10.014]
04-07 15:34:10.016 10456 10592 D ar_activity: [[2d end] stroke time=2023-04-07 15:34:10.016]
04-07 15:34:10.033 10456 10592 D ar_activity: [Update ARCore frame time=2023-04-07 15:34:10.033]
04-07 15:34:10.044 10456 10592 D ar_activity: [[2d end] stroke time=2023-04-07 15:34:10.044]
04-07 15:34:10.062 10456 10592 D ar_activity: [Update ARCore frame time=2023-04-07 15:34:10.062]
04-07 15:34:10.064 10456 10592 D ar_activity: [[2d end] stroke time=2023-04-07 15:34:10.064]
04-07 15:34:10.081 10456 10592 D ar_activity: [Update ARCore frame time=2023-04-07 15:34:10.081]
04-07 15:34:10.083 10456 10592 D ar_activity: [[2d end] stroke time=2023-04-07 15:34:10.083]
04-07 15:34:10.102 10456 10592 D ar_activity: [Update ARCore frame time=2023-04-07 15:34:10.101]
04-07 15:34:10.106 10456 10592 D ar_activity: [[2d end] stroke time=2023-04-07 15:34:10.106]
04-07 15:34:10.123 10456 10592 D ar_activity: [Update ARCore frame time=2023-04-07 15:34:10.123]
04-07 15:34:10.125 10456 10592 D ar_activity: [[2d end] stroke time=2023-04-07 15:34:10.125]
04-07 15:34:10.142 10456 10592 D ar_activity: [Update ARCore frame time=2023-04-07 15:34:10.142]
04-07 15:34:10.147 10456 10592 D ar_activity: [[2d end] stroke time=2023-04-07 15:34:10.147]
04-07 15:34:10.164 10456 10592 D ar_activity: [Update ARCore frame time=2023-04-07 15:34:10.164]
04-07 15:34:10.167 10456 10592 D ar_activity: [[2d end] stroke time=2023-04-07 15:34:10.167]
04-07 15:34:10.185 10456 10592 D ar_activity: [Update ARCore frame time=2023-04-07 15:34:10.184]
04-07 15:34:10.187 10456 10592 D ar_activity: [[2d end] stroke time=2023-04-07 15:34:10.186]
04-07 15:34:10.206 10456 10592 D ar_activity: [Update ARCore frame time=2023-04-07 15:34:10.206]
04-07 15:34:10.208 10456 10592 D ar_activity: [[2d end] stroke time=2023-04-07 15:34:10.207]
04-07 15:34:10.224 10456 10592 D ar_activity: [Update ARCore frame time=2023-04-07 15:34:10.224]
04-07 15:34:10.226 10456 10592 D ar_activity: [[2d end] stroke time=2023-04-07 15:34:10.226]
04-07 15:34:10.245 10456 10592 D ar_activity: [Update ARCore frame time=2023-04-07 15:34:10.244]
04-07 15:34:10.262 10456 10592 D ar_activity: [[2d end] stroke time=2023-04-07 15:34:10.260]
04-07 15:34:10.280 10456 10592 D ar_activity: [Update ARCore frame time=2023-04-07 15:34:10.280]
04-07 15:34:10.282 10456 10592 D ar_activity: [[2d end] stroke time=2023-04-07 15:34:10.282]
04-07 15:34:10.299 10456 10592 D ar_activity: [Update ARCore frame time=2023-04-07 15:34:10.299]
04-07 15:34:10.301 10456 10592 D ar_activity: [[2d end] stroke time=2023-04-07 15:34:10.300]
04-07 15:34:10.318 10456 10592 D ar_activity: [Update ARCore frame time=2023-04-07 15:34:10.318]
04-07 15:34:10.320 10456 10592 D ar_activity: [[2d end] stroke time=2023-04-07 15:34:10.320]
04-07 15:34:10.338 10456 10592 D ar_activity: [Update ARCore frame time=2023-04-07 15:34:10.337]
04-07 15:34:10.342 10456 10592 D ar_activity: [[2d end] stroke time=2023-04-07 15:34:10.342]
04-07 15:34:10.360 10456 10592 D ar_activity: [Update ARCore frame time=2023-04-07 15:34:10.360]
04-07 15:34:10.363 10456 10592 D ar_activity: [[2d end] stroke time=2023-04-07 15:34:10.363]
04-07 15:34:10.380 10456 10592 D ar_activity: [Update ARCore frame time=2023-04-07 15:34:10.380]
04-07 15:34:10.382 10456 10592 D ar_activity: [[2d end] stroke time=2023-04-07 15:34:10.382]
04-07 15:34:10.399 10456 10592 D ar_activity: [Update ARCore frame time=2023-04-07 15:34:10.398]
04-07 15:34:10.400 10456 10592 D ar_activity: [[2d end] stroke time=2023-04-07 15:34:10.400]
04-07 15:34:10.418 10456 10592 D ar_activity: [Update ARCore frame time=2023-04-07 15:34:10.418]
04-07 15:34:10.420 10456 10592 D ar_activity: [[2d end] stroke time=2023-04-07 15:34:10.420]
04-07 15:34:10.438 10456 10592 D ar_activity: [Update ARCore frame time=2023-04-07 15:34:10.437]
04-07 15:34:10.443 10456 10592 D ar_activity: [[2d end] stroke time=2023-04-07 15:34:10.443]
04-07 15:34:10.460 10456 10592 D ar_activity: [Update ARCore frame time=2023-04-07 15:34:10.459]
04-07 15:34:10.462 10456 10592 D ar_activity: [[2d end] stroke time=2023-04-07 15:34:10.461]
04-07 15:34:10.479 10456 10592 D ar_activity: [Update ARCore frame time=2023-04-07 15:34:10.479]
04-07 15:34:10.481 10456 10592 D ar_activity: [[2d end] stroke time=2023-04-07 15:34:10.481]
04-07 15:34:10.498 10456 10592 D ar_activity: [Update ARCore frame time=2023-04-07 15:34:10.498]
04-07 15:34:10.500 10456 10592 D ar_activity: [[2d end] stroke time=2023-04-07 15:34:10.500]
04-07 15:34:10.517 10456 10592 D ar_activity: [Update ARCore frame time=2023-04-07 15:34:10.517]
04-07 15:34:10.519 10456 10592 D ar_activity: [[2d end] stroke time=2023-04-07 15:34:10.519]
04-07 15:34:10.539 10456 10592 D ar_activity: [Update ARCore frame time=2023-04-07 15:34:10.539]
04-07 15:34:10.542 10456 10592 D ar_activity: [[2d end] stroke time=2023-04-07 15:34:10.541]
04-07 15:34:10.559 10456 10592 D ar_activity: [Update ARCore frame time=2023-04-07 15:34:10.558]
04-07 15:34:10.560 10456 10592 D ar_activity: [[2d end] stroke time=2023-04-07 15:34:10.560]
04-07 15:34:10.577 10456 10592 D ar_activity: [Update ARCore frame time=2023-04-07 15:34:10.577]
04-07 15:34:10.580 10456 10592 D ar_activity: [[2d end] stroke time=2023-04-07 15:34:10.579]
04-07 15:34:10.597 10456 10592 D ar_activity: [Update ARCore frame time=2023-04-07 15:34:10.596]
04-07 15:34:10.599 10456 10592 D ar_activity: [[2d end] stroke time=2023-04-07 15:34:10.599]
04-07 15:34:10.616 10456 10592 D ar_activity: [Update ARCore frame time=2023-04-07 15:34:10.616]
04-07 15:34:10.617 10456 10592 D ar_activity: [[2d end] stroke time=2023-04-07 15:34:10.617]
04-07 15:34:10.635 10456 10592 D ar_activity: [Update ARCore frame time=2023-04-07 15:34:10.635]
04-07 15:34:10.640 10456 10592 D ar_activity: [[2d end] stroke time=2023-04-07 15:34:10.640]
04-07 15:34:10.658 10456 10592 D ar_activity: [Update ARCore frame time=2023-04-07 15:34:10.657]
04-07 15:34:10.660 10456 10592 D ar_activity: [[2d end] stroke time=2023-04-07 15:34:10.660]
04-07 15:34:10.677 10456 10592 D ar_activity: [Update ARCore frame time=2023-04-07 15:34:10.677]
04-07 15:34:10.680 10456 10592 D ar_activity: [[2d end] stroke time=2023-04-07 15:34:10.680]
04-07 15:34:10.699 10456 10592 D ar_activity: [Update ARCore frame time=2023-04-07 15:34:10.697]
04-07 15:34:10.702 10456 10592 D ar_activity: [[2d end] stroke time=2023-04-07 15:34:10.701]
04-07 15:34:10.723 10456 10592 D ar_activity: [Update ARCore frame time=2023-04-07 15:34:10.723]
04-07 15:34:10.727 10456 10592 D ar_activity: [[2d end] stroke time=2023-04-07 15:34:10.726]
04-07 15:34:10.746 10456 10592 D ar_activity: [Update ARCore frame time=2023-04-07 15:34:10.746]
04-07 15:34:10.747 10456 10592 D ar_activity: [[2d end] stroke time=2023-04-07 15:34:10.747]
04-07 15:34:10.764 10456 10592 D ar_activity: [Update ARCore frame time=2023-04-07 15:34:10.764]
04-07 15:34:10.767 10456 10592 D ar_activity: [[2d end] stroke time=2023-04-07 15:34:10.767]
04-07 15:34:10.785 10456 10592 D ar_activity: [Update ARCore frame time=2023-04-07 15:34:10.785]
04-07 15:34:10.787 10456 10592 D ar_activity: [[2d end] stroke time=2023-04-07 15:34:10.787]
04-07 15:34:10.805 10456 10592 D ar_activity: [Update ARCore frame time=2023-04-07 15:34:10.805]
04-07 15:34:10.810 10456 10592 D ar_activity: [[2d end] stroke time=2023-04-07 15:34:10.810]
04-07 15:34:10.828 10456 10592 D ar_activity: [Update ARCore frame time=2023-04-07 15:34:10.828]
04-07 15:34:10.830 10456 10592 D ar_activity: [[2d end] stroke time=2023-04-07 15:34:10.830]
04-07 15:34:10.847 10456 10592 D ar_activity: [Update ARCore frame time=2023-04-07 15:34:10.847]
04-07 15:34:10.849 10456 10592 D ar_activity: [[2d end] stroke time=2023-04-07 15:34:10.849]
04-07 15:34:10.866 10456 10592 D ar_activity: [Update ARCore frame time=2023-04-07 15:34:10.866]
04-07 15:34:10.867 10456 10592 D ar_activity: [[2d end] stroke time=2023-04-07 15:34:10.867]
04-07 15:34:10.886 10456 10592 D ar_activity: [Update ARCore frame time=2023-04-07 15:34:10.885]
04-07 15:34:10.891 10456 10592 D ar_activity: [[2d end] stroke time=2023-04-07 15:34:10.891]
04-07 15:34:10.910 10456 10592 D ar_activity: [Update ARCore frame time=2023-04-07 15:34:10.908]
04-07 15:34:10.917 10456 10592 D ar_activity: [[2d end] stroke time=2023-04-07 15:34:10.917]
04-07 15:34:10.936 10456 10592 D ar_activity: [Update ARCore frame time=2023-04-07 15:34:10.936]
04-07 15:34:10.944 10456 10592 D ar_activity: [[2d end] stroke time=2023-04-07 15:34:10.944]
04-07 15:34:10.962 10456 10592 D ar_activity: [Update ARCore frame time=2023-04-07 15:34:10.962]
04-07 15:34:10.967 10456 10592 D ar_activity: [[2d end] stroke time=2023-04-07 15:34:10.967]
04-07 15:34:10.986 10456 10592 D ar_activity: [Update ARCore frame time=2023-04-07 15:34:10.986]
04-07 15:34:10.989 10456 10592 D ar_activity: [[2d end] stroke time=2023-04-07 15:34:10.989]
04-07 15:34:11.006 10456 10592 D ar_activity: [Update ARCore frame time=2023-04-07 15:34:11.006]
04-07 15:34:11.008 10456 10592 D ar_activity: [[2d end] stroke time=2023-04-07 15:34:11.008]
04-07 15:34:11.025 10456 10592 D ar_activity: [Update ARCore frame time=2023-04-07 15:34:11.025]
04-07 15:34:11.027 10456 10592 D ar_activity: [[2d end] stroke time=2023-04-07 15:34:11.027]
04-07 15:34:11.043 10456 10592 D ar_activity: [Update ARCore frame time=2023-04-07 15:34:11.043]
04-07 15:34:11.045 10456 10592 D ar_activity: [[2d end] stroke time=2023-04-07 15:34:11.045]
04-07 15:34:11.063 10456 10592 D ar_activity: [Update ARCore frame time=2023-04-07 15:34:11.062]
04-07 15:34:11.064 10456 10592 D ar_activity: [[2d end] stroke time=2023-04-07 15:34:11.064]
04-07 15:34:11.083 10456 10592 D ar_activity: [Update ARCore frame time=2023-04-07 15:34:11.083]
04-07 15:34:11.084 10456 10592 D ar_activity: [[2d end] stroke time=2023-04-07 15:34:11.084]
04-07 15:34:11.104 10456 10592 D ar_activity: [Update ARCore frame time=2023-04-07 15:34:11.103]
04-07 15:34:11.113 10456 10592 D ar_activity: [[2d end] stroke time=2023-04-07 15:34:11.113]
04-07 15:34:11.131 10456 10592 D ar_activity: [Update ARCore frame time=2023-04-07 15:34:11.131]
04-07 15:34:11.133 10456 10592 D ar_activity: [[2d end] stroke time=2023-04-07 15:34:11.132]
04-07 15:34:11.149 10456 10592 D ar_activity: [Update ARCore frame time=2023-04-07 15:34:11.149]
04-07 15:34:11.151 10456 10592 D ar_activity: [[2d end] stroke time=2023-04-07 15:34:11.151]
04-07 15:34:11.170 10456 10592 D ar_activity: [Update ARCore frame time=2023-04-07 15:34:11.168]
04-07 15:34:11.178 10456 10592 D ar_activity: [[2d end] stroke time=2023-04-07 15:34:11.178]
04-07 15:34:11.196 10456 10592 D ar_activity: [Update ARCore frame time=2023-04-07 15:34:11.195]
04-07 15:34:11.199 10456 10592 D ar_activity: [[2d end] stroke time=2023-04-07 15:34:11.199]
04-07 15:34:11.216 10456 10592 D ar_activity: [Update ARCore frame time=2023-04-07 15:34:11.216]
04-07 15:34:11.217 10456 10592 D ar_activity: [[2d end] stroke time=2023-04-07 15:34:11.217]
04-07 15:34:11.235 10456 10592 D ar_activity: [Update ARCore frame time=2023-04-07 15:34:11.235]
04-07 15:34:11.239 10456 10592 D ar_activity: [[2d end] stroke time=2023-04-07 15:34:11.239]
04-07 15:34:11.256 10456 10592 D ar_activity: [Update ARCore frame time=2023-04-07 15:34:11.256]
04-07 15:34:11.257 10456 10592 D ar_activity: [[2d end] stroke time=2023-04-07 15:34:11.257]
04-07 15:34:11.276 10456 10592 D ar_activity: [Update ARCore frame time=2023-04-07 15:34:11.274]
04-07 15:34:11.278 10456 10592 D ar_activity: [[2d end] stroke time=2023-04-07 15:34:11.278]
04-07 15:34:11.295 10456 10592 D ar_activity: [Update ARCore frame time=2023-04-07 15:34:11.295]
04-07 15:34:11.297 10456 10592 D ar_activity: [[2d end] stroke time=2023-04-07 15:34:11.297]
04-07 15:34:11.314 10456 10592 D ar_activity: [Update ARCore frame time=2023-04-07 15:34:11.314]
04-07 15:34:11.318 10456 10592 D ar_activity: [[2d end] stroke time=2023-04-07 15:34:11.316]
04-07 15:34:11.338 10456 10592 D ar_activity: [Update ARCore frame time=2023-04-07 15:34:11.337]
04-07 15:34:11.343 10456 10592 D ar_activity: [[2d end] stroke time=2023-04-07 15:34:11.343]
04-07 15:34:11.360 10456 10592 D ar_activity: [Update ARCore frame time=2023-04-07 15:34:11.360]
04-07 15:34:11.363 10456 10592 D ar_activity: [[2d end] stroke time=2023-04-07 15:34:11.363]
04-07 15:34:11.380 10456 10592 D ar_activity: [Update ARCore frame time=2023-04-07 15:34:11.380]
04-07 15:34:11.382 10456 10592 D ar_activity: [[2d end] stroke time=2023-04-07 15:34:11.382]
04-07 15:34:11.399 10456 10592 D ar_activity: [Update ARCore frame time=2023-04-07 15:34:11.399]
04-07 15:34:11.401 10456 10592 D ar_activity: [[2d end] stroke time=2023-04-07 15:34:11.400]
04-07 15:34:11.419 10456 10592 D ar_activity: [Update ARCore frame time=2023-04-07 15:34:11.418]
04-07 15:34:11.422 10456 10592 D ar_activity: [[2d end] stroke time=2023-04-07 15:34:11.422]
04-07 15:34:11.439 10456 10592 D ar_activity: [Update ARCore frame time=2023-04-07 15:34:11.439]
04-07 15:34:11.441 10456 10592 D ar_activity: [[2d end] stroke time=2023-04-07 15:34:11.441]
04-07 15:34:11.459 10456 10592 D ar_activity: [Update ARCore frame time=2023-04-07 15:34:11.458]
04-07 15:34:11.465 10456 10592 D ar_activity: [[2d end] stroke time=2023-04-07 15:34:11.465]
04-07 15:34:11.483 10456 10592 D ar_activity: [Update ARCore frame time=2023-04-07 15:34:11.482]
04-07 15:34:11.484 10456 10592 D ar_activity: [[2d end] stroke time=2023-04-07 15:34:11.484]
04-07 15:34:11.502 10456 10592 D ar_activity: [Update ARCore frame time=2023-04-07 15:34:11.502]
04-07 15:34:11.506 10456 10592 D ar_activity: [[2d end] stroke time=2023-04-07 15:34:11.506]
04-07 15:34:11.524 10456 10592 D ar_activity: [Update ARCore frame time=2023-04-07 15:34:11.524]
04-07 15:34:11.526 10456 10592 D ar_activity: [[2d end] stroke time=2023-04-07 15:34:11.526]
04-07 15:34:11.543 10456 10592 D ar_activity: [Update ARCore frame time=2023-04-07 15:34:11.543]
04-07 15:34:11.546 10456 10592 D ar_activity: [[2d end] stroke time=2023-04-07 15:34:11.545]
04-07 15:34:11.564 10456 10592 D ar_activity: [Update ARCore frame time=2023-04-07 15:34:11.563]
04-07 15:34:11.565 10456 10592 D ar_activity: [[2d end] stroke time=2023-04-07 15:34:11.565]
04-07 15:34:11.582 10456 10592 D ar_activity: [Update ARCore frame time=2023-04-07 15:34:11.582]
04-07 15:34:11.584 10456 10592 D ar_activity: [[2d end] stroke time=2023-04-07 15:34:11.584]
04-07 15:34:11.601 10456 10592 D ar_activity: [Update ARCore frame time=2023-04-07 15:34:11.601]
04-07 15:34:11.606 10456 10592 D ar_activity: [[2d end] stroke time=2023-04-07 15:34:11.606]
04-07 15:34:11.624 10456 10592 D ar_activity: [Update ARCore frame time=2023-04-07 15:34:11.623]
04-07 15:34:11.626 10456 10592 D ar_activity: [[2d end] stroke time=2023-04-07 15:34:11.626]
04-07 15:34:11.643 10456 10592 D ar_activity: [Update ARCore frame time=2023-04-07 15:34:11.642]
04-07 15:34:11.644 10456 10592 D ar_activity: [[2d end] stroke time=2023-04-07 15:34:11.644]
04-07 15:34:11.662 10456 10592 D ar_activity: [Update ARCore frame time=2023-04-07 15:34:11.661]
04-07 15:34:11.666 10456 10592 D ar_activity: [[2d end] stroke time=2023-04-07 15:34:11.666]
04-07 15:34:11.683 10456 10592 D ar_activity: [Update ARCore frame time=2023-04-07 15:34:11.683]
04-07 15:34:11.685 10456 10592 D ar_activity: [[2d end] stroke time=2023-04-07 15:34:11.685]
04-07 15:34:11.704 10456 10592 D ar_activity: [Update ARCore frame time=2023-04-07 15:34:11.703]
04-07 15:34:11.709 10456 10592 D ar_activity: [[2d end] stroke time=2023-04-07 15:34:11.709]
04-07 15:34:11.726 10456 10592 D ar_activity: [Update ARCore frame time=2023-04-07 15:34:11.726]
04-07 15:34:11.733 10456 10592 D ar_activity: [[2d end] stroke time=2023-04-07 15:34:11.733]
04-07 15:34:11.751 10456 10592 D ar_activity: [Update ARCore frame time=2023-04-07 15:34:11.750]
04-07 15:34:11.757 10456 10592 D ar_activity: [[2d end] stroke time=2023-04-07 15:34:11.757]
04-07 15:34:11.775 10456 10592 D ar_activity: [Update ARCore frame time=2023-04-07 15:34:11.774]
04-07 15:34:11.776 10456 10592 D ar_activity: [[2d end] stroke time=2023-04-07 15:34:11.776]
04-07 15:34:11.793 10456 10592 D ar_activity: [Update ARCore frame time=2023-04-07 15:34:11.793]
04-07 15:34:11.795 10456 10592 D ar_activity: [[2d end] stroke time=2023-04-07 15:34:11.795]
04-07 15:34:11.812 10456 10592 D ar_activity: [Update ARCore frame time=2023-04-07 15:34:11.812]
04-07 15:34:11.814 10456 10592 D ar_activity: [[2d end] stroke time=2023-04-07 15:34:11.814]
04-07 15:34:11.831 10456 10592 D ar_activity: [Update ARCore frame time=2023-04-07 15:34:11.831]
04-07 15:34:11.833 10456 10592 D ar_activity: [[2d end] stroke time=2023-04-07 15:34:11.832]
04-07 15:34:11.849 10456 10592 D ar_activity: [Update ARCore frame time=2023-04-07 15:34:11.849]
04-07 15:34:11.851 10456 10592 D ar_activity: [[2d end] stroke time=2023-04-07 15:34:11.851]
04-07 15:34:11.869 10456 10592 D ar_activity: [Update ARCore frame time=2023-04-07 15:34:11.868]
04-07 15:34:11.873 10456 10592 D ar_activity: [[2d end] stroke time=2023-04-07 15:34:11.873]
04-07 15:34:11.890 10456 10592 D ar_activity: [Update ARCore frame time=2023-04-07 15:34:11.890]
04-07 15:34:11.892 10456 10592 D ar_activity: [[2d end] stroke time=2023-04-07 15:34:11.892]
04-07 15:34:11.910 10456 10592 D ar_activity: [Update ARCore frame time=2023-04-07 15:34:11.910]
04-07 15:34:11.915 10456 10592 D ar_activity: [[2d end] stroke time=2023-04-07 15:34:11.914]
04-07 15:34:11.932 10456 10592 D ar_activity: [Update ARCore frame time=2023-04-07 15:34:11.932]
04-07 15:34:11.934 10456 10592 D ar_activity: [[2d end] stroke time=2023-04-07 15:34:11.934]
04-07 15:34:11.951 10456 10592 D ar_activity: [Update ARCore frame time=2023-04-07 15:34:11.951]
04-07 15:34:11.953 10456 10592 D ar_activity: [[2d end] stroke time=2023-04-07 15:34:11.953]
04-07 15:34:11.973 10456 10592 D ar_activity: [Update ARCore frame time=2023-04-07 15:34:11.970]
04-07 15:34:11.977 10456 10592 D ar_activity: [[2d end] stroke time=2023-04-07 15:34:11.977]
04-07 15:34:11.995 10456 10592 D ar_activity: [Update ARCore frame time=2023-04-07 15:34:11.994]
04-07 15:34:11.996 10456 10592 D ar_activity: [[2d end] stroke time=2023-04-07 15:34:11.996]
04-07 15:34:12.015 10456 10592 D ar_activity: [Update ARCore frame time=2023-04-07 15:34:12.015]
04-07 15:34:12.020 10456 10592 D ar_activity: [[2d end] stroke time=2023-04-07 15:34:12.019]
04-07 15:34:12.039 10456 10592 D ar_activity: [Update ARCore frame time=2023-04-07 15:34:12.038]
04-07 15:34:12.041 10456 10592 D ar_activity: [[2d end] stroke time=2023-04-07 15:34:12.040]
04-07 15:34:12.057 10456 10592 D ar_activity: [Update ARCore frame time=2023-04-07 15:34:12.057]
04-07 15:34:12.059 10456 10592 D ar_activity: [[2d end] stroke time=2023-04-07 15:34:12.059]
04-07 15:34:12.076 10456 10592 D ar_activity: [Update ARCore frame time=2023-04-07 15:34:12.076]
04-07 15:34:12.078 10456 10592 D ar_activity: [[2d end] stroke time=2023-04-07 15:34:12.077]
04-07 15:34:12.094 10456 10592 D ar_activity: [Update ARCore frame time=2023-04-07 15:34:12.094]
04-07 15:34:12.100 10456 10592 D ar_activity: [[2d end] stroke time=2023-04-07 15:34:12.099]
04-07 15:34:12.118 10456 10592 D ar_activity: [Update ARCore frame time=2023-04-07 15:34:12.117]
04-07 15:34:12.125 10456 10592 D ar_activity: [[2d end] stroke time=2023-04-07 15:34:12.124]
04-07 15:34:12.142 10456 10592 D ar_activity: [Update ARCore frame time=2023-04-07 15:34:12.142]
04-07 15:34:12.146 10456 10592 D ar_activity: [[2d end] stroke time=2023-04-07 15:34:12.146]
04-07 15:34:12.164 10456 10592 D ar_activity: [Update ARCore frame time=2023-04-07 15:34:12.164]
04-07 15:34:12.166 10456 10592 D ar_activity: [[2d end] stroke time=2023-04-07 15:34:12.166]
04-07 15:34:12.183 10456 10592 D ar_activity: [Update ARCore frame time=2023-04-07 15:34:12.183]
04-07 15:34:12.185 10456 10592 D ar_activity: [[2d end] stroke time=2023-04-07 15:34:12.185]
04-07 15:34:12.204 10456 10592 D ar_activity: [Update ARCore frame time=2023-04-07 15:34:12.204]
04-07 15:34:12.210 10456 10592 D ar_activity: [[2d end] stroke time=2023-04-07 15:34:12.210]
04-07 15:34:12.227 10456 10592 D ar_activity: [Update ARCore frame time=2023-04-07 15:34:12.226]
04-07 15:34:12.229 10456 10592 D ar_activity: [[2d end] stroke time=2023-04-07 15:34:12.228]
04-07 15:34:12.246 10456 10592 D ar_activity: [Update ARCore frame time=2023-04-07 15:34:12.246]
04-07 15:34:12.252 10456 10592 D ar_activity: [[2d end] stroke time=2023-04-07 15:34:12.249]
04-07 15:34:12.270 10456 10592 D ar_activity: [Update ARCore frame time=2023-04-07 15:34:12.270]
04-07 15:34:12.277 10456 10592 D ar_activity: [[2d end] stroke time=2023-04-07 15:34:12.277]
04-07 15:34:12.294 10456 10592 D ar_activity: [Update ARCore frame time=2023-04-07 15:34:12.294]
04-07 15:34:12.296 10456 10592 D ar_activity: [[2d end] stroke time=2023-04-07 15:34:12.296]
04-07 15:34:12.314 10456 10592 D ar_activity: [Update ARCore frame time=2023-04-07 15:34:12.314]
04-07 15:34:12.316 10456 10592 D ar_activity: [[2d end] stroke time=2023-04-07 15:34:12.316]
04-07 15:34:12.333 10456 10592 D ar_activity: [Update ARCore frame time=2023-04-07 15:34:12.333]
04-07 15:34:12.335 10456 10592 D ar_activity: [[2d end] stroke time=2023-04-07 15:34:12.335]
04-07 15:34:12.353 10456 10592 D ar_activity: [Update ARCore frame time=2023-04-07 15:34:12.352]
04-07 15:34:12.355 10456 10592 D ar_activity: [[2d end] stroke time=2023-04-07 15:34:12.355]
04-07 15:34:12.372 10456 10592 D ar_activity: [Update ARCore frame time=2023-04-07 15:34:12.372]
04-07 15:34:12.374 10456 10592 D ar_activity: [[2d end] stroke time=2023-04-07 15:34:12.374]
04-07 15:34:12.391 10456 10592 D ar_activity: [Update ARCore frame time=2023-04-07 15:34:12.390]
04-07 15:34:12.392 10456 10592 D ar_activity: [[2d end] stroke time=2023-04-07 15:34:12.392]
04-07 15:34:12.409 10456 10592 D ar_activity: [Update ARCore frame time=2023-04-07 15:34:12.409]
04-07 15:34:12.412 10456 10592 D ar_activity: [[2d end] stroke time=2023-04-07 15:34:12.412]
04-07 15:34:12.430 10456 10592 D ar_activity: [Update ARCore frame time=2023-04-07 15:34:12.430]
04-07 15:34:12.433 10456 10592 D ar_activity: [[2d end] stroke time=2023-04-07 15:34:12.433]
04-07 15:34:12.450 10456 10592 D ar_activity: [Update ARCore frame time=2023-04-07 15:34:12.450]
04-07 15:34:12.451 10456 10592 D ar_activity: [[2d end] stroke time=2023-04-07 15:34:12.451]
04-07 15:34:12.469 10456 10592 D ar_activity: [Update ARCore frame time=2023-04-07 15:34:12.469]
04-07 15:34:12.474 10456 10592 D ar_activity: [[2d end] stroke time=2023-04-07 15:34:12.474]
04-07 15:34:12.491 10456 10592 D ar_activity: [Update ARCore frame time=2023-04-07 15:34:12.491]
04-07 15:34:12.493 10456 10592 D ar_activity: [[2d end] stroke time=2023-04-07 15:34:12.493]
04-07 15:34:12.510 10456 10592 D ar_activity: [Update ARCore frame time=2023-04-07 15:34:12.510]
04-07 15:34:12.512 10456 10592 D ar_activity: [[2d end] stroke time=2023-04-07 15:34:12.512]
04-07 15:34:12.529 10456 10592 D ar_activity: [Update ARCore frame time=2023-04-07 15:34:12.529]
04-07 15:34:12.533 10456 10592 D ar_activity: [[2d end] stroke time=2023-04-07 15:34:12.533]
04-07 15:34:12.550 10456 10592 D ar_activity: [Update ARCore frame time=2023-04-07 15:34:12.550]
04-07 15:34:12.553 10456 10592 D ar_activity: [[2d end] stroke time=2023-04-07 15:34:12.552]
04-07 15:34:12.570 10456 10592 D ar_activity: [Update ARCore frame time=2023-04-07 15:34:12.570]
04-07 15:34:12.576 10456 10592 D ar_activity: [[2d end] stroke time=2023-04-07 15:34:12.576]
04-07 15:34:12.594 10456 10592 D ar_activity: [Update ARCore frame time=2023-04-07 15:34:12.594]
04-07 15:34:12.598 10456 10592 D ar_activity: [[2d end] stroke time=2023-04-07 15:34:12.597]
04-07 15:34:12.616 10456 10592 D ar_activity: [Update ARCore frame time=2023-04-07 15:34:12.616]
04-07 15:34:12.618 10456 10592 D ar_activity: [[2d end] stroke time=2023-04-07 15:34:12.618]
04-07 15:34:12.638 10456 10592 D ar_activity: [Update ARCore frame time=2023-04-07 15:34:12.637]
04-07 15:34:12.644 10456 10592 D ar_activity: [[2d end] stroke time=2023-04-07 15:34:12.644]
04-07 15:34:12.661 10456 10592 D ar_activity: [Update ARCore frame time=2023-04-07 15:34:12.661]
04-07 15:34:12.665 10456 10592 D ar_activity: [[2d end] stroke time=2023-04-07 15:34:12.665]
04-07 15:34:12.682 10456 10592 D ar_activity: [Update ARCore frame time=2023-04-07 15:34:12.682]
04-07 15:34:12.684 10456 10592 D ar_activity: [[2d end] stroke time=2023-04-07 15:34:12.684]
04-07 15:34:12.701 10456 10592 D ar_activity: [Update ARCore frame time=2023-04-07 15:34:12.701]
04-07 15:34:12.706 10456 10592 D ar_activity: [[2d end] stroke time=2023-04-07 15:34:12.704]
04-07 15:34:12.724 10456 10592 D ar_activity: [Update ARCore frame time=2023-04-07 15:34:12.723]
04-07 15:34:12.724 10456 10456 D ar_activity: [[1a start] touch screen time=2023-04-07 15:34:12.724]
04-07 15:34:12.727 10456 10592 D ar_activity: addStroke at 2023-04-07 15:34:12.727
04-07 15:34:12.730 10456 10592 D ar_activity: stroke (id: -NSSCZrPmSmAX1NZRwr1) was added at 2023-04-07 15:34:12.729
04-07 15:34:12.731 10456 10592 D ar_activity: [[1b start] setFirebaseValue stroke id=-NSSCZrPmSmAX1NZRwr1 time=2023-04-07 15:34:12.730]
04-07 15:34:12.733 10456 10592 D ar_activity: [TRACKING TransformPointToPose time=2023-04-07 15:34:12.733]
04-07 15:34:12.733 10456 10456 D ar_activity: [[2a end - 2d start] onChildAdded stroke id=-NSSCZrPmSmAX1NZRwr1 time=2023-04-07 15:34:12.733]
04-07 15:34:12.738 10456 10592 D ar_activity: send stroke to firebase
04-07 15:34:12.742 10456 10592 D ar_activity: [[2d] after update lines time=2023-04-07 15:34:12.741]
04-07 15:34:12.745 10456 10592 D ar_activity: [[2d end] stroke time=2023-04-07 15:34:12.744]
04-07 15:34:12.764 10456 10592 D ar_activity: [Update ARCore frame time=2023-04-07 15:34:12.763]
04-07 15:34:12.768 10456 10592 D ar_activity: [TRACKING TransformPointToPose time=2023-04-07 15:34:12.768]
04-07 15:34:12.770 10456 10592 D ar_activity: [TRACKING TransformPointToPose time=2023-04-07 15:34:12.768]
04-07 15:34:12.772 10456 10592 D ar_activity: [TRACKING TransformPointToPose time=2023-04-07 15:34:12.771]
04-07 15:34:12.773 10456 10592 D ar_activity: send stroke to firebase
04-07 15:34:12.776 10456 10592 D ar_activity: [[2d] after update lines time=2023-04-07 15:34:12.776]
04-07 15:34:12.779 10456 10592 D ar_activity: [[2d end] stroke time=2023-04-07 15:34:12.778]
04-07 15:34:12.796 10456 10592 D ar_activity: [Update ARCore frame time=2023-04-07 15:34:12.796]
04-07 15:34:12.803 10456 10592 D ar_activity: [TRACKING TransformPointToPose time=2023-04-07 15:34:12.803]
04-07 15:34:12.808 10456 10592 D ar_activity: [TRACKING TransformPointToPose time=2023-04-07 15:34:12.804]
04-07 15:34:12.808 10456 10592 D ar_activity: send stroke to firebase
04-07 15:34:12.809 10456 10592 D ar_activity: [[2d] after update lines time=2023-04-07 15:34:12.809]
04-07 15:34:12.810 10456 10592 D ar_activity: [[2d end] stroke time=2023-04-07 15:34:12.809]
04-07 15:34:12.820 10456 10456 D ar_activity: [[1b start] setFirebaseValue stroke id=-NSSCZrPmSmAX1NZRwr1 time=2023-04-07 15:34:12.820]
04-07 15:34:12.827 10456 10456 D ar_activity: [[2a end - 2d start] onChildChanged stroke id=-NSSCZrPmSmAX1NZRwr1 time=2023-04-07 15:34:12.826]
04-07 15:34:12.828 10456 10592 D ar_activity: [Update ARCore frame time=2023-04-07 15:34:12.827]
04-07 15:34:12.832 10456 10592 D ar_activity: [TRACKING TransformPointToPose time=2023-04-07 15:34:12.832]
04-07 15:34:12.833 10456 10592 D ar_activity: [TRACKING TransformPointToPose time=2023-04-07 15:34:12.832]
04-07 15:34:12.833 10456 10592 D ar_activity: send stroke to firebase
04-07 15:34:12.835 10456 10592 D ar_activity: [[2d] after update lines time=2023-04-07 15:34:12.834]
04-07 15:34:12.841 10456 10592 D ar_activity: [[2d end] stroke time=2023-04-07 15:34:12.841]
04-07 15:34:12.859 10456 10592 D ar_activity: [Update ARCore frame time=2023-04-07 15:34:12.859]
04-07 15:34:12.862 10456 10592 D ar_activity: [TRACKING TransformPointToPose time=2023-04-07 15:34:12.862]
04-07 15:34:12.862 10456 10592 D ar_activity: [TRACKING TransformPointToPose time=2023-04-07 15:34:12.862]
04-07 15:34:12.862 10456 10592 D ar_activity: send stroke to firebase
04-07 15:34:12.863 10456 10592 D ar_activity: [[2d] after update lines time=2023-04-07 15:34:12.862]
04-07 15:34:12.863 10456 10592 D ar_activity: [[2d end] stroke time=2023-04-07 15:34:12.863]
04-07 15:34:12.880 10456 10592 D ar_activity: [Update ARCore frame time=2023-04-07 15:34:12.880]
04-07 15:34:12.881 10456 10592 D ar_activity: [TRACKING TransformPointToPose time=2023-04-07 15:34:12.881]
04-07 15:34:12.882 10456 10592 D ar_activity: [TRACKING TransformPointToPose time=2023-04-07 15:34:12.882]
04-07 15:34:12.882 10456 10592 D ar_activity: send stroke to firebase
04-07 15:34:12.884 10456 10592 D ar_activity: [[2d] after update lines time=2023-04-07 15:34:12.883]
04-07 15:34:12.884 10456 10592 D ar_activity: [[2d end] stroke time=2023-04-07 15:34:12.884]
04-07 15:34:12.888 10456 10456 D ar_activity: [[2a end - 2d start] onChildChanged stroke id=-NSSCZrPmSmAX1NZRwr1 time=2023-04-07 15:34:12.887]
04-07 15:34:12.901 10456 10592 D ar_activity: [Update ARCore frame time=2023-04-07 15:34:12.901]
04-07 15:34:12.903 10456 10592 D ar_activity: [TRACKING TransformPointToPose time=2023-04-07 15:34:12.902]
04-07 15:34:12.903 10456 10592 D ar_activity: [TRACKING TransformPointToPose time=2023-04-07 15:34:12.903]
04-07 15:34:12.903 10456 10592 D ar_activity: send stroke to firebase
04-07 15:34:12.905 10456 10592 D ar_activity: [[2d] after update lines time=2023-04-07 15:34:12.903]
04-07 15:34:12.906 10456 10592 D ar_activity: [[2d end] stroke time=2023-04-07 15:34:12.906]
04-07 15:34:12.923 10456 10592 D ar_activity: [Update ARCore frame time=2023-04-07 15:34:12.923]
04-07 15:34:12.924 10456 10592 D ar_activity: [TRACKING TransformPointToPose time=2023-04-07 15:34:12.924]
04-07 15:34:12.924 10456 10592 D ar_activity: [TRACKING TransformPointToPose time=2023-04-07 15:34:12.924]
04-07 15:34:12.924 10456 10592 D ar_activity: send stroke to firebase
04-07 15:34:12.925 10456 10592 D ar_activity: [[2d] after update lines time=2023-04-07 15:34:12.925]
04-07 15:34:12.925 10456 10592 D ar_activity: [[2d end] stroke time=2023-04-07 15:34:12.925]
04-07 15:34:12.944 10456 10456 D ar_activity: [[2a end - 2d start] onChildChanged stroke id=-NSSCZrPmSmAX1NZRwr1 time=2023-04-07 15:34:12.944]
04-07 15:34:12.945 10456 10592 D ar_activity: [Update ARCore frame time=2023-04-07 15:34:12.942]
04-07 15:34:12.947 10456 10592 D ar_activity: [TRACKING TransformPointToPose time=2023-04-07 15:34:12.946]
04-07 15:34:12.947 10456 10592 D ar_activity: [TRACKING TransformPointToPose time=2023-04-07 15:34:12.947]
04-07 15:34:12.947 10456 10592 D ar_activity: send stroke to firebase
04-07 15:34:12.947 10456 10592 D ar_activity: [[2d] after update lines time=2023-04-07 15:34:12.947]
04-07 15:34:12.948 10456 10592 D ar_activity: [[2d end] stroke time=2023-04-07 15:34:12.948]
04-07 15:34:12.965 10456 10592 D ar_activity: [Update ARCore frame time=2023-04-07 15:34:12.965]
04-07 15:34:12.966 10456 10592 D ar_activity: [TRACKING TransformPointToPose time=2023-04-07 15:34:12.966]
04-07 15:34:12.967 10456 10592 D ar_activity: [TRACKING TransformPointToPose time=2023-04-07 15:34:12.967]
04-07 15:34:12.967 10456 10592 D ar_activity: send stroke to firebase
04-07 15:34:12.967 10456 10592 D ar_activity: [[2d] after update lines time=2023-04-07 15:34:12.967]
04-07 15:34:12.968 10456 10592 D ar_activity: [[2d end] stroke time=2023-04-07 15:34:12.968]
04-07 15:34:12.985 10456 10592 D ar_activity: [Update ARCore frame time=2023-04-07 15:34:12.985]
04-07 15:34:12.986 10456 10592 D ar_activity: [TRACKING TransformPointToPose time=2023-04-07 15:34:12.986]
04-07 15:34:12.987 10456 10592 D ar_activity: [TRACKING TransformPointToPose time=2023-04-07 15:34:12.987]
04-07 15:34:12.987 10456 10592 D ar_activity: send stroke to firebase
04-07 15:34:12.988 10456 10592 D ar_activity: [[2d] after update lines time=2023-04-07 15:34:12.987]
04-07 15:34:12.989 10456 10592 D ar_activity: [[2d end] stroke time=2023-04-07 15:34:12.988]
04-07 15:34:13.001 10456 10456 D ar_activity: [[2a end - 2d start] onChildChanged stroke id=-NSSCZrPmSmAX1NZRwr1 time=2023-04-07 15:34:13.001]
