--------- beginning of main
04-21 17:08:40.874 20373 20544 D ar_activity: [[2d] after update lines time=2023-04-21 17:08:40.839]
04-21 17:08:46.297 20373 20373 D ar_activity: [--- pair start --- time=2023-04-21 17:08:46.297]
04-21 17:08:46.298 20373 20373 D ar_activity: [--- pair session start --- time=2023-04-21 17:08:46.297]
04-21 17:08:46.326 20373 20373 D ar_activity: [create room: Message{namespace='', type='', content=[34 bytes]} time=2023-04-21 17:08:46.325]
04-21 17:08:46.337 20373 20373 D ar_activity: LOOKING: 2023-04-21 17:08:46.336
04-21 17:08:47.573 20373 20373 D ar_activity: [joinRoom: -NT_dTGBWfalgqlt1Yo0 time=2023-04-21 17:08:47.572]
04-21 17:08:47.726 20373 20373 D ar_activity: [--- pair joined --- time=2023-04-21 17:08:47.726]
04-21 17:08:47.728 20373 20373 D ar_activity: PARTNER FOUND: 2023-04-21 17:08:47.728
04-21 17:08:49.730 20373 20373 D ar_activity: SET ANCHOR: 2023-04-21 17:08:49.730
04-21 17:08:50.666 20373 20373 D ar_activity: [anchor resolution changed: null time=2023-04-21 17:08:50.666]
04-21 17:08:51.020 20373 20373 D ar_activity: [--- sync ready to set anchor --- time=2023-04-21 17:08:51.019]
04-21 17:08:51.020 20373 20373 D ar_activity: Start CONNECTING: 2023-04-21 17:08:51.020
04-21 17:08:54.337 20373 20373 D ar_activity: [anchor resolution changed: false time=2023-04-21 17:08:54.337]
04-21 17:08:54.345 20373 20544 D ar_activity: [--- anchor: onUpdate: resolveHostedAnchor: pending resolve--- time=2023-04-21 17:08:54.345]
04-21 17:08:54.345 20373 20544 D ar_activity: [resolveHostedAnchor: TASK_IN_PROGRESS time=2023-04-21 17:08:54.345]
04-21 17:08:54.370 20373 20544 D ar_activity: [--- anchor: onUpdate: resolveHostedAnchor: pending resolve--- time=2023-04-21 17:08:54.369]
04-21 17:08:54.371 20373 20544 D ar_activity: [resolveHostedAnchor: TASK_IN_PROGRESS time=2023-04-21 17:08:54.370]
04-21 17:08:54.402 20373 20544 D ar_activity: [--- anchor: onUpdate: resolveHostedAnchor: pending resolve--- time=2023-04-21 17:08:54.396]
04-21 17:08:54.402 20373 20544 D ar_activity: [resolveHostedAnchor: TASK_IN_PROGRESS time=2023-04-21 17:08:54.402]
04-21 17:08:54.421 20373 20544 D ar_activity: [--- anchor: onUpdate: resolveHostedAnchor: pending resolve--- time=2023-04-21 17:08:54.421]
04-21 17:08:54.421 20373 20544 D ar_activity: [resolveHostedAnchor: TASK_IN_PROGRESS time=2023-04-21 17:08:54.421]
04-21 17:08:54.441 20373 20544 D ar_activity: [--- anchor: onUpdate: resolveHostedAnchor: pending resolve--- time=2023-04-21 17:08:54.441]
04-21 17:08:54.445 20373 20544 D ar_activity: [resolveHostedAnchor: TASK_IN_PROGRESS time=2023-04-21 17:08:54.442]
04-21 17:08:54.475 20373 20544 D ar_activity: [--- anchor: onUpdate: resolveHostedAnchor: pending resolve--- time=2023-04-21 17:08:54.474]
04-21 17:08:54.475 20373 20544 D ar_activity: [resolveHostedAnchor: TASK_IN_PROGRESS time=2023-04-21 17:08:54.475]
04-21 17:08:54.501 20373 20544 D ar_activity: [--- anchor: onUpdate: resolveHostedAnchor: pending resolve--- time=2023-04-21 17:08:54.500]
04-21 17:08:54.502 20373 20544 D ar_activity: [resolveHostedAnchor: TASK_IN_PROGRESS time=2023-04-21 17:08:54.501]
04-21 17:08:54.524 20373 20544 D ar_activity: [--- anchor: onUpdate: resolveHostedAnchor: pending resolve--- time=2023-04-21 17:08:54.524]
04-21 17:08:54.524 20373 20544 D ar_activity: [resolveHostedAnchor: TASK_IN_PROGRESS time=2023-04-21 17:08:54.524]
04-21 17:08:54.546 20373 20544 D ar_activity: [--- anchor: onUpdate: resolveHostedAnchor: pending resolve--- time=2023-04-21 17:08:54.545]
04-21 17:08:54.547 20373 20544 D ar_activity: [resolveHostedAnchor: TASK_IN_PROGRESS time=2023-04-21 17:08:54.547]
04-21 17:08:54.571 20373 20544 D ar_activity: [--- anchor: onUpdate: resolveHostedAnchor: pending resolve--- time=2023-04-21 17:08:54.569]
04-21 17:08:54.571 20373 20544 D ar_activity: [resolveHostedAnchor: TASK_IN_PROGRESS time=2023-04-21 17:08:54.571]
04-21 17:08:54.607 20373 20544 D ar_activity: [--- anchor: onUpdate: resolveHostedAnchor: pending resolve--- time=2023-04-21 17:08:54.606]
04-21 17:08:54.607 20373 20544 D ar_activity: [resolveHostedAnchor: TASK_IN_PROGRESS time=2023-04-21 17:08:54.607]
04-21 17:08:54.634 20373 20544 D ar_activity: [--- anchor: onUpdate: resolveHostedAnchor: pending resolve--- time=2023-04-21 17:08:54.634]
04-21 17:08:54.634 20373 20544 D ar_activity: [resolveHostedAnchor: TASK_IN_PROGRESS time=2023-04-21 17:08:54.634]
04-21 17:08:54.656 20373 20544 D ar_activity: [--- anchor: onUpdate: resolveHostedAnchor: pending resolve--- time=2023-04-21 17:08:54.654]
04-21 17:08:54.657 20373 20544 D ar_activity: [resolveHostedAnchor: TASK_IN_PROGRESS time=2023-04-21 17:08:54.656]
04-21 17:08:54.691 20373 20544 D ar_activity: [--- anchor: onUpdate: resolveHostedAnchor: pending resolve--- time=2023-04-21 17:08:54.686]
04-21 17:08:54.693 20373 20544 D ar_activity: [resolveHostedAnchor: TASK_IN_PROGRESS time=2023-04-21 17:08:54.692]
04-21 17:08:54.724 20373 20544 D ar_activity: [--- anchor: onUpdate: resolveHostedAnchor: pending resolve--- time=2023-04-21 17:08:54.723]
04-21 17:08:54.724 20373 20544 D ar_activity: [resolveHostedAnchor: TASK_IN_PROGRESS time=2023-04-21 17:08:54.724]
04-21 17:08:54.746 20373 20544 D ar_activity: [--- anchor: onUpdate: resolveHostedAnchor: pending resolve--- time=2023-04-21 17:08:54.746]
04-21 17:08:54.746 20373 20544 D ar_activity: [resolveHostedAnchor: TASK_IN_PROGRESS time=2023-04-21 17:08:54.746]
04-21 17:08:54.768 20373 20544 D ar_activity: [--- anchor: onUpdate: resolveHostedAnchor: pending resolve--- time=2023-04-21 17:08:54.768]
04-21 17:08:54.769 20373 20544 D ar_activity: [resolveHostedAnchor: TASK_IN_PROGRESS time=2023-04-21 17:08:54.768]
04-21 17:08:54.791 20373 20544 D ar_activity: [--- anchor: onUpdate: resolveHostedAnchor: pending resolve--- time=2023-04-21 17:08:54.791]
04-21 17:08:54.791 20373 20544 D ar_activity: [resolveHostedAnchor: TASK_IN_PROGRESS time=2023-04-21 17:08:54.791]
04-21 17:08:54.815 20373 20544 D ar_activity: [--- anchor: onUpdate: resolveHostedAnchor: pending resolve--- time=2023-04-21 17:08:54.815]
04-21 17:08:54.817 20373 20544 D ar_activity: [resolveHostedAnchor: TASK_IN_PROGRESS time=2023-04-21 17:08:54.816]
04-21 17:08:54.837 20373 20544 D ar_activity: [--- anchor: onUpdate: resolveHostedAnchor: pending resolve--- time=2023-04-21 17:08:54.836]
04-21 17:08:54.837 20373 20544 D ar_activity: [resolveHostedAnchor: TASK_IN_PROGRESS time=2023-04-21 17:08:54.837]
04-21 17:08:54.859 20373 20544 D ar_activity: [--- anchor: onUpdate: resolveHostedAnchor: pending resolve--- time=2023-04-21 17:08:54.857]
04-21 17:08:54.859 20373 20544 D ar_activity: [resolveHostedAnchor: TASK_IN_PROGRESS time=2023-04-21 17:08:54.859]
04-21 17:08:54.879 20373 20544 D ar_activity: [--- anchor: onUpdate: resolveHostedAnchor: pending resolve--- time=2023-04-21 17:08:54.879]
04-21 17:08:54.880 20373 20544 D ar_activity: [resolveHostedAnchor: TASK_IN_PROGRESS time=2023-04-21 17:08:54.880]
04-21 17:08:54.905 20373 20544 D ar_activity: [--- anchor: onUpdate: resolveHostedAnchor: pending resolve--- time=2023-04-21 17:08:54.905]
04-21 17:08:54.905 20373 20544 D ar_activity: [resolveHostedAnchor: TASK_IN_PROGRESS time=2023-04-21 17:08:54.905]
04-21 17:08:54.927 20373 20544 D ar_activity: [--- anchor: onUpdate: resolveHostedAnchor: pending resolve--- time=2023-04-21 17:08:54.927]
04-21 17:08:54.927 20373 20544 D ar_activity: [resolveHostedAnchor: TASK_IN_PROGRESS time=2023-04-21 17:08:54.927]
04-21 17:08:54.946 20373 20544 D ar_activity: [--- anchor: onUpdate: resolveHostedAnchor: pending resolve--- time=2023-04-21 17:08:54.945]
04-21 17:08:54.946 20373 20544 D ar_activity: [resolveHostedAnchor: TASK_IN_PROGRESS time=2023-04-21 17:08:54.946]
04-21 17:08:54.967 20373 20544 D ar_activity: [--- anchor: onUpdate: resolveHostedAnchor: pending resolve--- time=2023-04-21 17:08:54.967]
04-21 17:08:54.968 20373 20544 D ar_activity: [resolveHostedAnchor: TASK_IN_PROGRESS time=2023-04-21 17:08:54.968]
04-21 17:08:54.991 20373 20544 D ar_activity: [--- anchor: onUpdate: resolveHostedAnchor: pending resolve--- time=2023-04-21 17:08:54.991]
04-21 17:08:54.991 20373 20544 D ar_activity: [resolveHostedAnchor: TASK_IN_PROGRESS time=2023-04-21 17:08:54.991]
04-21 17:08:55.011 20373 20544 D ar_activity: [--- anchor: onUpdate: resolveHostedAnchor: pending resolve--- time=2023-04-21 17:08:55.010]
04-21 17:08:55.011 20373 20544 D ar_activity: [resolveHostedAnchor: TASK_IN_PROGRESS time=2023-04-21 17:08:55.011]
04-21 17:08:55.035 20373 20544 D ar_activity: [--- anchor: onUpdate: resolveHostedAnchor: pending resolve--- time=2023-04-21 17:08:55.033]
04-21 17:08:55.037 20373 20544 D ar_activity: [resolveHostedAnchor: TASK_IN_PROGRESS time=2023-04-21 17:08:55.036]
04-21 17:08:55.056 20373 20544 D ar_activity: [--- anchor: onUpdate: resolveHostedAnchor: pending resolve--- time=2023-04-21 17:08:55.056]
04-21 17:08:55.057 20373 20544 D ar_activity: [resolveHostedAnchor: TASK_IN_PROGRESS time=2023-04-21 17:08:55.056]
04-21 17:08:55.077 20373 20544 D ar_activity: [--- anchor: onUpdate: resolveHostedAnchor: pending resolve--- time=2023-04-21 17:08:55.076]
04-21 17:08:55.077 20373 20544 D ar_activity: [resolveHostedAnchor: TASK_IN_PROGRESS time=2023-04-21 17:08:55.077]
04-21 17:08:55.099 20373 20544 D ar_activity: [--- anchor: onUpdate: resolveHostedAnchor: pending resolve--- time=2023-04-21 17:08:55.099]
04-21 17:08:55.100 20373 20544 D ar_activity: [resolveHostedAnchor: TASK_IN_PROGRESS time=2023-04-21 17:08:55.100]
04-21 17:08:55.123 20373 20544 D ar_activity: [--- anchor: onUpdate: resolveHostedAnchor: pending resolve--- time=2023-04-21 17:08:55.123]
04-21 17:08:55.123 20373 20544 D ar_activity: [resolveHostedAnchor: TASK_IN_PROGRESS time=2023-04-21 17:08:55.123]
04-21 17:08:55.143 20373 20544 D ar_activity: [--- anchor: onUpdate: resolveHostedAnchor: pending resolve--- time=2023-04-21 17:08:55.142]
04-21 17:08:55.143 20373 20544 D ar_activity: [resolveHostedAnchor: TASK_IN_PROGRESS time=2023-04-21 17:08:55.143]
04-21 17:08:55.161 20373 20544 D ar_activity: [--- anchor: onUpdate: resolveHostedAnchor: pending resolve--- time=2023-04-21 17:08:55.161]
04-21 17:08:55.162 20373 20544 D ar_activity: [resolveHostedAnchor: TASK_IN_PROGRESS time=2023-04-21 17:08:55.161]
04-21 17:08:55.180 20373 20544 D ar_activity: [--- anchor: onUpdate: resolveHostedAnchor: pending resolve--- time=2023-04-21 17:08:55.180]
04-21 17:08:55.180 20373 20544 D ar_activity: [resolveHostedAnchor: TASK_IN_PROGRESS time=2023-04-21 17:08:55.180]
04-21 17:08:55.202 20373 20544 D ar_activity: [--- anchor: onUpdate: resolveHostedAnchor: pending resolve--- time=2023-04-21 17:08:55.202]
04-21 17:08:55.202 20373 20544 D ar_activity: [resolveHostedAnchor: TASK_IN_PROGRESS time=2023-04-21 17:08:55.202]
04-21 17:08:55.221 20373 20544 D ar_activity: [--- anchor: onUpdate: resolveHostedAnchor: pending resolve--- time=2023-04-21 17:08:55.221]
04-21 17:08:55.221 20373 20544 D ar_activity: [resolveHostedAnchor: TASK_IN_PROGRESS time=2023-04-21 17:08:55.221]
04-21 17:08:55.243 20373 20544 D ar_activity: [--- anchor: onUpdate: resolveHostedAnchor: pending resolve--- time=2023-04-21 17:08:55.243]
04-21 17:08:55.245 20373 20544 D ar_activity: [resolveHostedAnchor: TASK_IN_PROGRESS time=2023-04-21 17:08:55.243]
04-21 17:08:55.269 20373 20544 D ar_activity: [--- anchor: onUpdate: resolveHostedAnchor: pending resolve--- time=2023-04-21 17:08:55.269]
04-21 17:08:55.269 20373 20544 D ar_activity: [resolveHostedAnchor: TASK_IN_PROGRESS time=2023-04-21 17:08:55.269]
04-21 17:08:55.291 20373 20544 D ar_activity: [--- anchor: onUpdate: resolveHostedAnchor: pending resolve--- time=2023-04-21 17:08:55.290]
04-21 17:08:55.291 20373 20544 D ar_activity: [resolveHostedAnchor: TASK_IN_PROGRESS time=2023-04-21 17:08:55.291]
04-21 17:08:55.312 20373 20544 D ar_activity: [--- anchor: onUpdate: resolveHostedAnchor: pending resolve--- time=2023-04-21 17:08:55.312]
04-21 17:08:55.312 20373 20544 D ar_activity: [resolveHostedAnchor: TASK_IN_PROGRESS time=2023-04-21 17:08:55.312]
04-21 17:08:55.331 20373 20544 D ar_activity: [--- anchor: onUpdate: resolveHostedAnchor: pending resolve--- time=2023-04-21 17:08:55.331]
04-21 17:08:55.331 20373 20544 D ar_activity: [resolveHostedAnchor: TASK_IN_PROGRESS time=2023-04-21 17:08:55.331]
04-21 17:08:55.354 20373 20544 D ar_activity: [--- anchor: onUpdate: resolveHostedAnchor: pending resolve--- time=2023-04-21 17:08:55.353]
04-21 17:08:55.354 20373 20544 D ar_activity: [resolveHostedAnchor: TASK_IN_PROGRESS time=2023-04-21 17:08:55.354]
04-21 17:08:55.373 20373 20544 D ar_activity: [--- anchor: onUpdate: resolveHostedAnchor: pending resolve--- time=2023-04-21 17:08:55.373]
04-21 17:08:55.373 20373 20544 D ar_activity: [resolveHostedAnchor: TASK_IN_PROGRESS time=2023-04-21 17:08:55.373]
04-21 17:08:55.392 20373 20544 D ar_activity: [--- anchor: onUpdate: resolveHostedAnchor: pending resolve--- time=2023-04-21 17:08:55.392]
04-21 17:08:55.392 20373 20544 D ar_activity: [resolveHostedAnchor: TASK_IN_PROGRESS time=2023-04-21 17:08:55.392]
04-21 17:08:55.412 20373 20544 D ar_activity: [--- anchor: onUpdate: resolveHostedAnchor: pending resolve--- time=2023-04-21 17:08:55.412]
04-21 17:08:55.412 20373 20544 D ar_activity: [resolveHostedAnchor: TASK_IN_PROGRESS time=2023-04-21 17:08:55.412]
04-21 17:08:55.436 20373 20544 D ar_activity: [--- anchor: onUpdate: resolveHostedAnchor: pending resolve--- time=2023-04-21 17:08:55.435]
04-21 17:08:55.436 20373 20544 D ar_activity: [resolveHostedAnchor: TASK_IN_PROGRESS time=2023-04-21 17:08:55.436]
04-21 17:08:55.461 20373 20544 D ar_activity: [--- anchor: onUpdate: resolveHostedAnchor: pending resolve--- time=2023-04-21 17:08:55.461]
04-21 17:08:55.462 20373 20544 D ar_activity: [resolveHostedAnchor: TASK_IN_PROGRESS time=2023-04-21 17:08:55.462]
04-21 17:08:55.481 20373 20544 D ar_activity: [--- anchor: onUpdate: resolveHostedAnchor: pending resolve--- time=2023-04-21 17:08:55.481]
04-21 17:08:55.481 20373 20544 D ar_activity: [resolveHostedAnchor: TASK_IN_PROGRESS time=2023-04-21 17:08:55.481]
04-21 17:08:55.504 20373 20544 D ar_activity: [--- anchor: onUpdate: resolveHostedAnchor: pending resolve--- time=2023-04-21 17:08:55.503]
04-21 17:08:55.507 20373 20544 D ar_activity: [resolveHostedAnchor: TASK_IN_PROGRESS time=2023-04-21 17:08:55.505]
04-21 17:08:55.535 20373 20544 D ar_activity: [--- anchor: onUpdate: resolveHostedAnchor: pending resolve--- time=2023-04-21 17:08:55.534]
04-21 17:08:55.536 20373 20544 D ar_activity: [resolveHostedAnchor: TASK_IN_PROGRESS time=2023-04-21 17:08:55.535]
04-21 17:08:55.555 20373 20544 D ar_activity: [--- anchor: onUpdate: resolveHostedAnchor: pending resolve--- time=2023-04-21 17:08:55.554]
04-21 17:08:55.555 20373 20544 D ar_activity: [resolveHostedAnchor: TASK_IN_PROGRESS time=2023-04-21 17:08:55.555]
04-21 17:08:55.573 20373 20544 D ar_activity: [--- anchor: onUpdate: resolveHostedAnchor: pending resolve--- time=2023-04-21 17:08:55.573]
04-21 17:08:55.574 20373 20544 D ar_activity: [resolveHostedAnchor: TASK_IN_PROGRESS time=2023-04-21 17:08:55.574]
04-21 17:08:55.592 20373 20544 D ar_activity: [--- anchor: onUpdate: resolveHostedAnchor: pending resolve--- time=2023-04-21 17:08:55.592]
04-21 17:08:55.593 20373 20544 D ar_activity: [resolveHostedAnchor: TASK_IN_PROGRESS time=2023-04-21 17:08:55.593]
04-21 17:08:55.612 20373 20544 D ar_activity: [--- anchor: onUpdate: resolveHostedAnchor: pending resolve--- time=2023-04-21 17:08:55.612]
04-21 17:08:55.613 20373 20544 D ar_activity: [resolveHostedAnchor: TASK_IN_PROGRESS time=2023-04-21 17:08:55.612]
04-21 17:08:55.631 20373 20544 D ar_activity: [--- anchor: onUpdate: resolveHostedAnchor: pending resolve--- time=2023-04-21 17:08:55.631]
04-21 17:08:55.631 20373 20544 D ar_activity: [resolveHostedAnchor: TASK_IN_PROGRESS time=2023-04-21 17:08:55.631]
04-21 17:08:55.650 20373 20544 D ar_activity: [--- anchor: onUpdate: resolveHostedAnchor: pending resolve--- time=2023-04-21 17:08:55.650]
04-21 17:08:55.650 20373 20544 D ar_activity: [resolveHostedAnchor: TASK_IN_PROGRESS time=2023-04-21 17:08:55.650]
04-21 17:08:55.671 20373 20544 D ar_activity: [--- anchor: onUpdate: resolveHostedAnchor: pending resolve--- time=2023-04-21 17:08:55.671]
04-21 17:08:55.671 20373 20544 D ar_activity: [resolveHostedAnchor: TASK_IN_PROGRESS time=2023-04-21 17:08:55.671]
04-21 17:08:55.690 20373 20544 D ar_activity: [--- anchor: onUpdate: resolveHostedAnchor: pending resolve--- time=2023-04-21 17:08:55.690]
04-21 17:08:55.690 20373 20544 D ar_activity: [resolveHostedAnchor: TASK_IN_PROGRESS time=2023-04-21 17:08:55.690]
04-21 17:08:55.710 20373 20544 D ar_activity: [--- anchor: onUpdate: resolveHostedAnchor: pending resolve--- time=2023-04-21 17:08:55.709]
04-21 17:08:55.710 20373 20544 D ar_activity: [resolveHostedAnchor: TASK_IN_PROGRESS time=2023-04-21 17:08:55.710]
04-21 17:08:55.731 20373 20544 D ar_activity: [--- anchor: onUpdate: resolveHostedAnchor: pending resolve--- time=2023-04-21 17:08:55.731]
04-21 17:08:55.732 20373 20544 D ar_activity: [resolveHostedAnchor: TASK_IN_PROGRESS time=2023-04-21 17:08:55.731]
04-21 17:08:55.756 20373 20544 D ar_activity: [--- anchor: onUpdate: resolveHostedAnchor: pending resolve--- time=2023-04-21 17:08:55.756]
04-21 17:08:55.756 20373 20544 D ar_activity: [resolveHostedAnchor: TASK_IN_PROGRESS time=2023-04-21 17:08:55.756]
04-21 17:08:55.778 20373 20544 D ar_activity: [--- anchor: onUpdate: resolveHostedAnchor: pending resolve--- time=2023-04-21 17:08:55.777]
04-21 17:08:55.778 20373 20544 D ar_activity: [resolveHostedAnchor: TASK_IN_PROGRESS time=2023-04-21 17:08:55.778]
04-21 17:08:55.799 20373 20544 D ar_activity: [--- anchor: onUpdate: resolveHostedAnchor: pending resolve--- time=2023-04-21 17:08:55.799]
04-21 17:08:55.805 20373 20544 D ar_activity: [resolveHostedAnchor: TASK_IN_PROGRESS time=2023-04-21 17:08:55.799]
04-21 17:08:55.824 20373 20544 D ar_activity: [--- anchor: onUpdate: resolveHostedAnchor: pending resolve--- time=2023-04-21 17:08:55.824]
04-21 17:08:55.824 20373 20544 D ar_activity: [resolveHostedAnchor: TASK_IN_PROGRESS time=2023-04-21 17:08:55.824]
04-21 17:08:55.845 20373 20544 D ar_activity: [--- anchor: onUpdate: resolveHostedAnchor: pending resolve--- time=2023-04-21 17:08:55.844]
04-21 17:08:55.845 20373 20544 D ar_activity: [resolveHostedAnchor: TASK_IN_PROGRESS time=2023-04-21 17:08:55.845]
04-21 17:08:55.871 20373 20544 D ar_activity: [--- anchor: onUpdate: resolveHostedAnchor: pending resolve--- time=2023-04-21 17:08:55.870]
04-21 17:08:55.871 20373 20544 D ar_activity: [resolveHostedAnchor: TASK_IN_PROGRESS time=2023-04-21 17:08:55.871]
04-21 17:08:55.892 20373 20544 D ar_activity: [--- anchor: onUpdate: resolveHostedAnchor: pending resolve--- time=2023-04-21 17:08:55.891]
04-21 17:08:55.893 20373 20544 D ar_activity: [resolveHostedAnchor: TASK_IN_PROGRESS time=2023-04-21 17:08:55.892]
04-21 17:08:55.915 20373 20544 D ar_activity: [--- anchor: onUpdate: resolveHostedAnchor: pending resolve--- time=2023-04-21 17:08:55.915]
04-21 17:08:55.915 20373 20544 D ar_activity: [resolveHostedAnchor: TASK_IN_PROGRESS time=2023-04-21 17:08:55.915]
04-21 17:08:55.937 20373 20544 D ar_activity: [--- anchor: onUpdate: resolveHostedAnchor: pending resolve--- time=2023-04-21 17:08:55.936]
04-21 17:08:55.937 20373 20544 D ar_activity: [resolveHostedAnchor: TASK_IN_PROGRESS time=2023-04-21 17:08:55.937]
04-21 17:08:55.958 20373 20544 D ar_activity: [--- anchor: onUpdate: resolveHostedAnchor: pending resolve--- time=2023-04-21 17:08:55.958]
04-21 17:08:55.958 20373 20544 D ar_activity: [resolveHostedAnchor: TASK_IN_PROGRESS time=2023-04-21 17:08:55.958]
04-21 17:08:55.980 20373 20544 D ar_activity: [--- anchor: onUpdate: resolveHostedAnchor: pending resolve--- time=2023-04-21 17:08:55.979]
04-21 17:08:55.980 20373 20544 D ar_activity: [resolveHostedAnchor: TASK_IN_PROGRESS time=2023-04-21 17:08:55.980]
04-21 17:08:56.005 20373 20544 D ar_activity: [--- anchor: onUpdate: resolveHostedAnchor: pending resolve--- time=2023-04-21 17:08:56.005]
04-21 17:08:56.005 20373 20544 D ar_activity: [resolveHostedAnchor: TASK_IN_PROGRESS time=2023-04-21 17:08:56.005]
04-21 17:08:56.024 20373 20544 D ar_activity: [--- anchor: onUpdate: resolveHostedAnchor: pending resolve--- time=2023-04-21 17:08:56.024]
04-21 17:08:56.024 20373 20544 D ar_activity: [resolveHostedAnchor: TASK_IN_PROGRESS time=2023-04-21 17:08:56.024]
04-21 17:08:56.042 20373 20544 D ar_activity: [--- anchor: onUpdate: resolveHostedAnchor: pending resolve--- time=2023-04-21 17:08:56.042]
04-21 17:08:56.043 20373 20544 D ar_activity: [resolveHostedAnchor: TASK_IN_PROGRESS time=2023-04-21 17:08:56.043]
04-21 17:08:56.062 20373 20544 D ar_activity: [--- anchor: onUpdate: resolveHostedAnchor: pending resolve--- time=2023-04-21 17:08:56.062]
04-21 17:08:56.062 20373 20544 D ar_activity: [resolveHostedAnchor: TASK_IN_PROGRESS time=2023-04-21 17:08:56.062]
04-21 17:08:56.081 20373 20544 D ar_activity: [--- anchor: onUpdate: resolveHostedAnchor: pending resolve--- time=2023-04-21 17:08:56.080]
04-21 17:08:56.081 20373 20544 D ar_activity: [resolveHostedAnchor: TASK_IN_PROGRESS time=2023-04-21 17:08:56.081]
04-21 17:08:56.100 20373 20544 D ar_activity: [--- anchor: onUpdate: resolveHostedAnchor: pending resolve--- time=2023-04-21 17:08:56.099]
04-21 17:08:56.100 20373 20544 D ar_activity: [resolveHostedAnchor: TASK_IN_PROGRESS time=2023-04-21 17:08:56.100]
04-21 17:08:56.125 20373 20544 D ar_activity: [--- anchor: onUpdate: resolveHostedAnchor: pending resolve--- time=2023-04-21 17:08:56.125]
04-21 17:08:56.125 20373 20544 D ar_activity: [resolveHostedAnchor: TASK_IN_PROGRESS time=2023-04-21 17:08:56.125]
04-21 17:08:56.146 20373 20544 D ar_activity: [--- anchor: onUpdate: resolveHostedAnchor: pending resolve--- time=2023-04-21 17:08:56.146]
04-21 17:08:56.146 20373 20544 D ar_activity: [resolveHostedAnchor: TASK_IN_PROGRESS time=2023-04-21 17:08:56.146]
04-21 17:08:56.165 20373 20544 D ar_activity: [--- anchor: onUpdate: resolveHostedAnchor: pending resolve--- time=2023-04-21 17:08:56.165]
04-21 17:08:56.166 20373 20544 D ar_activity: [resolveHostedAnchor: TASK_IN_PROGRESS time=2023-04-21 17:08:56.165]
04-21 17:08:56.190 20373 20544 D ar_activity: [--- anchor: onUpdate: resolveHostedAnchor: pending resolve--- time=2023-04-21 17:08:56.190]
04-21 17:08:56.191 20373 20544 D ar_activity: [resolveHostedAnchor: TASK_IN_PROGRESS time=2023-04-21 17:08:56.190]
04-21 17:08:56.212 20373 20544 D ar_activity: [--- anchor: onUpdate: resolveHostedAnchor: pending resolve--- time=2023-04-21 17:08:56.211]
04-21 17:08:56.212 20373 20544 D ar_activity: [resolveHostedAnchor: TASK_IN_PROGRESS time=2023-04-21 17:08:56.212]
04-21 17:08:56.231 20373 20544 D ar_activity: [--- anchor: onUpdate: resolveHostedAnchor: pending resolve--- time=2023-04-21 17:08:56.231]
04-21 17:08:56.232 20373 20544 D ar_activity: [resolveHostedAnchor: TASK_IN_PROGRESS time=2023-04-21 17:08:56.232]
04-21 17:08:56.251 20373 20544 D ar_activity: [--- anchor: onUpdate: resolveHostedAnchor: pending resolve--- time=2023-04-21 17:08:56.251]
04-21 17:08:56.252 20373 20544 D ar_activity: [resolveHostedAnchor: TASK_IN_PROGRESS time=2023-04-21 17:08:56.252]
04-21 17:08:56.271 20373 20544 D ar_activity: [--- anchor: onUpdate: resolveHostedAnchor: pending resolve--- time=2023-04-21 17:08:56.271]
04-21 17:08:56.272 20373 20544 D ar_activity: [resolveHostedAnchor: TASK_IN_PROGRESS time=2023-04-21 17:08:56.272]
04-21 17:08:56.290 20373 20544 D ar_activity: [--- anchor: onUpdate: resolveHostedAnchor: pending resolve--- time=2023-04-21 17:08:56.290]
04-21 17:08:56.291 20373 20544 D ar_activity: [resolveHostedAnchor: TASK_IN_PROGRESS time=2023-04-21 17:08:56.290]
04-21 17:08:56.311 20373 20544 D ar_activity: [--- anchor: onUpdate: resolveHostedAnchor: pending resolve--- time=2023-04-21 17:08:56.309]
04-21 17:08:56.311 20373 20544 D ar_activity: [resolveHostedAnchor: TASK_IN_PROGRESS time=2023-04-21 17:08:56.311]
04-21 17:08:56.333 20373 20544 D ar_activity: [--- anchor: onUpdate: resolveHostedAnchor: pending resolve--- time=2023-04-21 17:08:56.333]
04-21 17:08:56.333 20373 20544 D ar_activity: [resolveHostedAnchor: TASK_IN_PROGRESS time=2023-04-21 17:08:56.333]
04-21 17:08:56.353 20373 20544 D ar_activity: [--- anchor: onUpdate: resolveHostedAnchor: pending resolve--- time=2023-04-21 17:08:56.352]
04-21 17:08:56.353 20373 20544 D ar_activity: [resolveHostedAnchor: TASK_IN_PROGRESS time=2023-04-21 17:08:56.353]
04-21 17:08:56.373 20373 20544 D ar_activity: [--- anchor: onUpdate: resolveHostedAnchor: pending resolve--- time=2023-04-21 17:08:56.373]
04-21 17:08:56.373 20373 20544 D ar_activity: [resolveHostedAnchor: TASK_IN_PROGRESS time=2023-04-21 17:08:56.373]
04-21 17:08:56.392 20373 20544 D ar_activity: [--- anchor: onUpdate: resolveHostedAnchor: pending resolve--- time=2023-04-21 17:08:56.392]
04-21 17:08:56.393 20373 20544 D ar_activity: [resolveHostedAnchor: TASK_IN_PROGRESS time=2023-04-21 17:08:56.392]
04-21 17:08:56.414 20373 20544 D ar_activity: [--- anchor: onUpdate: resolveHostedAnchor: pending resolve--- time=2023-04-21 17:08:56.414]
04-21 17:08:56.414 20373 20544 D ar_activity: [resolveHostedAnchor: TASK_IN_PROGRESS time=2023-04-21 17:08:56.414]
04-21 17:08:56.433 20373 20544 D ar_activity: [--- anchor: onUpdate: resolveHostedAnchor: pending resolve--- time=2023-04-21 17:08:56.432]
04-21 17:08:56.433 20373 20544 D ar_activity: [resolveHostedAnchor: TASK_IN_PROGRESS time=2023-04-21 17:08:56.433]
04-21 17:08:56.452 20373 20544 D ar_activity: [--- anchor: onUpdate: resolveHostedAnchor: pending resolve--- time=2023-04-21 17:08:56.451]
04-21 17:08:56.452 20373 20544 D ar_activity: [resolveHostedAnchor: TASK_IN_PROGRESS time=2023-04-21 17:08:56.452]
04-21 17:08:56.471 20373 20544 D ar_activity: [--- anchor: onUpdate: resolveHostedAnchor: pending resolve--- time=2023-04-21 17:08:56.471]
04-21 17:08:56.472 20373 20544 D ar_activity: [resolveHostedAnchor: TASK_IN_PROGRESS time=2023-04-21 17:08:56.471]
04-21 17:08:56.490 20373 20544 D ar_activity: [--- anchor: onUpdate: resolveHostedAnchor: pending resolve--- time=2023-04-21 17:08:56.490]
04-21 17:08:56.490 20373 20544 D ar_activity: [resolveHostedAnchor: TASK_IN_PROGRESS time=2023-04-21 17:08:56.490]
04-21 17:08:56.513 20373 20544 D ar_activity: [--- anchor: onUpdate: resolveHostedAnchor: pending resolve--- time=2023-04-21 17:08:56.513]
04-21 17:08:56.513 20373 20544 D ar_activity: [resolveHostedAnchor: TASK_IN_PROGRESS time=2023-04-21 17:08:56.513]
04-21 17:08:56.532 20373 20544 D ar_activity: [--- anchor: onUpdate: resolveHostedAnchor: pending resolve--- time=2023-04-21 17:08:56.532]
04-21 17:08:56.532 20373 20544 D ar_activity: [resolveHostedAnchor: TASK_IN_PROGRESS time=2023-04-21 17:08:56.532]
04-21 17:08:56.559 20373 20544 D ar_activity: [--- anchor: onUpdate: resolveHostedAnchor: pending resolve--- time=2023-04-21 17:08:56.557]
04-21 17:08:56.560 20373 20544 D ar_activity: [resolveHostedAnchor: TASK_IN_PROGRESS time=2023-04-21 17:08:56.560]
04-21 17:08:56.580 20373 20544 D ar_activity: [--- anchor: onUpdate: resolveHostedAnchor: pending resolve--- time=2023-04-21 17:08:56.580]
04-21 17:08:56.581 20373 20544 D ar_activity: [resolveHostedAnchor: TASK_IN_PROGRESS time=2023-04-21 17:08:56.580]
04-21 17:08:56.600 20373 20544 D ar_activity: [--- anchor: onUpdate: resolveHostedAnchor: pending resolve--- time=2023-04-21 17:08:56.600]
04-21 17:08:56.601 20373 20544 D ar_activity: [resolveHostedAnchor: TASK_IN_PROGRESS time=2023-04-21 17:08:56.600]
04-21 17:08:56.623 20373 20544 D ar_activity: [--- anchor: onUpdate: resolveHostedAnchor: pending resolve--- time=2023-04-21 17:08:56.623]
04-21 17:08:56.624 20373 20544 D ar_activity: [resolveHostedAnchor: TASK_IN_PROGRESS time=2023-04-21 17:08:56.623]
04-21 17:08:56.643 20373 20544 D ar_activity: [--- anchor: onUpdate: resolveHostedAnchor: pending resolve--- time=2023-04-21 17:08:56.643]
04-21 17:08:56.643 20373 20544 D ar_activity: [resolveHostedAnchor: TASK_IN_PROGRESS time=2023-04-21 17:08:56.643]
04-21 17:08:56.662 20373 20544 D ar_activity: [--- anchor: onUpdate: resolveHostedAnchor: pending resolve--- time=2023-04-21 17:08:56.662]
04-21 17:08:56.662 20373 20544 D ar_activity: [resolveHostedAnchor: TASK_IN_PROGRESS time=2023-04-21 17:08:56.662]
04-21 17:08:56.681 20373 20544 D ar_activity: [--- anchor: onUpdate: resolveHostedAnchor: pending resolve--- time=2023-04-21 17:08:56.681]
04-21 17:08:56.681 20373 20544 D ar_activity: [resolveHostedAnchor: TASK_IN_PROGRESS time=2023-04-21 17:08:56.681]
04-21 17:08:56.701 20373 20544 D ar_activity: [--- anchor: onUpdate: resolveHostedAnchor: pending resolve--- time=2023-04-21 17:08:56.701]
04-21 17:08:56.704 20373 20544 D ar_activity: [resolveHostedAnchor: TASK_IN_PROGRESS time=2023-04-21 17:08:56.701]
04-21 17:08:56.730 20373 20544 D ar_activity: [--- anchor: onUpdate: resolveHostedAnchor: pending resolve--- time=2023-04-21 17:08:56.730]
04-21 17:08:56.730 20373 20544 D ar_activity: [resolveHostedAnchor: TASK_IN_PROGRESS time=2023-04-21 17:08:56.730]
04-21 17:08:56.749 20373 20544 D ar_activity: [--- anchor: onUpdate: resolveHostedAnchor: pending resolve--- time=2023-04-21 17:08:56.749]
04-21 17:08:56.749 20373 20544 D ar_activity: [resolveHostedAnchor: TASK_IN_PROGRESS time=2023-04-21 17:08:56.749]
04-21 17:08:56.769 20373 20544 D ar_activity: [--- anchor: onUpdate: resolveHostedAnchor: pending resolve--- time=2023-04-21 17:08:56.768]
04-21 17:08:56.769 20373 20544 D ar_activity: [resolveHostedAnchor: TASK_IN_PROGRESS time=2023-04-21 17:08:56.769]
04-21 17:08:56.790 20373 20544 D ar_activity: [--- anchor: onUpdate: resolveHostedAnchor: pending resolve--- time=2023-04-21 17:08:56.789]
04-21 17:08:56.790 20373 20544 D ar_activity: [resolveHostedAnchor: TASK_IN_PROGRESS time=2023-04-21 17:08:56.790]
04-21 17:08:56.809 20373 20544 D ar_activity: [--- anchor: onUpdate: resolveHostedAnchor: pending resolve--- time=2023-04-21 17:08:56.809]
04-21 17:08:56.810 20373 20544 D ar_activity: [resolveHostedAnchor: TASK_IN_PROGRESS time=2023-04-21 17:08:56.810]
04-21 17:08:56.831 20373 20544 D ar_activity: [--- anchor: onUpdate: resolveHostedAnchor: pending resolve--- time=2023-04-21 17:08:56.831]
04-21 17:08:56.831 20373 20544 D ar_activity: [resolveHostedAnchor: TASK_IN_PROGRESS time=2023-04-21 17:08:56.831]
04-21 17:08:56.850 20373 20544 D ar_activity: [--- anchor: onUpdate: resolveHostedAnchor: pending resolve--- time=2023-04-21 17:08:56.850]
04-21 17:08:56.850 20373 20544 D ar_activity: [resolveHostedAnchor: TASK_IN_PROGRESS time=2023-04-21 17:08:56.850]
04-21 17:08:56.872 20373 20544 D ar_activity: [--- anchor: onUpdate: resolveHostedAnchor: pending resolve--- time=2023-04-21 17:08:56.872]
04-21 17:08:56.872 20373 20544 D ar_activity: [resolveHostedAnchor: TASK_IN_PROGRESS time=2023-04-21 17:08:56.872]
04-21 17:08:56.891 20373 20544 D ar_activity: [--- anchor: onUpdate: resolveHostedAnchor: pending resolve--- time=2023-04-21 17:08:56.891]
04-21 17:08:56.891 20373 20544 D ar_activity: [resolveHostedAnchor: TASK_IN_PROGRESS time=2023-04-21 17:08:56.891]
04-21 17:08:56.909 20373 20544 D ar_activity: [--- anchor: onUpdate: resolveHostedAnchor: pending resolve--- time=2023-04-21 17:08:56.909]
04-21 17:08:56.910 20373 20544 D ar_activity: [resolveHostedAnchor: TASK_IN_PROGRESS time=2023-04-21 17:08:56.910]
04-21 17:08:56.930 20373 20544 D ar_activity: [--- anchor: onUpdate: resolveHostedAnchor: pending resolve--- time=2023-04-21 17:08:56.929]
04-21 17:08:56.930 20373 20544 D ar_activity: [resolveHostedAnchor: TASK_IN_PROGRESS time=2023-04-21 17:08:56.930]
04-21 17:08:56.948 20373 20544 D ar_activity: [--- anchor: onUpdate: resolveHostedAnchor: pending resolve--- time=2023-04-21 17:08:56.948]
04-21 17:08:56.948 20373 20544 D ar_activity: [resolveHostedAnchor: TASK_IN_PROGRESS time=2023-04-21 17:08:56.948]
04-21 17:08:56.967 20373 20544 D ar_activity: [--- anchor: onUpdate: resolveHostedAnchor: pending resolve--- time=2023-04-21 17:08:56.967]
04-21 17:08:56.967 20373 20544 D ar_activity: [resolveHostedAnchor: TASK_IN_PROGRESS time=2023-04-21 17:08:56.967]
04-21 17:08:56.991 20373 20544 D ar_activity: [--- anchor: onUpdate: resolveHostedAnchor: pending resolve--- time=2023-04-21 17:08:56.991]
04-21 17:08:56.992 20373 20544 D ar_activity: [resolveHostedAnchor: TASK_IN_PROGRESS time=2023-04-21 17:08:56.991]
04-21 17:08:57.014 20373 20544 D ar_activity: [--- anchor: onUpdate: resolveHostedAnchor: pending resolve--- time=2023-04-21 17:08:57.014]
04-21 17:08:57.015 20373 20544 D ar_activity: [resolveHostedAnchor: TASK_IN_PROGRESS time=2023-04-21 17:08:57.015]
04-21 17:08:57.036 20373 20544 D ar_activity: [--- anchor: onUpdate: resolveHostedAnchor: pending resolve--- time=2023-04-21 17:08:57.035]
04-21 17:08:57.036 20373 20544 D ar_activity: [resolveHostedAnchor: TASK_IN_PROGRESS time=2023-04-21 17:08:57.036]
04-21 17:08:57.061 20373 20544 D ar_activity: [--- anchor: onUpdate: resolveHostedAnchor: pending resolve--- time=2023-04-21 17:08:57.061]
04-21 17:08:57.062 20373 20544 D ar_activity: [resolveHostedAnchor: TASK_IN_PROGRESS time=2023-04-21 17:08:57.061]
04-21 17:08:57.081 20373 20544 D ar_activity: [--- anchor: onUpdate: resolveHostedAnchor: pending resolve--- time=2023-04-21 17:08:57.080]
04-21 17:08:57.081 20373 20544 D ar_activity: [resolveHostedAnchor: TASK_IN_PROGRESS time=2023-04-21 17:08:57.081]
04-21 17:08:57.101 20373 20544 D ar_activity: [--- anchor: onUpdate: resolveHostedAnchor: pending resolve--- time=2023-04-21 17:08:57.100]
04-21 17:08:57.101 20373 20544 D ar_activity: [resolveHostedAnchor: TASK_IN_PROGRESS time=2023-04-21 17:08:57.101]
04-21 17:08:57.125 20373 20544 D ar_activity: [--- anchor: onUpdate: resolveHostedAnchor: pending resolve--- time=2023-04-21 17:08:57.125]
04-21 17:08:57.126 20373 20544 D ar_activity: [resolveHostedAnchor: TASK_IN_PROGRESS time=2023-04-21 17:08:57.125]
04-21 17:08:57.145 20373 20544 D ar_activity: [--- anchor: onUpdate: resolveHostedAnchor: pending resolve--- time=2023-04-21 17:08:57.144]
04-21 17:08:57.145 20373 20544 D ar_activity: [resolveHostedAnchor: TASK_IN_PROGRESS time=2023-04-21 17:08:57.145]
04-21 17:08:57.164 20373 20544 D ar_activity: [--- anchor: onUpdate: resolveHostedAnchor: pending resolve--- time=2023-04-21 17:08:57.164]
04-21 17:08:57.164 20373 20544 D ar_activity: [resolveHostedAnchor: TASK_IN_PROGRESS time=2023-04-21 17:08:57.164]
04-21 17:08:57.184 20373 20544 D ar_activity: [--- anchor: onUpdate: resolveHostedAnchor: pending resolve--- time=2023-04-21 17:08:57.184]
04-21 17:08:57.185 20373 20544 D ar_activity: [resolveHostedAnchor: TASK_IN_PROGRESS time=2023-04-21 17:08:57.184]
04-21 17:08:57.209 20373 20544 D ar_activity: [--- anchor: onUpdate: resolveHostedAnchor: pending resolve--- time=2023-04-21 17:08:57.208]
04-21 17:08:57.209 20373 20544 D ar_activity: [resolveHostedAnchor: TASK_IN_PROGRESS time=2023-04-21 17:08:57.209]
04-21 17:08:57.233 20373 20544 D ar_activity: [--- anchor: onUpdate: resolveHostedAnchor: pending resolve--- time=2023-04-21 17:08:57.232]
04-21 17:08:57.233 20373 20544 D ar_activity: [resolveHostedAnchor: TASK_IN_PROGRESS time=2023-04-21 17:08:57.233]
04-21 17:08:57.258 20373 20544 D ar_activity: [--- anchor: onUpdate: resolveHostedAnchor: pending resolve--- time=2023-04-21 17:08:57.257]
04-21 17:08:57.258 20373 20544 D ar_activity: [resolveHostedAnchor: TASK_IN_PROGRESS time=2023-04-21 17:08:57.258]
04-21 17:08:57.278 20373 20544 D ar_activity: [--- anchor: onUpdate: resolveHostedAnchor: pending resolve--- time=2023-04-21 17:08:57.278]
04-21 17:08:57.279 20373 20544 D ar_activity: [resolveHostedAnchor: TASK_IN_PROGRESS time=2023-04-21 17:08:57.279]
04-21 17:08:57.305 20373 20544 D ar_activity: [--- anchor: onUpdate: resolveHostedAnchor: pending resolve--- time=2023-04-21 17:08:57.304]
04-21 17:08:57.306 20373 20544 D ar_activity: [resolveHostedAnchor: TASK_IN_PROGRESS time=2023-04-21 17:08:57.305]
04-21 17:08:57.324 20373 20544 D ar_activity: [--- anchor: onUpdate: resolveHostedAnchor: pending resolve--- time=2023-04-21 17:08:57.324]
04-21 17:08:57.324 20373 20544 D ar_activity: [resolveHostedAnchor: TASK_IN_PROGRESS time=2023-04-21 17:08:57.324]
04-21 17:08:57.345 20373 20544 D ar_activity: [--- anchor: onUpdate: resolveHostedAnchor: pending resolve--- time=2023-04-21 17:08:57.345]
04-21 17:08:57.345 20373 20544 D ar_activity: [resolveHostedAnchor: TASK_IN_PROGRESS time=2023-04-21 17:08:57.345]
04-21 17:08:57.366 20373 20544 D ar_activity: [--- anchor: onUpdate: resolveHostedAnchor: pending resolve--- time=2023-04-21 17:08:57.365]
04-21 17:08:57.366 20373 20544 D ar_activity: [resolveHostedAnchor: TASK_IN_PROGRESS time=2023-04-21 17:08:57.366]
04-21 17:08:57.390 20373 20544 D ar_activity: [--- anchor: onUpdate: resolveHostedAnchor: pending resolve--- time=2023-04-21 17:08:57.389]
04-21 17:08:57.391 20373 20544 D ar_activity: [resolveHostedAnchor: TASK_IN_PROGRESS time=2023-04-21 17:08:57.390]
04-21 17:08:57.411 20373 20544 D ar_activity: [--- anchor: onUpdate: resolveHostedAnchor: pending resolve--- time=2023-04-21 17:08:57.411]
04-21 17:08:57.411 20373 20544 D ar_activity: [resolveHostedAnchor: TASK_IN_PROGRESS time=2023-04-21 17:08:57.411]
04-21 17:08:57.434 20373 20544 D ar_activity: [--- anchor: onUpdate: resolveHostedAnchor: pending resolve--- time=2023-04-21 17:08:57.434]
04-21 17:08:57.434 20373 20544 D ar_activity: [resolveHostedAnchor: TASK_IN_PROGRESS time=2023-04-21 17:08:57.434]
04-21 17:08:57.453 20373 20544 D ar_activity: [--- anchor: onUpdate: resolveHostedAnchor: pending resolve--- time=2023-04-21 17:08:57.453]
04-21 17:08:57.453 20373 20544 D ar_activity: [resolveHostedAnchor: TASK_IN_PROGRESS time=2023-04-21 17:08:57.453]
04-21 17:08:57.474 20373 20544 D ar_activity: [--- anchor: onUpdate: resolveHostedAnchor: pending resolve--- time=2023-04-21 17:08:57.474]
04-21 17:08:57.474 20373 20544 D ar_activity: [resolveHostedAnchor: TASK_IN_PROGRESS time=2023-04-21 17:08:57.474]
04-21 17:08:57.494 20373 20544 D ar_activity: [--- anchor: onUpdate: resolveHostedAnchor: pending resolve--- time=2023-04-21 17:08:57.494]
04-21 17:08:57.494 20373 20544 D ar_activity: [resolveHostedAnchor: TASK_IN_PROGRESS time=2023-04-21 17:08:57.494]
04-21 17:08:57.514 20373 20544 D ar_activity: [--- anchor: onUpdate: resolveHostedAnchor: pending resolve--- time=2023-04-21 17:08:57.514]
04-21 17:08:57.514 20373 20544 D ar_activity: [resolveHostedAnchor: TASK_IN_PROGRESS time=2023-04-21 17:08:57.514]
04-21 17:08:57.537 20373 20544 D ar_activity: [--- anchor: onUpdate: resolveHostedAnchor: pending resolve--- time=2023-04-21 17:08:57.535]
04-21 17:08:57.538 20373 20544 D ar_activity: [resolveHostedAnchor: TASK_IN_PROGRESS time=2023-04-21 17:08:57.537]
04-21 17:08:57.568 20373 20544 D ar_activity: [--- anchor: onUpdate: resolveHostedAnchor: pending resolve--- time=2023-04-21 17:08:57.567]
04-21 17:08:57.568 20373 20544 D ar_activity: [resolveHostedAnchor: TASK_IN_PROGRESS time=2023-04-21 17:08:57.568]
04-21 17:08:57.595 20373 20544 D ar_activity: [--- anchor: onUpdate: resolveHostedAnchor: pending resolve--- time=2023-04-21 17:08:57.595]
04-21 17:08:57.596 20373 20544 D ar_activity: [resolveHostedAnchor: TASK_IN_PROGRESS time=2023-04-21 17:08:57.595]
04-21 17:08:57.616 20373 20544 D ar_activity: [--- anchor: onUpdate: resolveHostedAnchor: pending resolve--- time=2023-04-21 17:08:57.615]
04-21 17:08:57.616 20373 20544 D ar_activity: [resolveHostedAnchor: TASK_IN_PROGRESS time=2023-04-21 17:08:57.616]
04-21 17:08:57.644 20373 20544 D ar_activity: [--- anchor: onUpdate: resolveHostedAnchor: pending resolve--- time=2023-04-21 17:08:57.643]
04-21 17:08:57.645 20373 20544 D ar_activity: [resolveHostedAnchor: TASK_IN_PROGRESS time=2023-04-21 17:08:57.644]
04-21 17:08:57.670 20373 20544 D ar_activity: [--- anchor: onUpdate: resolveHostedAnchor: pending resolve--- time=2023-04-21 17:08:57.669]
04-21 17:08:57.673 20373 20544 D ar_activity: [resolveHostedAnchor: TASK_IN_PROGRESS time=2023-04-21 17:08:57.672]
04-21 17:08:57.695 20373 20544 D ar_activity: [--- anchor: onUpdate: resolveHostedAnchor: pending resolve--- time=2023-04-21 17:08:57.694]
04-21 17:08:57.695 20373 20544 D ar_activity: [resolveHostedAnchor: TASK_IN_PROGRESS time=2023-04-21 17:08:57.695]
04-21 17:08:57.719 20373 20544 D ar_activity: [--- anchor: onUpdate: resolveHostedAnchor: pending resolve--- time=2023-04-21 17:08:57.718]
04-21 17:08:57.719 20373 20544 D ar_activity: [resolveHostedAnchor: TASK_IN_PROGRESS time=2023-04-21 17:08:57.719]
04-21 17:08:57.740 20373 20544 D ar_activity: [--- anchor: onUpdate: resolveHostedAnchor: pending resolve--- time=2023-04-21 17:08:57.740]
04-21 17:08:57.740 20373 20544 D ar_activity: [resolveHostedAnchor: TASK_IN_PROGRESS time=2023-04-21 17:08:57.740]
04-21 17:08:57.759 20373 20544 D ar_activity: [--- anchor: onUpdate: resolveHostedAnchor: pending resolve--- time=2023-04-21 17:08:57.759]
04-21 17:08:57.760 20373 20544 D ar_activity: [resolveHostedAnchor: TASK_IN_PROGRESS time=2023-04-21 17:08:57.759]
04-21 17:08:57.778 20373 20544 D ar_activity: [--- anchor: onUpdate: resolveHostedAnchor: pending resolve--- time=2023-04-21 17:08:57.778]
04-21 17:08:57.778 20373 20544 D ar_activity: [resolveHostedAnchor: TASK_IN_PROGRESS time=2023-04-21 17:08:57.778]
04-21 17:08:57.797 20373 20544 D ar_activity: [--- anchor: onUpdate: resolveHostedAnchor: pending resolve--- time=2023-04-21 17:08:57.797]
04-21 17:08:57.797 20373 20544 D ar_activity: [resolveHostedAnchor: TASK_IN_PROGRESS time=2023-04-21 17:08:57.797]
04-21 17:08:57.818 20373 20544 D ar_activity: [--- anchor: onUpdate: resolveHostedAnchor: pending resolve--- time=2023-04-21 17:08:57.817]
04-21 17:08:57.819 20373 20544 D ar_activity: [resolveHostedAnchor: TASK_IN_PROGRESS time=2023-04-21 17:08:57.818]
04-21 17:08:57.842 20373 20544 D ar_activity: [--- anchor: onUpdate: resolveHostedAnchor: pending resolve--- time=2023-04-21 17:08:57.841]
04-21 17:08:57.842 20373 20544 D ar_activity: [resolveHostedAnchor: TASK_IN_PROGRESS time=2023-04-21 17:08:57.842]
04-21 17:08:57.861 20373 20544 D ar_activity: [--- anchor: onUpdate: resolveHostedAnchor: pending resolve--- time=2023-04-21 17:08:57.861]
04-21 17:08:57.861 20373 20544 D ar_activity: [resolveHostedAnchor: TASK_IN_PROGRESS time=2023-04-21 17:08:57.861]
04-21 17:08:57.880 20373 20544 D ar_activity: [--- anchor: onUpdate: resolveHostedAnchor: pending resolve--- time=2023-04-21 17:08:57.880]
04-21 17:08:57.880 20373 20544 D ar_activity: [resolveHostedAnchor: SUCCESS time=2023-04-21 17:08:57.880]
04-21 17:08:57.881 20373 20544 D ar_activity: [[2d] after update lines time=2023-04-21 17:08:57.881]
04-21 17:08:57.889 20373 20373 D ar_activity: SYNCED: 2023-04-21 17:08:57.888
04-21 17:09:05.822 20373 20373 D ar_activity: [[2a end - 2d start] onChildAdded stroke id=-NT_dYEs_KZTRJ8XiBIs time=2023-04-21 17:09:05.821]
04-21 17:09:05.833 20373 20373 D ar_activity: stroke (id: -NT_dYEs_KZTRJ8XiBIs) was resolved at 2023-04-21 17:09:05.833
04-21 17:09:05.833 20373 20373 D ar_activity: [[2a end or 2d start] onLineAdded stroke id=-NT_dYEs_KZTRJ8XiBIs time=2023-04-21 17:09:05.833]
04-21 17:09:05.834 20373 20373 D ar_activity: [[2a end - 2d start] onChildChanged stroke id=-NT_dYEs_KZTRJ8XiBIs time=2023-04-21 17:09:05.834]
04-21 17:09:05.849 20373 20544 D ar_activity: [[2d] after update lines time=2023-04-21 17:09:05.849]
04-21 17:09:05.894 20373 20373 D ar_activity: [[2a end - 2d start] onChildChanged stroke id=-NT_dYEs_KZTRJ8XiBIs time=2023-04-21 17:09:05.894]
04-21 17:09:05.917 20373 20544 D ar_activity: [[2d] after update lines time=2023-04-21 17:09:05.916]
04-21 17:09:05.953 20373 20373 D ar_activity: [[2a end - 2d start] onChildChanged stroke id=-NT_dYEs_KZTRJ8XiBIs time=2023-04-21 17:09:05.952]
04-21 17:09:05.965 20373 20544 D ar_activity: [[2d] after update lines time=2023-04-21 17:09:05.956]
04-21 17:09:05.984 20373 20544 D ar_activity: [[2d] after update lines time=2023-04-21 17:09:05.984]
04-21 17:09:06.003 20373 20544 D ar_activity: [[2d] after update lines time=2023-04-21 17:09:06.003]
04-21 17:09:06.025 20373 20544 D ar_activity: [[2d] after update lines time=2023-04-21 17:09:06.025]
04-21 17:09:06.043 20373 20373 D ar_activity: [[2a end - 2d start] onChildChanged stroke id=-NT_dYEs_KZTRJ8XiBIs time=2023-04-21 17:09:06.043]
04-21 17:09:06.043 20373 20544 D ar_activity: [[2d] after update lines time=2023-04-21 17:09:06.043]
04-21 17:09:06.063 20373 20544 D ar_activity: [[2d] after update lines time=2023-04-21 17:09:06.063]
04-21 17:09:06.082 20373 20544 D ar_activity: [[2d] after update lines time=2023-04-21 17:09:06.082]
04-21 17:09:06.101 20373 20544 D ar_activity: [[2d] after update lines time=2023-04-21 17:09:06.101]
04-21 17:09:06.119 20373 20373 D ar_activity: [[2a end - 2d start] onChildChanged stroke id=-NT_dYEs_KZTRJ8XiBIs time=2023-04-21 17:09:06.118]
04-21 17:09:06.122 20373 20544 D ar_activity: [[2d] after update lines time=2023-04-21 17:09:06.121]
04-21 17:09:06.144 20373 20544 D ar_activity: [[2d] after update lines time=2023-04-21 17:09:06.143]
04-21 17:09:06.163 20373 20544 D ar_activity: [[2d] after update lines time=2023-04-21 17:09:06.162]
04-21 17:09:06.181 20373 20544 D ar_activity: [[2d] after update lines time=2023-04-21 17:09:06.181]
04-21 17:09:06.193 20373 20373 D ar_activity: [[2a end - 2d start] onChildChanged stroke id=-NT_dYEs_KZTRJ8XiBIs time=2023-04-21 17:09:06.193]
04-21 17:09:06.203 20373 20544 D ar_activity: [[2d] after update lines time=2023-04-21 17:09:06.203]
04-21 17:09:06.227 20373 20544 D ar_activity: [[2d] after update lines time=2023-04-21 17:09:06.227]
04-21 17:09:06.246 20373 20544 D ar_activity: [[2d] after update lines time=2023-04-21 17:09:06.246]
04-21 17:09:06.259 20373 20373 D ar_activity: [[2a end - 2d start] onChildChanged stroke id=-NT_dYEs_KZTRJ8XiBIs time=2023-04-21 17:09:06.259]
04-21 17:09:06.265 20373 20544 D ar_activity: [[2d] after update lines time=2023-04-21 17:09:06.265]
04-21 17:09:06.287 20373 20544 D ar_activity: [[2d] after update lines time=2023-04-21 17:09:06.287]
04-21 17:09:06.312 20373 20544 D ar_activity: [[2d] after update lines time=2023-04-21 17:09:06.311]
04-21 17:09:06.333 20373 20373 D ar_activity: [[2a end - 2d start] onChildChanged stroke id=-NT_dYEs_KZTRJ8XiBIs time=2023-04-21 17:09:06.333]
04-21 17:09:06.335 20373 20544 D ar_activity: [[2d] after update lines time=2023-04-21 17:09:06.335]
04-21 17:09:06.354 20373 20544 D ar_activity: [[2d] after update lines time=2023-04-21 17:09:06.354]
04-21 17:09:06.375 20373 20544 D ar_activity: [[2d] after update lines time=2023-04-21 17:09:06.375]
04-21 17:09:06.392 20373 20373 D ar_activity: [[2a end - 2d start] onChildChanged stroke id=-NT_dYEs_KZTRJ8XiBIs time=2023-04-21 17:09:06.392]
04-21 17:09:06.395 20373 20544 D ar_activity: [[2d] after update lines time=2023-04-21 17:09:06.395]
04-21 17:09:06.414 20373 20544 D ar_activity: [[2d] after update lines time=2023-04-21 17:09:06.414]
04-21 17:09:06.447 20373 20544 D ar_activity: [[2d] after update lines time=2023-04-21 17:09:06.447]
04-21 17:09:06.461 20373 20373 D ar_activity: [[2a end - 2d start] onChildChanged stroke id=-NT_dYEs_KZTRJ8XiBIs time=2023-04-21 17:09:06.460]
04-21 17:09:06.467 20373 20544 D ar_activity: [[2d] after update lines time=2023-04-21 17:09:06.466]
04-21 17:09:06.486 20373 20544 D ar_activity: [[2d] after update lines time=2023-04-21 17:09:06.485]
04-21 17:09:06.506 20373 20544 D ar_activity: [[2d] after update lines time=2023-04-21 17:09:06.505]
04-21 17:09:06.528 20373 20373 D ar_activity: [[2a end - 2d start] onChildChanged stroke id=-NT_dYEs_KZTRJ8XiBIs time=2023-04-21 17:09:06.528]
04-21 17:09:06.528 20373 20544 D ar_activity: [[2d] after update lines time=2023-04-21 17:09:06.528]
04-21 17:09:06.549 20373 20544 D ar_activity: [[2d] after update lines time=2023-04-21 17:09:06.548]
04-21 17:09:06.568 20373 20544 D ar_activity: [[2d] after update lines time=2023-04-21 17:09:06.568]
04-21 17:09:06.585 20373 20373 D ar_activity: [[2a end - 2d start] onChildChanged stroke id=-NT_dYEs_KZTRJ8XiBIs time=2023-04-21 17:09:06.585]
04-21 17:09:06.587 20373 20544 D ar_activity: [[2d] after update lines time=2023-04-21 17:09:06.586]
04-21 17:09:06.606 20373 20544 D ar_activity: [[2d] after update lines time=2023-04-21 17:09:06.606]
04-21 17:09:06.628 20373 20544 D ar_activity: [[2d] after update lines time=2023-04-21 17:09:06.627]
04-21 17:09:06.646 20373 20373 D ar_activity: [[2a end - 2d start] onChildChanged stroke id=-NT_dYEs_KZTRJ8XiBIs time=2023-04-21 17:09:06.646]
04-21 17:09:06.651 20373 20544 D ar_activity: [[2d] after update lines time=2023-04-21 17:09:06.651]
04-21 17:09:06.672 20373 20544 D ar_activity: [[2d] after update lines time=2023-04-21 17:09:06.672]
04-21 17:09:06.695 20373 20544 D ar_activity: [[2d] after update lines time=2023-04-21 17:09:06.695]
04-21 17:09:06.714 20373 20544 D ar_activity: [[2d] after update lines time=2023-04-21 17:09:06.714]
04-21 17:09:06.734 20373 20373 D ar_activity: [[2a end - 2d start] onChildChanged stroke id=-NT_dYEs_KZTRJ8XiBIs time=2023-04-21 17:09:06.734]
04-21 17:09:06.734 20373 20544 D ar_activity: [[2d] after update lines time=2023-04-21 17:09:06.734]
04-21 17:09:06.753 20373 20544 D ar_activity: [[2d] after update lines time=2023-04-21 17:09:06.753]
04-21 17:09:06.772 20373 20544 D ar_activity: [[2d] after update lines time=2023-04-21 17:09:06.771]
04-21 17:09:06.794 20373 20544 D ar_activity: [[2d] after update lines time=2023-04-21 17:09:06.794]
04-21 17:09:06.808 20373 20373 D ar_activity: [[2a end - 2d start] onChildChanged stroke id=-NT_dYEs_KZTRJ8XiBIs time=2023-04-21 17:09:06.808]
04-21 17:09:06.813 20373 20544 D ar_activity: [[2d] after update lines time=2023-04-21 17:09:06.813]
04-21 17:09:06.834 20373 20544 D ar_activity: [[2d] after update lines time=2023-04-21 17:09:06.833]
04-21 17:09:06.854 20373 20544 D ar_activity: [[2d] after update lines time=2023-04-21 17:09:06.853]
04-21 17:09:06.873 20373 20544 D ar_activity: [[2d] after update lines time=2023-04-21 17:09:06.873]
