--------- beginning of main
04-21 16:49:11.024 20747 20881 D ar_activity: [[2d] after update lines time=2023-04-21 16:49:10.967]
04-21 16:49:14.332 20747 20747 D ar_activity: [--- pair start --- time=2023-04-21 16:49:14.332]
04-21 16:49:14.333 20747 20747 D ar_activity: [--- pair session start --- time=2023-04-21 16:49:14.333]
04-21 16:49:14.370 20747 20747 D ar_activity: [create room: Message{namespace='', type='', content=[34 bytes]} time=2023-04-21 16:49:14.370]
04-21 16:49:14.383 20747 20747 D ar_activity: LOOKING: 2023-04-21 16:49:14.383
04-21 16:49:19.695 20747 20747 D ar_activity: [--- pair joined --- time=2023-04-21 16:49:19.695]
04-21 16:49:19.697 20747 20747 D ar_activity: PARTNER FOUND: 2023-04-21 16:49:19.697
04-21 16:49:21.701 20747 20747 D ar_activity: SET ANCHOR: 2023-04-21 16:49:21.701
04-21 16:49:23.127 20747 20747 D ar_activity: [anchor resolution changed: null time=2023-04-21 16:49:23.127]
04-21 16:49:23.797 20747 20747 D ar_activity: [--- sync ready to set anchor --- time=2023-04-21 16:49:23.797]
04-21 16:49:23.798 20747 20747 D ar_activity: [--- sync: sendSetAnchorEvent --- time=2023-04-21 16:49:23.797]
04-21 16:49:23.798 20747 20747 D ar_activity: --- start creating anchor: 2023-04-21 16:49:23.798 ---
04-21 16:49:23.798 20747 20747 D ar_activity: --- anchor: com.google.ar.core.Anchor@b49f6629 ---
04-21 16:49:23.798 20747 20747 D ar_activity: --- finish creating anchor: 2023-04-21 16:49:23.798 ---
04-21 16:49:23.799 20747 20747 D ar_activity: [hostAnchor start time=2023-04-21 16:49:23.799]
04-21 16:49:23.799 20747 20747 D ar_activity: [hostAnchor end time=2023-04-21 16:49:23.799]
04-21 16:49:23.799 20747 20747 D ar_activity: Start CONNECTING: 2023-04-21 16:49:23.799
04-21 16:49:23.804 20747 20881 D ar_activity: [--- anchor: onUpdate--- time=2023-04-21 16:49:23.804]
04-21 16:49:25.679 20747 20881 D ar_activity: [--- anchor: onUpdate--- time=2023-04-21 16:49:25.679]
04-21 16:49:27.220 20747 20881 D ar_activity: [--- anchor: onUpdate--- time=2023-04-21 16:49:27.220]
04-21 16:49:27.220 20747 20881 D ar_activity: [--- onAnchorHosted [HOSTED]--- time=2023-04-21 16:49:27.220]
04-21 16:49:27.223 20747 20747 D ar_activity: [anchor resolution changed: false time=2023-04-21 16:49:27.223]
04-21 16:50:23.789 20747 20747 D ar_activity: [anchor resolution changed: true time=2023-04-21 16:50:23.788]
04-21 16:50:23.792 20747 20747 D ar_activity: [onAnchorResolutionError: null time=2023-04-21 16:50:23.791]
04-21 16:50:25.459 20747 20747 D ar_activity: SET ANCHOR: 2023-04-21 16:50:25.459
04-21 16:50:26.036 20747 20747 D ar_activity: [--- sync ready to set anchor --- time=2023-04-21 16:50:26.035]
04-21 16:50:26.058 20747 20747 D ar_activity: [anchor resolution changed: null time=2023-04-21 16:50:26.058]
04-21 16:50:26.216 20747 20747 D ar_activity: [--- sync: sendSetAnchorEvent --- time=2023-04-21 16:50:26.216]
04-21 16:50:26.216 20747 20747 D ar_activity: --- start creating anchor: 2023-04-21 16:50:26.216 ---
04-21 16:50:26.217 20747 20747 D ar_activity: --- anchor: com.google.ar.core.Anchor@b49e9c49 ---
04-21 16:50:26.217 20747 20747 D ar_activity: --- finish creating anchor: 2023-04-21 16:50:26.217 ---
04-21 16:50:26.217 20747 20747 D ar_activity: [hostAnchor start time=2023-04-21 16:50:26.217]
04-21 16:50:26.217 20747 20747 D ar_activity: [hostAnchor end time=2023-04-21 16:50:26.217]
04-21 16:50:26.220 20747 20747 D ar_activity: Start CONNECTING: 2023-04-21 16:50:26.220
04-21 16:50:26.233 20747 20881 D ar_activity: [--- anchor: onUpdate--- time=2023-04-21 16:50:26.233]
04-21 16:50:26.282 20747 20747 D ar_activity: [anchor resolution changed: null time=2023-04-21 16:50:26.282]
04-21 16:50:30.326 20747 20881 D ar_activity: [--- anchor: onUpdate--- time=2023-04-21 16:50:30.326]
04-21 16:50:30.327 20747 20881 D ar_activity: [--- onAnchorHosted [HOSTED]--- time=2023-04-21 16:50:30.326]
04-21 16:50:30.336 20747 20747 D ar_activity: [anchor resolution changed: false time=2023-04-21 16:50:30.335]
04-21 16:50:31.537 20747 20747 D ar_activity: [--- sync: finish syncing anchor --- time=2023-04-21 16:50:31.536]
04-21 16:50:31.539 20747 20747 D ar_activity: SYNCED: 2023-04-21 16:50:31.539
04-21 16:50:38.633 20747 20747 D ar_activity: [[1a start] touch screen time=2023-04-21 16:50:38.632]
04-21 16:50:38.646 20747 20881 D ar_activity: addStroke at 2023-04-21 16:50:38.646
04-21 16:50:38.647 20747 20881 D ar_activity: stroke (id: -NT__JyPl4f30chO8Hm3) was added at 2023-04-21 16:50:38.647
04-21 16:50:38.648 20747 20881 D ar_activity: [[1b start] setFirebaseValue stroke id=-NT__JyPl4f30chO8Hm3 time=2023-04-21 16:50:38.647]
04-21 16:50:38.650 20747 20881 D ar_activity: [TRACKING TransformPointToPose time=2023-04-21 16:50:38.650]
04-21 16:50:38.651 20747 20881 D ar_activity: send stroke to firebase, id=-NT__JyPl4f30chO8Hm3
04-21 16:50:38.652 20747 20881 D ar_activity: [[2d] after update lines time=2023-04-21 16:50:38.652]
04-21 16:50:38.664 20747 20747 D ar_activity: [[2a end - 2d start] onChildAdded stroke id=-NT__JyPl4f30chO8Hm3 time=2023-04-21 16:50:38.663]
04-21 16:50:38.672 20747 20881 D ar_activity: [TRACKING TransformPointToPose time=2023-04-21 16:50:38.672]
04-21 16:50:38.672 20747 20881 D ar_activity: [TRACKING TransformPointToPose time=2023-04-21 16:50:38.672]
04-21 16:50:38.672 20747 20881 D ar_activity: send stroke to firebase, id=-NT__JyPl4f30chO8Hm3
04-21 16:50:38.673 20747 20881 D ar_activity: [[2d] after update lines time=2023-04-21 16:50:38.672]
04-21 16:50:38.691 20747 20881 D ar_activity: [TRACKING TransformPointToPose time=2023-04-21 16:50:38.691]
04-21 16:50:38.691 20747 20881 D ar_activity: send stroke to firebase, id=-NT__JyPl4f30chO8Hm3
04-21 16:50:38.696 20747 20881 D ar_activity: [[2d] after update lines time=2023-04-21 16:50:38.696]
04-21 16:50:38.706 20747 20747 D ar_activity: [[1b start] setFirebaseValue stroke id=-NT__JyPl4f30chO8Hm3 time=2023-04-21 16:50:38.706]
04-21 16:50:38.715 20747 20881 D ar_activity: [TRACKING TransformPointToPose time=2023-04-21 16:50:38.715]
04-21 16:50:38.717 20747 20881 D ar_activity: [TRACKING TransformPointToPose time=2023-04-21 16:50:38.715]
04-21 16:50:38.717 20747 20881 D ar_activity: send stroke to firebase, id=-NT__JyPl4f30chO8Hm3
04-21 16:50:38.718 20747 20881 D ar_activity: [[2d] after update lines time=2023-04-21 16:50:38.718]
04-21 16:50:38.719 20747 20747 D ar_activity: [[2a end - 2d start] onChildChanged stroke id=-NT__JyPl4f30chO8Hm3 time=2023-04-21 16:50:38.718]
04-21 16:50:38.740 20747 20881 D ar_activity: [TRACKING TransformPointToPose time=2023-04-21 16:50:38.740]
04-21 16:50:38.741 20747 20881 D ar_activity: [TRACKING TransformPointToPose time=2023-04-21 16:50:38.741]
04-21 16:50:38.741 20747 20881 D ar_activity: send stroke to firebase, id=-NT__JyPl4f30chO8Hm3
04-21 16:50:38.742 20747 20881 D ar_activity: [[2d] after update lines time=2023-04-21 16:50:38.741]
04-21 16:50:38.765 20747 20881 D ar_activity: [TRACKING TransformPointToPose time=2023-04-21 16:50:38.765]
04-21 16:50:38.765 20747 20881 D ar_activity: [TRACKING TransformPointToPose time=2023-04-21 16:50:38.765]
04-21 16:50:38.765 20747 20881 D ar_activity: send stroke to firebase, id=-NT__JyPl4f30chO8Hm3
04-21 16:50:38.766 20747 20881 D ar_activity: [[2d] after update lines time=2023-04-21 16:50:38.766]
04-21 16:50:38.774 20747 20747 D ar_activity: [[2a end - 2d start] onChildChanged stroke id=-NT__JyPl4f30chO8Hm3 time=2023-04-21 16:50:38.774]
04-21 16:50:38.786 20747 20881 D ar_activity: [TRACKING TransformPointToPose time=2023-04-21 16:50:38.786]
04-21 16:50:38.787 20747 20881 D ar_activity: [TRACKING TransformPointToPose time=2023-04-21 16:50:38.787]
04-21 16:50:38.787 20747 20881 D ar_activity: send stroke to firebase, id=-NT__JyPl4f30chO8Hm3
04-21 16:50:38.788 20747 20881 D ar_activity: [[2d] after update lines time=2023-04-21 16:50:38.788]
04-21 16:50:38.808 20747 20881 D ar_activity: [TRACKING TransformPointToPose time=2023-04-21 16:50:38.807]
04-21 16:50:38.808 20747 20881 D ar_activity: [TRACKING TransformPointToPose time=2023-04-21 16:50:38.808]
04-21 16:50:38.808 20747 20881 D ar_activity: send stroke to firebase, id=-NT__JyPl4f30chO8Hm3
04-21 16:50:38.808 20747 20881 D ar_activity: [[2d] after update lines time=2023-04-21 16:50:38.808]
04-21 16:50:38.833 20747 20881 D ar_activity: [TRACKING TransformPointToPose time=2023-04-21 16:50:38.832]
04-21 16:50:38.833 20747 20881 D ar_activity: [TRACKING TransformPointToPose time=2023-04-21 16:50:38.833]
04-21 16:50:38.833 20747 20881 D ar_activity: send stroke to firebase, id=-NT__JyPl4f30chO8Hm3
04-21 16:50:38.840 20747 20747 D ar_activity: [[2a end - 2d start] onChildChanged stroke id=-NT__JyPl4f30chO8Hm3 time=2023-04-21 16:50:38.840]
04-21 16:50:38.841 20747 20881 D ar_activity: [[2d] after update lines time=2023-04-21 16:50:38.841]
04-21 16:50:38.863 20747 20881 D ar_activity: [TRACKING TransformPointToPose time=2023-04-21 16:50:38.863]
04-21 16:50:38.863 20747 20881 D ar_activity: [TRACKING TransformPointToPose time=2023-04-21 16:50:38.863]
04-21 16:50:38.863 20747 20881 D ar_activity: send stroke to firebase, id=-NT__JyPl4f30chO8Hm3
04-21 16:50:38.864 20747 20881 D ar_activity: [[2d] after update lines time=2023-04-21 16:50:38.864]
04-21 16:50:38.883 20747 20881 D ar_activity: [TRACKING TransformPointToPose time=2023-04-21 16:50:38.882]
04-21 16:50:38.883 20747 20881 D ar_activity: [TRACKING TransformPointToPose time=2023-04-21 16:50:38.883]
04-21 16:50:38.883 20747 20881 D ar_activity: send stroke to firebase, id=-NT__JyPl4f30chO8Hm3
04-21 16:50:38.883 20747 20881 D ar_activity: [[2d] after update lines time=2023-04-21 16:50:38.883]
04-21 16:50:38.907 20747 20881 D ar_activity: [TRACKING TransformPointToPose time=2023-04-21 16:50:38.906]
04-21 16:50:38.907 20747 20881 D ar_activity: send stroke to firebase, id=-NT__JyPl4f30chO8Hm3
04-21 16:50:38.914 20747 20881 D ar_activity: [[2d] after update lines time=2023-04-21 16:50:38.913]
04-21 16:50:38.945 20747 20747 D ar_activity: [[2a end - 2d start] onChildChanged stroke id=-NT__JyPl4f30chO8Hm3 time=2023-04-21 16:50:38.945]
04-21 16:50:38.949 20747 20881 D ar_activity: [TRACKING TransformPointToPose time=2023-04-21 16:50:38.948]
04-21 16:50:38.949 20747 20881 D ar_activity: [TRACKING TransformPointToPose time=2023-04-21 16:50:38.949]
04-21 16:50:38.950 20747 20881 D ar_activity: [TRACKING TransformPointToPose time=2023-04-21 16:50:38.949]
04-21 16:50:38.950 20747 20881 D ar_activity: send stroke to firebase, id=-NT__JyPl4f30chO8Hm3
04-21 16:50:38.951 20747 20881 D ar_activity: [[2d] after update lines time=2023-04-21 16:50:38.951]
04-21 16:50:38.971 20747 20881 D ar_activity: [TRACKING TransformPointToPose time=2023-04-21 16:50:38.971]
04-21 16:50:38.972 20747 20881 D ar_activity: [TRACKING TransformPointToPose time=2023-04-21 16:50:38.971]
04-21 16:50:38.972 20747 20881 D ar_activity: send stroke to firebase, id=-NT__JyPl4f30chO8Hm3
04-21 16:50:38.972 20747 20881 D ar_activity: [[2d] after update lines time=2023-04-21 16:50:38.972]
04-21 16:50:38.991 20747 20881 D ar_activity: [TRACKING TransformPointToPose time=2023-04-21 16:50:38.991]
04-21 16:50:38.991 20747 20881 D ar_activity: send stroke to firebase, id=-NT__JyPl4f30chO8Hm3
04-21 16:50:38.991 20747 20881 D ar_activity: [[2d] after update lines time=2023-04-21 16:50:38.991]
04-21 16:50:39.012 20747 20747 D ar_activity: [[2a end - 2d start] onChildChanged stroke id=-NT__JyPl4f30chO8Hm3 time=2023-04-21 16:50:39.012]
04-21 16:50:39.016 20747 20881 D ar_activity: [TRACKING TransformPointToPose time=2023-04-21 16:50:39.015]
04-21 16:50:39.016 20747 20881 D ar_activity: [TRACKING TransformPointToPose time=2023-04-21 16:50:39.016]
04-21 16:50:39.016 20747 20881 D ar_activity: send stroke to firebase, id=-NT__JyPl4f30chO8Hm3
04-21 16:50:39.018 20747 20881 D ar_activity: [[2d] after update lines time=2023-04-21 16:50:39.017]
04-21 16:50:39.039 20747 20881 D ar_activity: [TRACKING TransformPointToPose time=2023-04-21 16:50:39.039]
04-21 16:50:39.040 20747 20881 D ar_activity: [TRACKING TransformPointToPose time=2023-04-21 16:50:39.040]
04-21 16:50:39.040 20747 20881 D ar_activity: send stroke to firebase, id=-NT__JyPl4f30chO8Hm3
04-21 16:50:39.041 20747 20881 D ar_activity: [[2d] after update lines time=2023-04-21 16:50:39.041]
04-21 16:50:39.063 20747 20881 D ar_activity: [TRACKING TransformPointToPose time=2023-04-21 16:50:39.063]
04-21 16:50:39.064 20747 20881 D ar_activity: [TRACKING TransformPointToPose time=2023-04-21 16:50:39.063]
04-21 16:50:39.064 20747 20881 D ar_activity: send stroke to firebase, id=-NT__JyPl4f30chO8Hm3
04-21 16:50:39.064 20747 20881 D ar_activity: [[2d] after update lines time=2023-04-21 16:50:39.064]
04-21 16:50:39.083 20747 20881 D ar_activity: [TRACKING TransformPointToPose time=2023-04-21 16:50:39.083]
04-21 16:50:39.084 20747 20881 D ar_activity: [TRACKING TransformPointToPose time=2023-04-21 16:50:39.084]
04-21 16:50:39.085 20747 20881 D ar_activity: send stroke to firebase, id=-NT__JyPl4f30chO8Hm3
04-21 16:50:39.086 20747 20881 D ar_activity: [[2d] after update lines time=2023-04-21 16:50:39.086]
04-21 16:50:39.096 20747 20747 D ar_activity: [[2a end - 2d start] onChildChanged stroke id=-NT__JyPl4f30chO8Hm3 time=2023-04-21 16:50:39.096]
04-21 16:50:39.106 20747 20881 D ar_activity: [TRACKING TransformPointToPose time=2023-04-21 16:50:39.106]
04-21 16:50:39.106 20747 20881 D ar_activity: [TRACKING TransformPointToPose time=2023-04-21 16:50:39.106]
04-21 16:50:39.106 20747 20881 D ar_activity: send stroke to firebase, id=-NT__JyPl4f30chO8Hm3
04-21 16:50:39.108 20747 20881 D ar_activity: [[2d] after update lines time=2023-04-21 16:50:39.108]
04-21 16:50:39.130 20747 20881 D ar_activity: [TRACKING TransformPointToPose time=2023-04-21 16:50:39.129]
04-21 16:50:39.130 20747 20881 D ar_activity: [TRACKING TransformPointToPose time=2023-04-21 16:50:39.130]
04-21 16:50:39.130 20747 20881 D ar_activity: send stroke to firebase, id=-NT__JyPl4f30chO8Hm3
04-21 16:50:39.130 20747 20881 D ar_activity: [[2d] after update lines time=2023-04-21 16:50:39.130]
04-21 16:50:39.149 20747 20881 D ar_activity: [TRACKING TransformPointToPose time=2023-04-21 16:50:39.149]
04-21 16:50:39.149 20747 20881 D ar_activity: [TRACKING TransformPointToPose time=2023-04-21 16:50:39.149]
04-21 16:50:39.149 20747 20881 D ar_activity: send stroke to firebase, id=-NT__JyPl4f30chO8Hm3
04-21 16:50:39.152 20747 20747 D ar_activity: [[2a end - 2d start] onChildChanged stroke id=-NT__JyPl4f30chO8Hm3 time=2023-04-21 16:50:39.152]
04-21 16:50:39.153 20747 20881 D ar_activity: [[2d] after update lines time=2023-04-21 16:50:39.153]
04-21 16:50:39.171 20747 20881 D ar_activity: [TRACKING TransformPointToPose time=2023-04-21 16:50:39.171]
04-21 16:50:39.172 20747 20881 D ar_activity: [TRACKING TransformPointToPose time=2023-04-21 16:50:39.172]
04-21 16:50:39.172 20747 20881 D ar_activity: send stroke to firebase, id=-NT__JyPl4f30chO8Hm3
04-21 16:50:39.172 20747 20881 D ar_activity: [[2d] after update lines time=2023-04-21 16:50:39.172]
04-21 16:50:39.191 20747 20881 D ar_activity: [TRACKING TransformPointToPose time=2023-04-21 16:50:39.191]
04-21 16:50:39.191 20747 20881 D ar_activity: [TRACKING TransformPointToPose time=2023-04-21 16:50:39.191]
04-21 16:50:39.191 20747 20881 D ar_activity: send stroke to firebase, id=-NT__JyPl4f30chO8Hm3
04-21 16:50:39.193 20747 20881 D ar_activity: [[2d] after update lines time=2023-04-21 16:50:39.193]
04-21 16:50:39.214 20747 20881 D ar_activity: [TRACKING TransformPointToPose time=2023-04-21 16:50:39.214]
04-21 16:50:39.215 20747 20881 D ar_activity: [TRACKING TransformPointToPose time=2023-04-21 16:50:39.215]
04-21 16:50:39.215 20747 20881 D ar_activity: send stroke to firebase, id=-NT__JyPl4f30chO8Hm3
04-21 16:50:39.215 20747 20881 D ar_activity: [[2d] after update lines time=2023-04-21 16:50:39.215]
04-21 16:50:39.231 20747 20747 D ar_activity: [[2a end - 2d start] onChildChanged stroke id=-NT__JyPl4f30chO8Hm3 time=2023-04-21 16:50:39.230]
04-21 16:50:39.235 20747 20881 D ar_activity: [TRACKING TransformPointToPose time=2023-04-21 16:50:39.234]
04-21 16:50:39.235 20747 20881 D ar_activity: send stroke to firebase, id=-NT__JyPl4f30chO8Hm3
04-21 16:50:39.236 20747 20881 D ar_activity: [[2d] after update lines time=2023-04-21 16:50:39.235]
04-21 16:50:39.257 20747 20881 D ar_activity: [TRACKING TransformPointToPose time=2023-04-21 16:50:39.257]
04-21 16:50:39.257 20747 20881 D ar_activity: [TRACKING TransformPointToPose time=2023-04-21 16:50:39.257]
04-21 16:50:39.257 20747 20881 D ar_activity: send stroke to firebase, id=-NT__JyPl4f30chO8Hm3
04-21 16:50:39.258 20747 20881 D ar_activity: [[2d] after update lines time=2023-04-21 16:50:39.258]
04-21 16:50:39.276 20747 20881 D ar_activity: [TRACKING TransformPointToPose time=2023-04-21 16:50:39.276]
04-21 16:50:39.276 20747 20881 D ar_activity: send stroke to firebase, id=-NT__JyPl4f30chO8Hm3
04-21 16:50:39.277 20747 20881 D ar_activity: [[2d] after update lines time=2023-04-21 16:50:39.277]
04-21 16:50:39.297 20747 20881 D ar_activity: [TRACKING TransformPointToPose time=2023-04-21 16:50:39.297]
04-21 16:50:39.298 20747 20881 D ar_activity: [TRACKING TransformPointToPose time=2023-04-21 16:50:39.297]
04-21 16:50:39.298 20747 20881 D ar_activity: send stroke to firebase, id=-NT__JyPl4f30chO8Hm3
04-21 16:50:39.298 20747 20881 D ar_activity: [[2d] after update lines time=2023-04-21 16:50:39.298]
04-21 16:50:39.299 20747 20747 D ar_activity: [[2a end - 2d start] onChildChanged stroke id=-NT__JyPl4f30chO8Hm3 time=2023-04-21 16:50:39.299]
04-21 16:50:39.316 20747 20881 D ar_activity: [TRACKING TransformPointToPose time=2023-04-21 16:50:39.316]
04-21 16:50:39.317 20747 20881 D ar_activity: [TRACKING TransformPointToPose time=2023-04-21 16:50:39.317]
04-21 16:50:39.317 20747 20881 D ar_activity: send stroke to firebase, id=-NT__JyPl4f30chO8Hm3
04-21 16:50:39.317 20747 20881 D ar_activity: [[2d] after update lines time=2023-04-21 16:50:39.317]
04-21 16:50:39.337 20747 20881 D ar_activity: [TRACKING TransformPointToPose time=2023-04-21 16:50:39.337]
04-21 16:50:39.338 20747 20881 D ar_activity: [TRACKING TransformPointToPose time=2023-04-21 16:50:39.337]
04-21 16:50:39.338 20747 20881 D ar_activity: send stroke to firebase, id=-NT__JyPl4f30chO8Hm3
04-21 16:50:39.338 20747 20881 D ar_activity: [[2d] after update lines time=2023-04-21 16:50:39.338]
04-21 16:50:39.357 20747 20881 D ar_activity: [TRACKING TransformPointToPose time=2023-04-21 16:50:39.356]
04-21 16:50:39.357 20747 20881 D ar_activity: send stroke to firebase, id=-NT__JyPl4f30chO8Hm3
04-21 16:50:39.357 20747 20881 D ar_activity: [[2d] after update lines time=2023-04-21 16:50:39.357]
04-21 16:50:39.370 20747 20747 D ar_activity: [[2a end - 2d start] onChildChanged stroke id=-NT__JyPl4f30chO8Hm3 time=2023-04-21 16:50:39.370]
04-21 16:50:39.376 20747 20881 D ar_activity: [TRACKING TransformPointToPose time=2023-04-21 16:50:39.375]
04-21 16:50:39.376 20747 20881 D ar_activity: [TRACKING TransformPointToPose time=2023-04-21 16:50:39.376]
04-21 16:50:39.376 20747 20881 D ar_activity: send stroke to firebase, id=-NT__JyPl4f30chO8Hm3
04-21 16:50:39.377 20747 20881 D ar_activity: [[2d] after update lines time=2023-04-21 16:50:39.376]
04-21 16:50:39.398 20747 20881 D ar_activity: [TRACKING TransformPointToPose time=2023-04-21 16:50:39.397]
04-21 16:50:39.398 20747 20881 D ar_activity: [TRACKING TransformPointToPose time=2023-04-21 16:50:39.398]
04-21 16:50:39.398 20747 20881 D ar_activity: send stroke to firebase, id=-NT__JyPl4f30chO8Hm3
04-21 16:50:39.399 20747 20881 D ar_activity: [[2d] after update lines time=2023-04-21 16:50:39.398]
04-21 16:50:39.421 20747 20881 D ar_activity: [TRACKING TransformPointToPose time=2023-04-21 16:50:39.420]
04-21 16:50:39.422 20747 20881 D ar_activity: [TRACKING TransformPointToPose time=2023-04-21 16:50:39.422]
04-21 16:50:39.423 20747 20881 D ar_activity: send stroke to firebase, id=-NT__JyPl4f30chO8Hm3
04-21 16:50:39.425 20747 20881 D ar_activity: [[2d] after update lines time=2023-04-21 16:50:39.424]
04-21 16:50:39.441 20747 20747 D ar_activity: [[2a end - 2d start] onChildChanged stroke id=-NT__JyPl4f30chO8Hm3 time=2023-04-21 16:50:39.441]
04-21 16:50:39.447 20747 20881 D ar_activity: [TRACKING TransformPointToPose time=2023-04-21 16:50:39.447]
04-21 16:50:39.447 20747 20881 D ar_activity: [TRACKING TransformPointToPose time=2023-04-21 16:50:39.447]
04-21 16:50:39.448 20747 20881 D ar_activity: [TRACKING TransformPointToPose time=2023-04-21 16:50:39.448]
04-21 16:50:39.448 20747 20881 D ar_activity: send stroke to firebase, id=-NT__JyPl4f30chO8Hm3
04-21 16:50:39.448 20747 20881 D ar_activity: [[2d] after update lines time=2023-04-21 16:50:39.448]
04-21 16:50:39.467 20747 20881 D ar_activity: [TRACKING TransformPointToPose time=2023-04-21 16:50:39.467]
04-21 16:50:39.468 20747 20881 D ar_activity: send stroke to firebase, id=-NT__JyPl4f30chO8Hm3
04-21 16:50:39.468 20747 20881 D ar_activity: [[2d] after update lines time=2023-04-21 16:50:39.468]
04-21 16:50:39.488 20747 20881 D ar_activity: [TRACKING TransformPointToPose time=2023-04-21 16:50:39.488]
04-21 16:50:39.488 20747 20881 D ar_activity: [TRACKING TransformPointToPose time=2023-04-21 16:50:39.488]
04-21 16:50:39.489 20747 20881 D ar_activity: send stroke to firebase, id=-NT__JyPl4f30chO8Hm3
04-21 16:50:39.490 20747 20881 D ar_activity: [[2d] after update lines time=2023-04-21 16:50:39.490]
04-21 16:50:39.515 20747 20747 D ar_activity: [[2a end - 2d start] onChildChanged stroke id=-NT__JyPl4f30chO8Hm3 time=2023-04-21 16:50:39.514]
04-21 16:50:39.518 20747 20881 D ar_activity: [TRACKING TransformPointToPose time=2023-04-21 16:50:39.518]
04-21 16:50:39.520 20747 20881 D ar_activity: [TRACKING TransformPointToPose time=2023-04-21 16:50:39.519]
04-21 16:50:39.521 20747 20881 D ar_activity: [TRACKING TransformPointToPose time=2023-04-21 16:50:39.520]
04-21 16:50:39.521 20747 20881 D ar_activity: send stroke to firebase, id=-NT__JyPl4f30chO8Hm3
04-21 16:50:39.523 20747 20881 D ar_activity: [[2d] after update lines time=2023-04-21 16:50:39.523]
04-21 16:50:39.544 20747 20881 D ar_activity: [TRACKING TransformPointToPose time=2023-04-21 16:50:39.544]
04-21 16:50:39.544 20747 20881 D ar_activity: [TRACKING TransformPointToPose time=2023-04-21 16:50:39.544]
04-21 16:50:39.545 20747 20881 D ar_activity: send stroke to firebase, id=-NT__JyPl4f30chO8Hm3
04-21 16:50:39.545 20747 20881 D ar_activity: [[2d] after update lines time=2023-04-21 16:50:39.545]
04-21 16:50:39.567 20747 20881 D ar_activity: [TRACKING TransformPointToPose time=2023-04-21 16:50:39.566]
04-21 16:50:39.568 20747 20881 D ar_activity: [TRACKING TransformPointToPose time=2023-04-21 16:50:39.568]
04-21 16:50:39.568 20747 20881 D ar_activity: send stroke to firebase, id=-NT__JyPl4f30chO8Hm3
04-21 16:50:39.570 20747 20881 D ar_activity: [[2d] after update lines time=2023-04-21 16:50:39.569]
04-21 16:50:39.591 20747 20881 D ar_activity: [TRACKING TransformPointToPose time=2023-04-21 16:50:39.591]
04-21 16:50:39.592 20747 20881 D ar_activity: [TRACKING TransformPointToPose time=2023-04-21 16:50:39.592]
04-21 16:50:39.592 20747 20881 D ar_activity: send stroke to firebase, id=-NT__JyPl4f30chO8Hm3
04-21 16:50:39.592 20747 20881 D ar_activity: [[2d] after update lines time=2023-04-21 16:50:39.592]
04-21 16:50:39.602 20747 20747 D ar_activity: [[2a end - 2d start] onChildChanged stroke id=-NT__JyPl4f30chO8Hm3 time=2023-04-21 16:50:39.602]
04-21 16:50:39.616 20747 20881 D ar_activity: [TRACKING TransformPointToPose time=2023-04-21 16:50:39.615]
04-21 16:50:39.616 20747 20881 D ar_activity: send stroke to firebase, id=-NT__JyPl4f30chO8Hm3
04-21 16:50:39.617 20747 20881 D ar_activity: [[2d] after update lines time=2023-04-21 16:50:39.617]
04-21 16:50:39.639 20747 20881 D ar_activity: [TRACKING TransformPointToPose time=2023-04-21 16:50:39.639]
04-21 16:50:39.639 20747 20881 D ar_activity: [TRACKING TransformPointToPose time=2023-04-21 16:50:39.639]
04-21 16:50:39.639 20747 20881 D ar_activity: [TRACKING TransformPointToPose time=2023-04-21 16:50:39.639]
04-21 16:50:39.640 20747 20881 D ar_activity: send stroke to firebase, id=-NT__JyPl4f30chO8Hm3
04-21 16:50:39.640 20747 20881 D ar_activity: [[2d] after update lines time=2023-04-21 16:50:39.640]
04-21 16:50:39.659 20747 20881 D ar_activity: [TRACKING TransformPointToPose time=2023-04-21 16:50:39.658]
04-21 16:50:39.659 20747 20881 D ar_activity: [TRACKING TransformPointToPose time=2023-04-21 16:50:39.659]
04-21 16:50:39.659 20747 20881 D ar_activity: send stroke to firebase, id=-NT__JyPl4f30chO8Hm3
04-21 16:50:39.659 20747 20881 D ar_activity: [[2d] after update lines time=2023-04-21 16:50:39.659]
04-21 16:50:39.679 20747 20881 D ar_activity: [TRACKING TransformPointToPose time=2023-04-21 16:50:39.678]
04-21 16:50:39.679 20747 20881 D ar_activity: send stroke to firebase, id=-NT__JyPl4f30chO8Hm3
04-21 16:50:39.680 20747 20881 D ar_activity: [[2d] after update lines time=2023-04-21 16:50:39.680]
04-21 16:50:39.681 20747 20747 D ar_activity: [[2a end - 2d start] onChildChanged stroke id=-NT__JyPl4f30chO8Hm3 time=2023-04-21 16:50:39.681]
04-21 16:50:39.698 20747 20881 D ar_activity: [TRACKING TransformPointToPose time=2023-04-21 16:50:39.698]
04-21 16:50:39.699 20747 20881 D ar_activity: [TRACKING TransformPointToPose time=2023-04-21 16:50:39.699]
04-21 16:50:39.699 20747 20881 D ar_activity: send stroke to firebase, id=-NT__JyPl4f30chO8Hm3
04-21 16:50:39.699 20747 20881 D ar_activity: [[2d] after update lines time=2023-04-21 16:50:39.699]
04-21 16:50:39.720 20747 20881 D ar_activity: [TRACKING TransformPointToPose time=2023-04-21 16:50:39.719]
04-21 16:50:39.720 20747 20881 D ar_activity: [TRACKING TransformPointToPose time=2023-04-21 16:50:39.720]
04-21 16:50:39.720 20747 20881 D ar_activity: send stroke to firebase, id=-NT__JyPl4f30chO8Hm3
04-21 16:50:39.722 20747 20881 D ar_activity: [[2d] after update lines time=2023-04-21 16:50:39.722]
04-21 16:50:39.741 20747 20747 D ar_activity: [[2a end - 2d start] onChildChanged stroke id=-NT__JyPl4f30chO8Hm3 time=2023-04-21 16:50:39.741]
04-21 16:50:39.749 20747 20881 D ar_activity: [TRACKING TransformPointToPose time=2023-04-21 16:50:39.746]
04-21 16:50:39.750 20747 20881 D ar_activity: [TRACKING TransformPointToPose time=2023-04-21 16:50:39.749]
04-21 16:50:39.750 20747 20881 D ar_activity: send stroke to firebase, id=-NT__JyPl4f30chO8Hm3
04-21 16:50:39.752 20747 20881 D ar_activity: [[2d] after update lines time=2023-04-21 16:50:39.751]
04-21 16:50:39.770 20747 20881 D ar_activity: [TRACKING TransformPointToPose time=2023-04-21 16:50:39.770]
04-21 16:50:39.770 20747 20881 D ar_activity: [TRACKING TransformPointToPose time=2023-04-21 16:50:39.770]
04-21 16:50:39.770 20747 20881 D ar_activity: send stroke to firebase, id=-NT__JyPl4f30chO8Hm3
04-21 16:50:39.771 20747 20881 D ar_activity: [[2d] after update lines time=2023-04-21 16:50:39.771]
04-21 16:50:39.790 20747 20881 D ar_activity: [TRACKING TransformPointToPose time=2023-04-21 16:50:39.789]
04-21 16:50:39.790 20747 20881 D ar_activity: send stroke to firebase, id=-NT__JyPl4f30chO8Hm3
04-21 16:50:39.790 20747 20881 D ar_activity: [[2d] after update lines time=2023-04-21 16:50:39.790]
04-21 16:50:39.809 20747 20881 D ar_activity: [TRACKING TransformPointToPose time=2023-04-21 16:50:39.808]
04-21 16:50:39.809 20747 20881 D ar_activity: [TRACKING TransformPointToPose time=2023-04-21 16:50:39.809]
04-21 16:50:39.809 20747 20881 D ar_activity: send stroke to firebase, id=-NT__JyPl4f30chO8Hm3
04-21 16:50:39.809 20747 20881 D ar_activity: [[2d] after update lines time=2023-04-21 16:50:39.809]
04-21 16:50:39.816 20747 20747 D ar_activity: [[2a end - 2d start] onChildChanged stroke id=-NT__JyPl4f30chO8Hm3 time=2023-04-21 16:50:39.816]
04-21 16:50:39.831 20747 20881 D ar_activity: [TRACKING TransformPointToPose time=2023-04-21 16:50:39.830]
04-21 16:50:39.831 20747 20881 D ar_activity: [TRACKING TransformPointToPose time=2023-04-21 16:50:39.831]
04-21 16:50:39.831 20747 20881 D ar_activity: send stroke to firebase, id=-NT__JyPl4f30chO8Hm3
04-21 16:50:39.832 20747 20881 D ar_activity: [[2d] after update lines time=2023-04-21 16:50:39.832]
04-21 16:50:39.853 20747 20881 D ar_activity: [TRACKING TransformPointToPose time=2023-04-21 16:50:39.852]
04-21 16:50:39.853 20747 20881 D ar_activity: [TRACKING TransformPointToPose time=2023-04-21 16:50:39.853]
04-21 16:50:39.854 20747 20881 D ar_activity: send stroke to firebase, id=-NT__JyPl4f30chO8Hm3
04-21 16:50:39.857 20747 20881 D ar_activity: [[2d] after update lines time=2023-04-21 16:50:39.856]
04-21 16:50:39.875 20747 20747 D ar_activity: [[2a end - 2d start] onChildChanged stroke id=-NT__JyPl4f30chO8Hm3 time=2023-04-21 16:50:39.875]
04-21 16:50:39.877 20747 20881 D ar_activity: [TRACKING TransformPointToPose time=2023-04-21 16:50:39.876]
04-21 16:50:39.877 20747 20881 D ar_activity: [TRACKING TransformPointToPose time=2023-04-21 16:50:39.877]
04-21 16:50:39.877 20747 20881 D ar_activity: send stroke to firebase, id=-NT__JyPl4f30chO8Hm3
04-21 16:50:39.878 20747 20881 D ar_activity: [[2d] after update lines time=2023-04-21 16:50:39.878]
04-21 16:50:39.900 20747 20881 D ar_activity: [TRACKING TransformPointToPose time=2023-04-21 16:50:39.900]
04-21 16:50:39.902 20747 20881 D ar_activity: [TRACKING TransformPointToPose time=2023-04-21 16:50:39.901]
04-21 16:50:39.902 20747 20881 D ar_activity: send stroke to firebase, id=-NT__JyPl4f30chO8Hm3
04-21 16:50:39.905 20747 20881 D ar_activity: [[2d] after update lines time=2023-04-21 16:50:39.903]
04-21 16:50:39.929 20747 20881 D ar_activity: [TRACKING TransformPointToPose time=2023-04-21 16:50:39.927]
04-21 16:50:39.931 20747 20881 D ar_activity: [TRACKING TransformPointToPose time=2023-04-21 16:50:39.930]
04-21 16:50:39.933 20747 20881 D ar_activity: send stroke to firebase, id=-NT__JyPl4f30chO8Hm3
04-21 16:50:39.935 20747 20881 D ar_activity: [[2d] after update lines time=2023-04-21 16:50:39.935]
04-21 16:50:39.960 20747 20881 D ar_activity: [TRACKING TransformPointToPose time=2023-04-21 16:50:39.959]
04-21 16:50:39.960 20747 20881 D ar_activity: [TRACKING TransformPointToPose time=2023-04-21 16:50:39.960]
04-21 16:50:39.960 20747 20747 D ar_activity: [[2a end - 2d start] onChildChanged stroke id=-NT__JyPl4f30chO8Hm3 time=2023-04-21 16:50:39.960]
04-21 16:50:39.962 20747 20881 D ar_activity: [TRACKING TransformPointToPose time=2023-04-21 16:50:39.961]
04-21 16:50:39.963 20747 20881 D ar_activity: send stroke to firebase, id=-NT__JyPl4f30chO8Hm3
04-21 16:50:39.968 20747 20881 D ar_activity: [[2d] after update lines time=2023-04-21 16:50:39.967]
04-21 16:50:39.988 20747 20881 D ar_activity: [TRACKING TransformPointToPose time=2023-04-21 16:50:39.988]
04-21 16:50:39.989 20747 20881 D ar_activity: [TRACKING TransformPointToPose time=2023-04-21 16:50:39.989]
04-21 16:50:39.989 20747 20881 D ar_activity: send stroke to firebase, id=-NT__JyPl4f30chO8Hm3
04-21 16:50:39.989 20747 20881 D ar_activity: [[2d] after update lines time=2023-04-21 16:50:39.989]
04-21 16:50:40.008 20747 20881 D ar_activity: [TRACKING TransformPointToPose time=2023-04-21 16:50:40.007]
04-21 16:50:40.008 20747 20881 D ar_activity: [TRACKING TransformPointToPose time=2023-04-21 16:50:40.008]
04-21 16:50:40.008 20747 20881 D ar_activity: send stroke to firebase, id=-NT__JyPl4f30chO8Hm3
04-21 16:50:40.008 20747 20881 D ar_activity: [[2d] after update lines time=2023-04-21 16:50:40.008]
04-21 16:50:40.025 20747 20747 D ar_activity: [[2a end - 2d start] onChildChanged stroke id=-NT__JyPl4f30chO8Hm3 time=2023-04-21 16:50:40.024]
04-21 16:50:40.027 20747 20881 D ar_activity: [TRACKING TransformPointToPose time=2023-04-21 16:50:40.027]
04-21 16:50:40.027 20747 20881 D ar_activity: [TRACKING TransformPointToPose time=2023-04-21 16:50:40.027]
04-21 16:50:40.028 20747 20881 D ar_activity: send stroke to firebase, id=-NT__JyPl4f30chO8Hm3
04-21 16:50:40.031 20747 20881 D ar_activity: [[2d] after update lines time=2023-04-21 16:50:40.030]
04-21 16:50:40.050 20747 20881 D ar_activity: [TRACKING TransformPointToPose time=2023-04-21 16:50:40.050]
04-21 16:50:40.050 20747 20881 D ar_activity: [TRACKING TransformPointToPose time=2023-04-21 16:50:40.050]
04-21 16:50:40.050 20747 20881 D ar_activity: send stroke to firebase, id=-NT__JyPl4f30chO8Hm3
04-21 16:50:40.051 20747 20881 D ar_activity: [[2d] after update lines time=2023-04-21 16:50:40.051]
04-21 16:50:40.071 20747 20881 D ar_activity: [TRACKING TransformPointToPose time=2023-04-21 16:50:40.071]
04-21 16:50:40.071 20747 20881 D ar_activity: [TRACKING TransformPointToPose time=2023-04-21 16:50:40.071]
04-21 16:50:40.072 20747 20881 D ar_activity: send stroke to firebase, id=-NT__JyPl4f30chO8Hm3
04-21 16:50:40.072 20747 20881 D ar_activity: [[2d] after update lines time=2023-04-21 16:50:40.072]
04-21 16:50:40.091 20747 20881 D ar_activity: [TRACKING TransformPointToPose time=2023-04-21 16:50:40.090]
04-21 16:50:40.091 20747 20881 D ar_activity: [TRACKING TransformPointToPose time=2023-04-21 16:50:40.091]
04-21 16:50:40.091 20747 20881 D ar_activity: send stroke to firebase, id=-NT__JyPl4f30chO8Hm3
04-21 16:50:40.092 20747 20881 D ar_activity: [[2d] after update lines time=2023-04-21 16:50:40.092]
04-21 16:50:40.106 20747 20747 D ar_activity: [[2a end - 2d start] onChildChanged stroke id=-NT__JyPl4f30chO8Hm3 time=2023-04-21 16:50:40.106]
04-21 16:50:40.111 20747 20881 D ar_activity: [TRACKING TransformPointToPose time=2023-04-21 16:50:40.110]
04-21 16:50:40.111 20747 20881 D ar_activity: send stroke to firebase, id=-NT__JyPl4f30chO8Hm3
04-21 16:50:40.112 20747 20881 D ar_activity: [[2d] after update lines time=2023-04-21 16:50:40.111]
04-21 16:50:40.132 20747 20881 D ar_activity: [TRACKING TransformPointToPose time=2023-04-21 16:50:40.131]
04-21 16:50:40.132 20747 20881 D ar_activity: [TRACKING TransformPointToPose time=2023-04-21 16:50:40.132]
04-21 16:50:40.132 20747 20881 D ar_activity: send stroke to firebase, id=-NT__JyPl4f30chO8Hm3
04-21 16:50:40.133 20747 20881 D ar_activity: [[2d] after update lines time=2023-04-21 16:50:40.133]
04-21 16:50:40.151 20747 20881 D ar_activity: [TRACKING TransformPointToPose time=2023-04-21 16:50:40.151]
04-21 16:50:40.151 20747 20881 D ar_activity: [TRACKING TransformPointToPose time=2023-04-21 16:50:40.151]
04-21 16:50:40.151 20747 20881 D ar_activity: send stroke to firebase, id=-NT__JyPl4f30chO8Hm3
04-21 16:50:40.152 20747 20881 D ar_activity: [[2d] after update lines time=2023-04-21 16:50:40.152]
04-21 16:50:40.171 20747 20747 D ar_activity: [[2a end - 2d start] onChildChanged stroke id=-NT__JyPl4f30chO8Hm3 time=2023-04-21 16:50:40.170]
04-21 16:50:40.173 20747 20881 D ar_activity: [TRACKING TransformPointToPose time=2023-04-21 16:50:40.173]
04-21 16:50:40.174 20747 20881 D ar_activity: [TRACKING TransformPointToPose time=2023-04-21 16:50:40.174]
04-21 16:50:40.175 20747 20881 D ar_activity: send stroke to firebase, id=-NT__JyPl4f30chO8Hm3
04-21 16:50:40.177 20747 20881 D ar_activity: [[2d] after update lines time=2023-04-21 16:50:40.176]
04-21 16:50:40.200 20747 20881 D ar_activity: [TRACKING TransformPointToPose time=2023-04-21 16:50:40.200]
04-21 16:50:40.201 20747 20881 D ar_activity: [TRACKING TransformPointToPose time=2023-04-21 16:50:40.201]
04-21 16:50:40.201 20747 20881 D ar_activity: send stroke to firebase, id=-NT__JyPl4f30chO8Hm3
04-21 16:50:40.210 20747 20881 D ar_activity: [[2d] after update lines time=2023-04-21 16:50:40.210]
04-21 16:50:40.232 20747 20881 D ar_activity: [TRACKING TransformPointToPose time=2023-04-21 16:50:40.232]
04-21 16:50:40.232 20747 20881 D ar_activity: [TRACKING TransformPointToPose time=2023-04-21 16:50:40.232]
04-21 16:50:40.232 20747 20881 D ar_activity: send stroke to firebase, id=-NT__JyPl4f30chO8Hm3
04-21 16:50:40.235 20747 20881 D ar_activity: [[2d] after update lines time=2023-04-21 16:50:40.235]
04-21 16:50:40.235 20747 20747 D ar_activity: [[2a end - 2d start] onChildChanged stroke id=-NT__JyPl4f30chO8Hm3 time=2023-04-21 16:50:40.235]
04-21 16:50:40.254 20747 20881 D ar_activity: [TRACKING TransformPointToPose time=2023-04-21 16:50:40.253]
04-21 16:50:40.254 20747 20881 D ar_activity: send stroke to firebase, id=-NT__JyPl4f30chO8Hm3
04-21 16:50:40.254 20747 20881 D ar_activity: [[2d] after update lines time=2023-04-21 16:50:40.254]
04-21 16:50:40.275 20747 20881 D ar_activity: [TRACKING TransformPointToPose time=2023-04-21 16:50:40.275]
04-21 16:50:40.276 20747 20881 D ar_activity: [TRACKING TransformPointToPose time=2023-04-21 16:50:40.276]
04-21 16:50:40.276 20747 20881 D ar_activity: send stroke to firebase, id=-NT__JyPl4f30chO8Hm3
04-21 16:50:40.276 20747 20881 D ar_activity: [[2d] after update lines time=2023-04-21 16:50:40.276]
04-21 16:50:40.295 20747 20881 D ar_activity: [TRACKING TransformPointToPose time=2023-04-21 16:50:40.295]
04-21 16:50:40.295 20747 20881 D ar_activity: [TRACKING TransformPointToPose time=2023-04-21 16:50:40.295]
04-21 16:50:40.295 20747 20881 D ar_activity: send stroke to firebase, id=-NT__JyPl4f30chO8Hm3
04-21 16:50:40.298 20747 20881 D ar_activity: [[2d] after update lines time=2023-04-21 16:50:40.296]
04-21 16:50:40.310 20747 20747 D ar_activity: [[2a end - 2d start] onChildChanged stroke id=-NT__JyPl4f30chO8Hm3 time=2023-04-21 16:50:40.310]
04-21 16:50:40.318 20747 20881 D ar_activity: [TRACKING TransformPointToPose time=2023-04-21 16:50:40.318]
04-21 16:50:40.319 20747 20881 D ar_activity: [TRACKING TransformPointToPose time=2023-04-21 16:50:40.318]
04-21 16:50:40.319 20747 20881 D ar_activity: send stroke to firebase, id=-NT__JyPl4f30chO8Hm3
04-21 16:50:40.321 20747 20881 D ar_activity: [[2d] after update lines time=2023-04-21 16:50:40.320]
04-21 16:50:40.341 20747 20881 D ar_activity: [TRACKING TransformPointToPose time=2023-04-21 16:50:40.341]
04-21 16:50:40.341 20747 20881 D ar_activity: [TRACKING TransformPointToPose time=2023-04-21 16:50:40.341]
04-21 16:50:40.341 20747 20881 D ar_activity: send stroke to firebase, id=-NT__JyPl4f30chO8Hm3
04-21 16:50:40.342 20747 20881 D ar_activity: [[2d] after update lines time=2023-04-21 16:50:40.342]
04-21 16:50:40.358 20747 20747 D ar_activity: [[2a end - 2d start] onChildChanged stroke id=-NT__JyPl4f30chO8Hm3 time=2023-04-21 16:50:40.358]
04-21 16:50:40.360 20747 20881 D ar_activity: [TRACKING TransformPointToPose time=2023-04-21 16:50:40.360]
04-21 16:50:40.361 20747 20881 D ar_activity: [TRACKING TransformPointToPose time=2023-04-21 16:50:40.361]
04-21 16:50:40.361 20747 20881 D ar_activity: send stroke to firebase, id=-NT__JyPl4f30chO8Hm3
04-21 16:50:40.361 20747 20881 D ar_activity: [[2d] after update lines time=2023-04-21 16:50:40.361]
04-21 16:50:40.382 20747 20881 D ar_activity: [TRACKING TransformPointToPose time=2023-04-21 16:50:40.382]
04-21 16:50:40.382 20747 20881 D ar_activity: [TRACKING TransformPointToPose time=2023-04-21 16:50:40.382]
04-21 16:50:40.382 20747 20881 D ar_activity: send stroke to firebase, id=-NT__JyPl4f30chO8Hm3
04-21 16:50:40.383 20747 20881 D ar_activity: [[2d] after update lines time=2023-04-21 16:50:40.383]
04-21 16:50:40.401 20747 20881 D ar_activity: [TRACKING TransformPointToPose time=2023-04-21 16:50:40.401]
04-21 16:50:40.402 20747 20881 D ar_activity: [TRACKING TransformPointToPose time=2023-04-21 16:50:40.402]
04-21 16:50:40.402 20747 20881 D ar_activity: send stroke to firebase, id=-NT__JyPl4f30chO8Hm3
04-21 16:50:40.402 20747 20881 D ar_activity: [[2d] after update lines time=2023-04-21 16:50:40.402]
04-21 16:50:40.419 20747 20747 D ar_activity: [[2a end - 2d start] onChildChanged stroke id=-NT__JyPl4f30chO8Hm3 time=2023-04-21 16:50:40.419]
04-21 16:50:40.425 20747 20881 D ar_activity: [TRACKING TransformPointToPose time=2023-04-21 16:50:40.424]
04-21 16:50:40.425 20747 20881 D ar_activity: [TRACKING TransformPointToPose time=2023-04-21 16:50:40.425]
04-21 16:50:40.425 20747 20881 D ar_activity: send stroke to firebase, id=-NT__JyPl4f30chO8Hm3
04-21 16:50:40.426 20747 20881 D ar_activity: [[2d] after update lines time=2023-04-21 16:50:40.426]
04-21 16:50:40.449 20747 20881 D ar_activity: [TRACKING TransformPointToPose time=2023-04-21 16:50:40.449]
04-21 16:50:40.449 20747 20881 D ar_activity: [TRACKING TransformPointToPose time=2023-04-21 16:50:40.449]
04-21 16:50:40.449 20747 20881 D ar_activity: send stroke to firebase, id=-NT__JyPl4f30chO8Hm3
04-21 16:50:40.450 20747 20881 D ar_activity: [[2d] after update lines time=2023-04-21 16:50:40.450]
04-21 16:50:40.468 20747 20881 D ar_activity: [TRACKING TransformPointToPose time=2023-04-21 16:50:40.468]
04-21 16:50:40.469 20747 20881 D ar_activity: send stroke to firebase, id=-NT__JyPl4f30chO8Hm3
04-21 16:50:40.469 20747 20881 D ar_activity: [[2d] after update lines time=2023-04-21 16:50:40.469]
04-21 16:50:40.485 20747 20747 D ar_activity: [[2a end - 2d start] onChildChanged stroke id=-NT__JyPl4f30chO8Hm3 time=2023-04-21 16:50:40.485]
04-21 16:50:40.488 20747 20881 D ar_activity: [TRACKING TransformPointToPose time=2023-04-21 16:50:40.488]
04-21 16:50:40.488 20747 20881 D ar_activity: [TRACKING TransformPointToPose time=2023-04-21 16:50:40.488]
04-21 16:50:40.488 20747 20881 D ar_activity: send stroke to firebase, id=-NT__JyPl4f30chO8Hm3
04-21 16:50:40.490 20747 20881 D ar_activity: [[2d] after update lines time=2023-04-21 16:50:40.490]
04-21 16:50:40.509 20747 20881 D ar_activity: [TRACKING TransformPointToPose time=2023-04-21 16:50:40.508]
04-21 16:50:40.509 20747 20881 D ar_activity: [TRACKING TransformPointToPose time=2023-04-21 16:50:40.509]
04-21 16:50:40.509 20747 20881 D ar_activity: send stroke to firebase, id=-NT__JyPl4f30chO8Hm3
04-21 16:50:40.509 20747 20881 D ar_activity: [[2d] after update lines time=2023-04-21 16:50:40.509]
04-21 16:50:40.528 20747 20881 D ar_activity: [TRACKING TransformPointToPose time=2023-04-21 16:50:40.528]
04-21 16:50:40.528 20747 20881 D ar_activity: [TRACKING TransformPointToPose time=2023-04-21 16:50:40.528]
04-21 16:50:40.528 20747 20881 D ar_activity: send stroke to firebase, id=-NT__JyPl4f30chO8Hm3
04-21 16:50:40.529 20747 20881 D ar_activity: [[2d] after update lines time=2023-04-21 16:50:40.529]
04-21 16:50:40.544 20747 20747 D ar_activity: [[2a end - 2d start] onChildChanged stroke id=-NT__JyPl4f30chO8Hm3 time=2023-04-21 16:50:40.544]
04-21 16:50:40.550 20747 20881 D ar_activity: [TRACKING TransformPointToPose time=2023-04-21 16:50:40.550]
04-21 16:50:40.550 20747 20881 D ar_activity: [TRACKING TransformPointToPose time=2023-04-21 16:50:40.550]
04-21 16:50:40.550 20747 20881 D ar_activity: send stroke to firebase, id=-NT__JyPl4f30chO8Hm3
04-21 16:50:40.551 20747 20881 D ar_activity: [[2d] after update lines time=2023-04-21 16:50:40.551]
04-21 16:50:40.569 20747 20881 D ar_activity: [TRACKING TransformPointToPose time=2023-04-21 16:50:40.569]
04-21 16:50:40.569 20747 20881 D ar_activity: [TRACKING TransformPointToPose time=2023-04-21 16:50:40.569]
04-21 16:50:40.570 20747 20881 D ar_activity: send stroke to firebase, id=-NT__JyPl4f30chO8Hm3
04-21 16:50:40.570 20747 20881 D ar_activity: [[2d] after update lines time=2023-04-21 16:50:40.570]
04-21 16:50:40.589 20747 20881 D ar_activity: [TRACKING TransformPointToPose time=2023-04-21 16:50:40.588]
04-21 16:50:40.590 20747 20881 D ar_activity: send stroke to firebase, id=-NT__JyPl4f30chO8Hm3
04-21 16:50:40.591 20747 20881 D ar_activity: [[2d] after update lines time=2023-04-21 16:50:40.591]
04-21 16:50:40.609 20747 20881 D ar_activity: [TRACKING TransformPointToPose time=2023-04-21 16:50:40.609]
04-21 16:50:40.610 20747 20881 D ar_activity: send stroke to firebase, id=-NT__JyPl4f30chO8Hm3
04-21 16:50:40.610 20747 20881 D ar_activity: [[2d] after update lines time=2023-04-21 16:50:40.610]
04-21 16:50:40.628 20747 20747 D ar_activity: [[2a end - 2d start] onChildChanged stroke id=-NT__JyPl4f30chO8Hm3 time=2023-04-21 16:50:40.627]
04-21 16:50:40.633 20747 20881 D ar_activity: [TRACKING TransformPointToPose time=2023-04-21 16:50:40.632]
04-21 16:50:40.633 20747 20881 D ar_activity: send stroke to firebase, id=-NT__JyPl4f30chO8Hm3
04-21 16:50:40.633 20747 20881 D ar_activity: [[2d] after update lines time=2023-04-21 16:50:40.633]
04-21 16:50:40.652 20747 20881 D ar_activity: [TRACKING TransformPointToPose time=2023-04-21 16:50:40.652]
04-21 16:50:40.652 20747 20881 D ar_activity: send stroke to firebase, id=-NT__JyPl4f30chO8Hm3
04-21 16:50:40.653 20747 20881 D ar_activity: [[2d] after update lines time=2023-04-21 16:50:40.653]
04-21 16:50:40.671 20747 20881 D ar_activity: [TRACKING TransformPointToPose time=2023-04-21 16:50:40.671]
04-21 16:50:40.671 20747 20881 D ar_activity: [TRACKING TransformPointToPose time=2023-04-21 16:50:40.671]
04-21 16:50:40.672 20747 20881 D ar_activity: send stroke to firebase, id=-NT__JyPl4f30chO8Hm3
04-21 16:50:40.672 20747 20881 D ar_activity: [[2d] after update lines time=2023-04-21 16:50:40.672]
04-21 16:50:40.679 20747 20747 D ar_activity: [[2a end - 2d start] onChildChanged stroke id=-NT__JyPl4f30chO8Hm3 time=2023-04-21 16:50:40.679]
04-21 16:50:40.691 20747 20881 D ar_activity: [TRACKING TransformPointToPose time=2023-04-21 16:50:40.691]
04-21 16:50:40.691 20747 20881 D ar_activity: [TRACKING TransformPointToPose time=2023-04-21 16:50:40.691]
04-21 16:50:40.691 20747 20881 D ar_activity: send stroke to firebase, id=-NT__JyPl4f30chO8Hm3
04-21 16:50:40.692 20747 20881 D ar_activity: [[2d] after update lines time=2023-04-21 16:50:40.692]
04-21 16:50:40.711 20747 20881 D ar_activity: [TRACKING TransformPointToPose time=2023-04-21 16:50:40.710]
04-21 16:50:40.711 20747 20881 D ar_activity: send stroke to firebase, id=-NT__JyPl4f30chO8Hm3
04-21 16:50:40.713 20747 20881 D ar_activity: [[2d] after update lines time=2023-04-21 16:50:40.711]
04-21 16:50:40.734 20747 20881 D ar_activity: [TRACKING TransformPointToPose time=2023-04-21 16:50:40.733]
04-21 16:50:40.734 20747 20881 D ar_activity: [TRACKING TransformPointToPose time=2023-04-21 16:50:40.734]
04-21 16:50:40.734 20747 20881 D ar_activity: send stroke to firebase, id=-NT__JyPl4f30chO8Hm3
04-21 16:50:40.735 20747 20881 D ar_activity: [[2d] after update lines time=2023-04-21 16:50:40.734]
04-21 16:50:40.755 20747 20881 D ar_activity: [TRACKING TransformPointToPose time=2023-04-21 16:50:40.755]
04-21 16:50:40.756 20747 20881 D ar_activity: send stroke to firebase, id=-NT__JyPl4f30chO8Hm3
04-21 16:50:40.758 20747 20747 D ar_activity: [[2a end - 2d start] onChildChanged stroke id=-NT__JyPl4f30chO8Hm3 time=2023-04-21 16:50:40.758]
04-21 16:50:40.758 20747 20881 D ar_activity: [[2d] after update lines time=2023-04-21 16:50:40.757]
04-21 16:50:40.780 20747 20881 D ar_activity: [TRACKING TransformPointToPose time=2023-04-21 16:50:40.780]
04-21 16:50:40.781 20747 20881 D ar_activity: [TRACKING TransformPointToPose time=2023-04-21 16:50:40.781]
04-21 16:50:40.781 20747 20881 D ar_activity: send stroke to firebase, id=-NT__JyPl4f30chO8Hm3
04-21 16:50:40.782 20747 20881 D ar_activity: [[2d] after update lines time=2023-04-21 16:50:40.782]
04-21 16:50:40.800 20747 20881 D ar_activity: [TRACKING TransformPointToPose time=2023-04-21 16:50:40.800]
04-21 16:50:40.802 20747 20881 D ar_activity: send stroke to firebase, id=-NT__JyPl4f30chO8Hm3
04-21 16:50:40.802 20747 20881 D ar_activity: [[2d] after update lines time=2023-04-21 16:50:40.802]
04-21 16:50:40.818 20747 20747 D ar_activity: [[2a end - 2d start] onChildChanged stroke id=-NT__JyPl4f30chO8Hm3 time=2023-04-21 16:50:40.818]
04-21 16:50:40.821 20747 20881 D ar_activity: [TRACKING TransformPointToPose time=2023-04-21 16:50:40.821]
04-21 16:50:40.821 20747 20881 D ar_activity: send stroke to firebase, id=-NT__JyPl4f30chO8Hm3
04-21 16:50:40.822 20747 20881 D ar_activity: [[2d] after update lines time=2023-04-21 16:50:40.822]
04-21 16:50:40.841 20747 20881 D ar_activity: [TRACKING TransformPointToPose time=2023-04-21 16:50:40.841]
04-21 16:50:40.842 20747 20881 D ar_activity: [TRACKING TransformPointToPose time=2023-04-21 16:50:40.842]
04-21 16:50:40.842 20747 20881 D ar_activity: send stroke to firebase, id=-NT__JyPl4f30chO8Hm3
04-21 16:50:40.843 20747 20881 D ar_activity: [[2d] after update lines time=2023-04-21 16:50:40.842]
04-21 16:50:40.861 20747 20881 D ar_activity: [TRACKING TransformPointToPose time=2023-04-21 16:50:40.861]
04-21 16:50:40.862 20747 20881 D ar_activity: [TRACKING TransformPointToPose time=2023-04-21 16:50:40.862]
04-21 16:50:40.862 20747 20881 D ar_activity: send stroke to firebase, id=-NT__JyPl4f30chO8Hm3
04-21 16:50:40.863 20747 20881 D ar_activity: [[2d] after update lines time=2023-04-21 16:50:40.863]
04-21 16:50:40.884 20747 20881 D ar_activity: [TRACKING TransformPointToPose time=2023-04-21 16:50:40.884]
04-21 16:50:40.884 20747 20881 D ar_activity: [TRACKING TransformPointToPose time=2023-04-21 16:50:40.884]
04-21 16:50:40.885 20747 20881 D ar_activity: send stroke to firebase, id=-NT__JyPl4f30chO8Hm3
04-21 16:50:40.886 20747 20881 D ar_activity: [[2d] after update lines time=2023-04-21 16:50:40.885]
04-21 16:50:40.895 20747 20747 D ar_activity: [[2a end - 2d start] onChildChanged stroke id=-NT__JyPl4f30chO8Hm3 time=2023-04-21 16:50:40.894]
04-21 16:50:40.909 20747 20881 D ar_activity: [TRACKING TransformPointToPose time=2023-04-21 16:50:40.909]
04-21 16:50:40.910 20747 20881 D ar_activity: [TRACKING TransformPointToPose time=2023-04-21 16:50:40.910]
04-21 16:50:40.911 20747 20881 D ar_activity: send stroke to firebase, id=-NT__JyPl4f30chO8Hm3
04-21 16:50:40.917 20747 20881 D ar_activity: [[2d] after update lines time=2023-04-21 16:50:40.915]
04-21 16:50:40.938 20747 20881 D ar_activity: [TRACKING TransformPointToPose time=2023-04-21 16:50:40.938]
04-21 16:50:40.939 20747 20881 D ar_activity: [TRACKING TransformPointToPose time=2023-04-21 16:50:40.939]
04-21 16:50:40.939 20747 20881 D ar_activity: send stroke to firebase, id=-NT__JyPl4f30chO8Hm3
04-21 16:50:40.940 20747 20881 D ar_activity: [[2d] after update lines time=2023-04-21 16:50:40.940]
04-21 16:50:40.959 20747 20881 D ar_activity: [TRACKING TransformPointToPose time=2023-04-21 16:50:40.959]
