--------- beginning of main
04-21 17:08:40.903 26509 26634 D ar_activity: [[2d] after update lines time=2023-04-21 17:08:40.867]
04-21 17:08:45.268 26509 26509 D ar_activity: [--- pair start --- time=2023-04-21 17:08:45.268]
04-21 17:08:45.269 26509 26509 D ar_activity: [--- pair session start --- time=2023-04-21 17:08:45.268]
04-21 17:08:45.299 26509 26509 D ar_activity: [create room: Message{namespace='', type='', content=[34 bytes]} time=2023-04-21 17:08:45.299]
04-21 17:08:45.310 26509 26509 D ar_activity: LOOKING: 2023-04-21 17:08:45.310
04-21 17:08:47.730 26509 26509 D ar_activity: [--- pair joined --- time=2023-04-21 17:08:47.729]
04-21 17:08:47.731 26509 26509 D ar_activity: PARTNER FOUND: 2023-04-21 17:08:47.731
04-21 17:08:49.743 26509 26509 D ar_activity: SET ANCHOR: 2023-04-21 17:08:49.742
04-21 17:08:50.758 26509 26509 D ar_activity: [--- sync ready to set anchor --- time=2023-04-21 17:08:50.758]
04-21 17:08:50.942 26509 26509 D ar_activity: [--- sync: sendSetAnchorEvent --- time=2023-04-21 17:08:50.941]
04-21 17:08:50.942 26509 26509 D ar_activity: --- start creating anchor: 2023-04-21 17:08:50.942 ---
04-21 17:08:50.943 26509 26509 D ar_activity: --- anchor: com.google.ar.core.Anchor@b49f4ec9 ---
04-21 17:08:50.944 26509 26509 D ar_activity: --- finish creating anchor: 2023-04-21 17:08:50.943 ---
04-21 17:08:50.944 26509 26509 D ar_activity: [hostAnchor start time=2023-04-21 17:08:50.944]
04-21 17:08:50.945 26509 26509 D ar_activity: [hostAnchor end time=2023-04-21 17:08:50.944]
04-21 17:08:50.952 26509 26509 D ar_activity: Start CONNECTING: 2023-04-21 17:08:50.946
04-21 17:08:50.960 26509 26634 D ar_activity: [--- anchor: onUpdate--- time=2023-04-21 17:08:50.960]
04-21 17:08:50.964 26509 26509 D ar_activity: [anchor resolution changed: null time=2023-04-21 17:08:50.963]
04-21 17:08:54.168 26509 26634 D ar_activity: [--- anchor: onUpdate--- time=2023-04-21 17:08:54.168]
04-21 17:08:54.270 26509 26634 D ar_activity: [--- anchor: onUpdate--- time=2023-04-21 17:08:54.270]
04-21 17:08:54.272 26509 26634 D ar_activity: [--- onAnchorHosted [HOSTED]--- time=2023-04-21 17:08:54.271]
04-21 17:08:54.283 26509 26509 D ar_activity: [anchor resolution changed: false time=2023-04-21 17:08:54.283]
04-21 17:08:58.085 26509 26509 D ar_activity: [--- sync: finish syncing anchor --- time=2023-04-21 17:08:58.085]
04-21 17:08:58.094 26509 26509 D ar_activity: SYNCED: 2023-04-21 17:08:58.093
04-21 17:09:05.672 26509 26509 D ar_activity: [[1a start] touch screen time=2023-04-21 17:09:05.671]
04-21 17:09:05.684 26509 26634 D ar_activity: addStroke at 2023-04-21 17:09:05.684
04-21 17:09:05.689 26509 26634 D ar_activity: stroke (id: -NT_dYEs_KZTRJ8XiBIs) was added at 2023-04-21 17:09:05.688
04-21 17:09:05.690 26509 26634 D ar_activity: [[1b start] setFirebaseValue stroke id=-NT_dYEs_KZTRJ8XiBIs time=2023-04-21 17:09:05.690]
04-21 17:09:05.698 26509 26634 D ar_activity: [TRACKING TransformPointToPose time=2023-04-21 17:09:05.698]
04-21 17:09:05.706 26509 26634 D ar_activity: send stroke to firebase, id=-NT_dYEs_KZTRJ8XiBIs
04-21 17:09:05.706 26509 26509 D ar_activity: [[2a end - 2d start] onChildAdded stroke id=-NT_dYEs_KZTRJ8XiBIs time=2023-04-21 17:09:05.706]
04-21 17:09:05.707 26509 26634 D ar_activity: [[2d] after update lines time=2023-04-21 17:09:05.707]
04-21 17:09:05.730 26509 26634 D ar_activity: [TRACKING TransformPointToPose time=2023-04-21 17:09:05.729]
04-21 17:09:05.730 26509 26634 D ar_activity: [TRACKING TransformPointToPose time=2023-04-21 17:09:05.730]
04-21 17:09:05.731 26509 26634 D ar_activity: send stroke to firebase, id=-NT_dYEs_KZTRJ8XiBIs
04-21 17:09:05.732 26509 26634 D ar_activity: [[2d] after update lines time=2023-04-21 17:09:05.732]
04-21 17:09:05.758 26509 26509 D ar_activity: [[1b start] setFirebaseValue stroke id=-NT_dYEs_KZTRJ8XiBIs time=2023-04-21 17:09:05.758]
04-21 17:09:05.762 26509 26634 D ar_activity: [TRACKING TransformPointToPose time=2023-04-21 17:09:05.761]
04-21 17:09:05.762 26509 26634 D ar_activity: [TRACKING TransformPointToPose time=2023-04-21 17:09:05.762]
04-21 17:09:05.762 26509 26634 D ar_activity: send stroke to firebase, id=-NT_dYEs_KZTRJ8XiBIs
04-21 17:09:05.763 26509 26634 D ar_activity: [[2d] after update lines time=2023-04-21 17:09:05.763]
04-21 17:09:05.766 26509 26509 D ar_activity: [[2a end - 2d start] onChildChanged stroke id=-NT_dYEs_KZTRJ8XiBIs time=2023-04-21 17:09:05.766]
04-21 17:09:05.784 26509 26634 D ar_activity: [TRACKING TransformPointToPose time=2023-04-21 17:09:05.782]
04-21 17:09:05.784 26509 26634 D ar_activity: [TRACKING TransformPointToPose time=2023-04-21 17:09:05.784]
04-21 17:09:05.785 26509 26634 D ar_activity: [TRACKING TransformPointToPose time=2023-04-21 17:09:05.784]
04-21 17:09:05.785 26509 26634 D ar_activity: send stroke to firebase, id=-NT_dYEs_KZTRJ8XiBIs
04-21 17:09:05.788 26509 26634 D ar_activity: [[2d] after update lines time=2023-04-21 17:09:05.788]
04-21 17:09:05.807 26509 26634 D ar_activity: [TRACKING TransformPointToPose time=2023-04-21 17:09:05.807]
04-21 17:09:05.808 26509 26634 D ar_activity: [TRACKING TransformPointToPose time=2023-04-21 17:09:05.808]
04-21 17:09:05.808 26509 26634 D ar_activity: send stroke to firebase, id=-NT_dYEs_KZTRJ8XiBIs
04-21 17:09:05.808 26509 26634 D ar_activity: [[2d] after update lines time=2023-04-21 17:09:05.808]
04-21 17:09:05.829 26509 26634 D ar_activity: [TRACKING TransformPointToPose time=2023-04-21 17:09:05.829]
04-21 17:09:05.830 26509 26634 D ar_activity: [TRACKING TransformPointToPose time=2023-04-21 17:09:05.830]
04-21 17:09:05.830 26509 26634 D ar_activity: send stroke to firebase, id=-NT_dYEs_KZTRJ8XiBIs
04-21 17:09:05.832 26509 26634 D ar_activity: [[2d] after update lines time=2023-04-21 17:09:05.832]
04-21 17:09:05.865 26509 26634 D ar_activity: [TRACKING TransformPointToPose time=2023-04-21 17:09:05.864]
04-21 17:09:05.865 26509 26634 D ar_activity: send stroke to firebase, id=-NT_dYEs_KZTRJ8XiBIs
04-21 17:09:05.867 26509 26634 D ar_activity: [[2d] after update lines time=2023-04-21 17:09:05.866]
04-21 17:09:05.868 26509 26509 D ar_activity: [[2a end - 2d start] onChildChanged stroke id=-NT_dYEs_KZTRJ8XiBIs time=2023-04-21 17:09:05.844]
04-21 17:09:05.892 26509 26634 D ar_activity: [TRACKING TransformPointToPose time=2023-04-21 17:09:05.892]
04-21 17:09:05.893 26509 26634 D ar_activity: [TRACKING TransformPointToPose time=2023-04-21 17:09:05.892]
04-21 17:09:05.893 26509 26634 D ar_activity: [TRACKING TransformPointToPose time=2023-04-21 17:09:05.893]
04-21 17:09:05.893 26509 26634 D ar_activity: send stroke to firebase, id=-NT_dYEs_KZTRJ8XiBIs
04-21 17:09:05.895 26509 26634 D ar_activity: [[2d] after update lines time=2023-04-21 17:09:05.894]
04-21 17:09:05.908 26509 26509 D ar_activity: [[2a end - 2d start] onChildChanged stroke id=-NT_dYEs_KZTRJ8XiBIs time=2023-04-21 17:09:05.908]
04-21 17:09:05.921 26509 26634 D ar_activity: [TRACKING TransformPointToPose time=2023-04-21 17:09:05.917]
04-21 17:09:05.922 26509 26634 D ar_activity: send stroke to firebase, id=-NT_dYEs_KZTRJ8XiBIs
04-21 17:09:05.926 26509 26634 D ar_activity: [[2d] after update lines time=2023-04-21 17:09:05.925]
04-21 17:09:05.949 26509 26634 D ar_activity: [TRACKING TransformPointToPose time=2023-04-21 17:09:05.949]
04-21 17:09:05.949 26509 26634 D ar_activity: [TRACKING TransformPointToPose time=2023-04-21 17:09:05.949]
04-21 17:09:05.950 26509 26634 D ar_activity: [TRACKING TransformPointToPose time=2023-04-21 17:09:05.949]
04-21 17:09:05.950 26509 26634 D ar_activity: [TRACKING TransformPointToPose time=2023-04-21 17:09:05.950]
04-21 17:09:05.950 26509 26634 D ar_activity: send stroke to firebase, id=-NT_dYEs_KZTRJ8XiBIs
04-21 17:09:05.951 26509 26634 D ar_activity: [[2d] after update lines time=2023-04-21 17:09:05.950]
04-21 17:09:05.971 26509 26634 D ar_activity: [TRACKING TransformPointToPose time=2023-04-21 17:09:05.971]
04-21 17:09:05.972 26509 26634 D ar_activity: [TRACKING TransformPointToPose time=2023-04-21 17:09:05.971]
04-21 17:09:05.972 26509 26634 D ar_activity: send stroke to firebase, id=-NT_dYEs_KZTRJ8XiBIs
04-21 17:09:05.973 26509 26634 D ar_activity: [[2d] after update lines time=2023-04-21 17:09:05.972]
04-21 17:09:05.990 26509 26509 D ar_activity: [[2a end - 2d start] onChildChanged stroke id=-NT_dYEs_KZTRJ8XiBIs time=2023-04-21 17:09:05.990]
04-21 17:09:05.992 26509 26634 D ar_activity: [TRACKING TransformPointToPose time=2023-04-21 17:09:05.992]
04-21 17:09:05.993 26509 26634 D ar_activity: [TRACKING TransformPointToPose time=2023-04-21 17:09:05.992]
04-21 17:09:05.993 26509 26634 D ar_activity: send stroke to firebase, id=-NT_dYEs_KZTRJ8XiBIs
04-21 17:09:05.993 26509 26634 D ar_activity: [[2d] after update lines time=2023-04-21 17:09:05.993]
04-21 17:09:06.022 26509 26634 D ar_activity: [TRACKING TransformPointToPose time=2023-04-21 17:09:06.012]
04-21 17:09:06.022 26509 26634 D ar_activity: send stroke to firebase, id=-NT_dYEs_KZTRJ8XiBIs
04-21 17:09:06.027 26509 26634 D ar_activity: [[2d] after update lines time=2023-04-21 17:09:06.026]
04-21 17:09:06.047 26509 26634 D ar_activity: [TRACKING TransformPointToPose time=2023-04-21 17:09:06.047]
04-21 17:09:06.048 26509 26634 D ar_activity: [TRACKING TransformPointToPose time=2023-04-21 17:09:06.047]
04-21 17:09:06.048 26509 26634 D ar_activity: send stroke to firebase, id=-NT_dYEs_KZTRJ8XiBIs
04-21 17:09:06.048 26509 26634 D ar_activity: [[2d] after update lines time=2023-04-21 17:09:06.048]
04-21 17:09:06.067 26509 26509 D ar_activity: [[2a end - 2d start] onChildChanged stroke id=-NT_dYEs_KZTRJ8XiBIs time=2023-04-21 17:09:06.066]
04-21 17:09:06.067 26509 26634 D ar_activity: [TRACKING TransformPointToPose time=2023-04-21 17:09:06.067]
04-21 17:09:06.068 26509 26634 D ar_activity: send stroke to firebase, id=-NT_dYEs_KZTRJ8XiBIs
04-21 17:09:06.068 26509 26634 D ar_activity: [[2d] after update lines time=2023-04-21 17:09:06.068]
04-21 17:09:06.089 26509 26634 D ar_activity: [TRACKING TransformPointToPose time=2023-04-21 17:09:06.089]
04-21 17:09:06.090 26509 26634 D ar_activity: [TRACKING TransformPointToPose time=2023-04-21 17:09:06.089]
04-21 17:09:06.090 26509 26634 D ar_activity: send stroke to firebase, id=-NT_dYEs_KZTRJ8XiBIs
04-21 17:09:06.090 26509 26634 D ar_activity: [[2d] after update lines time=2023-04-21 17:09:06.090]
04-21 17:09:06.109 26509 26634 D ar_activity: [TRACKING TransformPointToPose time=2023-04-21 17:09:06.109]
04-21 17:09:06.109 26509 26634 D ar_activity: [TRACKING TransformPointToPose time=2023-04-21 17:09:06.109]
04-21 17:09:06.109 26509 26634 D ar_activity: send stroke to firebase, id=-NT_dYEs_KZTRJ8XiBIs
04-21 17:09:06.110 26509 26634 D ar_activity: [[2d] after update lines time=2023-04-21 17:09:06.110]
04-21 17:09:06.131 26509 26634 D ar_activity: [TRACKING TransformPointToPose time=2023-04-21 17:09:06.130]
04-21 17:09:06.131 26509 26634 D ar_activity: [TRACKING TransformPointToPose time=2023-04-21 17:09:06.131]
04-21 17:09:06.131 26509 26634 D ar_activity: send stroke to firebase, id=-NT_dYEs_KZTRJ8XiBIs
04-21 17:09:06.132 26509 26634 D ar_activity: [[2d] after update lines time=2023-04-21 17:09:06.132]
04-21 17:09:06.142 26509 26509 D ar_activity: [[2a end - 2d start] onChildChanged stroke id=-NT_dYEs_KZTRJ8XiBIs time=2023-04-21 17:09:06.142]
04-21 17:09:06.152 26509 26634 D ar_activity: [TRACKING TransformPointToPose time=2023-04-21 17:09:06.152]
04-21 17:09:06.155 26509 26634 D ar_activity: [TRACKING TransformPointToPose time=2023-04-21 17:09:06.153]
04-21 17:09:06.155 26509 26634 D ar_activity: send stroke to firebase, id=-NT_dYEs_KZTRJ8XiBIs
04-21 17:09:06.156 26509 26634 D ar_activity: [[2d] after update lines time=2023-04-21 17:09:06.156]
04-21 17:09:06.175 26509 26634 D ar_activity: [TRACKING TransformPointToPose time=2023-04-21 17:09:06.175]
04-21 17:09:06.175 26509 26634 D ar_activity: [TRACKING TransformPointToPose time=2023-04-21 17:09:06.175]
04-21 17:09:06.175 26509 26634 D ar_activity: send stroke to firebase, id=-NT_dYEs_KZTRJ8XiBIs
04-21 17:09:06.176 26509 26634 D ar_activity: [[2d] after update lines time=2023-04-21 17:09:06.176]
04-21 17:09:06.200 26509 26509 D ar_activity: [[2a end - 2d start] onChildChanged stroke id=-NT_dYEs_KZTRJ8XiBIs time=2023-04-21 17:09:06.200]
04-21 17:09:06.206 26509 26634 D ar_activity: [TRACKING TransformPointToPose time=2023-04-21 17:09:06.206]
04-21 17:09:06.207 26509 26634 D ar_activity: [TRACKING TransformPointToPose time=2023-04-21 17:09:06.207]
04-21 17:09:06.207 26509 26634 D ar_activity: send stroke to firebase, id=-NT_dYEs_KZTRJ8XiBIs
04-21 17:09:06.210 26509 26634 D ar_activity: [[2d] after update lines time=2023-04-21 17:09:06.210]
04-21 17:09:06.230 26509 26634 D ar_activity: [TRACKING TransformPointToPose time=2023-04-21 17:09:06.230]
04-21 17:09:06.230 26509 26634 D ar_activity: [TRACKING TransformPointToPose time=2023-04-21 17:09:06.230]
04-21 17:09:06.230 26509 26634 D ar_activity: send stroke to firebase, id=-NT_dYEs_KZTRJ8XiBIs
04-21 17:09:06.231 26509 26634 D ar_activity: [[2d] after update lines time=2023-04-21 17:09:06.230]
04-21 17:09:06.251 26509 26634 D ar_activity: [TRACKING TransformPointToPose time=2023-04-21 17:09:06.250]
04-21 17:09:06.251 26509 26634 D ar_activity: [TRACKING TransformPointToPose time=2023-04-21 17:09:06.251]
04-21 17:09:06.252 26509 26634 D ar_activity: send stroke to firebase, id=-NT_dYEs_KZTRJ8XiBIs
04-21 17:09:06.255 26509 26634 D ar_activity: [[2d] after update lines time=2023-04-21 17:09:06.254]
04-21 17:09:06.277 26509 26634 D ar_activity: [TRACKING TransformPointToPose time=2023-04-21 17:09:06.276]
04-21 17:09:06.277 26509 26634 D ar_activity: [TRACKING TransformPointToPose time=2023-04-21 17:09:06.277]
04-21 17:09:06.277 26509 26634 D ar_activity: send stroke to firebase, id=-NT_dYEs_KZTRJ8XiBIs
04-21 17:09:06.277 26509 26634 D ar_activity: [[2d] after update lines time=2023-04-21 17:09:06.277]
04-21 17:09:06.282 26509 26509 D ar_activity: [[2a end - 2d start] onChildChanged stroke id=-NT_dYEs_KZTRJ8XiBIs time=2023-04-21 17:09:06.282]
04-21 17:09:06.297 26509 26634 D ar_activity: [TRACKING TransformPointToPose time=2023-04-21 17:09:06.297]
04-21 17:09:06.297 26509 26634 D ar_activity: [TRACKING TransformPointToPose time=2023-04-21 17:09:06.297]
04-21 17:09:06.298 26509 26634 D ar_activity: send stroke to firebase, id=-NT_dYEs_KZTRJ8XiBIs
04-21 17:09:06.299 26509 26634 D ar_activity: [[2d] after update lines time=2023-04-21 17:09:06.298]
04-21 17:09:06.321 26509 26634 D ar_activity: [TRACKING TransformPointToPose time=2023-04-21 17:09:06.319]
04-21 17:09:06.322 26509 26634 D ar_activity: [TRACKING TransformPointToPose time=2023-04-21 17:09:06.321]
04-21 17:09:06.322 26509 26634 D ar_activity: send stroke to firebase, id=-NT_dYEs_KZTRJ8XiBIs
04-21 17:09:06.323 26509 26634 D ar_activity: [[2d] after update lines time=2023-04-21 17:09:06.322]
04-21 17:09:06.340 26509 26509 D ar_activity: [[2a end - 2d start] onChildChanged stroke id=-NT_dYEs_KZTRJ8XiBIs time=2023-04-21 17:09:06.340]
04-21 17:09:06.344 26509 26634 D ar_activity: [TRACKING TransformPointToPose time=2023-04-21 17:09:06.344]
04-21 17:09:06.345 26509 26634 D ar_activity: [TRACKING TransformPointToPose time=2023-04-21 17:09:06.344]
04-21 17:09:06.345 26509 26634 D ar_activity: send stroke to firebase, id=-NT_dYEs_KZTRJ8XiBIs
04-21 17:09:06.347 26509 26634 D ar_activity: [[2d] after update lines time=2023-04-21 17:09:06.347]
04-21 17:09:06.366 26509 26634 D ar_activity: [TRACKING TransformPointToPose time=2023-04-21 17:09:06.366]
04-21 17:09:06.367 26509 26634 D ar_activity: [TRACKING TransformPointToPose time=2023-04-21 17:09:06.367]
04-21 17:09:06.367 26509 26634 D ar_activity: send stroke to firebase, id=-NT_dYEs_KZTRJ8XiBIs
04-21 17:09:06.368 26509 26634 D ar_activity: [[2d] after update lines time=2023-04-21 17:09:06.368]
04-21 17:09:06.389 26509 26634 D ar_activity: [TRACKING TransformPointToPose time=2023-04-21 17:09:06.389]
04-21 17:09:06.389 26509 26634 D ar_activity: [TRACKING TransformPointToPose time=2023-04-21 17:09:06.389]
04-21 17:09:06.389 26509 26634 D ar_activity: send stroke to firebase, id=-NT_dYEs_KZTRJ8XiBIs
04-21 17:09:06.390 26509 26634 D ar_activity: [[2d] after update lines time=2023-04-21 17:09:06.390]
04-21 17:09:06.409 26509 26634 D ar_activity: [TRACKING TransformPointToPose time=2023-04-21 17:09:06.409]
04-21 17:09:06.409 26509 26634 D ar_activity: [TRACKING TransformPointToPose time=2023-04-21 17:09:06.409]
04-21 17:09:06.409 26509 26634 D ar_activity: send stroke to firebase, id=-NT_dYEs_KZTRJ8XiBIs
04-21 17:09:06.410 26509 26634 D ar_activity: [[2d] after update lines time=2023-04-21 17:09:06.410]
04-21 17:09:06.418 26509 26509 D ar_activity: [[2a end - 2d start] onChildChanged stroke id=-NT_dYEs_KZTRJ8XiBIs time=2023-04-21 17:09:06.418]
04-21 17:09:06.428 26509 26634 D ar_activity: [TRACKING TransformPointToPose time=2023-04-21 17:09:06.428]
04-21 17:09:06.429 26509 26634 D ar_activity: [TRACKING TransformPointToPose time=2023-04-21 17:09:06.428]
04-21 17:09:06.429 26509 26634 D ar_activity: send stroke to firebase, id=-NT_dYEs_KZTRJ8XiBIs
04-21 17:09:06.430 26509 26634 D ar_activity: [[2d] after update lines time=2023-04-21 17:09:06.429]
04-21 17:09:06.448 26509 26634 D ar_activity: [TRACKING TransformPointToPose time=2023-04-21 17:09:06.448]
04-21 17:09:06.448 26509 26634 D ar_activity: [TRACKING TransformPointToPose time=2023-04-21 17:09:06.448]
04-21 17:09:06.448 26509 26634 D ar_activity: send stroke to firebase, id=-NT_dYEs_KZTRJ8XiBIs
04-21 17:09:06.449 26509 26634 D ar_activity: [[2d] after update lines time=2023-04-21 17:09:06.449]
04-21 17:09:06.467 26509 26634 D ar_activity: [TRACKING TransformPointToPose time=2023-04-21 17:09:06.467]
04-21 17:09:06.468 26509 26634 D ar_activity: send stroke to firebase, id=-NT_dYEs_KZTRJ8XiBIs
04-21 17:09:06.468 26509 26634 D ar_activity: [[2d] after update lines time=2023-04-21 17:09:06.468]
04-21 17:09:06.482 26509 26509 D ar_activity: [[2a end - 2d start] onChildChanged stroke id=-NT_dYEs_KZTRJ8XiBIs time=2023-04-21 17:09:06.482]
04-21 17:09:06.489 26509 26634 D ar_activity: [TRACKING TransformPointToPose time=2023-04-21 17:09:06.489]
04-21 17:09:06.490 26509 26634 D ar_activity: [TRACKING TransformPointToPose time=2023-04-21 17:09:06.489]
04-21 17:09:06.490 26509 26634 D ar_activity: send stroke to firebase, id=-NT_dYEs_KZTRJ8XiBIs
04-21 17:09:06.491 26509 26634 D ar_activity: [[2d] after update lines time=2023-04-21 17:09:06.490]
04-21 17:09:06.509 26509 26634 D ar_activity: [TRACKING TransformPointToPose time=2023-04-21 17:09:06.509]
04-21 17:09:06.510 26509 26634 D ar_activity: [TRACKING TransformPointToPose time=2023-04-21 17:09:06.510]
04-21 17:09:06.510 26509 26634 D ar_activity: send stroke to firebase, id=-NT_dYEs_KZTRJ8XiBIs
04-21 17:09:06.510 26509 26634 D ar_activity: [[2d] after update lines time=2023-04-21 17:09:06.510]
04-21 17:09:06.530 26509 26634 D ar_activity: [TRACKING TransformPointToPose time=2023-04-21 17:09:06.530]
04-21 17:09:06.530 26509 26634 D ar_activity: [TRACKING TransformPointToPose time=2023-04-21 17:09:06.530]
04-21 17:09:06.530 26509 26634 D ar_activity: send stroke to firebase, id=-NT_dYEs_KZTRJ8XiBIs
04-21 17:09:06.534 26509 26634 D ar_activity: [[2d] after update lines time=2023-04-21 17:09:06.533]
04-21 17:09:06.547 26509 26509 D ar_activity: [[2a end - 2d start] onChildChanged stroke id=-NT_dYEs_KZTRJ8XiBIs time=2023-04-21 17:09:06.547]
04-21 17:09:06.557 26509 26634 D ar_activity: [TRACKING TransformPointToPose time=2023-04-21 17:09:06.557]
04-21 17:09:06.557 26509 26634 D ar_activity: send stroke to firebase, id=-NT_dYEs_KZTRJ8XiBIs
04-21 17:09:06.560 26509 26634 D ar_activity: [[2d] after update lines time=2023-04-21 17:09:06.560]
04-21 17:09:06.584 26509 26634 D ar_activity: [TRACKING TransformPointToPose time=2023-04-21 17:09:06.584]
04-21 17:09:06.585 26509 26634 D ar_activity: [TRACKING TransformPointToPose time=2023-04-21 17:09:06.584]
04-21 17:09:06.585 26509 26634 D ar_activity: [TRACKING TransformPointToPose time=2023-04-21 17:09:06.585]
04-21 17:09:06.586 26509 26634 D ar_activity: send stroke to firebase, id=-NT_dYEs_KZTRJ8XiBIs
04-21 17:09:06.589 26509 26634 D ar_activity: [[2d] after update lines time=2023-04-21 17:09:06.587]
04-21 17:09:06.605 26509 26509 D ar_activity: [[2a end - 2d start] onChildChanged stroke id=-NT_dYEs_KZTRJ8XiBIs time=2023-04-21 17:09:06.605]
04-21 17:09:06.611 26509 26634 D ar_activity: [TRACKING TransformPointToPose time=2023-04-21 17:09:06.611]
04-21 17:09:06.611 26509 26634 D ar_activity: [TRACKING TransformPointToPose time=2023-04-21 17:09:06.611]
04-21 17:09:06.611 26509 26634 D ar_activity: send stroke to firebase, id=-NT_dYEs_KZTRJ8XiBIs
04-21 17:09:06.612 26509 26634 D ar_activity: [[2d] after update lines time=2023-04-21 17:09:06.612]
04-21 17:09:06.633 26509 26634 D ar_activity: [TRACKING TransformPointToPose time=2023-04-21 17:09:06.633]
04-21 17:09:06.633 26509 26634 D ar_activity: [TRACKING TransformPointToPose time=2023-04-21 17:09:06.633]
04-21 17:09:06.633 26509 26634 D ar_activity: send stroke to firebase, id=-NT_dYEs_KZTRJ8XiBIs
04-21 17:09:06.634 26509 26634 D ar_activity: [[2d] after update lines time=2023-04-21 17:09:06.634]
04-21 17:09:06.652 26509 26634 D ar_activity: [TRACKING TransformPointToPose time=2023-04-21 17:09:06.652]
04-21 17:09:06.652 26509 26634 D ar_activity: [TRACKING TransformPointToPose time=2023-04-21 17:09:06.652]
04-21 17:09:06.653 26509 26634 D ar_activity: send stroke to firebase, id=-NT_dYEs_KZTRJ8XiBIs
04-21 17:09:06.653 26509 26634 D ar_activity: [[2d] after update lines time=2023-04-21 17:09:06.653]
04-21 17:09:06.674 26509 26634 D ar_activity: [TRACKING TransformPointToPose time=2023-04-21 17:09:06.674]
04-21 17:09:06.675 26509 26634 D ar_activity: [TRACKING TransformPointToPose time=2023-04-21 17:09:06.675]
04-21 17:09:06.675 26509 26634 D ar_activity: send stroke to firebase, id=-NT_dYEs_KZTRJ8XiBIs
04-21 17:09:06.676 26509 26634 D ar_activity: [[2d] after update lines time=2023-04-21 17:09:06.675]
04-21 17:09:06.694 26509 26634 D ar_activity: [TRACKING TransformPointToPose time=2023-04-21 17:09:06.694]
04-21 17:09:06.695 26509 26634 D ar_activity: [TRACKING TransformPointToPose time=2023-04-21 17:09:06.694]
04-21 17:09:06.695 26509 26634 D ar_activity: send stroke to firebase, id=-NT_dYEs_KZTRJ8XiBIs
04-21 17:09:06.695 26509 26509 D ar_activity: [[2a end - 2d start] onChildChanged stroke id=-NT_dYEs_KZTRJ8XiBIs time=2023-04-21 17:09:06.695]
04-21 17:09:06.695 26509 26634 D ar_activity: [[2d] after update lines time=2023-04-21 17:09:06.695]
04-21 17:09:06.716 26509 26634 D ar_activity: [TRACKING TransformPointToPose time=2023-04-21 17:09:06.715]
04-21 17:09:06.716 26509 26634 D ar_activity: [TRACKING TransformPointToPose time=2023-04-21 17:09:06.716]
04-21 17:09:06.717 26509 26634 D ar_activity: send stroke to firebase, id=-NT_dYEs_KZTRJ8XiBIs
04-21 17:09:06.718 26509 26634 D ar_activity: [[2d] after update lines time=2023-04-21 17:09:06.717]
04-21 17:09:06.739 26509 26634 D ar_activity: [TRACKING TransformPointToPose time=2023-04-21 17:09:06.739]
04-21 17:09:06.739 26509 26634 D ar_activity: [TRACKING TransformPointToPose time=2023-04-21 17:09:06.739]
04-21 17:09:06.739 26509 26634 D ar_activity: send stroke to firebase, id=-NT_dYEs_KZTRJ8XiBIs
04-21 17:09:06.740 26509 26634 D ar_activity: [[2d] after update lines time=2023-04-21 17:09:06.740]
04-21 17:09:06.751 26509 26509 D ar_activity: [[2a end - 2d start] onChildChanged stroke id=-NT_dYEs_KZTRJ8XiBIs time=2023-04-21 17:09:06.751]
04-21 17:09:06.759 26509 26634 D ar_activity: [TRACKING TransformPointToPose time=2023-04-21 17:09:06.759]
04-21 17:09:06.760 26509 26634 D ar_activity: [TRACKING TransformPointToPose time=2023-04-21 17:09:06.759]
04-21 17:09:06.760 26509 26634 D ar_activity: send stroke to firebase, id=-NT_dYEs_KZTRJ8XiBIs
04-21 17:09:06.760 26509 26634 D ar_activity: [[2d] after update lines time=2023-04-21 17:09:06.760]
04-21 17:09:06.780 26509 26634 D ar_activity: [TRACKING TransformPointToPose time=2023-04-21 17:09:06.779]
04-21 17:09:06.780 26509 26634 D ar_activity: send stroke to firebase, id=-NT_dYEs_KZTRJ8XiBIs
04-21 17:09:06.780 26509 26634 D ar_activity: [[2d] after update lines time=2023-04-21 17:09:06.780]
04-21 17:09:06.799 26509 26634 D ar_activity: [TRACKING TransformPointToPose time=2023-04-21 17:09:06.799]
04-21 17:09:06.799 26509 26634 D ar_activity: send stroke to firebase, id=-NT_dYEs_KZTRJ8XiBIs
04-21 17:09:06.800 26509 26634 D ar_activity: [[2d] after update lines time=2023-04-21 17:09:06.800]
04-21 17:09:06.826 26509 26634 D ar_activity: [TRACKING TransformPointToPose time=2023-04-21 17:09:06.826]
04-21 17:09:06.827 26509 26634 D ar_activity: [TRACKING TransformPointToPose time=2023-04-21 17:09:06.827]
04-21 17:09:06.828 26509 26634 D ar_activity: [TRACKING TransformPointToPose time=2023-04-21 17:09:06.827]
04-21 17:09:06.829 26509 26634 D ar_activity: send stroke to firebase, id=-NT_dYEs_KZTRJ8XiBIs
04-21 17:09:06.829 26509 26509 D ar_activity: [[2a end - 2d start] onChildChanged stroke id=-NT_dYEs_KZTRJ8XiBIs time=2023-04-21 17:09:06.829]
04-21 17:09:06.832 26509 26634 D ar_activity: [[2d] after update lines time=2023-04-21 17:09:06.831]
04-21 17:09:06.858 26509 26634 D ar_activity: [TRACKING TransformPointToPose time=2023-04-21 17:09:06.858]
04-21 17:09:06.858 26509 26634 D ar_activity: [TRACKING TransformPointToPose time=2023-04-21 17:09:06.858]
04-21 17:09:06.859 26509 26634 D ar_activity: [TRACKING TransformPointToPose time=2023-04-21 17:09:06.859]
04-21 17:09:06.859 26509 26634 D ar_activity: send stroke to firebase, id=-NT_dYEs_KZTRJ8XiBIs
04-21 17:09:06.860 26509 26634 D ar_activity: [[2d] after update lines time=2023-04-21 17:09:06.859]
04-21 17:09:06.882 26509 26634 D ar_activity: [TRACKING TransformPointToPose time=2023-04-21 17:09:06.882]
04-21 17:09:06.883 26509 26634 D ar_activity: [TRACKING TransformPointToPose time=2023-04-21 17:09:06.883]
04-21 17:09:06.883 26509 26634 D ar_activity: send stroke to firebase, id=-NT_dYEs_KZTRJ8XiBIs
04-21 17:09:06.884 26509 26634 D ar_activity: [[2d] after update lines time=2023-04-21 17:09:06.884]
04-21 17:09:06.903 26509 26509 D ar_activity: [[2a end - 2d start] onChildChanged stroke id=-NT_dYEs_KZTRJ8XiBIs time=2023-04-21 17:09:06.903]
04-21 17:09:06.908 26509 26634 D ar_activity: [TRACKING TransformPointToPose time=2023-04-21 17:09:06.908]
04-21 17:09:06.909 26509 26634 D ar_activity: [TRACKING TransformPointToPose time=2023-04-21 17:09:06.909]
04-21 17:09:06.909 26509 26634 D ar_activity: send stroke to firebase, id=-NT_dYEs_KZTRJ8XiBIs
04-21 17:09:06.911 26509 26634 D ar_activity: [[2d] after update lines time=2023-04-21 17:09:06.911]
04-21 17:09:06.932 26509 26634 D ar_activity: [TRACKING TransformPointToPose time=2023-04-21 17:09:06.932]
04-21 17:09:06.932 26509 26634 D ar_activity: [TRACKING TransformPointToPose time=2023-04-21 17:09:06.932]
04-21 17:09:06.932 26509 26634 D ar_activity: send stroke to firebase, id=-NT_dYEs_KZTRJ8XiBIs
04-21 17:09:06.933 26509 26634 D ar_activity: [[2d] after update lines time=2023-04-21 17:09:06.933]
04-21 17:09:06.951 26509 26634 D ar_activity: [TRACKING TransformPointToPose time=2023-04-21 17:09:06.951]
04-21 17:09:06.952 26509 26634 D ar_activity: [TRACKING TransformPointToPose time=2023-04-21 17:09:06.952]
04-21 17:09:06.952 26509 26634 D ar_activity: send stroke to firebase, id=-NT_dYEs_KZTRJ8XiBIs
04-21 17:09:06.957 26509 26634 D ar_activity: [[2d] after update lines time=2023-04-21 17:09:06.956]
04-21 17:09:06.977 26509 26634 D ar_activity: [TRACKING TransformPointToPose time=2023-04-21 17:09:06.976]
04-21 17:09:06.977 26509 26634 D ar_activity: [TRACKING TransformPointToPose time=2023-04-21 17:09:06.977]
04-21 17:09:06.977 26509 26634 D ar_activity: send stroke to firebase, id=-NT_dYEs_KZTRJ8XiBIs
04-21 17:09:06.981 26509 26634 D ar_activity: [[2d] after update lines time=2023-04-21 17:09:06.980]
04-21 17:09:06.994 26509 26509 D ar_activity: [[2a end - 2d start] onChildChanged stroke id=-NT_dYEs_KZTRJ8XiBIs time=2023-04-21 17:09:06.993]
04-21 17:09:07.000 26509 26634 D ar_activity: [TRACKING TransformPointToPose time=2023-04-21 17:09:06.999]
04-21 17:09:07.000 26509 26634 D ar_activity: [TRACKING TransformPointToPose time=2023-04-21 17:09:07.000]
04-21 17:09:07.000 26509 26634 D ar_activity: send stroke to firebase, id=-NT_dYEs_KZTRJ8XiBIs
04-21 17:09:07.000 26509 26634 D ar_activity: [[2d] after update lines time=2023-04-21 17:09:07.000]
04-21 17:09:07.019 26509 26634 D ar_activity: [TRACKING TransformPointToPose time=2023-04-21 17:09:07.019]
04-21 17:09:07.020 26509 26634 D ar_activity: [TRACKING TransformPointToPose time=2023-04-21 17:09:07.020]
04-21 17:09:07.023 26509 26634 D ar_activity: send stroke to firebase, id=-NT_dYEs_KZTRJ8XiBIs
04-21 17:09:07.023 26509 26634 D ar_activity: [[2d] after update lines time=2023-04-21 17:09:07.023]
04-21 17:09:07.042 26509 26634 D ar_activity: [TRACKING TransformPointToPose time=2023-04-21 17:09:07.042]
04-21 17:09:07.043 26509 26634 D ar_activity: [TRACKING TransformPointToPose time=2023-04-21 17:09:07.043]
04-21 17:09:07.043 26509 26634 D ar_activity: send stroke to firebase, id=-NT_dYEs_KZTRJ8XiBIs
04-21 17:09:07.043 26509 26634 D ar_activity: [[2d] after update lines time=2023-04-21 17:09:07.043]
04-21 17:09:07.061 26509 26509 D ar_activity: [[2a end - 2d start] onChildChanged stroke id=-NT_dYEs_KZTRJ8XiBIs time=2023-04-21 17:09:07.061]
04-21 17:09:07.082 26509 26634 D ar_activity: [TRACKING TransformPointToPose time=2023-04-21 17:09:07.081]
04-21 17:09:07.082 26509 26634 D ar_activity: [TRACKING TransformPointToPose time=2023-04-21 17:09:07.082]
04-21 17:09:07.082 26509 26634 D ar_activity: [TRACKING TransformPointToPose time=2023-04-21 17:09:07.082]
04-21 17:09:07.082 26509 26634 D ar_activity: [TRACKING TransformPointToPose time=2023-04-21 17:09:07.082]
04-21 17:09:07.082 26509 26634 D ar_activity: send stroke to firebase, id=-NT_dYEs_KZTRJ8XiBIs
04-21 17:09:07.083 26509 26634 D ar_activity: [[2d] after update lines time=2023-04-21 17:09:07.083]
04-21 17:09:07.101 26509 26634 D ar_activity: [TRACKING TransformPointToPose time=2023-04-21 17:09:07.101]
04-21 17:09:07.102 26509 26634 D ar_activity: send stroke to firebase, id=-NT_dYEs_KZTRJ8XiBIs
04-21 17:09:07.102 26509 26634 D ar_activity: [[2d] after update lines time=2023-04-21 17:09:07.102]
04-21 17:09:07.121 26509 26509 D ar_activity: [[2a end - 2d start] onChildChanged stroke id=-NT_dYEs_KZTRJ8XiBIs time=2023-04-21 17:09:07.120]
04-21 17:09:07.124 26509 26634 D ar_activity: [TRACKING TransformPointToPose time=2023-04-21 17:09:07.124]
04-21 17:09:07.124 26509 26634 D ar_activity: send stroke to firebase, id=-NT_dYEs_KZTRJ8XiBIs
04-21 17:09:07.125 26509 26634 D ar_activity: [[2d] after update lines time=2023-04-21 17:09:07.125]
04-21 17:09:07.143 26509 26634 D ar_activity: [TRACKING TransformPointToPose time=2023-04-21 17:09:07.143]
04-21 17:09:07.144 26509 26634 D ar_activity: [TRACKING TransformPointToPose time=2023-04-21 17:09:07.144]
04-21 17:09:07.144 26509 26634 D ar_activity: send stroke to firebase, id=-NT_dYEs_KZTRJ8XiBIs
04-21 17:09:07.144 26509 26634 D ar_activity: [[2d] after update lines time=2023-04-21 17:09:07.144]
04-21 17:09:07.163 26509 26634 D ar_activity: [TRACKING TransformPointToPose time=2023-04-21 17:09:07.163]
04-21 17:09:07.164 26509 26634 D ar_activity: [TRACKING TransformPointToPose time=2023-04-21 17:09:07.164]
04-21 17:09:07.164 26509 26634 D ar_activity: send stroke to firebase, id=-NT_dYEs_KZTRJ8XiBIs
04-21 17:09:07.164 26509 26634 D ar_activity: [[2d] after update lines time=2023-04-21 17:09:07.164]
04-21 17:09:07.183 26509 26634 D ar_activity: [TRACKING TransformPointToPose time=2023-04-21 17:09:07.183]
04-21 17:09:07.183 26509 26634 D ar_activity: [TRACKING TransformPointToPose time=2023-04-21 17:09:07.183]
04-21 17:09:07.184 26509 26634 D ar_activity: send stroke to firebase, id=-NT_dYEs_KZTRJ8XiBIs
04-21 17:09:07.187 26509 26634 D ar_activity: [[2d] after update lines time=2023-04-21 17:09:07.186]
04-21 17:09:07.187 26509 26509 D ar_activity: [[2a end - 2d start] onChildChanged stroke id=-NT_dYEs_KZTRJ8XiBIs time=2023-04-21 17:09:07.187]
04-21 17:09:07.209 26509 26634 D ar_activity: [TRACKING TransformPointToPose time=2023-04-21 17:09:07.209]
04-21 17:09:07.210 26509 26634 D ar_activity: [TRACKING TransformPointToPose time=2023-04-21 17:09:07.209]
04-21 17:09:07.210 26509 26634 D ar_activity: send stroke to firebase, id=-NT_dYEs_KZTRJ8XiBIs
04-21 17:09:07.210 26509 26634 D ar_activity: [[2d] after update lines time=2023-04-21 17:09:07.210]
04-21 17:09:07.230 26509 26634 D ar_activity: [TRACKING TransformPointToPose time=2023-04-21 17:09:07.230]
04-21 17:09:07.230 26509 26634 D ar_activity: [TRACKING TransformPointToPose time=2023-04-21 17:09:07.230]
04-21 17:09:07.231 26509 26634 D ar_activity: send stroke to firebase, id=-NT_dYEs_KZTRJ8XiBIs
04-21 17:09:07.232 26509 26634 D ar_activity: [[2d] after update lines time=2023-04-21 17:09:07.231]
04-21 17:09:07.244 26509 26509 D ar_activity: [[2a end - 2d start] onChildChanged stroke id=-NT_dYEs_KZTRJ8XiBIs time=2023-04-21 17:09:07.244]
04-21 17:09:07.252 26509 26634 D ar_activity: [TRACKING TransformPointToPose time=2023-04-21 17:09:07.251]
04-21 17:09:07.252 26509 26634 D ar_activity: [TRACKING TransformPointToPose time=2023-04-21 17:09:07.252]
04-21 17:09:07.252 26509 26634 D ar_activity: send stroke to firebase, id=-NT_dYEs_KZTRJ8XiBIs
04-21 17:09:07.255 26509 26634 D ar_activity: [[2d] after update lines time=2023-04-21 17:09:07.254]
04-21 17:09:07.278 26509 26634 D ar_activity: [TRACKING TransformPointToPose time=2023-04-21 17:09:07.278]
04-21 17:09:07.279 26509 26634 D ar_activity: [TRACKING TransformPointToPose time=2023-04-21 17:09:07.279]
04-21 17:09:07.279 26509 26634 D ar_activity: send stroke to firebase, id=-NT_dYEs_KZTRJ8XiBIs
04-21 17:09:07.279 26509 26634 D ar_activity: [[2d] after update lines time=2023-04-21 17:09:07.279]
04-21 17:09:07.298 26509 26634 D ar_activity: [TRACKING TransformPointToPose time=2023-04-21 17:09:07.298]
04-21 17:09:07.299 26509 26634 D ar_activity: [TRACKING TransformPointToPose time=2023-04-21 17:09:07.299]
04-21 17:09:07.299 26509 26634 D ar_activity: send stroke to firebase, id=-NT_dYEs_KZTRJ8XiBIs
04-21 17:09:07.299 26509 26634 D ar_activity: [[2d] after update lines time=2023-04-21 17:09:07.299]
04-21 17:09:07.307 26509 26509 D ar_activity: [[2a end - 2d start] onChildChanged stroke id=-NT_dYEs_KZTRJ8XiBIs time=2023-04-21 17:09:07.307]
04-21 17:09:07.318 26509 26634 D ar_activity: [TRACKING TransformPointToPose time=2023-04-21 17:09:07.318]
04-21 17:09:07.318 26509 26634 D ar_activity: [TRACKING TransformPointToPose time=2023-04-21 17:09:07.318]
04-21 17:09:07.318 26509 26634 D ar_activity: send stroke to firebase, id=-NT_dYEs_KZTRJ8XiBIs
04-21 17:09:07.319 26509 26634 D ar_activity: [[2d] after update lines time=2023-04-21 17:09:07.319]
04-21 17:09:07.340 26509 26634 D ar_activity: [TRACKING TransformPointToPose time=2023-04-21 17:09:07.340]
04-21 17:09:07.341 26509 26634 D ar_activity: [TRACKING TransformPointToPose time=2023-04-21 17:09:07.341]
04-21 17:09:07.341 26509 26634 D ar_activity: send stroke to firebase, id=-NT_dYEs_KZTRJ8XiBIs
04-21 17:09:07.341 26509 26634 D ar_activity: [[2d] after update lines time=2023-04-21 17:09:07.341]
04-21 17:09:07.360 26509 26634 D ar_activity: [TRACKING TransformPointToPose time=2023-04-21 17:09:07.360]
04-21 17:09:07.360 26509 26634 D ar_activity: send stroke to firebase, id=-NT_dYEs_KZTRJ8XiBIs
04-21 17:09:07.361 26509 26634 D ar_activity: [[2d] after update lines time=2023-04-21 17:09:07.361]
04-21 17:09:07.375 26509 26509 D ar_activity: [[2a end - 2d start] onChildChanged stroke id=-NT_dYEs_KZTRJ8XiBIs time=2023-04-21 17:09:07.375]
04-21 17:09:07.382 26509 26634 D ar_activity: [TRACKING TransformPointToPose time=2023-04-21 17:09:07.381]
04-21 17:09:07.382 26509 26634 D ar_activity: [TRACKING TransformPointToPose time=2023-04-21 17:09:07.382]
04-21 17:09:07.383 26509 26634 D ar_activity: send stroke to firebase, id=-NT_dYEs_KZTRJ8XiBIs
04-21 17:09:07.384 26509 26634 D ar_activity: [[2d] after update lines time=2023-04-21 17:09:07.384]
04-21 17:09:07.410 26509 26634 D ar_activity: [TRACKING TransformPointToPose time=2023-04-21 17:09:07.410]
04-21 17:09:07.411 26509 26634 D ar_activity: [TRACKING TransformPointToPose time=2023-04-21 17:09:07.411]
04-21 17:09:07.411 26509 26634 D ar_activity: send stroke to firebase, id=-NT_dYEs_KZTRJ8XiBIs
04-21 17:09:07.411 26509 26634 D ar_activity: [[2d] after update lines time=2023-04-21 17:09:07.411]
04-21 17:09:07.431 26509 26634 D ar_activity: [TRACKING TransformPointToPose time=2023-04-21 17:09:07.431]
04-21 17:09:07.432 26509 26634 D ar_activity: [TRACKING TransformPointToPose time=2023-04-21 17:09:07.432]
04-21 17:09:07.432 26509 26634 D ar_activity: send stroke to firebase, id=-NT_dYEs_KZTRJ8XiBIs
04-21 17:09:07.434 26509 26634 D ar_activity: [[2d] after update lines time=2023-04-21 17:09:07.434]
04-21 17:09:07.435 26509 26509 D ar_activity: [[2a end - 2d start] onChildChanged stroke id=-NT_dYEs_KZTRJ8XiBIs time=2023-04-21 17:09:07.434]
04-21 17:09:07.452 26509 26634 D ar_activity: [TRACKING TransformPointToPose time=2023-04-21 17:09:07.452]
04-21 17:09:07.453 26509 26634 D ar_activity: [TRACKING TransformPointToPose time=2023-04-21 17:09:07.453]
04-21 17:09:07.453 26509 26634 D ar_activity: send stroke to firebase, id=-NT_dYEs_KZTRJ8XiBIs
04-21 17:09:07.456 26509 26634 D ar_activity: [[2d] after update lines time=2023-04-21 17:09:07.456]
04-21 17:09:07.475 26509 26634 D ar_activity: [TRACKING TransformPointToPose time=2023-04-21 17:09:07.475]
04-21 17:09:07.475 26509 26634 D ar_activity: [TRACKING TransformPointToPose time=2023-04-21 17:09:07.475]
04-21 17:09:07.475 26509 26634 D ar_activity: send stroke to firebase, id=-NT_dYEs_KZTRJ8XiBIs
04-21 17:09:07.476 26509 26634 D ar_activity: [[2d] after update lines time=2023-04-21 17:09:07.476]
04-21 17:09:07.498 26509 26634 D ar_activity: [TRACKING TransformPointToPose time=2023-04-21 17:09:07.498]
04-21 17:09:07.498 26509 26634 D ar_activity: [TRACKING TransformPointToPose time=2023-04-21 17:09:07.498]
04-21 17:09:07.498 26509 26634 D ar_activity: send stroke to firebase, id=-NT_dYEs_KZTRJ8XiBIs
04-21 17:09:07.499 26509 26634 D ar_activity: [[2d] after update lines time=2023-04-21 17:09:07.499]
04-21 17:09:07.507 26509 26509 D ar_activity: [[2a end - 2d start] onChildChanged stroke id=-NT_dYEs_KZTRJ8XiBIs time=2023-04-21 17:09:07.506]
04-21 17:09:07.518 26509 26634 D ar_activity: [TRACKING TransformPointToPose time=2023-04-21 17:09:07.518]
04-21 17:09:07.518 26509 26634 D ar_activity: send stroke to firebase, id=-NT_dYEs_KZTRJ8XiBIs
04-21 17:09:07.519 26509 26634 D ar_activity: [[2d] after update lines time=2023-04-21 17:09:07.519]
04-21 17:09:07.540 26509 26634 D ar_activity: [TRACKING TransformPointToPose time=2023-04-21 17:09:07.540]
04-21 17:09:07.541 26509 26634 D ar_activity: [TRACKING TransformPointToPose time=2023-04-21 17:09:07.540]
04-21 17:09:07.541 26509 26634 D ar_activity: [TRACKING TransformPointToPose time=2023-04-21 17:09:07.541]
04-21 17:09:07.541 26509 26634 D ar_activity: send stroke to firebase, id=-NT_dYEs_KZTRJ8XiBIs
04-21 17:09:07.542 26509 26634 D ar_activity: [[2d] after update lines time=2023-04-21 17:09:07.542]
04-21 17:09:07.563 26509 26634 D ar_activity: [TRACKING TransformPointToPose time=2023-04-21 17:09:07.563]
04-21 17:09:07.564 26509 26634 D ar_activity: [TRACKING TransformPointToPose time=2023-04-21 17:09:07.563]
04-21 17:09:07.564 26509 26634 D ar_activity: send stroke to firebase, id=-NT_dYEs_KZTRJ8XiBIs
04-21 17:09:07.566 26509 26634 D ar_activity: [[2d] after update lines time=2023-04-21 17:09:07.565]
04-21 17:09:07.586 26509 26509 D ar_activity: [[2a end - 2d start] onChildChanged stroke id=-NT_dYEs_KZTRJ8XiBIs time=2023-04-21 17:09:07.585]
04-21 17:09:07.594 26509 26634 D ar_activity: [TRACKING TransformPointToPose time=2023-04-21 17:09:07.592]
04-21 17:09:07.595 26509 26634 D ar_activity: [TRACKING TransformPointToPose time=2023-04-21 17:09:07.595]
04-21 17:09:07.595 26509 26634 D ar_activity: send stroke to firebase, id=-NT_dYEs_KZTRJ8XiBIs
04-21 17:09:07.602 26509 26634 D ar_activity: [[2d] after update lines time=2023-04-21 17:09:07.601]
04-21 17:09:07.637 26509 26634 D ar_activity: [TRACKING TransformPointToPose time=2023-04-21 17:09:07.637]
04-21 17:09:07.637 26509 26634 D ar_activity: [TRACKING TransformPointToPose time=2023-04-21 17:09:07.637]
04-21 17:09:07.637 26509 26634 D ar_activity: [TRACKING TransformPointToPose time=2023-04-21 17:09:07.637]
04-21 17:09:07.637 26509 26634 D ar_activity: send stroke to firebase, id=-NT_dYEs_KZTRJ8XiBIs
04-21 17:09:07.638 26509 26634 D ar_activity: [[2d] after update lines time=2023-04-21 17:09:07.638]
04-21 17:09:07.658 26509 26634 D ar_activity: [TRACKING TransformPointToPose time=2023-04-21 17:09:07.658]
04-21 17:09:07.658 26509 26634 D ar_activity: [TRACKING TransformPointToPose time=2023-04-21 17:09:07.658]
04-21 17:09:07.658 26509 26634 D ar_activity: send stroke to firebase, id=-NT_dYEs_KZTRJ8XiBIs
04-21 17:09:07.661 26509 26634 D ar_activity: [[2d] after update lines time=2023-04-21 17:09:07.660]
04-21 17:09:07.662 26509 26509 D ar_activity: [[2a end - 2d start] onChildChanged stroke id=-NT_dYEs_KZTRJ8XiBIs time=2023-04-21 17:09:07.662]
04-21 17:09:07.681 26509 26634 D ar_activity: [TRACKING TransformPointToPose time=2023-04-21 17:09:07.681]
04-21 17:09:07.682 26509 26634 D ar_activity: [TRACKING TransformPointToPose time=2023-04-21 17:09:07.682]
04-21 17:09:07.682 26509 26634 D ar_activity: send stroke to firebase, id=-NT_dYEs_KZTRJ8XiBIs
04-21 17:09:07.683 26509 26634 D ar_activity: [[2d] after update lines time=2023-04-21 17:09:07.683]
04-21 17:09:07.702 26509 26634 D ar_activity: [TRACKING TransformPointToPose time=2023-04-21 17:09:07.701]
04-21 17:09:07.702 26509 26634 D ar_activity: [TRACKING TransformPointToPose time=2023-04-21 17:09:07.702]
04-21 17:09:07.702 26509 26634 D ar_activity: send stroke to firebase, id=-NT_dYEs_KZTRJ8XiBIs
04-21 17:09:07.703 26509 26634 D ar_activity: [[2d] after update lines time=2023-04-21 17:09:07.702]
04-21 17:09:07.729 26509 26634 D ar_activity: [TRACKING TransformPointToPose time=2023-04-21 17:09:07.729]
04-21 17:09:07.729 26509 26634 D ar_activity: [TRACKING TransformPointToPose time=2023-04-21 17:09:07.729]
04-21 17:09:07.729 26509 26634 D ar_activity: send stroke to firebase, id=-NT_dYEs_KZTRJ8XiBIs
04-21 17:09:07.731 26509 26634 D ar_activity: [[2d] after update lines time=2023-04-21 17:09:07.730]
04-21 17:09:07.744 26509 26509 D ar_activity: [[2a end - 2d start] onChildChanged stroke id=-NT_dYEs_KZTRJ8XiBIs time=2023-04-21 17:09:07.743]
04-21 17:09:07.763 26509 26634 D ar_activity: [TRACKING TransformPointToPose time=2023-04-21 17:09:07.763]
04-21 17:09:07.764 26509 26634 D ar_activity: [TRACKING TransformPointToPose time=2023-04-21 17:09:07.764]
04-21 17:09:07.765 26509 26634 D ar_activity: [TRACKING TransformPointToPose time=2023-04-21 17:09:07.764]
04-21 17:09:07.765 26509 26634 D ar_activity: send stroke to firebase, id=-NT_dYEs_KZTRJ8XiBIs
04-21 17:09:07.767 26509 26634 D ar_activity: [[2d] after update lines time=2023-04-21 17:09:07.766]
04-21 17:09:07.791 26509 26634 D ar_activity: [TRACKING TransformPointToPose time=2023-04-21 17:09:07.791]
04-21 17:09:07.792 26509 26634 D ar_activity: [TRACKING TransformPointToPose time=2023-04-21 17:09:07.791]
04-21 17:09:07.792 26509 26634 D ar_activity: [TRACKING TransformPointToPose time=2023-04-21 17:09:07.792]
04-21 17:09:07.792 26509 26634 D ar_activity: send stroke to firebase, id=-NT_dYEs_KZTRJ8XiBIs
04-21 17:09:07.793 26509 26634 D ar_activity: [[2d] after update lines time=2023-04-21 17:09:07.792]
04-21 17:09:07.806 26509 26509 D ar_activity: [[2a end - 2d start] onChildChanged stroke id=-NT_dYEs_KZTRJ8XiBIs time=2023-04-21 17:09:07.806]
04-21 17:09:07.818 26509 26634 D ar_activity: [TRACKING TransformPointToPose time=2023-04-21 17:09:07.813]
04-21 17:09:07.818 26509 26634 D ar_activity: [TRACKING TransformPointToPose time=2023-04-21 17:09:07.818]
04-21 17:09:07.819 26509 26634 D ar_activity: send stroke to firebase, id=-NT_dYEs_KZTRJ8XiBIs
04-21 17:09:07.819 26509 26634 D ar_activity: [[2d] after update lines time=2023-04-21 17:09:07.819]
04-21 17:09:07.846 26509 26634 D ar_activity: [TRACKING TransformPointToPose time=2023-04-21 17:09:07.845]
04-21 17:09:07.848 26509 26634 D ar_activity: send stroke to firebase, id=-NT_dYEs_KZTRJ8XiBIs
04-21 17:09:07.851 26509 26634 D ar_activity: [[2d] after update lines time=2023-04-21 17:09:07.851]
04-21 17:09:07.892 26509 26509 D ar_activity: [[2a end - 2d start] onChildChanged stroke id=-NT_dYEs_KZTRJ8XiBIs time=2023-04-21 17:09:07.882]
04-21 17:09:07.919 26509 26634 D ar_activity: [TRACKING TransformPointToPose time=2023-04-21 17:09:07.918]
04-21 17:09:07.920 26509 26634 D ar_activity: [TRACKING TransformPointToPose time=2023-04-21 17:09:07.919]
04-21 17:09:07.922 26509 26634 D ar_activity: [TRACKING TransformPointToPose time=2023-04-21 17:09:07.921]
04-21 17:09:07.924 26509 26634 D ar_activity: [TRACKING TransformPointToPose time=2023-04-21 17:09:07.923]
04-21 17:09:07.928 26509 26634 D ar_activity: [TRACKING TransformPointToPose time=2023-04-21 17:09:07.925]
04-21 17:09:07.929 26509 26634 D ar_activity: send stroke to firebase, id=-NT_dYEs_KZTRJ8XiBIs
04-21 17:09:07.932 26509 26634 D ar_activity: [[2d] after update lines time=2023-04-21 17:09:07.931]
04-21 17:09:07.953 26509 26634 D ar_activity: [TRACKING TransformPointToPose time=2023-04-21 17:09:07.953]
04-21 17:09:07.953 26509 26634 D ar_activity: [TRACKING TransformPointToPose time=2023-04-21 17:09:07.953]
04-21 17:09:07.953 26509 26634 D ar_activity: send stroke to firebase, id=-NT_dYEs_KZTRJ8XiBIs
04-21 17:09:07.962 26509 26634 D ar_activity: [[2d] after update lines time=2023-04-21 17:09:07.962]
04-21 17:09:07.978 26509 26509 D ar_activity: [[2a end - 2d start] onChildChanged stroke id=-NT_dYEs_KZTRJ8XiBIs time=2023-04-21 17:09:07.977]
04-21 17:09:07.999 26509 26634 D ar_activity: [TRACKING TransformPointToPose time=2023-04-21 17:09:07.998]
04-21 17:09:07.999 26509 26634 D ar_activity: [TRACKING TransformPointToPose time=2023-04-21 17:09:07.999]
04-21 17:09:08.000 26509 26634 D ar_activity: [TRACKING TransformPointToPose time=2023-04-21 17:09:07.999]
04-21 17:09:08.000 26509 26634 D ar_activity: [TRACKING TransformPointToPose time=2023-04-21 17:09:08.000]
04-21 17:09:08.000 26509 26634 D ar_activity: send stroke to firebase, id=-NT_dYEs_KZTRJ8XiBIs
04-21 17:09:08.002 26509 26634 D ar_activity: [[2d] after update lines time=2023-04-21 17:09:08.001]
04-21 17:09:08.028 26509 26634 D ar_activity: [TRACKING TransformPointToPose time=2023-04-21 17:09:08.028]
04-21 17:09:08.030 26509 26634 D ar_activity: [TRACKING TransformPointToPose time=2023-04-21 17:09:08.030]
04-21 17:09:08.032 26509 26634 D ar_activity: [TRACKING TransformPointToPose time=2023-04-21 17:09:08.032]
04-21 17:09:08.033 26509 26634 D ar_activity: send stroke to firebase, id=-NT_dYEs_KZTRJ8XiBIs
04-21 17:09:08.034 26509 26634 D ar_activity: [[2d] after update lines time=2023-04-21 17:09:08.034]
04-21 17:09:08.034 26509 26509 D ar_activity: [[2a end - 2d start] onChildChanged stroke id=-NT_dYEs_KZTRJ8XiBIs time=2023-04-21 17:09:08.034]
04-21 17:09:08.063 26509 26634 D ar_activity: [TRACKING TransformPointToPose time=2023-04-21 17:09:08.062]
04-21 17:09:08.064 26509 26634 D ar_activity: [TRACKING TransformPointToPose time=2023-04-21 17:09:08.063]
04-21 17:09:08.065 26509 26634 D ar_activity: [TRACKING TransformPointToPose time=2023-04-21 17:09:08.064]
04-21 17:09:08.065 26509 26634 D ar_activity: send stroke to firebase, id=-NT_dYEs_KZTRJ8XiBIs
04-21 17:09:08.069 26509 26634 D ar_activity: [[2d] after update lines time=2023-04-21 17:09:08.068]
04-21 17:09:08.096 26509 26634 D ar_activity: [TRACKING TransformPointToPose time=2023-04-21 17:09:08.096]
04-21 17:09:08.098 26509 26634 D ar_activity: [TRACKING TransformPointToPose time=2023-04-21 17:09:08.097]
04-21 17:09:08.101 26509 26634 D ar_activity: [TRACKING TransformPointToPose time=2023-04-21 17:09:08.099]
04-21 17:09:08.102 26509 26634 D ar_activity: send stroke to firebase, id=-NT_dYEs_KZTRJ8XiBIs
04-21 17:09:08.104 26509 26634 D ar_activity: [[2d] after update lines time=2023-04-21 17:09:08.103]
04-21 17:09:08.129 26509 26634 D ar_activity: [TRACKING TransformPointToPose time=2023-04-21 17:09:08.129]
04-21 17:09:08.129 26509 26634 D ar_activity: [TRACKING TransformPointToPose time=2023-04-21 17:09:08.129]
04-21 17:09:08.130 26509 26634 D ar_activity: send stroke to firebase, id=-NT_dYEs_KZTRJ8XiBIs
04-21 17:09:08.134 26509 26634 D ar_activity: [[2d] after update lines time=2023-04-21 17:09:08.133]
04-21 17:09:08.136 26509 26509 D ar_activity: [[2a end - 2d start] onChildChanged stroke id=-NT_dYEs_KZTRJ8XiBIs time=2023-04-21 17:09:08.135]
04-21 17:09:08.160 26509 26634 D ar_activity: [TRACKING TransformPointToPose time=2023-04-21 17:09:08.159]
04-21 17:09:08.161 26509 26634 D ar_activity: [TRACKING TransformPointToPose time=2023-04-21 17:09:08.161]
04-21 17:09:08.162 26509 26634 D ar_activity: send stroke to firebase, id=-NT_dYEs_KZTRJ8XiBIs
04-21 17:09:08.163 26509 26634 D ar_activity: [[2d] after update lines time=2023-04-21 17:09:08.163]
04-21 17:09:08.195 26509 26634 D ar_activity: [TRACKING TransformPointToPose time=2023-04-21 17:09:08.195]
04-21 17:09:08.196 26509 26634 D ar_activity: [TRACKING TransformPointToPose time=2023-04-21 17:09:08.196]
04-21 17:09:08.197 26509 26634 D ar_activity: [TRACKING TransformPointToPose time=2023-04-21 17:09:08.197]
04-21 17:09:08.197 26509 26634 D ar_activity: send stroke to firebase, id=-NT_dYEs_KZTRJ8XiBIs
04-21 17:09:08.201 26509 26634 D ar_activity: [[2d] after update lines time=2023-04-21 17:09:08.201]
