--------- beginning of main
04-22 01:58:57.534  5725  5884 D ar_activity: [[2d] after update lines time=2023-04-22 01:58:57.496]
04-22 01:59:00.214  5725  5725 D ar_activity: [--- pair start --- time=2023-04-22 01:59:00.214]
04-22 01:59:00.214  5725  5725 D ar_activity: [--- pair session start --- time=2023-04-22 01:59:00.214]
04-22 01:59:00.245  5725  5725 D ar_activity: [create room: Message{namespace='', type='', content=[34 bytes]} time=2023-04-22 01:59:00.244]
04-22 01:59:00.259  5725  5725 D ar_activity: LOOKING: 2023-04-22 01:59:00.258
04-22 01:59:02.689  5725  5725 D ar_activity: [--- pair joined --- time=2023-04-22 01:59:02.687]
04-22 01:59:02.691  5725  5725 D ar_activity: PARTNER FOUND: 2023-04-22 01:59:02.691
04-22 01:59:04.698  5725  5725 D ar_activity: SET ANCHOR: 2023-04-22 01:59:04.698
04-22 01:59:05.668  5725  5725 D ar_activity: [anchor resolution changed: null time=2023-04-22 01:59:05.668]
04-22 01:59:06.047  5725  5725 D ar_activity: [--- sync ready to set anchor --- time=2023-04-22 01:59:06.047]
04-22 01:59:06.047  5725  5725 D ar_activity: [--- sync: sendSetAnchorEvent --- time=2023-04-22 01:59:06.047]
04-22 01:59:06.048  5725  5725 D ar_activity: --- start creating anchor: 2023-04-22 01:59:06.048 ---
04-22 01:59:06.048  5725  5725 D ar_activity: --- anchor: com.google.ar.core.Anchor@b49f71c9 ---
04-22 01:59:06.048  5725  5725 D ar_activity: --- finish creating anchor: 2023-04-22 01:59:06.048 ---
04-22 01:59:06.049  5725  5725 D ar_activity: [hostAnchor start time=2023-04-22 01:59:06.049]
04-22 01:59:06.049  5725  5725 D ar_activity: [hostAnchor end time=2023-04-22 01:59:06.049]
04-22 01:59:06.050  5725  5725 D ar_activity: Start CONNECTING: 2023-04-22 01:59:06.049
04-22 01:59:06.069  5725  5884 D ar_activity: [--- anchor: onUpdate--- time=2023-04-22 01:59:06.069]
04-22 01:59:08.196  5725  5884 D ar_activity: [--- anchor: onUpdate--- time=2023-04-22 01:59:08.196]
04-22 01:59:08.555  5725  5884 D ar_activity: [--- anchor: onUpdate--- time=2023-04-22 01:59:08.555]
04-22 01:59:08.555  5725  5884 D ar_activity: [--- onAnchorHosted [NOT HOSTED]--- time=2023-04-22 01:59:08.555]
04-22 01:59:08.576  5725  5725 D ar_activity: [anchor resolution changed: true time=2023-04-22 01:59:08.576]
04-22 01:59:08.583  5725  5725 D ar_activity: [onAnchorResolutionError: null time=2023-04-22 01:59:08.582]
04-22 01:59:09.704  5725  5725 D ar_activity: SET ANCHOR: 2023-04-22 01:59:09.702
04-22 01:59:10.754  5725  5725 D ar_activity: [anchor resolution changed: null time=2023-04-22 01:59:10.754]
04-22 01:59:10.934  5725  5725 D ar_activity: [--- sync ready to set anchor --- time=2023-04-22 01:59:10.933]
04-22 01:59:10.934  5725  5725 D ar_activity: [--- sync: sendSetAnchorEvent --- time=2023-04-22 01:59:10.934]
04-22 01:59:10.934  5725  5725 D ar_activity: --- start creating anchor: 2023-04-22 01:59:10.934 ---
04-22 01:59:10.934  5725  5725 D ar_activity: --- anchor: com.google.ar.core.Anchor@b49e9d69 ---
04-22 01:59:10.935  5725  5725 D ar_activity: --- finish creating anchor: 2023-04-22 01:59:10.934 ---
04-22 01:59:10.935  5725  5725 D ar_activity: [hostAnchor start time=2023-04-22 01:59:10.935]
04-22 01:59:10.935  5725  5725 D ar_activity: [hostAnchor end time=2023-04-22 01:59:10.935]
04-22 01:59:10.935  5725  5725 D ar_activity: Start CONNECTING: 2023-04-22 01:59:10.935
04-22 01:59:10.959  5725  5884 D ar_activity: [--- anchor: onUpdate--- time=2023-04-22 01:59:10.958]
04-22 01:59:13.748  5725  5884 D ar_activity: [--- anchor: onUpdate--- time=2023-04-22 01:59:13.748]
04-22 01:59:13.748  5725  5884 D ar_activity: [--- onAnchorHosted [NOT HOSTED]--- time=2023-04-22 01:59:13.748]
04-22 01:59:13.767  5725  5725 D ar_activity: [anchor resolution changed: true time=2023-04-22 01:59:13.765]
04-22 01:59:13.784  5725  5725 D ar_activity: [onAnchorResolutionError: null time=2023-04-22 01:59:13.784]
04-22 01:59:14.746  5725  5725 D ar_activity: SET ANCHOR: 2023-04-22 01:59:14.745
04-22 01:59:15.613  5725  5725 D ar_activity: [anchor resolution changed: null time=2023-04-22 01:59:15.612]
04-22 01:59:15.831  5725  5725 D ar_activity: [--- sync ready to set anchor --- time=2023-04-22 01:59:15.831]
04-22 01:59:15.831  5725  5725 D ar_activity: [--- sync: sendSetAnchorEvent --- time=2023-04-22 01:59:15.831]
04-22 01:59:15.832  5725  5725 D ar_activity: --- start creating anchor: 2023-04-22 01:59:15.832 ---
04-22 01:59:15.832  5725  5725 D ar_activity: --- anchor: com.google.ar.core.Anchor@b49ea469 ---
04-22 01:59:15.832  5725  5725 D ar_activity: --- finish creating anchor: 2023-04-22 01:59:15.832 ---
04-22 01:59:15.832  5725  5725 D ar_activity: [hostAnchor start time=2023-04-22 01:59:15.832]
04-22 01:59:15.832  5725  5725 D ar_activity: [hostAnchor end time=2023-04-22 01:59:15.832]
04-22 01:59:15.833  5725  5725 D ar_activity: Start CONNECTING: 2023-04-22 01:59:15.833
04-22 01:59:15.860  5725  5884 D ar_activity: [--- anchor: onUpdate--- time=2023-04-22 01:59:15.859]
04-22 01:59:18.678  5725  5884 D ar_activity: [--- anchor: onUpdate--- time=2023-04-22 01:59:18.677]
04-22 01:59:18.678  5725  5884 D ar_activity: [--- onAnchorHosted [NOT HOSTED]--- time=2023-04-22 01:59:18.678]
04-22 01:59:18.683  5725  5725 D ar_activity: [anchor resolution changed: true time=2023-04-22 01:59:18.683]
04-22 01:59:18.684  5725  5725 D ar_activity: [onAnchorResolutionError: null time=2023-04-22 01:59:18.684]
04-22 01:59:20.120  5725  5725 D ar_activity: SET ANCHOR: 2023-04-22 01:59:20.119
04-22 01:59:20.728  5725  5725 D ar_activity: [anchor resolution changed: null time=2023-04-22 01:59:20.728]
04-22 01:59:20.763  5725  5725 D ar_activity: [--- sync ready to set anchor --- time=2023-04-22 01:59:20.763]
04-22 01:59:20.763  5725  5725 D ar_activity: [--- sync: sendSetAnchorEvent --- time=2023-04-22 01:59:20.763]
04-22 01:59:20.763  5725  5725 D ar_activity: --- start creating anchor: 2023-04-22 01:59:20.763 ---
04-22 01:59:20.763  5725  5725 D ar_activity: --- anchor: com.google.ar.core.Anchor@b49f0c49 ---
04-22 01:59:20.763  5725  5725 D ar_activity: --- finish creating anchor: 2023-04-22 01:59:20.763 ---
04-22 01:59:20.763  5725  5725 D ar_activity: [hostAnchor start time=2023-04-22 01:59:20.763]
04-22 01:59:20.764  5725  5725 D ar_activity: [hostAnchor end time=2023-04-22 01:59:20.764]
04-22 01:59:20.764  5725  5725 D ar_activity: Start CONNECTING: 2023-04-22 01:59:20.764
04-22 01:59:20.778  5725  5884 D ar_activity: [--- anchor: onUpdate--- time=2023-04-22 01:59:20.778]
04-22 01:59:23.691  5725  5884 D ar_activity: [--- anchor: onUpdate--- time=2023-04-22 01:59:23.691]
04-22 01:59:23.692  5725  5884 D ar_activity: [--- onAnchorHosted [NOT HOSTED]--- time=2023-04-22 01:59:23.691]
04-22 01:59:23.720  5725  5725 D ar_activity: [anchor resolution changed: true time=2023-04-22 01:59:23.720]
04-22 01:59:23.731  5725  5725 D ar_activity: [onAnchorResolutionError: null time=2023-04-22 01:59:23.731]
04-22 01:59:24.999  5725  5725 D ar_activity: SET ANCHOR: 2023-04-22 01:59:24.998
04-22 01:59:25.607  5725  5725 D ar_activity: [anchor resolution changed: null time=2023-04-22 01:59:25.607]
04-22 01:59:25.653  5725  5725 D ar_activity: [--- sync ready to set anchor --- time=2023-04-22 01:59:25.653]
04-22 01:59:25.653  5725  5725 D ar_activity: [--- sync: sendSetAnchorEvent --- time=2023-04-22 01:59:25.653]
04-22 01:59:25.657  5725  5725 D ar_activity: --- start creating anchor: 2023-04-22 01:59:25.655 ---
04-22 01:59:25.657  5725  5725 D ar_activity: --- anchor: com.google.ar.core.Anchor@b49fb6a9 ---
04-22 01:59:25.658  5725  5725 D ar_activity: --- finish creating anchor: 2023-04-22 01:59:25.657 ---
04-22 01:59:25.658  5725  5725 D ar_activity: [hostAnchor start time=2023-04-22 01:59:25.658]
04-22 01:59:25.658  5725  5725 D ar_activity: [hostAnchor end time=2023-04-22 01:59:25.658]
04-22 01:59:25.659  5725  5725 D ar_activity: Start CONNECTING: 2023-04-22 01:59:25.658
04-22 01:59:25.678  5725  5884 D ar_activity: [--- anchor: onUpdate--- time=2023-04-22 01:59:25.677]
04-22 01:59:28.719  5725  5884 D ar_activity: [--- anchor: onUpdate--- time=2023-04-22 01:59:28.719]
04-22 01:59:28.719  5725  5884 D ar_activity: [--- onAnchorHosted [NOT HOSTED]--- time=2023-04-22 01:59:28.719]
04-22 01:59:28.731  5725  5725 D ar_activity: [anchor resolution changed: true time=2023-04-22 01:59:28.731]
04-22 01:59:28.733  5725  5725 D ar_activity: [onAnchorResolutionError: null time=2023-04-22 01:59:28.733]
04-22 01:59:33.539  5725  5725 D ar_activity: SET ANCHOR: 2023-04-22 01:59:33.538
04-22 01:59:34.635  5725  5725 D ar_activity: [anchor resolution changed: null time=2023-04-22 01:59:34.635]
04-22 01:59:34.732  5725  5725 D ar_activity: [--- sync ready to set anchor --- time=2023-04-22 01:59:34.731]
04-22 01:59:34.732  5725  5725 D ar_activity: [--- sync: sendSetAnchorEvent --- time=2023-04-22 01:59:34.732]
04-22 01:59:34.736  5725  5725 D ar_activity: --- start creating anchor: 2023-04-22 01:59:34.736 ---
04-22 01:59:34.736  5725  5725 D ar_activity: --- anchor: com.google.ar.core.Anchor@b49e1f69 ---
04-22 01:59:34.736  5725  5725 D ar_activity: --- finish creating anchor: 2023-04-22 01:59:34.736 ---
04-22 01:59:34.736  5725  5725 D ar_activity: [hostAnchor start time=2023-04-22 01:59:34.736]
04-22 01:59:34.737  5725  5725 D ar_activity: [hostAnchor end time=2023-04-22 01:59:34.737]
04-22 01:59:34.737  5725  5725 D ar_activity: Start CONNECTING: 2023-04-22 01:59:34.737
04-22 01:59:34.759  5725  5884 D ar_activity: [--- anchor: onUpdate--- time=2023-04-22 01:59:34.759]
04-22 01:59:37.914  5725  5884 D ar_activity: [--- anchor: onUpdate--- time=2023-04-22 01:59:37.914]
04-22 01:59:37.914  5725  5884 D ar_activity: [--- onAnchorHosted [HOSTED]--- time=2023-04-22 01:59:37.914]
04-22 01:59:37.920  5725  5725 D ar_activity: [anchor resolution changed: false time=2023-04-22 01:59:37.916]
04-22 01:59:46.210  5725  5725 D ar_activity: [--- sync: finish syncing anchor --- time=2023-04-22 01:59:46.210]
04-22 01:59:46.217  5725  5725 D ar_activity: SYNCED: 2023-04-22 01:59:46.216
04-22 01:59:49.892  5725  5725 D ar_activity: [[1a start] touch screen time=2023-04-22 01:59:49.892]
04-22 01:59:49.895  5725  5884 D ar_activity: addStroke at 2023-04-22 01:59:49.895
04-22 01:59:49.898  5725  5884 D ar_activity: stroke (id: -NTbY0h9JsbaWAx2oLoH) was added at 2023-04-22 01:59:49.897
04-22 01:59:49.901  5725  5884 D ar_activity: [[1b start] setFirebaseValue stroke id=-NTbY0h9JsbaWAx2oLoH time=2023-04-22 01:59:49.901]
04-22 01:59:49.906  5725  5725 D ar_activity: [[2a end - 2d start] onChildAdded stroke id=-NTbY0h9JsbaWAx2oLoH time=2023-04-22 01:59:49.906]
04-22 01:59:49.907  5725  5884 D ar_activity: [TRACKING TransformPointToPose time=2023-04-22 01:59:49.907]
04-22 01:59:49.908  5725  5884 D ar_activity: send stroke to firebase, id=-NTbY0h9JsbaWAx2oLoH
04-22 01:59:49.909  5725  5884 D ar_activity: [[2d] after update lines time=2023-04-22 01:59:49.908]
04-22 01:59:49.931  5725  5884 D ar_activity: [TRACKING TransformPointToPose time=2023-04-22 01:59:49.931]
04-22 01:59:49.931  5725  5884 D ar_activity: [TRACKING TransformPointToPose time=2023-04-22 01:59:49.931]
04-22 01:59:49.931  5725  5884 D ar_activity: send stroke to firebase, id=-NTbY0h9JsbaWAx2oLoH
04-22 01:59:49.932  5725  5884 D ar_activity: [[2d] after update lines time=2023-04-22 01:59:49.932]
04-22 01:59:49.951  5725  5884 D ar_activity: [TRACKING TransformPointToPose time=2023-04-22 01:59:49.951]
04-22 01:59:49.952  5725  5884 D ar_activity: send stroke to firebase, id=-NTbY0h9JsbaWAx2oLoH
04-22 01:59:49.952  5725  5884 D ar_activity: [[2d] after update lines time=2023-04-22 01:59:49.952]
04-22 01:59:49.971  5725  5884 D ar_activity: [TRACKING TransformPointToPose time=2023-04-22 01:59:49.971]
04-22 01:59:49.971  5725  5884 D ar_activity: [TRACKING TransformPointToPose time=2023-04-22 01:59:49.971]
04-22 01:59:49.972  5725  5884 D ar_activity: send stroke to firebase, id=-NTbY0h9JsbaWAx2oLoH
04-22 01:59:49.972  5725  5884 D ar_activity: [[2d] after update lines time=2023-04-22 01:59:49.972]
04-22 01:59:49.983  5725  5725 D ar_activity: [[1b start] setFirebaseValue stroke id=-NTbY0h9JsbaWAx2oLoH time=2023-04-22 01:59:49.983]
04-22 01:59:49.986  5725  5725 D ar_activity: [[2a end - 2d start] onChildChanged stroke id=-NTbY0h9JsbaWAx2oLoH time=2023-04-22 01:59:49.986]
04-22 01:59:49.992  5725  5884 D ar_activity: [TRACKING TransformPointToPose time=2023-04-22 01:59:49.992]
04-22 01:59:49.992  5725  5884 D ar_activity: [TRACKING TransformPointToPose time=2023-04-22 01:59:49.992]
04-22 01:59:49.992  5725  5884 D ar_activity: send stroke to firebase, id=-NTbY0h9JsbaWAx2oLoH
04-22 01:59:49.993  5725  5884 D ar_activity: [[2d] after update lines time=2023-04-22 01:59:49.993]
04-22 01:59:50.016  5725  5884 D ar_activity: [TRACKING TransformPointToPose time=2023-04-22 01:59:50.015]
04-22 01:59:50.017  5725  5884 D ar_activity: [TRACKING TransformPointToPose time=2023-04-22 01:59:50.017]
04-22 01:59:50.017  5725  5884 D ar_activity: send stroke to firebase, id=-NTbY0h9JsbaWAx2oLoH
04-22 01:59:50.019  5725  5884 D ar_activity: [[2d] after update lines time=2023-04-22 01:59:50.018]
04-22 01:59:50.039  5725  5884 D ar_activity: [TRACKING TransformPointToPose time=2023-04-22 01:59:50.039]
04-22 01:59:50.039  5725  5884 D ar_activity: [TRACKING TransformPointToPose time=2023-04-22 01:59:50.039]
04-22 01:59:50.039  5725  5884 D ar_activity: send stroke to firebase, id=-NTbY0h9JsbaWAx2oLoH
04-22 01:59:50.040  5725  5884 D ar_activity: [[2d] after update lines time=2023-04-22 01:59:50.040]
04-22 01:59:50.050  5725  5725 D ar_activity: [[2a end - 2d start] onChildChanged stroke id=-NTbY0h9JsbaWAx2oLoH time=2023-04-22 01:59:50.050]
04-22 01:59:50.059  5725  5884 D ar_activity: [TRACKING TransformPointToPose time=2023-04-22 01:59:50.059]
04-22 01:59:50.059  5725  5884 D ar_activity: [TRACKING TransformPointToPose time=2023-04-22 01:59:50.059]
04-22 01:59:50.059  5725  5884 D ar_activity: send stroke to firebase, id=-NTbY0h9JsbaWAx2oLoH
04-22 01:59:50.060  5725  5884 D ar_activity: [[2d] after update lines time=2023-04-22 01:59:50.060]
04-22 01:59:50.082  5725  5884 D ar_activity: [TRACKING TransformPointToPose time=2023-04-22 01:59:50.082]
04-22 01:59:50.082  5725  5884 D ar_activity: [TRACKING TransformPointToPose time=2023-04-22 01:59:50.082]
04-22 01:59:50.082  5725  5884 D ar_activity: send stroke to firebase, id=-NTbY0h9JsbaWAx2oLoH
04-22 01:59:50.083  5725  5884 D ar_activity: [[2d] after update lines time=2023-04-22 01:59:50.083]
04-22 01:59:50.106  5725  5884 D ar_activity: [TRACKING TransformPointToPose time=2023-04-22 01:59:50.105]
04-22 01:59:50.107  5725  5884 D ar_activity: [TRACKING TransformPointToPose time=2023-04-22 01:59:50.106]
04-22 01:59:50.107  5725  5884 D ar_activity: send stroke to firebase, id=-NTbY0h9JsbaWAx2oLoH
04-22 01:59:50.108  5725  5884 D ar_activity: [[2d] after update lines time=2023-04-22 01:59:50.108]
04-22 01:59:50.131  5725  5725 D ar_activity: [[2a end - 2d start] onChildChanged stroke id=-NTbY0h9JsbaWAx2oLoH time=2023-04-22 01:59:50.129]
04-22 01:59:50.137  5725  5884 D ar_activity: [TRACKING TransformPointToPose time=2023-04-22 01:59:50.137]
04-22 01:59:50.137  5725  5884 D ar_activity: [TRACKING TransformPointToPose time=2023-04-22 01:59:50.137]
04-22 01:59:50.138  5725  5884 D ar_activity: [TRACKING TransformPointToPose time=2023-04-22 01:59:50.138]
04-22 01:59:50.138  5725  5884 D ar_activity: send stroke to firebase, id=-NTbY0h9JsbaWAx2oLoH
04-22 01:59:50.139  5725  5884 D ar_activity: [[2d] after update lines time=2023-04-22 01:59:50.138]
04-22 01:59:50.158  5725  5884 D ar_activity: [TRACKING TransformPointToPose time=2023-04-22 01:59:50.158]
04-22 01:59:50.158  5725  5884 D ar_activity: [TRACKING TransformPointToPose time=2023-04-22 01:59:50.158]
04-22 01:59:50.158  5725  5884 D ar_activity: send stroke to firebase, id=-NTbY0h9JsbaWAx2oLoH
04-22 01:59:50.159  5725  5884 D ar_activity: [[2d] after update lines time=2023-04-22 01:59:50.159]
04-22 01:59:50.181  5725  5884 D ar_activity: [TRACKING TransformPointToPose time=2023-04-22 01:59:50.180]
04-22 01:59:50.181  5725  5884 D ar_activity: send stroke to firebase, id=-NTbY0h9JsbaWAx2oLoH
04-22 01:59:50.185  5725  5884 D ar_activity: [[2d] after update lines time=2023-04-22 01:59:50.185]
04-22 01:59:50.187  5725  5725 D ar_activity: [[2a end - 2d start] onChildChanged stroke id=-NTbY0h9JsbaWAx2oLoH time=2023-04-22 01:59:50.187]
04-22 01:59:50.207  5725  5884 D ar_activity: [TRACKING TransformPointToPose time=2023-04-22 01:59:50.207]
04-22 01:59:50.208  5725  5884 D ar_activity: [TRACKING TransformPointToPose time=2023-04-22 01:59:50.208]
04-22 01:59:50.209  5725  5884 D ar_activity: [TRACKING TransformPointToPose time=2023-04-22 01:59:50.209]
04-22 01:59:50.209  5725  5884 D ar_activity: send stroke to firebase, id=-NTbY0h9JsbaWAx2oLoH
04-22 01:59:50.209  5725  5884 D ar_activity: [[2d] after update lines time=2023-04-22 01:59:50.209]
04-22 01:59:50.232  5725  5884 D ar_activity: [TRACKING TransformPointToPose time=2023-04-22 01:59:50.232]
04-22 01:59:50.232  5725  5884 D ar_activity: [TRACKING TransformPointToPose time=2023-04-22 01:59:50.232]
04-22 01:59:50.232  5725  5884 D ar_activity: send stroke to firebase, id=-NTbY0h9JsbaWAx2oLoH
04-22 01:59:50.233  5725  5884 D ar_activity: [[2d] after update lines time=2023-04-22 01:59:50.233]
04-22 01:59:50.253  5725  5884 D ar_activity: [TRACKING TransformPointToPose time=2023-04-22 01:59:50.252]
04-22 01:59:50.253  5725  5884 D ar_activity: [TRACKING TransformPointToPose time=2023-04-22 01:59:50.253]
04-22 01:59:50.253  5725  5884 D ar_activity: send stroke to firebase, id=-NTbY0h9JsbaWAx2oLoH
04-22 01:59:50.254  5725  5884 D ar_activity: [[2d] after update lines time=2023-04-22 01:59:50.253]
04-22 01:59:50.270  5725  5725 D ar_activity: [[2a end - 2d start] onChildChanged stroke id=-NTbY0h9JsbaWAx2oLoH time=2023-04-22 01:59:50.269]
04-22 01:59:50.273  5725  5884 D ar_activity: [TRACKING TransformPointToPose time=2023-04-22 01:59:50.273]
04-22 01:59:50.273  5725  5884 D ar_activity: [TRACKING TransformPointToPose time=2023-04-22 01:59:50.273]
04-22 01:59:50.274  5725  5884 D ar_activity: send stroke to firebase, id=-NTbY0h9JsbaWAx2oLoH
04-22 01:59:50.274  5725  5884 D ar_activity: [[2d] after update lines time=2023-04-22 01:59:50.274]
04-22 01:59:50.293  5725  5884 D ar_activity: [TRACKING TransformPointToPose time=2023-04-22 01:59:50.293]
04-22 01:59:50.294  5725  5884 D ar_activity: [TRACKING TransformPointToPose time=2023-04-22 01:59:50.293]
04-22 01:59:50.294  5725  5884 D ar_activity: send stroke to firebase, id=-NTbY0h9JsbaWAx2oLoH
04-22 01:59:50.294  5725  5884 D ar_activity: [[2d] after update lines time=2023-04-22 01:59:50.294]
04-22 01:59:50.315  5725  5884 D ar_activity: [TRACKING TransformPointToPose time=2023-04-22 01:59:50.315]
04-22 01:59:50.315  5725  5884 D ar_activity: [TRACKING TransformPointToPose time=2023-04-22 01:59:50.315]
04-22 01:59:50.316  5725  5884 D ar_activity: send stroke to firebase, id=-NTbY0h9JsbaWAx2oLoH
04-22 01:59:50.319  5725  5884 D ar_activity: [[2d] after update lines time=2023-04-22 01:59:50.319]
04-22 01:59:50.319  5725  5725 D ar_activity: [[2a end - 2d start] onChildChanged stroke id=-NTbY0h9JsbaWAx2oLoH time=2023-04-22 01:59:50.319]
04-22 01:59:50.340  5725  5884 D ar_activity: [TRACKING TransformPointToPose time=2023-04-22 01:59:50.339]
04-22 01:59:50.340  5725  5884 D ar_activity: [TRACKING TransformPointToPose time=2023-04-22 01:59:50.340]
04-22 01:59:50.340  5725  5884 D ar_activity: send stroke to firebase, id=-NTbY0h9JsbaWAx2oLoH
04-22 01:59:50.341  5725  5884 D ar_activity: [[2d] after update lines time=2023-04-22 01:59:50.340]
04-22 01:59:50.360  5725  5884 D ar_activity: [TRACKING TransformPointToPose time=2023-04-22 01:59:50.360]
04-22 01:59:50.360  5725  5884 D ar_activity: [TRACKING TransformPointToPose time=2023-04-22 01:59:50.360]
04-22 01:59:50.361  5725  5884 D ar_activity: send stroke to firebase, id=-NTbY0h9JsbaWAx2oLoH
04-22 01:59:50.361  5725  5884 D ar_activity: [[2d] after update lines time=2023-04-22 01:59:50.361]
04-22 01:59:50.382  5725  5884 D ar_activity: [TRACKING TransformPointToPose time=2023-04-22 01:59:50.382]
04-22 01:59:50.382  5725  5884 D ar_activity: [TRACKING TransformPointToPose time=2023-04-22 01:59:50.382]
04-22 01:59:50.382  5725  5884 D ar_activity: send stroke to firebase, id=-NTbY0h9JsbaWAx2oLoH
04-22 01:59:50.383  5725  5884 D ar_activity: [[2d] after update lines time=2023-04-22 01:59:50.383]
04-22 01:59:50.384  5725  5725 D ar_activity: [[2a end - 2d start] onChildChanged stroke id=-NTbY0h9JsbaWAx2oLoH time=2023-04-22 01:59:50.384]
04-22 01:59:50.405  5725  5884 D ar_activity: [TRACKING TransformPointToPose time=2023-04-22 01:59:50.404]
04-22 01:59:50.405  5725  5884 D ar_activity: [TRACKING TransformPointToPose time=2023-04-22 01:59:50.405]
04-22 01:59:50.405  5725  5884 D ar_activity: send stroke to firebase, id=-NTbY0h9JsbaWAx2oLoH
04-22 01:59:50.406  5725  5884 D ar_activity: [[2d] after update lines time=2023-04-22 01:59:50.405]
04-22 01:59:50.426  5725  5884 D ar_activity: [TRACKING TransformPointToPose time=2023-04-22 01:59:50.425]
04-22 01:59:50.426  5725  5884 D ar_activity: [TRACKING TransformPointToPose time=2023-04-22 01:59:50.426]
04-22 01:59:50.426  5725  5884 D ar_activity: send stroke to firebase, id=-NTbY0h9JsbaWAx2oLoH
04-22 01:59:50.427  5725  5884 D ar_activity: [[2d] after update lines time=2023-04-22 01:59:50.426]
04-22 01:59:50.440  5725  5725 D ar_activity: [[2a end - 2d start] onChildChanged stroke id=-NTbY0h9JsbaWAx2oLoH time=2023-04-22 01:59:50.440]
04-22 01:59:50.448  5725  5884 D ar_activity: [TRACKING TransformPointToPose time=2023-04-22 01:59:50.448]
04-22 01:59:50.449  5725  5884 D ar_activity: [TRACKING TransformPointToPose time=2023-04-22 01:59:50.449]
04-22 01:59:50.449  5725  5884 D ar_activity: send stroke to firebase, id=-NTbY0h9JsbaWAx2oLoH
04-22 01:59:50.449  5725  5884 D ar_activity: [[2d] after update lines time=2023-04-22 01:59:50.449]
04-22 01:59:50.469  5725  5884 D ar_activity: [TRACKING TransformPointToPose time=2023-04-22 01:59:50.469]
04-22 01:59:50.470  5725  5884 D ar_activity: [TRACKING TransformPointToPose time=2023-04-22 01:59:50.469]
04-22 01:59:50.470  5725  5884 D ar_activity: send stroke to firebase, id=-NTbY0h9JsbaWAx2oLoH
04-22 01:59:50.471  5725  5884 D ar_activity: [[2d] after update lines time=2023-04-22 01:59:50.471]
04-22 01:59:50.490  5725  5884 D ar_activity: [TRACKING TransformPointToPose time=2023-04-22 01:59:50.490]
04-22 01:59:50.491  5725  5884 D ar_activity: [TRACKING TransformPointToPose time=2023-04-22 01:59:50.490]
04-22 01:59:50.491  5725  5884 D ar_activity: send stroke to firebase, id=-NTbY0h9JsbaWAx2oLoH
04-22 01:59:50.491  5725  5884 D ar_activity: [[2d] after update lines time=2023-04-22 01:59:50.491]
04-22 01:59:50.513  5725  5884 D ar_activity: [TRACKING TransformPointToPose time=2023-04-22 01:59:50.511]
04-22 01:59:50.514  5725  5884 D ar_activity: send stroke to firebase, id=-NTbY0h9JsbaWAx2oLoH
04-22 01:59:50.515  5725  5884 D ar_activity: [[2d] after update lines time=2023-04-22 01:59:50.515]
04-22 01:59:50.537  5725  5884 D ar_activity: [TRACKING TransformPointToPose time=2023-04-22 01:59:50.537]
04-22 01:59:50.537  5725  5725 D ar_activity: [[2a end - 2d start] onChildChanged stroke id=-NTbY0h9JsbaWAx2oLoH time=2023-04-22 01:59:50.537]
04-22 01:59:50.538  5725  5884 D ar_activity: [TRACKING TransformPointToPose time=2023-04-22 01:59:50.537]
04-22 01:59:50.538  5725  5884 D ar_activity: send stroke to firebase, id=-NTbY0h9JsbaWAx2oLoH
04-22 01:59:50.539  5725  5884 D ar_activity: [[2d] after update lines time=2023-04-22 01:59:50.538]
04-22 01:59:50.560  5725  5884 D ar_activity: [TRACKING TransformPointToPose time=2023-04-22 01:59:50.559]
04-22 01:59:50.560  5725  5884 D ar_activity: [TRACKING TransformPointToPose time=2023-04-22 01:59:50.560]
04-22 01:59:50.560  5725  5884 D ar_activity: send stroke to firebase, id=-NTbY0h9JsbaWAx2oLoH
04-22 01:59:50.560  5725  5884 D ar_activity: [[2d] after update lines time=2023-04-22 01:59:50.560]
04-22 01:59:50.582  5725  5884 D ar_activity: [TRACKING TransformPointToPose time=2023-04-22 01:59:50.582]
04-22 01:59:50.582  5725  5884 D ar_activity: [TRACKING TransformPointToPose time=2023-04-22 01:59:50.582]
04-22 01:59:50.582  5725  5884 D ar_activity: send stroke to firebase, id=-NTbY0h9JsbaWAx2oLoH
04-22 01:59:50.583  5725  5884 D ar_activity: [[2d] after update lines time=2023-04-22 01:59:50.583]
04-22 01:59:50.602  5725  5884 D ar_activity: [TRACKING TransformPointToPose time=2023-04-22 01:59:50.602]
04-22 01:59:50.602  5725  5884 D ar_activity: [TRACKING TransformPointToPose time=2023-04-22 01:59:50.602]
04-22 01:59:50.602  5725  5884 D ar_activity: send stroke to firebase, id=-NTbY0h9JsbaWAx2oLoH
04-22 01:59:50.603  5725  5884 D ar_activity: [[2d] after update lines time=2023-04-22 01:59:50.603]
04-22 01:59:50.617  5725  5725 D ar_activity: [[2a end - 2d start] onChildChanged stroke id=-NTbY0h9JsbaWAx2oLoH time=2023-04-22 01:59:50.617]
04-22 01:59:50.622  5725  5884 D ar_activity: [TRACKING TransformPointToPose time=2023-04-22 01:59:50.622]
04-22 01:59:50.622  5725  5884 D ar_activity: send stroke to firebase, id=-NTbY0h9JsbaWAx2oLoH
04-22 01:59:50.623  5725  5884 D ar_activity: [[2d] after update lines time=2023-04-22 01:59:50.622]
04-22 01:59:50.642  5725  5884 D ar_activity: [TRACKING TransformPointToPose time=2023-04-22 01:59:50.642]
04-22 01:59:50.643  5725  5884 D ar_activity: [TRACKING TransformPointToPose time=2023-04-22 01:59:50.643]
04-22 01:59:50.643  5725  5884 D ar_activity: send stroke to firebase, id=-NTbY0h9JsbaWAx2oLoH
04-22 01:59:50.644  5725  5884 D ar_activity: [[2d] after update lines time=2023-04-22 01:59:50.644]
04-22 01:59:50.662  5725  5725 D ar_activity: [[2a end - 2d start] onChildChanged stroke id=-NTbY0h9JsbaWAx2oLoH time=2023-04-22 01:59:50.661]
04-22 01:59:50.667  5725  5884 D ar_activity: [TRACKING TransformPointToPose time=2023-04-22 01:59:50.667]
04-22 01:59:50.667  5725  5884 D ar_activity: [TRACKING TransformPointToPose time=2023-04-22 01:59:50.667]
04-22 01:59:50.667  5725  5884 D ar_activity: send stroke to firebase, id=-NTbY0h9JsbaWAx2oLoH
04-22 01:59:50.668  5725  5884 D ar_activity: [[2d] after update lines time=2023-04-22 01:59:50.668]
04-22 01:59:50.688  5725  5884 D ar_activity: [TRACKING TransformPointToPose time=2023-04-22 01:59:50.688]
04-22 01:59:50.688  5725  5884 D ar_activity: [TRACKING TransformPointToPose time=2023-04-22 01:59:50.688]
04-22 01:59:50.688  5725  5884 D ar_activity: send stroke to firebase, id=-NTbY0h9JsbaWAx2oLoH
04-22 01:59:50.689  5725  5884 D ar_activity: [[2d] after update lines time=2023-04-22 01:59:50.689]
04-22 01:59:50.709  5725  5884 D ar_activity: [TRACKING TransformPointToPose time=2023-04-22 01:59:50.708]
04-22 01:59:50.709  5725  5884 D ar_activity: [TRACKING TransformPointToPose time=2023-04-22 01:59:50.709]
04-22 01:59:50.709  5725  5884 D ar_activity: send stroke to firebase, id=-NTbY0h9JsbaWAx2oLoH
04-22 01:59:50.717  5725  5884 D ar_activity: [[2d] after update lines time=2023-04-22 01:59:50.716]
04-22 01:59:50.739  5725  5884 D ar_activity: [TRACKING TransformPointToPose time=2023-04-22 01:59:50.739]
04-22 01:59:50.740  5725  5884 D ar_activity: [TRACKING TransformPointToPose time=2023-04-22 01:59:50.739]
04-22 01:59:50.740  5725  5725 D ar_activity: [[2a end - 2d start] onChildChanged stroke id=-NTbY0h9JsbaWAx2oLoH time=2023-04-22 01:59:50.740]
04-22 01:59:50.740  5725  5884 D ar_activity: [TRACKING TransformPointToPose time=2023-04-22 01:59:50.740]
04-22 01:59:50.741  5725  5884 D ar_activity: send stroke to firebase, id=-NTbY0h9JsbaWAx2oLoH
04-22 01:59:50.742  5725  5884 D ar_activity: [[2d] after update lines time=2023-04-22 01:59:50.741]
04-22 01:59:50.767  5725  5884 D ar_activity: [TRACKING TransformPointToPose time=2023-04-22 01:59:50.767]
04-22 01:59:50.767  5725  5884 D ar_activity: [TRACKING TransformPointToPose time=2023-04-22 01:59:50.767]
04-22 01:59:50.767  5725  5884 D ar_activity: send stroke to firebase, id=-NTbY0h9JsbaWAx2oLoH
04-22 01:59:50.768  5725  5884 D ar_activity: [[2d] after update lines time=2023-04-22 01:59:50.767]
04-22 01:59:50.786  5725  5884 D ar_activity: [TRACKING TransformPointToPose time=2023-04-22 01:59:50.786]
04-22 01:59:50.786  5725  5884 D ar_activity: [TRACKING TransformPointToPose time=2023-04-22 01:59:50.786]
04-22 01:59:50.787  5725  5884 D ar_activity: send stroke to firebase, id=-NTbY0h9JsbaWAx2oLoH
04-22 01:59:50.787  5725  5884 D ar_activity: [[2d] after update lines time=2023-04-22 01:59:50.787]
04-22 01:59:50.803  5725  5725 D ar_activity: [[2a end - 2d start] onChildChanged stroke id=-NTbY0h9JsbaWAx2oLoH time=2023-04-22 01:59:50.802]
04-22 01:59:50.807  5725  5884 D ar_activity: [TRACKING TransformPointToPose time=2023-04-22 01:59:50.807]
04-22 01:59:50.808  5725  5884 D ar_activity: [TRACKING TransformPointToPose time=2023-04-22 01:59:50.808]
04-22 01:59:50.808  5725  5884 D ar_activity: send stroke to firebase, id=-NTbY0h9JsbaWAx2oLoH
04-22 01:59:50.809  5725  5884 D ar_activity: [[2d] after update lines time=2023-04-22 01:59:50.809]
04-22 01:59:50.834  5725  5884 D ar_activity: [TRACKING TransformPointToPose time=2023-04-22 01:59:50.833]
04-22 01:59:50.834  5725  5884 D ar_activity: [TRACKING TransformPointToPose time=2023-04-22 01:59:50.834]
04-22 01:59:50.834  5725  5884 D ar_activity: send stroke to firebase, id=-NTbY0h9JsbaWAx2oLoH
04-22 01:59:50.837  5725  5884 D ar_activity: [[2d] after update lines time=2023-04-22 01:59:50.836]
04-22 01:59:50.859  5725  5884 D ar_activity: [TRACKING TransformPointToPose time=2023-04-22 01:59:50.859]
04-22 01:59:50.862  5725  5884 D ar_activity: [TRACKING TransformPointToPose time=2023-04-22 01:59:50.861]
04-22 01:59:50.864  5725  5884 D ar_activity: [TRACKING TransformPointToPose time=2023-04-22 01:59:50.863]
04-22 01:59:50.865  5725  5884 D ar_activity: send stroke to firebase, id=-NTbY0h9JsbaWAx2oLoH
04-22 01:59:50.873  5725  5884 D ar_activity: [[2d] after update lines time=2023-04-22 01:59:50.872]
04-22 01:59:50.900  5725  5884 D ar_activity: [TRACKING TransformPointToPose time=2023-04-22 01:59:50.899]
04-22 01:59:50.900  5725  5725 D ar_activity: [[2a end - 2d start] onChildChanged stroke id=-NTbY0h9JsbaWAx2oLoH time=2023-04-22 01:59:50.899]
04-22 01:59:50.901  5725  5884 D ar_activity: [TRACKING TransformPointToPose time=2023-04-22 01:59:50.901]
04-22 01:59:50.901  5725  5884 D ar_activity: send stroke to firebase, id=-NTbY0h9JsbaWAx2oLoH
04-22 01:59:50.903  5725  5884 D ar_activity: [[2d] after update lines time=2023-04-22 01:59:50.903]
04-22 01:59:50.930  5725  5884 D ar_activity: [TRACKING TransformPointToPose time=2023-04-22 01:59:50.930]
04-22 01:59:50.931  5725  5884 D ar_activity: [TRACKING TransformPointToPose time=2023-04-22 01:59:50.930]
04-22 01:59:50.931  5725  5884 D ar_activity: [TRACKING TransformPointToPose time=2023-04-22 01:59:50.931]
04-22 01:59:50.932  5725  5884 D ar_activity: send stroke to firebase, id=-NTbY0h9JsbaWAx2oLoH
04-22 01:59:50.954  5725  5884 D ar_activity: [[2d] after update lines time=2023-04-22 01:59:50.954]
04-22 01:59:50.971  5725  5725 D ar_activity: [[2a end - 2d start] onChildChanged stroke id=-NTbY0h9JsbaWAx2oLoH time=2023-04-22 01:59:50.970]
04-22 01:59:50.975  5725  5884 D ar_activity: [TRACKING TransformPointToPose time=2023-04-22 01:59:50.975]
04-22 01:59:50.975  5725  5884 D ar_activity: [TRACKING TransformPointToPose time=2023-04-22 01:59:50.975]
04-22 01:59:50.976  5725  5884 D ar_activity: [TRACKING TransformPointToPose time=2023-04-22 01:59:50.975]
04-22 01:59:50.976  5725  5884 D ar_activity: send stroke to firebase, id=-NTbY0h9JsbaWAx2oLoH
04-22 01:59:50.977  5725  5884 D ar_activity: [[2d] after update lines time=2023-04-22 01:59:50.977]
04-22 01:59:51.001  5725  5884 D ar_activity: [TRACKING TransformPointToPose time=2023-04-22 01:59:51.000]
04-22 01:59:51.001  5725  5884 D ar_activity: send stroke to firebase, id=-NTbY0h9JsbaWAx2oLoH
04-22 01:59:51.002  5725  5884 D ar_activity: [[2d] after update lines time=2023-04-22 01:59:51.001]
04-22 01:59:51.025  5725  5884 D ar_activity: [TRACKING TransformPointToPose time=2023-04-22 01:59:51.024]
04-22 01:59:51.026  5725  5884 D ar_activity: [TRACKING TransformPointToPose time=2023-04-22 01:59:51.026]
04-22 01:59:51.026  5725  5884 D ar_activity: send stroke to firebase, id=-NTbY0h9JsbaWAx2oLoH
04-22 01:59:51.028  5725  5725 D ar_activity: [[2a end - 2d start] onChildChanged stroke id=-NTbY0h9JsbaWAx2oLoH time=2023-04-22 01:59:51.028]
04-22 01:59:51.031  5725  5884 D ar_activity: [[2d] after update lines time=2023-04-22 01:59:51.030]
04-22 01:59:51.054  5725  5884 D ar_activity: [TRACKING TransformPointToPose time=2023-04-22 01:59:51.053]
04-22 01:59:51.054  5725  5884 D ar_activity: [TRACKING TransformPointToPose time=2023-04-22 01:59:51.054]
04-22 01:59:51.054  5725  5884 D ar_activity: [TRACKING TransformPointToPose time=2023-04-22 01:59:51.054]
04-22 01:59:51.054  5725  5884 D ar_activity: send stroke to firebase, id=-NTbY0h9JsbaWAx2oLoH
04-22 01:59:51.055  5725  5884 D ar_activity: [[2d] after update lines time=2023-04-22 01:59:51.055]
04-22 01:59:51.074  5725  5884 D ar_activity: [TRACKING TransformPointToPose time=2023-04-22 01:59:51.074]
04-22 01:59:51.074  5725  5884 D ar_activity: [TRACKING TransformPointToPose time=2023-04-22 01:59:51.074]
04-22 01:59:51.075  5725  5884 D ar_activity: send stroke to firebase, id=-NTbY0h9JsbaWAx2oLoH
04-22 01:59:51.075  5725  5884 D ar_activity: [[2d] after update lines time=2023-04-22 01:59:51.075]
04-22 01:59:51.094  5725  5884 D ar_activity: [TRACKING TransformPointToPose time=2023-04-22 01:59:51.094]
04-22 01:59:51.095  5725  5884 D ar_activity: [TRACKING TransformPointToPose time=2023-04-22 01:59:51.095]
04-22 01:59:51.095  5725  5884 D ar_activity: send stroke to firebase, id=-NTbY0h9JsbaWAx2oLoH
04-22 01:59:51.096  5725  5884 D ar_activity: [[2d] after update lines time=2023-04-22 01:59:51.095]
04-22 01:59:51.123  5725  5884 D ar_activity: [TRACKING TransformPointToPose time=2023-04-22 01:59:51.122]
04-22 01:59:51.130  5725  5884 D ar_activity: [TRACKING TransformPointToPose time=2023-04-22 01:59:51.123]
04-22 01:59:51.130  5725  5884 D ar_activity: send stroke to firebase, id=-NTbY0h9JsbaWAx2oLoH
04-22 01:59:51.131  5725  5884 D ar_activity: [[2d] after update lines time=2023-04-22 01:59:51.131]
04-22 01:59:51.133  5725  5725 D ar_activity: [[2a end - 2d start] onChildChanged stroke id=-NTbY0h9JsbaWAx2oLoH time=2023-04-22 01:59:51.131]
04-22 01:59:51.152  5725  5884 D ar_activity: [TRACKING TransformPointToPose time=2023-04-22 01:59:51.151]
04-22 01:59:51.152  5725  5884 D ar_activity: send stroke to firebase, id=-NTbY0h9JsbaWAx2oLoH
04-22 01:59:51.177  5725  5884 D ar_activity: [[2d] after update lines time=2023-04-22 01:59:51.177]
04-22 01:59:51.220  5725  5884 D ar_activity: [TRACKING TransformPointToPose time=2023-04-22 01:59:51.217]
04-22 01:59:51.221  5725  5884 D ar_activity: [TRACKING TransformPointToPose time=2023-04-22 01:59:51.221]
04-22 01:59:51.221  5725  5884 D ar_activity: [TRACKING TransformPointToPose time=2023-04-22 01:59:51.221]
04-22 01:59:51.221  5725  5884 D ar_activity: [TRACKING TransformPointToPose time=2023-04-22 01:59:51.221]
04-22 01:59:51.222  5725  5884 D ar_activity: send stroke to firebase, id=-NTbY0h9JsbaWAx2oLoH
04-22 01:59:51.224  5725  5884 D ar_activity: [[2d] after update lines time=2023-04-22 01:59:51.223]
04-22 01:59:51.260  5725  5884 D ar_activity: [TRACKING TransformPointToPose time=2023-04-22 01:59:51.260]
04-22 01:59:51.262  5725  5884 D ar_activity: [TRACKING TransformPointToPose time=2023-04-22 01:59:51.260]
04-22 01:59:51.262  5725  5884 D ar_activity: [TRACKING TransformPointToPose time=2023-04-22 01:59:51.262]
04-22 01:59:51.262  5725  5884 D ar_activity: [TRACKING TransformPointToPose time=2023-04-22 01:59:51.262]
04-22 01:59:51.262  5725  5884 D ar_activity: send stroke to firebase, id=-NTbY0h9JsbaWAx2oLoH
04-22 01:59:51.265  5725  5884 D ar_activity: [[2d] after update lines time=2023-04-22 01:59:51.264]
04-22 01:59:51.289  5725  5884 D ar_activity: [TRACKING TransformPointToPose time=2023-04-22 01:59:51.288]
04-22 01:59:51.298  5725  5884 D ar_activity: send stroke to firebase, id=-NTbY0h9JsbaWAx2oLoH
04-22 01:59:51.305  5725  5884 D ar_activity: [[2d] after update lines time=2023-04-22 01:59:51.304]
04-22 01:59:51.320  5725  5725 D ar_activity: [[2a end - 2d start] onChildChanged stroke id=-NTbY0h9JsbaWAx2oLoH time=2023-04-22 01:59:51.320]
04-22 01:59:51.328  5725  5884 D ar_activity: [TRACKING TransformPointToPose time=2023-04-22 01:59:51.327]
04-22 01:59:51.328  5725  5884 D ar_activity: [TRACKING TransformPointToPose time=2023-04-22 01:59:51.328]
04-22 01:59:51.328  5725  5884 D ar_activity: send stroke to firebase, id=-NTbY0h9JsbaWAx2oLoH
04-22 01:59:51.329  5725  5884 D ar_activity: [[2d] after update lines time=2023-04-22 01:59:51.329]
04-22 01:59:51.364  5725  5884 D ar_activity: [TRACKING TransformPointToPose time=2023-04-22 01:59:51.364]
04-22 01:59:51.364  5725  5884 D ar_activity: [TRACKING TransformPointToPose time=2023-04-22 01:59:51.364]
04-22 01:59:51.365  5725  5884 D ar_activity: [TRACKING TransformPointToPose time=2023-04-22 01:59:51.364]
04-22 01:59:51.365  5725  5884 D ar_activity: send stroke to firebase, id=-NTbY0h9JsbaWAx2oLoH
04-22 01:59:51.365  5725  5884 D ar_activity: [[2d] after update lines time=2023-04-22 01:59:51.365]
04-22 01:59:51.376  5725  5725 D ar_activity: [[2a end - 2d start] onChildChanged stroke id=-NTbY0h9JsbaWAx2oLoH time=2023-04-22 01:59:51.376]
04-22 01:59:51.385  5725  5884 D ar_activity: [TRACKING TransformPointToPose time=2023-04-22 01:59:51.385]
04-22 01:59:51.385  5725  5884 D ar_activity: send stroke to firebase, id=-NTbY0h9JsbaWAx2oLoH
04-22 01:59:51.386  5725  5884 D ar_activity: [[2d] after update lines time=2023-04-22 01:59:51.386]
04-22 01:59:51.405  5725  5884 D ar_activity: [TRACKING TransformPointToPose time=2023-04-22 01:59:51.405]
04-22 01:59:51.407  5725  5884 D ar_activity: [TRACKING TransformPointToPose time=2023-04-22 01:59:51.407]
04-22 01:59:51.407  5725  5884 D ar_activity: [TRACKING TransformPointToPose time=2023-04-22 01:59:51.407]
04-22 01:59:51.407  5725  5884 D ar_activity: send stroke to firebase, id=-NTbY0h9JsbaWAx2oLoH
04-22 01:59:51.408  5725  5884 D ar_activity: [[2d] after update lines time=2023-04-22 01:59:51.408]
04-22 01:59:51.427  5725  5884 D ar_activity: [TRACKING TransformPointToPose time=2023-04-22 01:59:51.426]
04-22 01:59:51.427  5725  5884 D ar_activity: [TRACKING TransformPointToPose time=2023-04-22 01:59:51.427]
04-22 01:59:51.427  5725  5884 D ar_activity: send stroke to firebase, id=-NTbY0h9JsbaWAx2oLoH
04-22 01:59:51.427  5725  5884 D ar_activity: [[2d] after update lines time=2023-04-22 01:59:51.427]
04-22 01:59:51.449  5725  5884 D ar_activity: [TRACKING TransformPointToPose time=2023-04-22 01:59:51.449]
04-22 01:59:51.449  5725  5884 D ar_activity: send stroke to firebase, id=-NTbY0h9JsbaWAx2oLoH
04-22 01:59:51.450  5725  5884 D ar_activity: [[2d] after update lines time=2023-04-22 01:59:51.450]
04-22 01:59:51.453  5725  5725 D ar_activity: [[2a end - 2d start] onChildChanged stroke id=-NTbY0h9JsbaWAx2oLoH time=2023-04-22 01:59:51.453]
04-22 01:59:51.469  5725  5884 D ar_activity: [TRACKING TransformPointToPose time=2023-04-22 01:59:51.469]
04-22 01:59:51.469  5725  5884 D ar_activity: [TRACKING TransformPointToPose time=2023-04-22 01:59:51.469]
04-22 01:59:51.471  5725  5884 D ar_activity: [TRACKING TransformPointToPose time=2023-04-22 01:59:51.469]
04-22 01:59:51.471  5725  5884 D ar_activity: send stroke to firebase, id=-NTbY0h9JsbaWAx2oLoH
04-22 01:59:51.471  5725  5884 D ar_activity: [[2d] after update lines time=2023-04-22 01:59:51.471]
04-22 01:59:51.493  5725  5884 D ar_activity: [TRACKING TransformPointToPose time=2023-04-22 01:59:51.492]
04-22 01:59:51.493  5725  5884 D ar_activity: [TRACKING TransformPointToPose time=2023-04-22 01:59:51.493]
04-22 01:59:51.493  5725  5884 D ar_activity: send stroke to firebase, id=-NTbY0h9JsbaWAx2oLoH
04-22 01:59:51.494  5725  5884 D ar_activity: [[2d] after update lines time=2023-04-22 01:59:51.494]
04-22 01:59:51.517  5725  5884 D ar_activity: [TRACKING TransformPointToPose time=2023-04-22 01:59:51.516]
04-22 01:59:51.517  5725  5884 D ar_activity: [TRACKING TransformPointToPose time=2023-04-22 01:59:51.517]
04-22 01:59:51.517  5725  5884 D ar_activity: send stroke to firebase, id=-NTbY0h9JsbaWAx2oLoH
04-22 01:59:51.518  5725  5884 D ar_activity: [[2d] after update lines time=2023-04-22 01:59:51.518]
04-22 01:59:51.543  5725  5884 D ar_activity: [TRACKING TransformPointToPose time=2023-04-22 01:59:51.543]
04-22 01:59:51.543  5725  5725 D ar_activity: [[2a end - 2d start] onChildChanged stroke id=-NTbY0h9JsbaWAx2oLoH time=2023-04-22 01:59:51.543]
04-22 01:59:51.546  5725  5884 D ar_activity: [TRACKING TransformPointToPose time=2023-04-22 01:59:51.544]
04-22 01:59:51.547  5725  5884 D ar_activity: send stroke to firebase, id=-NTbY0h9JsbaWAx2oLoH
04-22 01:59:51.551  5725  5884 D ar_activity: [[2d] after update lines time=2023-04-22 01:59:51.550]
04-22 01:59:51.577  5725  5884 D ar_activity: [TRACKING TransformPointToPose time=2023-04-22 01:59:51.576]
04-22 01:59:51.580  5725  5884 D ar_activity: [TRACKING TransformPointToPose time=2023-04-22 01:59:51.577]
04-22 01:59:51.584  5725  5884 D ar_activity: [TRACKING TransformPointToPose time=2023-04-22 01:59:51.583]
04-22 01:59:51.585  5725  5884 D ar_activity: send stroke to firebase, id=-NTbY0h9JsbaWAx2oLoH
04-22 01:59:51.592  5725  5884 D ar_activity: [[2d] after update lines time=2023-04-22 01:59:51.591]
04-22 01:59:51.621  5725  5884 D ar_activity: [TRACKING TransformPointToPose time=2023-04-22 01:59:51.621]
04-22 01:59:51.621  5725  5725 D ar_activity: [[2a end - 2d start] onChildChanged stroke id=-NTbY0h9JsbaWAx2oLoH time=2023-04-22 01:59:51.621]
04-22 01:59:51.621  5725  5884 D ar_activity: [TRACKING TransformPointToPose time=2023-04-22 01:59:51.621]
04-22 01:59:51.622  5725  5884 D ar_activity: [TRACKING TransformPointToPose time=2023-04-22 01:59:51.622]
04-22 01:59:51.622  5725  5884 D ar_activity: send stroke to firebase, id=-NTbY0h9JsbaWAx2oLoH
04-22 01:59:51.624  5725  5884 D ar_activity: [[2d] after update lines time=2023-04-22 01:59:51.624]
04-22 01:59:51.644  5725  5884 D ar_activity: [TRACKING TransformPointToPose time=2023-04-22 01:59:51.644]
04-22 01:59:51.644  5725  5884 D ar_activity: send stroke to firebase, id=-NTbY0h9JsbaWAx2oLoH
04-22 01:59:51.647  5725  5884 D ar_activity: [[2d] after update lines time=2023-04-22 01:59:51.646]
04-22 01:59:51.669  5725  5884 D ar_activity: [TRACKING TransformPointToPose time=2023-04-22 01:59:51.668]
04-22 01:59:51.670  5725  5884 D ar_activity: [TRACKING TransformPointToPose time=2023-04-22 01:59:51.669]
04-22 01:59:51.670  5725  5884 D ar_activity: send stroke to firebase, id=-NTbY0h9JsbaWAx2oLoH
04-22 01:59:51.671  5725  5884 D ar_activity: [[2d] after update lines time=2023-04-22 01:59:51.670]
04-22 01:59:51.695  5725  5884 D ar_activity: [TRACKING TransformPointToPose time=2023-04-22 01:59:51.694]
04-22 01:59:51.696  5725  5884 D ar_activity: [TRACKING TransformPointToPose time=2023-04-22 01:59:51.696]
04-22 01:59:51.696  5725  5884 D ar_activity: send stroke to firebase, id=-NTbY0h9JsbaWAx2oLoH
04-22 01:59:51.706  5725  5725 D ar_activity: [[2a end - 2d start] onChildChanged stroke id=-NTbY0h9JsbaWAx2oLoH time=2023-04-22 01:59:51.706]
04-22 01:59:51.708  5725  5884 D ar_activity: [[2d] after update lines time=2023-04-22 01:59:51.707]
04-22 01:59:51.733  5725  5884 D ar_activity: [TRACKING TransformPointToPose time=2023-04-22 01:59:51.733]
04-22 01:59:51.734  5725  5884 D ar_activity: [TRACKING TransformPointToPose time=2023-04-22 01:59:51.734]
04-22 01:59:51.734  5725  5884 D ar_activity: [TRACKING TransformPointToPose time=2023-04-22 01:59:51.734]
04-22 01:59:51.734  5725  5884 D ar_activity: send stroke to firebase, id=-NTbY0h9JsbaWAx2oLoH
04-22 01:59:51.735  5725  5884 D ar_activity: [[2d] after update lines time=2023-04-22 01:59:51.735]
04-22 01:59:51.759  5725  5884 D ar_activity: [TRACKING TransformPointToPose time=2023-04-22 01:59:51.757]
04-22 01:59:51.761  5725  5884 D ar_activity: [TRACKING TransformPointToPose time=2023-04-22 01:59:51.760]
04-22 01:59:51.761  5725  5884 D ar_activity: send stroke to firebase, id=-NTbY0h9JsbaWAx2oLoH
04-22 01:59:51.764  5725  5884 D ar_activity: [[2d] after update lines time=2023-04-22 01:59:51.763]
04-22 01:59:51.777  5725  5725 D ar_activity: [[2a end - 2d start] onChildChanged stroke id=-NTbY0h9JsbaWAx2oLoH time=2023-04-22 01:59:51.776]
04-22 01:59:51.784  5725  5884 D ar_activity: [TRACKING TransformPointToPose time=2023-04-22 01:59:51.784]
04-22 01:59:51.785  5725  5884 D ar_activity: [TRACKING TransformPointToPose time=2023-04-22 01:59:51.785]
04-22 01:59:51.785  5725  5884 D ar_activity: send stroke to firebase, id=-NTbY0h9JsbaWAx2oLoH
04-22 01:59:51.785  5725  5884 D ar_activity: [[2d] after update lines time=2023-04-22 01:59:51.785]
04-22 01:59:51.808  5725  5884 D ar_activity: [TRACKING TransformPointToPose time=2023-04-22 01:59:51.808]
04-22 01:59:51.809  5725  5884 D ar_activity: send stroke to firebase, id=-NTbY0h9JsbaWAx2oLoH
04-22 01:59:51.810  5725  5884 D ar_activity: [[2d] after update lines time=2023-04-22 01:59:51.809]
04-22 01:59:51.848  5725  5884 D ar_activity: [TRACKING TransformPointToPose time=2023-04-22 01:59:51.847]
04-22 01:59:51.849  5725  5725 D ar_activity: [[2a end - 2d start] onChildChanged stroke id=-NTbY0h9JsbaWAx2oLoH time=2023-04-22 01:59:51.848]
04-22 01:59:51.851  5725  5884 D ar_activity: [TRACKING TransformPointToPose time=2023-04-22 01:59:51.849]
04-22 01:59:51.851  5725  5884 D ar_activity: send stroke to firebase, id=-NTbY0h9JsbaWAx2oLoH
04-22 01:59:51.854  5725  5884 D ar_activity: [[2d] after update lines time=2023-04-22 01:59:51.854]
04-22 01:59:51.906  5725  5884 D ar_activity: [TRACKING TransformPointToPose time=2023-04-22 01:59:51.906]
04-22 01:59:51.909  5725  5884 D ar_activity: send stroke to firebase, id=-NTbY0h9JsbaWAx2oLoH
04-22 01:59:51.912  5725  5884 D ar_activity: [[2d] after update lines time=2023-04-22 01:59:51.911]
04-22 01:59:51.961  5725  5884 D ar_activity: [TRACKING TransformPointToPose time=2023-04-22 01:59:51.960]
04-22 01:59:51.964  5725  5884 D ar_activity: [TRACKING TransformPointToPose time=2023-04-22 01:59:51.963]
04-22 01:59:51.965  5725  5884 D ar_activity: [TRACKING TransformPointToPose time=2023-04-22 01:59:51.965]
04-22 01:59:51.965  5725  5725 D ar_activity: [[2a end - 2d start] onChildChanged stroke id=-NTbY0h9JsbaWAx2oLoH time=2023-04-22 01:59:51.965]
04-22 01:59:51.966  5725  5884 D ar_activity: [TRACKING TransformPointToPose time=2023-04-22 01:59:51.966]
04-22 01:59:51.967  5725  5884 D ar_activity: send stroke to firebase, id=-NTbY0h9JsbaWAx2oLoH
04-22 01:59:51.972  5725  5884 D ar_activity: [[2d] after update lines time=2023-04-22 01:59:51.971]
04-22 01:59:52.006  5725  5884 D ar_activity: [TRACKING TransformPointToPose time=2023-04-22 01:59:52.005]
04-22 01:59:52.006  5725  5884 D ar_activity: [TRACKING TransformPointToPose time=2023-04-22 01:59:52.006]
04-22 01:59:52.006  5725  5884 D ar_activity: send stroke to firebase, id=-NTbY0h9JsbaWAx2oLoH
04-22 01:59:52.007  5725  5884 D ar_activity: [[2d] after update lines time=2023-04-22 01:59:52.007]
04-22 01:59:52.070  5725  5725 D ar_activity: [[2a end - 2d start] onChildChanged stroke id=-NTbY0h9JsbaWAx2oLoH time=2023-04-22 01:59:52.067]
04-22 01:59:52.090  5725  5884 D ar_activity: [TRACKING TransformPointToPose time=2023-04-22 01:59:52.090]
04-22 01:59:52.103  5725  5884 D ar_activity: [TRACKING TransformPointToPose time=2023-04-22 01:59:52.103]
04-22 01:59:52.104  5725  5884 D ar_activity: [TRACKING TransformPointToPose time=2023-04-22 01:59:52.104]
04-22 01:59:52.104  5725  5884 D ar_activity: [TRACKING TransformPointToPose time=2023-04-22 01:59:52.104]
04-22 01:59:52.104  5725  5884 D ar_activity: [TRACKING TransformPointToPose time=2023-04-22 01:59:52.104]
04-22 01:59:52.104  5725  5884 D ar_activity: [TRACKING TransformPointToPose time=2023-04-22 01:59:52.104]
04-22 01:59:52.104  5725  5884 D ar_activity: [TRACKING TransformPointToPose time=2023-04-22 01:59:52.104]
04-22 01:59:52.104  5725  5884 D ar_activity: send stroke to firebase, id=-NTbY0h9JsbaWAx2oLoH
04-22 01:59:52.105  5725  5884 D ar_activity: [[2d] after update lines time=2023-04-22 01:59:52.105]
04-22 01:59:52.132  5725  5884 D ar_activity: [TRACKING TransformPointToPose time=2023-04-22 01:59:52.132]
04-22 01:59:52.134  5725  5884 D ar_activity: [TRACKING TransformPointToPose time=2023-04-22 01:59:52.134]
04-22 01:59:52.135  5725  5884 D ar_activity: send stroke to firebase, id=-NTbY0h9JsbaWAx2oLoH
04-22 01:59:52.137  5725  5884 D ar_activity: [[2d] after update lines time=2023-04-22 01:59:52.136]
04-22 01:59:52.157  5725  5884 D ar_activity: [TRACKING TransformPointToPose time=2023-04-22 01:59:52.157]
04-22 01:59:52.157  5725  5884 D ar_activity: [TRACKING TransformPointToPose time=2023-04-22 01:59:52.157]
04-22 01:59:52.157  5725  5884 D ar_activity: send stroke to firebase, id=-NTbY0h9JsbaWAx2oLoH
04-22 01:59:52.158  5725  5884 D ar_activity: [[2d] after update lines time=2023-04-22 01:59:52.158]
04-22 01:59:52.159  5725  5725 D ar_activity: [[2a end - 2d start] onChildChanged stroke id=-NTbY0h9JsbaWAx2oLoH time=2023-04-22 01:59:52.158]
04-22 01:59:52.177  5725  5884 D ar_activity: [TRACKING TransformPointToPose time=2023-04-22 01:59:52.177]
04-22 01:59:52.177  5725  5884 D ar_activity: [TRACKING TransformPointToPose time=2023-04-22 01:59:52.177]
04-22 01:59:52.177  5725  5884 D ar_activity: send stroke to firebase, id=-NTbY0h9JsbaWAx2oLoH
04-22 01:59:52.178  5725  5884 D ar_activity: [[2d] after update lines time=2023-04-22 01:59:52.178]
