--------- beginning of main
04-12 18:02:45.558   350   883 D ar_activity: [Update ARCore frame time=2023-04-12 18:02:45.520]
04-12 18:02:45.628   350   883 D ar_activity: [[2d] after update lines time=2023-04-12 18:02:45.628]
04-12 18:02:45.647   350   883 D ar_activity: [Update ARCore frame time=2023-04-12 18:02:45.646]
04-12 18:02:45.731   350   883 D ar_activity: [Update ARCore frame time=2023-04-12 18:02:45.731]
04-12 18:02:45.815   350   883 D ar_activity: [Update ARCore frame time=2023-04-12 18:02:45.815]
04-12 18:02:45.900   350   883 D ar_activity: [Update ARCore frame time=2023-04-12 18:02:45.899]
04-12 18:02:45.983   350   883 D ar_activity: [Update ARCore frame time=2023-04-12 18:02:45.983]
04-12 18:02:46.068   350   883 D ar_activity: [Update ARCore frame time=2023-04-12 18:02:46.068]
04-12 18:02:46.090   350   883 D ar_activity: [Update ARCore frame time=2023-04-12 18:02:46.087]
04-12 18:02:46.124   350   883 D ar_activity: [Update ARCore frame time=2023-04-12 18:02:46.121]
04-12 18:02:46.152   350   883 D ar_activity: [Update ARCore frame time=2023-04-12 18:02:46.151]
04-12 18:02:46.195   350   883 D ar_activity: [Update ARCore frame time=2023-04-12 18:02:46.190]
04-12 18:02:46.228   350   883 D ar_activity: [Update ARCore frame time=2023-04-12 18:02:46.227]
04-12 18:02:46.247   350   883 D ar_activity: [Update ARCore frame time=2023-04-12 18:02:46.247]
04-12 18:02:46.272   350   883 D ar_activity: [Update ARCore frame time=2023-04-12 18:02:46.272]
04-12 18:02:46.292   350   883 D ar_activity: [Update ARCore frame time=2023-04-12 18:02:46.292]
04-12 18:02:46.320   350   883 D ar_activity: [Update ARCore frame time=2023-04-12 18:02:46.320]
04-12 18:02:46.346   350   883 D ar_activity: [Update ARCore frame time=2023-04-12 18:02:46.345]
04-12 18:02:46.364   350   883 D ar_activity: [Update ARCore frame time=2023-04-12 18:02:46.364]
04-12 18:02:46.385   350   883 D ar_activity: [Update ARCore frame time=2023-04-12 18:02:46.384]
04-12 18:02:46.421   350   883 D ar_activity: [Update ARCore frame time=2023-04-12 18:02:46.420]
04-12 18:02:46.440   350   883 D ar_activity: [Update ARCore frame time=2023-04-12 18:02:46.440]
04-12 18:02:46.462   350   883 D ar_activity: [Update ARCore frame time=2023-04-12 18:02:46.462]
04-12 18:02:46.482   350   883 D ar_activity: [Update ARCore frame time=2023-04-12 18:02:46.481]
04-12 18:02:46.519   350   883 D ar_activity: [Update ARCore frame time=2023-04-12 18:02:46.518]
04-12 18:02:46.551   350   883 D ar_activity: [Update ARCore frame time=2023-04-12 18:02:46.550]
04-12 18:02:46.614   350   883 D ar_activity: [Update ARCore frame time=2023-04-12 18:02:46.613]
04-12 18:02:46.638   350   883 D ar_activity: [Update ARCore frame time=2023-04-12 18:02:46.635]
04-12 18:02:46.652   350   883 D ar_activity: [[2d end] stroke time=2023-04-12 18:02:46.651]
04-12 18:02:46.675   350   883 D ar_activity: [Update ARCore frame time=2023-04-12 18:02:46.674]
04-12 18:02:46.694   350   883 D ar_activity: [[2d end] stroke time=2023-04-12 18:02:46.691]
04-12 18:02:46.722   350   883 D ar_activity: [Update ARCore frame time=2023-04-12 18:02:46.722]
04-12 18:02:46.724   350   883 D ar_activity: [[2d end] stroke time=2023-04-12 18:02:46.724]
04-12 18:02:46.741   350   883 D ar_activity: [Update ARCore frame time=2023-04-12 18:02:46.741]
04-12 18:02:46.744   350   883 D ar_activity: [[2d end] stroke time=2023-04-12 18:02:46.743]
04-12 18:02:46.765   350   883 D ar_activity: [Update ARCore frame time=2023-04-12 18:02:46.765]
04-12 18:02:46.768   350   883 D ar_activity: [[2d end] stroke time=2023-04-12 18:02:46.768]
04-12 18:02:46.785   350   883 D ar_activity: [Update ARCore frame time=2023-04-12 18:02:46.785]
04-12 18:02:46.788   350   883 D ar_activity: [[2d end] stroke time=2023-04-12 18:02:46.788]
04-12 18:02:46.806   350   883 D ar_activity: [Update ARCore frame time=2023-04-12 18:02:46.805]
04-12 18:02:46.808   350   883 D ar_activity: [[2d end] stroke time=2023-04-12 18:02:46.807]
04-12 18:02:46.825   350   883 D ar_activity: [Update ARCore frame time=2023-04-12 18:02:46.824]
04-12 18:02:46.830   350   883 D ar_activity: [[2d end] stroke time=2023-04-12 18:02:46.830]
04-12 18:02:46.847   350   883 D ar_activity: [Update ARCore frame time=2023-04-12 18:02:46.847]
04-12 18:02:46.850   350   883 D ar_activity: [[2d end] stroke time=2023-04-12 18:02:46.850]
04-12 18:02:46.868   350   883 D ar_activity: [Update ARCore frame time=2023-04-12 18:02:46.867]
04-12 18:02:46.870   350   883 D ar_activity: [[2d end] stroke time=2023-04-12 18:02:46.870]
04-12 18:02:46.887   350   883 D ar_activity: [Update ARCore frame time=2023-04-12 18:02:46.887]
04-12 18:02:46.890   350   883 D ar_activity: [[2d end] stroke time=2023-04-12 18:02:46.889]
04-12 18:02:46.907   350   883 D ar_activity: [Update ARCore frame time=2023-04-12 18:02:46.906]
04-12 18:02:46.908   350   883 D ar_activity: [[2d end] stroke time=2023-04-12 18:02:46.908]
04-12 18:02:46.925   350   883 D ar_activity: [Update ARCore frame time=2023-04-12 18:02:46.925]
04-12 18:02:46.930   350   883 D ar_activity: [[2d end] stroke time=2023-04-12 18:02:46.929]
04-12 18:02:46.947   350   883 D ar_activity: [Update ARCore frame time=2023-04-12 18:02:46.947]
04-12 18:02:46.950   350   883 D ar_activity: [[2d end] stroke time=2023-04-12 18:02:46.950]
04-12 18:02:46.968   350   883 D ar_activity: [Update ARCore frame time=2023-04-12 18:02:46.967]
04-12 18:02:46.970   350   883 D ar_activity: [[2d end] stroke time=2023-04-12 18:02:46.970]
04-12 18:02:46.987   350   883 D ar_activity: [Update ARCore frame time=2023-04-12 18:02:46.987]
04-12 18:02:46.991   350   883 D ar_activity: [[2d end] stroke time=2023-04-12 18:02:46.990]
04-12 18:02:47.008   350   883 D ar_activity: [Update ARCore frame time=2023-04-12 18:02:47.007]
04-12 18:02:47.016   350   883 D ar_activity: [[2d end] stroke time=2023-04-12 18:02:47.016]
04-12 18:02:47.033   350   883 D ar_activity: [Update ARCore frame time=2023-04-12 18:02:47.033]
04-12 18:02:47.036   350   883 D ar_activity: [[2d end] stroke time=2023-04-12 18:02:47.036]
04-12 18:02:47.053   350   883 D ar_activity: [Update ARCore frame time=2023-04-12 18:02:47.053]
04-12 18:02:47.056   350   883 D ar_activity: [[2d end] stroke time=2023-04-12 18:02:47.056]
04-12 18:02:47.074   350   883 D ar_activity: [Update ARCore frame time=2023-04-12 18:02:47.073]
04-12 18:02:47.075   350   883 D ar_activity: [[2d end] stroke time=2023-04-12 18:02:47.075]
04-12 18:02:47.092   350   883 D ar_activity: [Update ARCore frame time=2023-04-12 18:02:47.092]
04-12 18:02:47.097   350   883 D ar_activity: [[2d end] stroke time=2023-04-12 18:02:47.097]
04-12 18:02:47.114   350   883 D ar_activity: [Update ARCore frame time=2023-04-12 18:02:47.114]
04-12 18:02:47.117   350   883 D ar_activity: [[2d end] stroke time=2023-04-12 18:02:47.116]
04-12 18:02:47.134   350   883 D ar_activity: [Update ARCore frame time=2023-04-12 18:02:47.133]
04-12 18:02:47.139   350   883 D ar_activity: [[2d end] stroke time=2023-04-12 18:02:47.139]
04-12 18:02:47.157   350   883 D ar_activity: [Update ARCore frame time=2023-04-12 18:02:47.156]
04-12 18:02:47.159   350   883 D ar_activity: [[2d end] stroke time=2023-04-12 18:02:47.159]
04-12 18:02:47.176   350   883 D ar_activity: [Update ARCore frame time=2023-04-12 18:02:47.175]
04-12 18:02:47.178   350   883 D ar_activity: [[2d end] stroke time=2023-04-12 18:02:47.177]
04-12 18:02:47.197   350   883 D ar_activity: [Update ARCore frame time=2023-04-12 18:02:47.196]
04-12 18:02:47.199   350   883 D ar_activity: [[2d end] stroke time=2023-04-12 18:02:47.199]
04-12 18:02:47.216   350   883 D ar_activity: [Update ARCore frame time=2023-04-12 18:02:47.216]
04-12 18:02:47.218   350   883 D ar_activity: [[2d end] stroke time=2023-04-12 18:02:47.218]
04-12 18:02:47.235   350   883 D ar_activity: [Update ARCore frame time=2023-04-12 18:02:47.235]
04-12 18:02:47.239   350   883 D ar_activity: [[2d end] stroke time=2023-04-12 18:02:47.239]
04-12 18:02:47.256   350   883 D ar_activity: [Update ARCore frame time=2023-04-12 18:02:47.256]
04-12 18:02:47.260   350   883 D ar_activity: [[2d end] stroke time=2023-04-12 18:02:47.260]
04-12 18:02:47.279   350   883 D ar_activity: [Update ARCore frame time=2023-04-12 18:02:47.279]
04-12 18:02:47.282   350   883 D ar_activity: [[2d end] stroke time=2023-04-12 18:02:47.281]
04-12 18:02:47.299   350   883 D ar_activity: [Update ARCore frame time=2023-04-12 18:02:47.298]
04-12 18:02:47.302   350   883 D ar_activity: [[2d end] stroke time=2023-04-12 18:02:47.301]
04-12 18:02:47.320   350   883 D ar_activity: [Update ARCore frame time=2023-04-12 18:02:47.319]
04-12 18:02:47.322   350   883 D ar_activity: [[2d end] stroke time=2023-04-12 18:02:47.322]
04-12 18:02:47.340   350   883 D ar_activity: [Update ARCore frame time=2023-04-12 18:02:47.340]
04-12 18:02:47.342   350   883 D ar_activity: [[2d end] stroke time=2023-04-12 18:02:47.342]
04-12 18:02:47.363   350   883 D ar_activity: [Update ARCore frame time=2023-04-12 18:02:47.362]
04-12 18:02:47.365   350   883 D ar_activity: [[2d end] stroke time=2023-04-12 18:02:47.365]
04-12 18:02:47.382   350   883 D ar_activity: [Update ARCore frame time=2023-04-12 18:02:47.382]
04-12 18:02:47.384   350   883 D ar_activity: [[2d end] stroke time=2023-04-12 18:02:47.384]
04-12 18:02:47.401   350   883 D ar_activity: [Update ARCore frame time=2023-04-12 18:02:47.401]
04-12 18:02:47.404   350   883 D ar_activity: [[2d end] stroke time=2023-04-12 18:02:47.403]
04-12 18:02:47.421   350   883 D ar_activity: [Update ARCore frame time=2023-04-12 18:02:47.421]
04-12 18:02:47.425   350   883 D ar_activity: [[2d end] stroke time=2023-04-12 18:02:47.424]
04-12 18:02:47.442   350   883 D ar_activity: [Update ARCore frame time=2023-04-12 18:02:47.442]
04-12 18:02:47.444   350   883 D ar_activity: [[2d end] stroke time=2023-04-12 18:02:47.444]
04-12 18:02:47.464   350   883 D ar_activity: [Update ARCore frame time=2023-04-12 18:02:47.464]
04-12 18:02:47.466   350   883 D ar_activity: [[2d end] stroke time=2023-04-12 18:02:47.466]
04-12 18:02:47.483   350   883 D ar_activity: [Update ARCore frame time=2023-04-12 18:02:47.483]
04-12 18:02:47.484   350   883 D ar_activity: [[2d end] stroke time=2023-04-12 18:02:47.484]
04-12 18:02:47.501   350   883 D ar_activity: [Update ARCore frame time=2023-04-12 18:02:47.501]
04-12 18:02:47.503   350   883 D ar_activity: [[2d end] stroke time=2023-04-12 18:02:47.503]
04-12 18:02:47.520   350   883 D ar_activity: [Update ARCore frame time=2023-04-12 18:02:47.520]
04-12 18:02:47.522   350   883 D ar_activity: [[2d end] stroke time=2023-04-12 18:02:47.522]
04-12 18:02:47.539   350   883 D ar_activity: [Update ARCore frame time=2023-04-12 18:02:47.539]
04-12 18:02:47.546   350   883 D ar_activity: [[2d end] stroke time=2023-04-12 18:02:47.545]
04-12 18:02:47.563   350   883 D ar_activity: [Update ARCore frame time=2023-04-12 18:02:47.563]
04-12 18:02:47.566   350   883 D ar_activity: [[2d end] stroke time=2023-04-12 18:02:47.565]
04-12 18:02:47.583   350   883 D ar_activity: [Update ARCore frame time=2023-04-12 18:02:47.583]
04-12 18:02:47.584   350   883 D ar_activity: [[2d end] stroke time=2023-04-12 18:02:47.584]
04-12 18:02:47.601   350   883 D ar_activity: [Update ARCore frame time=2023-04-12 18:02:47.601]
04-12 18:02:47.605   350   883 D ar_activity: [[2d end] stroke time=2023-04-12 18:02:47.605]
04-12 18:02:47.622   350   883 D ar_activity: [Update ARCore frame time=2023-04-12 18:02:47.622]
04-12 18:02:47.625   350   883 D ar_activity: [[2d end] stroke time=2023-04-12 18:02:47.624]
04-12 18:02:47.642   350   883 D ar_activity: [Update ARCore frame time=2023-04-12 18:02:47.642]
04-12 18:02:47.644   350   883 D ar_activity: [[2d end] stroke time=2023-04-12 18:02:47.644]
04-12 18:02:47.663   350   883 D ar_activity: [Update ARCore frame time=2023-04-12 18:02:47.662]
04-12 18:02:47.672   350   883 D ar_activity: [[2d end] stroke time=2023-04-12 18:02:47.671]
04-12 18:02:47.691   350   883 D ar_activity: [Update ARCore frame time=2023-04-12 18:02:47.691]
04-12 18:02:47.699   350   883 D ar_activity: [[2d end] stroke time=2023-04-12 18:02:47.698]
04-12 18:02:47.717   350   883 D ar_activity: [Update ARCore frame time=2023-04-12 18:02:47.717]
04-12 18:02:47.720   350   883 D ar_activity: [[2d end] stroke time=2023-04-12 18:02:47.719]
04-12 18:02:47.738   350   883 D ar_activity: [Update ARCore frame time=2023-04-12 18:02:47.736]
04-12 18:02:47.745   350   883 D ar_activity: [[2d end] stroke time=2023-04-12 18:02:47.744]
04-12 18:02:47.765   350   883 D ar_activity: [Update ARCore frame time=2023-04-12 18:02:47.764]
04-12 18:02:47.767   350   883 D ar_activity: [[2d end] stroke time=2023-04-12 18:02:47.766]
04-12 18:02:47.784   350   883 D ar_activity: [Update ARCore frame time=2023-04-12 18:02:47.784]
04-12 18:02:47.786   350   883 D ar_activity: [[2d end] stroke time=2023-04-12 18:02:47.786]
04-12 18:02:47.803   350   883 D ar_activity: [Update ARCore frame time=2023-04-12 18:02:47.802]
04-12 18:02:47.807   350   883 D ar_activity: [[2d end] stroke time=2023-04-12 18:02:47.807]
04-12 18:02:47.825   350   883 D ar_activity: [Update ARCore frame time=2023-04-12 18:02:47.825]
04-12 18:02:47.831   350   883 D ar_activity: [[2d end] stroke time=2023-04-12 18:02:47.830]
04-12 18:02:47.848   350   883 D ar_activity: [Update ARCore frame time=2023-04-12 18:02:47.848]
04-12 18:02:47.850   350   883 D ar_activity: [[2d end] stroke time=2023-04-12 18:02:47.850]
04-12 18:02:47.868   350   883 D ar_activity: [Update ARCore frame time=2023-04-12 18:02:47.867]
04-12 18:02:47.873   350   883 D ar_activity: [[2d end] stroke time=2023-04-12 18:02:47.872]
04-12 18:02:47.891   350   883 D ar_activity: [Update ARCore frame time=2023-04-12 18:02:47.890]
04-12 18:02:47.893   350   883 D ar_activity: [[2d end] stroke time=2023-04-12 18:02:47.892]
04-12 18:02:47.909   350   883 D ar_activity: [Update ARCore frame time=2023-04-12 18:02:47.909]
04-12 18:02:47.911   350   883 D ar_activity: [[2d end] stroke time=2023-04-12 18:02:47.911]
04-12 18:02:47.931   350   883 D ar_activity: [Update ARCore frame time=2023-04-12 18:02:47.930]
04-12 18:02:47.933   350   883 D ar_activity: [[2d end] stroke time=2023-04-12 18:02:47.933]
04-12 18:02:47.951   350   883 D ar_activity: [Update ARCore frame time=2023-04-12 18:02:47.950]
04-12 18:02:47.953   350   883 D ar_activity: [[2d end] stroke time=2023-04-12 18:02:47.952]
04-12 18:02:47.970   350   883 D ar_activity: [Update ARCore frame time=2023-04-12 18:02:47.969]
04-12 18:02:47.972   350   883 D ar_activity: [[2d end] stroke time=2023-04-12 18:02:47.972]
04-12 18:02:47.989   350   883 D ar_activity: [Update ARCore frame time=2023-04-12 18:02:47.989]
04-12 18:02:47.991   350   883 D ar_activity: [[2d end] stroke time=2023-04-12 18:02:47.991]
04-12 18:02:48.010   350   883 D ar_activity: [Update ARCore frame time=2023-04-12 18:02:48.009]
04-12 18:02:48.012   350   883 D ar_activity: [[2d end] stroke time=2023-04-12 18:02:48.012]
04-12 18:02:48.031   350   883 D ar_activity: [Update ARCore frame time=2023-04-12 18:02:48.030]
04-12 18:02:48.035   350   883 D ar_activity: [[2d end] stroke time=2023-04-12 18:02:48.034]
04-12 18:02:48.051   350   883 D ar_activity: [Update ARCore frame time=2023-04-12 18:02:48.051]
04-12 18:02:48.053   350   883 D ar_activity: [[2d end] stroke time=2023-04-12 18:02:48.053]
04-12 18:02:48.070   350   883 D ar_activity: [Update ARCore frame time=2023-04-12 18:02:48.070]
04-12 18:02:48.072   350   883 D ar_activity: [[2d end] stroke time=2023-04-12 18:02:48.072]
04-12 18:02:48.090   350   883 D ar_activity: [Update ARCore frame time=2023-04-12 18:02:48.089]
04-12 18:02:48.097   350   883 D ar_activity: [[2d end] stroke time=2023-04-12 18:02:48.097]
04-12 18:02:48.117   350   883 D ar_activity: [Update ARCore frame time=2023-04-12 18:02:48.116]
04-12 18:02:48.119   350   883 D ar_activity: [[2d end] stroke time=2023-04-12 18:02:48.118]
04-12 18:02:48.136   350   883 D ar_activity: [Update ARCore frame time=2023-04-12 18:02:48.135]
04-12 18:02:48.138   350   883 D ar_activity: [[2d end] stroke time=2023-04-12 18:02:48.138]
04-12 18:02:48.156   350   883 D ar_activity: [Update ARCore frame time=2023-04-12 18:02:48.156]
04-12 18:02:48.160   350   883 D ar_activity: [[2d end] stroke time=2023-04-12 18:02:48.160]
04-12 18:02:48.179   350   883 D ar_activity: [Update ARCore frame time=2023-04-12 18:02:48.179]
04-12 18:02:48.182   350   883 D ar_activity: [[2d end] stroke time=2023-04-12 18:02:48.181]
04-12 18:02:48.199   350   883 D ar_activity: [Update ARCore frame time=2023-04-12 18:02:48.198]
04-12 18:02:48.201   350   883 D ar_activity: [[2d end] stroke time=2023-04-12 18:02:48.201]
04-12 18:02:48.218   350   883 D ar_activity: [Update ARCore frame time=2023-04-12 18:02:48.217]
04-12 18:02:48.219   350   883 D ar_activity: [[2d end] stroke time=2023-04-12 18:02:48.219]
04-12 18:02:48.236   350   883 D ar_activity: [Update ARCore frame time=2023-04-12 18:02:48.236]
04-12 18:02:48.239   350   883 D ar_activity: [[2d end] stroke time=2023-04-12 18:02:48.238]
04-12 18:02:48.256   350   883 D ar_activity: [Update ARCore frame time=2023-04-12 18:02:48.255]
04-12 18:02:48.258   350   883 D ar_activity: [[2d end] stroke time=2023-04-12 18:02:48.258]
04-12 18:02:48.275   350   883 D ar_activity: [Update ARCore frame time=2023-04-12 18:02:48.275]
04-12 18:02:48.277   350   883 D ar_activity: [[2d end] stroke time=2023-04-12 18:02:48.277]
04-12 18:02:48.299   350   883 D ar_activity: [Update ARCore frame time=2023-04-12 18:02:48.299]
04-12 18:02:48.301   350   883 D ar_activity: [[2d end] stroke time=2023-04-12 18:02:48.301]
04-12 18:02:48.319   350   883 D ar_activity: [Update ARCore frame time=2023-04-12 18:02:48.318]
04-12 18:02:48.321   350   883 D ar_activity: [[2d end] stroke time=2023-04-12 18:02:48.321]
04-12 18:02:48.339   350   883 D ar_activity: [Update ARCore frame time=2023-04-12 18:02:48.339]
04-12 18:02:48.342   350   883 D ar_activity: [[2d end] stroke time=2023-04-12 18:02:48.340]
04-12 18:02:48.359   350   883 D ar_activity: [Update ARCore frame time=2023-04-12 18:02:48.358]
04-12 18:02:48.361   350   883 D ar_activity: [[2d end] stroke time=2023-04-12 18:02:48.361]
04-12 18:02:48.372   350   350 D ar_activity: [--- pair start --- time=2023-04-12 18:02:48.372]
04-12 18:02:48.372   350   350 D ar_activity: [--- pair session start --- time=2023-04-12 18:02:48.372]
04-12 18:02:48.382   350   883 D ar_activity: [Update ARCore frame time=2023-04-12 18:02:48.381]
04-12 18:02:48.386   350   883 D ar_activity: [[2d end] stroke time=2023-04-12 18:02:48.385]
04-12 18:02:48.401   350   350 D ar_activity: [create room: Message{namespace='', type='', content=[34 bytes]} time=2023-04-12 18:02:48.401]
04-12 18:02:48.403   350   883 D ar_activity: [Update ARCore frame time=2023-04-12 18:02:48.403]
04-12 18:02:48.409   350   883 D ar_activity: [[2d end] stroke time=2023-04-12 18:02:48.407]
04-12 18:02:48.413   350   350 D ar_activity: LOOKING: 2023-04-12 18:02:48.413
04-12 18:02:48.427   350   883 D ar_activity: [Update ARCore frame time=2023-04-12 18:02:48.427]
04-12 18:02:48.432   350   883 D ar_activity: [[2d end] stroke time=2023-04-12 18:02:48.431]
04-12 18:02:48.449   350   883 D ar_activity: [Update ARCore frame time=2023-04-12 18:02:48.449]
04-12 18:02:48.451   350   883 D ar_activity: [[2d end] stroke time=2023-04-12 18:02:48.451]
04-12 18:02:48.469   350   883 D ar_activity: [Update ARCore frame time=2023-04-12 18:02:48.468]
04-12 18:02:48.474   350   883 D ar_activity: [[2d end] stroke time=2023-04-12 18:02:48.473]
04-12 18:02:48.493   350   883 D ar_activity: [Update ARCore frame time=2023-04-12 18:02:48.492]
04-12 18:02:48.498   350   883 D ar_activity: [[2d end] stroke time=2023-04-12 18:02:48.495]
04-12 18:02:48.516   350   883 D ar_activity: [Update ARCore frame time=2023-04-12 18:02:48.515]
04-12 18:02:48.519   350   883 D ar_activity: [[2d end] stroke time=2023-04-12 18:02:48.518]
04-12 18:02:48.536   350   883 D ar_activity: [Update ARCore frame time=2023-04-12 18:02:48.536]
04-12 18:02:48.548   350   883 D ar_activity: [[2d end] stroke time=2023-04-12 18:02:48.548]
04-12 18:02:48.570   350   883 D ar_activity: [Update ARCore frame time=2023-04-12 18:02:48.569]
04-12 18:02:48.576   350   883 D ar_activity: [[2d end] stroke time=2023-04-12 18:02:48.575]
04-12 18:02:48.594   350   883 D ar_activity: [Update ARCore frame time=2023-04-12 18:02:48.593]
04-12 18:02:48.603   350   883 D ar_activity: [[2d end] stroke time=2023-04-12 18:02:48.602]
04-12 18:02:48.626   350   883 D ar_activity: [Update ARCore frame time=2023-04-12 18:02:48.625]
04-12 18:02:48.629   350   883 D ar_activity: [[2d end] stroke time=2023-04-12 18:02:48.629]
04-12 18:02:48.650   350   883 D ar_activity: [Update ARCore frame time=2023-04-12 18:02:48.649]
04-12 18:02:48.654   350   883 D ar_activity: [[2d end] stroke time=2023-04-12 18:02:48.653]
04-12 18:02:48.671   350   883 D ar_activity: [Update ARCore frame time=2023-04-12 18:02:48.671]
04-12 18:02:48.674   350   883 D ar_activity: [[2d end] stroke time=2023-04-12 18:02:48.674]
04-12 18:02:48.692   350   883 D ar_activity: [Update ARCore frame time=2023-04-12 18:02:48.692]
04-12 18:02:48.696   350   883 D ar_activity: [[2d end] stroke time=2023-04-12 18:02:48.696]
04-12 18:02:48.719   350   883 D ar_activity: [Update ARCore frame time=2023-04-12 18:02:48.718]
04-12 18:02:48.721   350   883 D ar_activity: [[2d end] stroke time=2023-04-12 18:02:48.721]
04-12 18:02:48.738   350   883 D ar_activity: [Update ARCore frame time=2023-04-12 18:02:48.738]
04-12 18:02:48.741   350   883 D ar_activity: [[2d end] stroke time=2023-04-12 18:02:48.741]
04-12 18:02:48.760   350   883 D ar_activity: [Update ARCore frame time=2023-04-12 18:02:48.760]
04-12 18:02:48.763   350   883 D ar_activity: [[2d end] stroke time=2023-04-12 18:02:48.763]
04-12 18:02:48.783   350   883 D ar_activity: [Update ARCore frame time=2023-04-12 18:02:48.782]
04-12 18:02:48.785   350   883 D ar_activity: [[2d end] stroke time=2023-04-12 18:02:48.784]
04-12 18:02:48.802   350   883 D ar_activity: [Update ARCore frame time=2023-04-12 18:02:48.801]
04-12 18:02:48.804   350   883 D ar_activity: [[2d end] stroke time=2023-04-12 18:02:48.804]
04-12 18:02:48.821   350   883 D ar_activity: [Update ARCore frame time=2023-04-12 18:02:48.821]
04-12 18:02:48.824   350   883 D ar_activity: [[2d end] stroke time=2023-04-12 18:02:48.823]
04-12 18:02:48.842   350   883 D ar_activity: [Update ARCore frame time=2023-04-12 18:02:48.841]
04-12 18:02:48.843   350   883 D ar_activity: [[2d end] stroke time=2023-04-12 18:02:48.843]
04-12 18:02:48.861   350   883 D ar_activity: [Update ARCore frame time=2023-04-12 18:02:48.861]
04-12 18:02:48.863   350   883 D ar_activity: [[2d end] stroke time=2023-04-12 18:02:48.862]
04-12 18:02:48.882   350   883 D ar_activity: [Update ARCore frame time=2023-04-12 18:02:48.882]
04-12 18:02:48.884   350   883 D ar_activity: [[2d end] stroke time=2023-04-12 18:02:48.884]
04-12 18:02:48.902   350   883 D ar_activity: [Update ARCore frame time=2023-04-12 18:02:48.901]
04-12 18:02:48.903   350   883 D ar_activity: [[2d end] stroke time=2023-04-12 18:02:48.903]
04-12 18:02:48.921   350   883 D ar_activity: [Update ARCore frame time=2023-04-12 18:02:48.920]
04-12 18:02:48.923   350   883 D ar_activity: [[2d end] stroke time=2023-04-12 18:02:48.923]
04-12 18:02:48.941   350   883 D ar_activity: [Update ARCore frame time=2023-04-12 18:02:48.941]
04-12 18:02:48.943   350   883 D ar_activity: [[2d end] stroke time=2023-04-12 18:02:48.942]
04-12 18:02:48.961   350   883 D ar_activity: [Update ARCore frame time=2023-04-12 18:02:48.961]
04-12 18:02:48.962   350   883 D ar_activity: [[2d end] stroke time=2023-04-12 18:02:48.962]
04-12 18:02:48.982   350   883 D ar_activity: [Update ARCore frame time=2023-04-12 18:02:48.982]
04-12 18:02:48.984   350   883 D ar_activity: [[2d end] stroke time=2023-04-12 18:02:48.984]
04-12 18:02:49.001   350   883 D ar_activity: [Update ARCore frame time=2023-04-12 18:02:49.001]
04-12 18:02:49.005   350   883 D ar_activity: [[2d end] stroke time=2023-04-12 18:02:49.005]
04-12 18:02:49.023   350   883 D ar_activity: [Update ARCore frame time=2023-04-12 18:02:49.022]
04-12 18:02:49.028   350   883 D ar_activity: [[2d end] stroke time=2023-04-12 18:02:49.028]
04-12 18:02:49.050   350   883 D ar_activity: [Update ARCore frame time=2023-04-12 18:02:49.049]
04-12 18:02:49.058   350   883 D ar_activity: [[2d end] stroke time=2023-04-12 18:02:49.057]
04-12 18:02:49.076   350   883 D ar_activity: [Update ARCore frame time=2023-04-12 18:02:49.076]
04-12 18:02:49.078   350   883 D ar_activity: [[2d end] stroke time=2023-04-12 18:02:49.078]
04-12 18:02:49.096   350   883 D ar_activity: [Update ARCore frame time=2023-04-12 18:02:49.095]
04-12 18:02:49.101   350   883 D ar_activity: [[2d end] stroke time=2023-04-12 18:02:49.101]
04-12 18:02:49.118   350   883 D ar_activity: [Update ARCore frame time=2023-04-12 18:02:49.118]
04-12 18:02:49.120   350   883 D ar_activity: [[2d end] stroke time=2023-04-12 18:02:49.120]
04-12 18:02:49.138   350   883 D ar_activity: [Update ARCore frame time=2023-04-12 18:02:49.137]
04-12 18:02:49.140   350   883 D ar_activity: [[2d end] stroke time=2023-04-12 18:02:49.140]
04-12 18:02:49.158   350   883 D ar_activity: [Update ARCore frame time=2023-04-12 18:02:49.158]
04-12 18:02:49.162   350   883 D ar_activity: [[2d end] stroke time=2023-04-12 18:02:49.161]
04-12 18:02:49.179   350   883 D ar_activity: [Update ARCore frame time=2023-04-12 18:02:49.179]
04-12 18:02:49.182   350   883 D ar_activity: [[2d end] stroke time=2023-04-12 18:02:49.182]
04-12 18:02:49.200   350   883 D ar_activity: [Update ARCore frame time=2023-04-12 18:02:49.200]
04-12 18:02:49.202   350   883 D ar_activity: [[2d end] stroke time=2023-04-12 18:02:49.202]
04-12 18:02:49.219   350   883 D ar_activity: [Update ARCore frame time=2023-04-12 18:02:49.219]
04-12 18:02:49.222   350   883 D ar_activity: [[2d end] stroke time=2023-04-12 18:02:49.221]
04-12 18:02:49.239   350   883 D ar_activity: [Update ARCore frame time=2023-04-12 18:02:49.238]
04-12 18:02:49.252   350   883 D ar_activity: [[2d end] stroke time=2023-04-12 18:02:49.243]
04-12 18:02:49.270   350   883 D ar_activity: [Update ARCore frame time=2023-04-12 18:02:49.270]
04-12 18:02:49.276   350   883 D ar_activity: [[2d end] stroke time=2023-04-12 18:02:49.275]
04-12 18:02:49.300   350   883 D ar_activity: [Update ARCore frame time=2023-04-12 18:02:49.299]
04-12 18:02:49.302   350   883 D ar_activity: [[2d end] stroke time=2023-04-12 18:02:49.302]
04-12 18:02:49.320   350   883 D ar_activity: [Update ARCore frame time=2023-04-12 18:02:49.320]
04-12 18:02:49.322   350   883 D ar_activity: [[2d end] stroke time=2023-04-12 18:02:49.322]
04-12 18:02:49.339   350   883 D ar_activity: [Update ARCore frame time=2023-04-12 18:02:49.339]
04-12 18:02:49.341   350   883 D ar_activity: [[2d end] stroke time=2023-04-12 18:02:49.341]
04-12 18:02:49.359   350   883 D ar_activity: [Update ARCore frame time=2023-04-12 18:02:49.359]
04-12 18:02:49.369   350   883 D ar_activity: [[2d end] stroke time=2023-04-12 18:02:49.365]
04-12 18:02:49.388   350   883 D ar_activity: [Update ARCore frame time=2023-04-12 18:02:49.388]
04-12 18:02:49.390   350   883 D ar_activity: [[2d end] stroke time=2023-04-12 18:02:49.390]
04-12 18:02:49.409   350   883 D ar_activity: [Update ARCore frame time=2023-04-12 18:02:49.408]
04-12 18:02:49.412   350   883 D ar_activity: [[2d end] stroke time=2023-04-12 18:02:49.412]
04-12 18:02:49.433   350   883 D ar_activity: [Update ARCore frame time=2023-04-12 18:02:49.433]
04-12 18:02:49.436   350   883 D ar_activity: [[2d end] stroke time=2023-04-12 18:02:49.436]
04-12 18:02:49.456   350   883 D ar_activity: [Update ARCore frame time=2023-04-12 18:02:49.455]
04-12 18:02:49.458   350   883 D ar_activity: [[2d end] stroke time=2023-04-12 18:02:49.458]
04-12 18:02:49.475   350   883 D ar_activity: [Update ARCore frame time=2023-04-12 18:02:49.475]
04-12 18:02:49.478   350   883 D ar_activity: [[2d end] stroke time=2023-04-12 18:02:49.478]
04-12 18:02:49.503   350   883 D ar_activity: [Update ARCore frame time=2023-04-12 18:02:49.496]
04-12 18:02:49.535   350   883 D ar_activity: [[2d end] stroke time=2023-04-12 18:02:49.534]
04-12 18:02:49.561   350   883 D ar_activity: [Update ARCore frame time=2023-04-12 18:02:49.558]
04-12 18:02:49.572   350   883 D ar_activity: [[2d end] stroke time=2023-04-12 18:02:49.571]
04-12 18:02:49.590   350   883 D ar_activity: [Update ARCore frame time=2023-04-12 18:02:49.590]
04-12 18:02:49.597   350   883 D ar_activity: [[2d end] stroke time=2023-04-12 18:02:49.597]
04-12 18:02:49.618   350   883 D ar_activity: [Update ARCore frame time=2023-04-12 18:02:49.618]
04-12 18:02:49.620   350   883 D ar_activity: [[2d end] stroke time=2023-04-12 18:02:49.620]
04-12 18:02:49.637   350   883 D ar_activity: [Update ARCore frame time=2023-04-12 18:02:49.637]
04-12 18:02:49.639   350   883 D ar_activity: [[2d end] stroke time=2023-04-12 18:02:49.639]
04-12 18:02:49.659   350   883 D ar_activity: [Update ARCore frame time=2023-04-12 18:02:49.658]
04-12 18:02:49.661   350   883 D ar_activity: [[2d end] stroke time=2023-04-12 18:02:49.661]
04-12 18:02:49.678   350   883 D ar_activity: [Update ARCore frame time=2023-04-12 18:02:49.678]
04-12 18:02:49.680   350   883 D ar_activity: [[2d end] stroke time=2023-04-12 18:02:49.680]
04-12 18:02:49.700   350   883 D ar_activity: [Update ARCore frame time=2023-04-12 18:02:49.699]
04-12 18:02:49.703   350   883 D ar_activity: [[2d end] stroke time=2023-04-12 18:02:49.702]
04-12 18:02:49.720   350   883 D ar_activity: [Update ARCore frame time=2023-04-12 18:02:49.719]
04-12 18:02:49.722   350   883 D ar_activity: [[2d end] stroke time=2023-04-12 18:02:49.721]
04-12 18:02:49.739   350   883 D ar_activity: [Update ARCore frame time=2023-04-12 18:02:49.739]
04-12 18:02:49.743   350   883 D ar_activity: [[2d end] stroke time=2023-04-12 18:02:49.743]
04-12 18:02:49.761   350   883 D ar_activity: [Update ARCore frame time=2023-04-12 18:02:49.761]
04-12 18:02:49.763   350   883 D ar_activity: [[2d end] stroke time=2023-04-12 18:02:49.763]
04-12 18:02:49.780   350   883 D ar_activity: [Update ARCore frame time=2023-04-12 18:02:49.780]
04-12 18:02:49.782   350   883 D ar_activity: [[2d end] stroke time=2023-04-12 18:02:49.782]
04-12 18:02:49.801   350   883 D ar_activity: [Update ARCore frame time=2023-04-12 18:02:49.800]
04-12 18:02:49.807   350   883 D ar_activity: [[2d end] stroke time=2023-04-12 18:02:49.807]
04-12 18:02:49.826   350   883 D ar_activity: [Update ARCore frame time=2023-04-12 18:02:49.826]
04-12 18:02:49.829   350   883 D ar_activity: [[2d end] stroke time=2023-04-12 18:02:49.828]
04-12 18:02:49.846   350   883 D ar_activity: [Update ARCore frame time=2023-04-12 18:02:49.846]
04-12 18:02:49.848   350   883 D ar_activity: [[2d end] stroke time=2023-04-12 18:02:49.847]
04-12 18:02:49.867   350   883 D ar_activity: [Update ARCore frame time=2023-04-12 18:02:49.865]
04-12 18:02:49.871   350   883 D ar_activity: [[2d end] stroke time=2023-04-12 18:02:49.870]
04-12 18:02:49.888   350   883 D ar_activity: [Update ARCore frame time=2023-04-12 18:02:49.888]
04-12 18:02:49.890   350   883 D ar_activity: [[2d end] stroke time=2023-04-12 18:02:49.890]
04-12 18:02:49.907   350   883 D ar_activity: [Update ARCore frame time=2023-04-12 18:02:49.907]
04-12 18:02:49.910   350   883 D ar_activity: [[2d end] stroke time=2023-04-12 18:02:49.909]
04-12 18:02:49.927   350   883 D ar_activity: [Update ARCore frame time=2023-04-12 18:02:49.927]
04-12 18:02:49.930   350   883 D ar_activity: [[2d end] stroke time=2023-04-12 18:02:49.929]
04-12 18:02:49.949   350   883 D ar_activity: [Update ARCore frame time=2023-04-12 18:02:49.949]
04-12 18:02:49.954   350   883 D ar_activity: [[2d end] stroke time=2023-04-12 18:02:49.953]
04-12 18:02:49.971   350   883 D ar_activity: [Update ARCore frame time=2023-04-12 18:02:49.971]
04-12 18:02:49.974   350   883 D ar_activity: [[2d end] stroke time=2023-04-12 18:02:49.973]
04-12 18:02:49.991   350   883 D ar_activity: [Update ARCore frame time=2023-04-12 18:02:49.990]
04-12 18:02:49.994   350   883 D ar_activity: [[2d end] stroke time=2023-04-12 18:02:49.994]
04-12 18:02:50.014   350   883 D ar_activity: [Update ARCore frame time=2023-04-12 18:02:50.013]
04-12 18:02:50.017   350   883 D ar_activity: [[2d end] stroke time=2023-04-12 18:02:50.016]
04-12 18:02:50.037   350   883 D ar_activity: [Update ARCore frame time=2023-04-12 18:02:50.034]
04-12 18:02:50.041   350   883 D ar_activity: [[2d end] stroke time=2023-04-12 18:02:50.040]
04-12 18:02:50.062   350   883 D ar_activity: [Update ARCore frame time=2023-04-12 18:02:50.062]
04-12 18:02:50.065   350   883 D ar_activity: [[2d end] stroke time=2023-04-12 18:02:50.065]
04-12 18:02:50.085   350   883 D ar_activity: [Update ARCore frame time=2023-04-12 18:02:50.085]
04-12 18:02:50.087   350   883 D ar_activity: [[2d end] stroke time=2023-04-12 18:02:50.087]
04-12 18:02:50.105   350   883 D ar_activity: [Update ARCore frame time=2023-04-12 18:02:50.104]
04-12 18:02:50.109   350   883 D ar_activity: [[2d end] stroke time=2023-04-12 18:02:50.109]
04-12 18:02:50.132   350   883 D ar_activity: [Update ARCore frame time=2023-04-12 18:02:50.131]
04-12 18:02:50.138   350   883 D ar_activity: [[2d end] stroke time=2023-04-12 18:02:50.138]
04-12 18:02:50.156   350   883 D ar_activity: [Update ARCore frame time=2023-04-12 18:02:50.156]
04-12 18:02:50.158   350   883 D ar_activity: [[2d end] stroke time=2023-04-12 18:02:50.158]
04-12 18:02:50.175   350   883 D ar_activity: [Update ARCore frame time=2023-04-12 18:02:50.175]
04-12 18:02:50.177   350   883 D ar_activity: [[2d end] stroke time=2023-04-12 18:02:50.177]
04-12 18:02:50.195   350   883 D ar_activity: [Update ARCore frame time=2023-04-12 18:02:50.194]
04-12 18:02:50.200   350   883 D ar_activity: [[2d end] stroke time=2023-04-12 18:02:50.199]
04-12 18:02:50.219   350   883 D ar_activity: [Update ARCore frame time=2023-04-12 18:02:50.219]
04-12 18:02:50.222   350   883 D ar_activity: [[2d end] stroke time=2023-04-12 18:02:50.221]
04-12 18:02:50.239   350   883 D ar_activity: [Update ARCore frame time=2023-04-12 18:02:50.239]
04-12 18:02:50.243   350   883 D ar_activity: [[2d end] stroke time=2023-04-12 18:02:50.243]
04-12 18:02:50.262   350   883 D ar_activity: [Update ARCore frame time=2023-04-12 18:02:50.262]
04-12 18:02:50.264   350   883 D ar_activity: [[2d end] stroke time=2023-04-12 18:02:50.264]
04-12 18:02:50.283   350   883 D ar_activity: [Update ARCore frame time=2023-04-12 18:02:50.283]
04-12 18:02:50.285   350   883 D ar_activity: [[2d end] stroke time=2023-04-12 18:02:50.285]
04-12 18:02:50.303   350   883 D ar_activity: [Update ARCore frame time=2023-04-12 18:02:50.303]
04-12 18:02:50.306   350   883 D ar_activity: [[2d end] stroke time=2023-04-12 18:02:50.305]
04-12 18:02:50.323   350   883 D ar_activity: [Update ARCore frame time=2023-04-12 18:02:50.323]
04-12 18:02:50.325   350   883 D ar_activity: [[2d end] stroke time=2023-04-12 18:02:50.325]
04-12 18:02:50.344   350   883 D ar_activity: [Update ARCore frame time=2023-04-12 18:02:50.344]
04-12 18:02:50.346   350   883 D ar_activity: [[2d end] stroke time=2023-04-12 18:02:50.346]
04-12 18:02:50.363   350   883 D ar_activity: [Update ARCore frame time=2023-04-12 18:02:50.363]
04-12 18:02:50.366   350   883 D ar_activity: [[2d end] stroke time=2023-04-12 18:02:50.366]
04-12 18:02:50.385   350   883 D ar_activity: [Update ARCore frame time=2023-04-12 18:02:50.385]
04-12 18:02:50.388   350   883 D ar_activity: [[2d end] stroke time=2023-04-12 18:02:50.387]
04-12 18:02:50.405   350   883 D ar_activity: [Update ARCore frame time=2023-04-12 18:02:50.404]
04-12 18:02:50.410   350   883 D ar_activity: [[2d end] stroke time=2023-04-12 18:02:50.408]
04-12 18:02:50.429   350   883 D ar_activity: [Update ARCore frame time=2023-04-12 18:02:50.428]
04-12 18:02:50.436   350   883 D ar_activity: [[2d end] stroke time=2023-04-12 18:02:50.434]
04-12 18:02:50.458   350   883 D ar_activity: [Update ARCore frame time=2023-04-12 18:02:50.458]
04-12 18:02:50.460   350   883 D ar_activity: [[2d end] stroke time=2023-04-12 18:02:50.460]
04-12 18:02:50.477   350   883 D ar_activity: [Update ARCore frame time=2023-04-12 18:02:50.477]
04-12 18:02:50.487   350   883 D ar_activity: [[2d end] stroke time=2023-04-12 18:02:50.486]
04-12 18:02:50.500   350   350 D ar_activity: [joinRoom: -NSrUWeKmBSraXCBlOYh time=2023-04-12 18:02:50.498]
04-12 18:02:50.506   350   883 D ar_activity: [Update ARCore frame time=2023-04-12 18:02:50.505]
04-12 18:02:50.519   350   883 D ar_activity: [[2d end] stroke time=2023-04-12 18:02:50.519]
04-12 18:02:50.540   350   883 D ar_activity: [Update ARCore frame time=2023-04-12 18:02:50.539]
04-12 18:02:50.545   350   883 D ar_activity: [[2d end] stroke time=2023-04-12 18:02:50.545]
04-12 18:02:50.565   350   883 D ar_activity: [Update ARCore frame time=2023-04-12 18:02:50.564]
04-12 18:02:50.572   350   883 D ar_activity: [[2d end] stroke time=2023-04-12 18:02:50.571]
04-12 18:02:50.589   350   883 D ar_activity: [Update ARCore frame time=2023-04-12 18:02:50.589]
04-12 18:02:50.596   350   883 D ar_activity: [[2d end] stroke time=2023-04-12 18:02:50.595]
04-12 18:02:50.614   350   883 D ar_activity: [Update ARCore frame time=2023-04-12 18:02:50.613]
04-12 18:02:50.620   350   883 D ar_activity: [[2d end] stroke time=2023-04-12 18:02:50.619]
04-12 18:02:50.637   350   883 D ar_activity: [Update ARCore frame time=2023-04-12 18:02:50.637]
04-12 18:02:50.643   350   883 D ar_activity: [[2d end] stroke time=2023-04-12 18:02:50.642]
04-12 18:02:50.663   350   883 D ar_activity: [Update ARCore frame time=2023-04-12 18:02:50.662]
04-12 18:02:50.665   350   883 D ar_activity: [[2d end] stroke time=2023-04-12 18:02:50.664]
04-12 18:02:50.682   350   883 D ar_activity: [Update ARCore frame time=2023-04-12 18:02:50.682]
04-12 18:02:50.690   350   350 D ar_activity: [--- pair joined --- time=2023-04-12 18:02:50.689]
04-12 18:02:50.691   350   883 D ar_activity: [[2d end] stroke time=2023-04-12 18:02:50.691]
04-12 18:02:50.698   350   350 D ar_activity: PARTNER FOUND: 2023-04-12 18:02:50.697
04-12 18:02:50.709   350   883 D ar_activity: [Update ARCore frame time=2023-04-12 18:02:50.708]
04-12 18:02:50.711   350   883 D ar_activity: [[2d end] stroke time=2023-04-12 18:02:50.710]
04-12 18:02:50.730   350   883 D ar_activity: [Update ARCore frame time=2023-04-12 18:02:50.729]
04-12 18:02:50.738   350   883 D ar_activity: [[2d end] stroke time=2023-04-12 18:02:50.738]
04-12 18:02:50.756   350   883 D ar_activity: [Update ARCore frame time=2023-04-12 18:02:50.756]
04-12 18:02:50.759   350   883 D ar_activity: [[2d end] stroke time=2023-04-12 18:02:50.758]
04-12 18:02:50.776   350   883 D ar_activity: [Update ARCore frame time=2023-04-12 18:02:50.776]
04-12 18:02:50.779   350   883 D ar_activity: [[2d end] stroke time=2023-04-12 18:02:50.779]
04-12 18:02:50.797   350   883 D ar_activity: [Update ARCore frame time=2023-04-12 18:02:50.797]
04-12 18:02:50.800   350   883 D ar_activity: [[2d end] stroke time=2023-04-12 18:02:50.800]
04-12 18:02:50.821   350   883 D ar_activity: [Update ARCore frame time=2023-04-12 18:02:50.820]
04-12 18:02:50.823   350   883 D ar_activity: [[2d end] stroke time=2023-04-12 18:02:50.823]
04-12 18:02:50.840   350   883 D ar_activity: [Update ARCore frame time=2023-04-12 18:02:50.840]
04-12 18:02:50.846   350   883 D ar_activity: [[2d end] stroke time=2023-04-12 18:02:50.845]
04-12 18:02:50.865   350   883 D ar_activity: [Update ARCore frame time=2023-04-12 18:02:50.864]
04-12 18:02:50.867   350   883 D ar_activity: [[2d end] stroke time=2023-04-12 18:02:50.866]
04-12 18:02:50.887   350   883 D ar_activity: [Update ARCore frame time=2023-04-12 18:02:50.887]
04-12 18:02:50.889   350   883 D ar_activity: [[2d end] stroke time=2023-04-12 18:02:50.889]
04-12 18:02:50.906   350   883 D ar_activity: [Update ARCore frame time=2023-04-12 18:02:50.906]
04-12 18:02:50.909   350   883 D ar_activity: [[2d end] stroke time=2023-04-12 18:02:50.908]
04-12 18:02:50.926   350   883 D ar_activity: [Update ARCore frame time=2023-04-12 18:02:50.926]
04-12 18:02:50.931   350   883 D ar_activity: [[2d end] stroke time=2023-04-12 18:02:50.931]
04-12 18:02:50.949   350   883 D ar_activity: [Update ARCore frame time=2023-04-12 18:02:50.948]
04-12 18:02:50.956   350   883 D ar_activity: [[2d end] stroke time=2023-04-12 18:02:50.956]
04-12 18:02:50.974   350   883 D ar_activity: [Update ARCore frame time=2023-04-12 18:02:50.974]
04-12 18:02:50.977   350   883 D ar_activity: [[2d end] stroke time=2023-04-12 18:02:50.976]
04-12 18:02:50.995   350   883 D ar_activity: [Update ARCore frame time=2023-04-12 18:02:50.995]
04-12 18:02:50.998   350   883 D ar_activity: [[2d end] stroke time=2023-04-12 18:02:50.997]
04-12 18:02:51.015   350   883 D ar_activity: [Update ARCore frame time=2023-04-12 18:02:51.015]
04-12 18:02:51.022   350   883 D ar_activity: [[2d end] stroke time=2023-04-12 18:02:51.022]
04-12 18:02:51.040   350   883 D ar_activity: [Update ARCore frame time=2023-04-12 18:02:51.040]
04-12 18:02:51.042   350   883 D ar_activity: [[2d end] stroke time=2023-04-12 18:02:51.042]
04-12 18:02:51.059   350   883 D ar_activity: [Update ARCore frame time=2023-04-12 18:02:51.059]
04-12 18:02:51.062   350   883 D ar_activity: [[2d end] stroke time=2023-04-12 18:02:51.062]
04-12 18:02:51.081   350   883 D ar_activity: [Update ARCore frame time=2023-04-12 18:02:51.081]
04-12 18:02:51.084   350   883 D ar_activity: [[2d end] stroke time=2023-04-12 18:02:51.084]
04-12 18:02:51.102   350   883 D ar_activity: [Update ARCore frame time=2023-04-12 18:02:51.102]
04-12 18:02:51.109   350   883 D ar_activity: [[2d end] stroke time=2023-04-12 18:02:51.109]
04-12 18:02:51.130   350   883 D ar_activity: [Update ARCore frame time=2023-04-12 18:02:51.129]
04-12 18:02:51.132   350   883 D ar_activity: [[2d end] stroke time=2023-04-12 18:02:51.131]
04-12 18:02:51.149   350   883 D ar_activity: [Update ARCore frame time=2023-04-12 18:02:51.149]
04-12 18:02:51.151   350   883 D ar_activity: [[2d end] stroke time=2023-04-12 18:02:51.151]
04-12 18:02:51.171   350   883 D ar_activity: [Update ARCore frame time=2023-04-12 18:02:51.168]
04-12 18:02:51.174   350   883 D ar_activity: [[2d end] stroke time=2023-04-12 18:02:51.174]
04-12 18:02:51.191   350   883 D ar_activity: [Update ARCore frame time=2023-04-12 18:02:51.191]
04-12 18:02:51.193   350   883 D ar_activity: [[2d end] stroke time=2023-04-12 18:02:51.193]
04-12 18:02:51.213   350   883 D ar_activity: [Update ARCore frame time=2023-04-12 18:02:51.213]
04-12 18:02:51.216   350   883 D ar_activity: [[2d end] stroke time=2023-04-12 18:02:51.215]
04-12 18:02:51.233   350   883 D ar_activity: [Update ARCore frame time=2023-04-12 18:02:51.233]
04-12 18:02:51.237   350   883 D ar_activity: [[2d end] stroke time=2023-04-12 18:02:51.237]
04-12 18:02:51.255   350   883 D ar_activity: [Update ARCore frame time=2023-04-12 18:02:51.255]
04-12 18:02:51.258   350   883 D ar_activity: [[2d end] stroke time=2023-04-12 18:02:51.258]
04-12 18:02:51.275   350   883 D ar_activity: [Update ARCore frame time=2023-04-12 18:02:51.275]
04-12 18:02:51.277   350   883 D ar_activity: [[2d end] stroke time=2023-04-12 18:02:51.277]
04-12 18:02:51.296   350   883 D ar_activity: [Update ARCore frame time=2023-04-12 18:02:51.295]
04-12 18:02:51.298   350   883 D ar_activity: [[2d end] stroke time=2023-04-12 18:02:51.298]
04-12 18:02:51.315   350   883 D ar_activity: [Update ARCore frame time=2023-04-12 18:02:51.315]
04-12 18:02:51.317   350   883 D ar_activity: [[2d end] stroke time=2023-04-12 18:02:51.317]
04-12 18:02:51.335   350   883 D ar_activity: [Update ARCore frame time=2023-04-12 18:02:51.334]
04-12 18:02:51.340   350   883 D ar_activity: [[2d end] stroke time=2023-04-12 18:02:51.340]
04-12 18:02:51.358   350   883 D ar_activity: [Update ARCore frame time=2023-04-12 18:02:51.358]
04-12 18:02:51.360   350   883 D ar_activity: [[2d end] stroke time=2023-04-12 18:02:51.360]
04-12 18:02:51.380   350   883 D ar_activity: [Update ARCore frame time=2023-04-12 18:02:51.380]
04-12 18:02:51.382   350   883 D ar_activity: [[2d end] stroke time=2023-04-12 18:02:51.382]
04-12 18:02:51.400   350   883 D ar_activity: [Update ARCore frame time=2023-04-12 18:02:51.399]
04-12 18:02:51.406   350   883 D ar_activity: [[2d end] stroke time=2023-04-12 18:02:51.405]
04-12 18:02:51.424   350   883 D ar_activity: [Update ARCore frame time=2023-04-12 18:02:51.423]
04-12 18:02:51.426   350   883 D ar_activity: [[2d end] stroke time=2023-04-12 18:02:51.426]
04-12 18:02:51.443   350   883 D ar_activity: [Update ARCore frame time=2023-04-12 18:02:51.443]
04-12 18:02:51.447   350   883 D ar_activity: [[2d end] stroke time=2023-04-12 18:02:51.446]
04-12 18:02:51.464   350   883 D ar_activity: [Update ARCore frame time=2023-04-12 18:02:51.464]
04-12 18:02:51.472   350   883 D ar_activity: [[2d end] stroke time=2023-04-12 18:02:51.472]
04-12 18:02:51.491   350   883 D ar_activity: [Update ARCore frame time=2023-04-12 18:02:51.490]
04-12 18:02:51.493   350   883 D ar_activity: [[2d end] stroke time=2023-04-12 18:02:51.493]
04-12 18:02:51.510   350   883 D ar_activity: [Update ARCore frame time=2023-04-12 18:02:51.510]
04-12 18:02:51.514   350   883 D ar_activity: [[2d end] stroke time=2023-04-12 18:02:51.514]
04-12 18:02:51.540   350   883 D ar_activity: [Update ARCore frame time=2023-04-12 18:02:51.540]
04-12 18:02:51.543   350   883 D ar_activity: [[2d end] stroke time=2023-04-12 18:02:51.543]
04-12 18:02:51.560   350   883 D ar_activity: [Update ARCore frame time=2023-04-12 18:02:51.560]
04-12 18:02:51.562   350   883 D ar_activity: [[2d end] stroke time=2023-04-12 18:02:51.562]
04-12 18:02:51.579   350   883 D ar_activity: [Update ARCore frame time=2023-04-12 18:02:51.579]
04-12 18:02:51.581   350   883 D ar_activity: [[2d end] stroke time=2023-04-12 18:02:51.581]
04-12 18:02:51.599   350   883 D ar_activity: [Update ARCore frame time=2023-04-12 18:02:51.598]
04-12 18:02:51.601   350   883 D ar_activity: [[2d end] stroke time=2023-04-12 18:02:51.600]
04-12 18:02:51.619   350   883 D ar_activity: [Update ARCore frame time=2023-04-12 18:02:51.618]
04-12 18:02:51.621   350   883 D ar_activity: [[2d end] stroke time=2023-04-12 18:02:51.621]
04-12 18:02:51.643   350   883 D ar_activity: [Update ARCore frame time=2023-04-12 18:02:51.639]
04-12 18:02:51.647   350   883 D ar_activity: [[2d end] stroke time=2023-04-12 18:02:51.646]
04-12 18:02:51.666   350   883 D ar_activity: [Update ARCore frame time=2023-04-12 18:02:51.666]
04-12 18:02:51.668   350   883 D ar_activity: [[2d end] stroke time=2023-04-12 18:02:51.667]
04-12 18:02:51.685   350   883 D ar_activity: [Update ARCore frame time=2023-04-12 18:02:51.685]
04-12 18:02:51.688   350   883 D ar_activity: [[2d end] stroke time=2023-04-12 18:02:51.687]
04-12 18:02:51.708   350   883 D ar_activity: [Update ARCore frame time=2023-04-12 18:02:51.705]
04-12 18:02:51.713   350   883 D ar_activity: [[2d end] stroke time=2023-04-12 18:02:51.713]
04-12 18:02:51.733   350   883 D ar_activity: [Update ARCore frame time=2023-04-12 18:02:51.732]
04-12 18:02:51.740   350   883 D ar_activity: [[2d end] stroke time=2023-04-12 18:02:51.740]
04-12 18:02:51.763   350   883 D ar_activity: [Update ARCore frame time=2023-04-12 18:02:51.760]
04-12 18:02:51.765   350   883 D ar_activity: [[2d end] stroke time=2023-04-12 18:02:51.764]
04-12 18:02:51.782   350   883 D ar_activity: [Update ARCore frame time=2023-04-12 18:02:51.782]
04-12 18:02:51.785   350   883 D ar_activity: [[2d end] stroke time=2023-04-12 18:02:51.784]
04-12 18:02:51.802   350   883 D ar_activity: [Update ARCore frame time=2023-04-12 18:02:51.802]
04-12 18:02:51.807   350   883 D ar_activity: [[2d end] stroke time=2023-04-12 18:02:51.807]
04-12 18:02:51.825   350   883 D ar_activity: [Update ARCore frame time=2023-04-12 18:02:51.824]
04-12 18:02:51.826   350   883 D ar_activity: [[2d end] stroke time=2023-04-12 18:02:51.826]
04-12 18:02:51.844   350   883 D ar_activity: [Update ARCore frame time=2023-04-12 18:02:51.844]
04-12 18:02:51.847   350   883 D ar_activity: [[2d end] stroke time=2023-04-12 18:02:51.846]
04-12 18:02:51.864   350   883 D ar_activity: [Update ARCore frame time=2023-04-12 18:02:51.863]
04-12 18:02:51.866   350   883 D ar_activity: [[2d end] stroke time=2023-04-12 18:02:51.866]
04-12 18:02:51.883   350   883 D ar_activity: [Update ARCore frame time=2023-04-12 18:02:51.883]
04-12 18:02:51.887   350   883 D ar_activity: [[2d end] stroke time=2023-04-12 18:02:51.887]
04-12 18:02:51.909   350   883 D ar_activity: [Update ARCore frame time=2023-04-12 18:02:51.905]
04-12 18:02:51.912   350   883 D ar_activity: [[2d end] stroke time=2023-04-12 18:02:51.912]
04-12 18:02:51.931   350   883 D ar_activity: [Update ARCore frame time=2023-04-12 18:02:51.930]
04-12 18:02:51.933   350   883 D ar_activity: [[2d end] stroke time=2023-04-12 18:02:51.933]
04-12 18:02:51.950   350   883 D ar_activity: [Update ARCore frame time=2023-04-12 18:02:51.950]
04-12 18:02:51.953   350   883 D ar_activity: [[2d end] stroke time=2023-04-12 18:02:51.952]
04-12 18:02:51.972   350   883 D ar_activity: [Update ARCore frame time=2023-04-12 18:02:51.971]
04-12 18:02:51.980   350   883 D ar_activity: [[2d end] stroke time=2023-04-12 18:02:51.979]
04-12 18:02:52.003   350   883 D ar_activity: [Update ARCore frame time=2023-04-12 18:02:52.003]
04-12 18:02:52.014   350   883 D ar_activity: [[2d end] stroke time=2023-04-12 18:02:52.011]
04-12 18:02:52.041   350   883 D ar_activity: [Update ARCore frame time=2023-04-12 18:02:52.039]
04-12 18:02:52.048   350   883 D ar_activity: [[2d end] stroke time=2023-04-12 18:02:52.047]
